02-08 19:23:30.984 25242 25297 I org.thaliproject.p2p.btconnectorlib.internal.bluetooth.le.BlePeerDiscoverer: startAdvertiser: Starting...
02-08 19:23:30.984 25242 25297 D org.thaliproject.p2p.btconnectorlib.internal.bluetooth.le.BlePeerDiscoverer: createAdvertiseData: createAdvertiseDataToServiceData 
02-08 19:23:30.984 25242 25297 I org.thaliproject.p2p.btconnectorlib.internal.bluetooth.le.PeerAdvertisementFactory: createAdvertiseDataToServiceData: Service UUID: "3bde2124-2767-4930-8ad2-05754401b590", Bluetooth MAC address: "BC:75:74:3A:BC:F8"
02-08 19:23:30.984 25242 25297 V org.thaliproject.p2p.btconnectorlib.internal.bluetooth.le.PeerAdvertisementFactory: createAdvertiseDataToServiceData: Service data (length is 7 bytes): 06 BC 75 74 3A BC F8
02-08 19:23:30.985 25242 25297 V org.thaliproject.p2p.btconnectorlib.internal.bluetooth.le.PeerAdvertisementFactory: createAdvertiseDataToServiceData: Created: AdvertiseData [mServiceUuids=[3bde2124-2767-4930-8ad2-05754401b590], mManufacturerSpecificData={}, mServiceData={3bde2124-2767-4930-8ad2-05754401b590=[6, -68, 117, 116, 58, -68, -8]}, mIncludeTxPowerLevel=false, mIncludeDeviceName=false]
02-08 19:23:30.985 25242 25297 I org.thaliproject.p2p.btconnectorlib.internal.bluetooth.le.BlePeerDiscoverer: createAdvertiseData: created AdvertiseData [mServiceUuids=[3bde2124-2767-4930-8ad2-05754401b590], mManufacturerSpecificData={}, mServiceData={3bde2124-2767-4930-8ad2-05754401b590=[6, -68, 117, 116, 58, -68, -8]}, mIncludeTxPowerLevel=false, mIncludeDeviceName=false]
02-08 19:23:30.985 25242 25297 D org.thaliproject.p2p.btconnectorlib.internal.bluetooth.le.BleAdvertiser: setAdvertiseData: Current thread: Thread[Thread-889,5,main], id: 889
02-08 19:23:30.985 25242 25297 D org.thaliproject.p2p.btconnectorlib.internal.bluetooth.le.BleAdvertiser: setAdvertiseData: AdvertiseData [mServiceUuids=[3bde2124-2767-4930-8ad2-05754401b590], mManufacturerSpecificData={}, mServiceData={3bde2124-2767-4930-8ad2-05754401b590=[6, -68, 117, 116, 58, -68, -8]}, mIncludeTxPowerLevel=false, mIncludeDeviceName=false]. Current thread: Thread[Thread-889,5,main], id: 889
02-08 19:23:30.985 25242 25297 D org.thaliproject.p2p.btconnectorlib.internal.bluetooth.le.BleAdvertiser: setAdvertiseData: was started = false
02-08 19:23:30.985 25242 25297 D org.thaliproject.p2p.btconnectorlib.internal.bluetooth.le.BleAdvertiser: setAdvertiseData: advertiseData = AdvertiseData [mServiceUuids=[3bde2124-2767-4930-8ad2-05754401b590], mManufacturerSpecificData={}, mServiceData={3bde2124-2767-4930-8ad2-05754401b590=[6, -68, 117, 116, 58, -68, -8]}, mIncludeTxPowerLevel=false, mIncludeDeviceName=false]
02-08 19:23:30.985 25242 25297 D org.thaliproject.p2p.btconnectorlib.internal.bluetooth.le.BleAdvertiser: setAdvertiseData finished: Current thread: Thread[Thread-889,5,main], id: 889
02-08 19:23:30.985 25242 25297 D org.thaliproject.p2p.btconnectorlib.internal.bluetooth.le.BleAdvertiser: start:  state = NOT_STARTEDCurrent thread: Thread[Thread-889,5,main], id: 889
02-08 19:23:30.985 25242 25297 I org.thaliproject.p2p.btconnectorlib.internal.bluetooth.le.BleAdvertiser: start: Starting... advertisement data = AdvertiseData [mServiceUuids=[3bde2124-2767-4930-8ad2-05754401b590], mManufacturerSpecificData={}, mServiceData={3bde2124-2767-4930-8ad2-05754401b590=[6, -68, 117, 116, 58, -68, -8]}, mIncludeTxPowerLevel=false, mIncludeDeviceName=false], Current thread: Thread[Thread-889,5,main], id: 889
02-08 19:23:30.986 25242 25297 D BluetoothAdapter: STATE_ON
02-08 19:23:30.988 11651 11702 D BtGatt.GattService: registerClient() - UUID=e36f5685-d22d-43dc-a647-2e48943dfdda
02-08 19:23:30.988 11651 11667 D BtGatt.GattService: onClientRegistered() - UUID=e36f5685-d22d-43dc-a647-2e48943dfdda, clientIf=6
02-08 19:23:30.989 25242 25253 D BluetoothLeAdvertiser: onClientRegistered() - status=0 clientIf=6
02-08 19:23:30.989 11651 11667 D BtGatt.GattService: onBatchScanStorageConfigured() - clientIf=5, status=0
02-08 19:23:30.989 11651 11667 D BtGatt.ScanManager: callback done for clientIf - 5 status - 0
02-08 19:23:30.990 11651 11669 D BtGatt.AdvertiseManager: message : 0
02-08 19:23:30.990 11651 11667 D BtGatt.GattService: onBatchScanStartStopped() - clientIf=5, status=0, startStopAction=1
02-08 19:23:30.990 11651 11667 D BtGatt.ScanManager: callback done for clientIf - 5 status - 0
02-08 19:23:30.993 11651 11669 D BtGatt.AdvertiseManager: starting multi advertising
02-08 19:23:30.995 11651 11667 D BtGatt.GattService: onAdvertiseInstanceEnabled() - clientIf=6, status=0
02-08 19:23:30.998 11651 11667 D BtGatt.GattService: onAdvertiseDataSet() - clientIf=6, status=0
02-08 19:23:30.999 25242 25297 I org.thaliproject.p2p.btconnectorlib.internal.bluetooth.le.BleAdvertiser: start: Started advertisment Current thread: Thread[Thread-889,5,main], id: 889
02-08 19:23:30.999 25242 25297 D org.thaliproject.p2p.btconnectorlib.internal.bluetooth.le.BleAdvertiser: setState: current  = NOT_STARTED, new = STARTINGCurrent thread: Thread[Thread-889,5,main], id: 889
02-08 19:23:30.999 25242 25297 D org.thaliproject.p2p.btconnectorlib.internal.bluetooth.le.BleAdvertiser: setState: State changed from NOT_STARTED to STARTING
02-08 19:23:30.999 25242 25297 D org.thaliproject.p2p.btconnectorlib.internal.bluetooth.le.BleAdvertiser: setState: onIsAdvertiserStartedChanged default (no call to listener). Current thread: Thread[Thread-889,5,main], id: 889
02-08 19:23:30.999 25242 25297 D org.thaliproject.p2p.btconnectorlib.internal.bluetooth.le.BleAdvertiser: setState: finished Current thread: Thread[Thread-889,5,main], id: 889
02-08 19:23:30.999 25242 25297 I org.thaliproject.p2p.btconnectorlib.internal.bluetooth.le.BleAdvertiser: start: return, state = STARTINGCurrent thread: Thread[Thread-889,5,main], id: 889
02-08 19:23:30.999 25242 25297 D org.thaliproject.p2p.btconnectorlib.internal.bluetooth.le.BleAdvertiser: start returned: Current thread: Thread[Thread-889,5,main], id: 889
02-08 19:23:30.999 25242 25297 D org.thaliproject.p2p.btconnectorlib.internal.bluetooth.le.BlePeerDiscoverer: startAdvertiser started = true Current thread: Thread[Thread-889,5,main], id: 889
02-08 19:23:30.999 25242 25297 D org.thaliproject.p2p.btconnectorlib.internal.bluetooth.le.BlePeerDiscoverer: startScannerAndAdvertiser: advertiser is started. Current thread: Thread[Thread-889,5,main], id: 889
02-08 19:23:30.999 25242 25297 D org.thaliproject.p2p.btconnectorlib.internal.bluetooth.le.BlePeerDiscoverer: startScanner: Current thread: Thread[Thread-889,5,main], id: 889
02-08 19:23:30.999 25242 25297 D org.thaliproject.p2p.btconnectorlib.internal.bluetooth.le.BleScanner: start: Current thread: Thread[Thread-889,5,main], id: 889
02-08 19:23:30.999 25242 25297 D org.thaliproject.p2p.btconnectorlib.internal.bluetooth.le.BleScanner: start: Already running
02-08 19:23:30.999 25242 25297 I org.thaliproject.p2p.btconnectorlib.internal.bluetooth.le.BlePeerDiscoverer: startScannerAndAdvertiser: adv = true, disc = true
02-08 19:23:30.999 25242 25297 D org.thaliproject.p2p.btconnectorlib.DiscoveryManager: startBlePeerDiscoverer: OK
02-08 19:23:31.001 25242 25297 I org.thaliproject.p2p.btconnectorlib.DiscoveryManager: start: OK
02-08 19:23:31.001 25242 25297 D org.thaliproject.p2p.btconnectorlib.DiscoveryManager: updateState: Current thread: Thread[Thread-889,5,main], id: 889
02-08 19:23:31.002 25242 25297 D org.thaliproject.p2p.btconnectorlib.DiscoveryManager: updateStateInternal Current thread: Thread[Thread-889,5,main], id: 889
02-08 19:23:31.002 25242 25297 D org.thaliproject.p2p.btconnectorlib.DiscoveryManager: updateStateInternal finished Current thread: Thread[Thread-889,5,main], id: 889
02-08 19:23:31.002 25242 25297 D org.thaliproject.p2p.btconnectorlib.DiscoveryManager: updateState finished Current thread: Thread[Thread-889,5,main], id: 889
02-08 19:23:31.003 25242 25297 I io.jxcore.node.ConnectionHelper: start: OK
02-08 19:23:31.003 25242 25242 V io.jxcore.node.StartStopOperation: isTargetState: Connectivity: RUNNING, discovery: RUNNING_BLE, is discovering: true, is advertising: false - Start operation: Should start/stop everything
02-08 19:23:31.003 25242 25242 D org.thaliproject.p2p.btconnectorlib.internal.bluetooth.le.BleAdvertiser: onStartSuccess : Current thread: Thread[main,5,main], id: 1
02-08 19:23:31.003 25242 25242 D org.thaliproject.p2p.btconnectorlib.internal.bluetooth.le.BleAdvertiser: setState: current  = STARTING, new = RUNNINGCurrent thread: Thread[main,5,main], id: 1
02-08 19:23:31.003 25242 25242 D org.thaliproject.p2p.btconnectorlib.internal.bluetooth.le.BleAdvertiser: setState: State changed from STARTING to RUNNING
02-08 19:23:31.003 25242 25242 D org.thaliproject.p2p.btconnectorlib.internal.bluetooth.le.BleAdvertiser: notifyAdvertiserStateChanged: started =  true. Current thread: Thread[main,5,main], id: 1
02-08 19:23:31.003 25242 25242 D org.thaliproject.p2p.btconnectorlib.internal.bluetooth.le.BleAdvertiser: setState: finished Current thread: Thread[main,5,main], id: 1
02-08 19:23:31.003 25242 25242 I org.thaliproject.p2p.btconnectorlib.internal.bluetooth.le.BlePeerDiscoverer: onIsAdvertiserStartedChanged: trueCurrent thread: Thread[main,5,main], id: 1
02-08 19:23:31.003 25242 25242 D org.thaliproject.p2p.btconnectorlib.internal.bluetooth.le.BlePeerDiscoverer: updateState : Current thread: Thread[main,5,main], id: 1
02-08 19:23:31.003 25242 25242 D org.thaliproject.p2p.btconnectorlib.internal.bluetooth.le.BlePeerDiscoverer: updateState: deducedStateSet: [SCANNING, ADVERTISING]
02-08 19:23:31.003 25242 25242 D org.thaliproject.p2p.btconnectorlib.internal.bluetooth.le.BlePeerDiscoverer: updateState: stateSet: [SCANNING]
02-08 19:23:31.003 25242 25242 D org.thaliproject.p2p.btconnectorlib.internal.bluetooth.le.BlePeerDiscoverer: Current thread: Thread[main,5,main], id: 1
02-08 19:23:31.003 25242 25242 D org.thaliproject.p2p.btconnectorlib.internal.bluetooth.le.BlePeerDiscoverer: updateState: State changed from [SCANNING] to [SCANNING, ADVERTISING]Current thread: Thread[main,5,main], id: 1
02-08 19:23:31.003 25242 25242 D org.thaliproject.p2p.btconnectorlib.internal.bluetooth.le.BlePeerDiscoverer: update state finished. Current thread: Thread[main,5,main], id: 1
02-08 19:23:31.003 25242 25242 I org.thaliproject.p2p.btconnectorlib.DiscoveryManager: onBlePeerDiscovererStateChanged: [SCANNING] -> [SCANNING, ADVERTISING] Current thread: Thread[main,5,main], id: 1
02-08 19:23:31.004 25242 25242 D org.thaliproject.p2p.btconnectorlib.DiscoveryManager: updateState: Current thread: Thread[main,5,main], id: 1
02-08 19:23:31.004 25242 25297 I jxcore-log: 2017-02-08 16:23:31 - DEBUG thaliWifiInfrastructure: 'listening 45784'
02-08 19:23:31.004 25242 25297 I jxcore-log: 
02-08 19:23:31.006 25242 25242 D org.thaliproject.p2p.btconnectorlib.DiscoveryManager: updateStateInternal Current thread: Thread[main,5,main], id: 1
02-08 19:23:31.006 25242 25242 D org.thaliproject.p2p.btconnectorlib.DiscoveryManager: updateState: State: RUNNING_BLE, is discovering: true, is advertising: true
02-08 19:23:31.006 25242 25242 D org.thaliproject.p2p.btconnectorlib.DiscoveryManager: updateStateInternal finished Current thread: Thread[main,5,main], id: 1
02-08 19:23:31.006 25242 25242 D org.thaliproject.p2p.btconnectorlib.DiscoveryManager: updateState finished Current thread: Thread[main,5,main], id: 1
02-08 19:23:31.006 25242 25242 I io.jxcore.node.ConnectionHelper: onDiscoveryManagerStateChanged: State: RUNNING_BLE, is discovering: true, is advertising: true
02-08 19:23:31.006 25242 25297 I jxcore-log: 2017-02-08 16:23:31 - INFO nodeSSDPServerLogger: '{ address: 'http://0.0.0.0:1900' } 'SSDP listening''
02-08 19:23:31.006 25242 25297 I jxcore-log: 
02-08 19:23:31.007 25242 25297 I jxcore-log: 2017-02-08 16:23:31 - INFO nodeSSDPServerLogger: 'UDP socket bound'
02-08 19:23:31.007 25242 25297 I jxcore-log: 
02-08 19:23:31.010 25242 25297 I jxcore-log: 2017-02-08 16:23:31 - INFO nodeSSDPServerLogger: 'Socket bound'
02-08 19:23:31.010 25242 25297 I jxcore-log: 
02-08 19:23:31.205 25105 25105 I Atfwd_Sendcmd: AtCmdFwd service not ready - Exhausted retry attempts - :6
02-08 19:23:31.205 25105 25105 I Atfwd_Daemon: result : -1 	 ,Init step :2 	 ,qmiErrorCode: 0
02-08 19:23:31.507 25242 25242 V io.jxcore.node.ConnectionHelper: Notifying discovery manager state change: is discovering: true, is advertising: true
02-08 19:23:31.507 25242 25242 V io.jxcore.node.StartStopOperation: isTargetState: Connectivity: RUNNING, discovery: RUNNING_BLE, is discovering: true, is advertising: true - Start operation: Should start/stop everything
02-08 19:23:31.507 25242 25242 D io.jxcore.node.StartStopOperationHandler: processCurrentOperationStatus: Operation successfully executed
02-08 19:23:31.515 25242 25297 I jxcore-log: 2017-02-08 16:23:31 - DEBUG thaliManager: 'starting thaliSendNotificationBasedOnReplication'
02-08 19:23:31.515 25242 25297 I jxcore-log: 
02-08 19:23:31.629 25242 25297 D io.jxcore.node.JXcoreExtension: startUpdateAdvertisingAndListening
02-08 19:23:31.631 25242 25297 I io.jxcore.node.ConnectionHelper: start: Port number: 37310, start advertisements: true
02-08 19:23:31.631 25242 25297 V io.jxcore.node.ConnectivityMonitor: start: Already started
02-08 19:23:31.632 25242 25297 I io.jxcore.node.StartStopOperationHandler: updateBeaconAdExtraInformation: New value: 7
02-08 19:23:31.632 25242 25297 I org.thaliproject.p2p.btconnectorlib.DiscoveryManagerSettings: setBeaconAdExtraInformation: 6 -> 7
02-08 19:23:31.632 25242 25297 I org.thaliproject.p2p.btconnectorlib.internal.AbstractBluetoothConnectivityAgent: clearIdentityString
02-08 19:23:31.634 25242 25297 I org.thaliproject.p2p.btconnectorlib.internal.AbstractBluetoothConnectivityAgent: verifyIdentityString: Identity string created: {"generation":7,"address":"BC:75:74:3A:BC:F8"}
02-08 19:23:31.634 25242 25297 D org.thaliproject.p2p.btconnectorlib.internal.bluetooth.BluetoothConnector: setIdentityString: {"generation":7,"address":"BC:75:74:3A:BC:F8"}
02-08 19:23:31.634 25242 25297 D org.thaliproject.p2p.btconnectorlib.DiscoveryManager: onAdvertiseScanSettingsChanged: Current thread: Thread[Thread-889,5,main], id: 889
02-08 19:23:31.634 25242 25297 I org.thaliproject.p2p.btconnectorlib.internal.bluetooth.le.BlePeerDiscoverer: applySettings:
02-08 19:23:31.634 25242 25297 I org.thaliproject.p2p.btconnectorlib.internal.bluetooth.le.BlePeerDiscoverer:     - Manufacturer ID: 61973
02-08 19:23:31.634 25242 25297 I org.thaliproject.p2p.btconnectorlib.internal.bluetooth.le.BlePeerDiscoverer:     - Beacon ad length and type: 533
02-08 19:23:31.634 25242 25297 I org.thaliproject.p2p.btconnectorlib.internal.bluetooth.le.BlePeerDiscoverer:     - Beacon ad extra information: 7
02-08 19:23:31.634 25242 25297 I org.thaliproject.p2p.btconnectorlib.internal.bluetooth.le.BlePeerDiscoverer:     - Advertisement data type: DO_NOT_CARE
02-08 19:23:31.634 25242 25297 I org.thaliproject.p2p.btconnectorlib.internal.bluetooth.le.BlePeerDiscoverer:     - Advertise mode: 2
02-08 19:23:31.634 25242 25297 I org.thaliproject.p2p.btconnectorlib.internal.bluetooth.le.BlePeerDiscoverer:     - Advertise TX power level: 3
02-08 19:23:31.634 25242 25297 I org.thaliproject.p2p.btconnectorlib.internal.bluetooth.le.BlePeerDiscoverer:     - Scan mode: 2
02-08 19:23:31.634 25242 25297 I org.thaliproject.p2p.btconnectorlib.internal.bluetooth.le.BlePeerDiscoverer:     - Scan report delay in milliseconds: 500
02-08 19:23:31.634 25242 25297 I org.thaliproject.p2p.btconnectorlib.internal.bluetooth.le.BlePeerDiscoverer:     - Current thread: Thread[Thread-889,5,main], id: 889
02-08 19:23:31.634 25242 25297 D org.thaliproject.p2p.btconnectorlib.internal.bluetooth.le.BlePeerDiscoverer: Beacon extra: 7
02-08 19:23:31.634 25242 25297 D org.thaliproject.p2p.btconnectorlib.internal.bluetooth.le.BlePeerDiscoverer: applySettings: advertiserWasStarted true Current thread: Thread[Thread-889,5,main], id: 889
02-08 19:23:31.634 25242 25297 D org.thaliproject.p2p.btconnectorlib.internal.bluetooth.le.BlePeerDiscoverer: applySettings: stop advertiser Current thread: Thread[Thread-889,5,main], id: 889
02-08 19:23:31.634 25242 25297 D org.thaliproject.p2p.btconnectorlib.internal.bluetooth.le.BleAdvertiser: stop. Current thread: Thread[Thread-889,5,main], id: 889
02-08 19:23:31.635 11651 11669 D BtGatt.AdvertiseManager: message : 1
02-08 19:23:31.637 11651 11669 D BtGatt.AdvertiseManager: stop advertise for client 6
02-08 19:23:31.640 11651 11667 D BtGatt.GattService: onAdvertiseInstanceDisabled() - clientIf=6, status=0
02-08 19:23:31.641 11651 11667 D BtGatt.GattService: Client app is not null!
02-08 19:23:31.642 11651 11662 D BtGatt.GattService: unregisterClient() - clientIf=6
02-08 19:23:31.643 25242 25297 D org.thaliproject.p2p.btconnectorlib.internal.bluetooth.le.BleAdvertiser: stop: Stopped
02-08 19:23:31.643 25242 25297 D org.thaliproject.p2p.btconnectorlib.internal.bluetooth.le.BleAdvertiser: setState: current  = RUNNING, new = NOT_STARTEDCurrent thread: Thread[Thread-889,5,main], id: 889
02-08 19:23:31.643 25242 25297 D org.thaliproject.p2p.btconnectorlib.internal.bluetooth.le.BleAdvertiser: setState: State changed from RUNNING to NOT_STARTED
02-08 19:23:31.643 25242 25297 D org.thaliproject.p2p.btconnectorlib.internal.bluetooth.le.BleAdvertiser: setState: finished Current thread: Thread[Thread-889,5,main], id: 889
02-08 19:23:31.643 25242 25297 D org.thaliproject.p2p.btconnectorlib.internal.bluetooth.le.BleAdvertiser: stop finished. Current thread: Thread[Thread-889,5,main], id: 889
02-08 19:23:31.643 25242 25297 D org.thaliproject.p2p.btconnectorlib.internal.bluetooth.le.BleAdvertiser: setAdvertiseSettings, Current thread: Thread[Thread-889,5,main], id: 889
02-08 19:23:31.643 25242 25297 I org.thaliproject.p2p.btconnectorlib.internal.bluetooth.le.BleAdvertiser: setAdvertiseSettings: Mode: 2, Tx power level: 3, timeout: 0, is connectable: false
02-08 19:23:31.643 25242 25297 D org.thaliproject.p2p.btconnectorlib.internal.bluetooth.le.BlePeerDiscoverer: applySettings: start advertiser Current thread: Thread[Thread-889,5,main], id: 889
02-08 19:23:31.644 25242 25297 D org.thaliproject.p2p.btconnectorlib.internal.bluetooth.le.BlePeerDiscoverer: startAdvertiser: Current thread: Thread[Thread-889,5,main], id: 889
02-08 19:23:31.644 25242 25297 D org.thaliproject.p2p.btconnectorlib.internal.bluetooth.le.BlePeerDiscoverer: stopPeerAddressHelperAdvertiser Current thread: Thread[Thread-889,5,main], id: 889
02-08 19:23:31.644 25242 25297 I org.thaliproject.p2p.btconnectorlib.internal.bluetooth.le.BlePeerDiscoverer: startAdvertiser: Starting...
02-08 19:23:31.644 25242 25297 D org.thaliproject.p2p.btconnectorlib.internal.bluetooth.le.BlePeerDiscoverer: createAdvertiseData: createAdvertiseDataToServiceData 
02-08 19:23:31.644 25242 25297 I org.thaliproject.p2p.btconnectorlib.internal.bluetooth.le.PeerAdvertisementFactory: createAdvertiseDataToServiceData: Service UUID: "3bde2124-2767-4930-8ad2-05754401b590", Bluetooth MAC address: "BC:75:74:3A:BC:F8"
02-08 19:23:31.644 25242 25297 V org.thaliproject.p2p.btconnectorlib.internal.bluetooth.le.PeerAdvertisementFactory: createAdvertiseDataToServiceData: Service data (length is 7 bytes): 07 BC 75 74 3A BC F8
02-08 19:23:31.644 25242 25297 V org.thaliproject.p2p.btconnectorlib.internal.bluetooth.le.PeerAdvertisementFactory: createAdvertiseDataToServiceData: Created: AdvertiseData [mServiceUuids=[3bde2124-2767-4930-8ad2-05754401b590], mManufacturerSpecificData={}, mServiceData={3bde2124-2767-4930-8ad2-05754401b590=[7, -68, 117, 116, 58, -68, -8]}, mIncludeTxPowerLevel=false, mIncludeDeviceName=false]
02-08 19:23:31.644 25242 25297 I org.thaliproject.p2p.btconnectorlib.internal.bluetooth.le.BlePeerDiscoverer: createAdvertiseData: created AdvertiseData [mServiceUuids=[3bde2124-2767-4930-8ad2-05754401b590], mManufacturerSpecificData={}, mServiceData={3bde2124-2767-4930-8ad2-05754401b590=[7, -68, 117, 116, 58, -68, -8]}, mIncludeTxPowerLevel=false, mIncludeDeviceName=false]
02-08 19:23:31.644 25242 25297 D org.thaliproject.p2p.btconnectorlib.internal.bluetooth.le.BleAdvertiser: setAdvertiseData: Current thread: Thread[Thread-889,5,main], id: 889
02-08 19:23:31.645 25242 25297 D org.thaliproject.p2p.btconnectorlib.internal.bluetooth.le.BleAdvertiser: setAdvertiseData: AdvertiseData [mServiceUuids=[3bde2124-2767-4930-8ad2-05754401b590], mManufacturerSpecificData={}, mServiceData={3bde2124-2767-4930-8ad2-05754401b590=[7, -68, 117, 116, 58, -68, -8]}, mIncludeTxPowerLevel=false, mIncludeDeviceName=false]. Current thread: Thread[Thread-889,5,main], id: 889
02-08 19:23:31.645 25242 25297 D org.thaliproject.p2p.btconnectorlib.internal.bluetooth.le.BleAdvertiser: setAdvertiseData: was started = false
02-08 19:23:31.645 25242 25297 D org.thaliproject.p2p.btconnectorlib.internal.bluetooth.le.BleAdvertiser: setAdvertiseData: advertiseData = AdvertiseData [mServiceUuids=[3bde2124-2767-4930-8ad2-05754401b590], mManufacturerSpecificData={}, mServiceData={3bde2124-2767-4930-8ad2-05754401b590=[7, -68, 117, 116, 58, -68, -8]}, mIncludeTxPowerLevel=false, mIncludeDeviceName=false]
02-08 19:23:31.645 25242 25297 D org.thaliproject.p2p.btconnectorlib.internal.bluetooth.le.BleAdvertiser: setAdvertiseData finished: Current thread: Thread[Thread-889,5,main], id: 889
02-08 19:23:31.645 25242 25297 D org.thaliproject.p2p.btconnectorlib.internal.bluetooth.le.BleAdvertiser: start:  state = NOT_STARTEDCurrent thread: Thread[Thread-889,5,main], id: 889
02-08 19:23:31.645 25242 25297 I org.thaliproject.p2p.btconnectorlib.internal.bluetooth.le.BleAdvertiser: start: Starting... advertisement data = AdvertiseData [mServiceUuids=[3bde2124-2767-4930-8ad2-05754401b590], mManufacturerSpecificData={}, mServiceData={3bde2124-2767-4930-8ad2-05754401b590=[7, -68, 117, 116, 58, -68, -8]}, mIncludeTxPowerLevel=false, mIncludeDeviceName=false], Current thread: Thread[Thread-889,5,main], id: 889
02-08 19:23:31.646 25242 25297 D BluetoothAdapter: STATE_ON
02-08 19:23:31.648 11651 11702 D BtGatt.GattService: registerClient() - UUID=0efb5d64-c8d6-484d-87f6-0cd21d81e0d0
02-08 19:23:31.649 11651 11667 D BtGatt.GattService: onClientRegistered() - UUID=0efb5d64-c8d6-484d-87f6-0cd21d81e0d0, clientIf=6
02-08 19:23:31.650 25242 25254 D BluetoothLeAdvertiser: onClientRegistered() - status=0 clientIf=6
02-08 19:23:31.651 11651 11669 D BtGatt.AdvertiseManager: message : 0
02-08 19:23:31.652 11651 11669 D BtGatt.AdvertiseManager: starting multi advertising
02-08 19:23:31.654 11651 11667 D BtGatt.GattService: onAdvertiseInstanceEnabled() - clientIf=6, status=0
02-08 19:23:31.657 11651 11667 D BtGatt.GattService: onAdvertiseDataSet() - clientIf=6, status=0
02-08 19:23:31.657 25242 25297 I org.thaliproject.p2p.btconnectorlib.internal.bluetooth.le.BleAdvertiser: start: Started advertisment Current thread: Thread[Thread-889,5,main], id: 889
02-08 19:23:31.658 25242 25242 D org.thaliproject.p2p.btconnectorlib.internal.bluetooth.le.BleAdvertiser: onStartSuccess : Current thread: Thread[main,5,main], id: 1
02-08 19:23:31.658 25242 25297 D org.thaliproject.p2p.btconnectorlib.internal.bluetooth.le.BleAdvertiser: setState: current  = NOT_STARTED, new = STARTINGCurrent thread: Thread[Thread-889,5,main], id: 889
02-08 19:23:31.658 25242 25297 D org.thaliproject.p2p.btconnectorlib.internal.bluetooth.le.BleAdvertiser: setState: State changed from NOT_STARTED to STARTING
02-08 19:23:31.658 25242 25297 D org.thaliproject.p2p.btconnectorlib.internal.bluetooth.le.BleAdvertiser: setState: onIsAdvertiserStartedChanged default (no call to listener). Current thread: Thread[Thread-889,5,main], id: 889
02-08 19:23:31.658 25242 25297 D org.thaliproject.p2p.btconnectorlib.internal.bluetooth.le.BleAdvertiser: setState: finished Current thread: Thread[Thread-889,5,main], id: 889
02-08 19:23:31.658 25242 25297 I org.thaliproject.p2p.btconnectorlib.internal.bluetooth.le.BleAdvertiser: start: return, state = STARTINGCurrent thread: Thread[Thread-889,5,main], id: 889
02-08 19:23:31.658 25242 25297 D org.thaliproject.p2p.btconnectorlib.internal.bluetooth.le.BleAdvertiser: start returned: Current thread: Thread[Thread-889,5,main], id: 889
02-08 19:23:31.658 25242 25297 D org.thaliproject.p2p.btconnectorlib.internal.bluetooth.le.BlePeerDiscoverer: startAdvertiser started = true Current thread: Thread[Thread-889,5,main], id: 889
02-08 19:23:31.658 25242 25297 D org.thaliproject.p2p.btconnectorlib.internal.bluetooth.le.BlePeerDiscoverer: applySettings: start advertiser started = true Current thread: Thread[Thread-889,5,main], id: 889
02-08 19:23:31.658 25242 25242 D org.thaliproject.p2p.btconnectorlib.internal.bluetooth.le.BleAdvertiser: setState: current  = STARTING, new = RUNNINGCurrent thread: Thread[main,5,main], id: 1
02-08 19:23:31.658 25242 25297 D org.thaliproject.p2p.btconnectorlib.internal.bluetooth.le.BleScanner: applyAdditionalMarshmallowSettings
02-08 19:23:31.658 25242 25242 D org.thaliproject.p2p.btconnectorlib.internal.bluetooth.le.BleAdvertiser: setState: State changed from STARTING to RUNNING
02-08 19:23:31.658 25242 25297 D org.thaliproject.p2p.btconnectorlib.internal.bluetooth.le.BlePeerDiscoverer: applySettings: scannerWasStarted true Current thread: Thread[Thread-889,5,main], id: 889
02-08 19:23:31.658 25242 25242 D org.thaliproject.p2p.btconnectorlib.internal.bluetooth.le.BleAdvertiser: notifyAdvertiserStateChanged: started =  true. Current thread: Thread[main,5,main], id: 1
02-08 19:23:31.658 25242 25297 D org.thaliproject.p2p.btconnectorlib.internal.bluetooth.le.BlePeerDiscoverer: applySettings: stop scanner Current thread: Thread[Thread-889,5,main], id: 889
02-08 19:23:31.658 25242 25242 D org.thaliproject.p2p.btconnectorlib.internal.bluetooth.le.BleAdvertiser: setState: finished Current thread: Thread[main,5,main], id: 1
02-08 19:23:31.658 25242 25297 D org.thaliproject.p2p.btconnectorlib.internal.bluetooth.le.BleScanner: stop, Current thread: Thread[Thread-889,5,main], id: 889
02-08 19:23:31.658 25242 25242 I org.thaliproject.p2p.btconnectorlib.internal.bluetooth.le.BlePeerDiscoverer: onIsAdvertiserStartedChanged: trueCurrent thread: Thread[main,5,main], id: 1
02-08 19:23:31.658 25242 25242 D org.thaliproject.p2p.btconnectorlib.internal.bluetooth.le.BlePeerDiscoverer: updateState : Current thread: Thread[main,5,main], id: 1
02-08 19:23:31.658 25242 25242 D org.thaliproject.p2p.btconnectorlib.internal.bluetooth.le.BlePeerDiscoverer: updateState: deducedStateSet: [SCANNING, ADVERTISING]
02-08 19:23:31.659 25242 25242 D org.thaliproject.p2p.btconnectorlib.internal.bluetooth.le.BlePeerDiscoverer: updateState: stateSet: [SCANNING, ADVERTISING]
02-08 19:23:31.659 25242 25242 D org.thaliproject.p2p.btconnectorlib.internal.bluetooth.le.BlePeerDiscoverer: Current thread: Thread[main,5,main], id: 1
02-08 19:23:31.659 25242 25242 D org.thaliproject.p2p.btconnectorlib.internal.bluetooth.le.BlePeerDiscoverer: update state finished. Current thread: Thread[main,5,main], id: 1
02-08 19:23:31.659 25242 25297 D BluetoothAdapter: STATE_ON
02-08 19:23:31.659 11651 11703 D BtGatt.GattService: flushPendingBatchResults - clientIf=5, isServer=false
02-08 19:23:31.659 25242 25297 D org.thaliproject.p2p.btconnectorlib.internal.bluetooth.le.BleScanner: stop: scan results are flushed 
02-08 19:23:31.659 25242 25297 D BluetoothAdapter: STATE_ON
02-08 19:23:31.659 11651 11670 D BtGatt.ScanManager: flushPendingBatchResults - clientIf = 5
02-08 19:23:31.660 11651 11698 D BtGatt.GattService: stopScan() - queue size =1
02-08 19:23:31.660 11651 11702 D BtGatt.GattService: unregisterClient() - clientIf=5
02-08 19:23:31.660 25242 25297 D org.thaliproject.p2p.btconnectorlib.internal.bluetooth.le.BleScanner: stop: Stopped
02-08 19:23:31.660 25242 25297 D org.thaliproject.p2p.btconnectorlib.internal.bluetooth.le.BleScanner: set state: Current thread: Thread[Thread-889,5,main], id: 889
02-08 19:23:31.660 25242 25297 D org.thaliproject.p2p.btconnectorlib.internal.bluetooth.le.BleScanner: setState: State changed from RUNNING to NOT_STARTED
02-08 19:23:31.660 25242 25297 D org.thaliproject.p2p.btconnectorlib.internal.bluetooth.le.BleScanner: stop finished, Current thread: Thread[Thread-889,5,main], id: 889
02-08 19:23:31.660 25242 25297 I org.thaliproject.p2p.btconnectorlib.internal.bluetooth.le.BleScanner: setScanSettings: Mode: 2, report delay in milliseconds: 500, scan result type: 0
02-08 19:23:31.660 25242 25297 D org.thaliproject.p2p.btconnectorlib.internal.bluetooth.le.BlePeerDiscoverer: applySettings: start scanner Current thread: Thread[Thread-889,5,main], id: 889
02-08 19:23:31.660 25242 25297 D org.thaliproject.p2p.btconnectorlib.internal.bluetooth.le.BlePeerDiscoverer: startScanner: Current thread: Thread[Thread-889,5,main], id: 889
02-08 19:23:31.660 25242 25297 I org.thaliproject.p2p.btconnectorlib.internal.bluetooth.le.BlePeerDiscoverer: startScanner: Starting...
02-08 19:23:31.660 25242 25297 D org.thaliproject.p2p.btconnectorlib.internal.bluetooth.le.BlePeerDiscoveryUtils: createScanFilter: No service UUID, use manufacturer ID: true
02-08 19:23:31.660 25242 25297 D org.thaliproject.p2p.btconnectorlib.internal.bluetooth.le.BlePeerDiscoveryUtils: manufacturer ID: 61973
02-08 19:23:31.661 25242 25297 D org.thaliproject.p2p.btconnectorlib.internal.bluetooth.le.BlePeerDiscoveryUtils: createScanFilter: BluetoothLeScanFilter [mDeviceName=null, mDeviceAddress=null, mUuid=null, mUuidMask=null, mServiceDataUuid=null, mServiceData=null, mServiceDataMask=null, mManufacturerId=61973, mManufacturerData=null, mManufacturerDataMask=null]
02-08 19:23:31.661 25242 25297 D org.thaliproject.p2p.btconnectorlib.internal.bluetooth.le.BleScanner: start: Current thread: Thread[Thread-889,5,main], id: 889
02-08 19:23:31.661 25242 25297 D BluetoothAdapter: STATE_ON
02-08 19:23:31.661 11651 11667 D BtGatt.GattService: onBatchScanReports() - clientIf=5, status=0, reportType=2, numRecords=2
02-08 19:23:31.661 11651 11667 D BtGatt.ScanManager: callback done for clientIf - 5 status - 0
02-08 19:23:31.662 11651 11667 D BtGatt.GattService: current time is 2005769261856366
02-08 19:23:31.662 11651 11667 D BtGatt.GattService: Batch record : [-7, -10, -34, -40, -73, 72, 1, -128, -58, 13, 0, 29, 17, 7, -112, -75, 1, 68, 117, 5, -46, -118, 48, 73, 103, 39, 36, 33, -34, 59, 10, 22, 36, 33, 7, 36, 0, -70, -7, -102, -97, 0, -97, -102, -7, -70, 0, 36, 0, -128, -59, 4, 0, 29, 17, 7, -112, -75, 1, 68, 117, 5, -46, -118, 48, 73, 103, 39, 36, 33, -34, 59, 10, 22, 36, 33, 7, 36, 0, -70, -7, -102, -97, 0]
02-08 19:23:31.662 11651 11667 D BtGatt.GattService: ScanRecord : [17, 7, -112, -75, 1, 68, 117, 5, -46, -118, 48, 73, 103, 39, 36, 33, -34, 59, 10, 22, 36, 33, 7, 36, 0, -70, -7, -102, -97]
02-08 19:23:31.662 11651 11667 D BtGatt.GattService: ScanRecord : [17, 7, -112, -75, 1, 68, 117, 5, -46, -118, 48, 73, 103, 39, 36, 33, -34, 59, 10, 22, 36, 33, 7, 36, 0, -70, -7, -102, -97]
02-08 19:23:31.662 11651 11699 D BtGatt.GattService: registerClient() - UUID=83d39cf0-7264-4cb7-aa7d-cc2ad06c1a30
02-08 19:23:31.662 11651 11667 E BtGatt.ContextMap: Context not found for ID 5
02-08 19:23:31.662 11651 11667 D BtGatt.GattService: onClientRegistered() - UUID=83d39cf0-7264-4cb7-aa7d-cc2ad06c1a30, clientIf=5
02-08 19:23:31.662 25242 25254 D BluetoothLeScanner: onClientRegistered() - status=0 clientIf=5
02-08 19:23:31.663 11651 11698 D BtGatt.GattService: start scan with filters
02-08 19:23:31.664 11651 11667 D BtGatt.GattService: onScanFilterParamsConfigured() - clientIf=5, status=0, action=1, availableSpace=32
02-08 19:23:31.664 11651 11667 D BtGatt.ScanManager: callback done for clientIf - 5 status - 0
02-08 19:23:31.664 11651 11670 D BtGatt.ScanManager: stopping BLe Batch
02-08 19:23:31.665 25242 25297 D org.thaliproject.p2p.btconnectorlib.internal.bluetooth.le.BleScanner: start: scan started
02-08 19:23:31.665 25242 25297 D org.thaliproject.p2p.btconnectorlib.internal.bluetooth.le.BleScanner: set state: Current thread: Thread[Thread-889,5,main], id: 889
02-08 19:23:31.665 25242 25297 D org.thaliproject.p2p.btconnectorlib.internal.bluetooth.le.BleScanner: setState: State changed from NOT_STARTED to RUNNING
02-08 19:23:31.665 25242 25297 D org.thaliproject.p2p.btconnectorlib.internal.bluetooth.le.BleScanner: notifyScannerStateChanged: started =  true. Current thread: Thread[Thread-889,5,main], id: 889
02-08 19:23:31.665 25242 25297 D org.thaliproject.p2p.btconnectorlib.internal.bluetooth.le.BlePeerDiscoverer: applySettings: start scanner started = true Current thread: Thread[Thread-889,5,main], id: 889
02-08 19:23:31.665 25242 25297 V io.jxcore.node.StartStopOperation: isTargetState: Connectivity: RUNNING, discovery: RUNNING_BLE, is discovering: true, is advertising: true - Start operation: Should start/stop everything
02-08 19:23:31.665 25242 25297 V io.jxcore.node.StartStopOperationHandler: executeCurrentOperation: The current state already matches the desired outcome of this operation, skipping...
02-08 19:23:31.665 25242 25297 I io.jxcore.node.ConnectionHelper: start: OK
02-08 19:23:31.665 25242 25242 I org.thaliproject.p2p.btconnectorlib.internal.bluetooth.le.BlePeerDiscoverer: onIsScannerStartedChanged: trueCurrent thread: Thread[main,5,main], id: 1
02-08 19:23:31.665 25242 25242 D org.thaliproject.p2p.btconnectorlib.internal.bluetooth.le.BlePeerDiscoverer: updateState : Current thread: Thread[main,5,main], id: 1
02-08 19:23:31.666 25242 25242 D org.thaliproject.p2p.btconnectorlib.internal.bluetooth.le.BlePeerDiscoverer: updateState: deducedStateSet: [SCANNING, ADVERTISING]
02-08 19:23:31.666 25242 25242 D org.thaliproject.p2p.btconnectorlib.internal.bluetooth.le.BlePeerDiscoverer: updateState: stateSet: [SCANNING, ADVERTISING]
02-08 19:23:31.666 25242 25242 D org.thaliproject.p2p.btconnectorlib.internal.bluetooth.le.BlePeerDiscoverer: Current thread: Thread[main,5,main], id: 1
02-08 19:23:31.666 25242 25242 D org.thaliproject.p2p.btconnectorlib.internal.bluetooth.le.BlePeerDiscoverer: update state finished. Current thread: Thread[main,5,main], id: 1
02-08 19:23:31.666 11651 11667 D BtGatt.GattService: onBatchScanStartStopped() - clientIf=5, status=0, startStopAction=0
02-08 19:23:31.666 11651 11667 D BtGatt.ScanManager: callback done for clientIf - 5 status - 0
02-08 19:23:31.666 11651 11670 D BtGatt.ScanManager: flushPendingBatchResults - clientIf = 5
02-08 19:23:31.667 11651 11667 D BtGatt.GattService: onBatchScanReports() - clientIf=5, status=0, reportType=2, numRecords=0
02-08 19:23:31.667 11651 11667 D BtGatt.ScanManager: callback done for clientIf - 5 status - 0
02-08 19:23:31.669 11651 11670 D BtGatt.ScanManager: handling starting scan
02-08 19:23:31.671 11651 11667 D BtGatt.GattService: onScanFilterEnableDisabled() - clientIf=5, status=0, action=1
02-08 19:23:31.671 11651 11667 D BtGatt.ScanManager: callback done for clientIf - 5 status - 0
02-08 19:23:31.671 11651 11670 D BtGatt.ScanManager: configureFilterParamter 1500 10000 4 0
02-08 19:23:31.672 11651 11667 D BtGatt.GattService: onScanFilterParamsConfigured() - clientIf=5, status=0, action=0, availableSpace=31
02-08 19:23:31.672 25242 25297 I jxcore-log: 2017-02-08 16:23:31 - INFO nodeSSDPServerLogger: '{ address: 'http://0.0.0.0:1900' } 'SSDP listening''
02-08 19:23:31.672 25242 25297 I jxcore-log: 
02-08 19:23:31.672 11651 11667 D BtGatt.ScanManager: callback done for clientIf - 5 status - 0
02-08 19:23:31.672 11651 11670 D BtGatt.ScanManager: Starting BLE batch scan
02-08 19:23:31.673 11651 11670 D BtGatt.ScanManager: configuring batch scan storage, appIf 5
02-08 19:23:31.674 25242 25297 I jxcore-log: 2017-02-08 16:23:31 - INFO nodeSSDPServerLogger: 'UDP socket bound'
02-08 19:23:31.674 25242 25297 I jxcore-log: 
02-08 19:23:31.675 25242 25297 I jxcore-log: 2017-02-08 16:23:31 - INFO nodeSSDPServerLogger: 'Socket bound'
02-08 19:23:31.675 25242 25297 I jxcore-log: 
02-08 19:23:31.676 25242 25297 I jxcore-log: 2017-02-08 16:23:31 - DEBUG thaliMobileNativeWrapper: 'discoveryAdvertisingStateUpdateNonTCP: {"discoveryActive":true,"advertisingActive":true}'
02-08 19:23:31.676 25242 25297 I jxcore-log: 
02-08 19:23:31.676 11651 11667 D BtGatt.GattService: onBatchScanStorageConfigured() - clientIf=5, status=0
02-08 19:23:31.676 11651 11667 D BtGatt.ScanManager: callback done for clientIf - 5 status - 0
02-08 19:23:31.677 11651 11667 D BtGatt.GattService: onBatchScanStartStopped() - clientIf=5, status=0, startStopAction=1
02-08 19:23:31.677 11651 11667 D BtGatt.ScanManager: callback done for clientIf - 5 status - 0
02-08 19:23:31.732 25242 25297 I jxcore-log: 2017-02-08 16:23:31 - DEBUG thaliWifiInfrastructure: 'Emitting wifiPeerAvailabilityChanged {"peerIdentifier":"9a6b3de7-f446-40be-ae43-4cc6656d13c4","generation":0,"hostAddress":"192.168.2.5","portNumber":43434}'
02-08 19:23:31.732 25242 25297 I jxcore-log: 
02-08 19:23:31.733 25242 25297 I jxcore-log: 2017-02-08 16:23:31 - DEBUG thaliMobile: 'Emitting peerAvailabilityChanged from handlePeer {"peerIdentifier":"9a6b3de7-f446-40be-ae43-4cc6656d13c4","connectionType":"tcp","peerAvailable":true,"generation":0,"newAddressPort":false}'
02-08 19:23:31.733 25242 25297 I jxcore-log: 
02-08 19:23:31.740 25242 25297 I jxcore-log: 2017-02-08 16:23:31 - DEBUG thaliWifiInfrastructure: 'Emitting wifiPeerAvailabilityChanged {"peerIdentifier":"9a6b3de7-f446-40be-ae43-4cc6656d13c4","generation":0,"portNumber":null,"hostAddress":null}'
02-08 19:23:31.740 25242 25297 I jxcore-log: 
02-08 19:23:31.741 25242 25297 I jxcore-log: 2017-02-08 16:23:31 - DEBUG thaliMobile: 'Emitting peerAvailabilityChanged from handlePeer {"peerIdentifier":"9a6b3de7-f446-40be-ae43-4cc6656d13c4","connectionType":"tcp","peerAvailable":false,"generation":0,"newAddressPort":null}'
02-08 19:23:31.741 25242 25297 I jxcore-log: 
02-08 19:23:31.741 25242 25297 I jxcore-log: 2017-02-08 16:23:31 - WARN thaliNotificationClient: 'peer is not available'
02-08 19:23:31.741 25242 25297 I jxcore-log: 
02-08 19:23:31.744 25242 25297 I jxcore-log: 2017-02-08 16:23:31 - DEBUG thaliWifiInfrastructure: 'Emitting wifiPeerAvailabilityChanged {"peerIdentifier":"9a6b3de7-f446-40be-ae43-4cc6656d13c4","generation":1,"hostAddress":"192.168.2.5","portNumber":43434}'
02-08 19:23:31.744 25242 25297 I jxcore-log: 
02-08 19:23:31.745 25242 25297 I jxcore-log: 2017-02-08 16:23:31 - DEBUG thaliMobile: 'Emitting peerAvailabilityChanged from handlePeer {"peerIdentifier":"9a6b3de7-f446-40be-ae43-4cc6656d13c4","connectionType":"tcp","peerAvailable":true,"generation":1,"newAddressPort":false}'
02-08 19:23:31.745 25242 25297 I jxcore-log: 
02-08 19:23:31.815 25242 25297 I jxcore-log: 2017-02-08 16:23:31 - DEBUG thaliManager: 'connected pskIdentity Beacon Please for path /NotificationBeacons'
02-08 19:23:31.815 25242 25297 I jxcore-log: 
02-08 19:23:31.841 25242 25297 I jxcore-log: 2017-02-08 16:23:31 - DEBUG thaliManager: 'connected pskIdentity Beacon Please for path /NotificationBeacons'
02-08 19:23:31.841 25242 25297 I jxcore-log: 
02-08 19:23:31.919 25242 25297 I jxcore-log: 2017-02-08 16:23:31 - DEBUG thaliManager: 'connected pskIdentity Beacon Please for path /NotificationBeacons'
02-08 19:23:31.919 25242 25297 I jxcore-log: 
02-08 19:23:31.985 25242 25297 I jxcore-log: 2017-02-08 16:23:31 - DEBUG thaliManager: 'connected pskIdentity LM0_vmtfgZNjYVsV6BWPxbpZztxmbaBaw6suijd-ZEk for path /db/'
02-08 19:23:31.985 25242 25297 I jxcore-log: 
02-08 19:23:32.014 25242 25297 I jxcore-log: 2017-02-08 16:23:32 - DEBUG thaliManager: 'connected pskIdentity LM0_vmtfgZNjYVsV6BWPxbpZztxmbaBaw6suijd-ZEk for path /db/ThaliManagerCoordinated/_changes'
02-08 19:23:32.014 25242 25297 I jxcore-log: 
02-08 19:23:32.021 25242 25297 I jxcore-log: 2017-02-08 16:23:32 - DEBUG thaliManager: 'connected pskIdentity LM0_vmtfgZNjYVsV6BWPxbpZztxmbaBaw6suijd-ZEk for path /db/'
02-08 19:23:32.021 25242 25297 I jxcore-log: 
02-08 19:23:32.040 25242 25297 I jxcore-log: 2017-02-08 16:23:32 - DEBUG thaliManager: 'connected pskIdentity NT-QMOP_ElgqT-eKxBswe5j-WxaW7nvHOmP8xeh__ks for path /db/'
02-08 19:23:32.040 25242 25297 I jxcore-log: 
02-08 19:23:32.047 25242 25297 I jxcore-log: 2017-02-08 16:23:32 - DEBUG thaliWifiInfrastructure: 'Emitting wifiPeerAvailabilityChanged {"peerIdentifier":"02bb45ff-894c-4f8b-a8a4-4600f5ba4018","generation":0,"hostAddress":"192.168.2.3","portNumber":49230}'
02-08 19:23:32.047 25242 25297 I jxcore-log: 
02-08 19:23:32.048 25242 25297 I jxcore-log: 2017-02-08 16:23:32 - DEBUG thaliMobile: 'Emitting peerAvailabilityChanged from handlePeer {"peerIdentifier":"02bb45ff-894c-4f8b-a8a4-4600f5ba4018","connectionType":"tcp","peerAvailable":true,"generation":0,"newAddressPort":false}'
02-08 19:23:32.048 25242 25297 I jxcore-log: 
02-08 19:23:32.062 25242 25297 I jxcore-log: 2017-02-08 16:23:32 - DEBUG thaliManager: 'connected pskIdentity NT-QMOP_ElgqT-eKxBswe5j-WxaW7nvHOmP8xeh__ks for path /db/ThaliManagerCoordinated/_changes'
02-08 19:23:32.062 25242 25297 I jxcore-log: 
02-08 19:23:32.070 25242 25297 I jxcore-log: 2017-02-08 16:23:32 - DEBUG thaliManager: 'connected pskIdentity LM0_vmtfgZNjYVsV6BWPxbpZztxmbaBaw6suijd-ZEk for path /db/ThaliManagerCoordinated/_changes'
02-08 19:23:32.070 25242 25297 I jxcore-log: 
02-08 19:23:32.090 25242 25297 I jxcore-log: 2017-02-08 16:23:32 - DEBUG thaliReplicationPeerAction: 'Replication resumed'
02-08 19:23:32.090 25242 25297 I jxcore-log: 
02-08 19:23:32.113 25242 25297 I jxcore-log: 2017-02-08 16:23:32 - DEBUG thaliPeerPoolDefault: 'Got err   Could not establish TCP connection'
02-08 19:23:32.113 25242 25297 I jxcore-log: 
02-08 19:23:32.173 25242 25297 I jxcore-log: 2017-02-08 16:23:32 - DEBUG thaliManager: 'connected pskIdentity LM0_vmtfgZNjYVsV6BWPxbpZztxmbaBaw6suijd-ZEk for path /db/ThaliManagerCoordinated/_changes'
02-08 19:23:32.173 25242 25297 I jxcore-log: 
02-08 19:23:32.196 25242 25297 I jxcore-log: 2017-02-08 16:23:32 - DEBUG thaliManager: 'connected pskIdentity NT-QMOP_ElgqT-eKxBswe5j-WxaW7nvHOmP8xeh__ks for path /db/ThaliManagerCoordinated/_changes'
02-08 19:23:32.196 25242 25297 I jxcore-log: 
02-08 19:23:32.226 25242 25297 I jxcore-log: 2017-02-08 16:23:32 - DEBUG thaliManager: 'connected pskIdentity LM0_vmtfgZNjYVsV6BWPxbpZztxmbaBaw6suijd-ZEk for path /db/ThaliManagerCoordinated/_changes'
02-08 19:23:32.226 25242 25297 I jxcore-log: 
02-08 19:23:32.240 25242 25297 I jxcore-log: 2017-02-08 16:23:32 - DEBUG thaliManager: 'connected pskIdentity LM0_vmtfgZNjYVsV6BWPxbpZztxmbaBaw6suijd-ZEk for path /db/ThaliManagerCoordinated/_bulk_get'
02-08 19:23:32.240 25242 25297 I jxcore-log: 
02-08 19:23:32.247 25242 25297 I jxcore-log: 2017-02-08 16:23:32 - DEBUG thaliWifiInfrastructure: 'Emitting wifiPeerAvailabilityChanged {"peerIdentifier":"9a6b3de7-f446-40be-ae43-4cc6656d13c4","generation":1,"hostAddress":"192.168.2.5","portNumber":43434}'
02-08 19:23:32.247 25242 25297 I jxcore-log: 
02-08 19:23:32.308 25242 25297 I jxcore-log: 2017-02-08 16:23:32 - DEBUG thaliManager: 'connected pskIdentity NT-QMOP_ElgqT-eKxBswe5j-WxaW7nvHOmP8xeh__ks for path /db/ThaliManagerCoordinated/_bulk_get'
02-08 19:23:32.308 25242 25297 I jxcore-log: 
02-08 19:23:32.316 25242 25297 I jxcore-log: 2017-02-08 16:23:32 - DEBUG thaliManager: 'connected pskIdentity LM0_vmtfgZNjYVsV6BWPxbpZztxmbaBaw6suijd-ZEk for path /db/ThaliManagerCoordinated/_bulk_get'
02-08 19:23:32.316 25242 25297 I jxcore-log: 
02-08 19:23:32.325 25242 25297 I jxcore-log: 2017-02-08 16:23:32 - DEBUG thaliManager: 'connected pskIdentity LM0_vmtfgZNjYVsV6BWPxbpZztxmbaBaw6suijd-ZEk for path /db/ThaliManagerCoordinated/_changes'
02-08 19:23:32.325 25242 25297 I jxcore-log: 
02-08 19:23:32.345 11651 11674 I bt_btm_sec: btm_sec_disconnected clearing pending flag handle:12 reason:22
02-08 19:23:32.346 11651 11667 E BluetoothRemoteDevices: state12newState1
02-08 19:23:32.347 25242 25297 I jxcore-log: 2017-02-08 16:23:32 - DEBUG thaliPeerPoolDefault: 'Got err   Could not establish TCP connection'
02-08 19:23:32.347 25242 25297 I jxcore-log: 
02-08 19:23:32.349 11651 11651 D BluetoothMapService: onReceive
02-08 19:23:32.349 11651 11651 D BluetoothMapService: onReceive: android.bluetooth.device.action.ACL_DISCONNECTED
02-08 19:23:32.361 13988 13988 I BTConnectionReceiver: onReceive(context, Intent { act=android.bluetooth.device.action.ACL_DISCONNECTED flg=0x4000010 cmp=com.google.android.googlequicksearchbox/com.google.android.search.core.service.BluetoothConnectionReceiver (has extras) }, [BluetoothDevice: address=24:00:BA:F9:9A:9F, alias=null, name=XYZ, majorDeviceClass=512, deviceClass=524]
02-08 19:23:32.362 13988 13988 I BluetoothClassifier: Bluetooth Device Name: XYZ
02-08 19:23:32.367 25242 25297 I jxcore-log: 2017-02-08 16:23:32 - DEBUG thaliManager: 'connected pskIdentity LM0_vmtfgZNjYVsV6BWPxbpZztxmbaBaw6suijd-ZEk for path /db/ThaliManagerCoordinated/_changes'
02-08 19:23:32.367 25242 25297 I jxcore-log: 
02-08 19:23:32.373 25242 25297 I jxcore-log: 2017-02-08 16:23:32 - DEBUG thaliManager: 'connected pskIdentity NT-QMOP_ElgqT-eKxBswe5j-WxaW7nvHOmP8xeh__ks for path /db/ThaliManagerCoordinated/_changes'
02-08 19:23:32.373 25242 25297 I jxcore-log: 
02-08 19:23:32.417 25242 25297 I jxcore-log: 2017-02-08 16:23:32 - DEBUG thaliManager: 'connected pskIdentity LM0_vmtfgZNjYVsV6BWPxbpZztxmbaBaw6suijd-ZEk for path /db/ThaliManagerCoordinated/_local/thali_BKQK9Tx3U41u_fW395t6R6AZ4zkESfRlnZ4Ygkv7HuXJM_e4IpH6TpO02m2x_fqbIgb3zAFY_9uuuJWsvo_RCQI'
02-08 19:23:32.417 25242 25297 I jxcore-log: 
02-08 19:23:32.420 25242 25297 I jxcore-log: 2017-02-08 16:23:32 - DEBUG thaliManager: 'connected pskIdentity NT-QMOP_ElgqT-eKxBswe5j-WxaW7nvHOmP8xeh__ks for path /db/ThaliManagerCoordinated/_local/thali_BL4OhmI0zSOC_D5dtm0GwTV0FLYYg8aPGVEuqgnltFqcA9ZViBWl-4LKyD75UffVRsSTD_D5tb1nMAZCEov1AkE'
02-08 19:23:32.420 25242 25297 I jxcore-log: 
02-08 19:23:32.459 25242 25297 I jxcore-log: 2017-02-08 16:23:32 - DEBUG thaliManager: 'connected pskIdentity LM0_vmtfgZNjYVsV6BWPxbpZztxmbaBaw6suijd-ZEk for path /db/ThaliManagerCoordinated/_local/6yQIw3RgtD9vX0nQcs6IWw%3D%3D'
02-08 19:23:32.459 25242 25297 I jxcore-log: 
02-08 19:23:32.466 25242 25297 I jxcore-log: 2017-02-08 16:23:32 - DEBUG thaliManager: 'connected pskIdentity LM0_vmtfgZNjYVsV6BWPxbpZztxmbaBaw6suijd-ZEk for path /db/ThaliManagerCoordinated/_local/thali_BKQK9Tx3U41u_fW395t6R6AZ4zkESfRlnZ4Ygkv7HuXJM_e4IpH6TpO02m2x_fqbIgb3zAFY_9uuuJWsvo_RCQI'
02-08 19:23:32.466 25242 25297 I jxcore-log: 
02-08 19:23:32.479 25242 25297 I jxcore-log: 2017-02-08 16:23:32 - DEBUG thaliManager: 'connected pskIdentity NT-QMOP_ElgqT-eKxBswe5j-WxaW7nvHOmP8xeh__ks for path /db/ThaliManagerCoordinated/_local/ppz4CFswQ5wuNA3R_ZtK0A%3D%3D'
02-08 19:23:32.479 25242 25297 I jxcore-log: 
02-08 19:23:32.491 25242 25297 I jxcore-log: 2017-02-08 16:23:32 - DEBUG thaliManager: 'connected pskIdentity NT-QMOP_ElgqT-eKxBswe5j-WxaW7nvHOmP8xeh__ks for path /db/ThaliManagerCoordinated/_changes'
02-08 19:23:32.491 25242 25297 I jxcore-log: 
02-08 19:23:32.506 25242 25297 I jxcore-log: 2017-02-08 16:23:32 - DEBUG thaliManager: 'connected pskIdentity LM0_vmtfgZNjYVsV6BWPxbpZztxmbaBaw6suijd-ZEk for path /db/ThaliManagerCoordinated/_local/6yQIw3RgtD9vX0nQcs6IWw%3D%3D'
02-08 19:23:32.506 25242 25297 I jxcore-log: 
02-08 19:23:32.512 25242 25297 I jxcore-log: 2017-02-08 16:23:32 - DEBUG thaliManager: 'connected pskIdentity LM0_vmtfgZNjYVsV6BWPxbpZztxmbaBaw6suijd-ZEk for path /db/ThaliManagerCoordinated/_changes'
02-08 19:23:32.512 25242 25297 I jxcore-log: 
02-08 19:23:32.533 25242 25297 I jxcore-log: 2017-02-08 16:23:32 - DEBUG thaliSendNotificationBasedOnReplication: 'We must have stopped because we are complete -{"status":"cancelled"}'
02-08 19:23:32.533 25242 25297 I jxcore-log: 
02-08 19:23:32.577 25242 25297 D io.jxcore.node.JXcoreExtension: startUpdateAdvertisingAndListening
02-08 19:23:32.579 25242 25297 I io.jxcore.node.ConnectionHelper: start: Port number: 37310, start advertisements: true
02-08 19:23:32.579 25242 25297 V io.jxcore.node.ConnectivityMonitor: start: Already started
02-08 19:23:32.579 25242 25297 I io.jxcore.node.StartStopOperationHandler: updateBeaconAdExtraInformation: New value: 8
02-08 19:23:32.579 25242 25297 I org.thaliproject.p2p.btconnectorlib.DiscoveryManagerSettings: setBeaconAdExtraInformation: 7 -> 8
02-08 19:23:32.579 25242 25297 I org.thaliproject.p2p.btconnectorlib.internal.AbstractBluetoothConnectivityAgent: clearIdentityString
02-08 19:23:32.580 25242 25297 I org.thaliproject.p2p.btconnectorlib.internal.AbstractBluetoothConnectivityAgent: verifyIdentityString: Identity string created: {"generation":8,"address":"BC:75:74:3A:BC:F8"}
02-08 19:23:32.580 25242 25297 D org.thaliproject.p2p.btconnectorlib.internal.bluetooth.BluetoothConnector: setIdentityString: {"generation":8,"address":"BC:75:74:3A:BC:F8"}
02-08 19:23:32.580 25242 25297 D org.thaliproject.p2p.btconnectorlib.DiscoveryManager: onAdvertiseScanSettingsChanged: Current thread: Thread[Thread-889,5,main], id: 889
02-08 19:23:32.581 25242 25297 I org.thaliproject.p2p.btconnectorlib.internal.bluetooth.le.BlePeerDiscoverer: applySettings:
02-08 19:23:32.581 25242 25297 I org.thaliproject.p2p.btconnectorlib.internal.bluetooth.le.BlePeerDiscoverer:     - Manufacturer ID: 61973
02-08 19:23:32.581 25242 25297 I org.thaliproject.p2p.btconnectorlib.internal.bluetooth.le.BlePeerDiscoverer:     - Beacon ad length and type: 533
02-08 19:23:32.581 25242 25297 I org.thaliproject.p2p.btconnectorlib.internal.bluetooth.le.BlePeerDiscoverer:     - Beacon ad extra information: 8
02-08 19:23:32.581 25242 25297 I org.thaliproject.p2p.btconnectorlib.internal.bluetooth.le.BlePeerDiscoverer:     - Advertisement data type: DO_NOT_CARE
02-08 19:23:32.581 25242 25297 I org.thaliproject.p2p.btconnectorlib.internal.bluetooth.le.BlePeerDiscoverer:     - Advertise mode: 2
02-08 19:23:32.581 25242 25297 I org.thaliproject.p2p.btconnectorlib.internal.bluetooth.le.BlePeerDiscoverer:     - Advertise TX power level: 3
02-08 19:23:32.581 25242 25297 I org.thaliproject.p2p.btconnectorlib.internal.bluetooth.le.BlePeerDiscoverer:     - Scan mode: 2
