02-08 19:23:20.715 25242 25297 I jxcore-log: 
02-08 19:23:20.716 25242 25297 I jxcore-log: 2017-02-08 16:23:20 - DEBUG thaliMobileNativeWrapper: 'Received peer availability changed event with {"peerIdentifier":"24:00:BA:F9:9A:9F","generation":0,"peerAvailable":true}'
02-08 19:23:20.716 25242 25297 I jxcore-log: 
02-08 19:23:20.720 25242 25297 I jxcore-log: 2017-02-08 16:23:20 - DEBUG createPeerListener: 'creating new server for BC:75:74:3A:BD:0F'
02-08 19:23:20.720 25242 25297 I jxcore-log: 
02-08 19:23:20.723 11651 11667 D BtGatt.GattService: onBatchScanStorageConfigured() - clientIf=5, status=0
02-08 19:23:20.723 11651 11667 D BtGatt.ScanManager: callback done for clientIf - 5 status - 0
02-08 19:23:20.727 11651 11667 D BtGatt.GattService: onBatchScanStartStopped() - clientIf=5, status=0, startStopAction=1
02-08 19:23:20.727 11651 11667 D BtGatt.ScanManager: callback done for clientIf - 5 status - 0
02-08 19:23:20.729 25242 25297 I jxcore-log: 2017-02-08 16:23:20 - DEBUG createPeerListener: 'Node TCP/IP listener (server) for BC:75:74:3A:BD:0F listening on 42272'
02-08 19:23:20.729 25242 25297 I jxcore-log: 
02-08 19:23:20.733 25242 25297 I jxcore-log: 2017-02-08 16:23:20 - DEBUG thaliMobileNativeWrapper: 'handlePeerAvailabilityChanged - Emitting {"peerIdentifier":"BC:75:74:3A:BD:0F","peerAvailable":true,"generation":0,"portNumber":42272}'
02-08 19:23:20.733 25242 25297 I jxcore-log: 
02-08 19:23:20.735 25242 25297 I jxcore-log: 2017-02-08 16:23:20 - DEBUG thaliMobile: 'Emitting peerAvailabilityChanged from handlePeer {"peerIdentifier":"BC:75:74:3A:BD:0F","connectionType":"AndroidBluetooth","peerAvailable":true,"generation":0,"newAddressPort":false}'
02-08 19:23:20.735 25242 25297 I jxcore-log: 
02-08 19:23:20.738 25242 25297 I jxcore-log: 2017-02-08 16:23:20 - DEBUG createPeerListener: 'creating new server for 24:00:BA:F9:9A:9F'
02-08 19:23:20.738 25242 25297 I jxcore-log: 
02-08 19:23:20.744 25242 25297 I jxcore-log: 2017-02-08 16:23:20 - DEBUG createPeerListener: 'Node TCP/IP listener (server) for 24:00:BA:F9:9A:9F listening on 37697'
02-08 19:23:20.744 25242 25297 I jxcore-log: 
02-08 19:23:20.747 25242 25297 I jxcore-log: 2017-02-08 16:23:20 - DEBUG thaliMobileNativeWrapper: 'handlePeerAvailabilityChanged - Emitting {"peerIdentifier":"24:00:BA:F9:9A:9F","peerAvailable":true,"generation":0,"portNumber":37697}'
02-08 19:23:20.747 25242 25297 I jxcore-log: 
02-08 19:23:20.748 25242 25297 I jxcore-log: 2017-02-08 16:23:20 - DEBUG thaliMobile: 'Emitting peerAvailabilityChanged from handlePeer {"peerIdentifier":"24:00:BA:F9:9A:9F","connectionType":"AndroidBluetooth","peerAvailable":true,"generation":0,"newAddressPort":false}'
02-08 19:23:20.748 25242 25297 I jxcore-log: 
02-08 19:23:20.761 25242 25297 I jxcore-log: 2017-02-08 16:23:20 - DEBUG createPeerListener: 'Issuing callNative for BC:75:74:3A:BD:0F'
02-08 19:23:20.761 25242 25297 I jxcore-log: 
02-08 19:23:20.763 25242 25297 D io.jxcore.node.JXcoreExtension: connect: BC:75:74:3A:BD:0F
02-08 19:23:20.764 25242 25297 I io.jxcore.node.ConnectionHelper: connect: Trying to connect to peer with ID BC:75:74:3A:BD:0F
02-08 19:23:20.764 25242 25297 I org.thaliproject.p2p.btconnectorlib.ConnectionManager: connect: [BC:75:74:3A:BD:0F 0]
02-08 19:23:20.765 25242 25297 I org.thaliproject.p2p.btconnectorlib.internal.bluetooth.BluetoothConnector: connect: Trying to start connecting to Nexus 6P in address BC:75:74:3A:BD:0F
02-08 19:23:20.765 25242 25297 I org.thaliproject.p2p.btconnectorlib.internal.bluetooth.BluetoothClientThread: setInsecureRfcommSocketPortNumber: Using port -1
02-08 19:23:20.765 25242 25297 I org.thaliproject.p2p.btconnectorlib.internal.bluetooth.BluetoothClientThread: setMaxNumberOfRetries: 0
02-08 19:23:20.766 25242 25297 I org.thaliproject.p2p.btconnectorlib.ConnectionManager: onConnecting: Nexus 6P BC:75:74:3A:BD:0F
02-08 19:23:20.766 25242 25297 D org.thaliproject.p2p.btconnectorlib.internal.bluetooth.BluetoothConnector: connect: Started connecting to Nexus 6P in address BC:75:74:3A:BD:0F
02-08 19:23:20.766 25242 25297 I io.jxcore.node.ConnectionHelper: connect: Connection process successfully started (peer ID: BC:75:74:3A:BD:0F)
02-08 19:23:20.766 25242 25321 I org.thaliproject.p2p.btconnectorlib.internal.bluetooth.BluetoothClientThread: Trying to connect to peer with address BC:75:74:3A:BD:0F (thread ID: 891)
02-08 19:23:20.766 25242 25321 D org.thaliproject.p2p.btconnectorlib.internal.bluetooth.BluetoothClientThread: tryToConnect:  socketConnectSucceeded = false, mIsShuttingDown = false
02-08 19:23:20.766 25242 25321 D org.thaliproject.p2p.btconnectorlib.internal.bluetooth.BluetoothClientThread:  createSocketAndConnect: socket closed
02-08 19:23:20.766 25242 25321 D org.thaliproject.p2p.btconnectorlib.internal.bluetooth.BluetoothClientThread:  createSocketAndConnect: SYSTEM_DECIDED_INSECURE_RFCOMM_SOCKET_PORT
02-08 19:23:20.767 25242 25321 E org.thaliproject.p2p.btconnectorlib.internal.bluetooth.BluetoothClientThread:  createSocketAndConnect: connecting
02-08 19:23:20.767 25242 25321 W BluetoothAdapter: getBluetoothService() called with no BluetoothManagerCallback
02-08 19:23:20.768 25242 25297 I jxcore-log: 2017-02-08 16:23:20 - DEBUG createPeerListener: 'Issuing callNative for 24:00:BA:F9:9A:9F'
02-08 19:23:20.768 25242 25297 I jxcore-log: 
02-08 19:23:20.770 25242 25297 D io.jxcore.node.JXcoreExtension: connect: 24:00:BA:F9:9A:9F
02-08 19:23:20.770 25242 25297 I io.jxcore.node.ConnectionHelper: connect: Trying to connect to peer with ID 24:00:BA:F9:9A:9F
02-08 19:23:20.770 25242 25297 I org.thaliproject.p2p.btconnectorlib.ConnectionManager: connect: [24:00:BA:F9:9A:9F 0]
02-08 19:23:20.770 25242 25297 I org.thaliproject.p2p.btconnectorlib.internal.bluetooth.BluetoothConnector: connect: Trying to start connecting to XYZ in address 24:00:BA:F9:9A:9F
02-08 19:23:20.771 25242 25297 I org.thaliproject.p2p.btconnectorlib.internal.bluetooth.BluetoothClientThread: setInsecureRfcommSocketPortNumber: Using port -1
02-08 19:23:20.771 25242 25297 I org.thaliproject.p2p.btconnectorlib.internal.bluetooth.BluetoothClientThread: setMaxNumberOfRetries: 0
02-08 19:23:20.771 25242 25297 I org.thaliproject.p2p.btconnectorlib.ConnectionManager: onConnecting: XYZ 24:00:BA:F9:9A:9F
02-08 19:23:20.771 25242 25297 D org.thaliproject.p2p.btconnectorlib.internal.bluetooth.BluetoothConnector: connect: Started connecting to XYZ in address 24:00:BA:F9:9A:9F
02-08 19:23:20.771 25242 25297 I io.jxcore.node.ConnectionHelper: connect: Connection process successfully started (peer ID: 24:00:BA:F9:9A:9F)
02-08 19:23:20.771 25242 25322 I org.thaliproject.p2p.btconnectorlib.internal.bluetooth.BluetoothClientThread: Trying to connect to peer with address 24:00:BA:F9:9A:9F (thread ID: 892)
02-08 19:23:20.771 25242 25322 D org.thaliproject.p2p.btconnectorlib.internal.bluetooth.BluetoothClientThread: tryToConnect:  socketConnectSucceeded = false, mIsShuttingDown = false
02-08 19:23:20.771 25242 25322 D org.thaliproject.p2p.btconnectorlib.internal.bluetooth.BluetoothClientThread:  createSocketAndConnect: socket closed
02-08 19:23:20.771 25242 25322 D org.thaliproject.p2p.btconnectorlib.internal.bluetooth.BluetoothClientThread:  createSocketAndConnect: SYSTEM_DECIDED_INSECURE_RFCOMM_SOCKET_PORT
02-08 19:23:20.772 25242 25322 E org.thaliproject.p2p.btconnectorlib.internal.bluetooth.BluetoothClientThread:  createSocketAndConnect: connecting
02-08 19:23:20.772 25242 25322 W BluetoothAdapter: getBluetoothService() called with no BluetoothManagerCallback
02-08 19:23:20.779 25242 25297 I jxcore-log: 2017-02-08 16:23:20 - DEBUG thaliWifiInfrastructure: 'Emitting wifiPeerAvailabilityChanged {"peerIdentifier":"68f89bf3-8f2c-469b-9b83-8578729f7eb2","generation":0,"portNumber":null,"hostAddress":null}'
02-08 19:23:20.779 25242 25297 I jxcore-log: 
02-08 19:23:20.780 25242 25297 I jxcore-log: 2017-02-08 16:23:20 - DEBUG thaliMobile: 'Emitting peerAvailabilityChanged from handlePeer {"peerIdentifier":"68f89bf3-8f2c-469b-9b83-8578729f7eb2","connectionType":"tcp","peerAvailable":false,"generation":0,"newAddressPort":null}'
02-08 19:23:20.780 25242 25297 I jxcore-log: 
02-08 19:23:20.780 25242 25297 I jxcore-log: 2017-02-08 16:23:20 - WARN thaliNotificationClient: 'peer is not available'
02-08 19:23:20.780 25242 25297 I jxcore-log: 
02-08 19:23:20.818 25242 25297 I jxcore-log: 2017-02-08 16:23:20 - DEBUG thaliManager: 'connected pskIdentity Beacon Please for path /NotificationBeacons'
02-08 19:23:20.818 25242 25297 I jxcore-log: 
02-08 19:23:20.880 25242 25297 I jxcore-log: 2017-02-08 16:23:20 - DEBUG thaliWifiInfrastructure: 'Emitting wifiPeerAvailabilityChanged {"peerIdentifier":"58eac76f-6ce5-4a0b-a9ea-12c4ed611ee0","generation":0,"hostAddress":"192.168.2.5","portNumber":42693}'
02-08 19:23:20.880 25242 25297 I jxcore-log: 
02-08 19:23:20.882 25242 25297 I jxcore-log: 2017-02-08 16:23:20 - DEBUG thaliWifiInfrastructure: 'Emitting wifiPeerAvailabilityChanged {"peerIdentifier":"58eac76f-6ce5-4a0b-a9ea-12c4ed611ee0","generation":0,"portNumber":null,"hostAddress":null}'
02-08 19:23:20.882 25242 25297 I jxcore-log: 
02-08 19:23:20.883 25242 25297 I jxcore-log: 2017-02-08 16:23:20 - DEBUG thaliMobile: 'Emitting peerAvailabilityChanged from handlePeer {"peerIdentifier":"58eac76f-6ce5-4a0b-a9ea-12c4ed611ee0","connectionType":"tcp","peerAvailable":false,"generation":0,"newAddressPort":null}'
02-08 19:23:20.883 25242 25297 I jxcore-log: 
02-08 19:23:20.884 25242 25297 I jxcore-log: 2017-02-08 16:23:20 - WARN thaliNotificationClient: 'peer is not available'
02-08 19:23:20.884 25242 25297 I jxcore-log: 
02-08 19:23:20.917 25242 25297 I jxcore-log: 2017-02-08 16:23:20 - DEBUG thaliManager: 'connected pskIdentity UK7BmOf_zszWdEf1a510StCvG41dqB426GkxOE0dxH0 for path /db/'
02-08 19:23:20.917 25242 25297 I jxcore-log: 
02-08 19:23:20.982 25242 25297 I jxcore-log: 2017-02-08 16:23:20 - DEBUG thaliManager: 'connected pskIdentity UK7BmOf_zszWdEf1a510StCvG41dqB426GkxOE0dxH0 for path /db/ThaliManagerCoordinated/_changes'
02-08 19:23:20.982 25242 25297 I jxcore-log: 
02-08 19:23:20.995 25242 25297 I jxcore-log: 2017-02-08 16:23:20 - DEBUG thaliWifiInfrastructure: 'Emitting wifiPeerAvailabilityChanged {"peerIdentifier":"58eac76f-6ce5-4a0b-a9ea-12c4ed611ee0","generation":1,"hostAddress":"192.168.2.5","portNumber":42693}'
02-08 19:23:20.995 25242 25297 I jxcore-log: 
02-08 19:23:20.997 25242 25297 I jxcore-log: 2017-02-08 16:23:20 - DEBUG thaliMobile: 'Emitting peerAvailabilityChanged from handlePeer {"peerIdentifier":"58eac76f-6ce5-4a0b-a9ea-12c4ed611ee0","connectionType":"tcp","peerAvailable":true,"generation":1,"newAddressPort":false}'
02-08 19:23:20.997 25242 25297 I jxcore-log: 
02-08 19:23:21.038 25242 25297 I jxcore-log: 2017-02-08 16:23:21 - DEBUG thaliManager: 'connected pskIdentity Beacon Please for path /NotificationBeacons'
02-08 19:23:21.038 25242 25297 I jxcore-log: 
02-08 19:23:21.132 25242 25297 I jxcore-log: 2017-02-08 16:23:21 - DEBUG thaliManager: 'connected pskIdentity UK7BmOf_zszWdEf1a510StCvG41dqB426GkxOE0dxH0 for path /db/ThaliManagerCoordinated/_changes'
02-08 19:23:21.132 25242 25297 I jxcore-log: 
02-08 19:23:21.230 11651 11651 D BtGatt.ScanManager: awakened up at time 2005758829
02-08 19:23:21.232 11651 11670 D BtGatt.ScanManager: flushPendingBatchResults - clientIf = 5
02-08 19:23:21.248 11651 11667 D BtGatt.GattService: onBatchScanReports() - clientIf=5, status=0, reportType=2, numRecords=3
02-08 19:23:21.248 11651 11667 D BtGatt.ScanManager: callback done for clientIf - 5 status - 0
02-08 19:23:21.248 11651 11667 D BtGatt.GattService: current time is 2005758848025692
02-08 19:23:21.248 11651 11667 D BtGatt.GattService: Batch record : [-97, -102, -7, -70, 0, 36, 0, -128, -59, 10, 0, 29, 17, 7, -112, -75, 1, 68, 117, 5, -46, -118, 48, 73, 103, 39, 36, 33, -34, 59, 10, 22, 36, 33, 0, 36, 0, -70, -7, -102, -97, 0, 56, 80, -36, -114, -103, 101, 1, -128, -62, 10, 0, 29, 17, 7, -112, -75, 1, 68, 117, 5, -46, -118, 48, 73, 103, 39, 36, 33, -34, 59, 10, 22, 36, 33, 1, -68, 117, 116, 58, -67, 15, 0, 15, -67, 58, 116, 117, -68, 0, -128, -62, 10, 0, 29, 17, 7, -112, -75, 1, 68, 117, 5, -46, -118, 48, 73, 103, 39, 36, 33, -34, 59, 10, 22, 36, 33, 1, -68, 117, 116, 58, -67, 15, 0]
02-08 19:23:21.248 11651 11667 D BtGatt.GattService: ScanRecord : [17, 7, -112, -75, 1, 68, 117, 5, -46, -118, 48, 73, 103, 39, 36, 33, -34, 59, 10, 22, 36, 33, 0, 36, 0, -70, -7, -102, -97]
02-08 19:23:21.248 11651 11667 D BtGatt.GattService: ScanRecord : [17, 7, -112, -75, 1, 68, 117, 5, -46, -118, 48, 73, 103, 39, 36, 33, -34, 59, 10, 22, 36, 33, 1, -68, 117, 116, 58, -67, 15]
02-08 19:23:21.248 11651 11667 D BtGatt.GattService: ScanRecord : [17, 7, -112, -75, 1, 68, 117, 5, -46, -118, 48, 73, 103, 39, 36, 33, -34, 59, 10, 22, 36, 33, 1, -68, 117, 116, 58, -67, 15]
02-08 19:23:21.249 25242 25242 D org.thaliproject.p2p.btconnectorlib.internal.bluetooth.le.BleScanner: onBatchScanResults: results count  = 3. Current thread: Thread[main,5,main], id: 1
02-08 19:23:21.249 25242 25242 D org.thaliproject.p2p.btconnectorlib.internal.bluetooth.le.BlePeerDiscoverer: checkScanResult: ScanResult{mDevice=24:00:BA:F9:9A:9F, mScanRecord=ScanRecord [mAdvertiseFlags=-1, mServiceUuids=[3bde2124-2767-4930-8ad2-05754401b590], mManufacturerSpecificData={}, mServiceData={00002124-0000-1000-8000-00805f9b34fb=[0, 36, 0, -70, -7, -102, -97]}, mTxPowerLevel=-2147483648, mDeviceName=null], mRssi=-59, mTimestampNanos=2005758348173661}
02-08 19:23:21.250 25242 25242 D org.thaliproject.p2p.btconnectorlib.internal.bluetooth.le.BlePeerDiscoverer: checkScanResult: parsedAdvertisement: [UUID = null, bluetoothMacAddress = 24:00:BA:F9:9A:9F, provideBluetoothMacAddressRequestId = nullextra info = 0]
02-08 19:23:21.250 25242 25242 V org.thaliproject.p2p.btconnectorlib.internal.bluetooth.le.BlePeerDiscoverer: checkScanResult: Resolved advertisement type: ADVERTISEMENT_PEER_PROPERTIES
02-08 19:23:21.250 25242 25242 D org.thaliproject.p2p.btconnectorlib.internal.bluetooth.le.PeerAdvertisementFactory: Parsed advertisment: [UUID = 3bde2124-2767-4930-8ad2-05754401b590, bluetoothMacAddress = 24:00:BA:F9:9A:9F, provideBluetoothMacAddressRequestId = nullextra info = 0]
02-08 19:23:21.250 25242 25242 D org.thaliproject.p2p.btconnectorlib.internal.bluetooth.le.BlePeerDiscoverer: checkScanResult onPeerDiscovered [24:00:BA:F9:9A:9F 0]
02-08 19:23:21.250 25242 25242 D org.thaliproject.p2p.btconnectorlib.internal.bluetooth.le.BlePeerDiscoverer: checkScanResult: ScanResult{mDevice=65:99:8E:DC:50:38, mScanRecord=ScanRecord [mAdvertiseFlags=-1, mServiceUuids=[3bde2124-2767-4930-8ad2-05754401b590], mManufacturerSpecificData={}, mServiceData={00002124-0000-1000-8000-00805f9b34fb=[1, -68, 117, 116, 58, -67, 15]}, mTxPowerLevel=-2147483648, mDeviceName=null], mRssi=-62, mTimestampNanos=2005758348173661}
02-08 19:23:21.250 25242 25242 D org.thaliproject.p2p.btconnectorlib.internal.bluetooth.le.BlePeerDiscoverer: checkScanResult: parsedAdvertisement: [UUID = null, bluetoothMacAddress = BC:75:74:3A:BD:0F, provideBluetoothMacAddressRequestId = nullextra info = 1]
02-08 19:23:21.250 25242 25242 V org.thaliproject.p2p.btconnectorlib.internal.bluetooth.le.BlePeerDiscoverer: checkScanResult: Resolved advertisement type: ADVERTISEMENT_PEER_PROPERTIES
02-08 19:23:21.250 25242 25242 D org.thaliproject.p2p.btconnectorlib.internal.bluetooth.le.PeerAdvertisementFactory: Parsed advertisment: [UUID = 3bde2124-2767-4930-8ad2-05754401b590, bluetoothMacAddress = BC:75:74:3A:BD:0F, provideBluetoothMacAddressRequestId = nullextra info = 1]
02-08 19:23:21.250 25242 25242 D org.thaliproject.p2p.btconnectorlib.internal.bluetooth.le.BlePeerDiscoverer: checkScanResult onPeerDiscovered [BC:75:74:3A:BD:0F 1]
02-08 19:23:21.250 25242 25242 D org.thaliproject.p2p.btconnectorlib.internal.bluetooth.le.BlePeerDiscoverer: checkScanResult: ScanResult{mDevice=BC:75:74:3A:BD:0F, mScanRecord=ScanRecord [mAdvertiseFlags=-1, mServiceUuids=[3bde2124-2767-4930-8ad2-05754401b590], mManufacturerSpecificData={}, mServiceData={00002124-0000-1000-8000-00805f9b34fb=[1, -68, 117, 116, 58, -67, 15]}, mTxPowerLevel=-2147483648, mDeviceName=null], mRssi=-62, mTimestampNanos=2005758348173661}
02-08 19:23:21.250 25242 25242 D org.thaliproject.p2p.btconnectorlib.internal.bluetooth.le.BlePeerDiscoverer: checkScanResult: parsedAdvertisement: [UUID = null, bluetoothMacAddress = BC:75:74:3A:BD:0F, provideBluetoothMacAddressRequestId = nullextra info = 1]
02-08 19:23:21.251 25242 25242 V org.thaliproject.p2p.btconnectorlib.internal.bluetooth.le.BlePeerDiscoverer: checkScanResult: Resolved advertisement type: ADVERTISEMENT_PEER_PROPERTIES
02-08 19:23:21.251 25242 25242 D org.thaliproject.p2p.btconnectorlib.internal.bluetooth.le.PeerAdvertisementFactory: Parsed advertisment: [UUID = 3bde2124-2767-4930-8ad2-05754401b590, bluetoothMacAddress = BC:75:74:3A:BD:0F, provideBluetoothMacAddressRequestId = nullextra info = 1]
02-08 19:23:21.251 25242 25242 D org.thaliproject.p2p.btconnectorlib.internal.bluetooth.le.BlePeerDiscoverer: checkScanResult onPeerDiscovered [BC:75:74:3A:BD:0F 1]
02-08 19:23:21.251 25242 25242 D org.thaliproject.p2p.btconnectorlib.DiscoveryManager: onPeerDiscovered: [24:00:BA:F9:9A:9F 0]
02-08 19:23:21.251 25242 25242 V org.thaliproject.p2p.btconnectorlib.utils.PeerModel: addOrUpdateDiscoveredPeer: [24:00:BA:F9:9A:9F 0]
02-08 19:23:21.251 25242 25242 D org.thaliproject.p2p.btconnectorlib.utils.PeerModel: has more info: false,  extra info differs: false
02-08 19:23:21.251 25242 25242 V org.thaliproject.p2p.btconnectorlib.utils.PeerModel: addOrUpdateDiscoveredPeer: Timestamp of peer [24:00:BA:F9:9A:9F 0] updated - the peer count is 2
02-08 19:23:21.251 25242 25242 D org.thaliproject.p2p.btconnectorlib.DiscoveryManager: onPeerDiscovered: [BC:75:74:3A:BD:0F 1]
02-08 19:23:21.251 25242 25242 V org.thaliproject.p2p.btconnectorlib.utils.PeerModel: addOrUpdateDiscoveredPeer: [BC:75:74:3A:BD:0F 1]
02-08 19:23:21.251 25242 25242 D org.thaliproject.p2p.btconnectorlib.utils.PeerModel: has more info: false,  extra info differs: true
02-08 19:23:21.251 25242 25242 D org.thaliproject.p2p.btconnectorlib.utils.PeerModel: Want to call onPeerUpdated. Listeners size = 1
02-08 19:23:21.251 25242 25242 D org.thaliproject.p2p.btconnectorlib.DiscoveryManager: onPeerUpdated: [BC:75:74:3A:BD:0F 1]
02-08 19:23:21.252 25242 25242 V org.thaliproject.p2p.btconnectorlib.utils.PeerModel: addOrUpdateDiscoveredPeer: Timestamp of peer [BC:75:74:3A:BD:0F 1] updated - the peer count is 2
02-08 19:23:21.252 25242 25242 D org.thaliproject.p2p.btconnectorlib.DiscoveryManager: onPeerDiscovered: [BC:75:74:3A:BD:0F 1]
02-08 19:23:21.252 25242 25242 V org.thaliproject.p2p.btconnectorlib.utils.PeerModel: addOrUpdateDiscoveredPeer: [BC:75:74:3A:BD:0F 1]
02-08 19:23:21.252 25242 25242 D org.thaliproject.p2p.btconnectorlib.utils.PeerModel: has more info: false,  extra info differs: false
02-08 19:23:21.252 25242 25242 V org.thaliproject.p2p.btconnectorlib.utils.PeerModel: addOrUpdateDiscoveredPeer: Timestamp of peer [BC:75:74:3A:BD:0F 1] updated - the peer count is 2
02-08 19:23:21.252 25242 25242 I io.jxcore.node.ConnectionHelper: onPeerUpdated: [BC:75:74:3A:BD:0F 1], device name: 'null', device address: 'null'
02-08 19:23:21.263 25242 25297 I jxcore-log: 2017-02-08 16:23:21 - DEBUG thaliMobileNativeWrapper: 'Received peerAvailabilityChanged event from native layer [{"peerIdentifier":"BC:75:74:3A:BD:0F","generation":1,"peerAvailable":true}]'
02-08 19:23:21.263 25242 25297 I jxcore-log: 
02-08 19:23:21.263 25242 25297 I jxcore-log: 2017-02-08 16:23:21 - DEBUG thaliMobileNativeWrapper: 'Received peer availability changed event with {"peerIdentifier":"BC:75:74:3A:BD:0F","generation":1,"peerAvailable":true}'
02-08 19:23:21.263 25242 25297 I jxcore-log: 
02-08 19:23:21.264 25242 25297 I jxcore-log: 2017-02-08 16:23:21 - DEBUG thaliMobileNativeWrapper: 'handlePeerAvailabilityChanged - Emitting {"peerIdentifier":"BC:75:74:3A:BD:0F","peerAvailable":true,"generation":1,"portNumber":42272}'
02-08 19:23:21.264 25242 25297 I jxcore-log: 
02-08 19:23:21.265 25242 25297 I jxcore-log: 2017-02-08 16:23:21 - DEBUG thaliMobile: 'Emitting peerAvailabilityChanged from handlePeer {"peerIdentifier":"BC:75:74:3A:BD:0F","connectionType":"AndroidBluetooth","peerAvailable":true,"generation":1,"newAddressPort":false}'
02-08 19:23:21.265 25242 25297 I jxcore-log: 
02-08 19:23:21.273 25242 25297 I jxcore-log: 2017-02-08 16:23:21 - DEBUG thaliManager: 'connected pskIdentity _9dbA6xdrbCf0QGgg4pua32sjaAEMuS5VfGv5ss7da4 for path /db/'
02-08 19:23:21.273 25242 25297 I jxcore-log: 
02-08 19:23:21.280 25242 25297 I jxcore-log: 2017-02-08 16:23:21 - DEBUG thaliManager: 'connected pskIdentity UK7BmOf_zszWdEf1a510StCvG41dqB426GkxOE0dxH0 for path /db/ThaliManagerCoordinated/_all_docs'
02-08 19:23:21.280 25242 25297 I jxcore-log: 
02-08 19:23:21.362 25242 25297 I jxcore-log: 2017-02-08 16:23:21 - DEBUG thaliManager: 'connected pskIdentity _9dbA6xdrbCf0QGgg4pua32sjaAEMuS5VfGv5ss7da4 for path /db/ThaliManagerCoordinated/_changes'
02-08 19:23:21.362 25242 25297 I jxcore-log: 
02-08 19:23:21.389 25242 25297 I jxcore-log: 2017-02-08 16:23:21 - DEBUG thaliWifiInfrastructure: 'Emitting wifiPeerAvailabilityChanged {"peerIdentifier":"68f89bf3-8f2c-469b-9b83-8578729f7eb2","generation":1,"hostAddress":"192.168.2.3","portNumber":42424}'
02-08 19:23:21.389 25242 25297 I jxcore-log: 
02-08 19:23:21.390 25242 25297 I jxcore-log: 2017-02-08 16:23:21 - DEBUG thaliMobile: 'Emitting peerAvailabilityChanged from handlePeer {"peerIdentifier":"68f89bf3-8f2c-469b-9b83-8578729f7eb2","connectionType":"tcp","peerAvailable":true,"generation":1,"newAddressPort":false}'
02-08 19:23:21.390 25242 25297 I jxcore-log: 
02-08 19:23:21.407 25242 25297 I jxcore-log: 2017-02-08 16:23:21 - DEBUG thaliWifiInfrastructure: 'Emitting wifiPeerAvailabilityChanged {"peerIdentifier":"58eac76f-6ce5-4a0b-a9ea-12c4ed611ee0","generation":1,"hostAddress":"192.168.2.5","portNumber":42693}'
02-08 19:23:21.407 25242 25297 I jxcore-log: 
02-08 19:23:21.413 25242 25297 I jxcore-log: 2017-02-08 16:23:21 - DEBUG thaliManager: 'connected pskIdentity UK7BmOf_zszWdEf1a510StCvG41dqB426GkxOE0dxH0 for path /db/ThaliManagerCoordinated/_changes'
02-08 19:23:21.413 25242 25297 I jxcore-log: 
02-08 19:23:21.461 25242 25297 I jxcore-log: 2017-02-08 16:23:21 - DEBUG thaliManager: 'connected pskIdentity UK7BmOf_zszWdEf1a510StCvG41dqB426GkxOE0dxH0 for path /db/ThaliManagerCoordinated/_local/thali_BL4OhmI0zSOC_D5dtm0GwTV0FLYYg8aPGVEuqgnltFqcA9ZViBWl-4LKyD75UffVRsSTD_D5tb1nMAZCEov1AkE'
02-08 19:23:21.461 25242 25297 I jxcore-log: 
02-08 19:23:21.561 25242 25297 I jxcore-log: 2017-02-08 16:23:21 - DEBUG thaliManager: 'connected pskIdentity _9dbA6xdrbCf0QGgg4pua32sjaAEMuS5VfGv5ss7da4 for path /db/ThaliManagerCoordinated/_changes'
02-08 19:23:21.561 25242 25297 I jxcore-log: 
02-08 19:23:21.582 25242 25297 I jxcore-log: 2017-02-08 16:23:21 - DEBUG thaliReplicationPeerAction: 'Replication resumed'
02-08 19:23:21.582 25242 25297 I jxcore-log: 
02-08 19:23:21.615 25242 25297 I jxcore-log: 2017-02-08 16:23:21 - DEBUG thaliManager: 'connected pskIdentity _9dbA6xdrbCf0QGgg4pua32sjaAEMuS5VfGv5ss7da4 for path /db/ThaliManagerCoordinated/_all_docs'
02-08 19:23:21.615 25242 25297 I jxcore-log: 
02-08 19:23:21.617 11651 11674 W bt_btif : bta_dm_acl_change info: 0x10
02-08 19:23:21.617 11651 11667 D bt_btif_dm: remote version info [bc:75:74:3a:bd:0f]: 0, 0, 0
02-08 19:23:21.620 11651 11667 E BluetoothRemoteDevices: state12newState0
02-08 19:23:21.635 13988 13988 I BTConnectionReceiver: onReceive(context, Intent { act=android.bluetooth.device.action.ACL_CONNECTED flg=0x4000010 cmp=com.google.android.googlequicksearchbox/com.google.android.search.core.service.BluetoothConnectionReceiver (has extras) }, [BluetoothDevice: address=BC:75:74:3A:BD:0F, alias=null, name=Nexus 6P, majorDeviceClass=512, deviceClass=524]
02-08 19:23:21.637 13988 13988 I BluetoothClassifier: Bluetooth Device Name: Nexus 6P
02-08 19:23:21.663 25242 25297 I jxcore-log: 2017-02-08 16:23:21 - DEBUG thaliManager: 'connected pskIdentity _9dbA6xdrbCf0QGgg4pua32sjaAEMuS5VfGv5ss7da4 for path /db/ThaliManagerCoordinated/_changes'
02-08 19:23:21.663 25242 25297 I jxcore-log: 
02-08 19:23:21.694 11651 11674 W bt_sdp  : process_service_search_attr_rsp
02-08 19:23:21.699 25242 25297 I jxcore-log: 2017-02-08 16:23:21 - DEBUG thaliManager: 'connected pskIdentity UK7BmOf_zszWdEf1a510StCvG41dqB426GkxOE0dxH0 for path /db/ThaliManagerCoordinated/_local/iKu6CJNZB0m0DP4Pm409ZQ%3D%3D'
02-08 19:23:21.699 25242 25297 I jxcore-log: 
02-08 19:23:21.730 25242 25297 I jxcore-log: 2017-02-08 16:23:21 - DEBUG thaliManager: 'connected pskIdentity UK7BmOf_zszWdEf1a510StCvG41dqB426GkxOE0dxH0 for path /db/ThaliManagerCoordinated/_local/thali_BL4OhmI0zSOC_D5dtm0GwTV0FLYYg8aPGVEuqgnltFqcA9ZViBWl-4LKyD75UffVRsSTD_D5tb1nMAZCEov1AkE'
02-08 19:23:21.730 25242 25297 I jxcore-log: 
02-08 19:23:21.737 25242 25297 I jxcore-log: 2017-02-08 16:23:21 - DEBUG thaliManager: 'connected pskIdentity _9dbA6xdrbCf0QGgg4pua32sjaAEMuS5VfGv5ss7da4 for path /db/ThaliManagerCoordinated/_local/thali_BKQK9Tx3U41u_fW395t6R6AZ4zkESfRlnZ4Ygkv7HuXJM_e4IpH6TpO02m2x_fqbIgb3zAFY_9uuuJWsvo_RCQI'
02-08 19:23:21.737 25242 25297 I jxcore-log: 
02-08 19:23:21.750 11651 11651 D BtGatt.ScanManager: awakened up at time 2005759350
02-08 19:23:21.751 11651 11670 D BtGatt.ScanManager: flushPendingBatchResults - clientIf = 5
02-08 19:23:21.754 11651 11667 D BtGatt.GattService: onBatchScanReports() - clientIf=5, status=0, reportType=2, numRecords=0
02-08 19:23:21.754 11651 11667 D BtGatt.ScanManager: callback done for clientIf - 5 status - 0
02-08 19:23:21.755 25242 25242 D org.thaliproject.p2p.btconnectorlib.internal.bluetooth.le.BleScanner: onBatchScanResults: results count  = 0. Current thread: Thread[main,5,main], id: 1
02-08 19:23:21.798 25242 25297 I jxcore-log: 2017-02-08 16:23:21 - DEBUG thaliWifiInfrastructure: 'Emitting wifiPeerAvailabilityChanged {"peerIdentifier":"68f89bf3-8f2c-469b-9b83-8578729f7eb2","generation":1,"portNumber":null,"hostAddress":null}'
02-08 19:23:21.798 25242 25297 I jxcore-log: 
02-08 19:23:21.798 25242 25297 I jxcore-log: 2017-02-08 16:23:21 - DEBUG thaliMobile: 'Emitting peerAvailabilityChanged from handlePeer {"peerIdentifier":"68f89bf3-8f2c-469b-9b83-8578729f7eb2","connectionType":"tcp","peerAvailable":false,"generation":1,"newAddressPort":null}'
02-08 19:23:21.798 25242 25297 I jxcore-log: 
02-08 19:23:21.799 25242 25297 I jxcore-log: 2017-02-08 16:23:21 - WARN thaliNotificationClient: 'peer is not available'
02-08 19:23:21.799 25242 25297 I jxcore-log: 
02-08 19:23:21.817 25242 25297 I jxcore-log: 2017-02-08 16:23:21 - DEBUG thaliManager: 'connected pskIdentity UK7BmOf_zszWdEf1a510StCvG41dqB426GkxOE0dxH0 for path /db/ThaliManagerCoordinated/_local/iKu6CJNZB0m0DP4Pm409ZQ%3D%3D'
02-08 19:23:21.817 25242 25297 I jxcore-log: 
02-08 19:23:21.857 25242 25297 I jxcore-log: 2017-02-08 16:23:21 - DEBUG thaliReplicationPeerAction: 'Replication resumed'
02-08 19:23:21.857 25242 25297 I jxcore-log: 
02-08 19:23:21.865 11651 11674 E bt_btm  : tBTM_SEC_DEV:0xf3fc44c8 rs_disc_pending=0
02-08 19:23:21.865 11651 11674 W bt_btif : bta_dm_check_av:0
02-08 19:23:21.865 11651 11667 W bt_btif : btif_dm_cback : unhandled event (14)
02-08 19:23:21.954 25242 25297 I jxcore-log: 2017-02-08 16:23:21 - DEBUG thaliManager: 'connected pskIdentity _9dbA6xdrbCf0QGgg4pua32sjaAEMuS5VfGv5ss7da4 for path /db/ThaliManagerCoordinated/_local/Zg0mAasueciTAASWEJ6l3A%3D%3D'
02-08 19:23:21.954 25242 25297 I jxcore-log: 
02-08 19:23:21.979 25242 25297 I jxcore-log: 2017-02-08 16:23:21 - DEBUG thaliSendNotificationBasedOnReplication: 'We must have stopped because we are complete -{"status":"cancelled"}'
02-08 19:23:21.979 25242 25297 I jxcore-log: 
02-08 19:23:22.034 25242 25297 D io.jxcore.node.JXcoreExtension: startUpdateAdvertisingAndListening
02-08 19:23:22.035 25242 25297 I io.jxcore.node.ConnectionHelper: start: Port number: 37049, start advertisements: true
02-08 19:23:22.035 25242 25297 V io.jxcore.node.ConnectivityMonitor: start: Already started
02-08 19:23:22.035 25242 25297 I io.jxcore.node.StartStopOperationHandler: updateBeaconAdExtraInformation: New value: 2
02-08 19:23:22.035 25242 25297 I org.thaliproject.p2p.btconnectorlib.DiscoveryManagerSettings: setBeaconAdExtraInformation: 1 -> 2
02-08 19:23:22.035 25242 25297 I org.thaliproject.p2p.btconnectorlib.internal.AbstractBluetoothConnectivityAgent: clearIdentityString
02-08 19:23:22.036 25242 25297 I org.thaliproject.p2p.btconnectorlib.internal.AbstractBluetoothConnectivityAgent: verifyIdentityString: Identity string created: {"generation":2,"address":"BC:75:74:3A:BC:F8"}
02-08 19:23:22.036 25242 25297 D org.thaliproject.p2p.btconnectorlib.internal.bluetooth.BluetoothConnector: setIdentityString: {"generation":2,"address":"BC:75:74:3A:BC:F8"}
02-08 19:23:22.036 25242 25297 D org.thaliproject.p2p.btconnectorlib.DiscoveryManager: onAdvertiseScanSettingsChanged: Current thread: Thread[Thread-889,5,main], id: 889
02-08 19:23:22.036 25242 25297 I org.thaliproject.p2p.btconnectorlib.internal.bluetooth.le.BlePeerDiscoverer: applySettings:
02-08 19:23:22.036 25242 25297 I org.thaliproject.p2p.btconnectorlib.internal.bluetooth.le.BlePeerDiscoverer:     - Manufacturer ID: 61973
02-08 19:23:22.036 25242 25297 I org.thaliproject.p2p.btconnectorlib.internal.bluetooth.le.BlePeerDiscoverer:     - Beacon ad length and type: 533
02-08 19:23:22.036 25242 25297 I org.thaliproject.p2p.btconnectorlib.internal.bluetooth.le.BlePeerDiscoverer:     - Beacon ad extra information: 2
02-08 19:23:22.036 25242 25297 I org.thaliproject.p2p.btconnectorlib.internal.bluetooth.le.BlePeerDiscoverer:     - Advertisement data type: DO_NOT_CARE
02-08 19:23:22.036 25242 25297 I org.thaliproject.p2p.btconnectorlib.internal.bluetooth.le.BlePeerDiscoverer:     - Advertise mode: 2
02-08 19:23:22.036 25242 25297 I org.thaliproject.p2p.btconnectorlib.internal.bluetooth.le.BlePeerDiscoverer:     - Advertise TX power level: 3
02-08 19:23:22.036 25242 25297 I org.thaliproject.p2p.btconnectorlib.internal.bluetooth.le.BlePeerDiscoverer:     - Scan mode: 2
02-08 19:23:22.036 25242 25297 I org.thaliproject.p2p.btconnectorlib.internal.bluetooth.le.BlePeerDiscoverer:     - Scan report delay in milliseconds: 500
02-08 19:23:22.036 25242 25297 I org.thaliproject.p2p.btconnectorlib.internal.bluetooth.le.BlePeerDiscoverer:     - Current thread: Thread[Thread-889,5,main], id: 889
02-08 19:23:22.036 25242 25297 D org.thaliproject.p2p.btconnectorlib.internal.bluetooth.le.BlePeerDiscoverer: Beacon extra: 2
02-08 19:23:22.036 25242 25297 D org.thaliproject.p2p.btconnectorlib.internal.bluetooth.le.BlePeerDiscoverer: applySettings: advertiserWasStarted true Current thread: Thread[Thread-889,5,main], id: 889
02-08 19:23:22.036 25242 25297 D org.thaliproject.p2p.btconnectorlib.internal.bluetooth.le.BlePeerDiscoverer: applySettings: stop advertiser Current thread: Thread[Thread-889,5,main], id: 889
02-08 19:23:22.037 25242 25297 D org.thaliproject.p2p.btconnectorlib.internal.bluetooth.le.BleAdvertiser: stop. Current thread: Thread[Thread-889,5,main], id: 889
02-08 19:23:22.039 11651 11669 D BtGatt.AdvertiseManager: message : 1
02-08 19:23:22.040 11651 11669 D BtGatt.AdvertiseManager: stop advertise for client 6
02-08 19:23:22.042 11651 11667 D BtGatt.GattService: onAdvertiseInstanceDisabled() - clientIf=6, status=0
02-08 19:23:22.042 11651 11667 D BtGatt.GattService: Client app is not null!
02-08 19:23:22.043 11651 11661 D BtGatt.GattService: unregisterClient() - clientIf=6
02-08 19:23:22.043 25242 25297 D org.thaliproject.p2p.btconnectorlib.internal.bluetooth.le.BleAdvertiser: stop: Stopped
02-08 19:23:22.044 25242 25297 D org.thaliproject.p2p.btconnectorlib.internal.bluetooth.le.BleAdvertiser: setState: current  = RUNNING, new = NOT_STARTEDCurrent thread: Thread[Thread-889,5,main], id: 889
02-08 19:23:22.044 25242 25297 D org.thaliproject.p2p.btconnectorlib.internal.bluetooth.le.BleAdvertiser: setState: State changed from RUNNING to NOT_STARTED
02-08 19:23:22.044 25242 25297 D org.thaliproject.p2p.btconnectorlib.internal.bluetooth.le.BleAdvertiser: setState: finished Current thread: Thread[Thread-889,5,main], id: 889
02-08 19:23:22.044 25242 25297 D org.thaliproject.p2p.btconnectorlib.internal.bluetooth.le.BleAdvertiser: stop finished. Current thread: Thread[Thread-889,5,main], id: 889
02-08 19:23:22.044 25242 25297 D org.thaliproject.p2p.btconnectorlib.internal.bluetooth.le.BleAdvertiser: setAdvertiseSettings, Current thread: Thread[Thread-889,5,main], id: 889
02-08 19:23:22.044 25242 25297 I org.thaliproject.p2p.btconnectorlib.internal.bluetooth.le.BleAdvertiser: setAdvertiseSettings: Mode: 2, Tx power level: 3, timeout: 0, is connectable: false
02-08 19:23:22.044 25242 25297 D org.thaliproject.p2p.btconnectorlib.internal.bluetooth.le.BlePeerDiscoverer: applySettings: start advertiser Current thread: Thread[Thread-889,5,main], id: 889
02-08 19:23:22.044 25242 25297 D org.thaliproject.p2p.btconnectorlib.internal.bluetooth.le.BlePeerDiscoverer: startAdvertiser: Current thread: Thread[Thread-889,5,main], id: 889
02-08 19:23:22.044 25242 25297 D org.thaliproject.p2p.btconnectorlib.internal.bluetooth.le.BlePeerDiscoverer: stopPeerAddressHelperAdvertiser Current thread: Thread[Thread-889,5,main], id: 889
02-08 19:23:22.044 25242 25297 I org.thaliproject.p2p.btconnectorlib.internal.bluetooth.le.BlePeerDiscoverer: startAdvertiser: Starting...
02-08 19:23:22.044 25242 25297 D org.thaliproject.p2p.btconnectorlib.internal.bluetooth.le.BlePeerDiscoverer: createAdvertiseData: createAdvertiseDataToServiceData 
02-08 19:23:22.044 25242 25297 I org.thaliproject.p2p.btconnectorlib.internal.bluetooth.le.PeerAdvertisementFactory: createAdvertiseDataToServiceData: Service UUID: "3bde2124-2767-4930-8ad2-05754401b590", Bluetooth MAC address: "BC:75:74:3A:BC:F8"
02-08 19:23:22.044 25242 25297 V org.thaliproject.p2p.btconnectorlib.internal.bluetooth.le.PeerAdvertisementFactory: createAdvertiseDataToServiceData: Service data (length is 7 bytes): 02 BC 75 74 3A BC F8
02-08 19:23:22.044 25242 25297 V org.thaliproject.p2p.btconnectorlib.internal.bluetooth.le.PeerAdvertisementFactory: createAdvertiseDataToServiceData: Created: AdvertiseData [mServiceUuids=[3bde2124-2767-4930-8ad2-05754401b590], mManufacturerSpecificData={}, mServiceData={3bde2124-2767-4930-8ad2-05754401b590=[2, -68, 117, 116, 58, -68, -8]}, mIncludeTxPowerLevel=false, mIncludeDeviceName=false]
02-08 19:23:22.044 25242 25297 I org.thaliproject.p2p.btconnectorlib.internal.bluetooth.le.BlePeerDiscoverer: createAdvertiseData: created AdvertiseData [mServiceUuids=[3bde2124-2767-4930-8ad2-05754401b590], mManufacturerSpecificData={}, mServiceData={3bde2124-2767-4930-8ad2-05754401b590=[2, -68, 117, 116, 58, -68, -8]}, mIncludeTxPowerLevel=false, mIncludeDeviceName=false]
02-08 19:23:22.044 25242 25297 D org.thaliproject.p2p.btconnectorlib.internal.bluetooth.le.BleAdvertiser: setAdvertiseData: Current thread: Thread[Thread-889,5,main], id: 889
02-08 19:23:22.044 25242 25297 D org.thaliproject.p2p.btconnectorlib.internal.bluetooth.le.BleAdvertiser: setAdvertiseData: AdvertiseData [mServiceUuids=[3bde2124-2767-4930-8ad2-05754401b590], mManufacturerSpecificData={}, mServiceData={3bde2124-2767-4930-8ad2-05754401b590=[2, -68, 117, 116, 58, -68, -8]}, mIncludeTxPowerLevel=false, mIncludeDeviceName=false]. Current thread: Thread[Thread-889,5,main], id: 889
02-08 19:23:22.044 25242 25297 D org.thaliproject.p2p.btconnectorlib.internal.bluetooth.le.BleAdvertiser: setAdvertiseData: was started = false
02-08 19:23:22.044 25242 25297 D org.thaliproject.p2p.btconnectorlib.internal.bluetooth.le.BleAdvertiser: setAdvertiseData: advertiseData = AdvertiseData [mServiceUuids=[3bde2124-2767-4930-8ad2-05754401b590], mManufacturerSpecificData={}, mServiceData={3bde2124-2767-4930-8ad2-05754401b590=[2, -68, 117, 116, 58, -68, -8]}, mIncludeTxPowerLevel=false, mIncludeDeviceName=false]
02-08 19:23:22.044 25242 25297 D org.thaliproject.p2p.btconnectorlib.internal.bluetooth.le.BleAdvertiser: setAdvertiseData finished: Current thread: Thread[Thread-889,5,main], id: 889
02-08 19:23:22.045 25242 25297 D org.thaliproject.p2p.btconnectorlib.internal.bluetooth.le.BleAdvertiser: start:  state = NOT_STARTEDCurrent thread: Thread[Thread-889,5,main], id: 889
02-08 19:23:22.045 25242 25297 I org.thaliproject.p2p.btconnectorlib.internal.bluetooth.le.BleAdvertiser: start: Starting... advertisement data = AdvertiseData [mServiceUuids=[3bde2124-2767-4930-8ad2-05754401b590], mManufacturerSpecificData={}, mServiceData={3bde2124-2767-4930-8ad2-05754401b590=[2, -68, 117, 116, 58, -68, -8]}, mIncludeTxPowerLevel=false, mIncludeDeviceName=false], Current thread: Thread[Thread-889,5,main], id: 889
02-08 19:23:22.045 25242 25297 D BluetoothAdapter: STATE_ON
02-08 19:23:22.046 11651 11698 D BtGatt.GattService: registerClient() - UUID=e44013b1-284b-4432-9cca-356f97ed7e25
02-08 19:23:22.047 11651 11667 D BtGatt.GattService: onClientRegistered() - UUID=e44013b1-284b-4432-9cca-356f97ed7e25, clientIf=6
02-08 19:23:22.047 25242 25254 D BluetoothLeAdvertiser: onClientRegistered() - status=0 clientIf=6
02-08 19:23:22.048 11651 11669 D BtGatt.AdvertiseManager: message : 0
02-08 19:23:22.050 11651 11669 D BtGatt.AdvertiseManager: starting multi advertising
02-08 19:23:22.052 11651 11667 D BtGatt.GattService: onAdvertiseInstanceEnabled() - clientIf=6, status=0
02-08 19:23:22.054 11651 11667 D BtGatt.GattService: onAdvertiseDataSet() - clientIf=6, status=0
02-08 19:23:22.055 25242 25297 I org.thaliproject.p2p.btconnectorlib.internal.bluetooth.le.BleAdvertiser: start: Started advertisment Current thread: Thread[Thread-889,5,main], id: 889
02-08 19:23:22.055 25242 25242 D org.thaliproject.p2p.btconnectorlib.internal.bluetooth.le.BleAdvertiser: onStartSuccess : Current thread: Thread[main,5,main], id: 1
02-08 19:23:22.055 25242 25297 D org.thaliproject.p2p.btconnectorlib.internal.bluetooth.le.BleAdvertiser: setState: current  = NOT_STARTED, new = STARTINGCurrent thread: Thread[Thread-889,5,main], id: 889
02-08 19:23:22.055 25242 25297 D org.thaliproject.p2p.btconnectorlib.internal.bluetooth.le.BleAdvertiser: setState: State changed from NOT_STARTED to STARTING
02-08 19:23:22.055 25242 25297 D org.thaliproject.p2p.btconnectorlib.internal.bluetooth.le.BleAdvertiser: setState: onIsAdvertiserStartedChanged default (no call to listener). Current thread: Thread[Thread-889,5,main], id: 889
02-08 19:23:22.055 25242 25297 D org.thaliproject.p2p.btconnectorlib.internal.bluetooth.le.BleAdvertiser: setState: finished Current thread: Thread[Thread-889,5,main], id: 889
02-08 19:23:22.055 25242 25297 I org.thaliproject.p2p.btconnectorlib.internal.bluetooth.le.BleAdvertiser: start: return, state = STARTINGCurrent thread: Thread[Thread-889,5,main], id: 889
02-08 19:23:22.055 25242 25297 D org.thaliproject.p2p.btconnectorlib.internal.bluetooth.le.BleAdvertiser: start returned: Current thread: Thread[Thread-889,5,main], id: 889
02-08 19:23:22.055 25242 25297 D org.thaliproject.p2p.btconnectorlib.internal.bluetooth.le.BlePeerDiscoverer: startAdvertiser started = true Current thread: Thread[Thread-889,5,main], id: 889
02-08 19:23:22.055 25242 25242 D org.thaliproject.p2p.btconnectorlib.internal.bluetooth.le.BleAdvertiser: setState: current  = STARTING, new = RUNNINGCurrent thread: Thread[main,5,main], id: 1
02-08 19:23:22.055 25242 25297 D org.thaliproject.p2p.btconnectorlib.internal.bluetooth.le.BlePeerDiscoverer: applySettings: start advertiser started = true Current thread: Thread[Thread-889,5,main], id: 889
02-08 19:23:22.055 25242 25297 D org.thaliproject.p2p.btconnectorlib.internal.bluetooth.le.BleScanner: applyAdditionalMarshmallowSettings
02-08 19:23:22.055 25242 25242 D org.thaliproject.p2p.btconnectorlib.internal.bluetooth.le.BleAdvertiser: setState: State changed from STARTING to RUNNING
02-08 19:23:22.056 25242 25297 D org.thaliproject.p2p.btconnectorlib.internal.bluetooth.le.BlePeerDiscoverer: applySettings: scannerWasStarted true Current thread: Thread[Thread-889,5,main], id: 889
02-08 19:23:22.056 25242 25242 D org.thaliproject.p2p.btconnectorlib.internal.bluetooth.le.BleAdvertiser: notifyAdvertiserStateChanged: started =  true. Current thread: Thread[main,5,main], id: 1
02-08 19:23:22.056 25242 25297 D org.thaliproject.p2p.btconnectorlib.internal.bluetooth.le.BlePeerDiscoverer: applySettings: stop scanner Current thread: Thread[Thread-889,5,main], id: 889
02-08 19:23:22.056 25242 25297 D org.thaliproject.p2p.btconnectorlib.internal.bluetooth.le.BleScanner: stop, Current thread: Thread[Thread-889,5,main], id: 889
02-08 19:23:22.056 25242 25242 D org.thaliproject.p2p.btconnectorlib.internal.bluetooth.le.BleAdvertiser: setState: finished Current thread: Thread[main,5,main], id: 1
02-08 19:23:22.056 25242 25242 I org.thaliproject.p2p.btconnectorlib.internal.bluetooth.le.BlePeerDiscoverer: onIsAdvertiserStartedChanged: trueCurrent thread: Thread[main,5,main], id: 1
02-08 19:23:22.056 25242 25242 D org.thaliproject.p2p.btconnectorlib.internal.bluetooth.le.BlePeerDiscoverer: updateState : Current thread: Thread[main,5,main], id: 1
02-08 19:23:22.056 25242 25242 D org.thaliproject.p2p.btconnectorlib.internal.bluetooth.le.BlePeerDiscoverer: updateState: deducedStateSet: [SCANNING, ADVERTISING]
02-08 19:23:22.056 25242 25242 D org.thaliproject.p2p.btconnectorlib.internal.bluetooth.le.BlePeerDiscoverer: updateState: stateSet: [SCANNING, ADVERTISING]
02-08 19:23:22.056 25242 25242 D org.thaliproject.p2p.btconnectorlib.internal.bluetooth.le.BlePeerDiscoverer: Current thread: Thread[main,5,main], id: 1
02-08 19:23:22.056 25242 25242 D org.thaliproject.p2p.btconnectorlib.internal.bluetooth.le.BlePeerDiscoverer: update state finished. Current thread: Thread[main,5,main], id: 1
02-08 19:23:22.056 25242 25297 D BluetoothAdapter: STATE_ON
02-08 19:23:22.056 11651 11703 D BtGatt.GattService: flushPendingBatchResults - clientIf=5, isServer=false
02-08 19:23:22.056 25242 25297 D org.thaliproject.p2p.btconnectorlib.internal.bluetooth.le.BleScanner: stop: scan results are flushed 
02-08 19:23:22.057 25242 25297 D BluetoothAdapter: STATE_ON
02-08 19:23:22.057 11651 11670 D BtGatt.ScanManager: flushPendingBatchResults - clientIf = 5
02-08 19:23:22.057 11651 11698 D BtGatt.GattService: stopScan() - queue size =1
02-08 19:23:22.057 11651 11699 D BtGatt.GattService: unregisterClient() - clientIf=5
02-08 19:23:22.057 25242 25297 D org.thaliproject.p2p.btconnectorlib.internal.bluetooth.le.BleScanner: stop: Stopped
02-08 19:23:22.057 25242 25297 D org.thaliproject.p2p.btconnectorlib.internal.bluetooth.le.BleScanner: set state: Current thread: Thread[Thread-889,5,main], id: 889
02-08 19:23:22.057 25242 25297 D org.thaliproject.p2p.btconnectorlib.internal.bluetooth.le.BleScanner: setState: State changed from RUNNING to NOT_STARTED
02-08 19:23:22.057 25242 25297 D org.thaliproject.p2p.btconnectorlib.internal.bluetooth.le.BleScanner: stop finished, Current thread: Thread[Thread-889,5,main], id: 889
02-08 19:23:22.057 25242 25297 I org.thaliproject.p2p.btconnectorlib.internal.bluetooth.le.BleScanner: setScanSettings: Mode: 2, report delay in milliseconds: 500, scan result type: 0
02-08 19:23:22.057 25242 25297 D org.thaliproject.p2p.btconnectorlib.internal.bluetooth.le.BlePeerDiscoverer: applySettings: start scanner Current thread: Thread[Thread-889,5,main], id: 889
02-08 19:23:22.058 25242 25297 D org.thaliproject.p2p.btconnectorlib.internal.bluetooth.le.BlePeerDiscoverer: startScanner: Current thread: Thread[Thread-889,5,main], id: 889
02-08 19:23:22.058 25242 25297 I org.thaliproject.p2p.btconnectorlib.internal.bluetooth.le.BlePeerDiscoverer: startScanner: Starting...
02-08 19:23:22.058 25242 25297 D org.thaliproject.p2p.btconnectorlib.internal.bluetooth.le.BlePeerDiscoveryUtils: createScanFilter: No service UUID, use manufacturer ID: true
02-08 19:23:22.058 25242 25297 D org.thaliproject.p2p.btconnectorlib.internal.bluetooth.le.BlePeerDiscoveryUtils: manufacturer ID: 61973
02-08 19:23:22.058 25242 25297 D org.thaliproject.p2p.btconnectorlib.internal.bluetooth.le.BlePeerDiscoveryUtils: createScanFilter: BluetoothLeScanFilter [mDeviceName=null, mDeviceAddress=null, mUuid=null, mUuidMask=null, mServiceDataUuid=null, mServiceData=null, mServiceDataMask=null, mManufacturerId=61973, mManufacturerData=null, mManufacturerDataMask=null]
02-08 19:23:22.058 25242 25297 D org.thaliproject.p2p.btconnectorlib.internal.bluetooth.le.BleScanner: start: Current thread: Thread[Thread-889,5,main], id: 889
02-08 19:23:22.058 11651 11667 D BtGatt.GattService: onBatchScanReports() - clientIf=5, status=0, reportType=2, numRecords=0
02-08 19:23:22.058 11651 11667 D BtGatt.ScanManager: callback done for clientIf - 5 status - 0
02-08 19:23:22.058 11651 11667 E BtGatt.ContextMap: Context not found for ID 5
02-08 19:23:22.058 25242 25297 D BluetoothAdapter: STATE_ON
02-08 19:23:22.059 11651 11662 D BtGatt.GattService: registerClient() - UUID=17347986-aa8d-4a00-b2e1-48a7443c75cf
02-08 19:23:22.059 11651 11667 D BtGatt.GattService: onClientRegistered() - UUID=17347986-aa8d-4a00-b2e1-48a7443c75cf, clientIf=5
02-08 19:23:22.060 25242 25254 D BluetoothLeScanner: onClientRegistered() - status=0 clientIf=5
02-08 19:23:22.060 11651 11699 D BtGatt.GattService: start scan with filters
02-08 19:23:22.061 11651 11667 D BtGatt.GattService: onScanFilterParamsConfigured() - clientIf=5, status=0, action=1, availableSpace=32
02-08 19:23:22.061 11651 11667 D BtGatt.ScanManager: callback done for clientIf - 5 status - 0
02-08 19:23:22.061 11651 11670 D BtGatt.ScanManager: stopping BLe Batch
02-08 19:23:22.062 25242 25297 D org.thaliproject.p2p.btconnectorlib.internal.bluetooth.le.BleScanner: start: scan started
02-08 19:23:22.062 25242 25297 D org.thaliproject.p2p.btconnectorlib.internal.bluetooth.le.BleScanner: set state: Current thread: Thread[Thread-889,5,main], id: 889
02-08 19:23:22.062 25242 25297 D org.thaliproject.p2p.btconnectorlib.internal.bluetooth.le.BleScanner: setState: State changed from NOT_STARTED to RUNNING
02-08 19:23:22.062 25242 25297 D org.thaliproject.p2p.btconnectorlib.internal.bluetooth.le.BleScanner: notifyScannerStateChanged: started =  true. Current thread: Thread[Thread-889,5,main], id: 889
02-08 19:23:22.062 25242 25297 D org.thaliproject.p2p.btconnectorlib.internal.bluetooth.le.BlePeerDiscoverer: applySettings: start scanner started = true Current thread: Thread[Thread-889,5,main], id: 889
02-08 19:23:22.062 25242 25297 V io.jxcore.node.StartStopOperation: isTargetState: Connectivity: RUNNING, discovery: RUNNING_BLE, is discovering: true, is advertising: true - Start operation: Should start/stop everything
02-08 19:23:22.062 25242 25297 V io.jxcore.node.StartStopOperationHandler: executeCurrentOperation: The current state already matches the desired outcome of this operation, skipping...
02-08 19:23:22.062 25242 25297 I io.jxcore.node.ConnectionHelper: start: OK
02-08 19:23:22.062 25242 25242 I org.thaliproject.p2p.btconnectorlib.internal.bluetooth.le.BlePeerDiscoverer: onIsScannerStartedChanged: trueCurrent thread: Thread[main,5,main], id: 1
02-08 19:23:22.062 25242 25242 D org.thaliproject.p2p.btconnectorlib.internal.bluetooth.le.BlePeerDiscoverer: updateState : Current thread: Thread[main,5,main], id: 1
02-08 19:23:22.062 25242 25242 D org.thaliproject.p2p.btconnectorlib.internal.bluetooth.le.BlePeerDiscoverer: updateState: deducedStateSet: [SCANNING, ADVERTISING]
02-08 19:23:22.062 25242 25242 D org.thaliproject.p2p.btconnectorlib.internal.bluetooth.le.BlePeerDiscoverer: updateState: stateSet: [SCANNING, ADVERTISING]
02-08 19:23:22.062 25242 25242 D org.thaliproject.p2p.btconnectorlib.internal.bluetooth.le.BlePeerDiscoverer: Current thread: Thread[main,5,main], id: 1
02-08 19:23:22.062 25242 25242 D org.thaliproject.p2p.btconnectorlib.internal.bluetooth.le.BlePeerDiscoverer: update state finished. Current thread: Thread[main,5,main], id: 1
02-08 19:23:22.064 11651 11667 D BtGatt.GattService: onBatchScanStartStopped() - clientIf=5, status=0, startStopAction=0
02-08 19:23:22.064 11651 11667 D BtGatt.ScanManager: callback done for clientIf - 5 status - 0
02-08 19:23:22.064 11651 11670 D BtGatt.ScanManager: flushPendingBatchResults - clientIf = 5
02-08 19:23:22.065 11651 11667 D BtGatt.GattService: onBatchScanReports() - clientIf=5, status=0, reportType=2, numRecords=0
02-08 19:23:22.065 11651 11667 D BtGatt.ScanManager: callback done for clientIf - 5 status - 0
02-08 19:23:22.067 11651 11670 D BtGatt.ScanManager: handling starting scan
02-08 19:23:22.068 11651 11667 D BtGatt.GattService: onScanFilterEnableDisabled() - clientIf=5, status=0, action=1
02-08 19:23:22.068 11651 11667 D BtGatt.ScanManager: callback done for clientIf - 5 status - 0
02-08 19:23:22.069 11651 11670 D BtGatt.ScanManager: configureFilterParamter 1500 10000 4 0
02-08 19:23:22.070 11651 11667 D BtGatt.GattService: onScanFilterParamsConfigured() - clientIf=5, status=0, action=0, availableSpace=31
02-08 19:23:22.070 11651 11667 D BtGatt.ScanManager: callback done for clientIf - 5 status - 0
02-08 19:23:22.070 11651 11670 D BtGatt.ScanManager: Starting BLE batch scan
02-08 19:23:22.070 11651 11670 D BtGatt.ScanManager: configuring batch scan storage, appIf 5
02-08 19:23:22.071 11651 11667 D BtGatt.GattService: onBatchScanStorageConfigured() - clientIf=5, status=0
02-08 19:23:22.071 11651 11667 D BtGatt.ScanManager: callback done for clientIf - 5 status - 0
02-08 19:23:22.072 11651 11667 D BtGatt.GattService: onBatchScanStartStopped() - clientIf=5, status=0, startStopAction=1
02-08 19:23:22.072 11651 11667 D BtGatt.ScanManager: callback done for clientIf - 5 status - 0
02-08 19:23:22.074 25242 25297 I jxcore-log: 2017-02-08 16:23:22 - INFO nodeSSDPServerLogger: '{ address: 'http://0.0.0.0:1900' } 'SSDP listening''
02-08 19:23:22.074 25242 25297 I jxcore-log: 
