02-08 19:23:22.075 25242 25297 I jxcore-log: 2017-02-08 16:23:22 - INFO nodeSSDPServerLogger: 'UDP socket bound'
02-08 19:23:22.075 25242 25297 I jxcore-log: 
02-08 19:23:22.075 25242 25297 I jxcore-log: 2017-02-08 16:23:22 - INFO nodeSSDPServerLogger: 'Socket bound'
02-08 19:23:22.075 25242 25297 I jxcore-log: 
02-08 19:23:22.076 25242 25297 I jxcore-log: 2017-02-08 16:23:22 - DEBUG thaliWifiInfrastructure: 'Emitting wifiPeerAvailabilityChanged {"peerIdentifier":"58eac76f-6ce5-4a0b-a9ea-12c4ed611ee0","generation":1,"portNumber":null,"hostAddress":null}'
02-08 19:23:22.076 25242 25297 I jxcore-log: 
02-08 19:23:22.077 25242 25297 I jxcore-log: 2017-02-08 16:23:22 - DEBUG thaliMobile: 'Emitting peerAvailabilityChanged from handlePeer {"peerIdentifier":"58eac76f-6ce5-4a0b-a9ea-12c4ed611ee0","connectionType":"tcp","peerAvailable":false,"generation":1,"newAddressPort":null}'
02-08 19:23:22.077 25242 25297 I jxcore-log: 
02-08 19:23:22.077 25242 25297 I jxcore-log: 2017-02-08 16:23:22 - WARN thaliNotificationClient: 'peer is not available'
02-08 19:23:22.077 25242 25297 I jxcore-log: 
02-08 19:23:22.079 25242 25297 I jxcore-log: 2017-02-08 16:23:22 - DEBUG thaliManager: 'connected pskIdentity _9dbA6xdrbCf0QGgg4pua32sjaAEMuS5VfGv5ss7da4 for path /db/ThaliManagerCoordinated/_changes'
02-08 19:23:22.079 25242 25297 I jxcore-log: 
02-08 19:23:22.084 25242 25297 I jxcore-log: 2017-02-08 16:23:22 - DEBUG thaliManager: 'connected pskIdentity _9dbA6xdrbCf0QGgg4pua32sjaAEMuS5VfGv5ss7da4 for path /db/ThaliManagerCoordinated/_local/thali_BKQK9Tx3U41u_fW395t6R6AZ4zkESfRlnZ4Ygkv7HuXJM_e4IpH6TpO02m2x_fqbIgb3zAFY_9uuuJWsvo_RCQI'
02-08 19:23:22.084 25242 25297 I jxcore-log: 
02-08 19:23:22.092 25242 25297 I jxcore-log: 2017-02-08 16:23:22 - DEBUG thaliManager: 'connected pskIdentity UK7BmOf_zszWdEf1a510StCvG41dqB426GkxOE0dxH0 for path /db/ThaliManagerCoordinated/_changes'
02-08 19:23:22.092 25242 25297 I jxcore-log: 
02-08 19:23:22.137 25242 25297 I jxcore-log: 2017-02-08 16:23:22 - DEBUG thaliManager: 'connected pskIdentity UK7BmOf_zszWdEf1a510StCvG41dqB426GkxOE0dxH0 for path /db/ThaliManagerCoordinated/_local/iKu6CJNZB0m0DP4Pm409ZQ%3D%3D'
02-08 19:23:22.137 25242 25297 I jxcore-log: 
02-08 19:23:22.158 25242 25297 I jxcore-log: ok 3 OK
02-08 19:23:22.158 25242 25297 I jxcore-log: 
02-08 19:23:22.189 25242 25297 I jxcore-log: # teardown
02-08 19:23:22.189 25242 25297 I jxcore-log: 
02-08 19:23:22.211 25242 25297 I jxcore-log: 2017-02-08 16:23:22 - DEBUG thaliWifiInfrastructure: 'Emitting wifiPeerAvailabilityChanged {"peerIdentifier":"68f89bf3-8f2c-469b-9b83-8578729f7eb2","generation":2,"hostAddress":"192.168.2.3","portNumber":42424}'
02-08 19:23:22.211 25242 25297 I jxcore-log: 
02-08 19:23:22.212 25242 25297 I jxcore-log: 2017-02-08 16:23:22 - DEBUG thaliMobile: 'Emitting peerAvailabilityChanged from handlePeer {"peerIdentifier":"68f89bf3-8f2c-469b-9b83-8578729f7eb2","connectionType":"tcp","peerAvailable":true,"generation":2,"newAddressPort":false}'
02-08 19:23:22.212 25242 25297 I jxcore-log: 
02-08 19:23:22.257 25242 25297 I jxcore-log: 2017-02-08 16:23:22 - DEBUG thaliManager: 'connected pskIdentity _9dbA6xdrbCf0QGgg4pua32sjaAEMuS5VfGv5ss7da4 for path /db/ThaliManagerCoordinated/_local/Zg0mAasueciTAASWEJ6l3A%3D%3D'
02-08 19:23:22.257 25242 25297 I jxcore-log: 
02-08 19:23:22.277 25242 25297 I jxcore-log: 2017-02-08 16:23:22 - DEBUG thaliManager: 'connected pskIdentity Beacon Please for path /NotificationBeacons'
02-08 19:23:22.277 25242 25297 I jxcore-log: 
02-08 19:23:22.292 25242 25297 I jxcore-log: 2017-02-08 16:23:22 - DEBUG thaliManager: 'connected pskIdentity Beacon Please for path /NotificationBeacons'
02-08 19:23:22.292 25242 25297 I jxcore-log: 
02-08 19:23:22.367 25242 25297 I jxcore-log: 2017-02-08 16:23:22 - DEBUG thaliManager: 'connected pskIdentity _9dbA6xdrbCf0QGgg4pua32sjaAEMuS5VfGv5ss7da4 for path /db/ThaliManagerCoordinated/_changes'
02-08 19:23:22.367 25242 25297 I jxcore-log: 
02-08 19:23:22.384 25242 25297 I jxcore-log: 2017-02-08 16:23:22 - DEBUG thaliManager: 'connected pskIdentity 8CAmhShx4RjlTh5iAO1rPgzdROG-w1LHMHZErKfIWBw for path /db/'
02-08 19:23:22.384 25242 25297 I jxcore-log: 
02-08 19:23:22.398 25242 25297 I jxcore-log: 2017-02-08 16:23:22 - DEBUG thaliManager: 'connected pskIdentity UK7BmOf_zszWdEf1a510StCvG41dqB426GkxOE0dxH0 for path /db/ThaliManagerCoordinated/_changes'
02-08 19:23:22.398 25242 25297 I jxcore-log: 
02-08 19:23:22.404 25242 25297 I jxcore-log: 2017-02-08 16:23:22 - DEBUG thaliManager: 'connected pskIdentity wHnpjJaZZ2dCQW2Hbk51yyCUwZaxnalpR1eD4z5Gflw for path /db/'
02-08 19:23:22.404 25242 25297 I jxcore-log: 
02-08 19:23:22.436 25242 25297 I jxcore-log: 2017-02-08 16:23:22 - DEBUG thaliManager: 'connected pskIdentity wHnpjJaZZ2dCQW2Hbk51yyCUwZaxnalpR1eD4z5Gflw for path /db/ThaliManagerCoordinated/_local/Zg0mAasueciTAASWEJ6l3A%3D%3D'
02-08 19:23:22.436 25242 25297 I jxcore-log: 
02-08 19:23:22.453 25242 25297 I jxcore-log: 2017-02-08 16:23:22 - DEBUG thaliManager: 'connected pskIdentity 8CAmhShx4RjlTh5iAO1rPgzdROG-w1LHMHZErKfIWBw for path /db/ThaliManagerCoordinated/_local/iKu6CJNZB0m0DP4Pm409ZQ%3D%3D'
02-08 19:23:22.453 25242 25297 I jxcore-log: 
02-08 19:23:22.464 25242 25297 I jxcore-log: 2017-02-08 16:23:22 - DEBUG thaliManager: 'connected pskIdentity _9dbA6xdrbCf0QGgg4pua32sjaAEMuS5VfGv5ss7da4 for path /db/ThaliManagerCoordinated/_local/Zg0mAasueciTAASWEJ6l3A%3D%3D'
02-08 19:23:22.464 25242 25297 I jxcore-log: 
02-08 19:23:22.469 25242 25297 I jxcore-log: 2017-02-08 16:23:22 - DEBUG thaliManager: 'connected pskIdentity UK7BmOf_zszWdEf1a510StCvG41dqB426GkxOE0dxH0 for path /db/ThaliManagerCoordinated/_local/iKu6CJNZB0m0DP4Pm409ZQ%3D%3D'
02-08 19:23:22.469 25242 25297 I jxcore-log: 
02-08 19:23:22.505 25242 25297 I jxcore-log: 2017-02-08 16:23:22 - DEBUG thaliReplicationPeerAction: 'Got paused with -  '
02-08 19:23:22.505 25242 25297 I jxcore-log: 
02-08 19:23:22.517 25242 25297 I jxcore-log: 2017-02-08 16:23:22 - DEBUG thaliWifiInfrastructure: 'Emitting wifiPeerAvailabilityChanged {"peerIdentifier":"58eac76f-6ce5-4a0b-a9ea-12c4ed611ee0","generation":2,"hostAddress":"192.168.2.5","portNumber":42693}'
02-08 19:23:22.517 25242 25297 I jxcore-log: 
02-08 19:23:22.517 25242 25297 I jxcore-log: 2017-02-08 16:23:22 - DEBUG thaliMobile: 'Emitting peerAvailabilityChanged from handlePeer {"peerIdentifier":"58eac76f-6ce5-4a0b-a9ea-12c4ed611ee0","connectionType":"tcp","peerAvailable":true,"generation":2,"newAddressPort":false}'
02-08 19:23:22.517 25242 25297 I jxcore-log: 
02-08 19:23:22.588 25242 25297 I jxcore-log: 2017-02-08 16:23:22 - DEBUG thaliManager: 'stopping thaliPeerPoolInterface'
02-08 19:23:22.588 25242 25297 I jxcore-log: 
02-08 19:23:22.593 25242 25297 I jxcore-log: 2017-02-08 16:23:22 - DEBUG thaliReplicationPeerAction: 'We called _complete with  but we are already killed and so we ignored it'
02-08 19:23:22.593 25242 25297 I jxcore-log: 
02-08 19:23:22.594 25242 25297 I jxcore-log: 2017-02-08 16:23:22 - DEBUG thaliReplicationPeerAction: 'We called _complete with  but we are already killed and so we ignored it'
02-08 19:23:22.594 25242 25297 I jxcore-log: 
02-08 19:23:22.661 25242 25297 I jxcore-log: 2017-02-08 16:23:22 - DEBUG thaliManager: 'connected pskIdentity wHnpjJaZZ2dCQW2Hbk51yyCUwZaxnalpR1eD4z5Gflw for path /db/ThaliManagerCoordinated/_changes'
02-08 19:23:22.661 25242 25297 I jxcore-log: 
02-08 19:23:22.692 25242 25297 I jxcore-log: 2017-02-08 16:23:22 - WARN thaliNotificationClient: '_createAndEnqueueAction: failed to enqueue an item: we ignored peer action, because we has been already stopped'
02-08 19:23:22.692 25242 25297 I jxcore-log: 
02-08 19:23:22.721 25242 25297 I jxcore-log: 2017-02-08 16:23:22 - DEBUG thaliWifiInfrastructure: 'Emitting wifiPeerAvailabilityChanged {"peerIdentifier":"68f89bf3-8f2c-469b-9b83-8578729f7eb2","generation":2,"portNumber":null,"hostAddress":null}'
02-08 19:23:22.721 25242 25297 I jxcore-log: 
02-08 19:23:22.722 25242 25297 I jxcore-log: 2017-02-08 16:23:22 - DEBUG thaliMobile: 'Emitting peerAvailabilityChanged from handlePeer {"peerIdentifier":"68f89bf3-8f2c-469b-9b83-8578729f7eb2","connectionType":"tcp","peerAvailable":false,"generation":2,"newAddressPort":null}'
02-08 19:23:22.722 25242 25297 I jxcore-log: 
02-08 19:23:22.722 25242 25297 I jxcore-log: 2017-02-08 16:23:22 - WARN thaliNotificationClient: 'peer is not available'
02-08 19:23:22.722 25242 25297 I jxcore-log: 
02-08 19:23:22.732 25242 25297 I jxcore-log: 2017-02-08 16:23:22 - DEBUG thaliReplicationPeerAction: 'We called _complete with  but we are already killed and so we ignored it'
02-08 19:23:22.732 25242 25297 I jxcore-log: 
02-08 19:23:22.734 25242 25297 I jxcore-log: 2017-02-08 16:23:22 - DEBUG thaliManager: 'stopping thaliPullReplicationFromNotification'
02-08 19:23:22.734 25242 25297 I jxcore-log: 
02-08 19:23:22.735 25242 25297 I jxcore-log: 2017-02-08 16:23:22 - DEBUG thaliManager: 'stopping thaliSendNotificationBasedOnReplication'
02-08 19:23:22.735 25242 25297 I jxcore-log: 
02-08 19:23:22.736 25242 25297 I jxcore-log: 2017-02-08 16:23:22 - DEBUG thaliSendNotificationBasedOnReplication: 'We must have stopped because we are complete -{"status":"cancelled"}'
02-08 19:23:22.736 25242 25297 I jxcore-log: 
02-08 19:23:22.738 25242 25297 I jxcore-log: 2017-02-08 16:23:22 - DEBUG thaliManager: 'stopping advertising and listening'
02-08 19:23:22.738 25242 25297 I jxcore-log: 
02-08 19:23:22.739 25242 25297 D io.jxcore.node.JXcoreExtension: stopAdvertisingAndListening
02-08 19:23:22.740 25242 25297 I io.jxcore.node.ConnectionHelper: stop: Stopping all activities and killing connections
02-08 19:23:22.740 25242 25297 V io.jxcore.node.StartStopOperation: isTargetState: Connectivity: RUNNING, discovery: RUNNING_BLE, is discovering: true, is advertising: true - Stop operation: Should start/stop everything
02-08 19:23:22.740 25242 25297 V io.jxcore.node.StartStopOperationHandler: executeCurrentOperation: Executing: Stop operation: Should start/stop everything
02-08 19:23:22.740 25242 25297 I org.thaliproject.p2p.btconnectorlib.ConnectionManager: stopListeningForIncomingConnections
02-08 19:23:22.740 25242 25297 I org.thaliproject.p2p.btconnectorlib.internal.bluetooth.BluetoothConnector: stopListeningForIncomingConnections: Stopping...
02-08 19:23:22.740 25242 25297 D org.thaliproject.p2p.btconnectorlib.internal.bluetooth.BluetoothServerThread: shutdown
02-08 19:23:22.740 25242 25297 D org.thaliproject.p2p.btconnectorlib.internal.bluetooth.BluetoothManager: release: 2 listener(s) left
02-08 19:23:22.740 25242 25297 D org.thaliproject.p2p.btconnectorlib.ConnectionManager: updateState: mShouldBeStarted :  false, mIsServerStarted:  true
02-08 19:23:22.740 25242 25297 D org.thaliproject.p2p.btconnectorlib.ConnectionManager: setState: RUNNING -> NOT_STARTED
02-08 19:23:22.740 25242 25297 I org.thaliproject.p2p.btconnectorlib.ConnectionManager: cancelAllConnectionAttempts
02-08 19:23:22.740 25242 25297 D org.thaliproject.p2p.btconnectorlib.internal.bluetooth.BluetoothConnector: cancelAllConnectionAttempts: Shutting down 2 client threads
02-08 19:23:22.741 25242 25242 I io.jxcore.node.ConnectionHelper: onConnectionManagerStateChanged: NOT_STARTED
02-08 19:23:22.741 25242 25320 V org.thaliproject.p2p.btconnectorlib.internal.bluetooth.BluetoothServerThread: closeBluetoothServerSocket: Bluetooth server socket closed
02-08 19:23:22.741 25242 25320 D org.thaliproject.p2p.btconnectorlib.internal.bluetooth.BluetoothServerThread: Exiting thread
02-08 19:23:22.741 25242 25297 I org.thaliproject.p2p.btconnectorlib.DiscoveryManager: stop: Stopping peer discovery...
02-08 19:23:22.742 25242 25297 D org.thaliproject.p2p.btconnectorlib.DiscoveryManager: stopForRestart Current thread: Thread[Thread-889,5,main], id: 889
02-08 19:23:22.742 25242 25297 D org.thaliproject.p2p.btconnectorlib.DiscoveryManager: stopForRestart. RUNNING_BLE
02-08 19:23:22.742 25242 25297 D org.thaliproject.p2p.btconnectorlib.internal.BluetoothMacAddressResolutionHelper: stopProvideBluetoothMacAddressMode
02-08 19:23:22.742 25242 25320 I org.thaliproject.p2p.btconnectorlib.internal.bluetooth.BluetoothConnector: onServerStopped: Was explicitly stopped: true
02-08 19:23:22.742 25242 25297 D org.thaliproject.p2p.btconnectorlib.internal.bluetooth.le.BlePeerDiscoverer: stopScannerAndAdvertiser: Current thread: Thread[Thread-889,5,main], id: 889
02-08 19:23:22.742 25242 25297 D org.thaliproject.p2p.btconnectorlib.internal.bluetooth.le.BlePeerDiscoverer: stopPeerAddressHelperAdvertiser Current thread: Thread[Thread-889,5,main], id: 889
02-08 19:23:22.742 25242 25297 D org.thaliproject.p2p.btconnectorlib.internal.bluetooth.le.BlePeerDiscoverer: stopScanner: Current thread: Thread[Thread-889,5,main], id: 889
02-08 19:23:22.742 25242 25297 I org.thaliproject.p2p.btconnectorlib.internal.bluetooth.le.BlePeerDiscoverer: stopScanner: Stopping...
02-08 19:23:22.742 25242 25297 D org.thaliproject.p2p.btconnectorlib.internal.bluetooth.le.BleScanner: stop, Current thread: Thread[Thread-889,5,main], id: 889
02-08 19:23:22.743 25242 25297 D BluetoothAdapter: STATE_ON
02-08 19:23:22.743 11651 11703 D BtGatt.GattService: flushPendingBatchResults - clientIf=5, isServer=false
02-08 19:23:22.743 25242 25297 D org.thaliproject.p2p.btconnectorlib.internal.bluetooth.le.BleScanner: stop: scan results are flushed 
02-08 19:23:22.743 25242 25297 D BluetoothAdapter: STATE_ON
02-08 19:23:22.744 11651 11698 D BtGatt.GattService: stopScan() - queue size =1
02-08 19:23:22.744 11651 11670 D BtGatt.ScanManager: flushPendingBatchResults - clientIf = 5
02-08 19:23:22.744 11651 11662 D BtGatt.GattService: unregisterClient() - clientIf=5
02-08 19:23:22.744 25242 25297 D org.thaliproject.p2p.btconnectorlib.internal.bluetooth.le.BleScanner: stop: Stopped
02-08 19:23:22.744 25242 25297 D org.thaliproject.p2p.btconnectorlib.internal.bluetooth.le.BleScanner: set state: Current thread: Thread[Thread-889,5,main], id: 889
02-08 19:23:22.744 25242 25297 D org.thaliproject.p2p.btconnectorlib.internal.bluetooth.le.BleScanner: setState: State changed from RUNNING to NOT_STARTED
02-08 19:23:22.744 25242 25297 D org.thaliproject.p2p.btconnectorlib.internal.bluetooth.le.BleScanner: notifyScannerStateChanged: started =  false. Current thread: Thread[Thread-889,5,main], id: 889
02-08 19:23:22.745 25242 25297 D org.thaliproject.p2p.btconnectorlib.internal.bluetooth.le.BleScanner: stop finished, Current thread: Thread[Thread-889,5,main], id: 889
02-08 19:23:22.744 25242 25323 D org.thaliproject.p2p.btconnectorlib.internal.bluetooth.BluetoothClientThread: shutdown: Thread ID: 891
02-08 19:23:22.745 25242 25297 D org.thaliproject.p2p.btconnectorlib.internal.bluetooth.le.BlePeerDiscoverer: stopAdvertiser:Current thread: Thread[Thread-889,5,main], id: 889
02-08 19:23:22.745 25242 25297 I org.thaliproject.p2p.btconnectorlib.internal.bluetooth.le.BlePeerDiscoverer: stopAdvertiser: Stopping...
02-08 19:23:22.745 25242 25297 D org.thaliproject.p2p.btconnectorlib.internal.bluetooth.le.BleAdvertiser: stop. Current thread: Thread[Thread-889,5,main], id: 889
02-08 19:23:22.745 25242 25323 D org.thaliproject.p2p.btconnectorlib.internal.bluetooth.BluetoothClientThread: close
02-08 19:23:22.745 25242 25323 D org.thaliproject.p2p.btconnectorlib.internal.bluetooth.BluetoothClientThread: close: Trying to close the Bluetooth socket... (thread ID: 891)
02-08 19:23:22.745 11651 11669 D BtGatt.AdvertiseManager: message : 1
02-08 19:23:22.746 25242 25323 D org.thaliproject.p2p.btconnectorlib.internal.bluetooth.BluetoothClientThread: close: Bluetooth socket closed (thread ID: 891)
02-08 19:23:22.746 25242 25321 E org.thaliproject.p2p.btconnectorlib.internal.bluetooth.BluetoothClientThread:  createSocketAndConnect: connect, read failed, socket might closed or timeout, read ret: -1
02-08 19:23:22.746 11651 11676 E bt_btif_sock_rfcomm: btsock_rfc_signaled socket signaled for read while disconnected, slot: 952, channel: 6
02-08 19:23:22.747 11651 11669 D BtGatt.AdvertiseManager: stop advertise for client 6
02-08 19:23:22.747 11651 11674 E bt_btif_sock_rfcomm: find_rfc_slot_by_id unable to find RFCOMM slot id: 952
02-08 19:23:22.746 25242 25321 I org.thaliproject.p2p.btconnectorlib.internal.bluetooth.BluetoothClientThread: socketConnectSucceeded false
02-08 19:23:22.747 25242 25321 I org.thaliproject.p2p.btconnectorlib.internal.bluetooth.BluetoothClientThread: Exiting thread (thread ID: 891)
02-08 19:23:22.749 11651 11667 D BtGatt.GattService: onBatchScanReports() - clientIf=5, status=0, reportType=2, numRecords=2
02-08 19:23:22.749 11651 11667 D BtGatt.ScanManager: callback done for clientIf - 5 status - 0
02-08 19:23:22.749 11651 11667 D BtGatt.GattService: current time is 2005760349282098
02-08 19:23:22.749 11651 11667 D BtGatt.GattService: Batch record : [30, 98, 90, -5, -89, 127, 1, -128, -58, 5, 0, 29, 17, 7, -112, -75, 1, 68, 117, 5, -46, -118, 48, 73, 103, 39, 36, 33, -34, 59, 10, 22, 36, 33, 2, 36, 0, -70, -7, -102, -97, 0, -97, -102, -7, -70, 0, 36, 0, -128, -58, 5, 0, 29, 17, 7, -112, -75, 1, 68, 117, 5, -46, -118, 48, 73, 103, 39, 36, 33, -34, 59, 10, 22, 36, 33, 2, 36, 0, -70, -7, -102, -97, 0]
02-08 19:23:22.750 11651 11667 D BtGatt.GattService: ScanRecord : [17, 7, -112, -75, 1, 68, 117, 5, -46, -118, 48, 73, 103, 39, 36, 33, -34, 59, 10, 22, 36, 33, 2, 36, 0, -70, -7, -102, -97]
02-08 19:23:22.750 11651 11667 D BtGatt.GattService: ScanRecord : [17, 7, -112, -75, 1, 68, 117, 5, -46, -118, 48, 73, 103, 39, 36, 33, -34, 59, 10, 22, 36, 33, 2, 36, 0, -70, -7, -102, -97]
02-08 19:23:22.750 11651 11667 E BtGatt.ContextMap: Context not found for ID 5
02-08 19:23:22.751 25242 25324 D org.thaliproject.p2p.btconnectorlib.internal.bluetooth.BluetoothClientThread: shutdown: Thread ID: 892
02-08 19:23:22.751 25242 25324 D org.thaliproject.p2p.btconnectorlib.internal.bluetooth.BluetoothClientThread: close
02-08 19:23:22.751 25242 25324 D org.thaliproject.p2p.btconnectorlib.internal.bluetooth.BluetoothClientThread: close: Trying to close the Bluetooth socket... (thread ID: 892)
02-08 19:23:22.752 11651 11667 D BtGatt.GattService: onAdvertiseInstanceDisabled() - clientIf=6, status=0
02-08 19:23:22.752 25242 25324 D org.thaliproject.p2p.btconnectorlib.internal.bluetooth.BluetoothClientThread: close: Bluetooth socket closed (thread ID: 892)
02-08 19:23:22.752 11651 11667 D BtGatt.GattService: Client app is not null!
02-08 19:23:22.752 25242 25322 E org.thaliproject.p2p.btconnectorlib.internal.bluetooth.BluetoothClientThread:  createSocketAndConnect: connect, read failed, socket might closed or timeout, read ret: -1
02-08 19:23:22.752 11651 11676 E bt_btif_sock_rfcomm: btsock_rfc_signaled socket signaled for read while disconnected, slot: 953, channel: -1
02-08 19:23:22.752 25242 25322 I org.thaliproject.p2p.btconnectorlib.internal.bluetooth.BluetoothClientThread: socketConnectSucceeded false
02-08 19:23:22.752 11651 11661 D BtGatt.GattService: unregisterClient() - clientIf=6
02-08 19:23:22.752 25242 25322 I org.thaliproject.p2p.btconnectorlib.internal.bluetooth.BluetoothClientThread: Exiting thread (thread ID: 892)
02-08 19:23:22.752 25242 25297 D org.thaliproject.p2p.btconnectorlib.internal.bluetooth.le.BleAdvertiser: stop: Stopped
02-08 19:23:22.753 25242 25297 D org.thaliproject.p2p.btconnectorlib.internal.bluetooth.le.BleAdvertiser: setState: current  = RUNNING, new = NOT_STARTEDCurrent thread: Thread[Thread-889,5,main], id: 889
02-08 19:23:22.753 25242 25297 D org.thaliproject.p2p.btconnectorlib.internal.bluetooth.le.BleAdvertiser: setState: State changed from RUNNING to NOT_STARTED
02-08 19:23:22.753 25242 25297 D org.thaliproject.p2p.btconnectorlib.internal.bluetooth.le.BleAdvertiser: notifyAdvertiserStateChanged: started =  false. Current thread: Thread[Thread-889,5,main], id: 889
02-08 19:23:22.753 25242 25297 D org.thaliproject.p2p.btconnectorlib.internal.bluetooth.le.BleAdvertiser: setState: finished Current thread: Thread[Thread-889,5,main], id: 889
02-08 19:23:22.753 25242 25297 D org.thaliproject.p2p.btconnectorlib.internal.bluetooth.le.BleAdvertiser: stop finished. Current thread: Thread[Thread-889,5,main], id: 889
02-08 19:23:22.753 25242 25297 D org.thaliproject.p2p.btconnectorlib.DiscoveryManager: stopBlePeerDiscoverer: Stopped
02-08 19:23:22.753 25242 25297 I org.thaliproject.p2p.btconnectorlib.internal.wifi.WifiDirectManager: release: No more listeners, de-initializing...
02-08 19:23:22.753 25242 25297 D org.thaliproject.p2p.btconnectorlib.internal.bluetooth.BluetoothManager: release: 1 listener(s) left
02-08 19:23:22.754 25242 25297 I org.thaliproject.p2p.btconnectorlib.utils.PeerModel: clear
02-08 19:23:22.754 25242 25297 D org.thaliproject.p2p.btconnectorlib.DiscoveryManager: updateState: Current thread: Thread[Thread-889,5,main], id: 889
02-08 19:23:22.754 25242 25297 D org.thaliproject.p2p.btconnectorlib.DiscoveryManager: updateStateInternal Current thread: Thread[Thread-889,5,main], id: 889
02-08 19:23:22.754 25242 25297 D org.thaliproject.p2p.btconnectorlib.DiscoveryManager: updateState: State: NOT_STARTED, is discovering: false, is advertising: false
02-08 19:23:22.754 25242 25297 D org.thaliproject.p2p.btconnectorlib.DiscoveryManager: updateStateInternal finished Current thread: Thread[Thread-889,5,main], id: 889
02-08 19:23:22.754 25242 25297 D org.thaliproject.p2p.btconnectorlib.DiscoveryManager: updateState finished Current thread: Thread[Thread-889,5,main], id: 889
02-08 19:23:22.754 25242 25242 V io.jxcore.node.StartStopOperation: isTargetState: Connectivity: NOT_STARTED, discovery: NOT_STARTED, is discovering: false, is advertising: false - Stop operation: Should start/stop everything
02-08 19:23:22.755 25242 25242 D io.jxcore.node.StartStopOperationHandler: processCurrentOperationStatus: Operation successfully executed
02-08 19:23:22.755 25242 25242 I org.thaliproject.p2p.btconnectorlib.DiscoveryManager: start: Discovery mode: BLE, start discovery: false, start advertiser: false
02-08 19:23:22.755 25242 25242 I org.thaliproject.p2p.btconnectorlib.DiscoveryManager: start: Discovery mode: BLE, start discovery: false, start advertiser: false
02-08 19:23:22.755 25242 25242 D org.thaliproject.p2p.btconnectorlib.ConnectionManager: onIsServerStartedChanged: false
02-08 19:23:22.755 25242 25242 D org.thaliproject.p2p.btconnectorlib.ConnectionManager: updateState: mShouldBeStarted :  false, mIsServerStarted:  false
02-08 19:23:22.755 25242 25242 I org.thaliproject.p2p.btconnectorlib.internal.bluetooth.le.BlePeerDiscoverer: onIsScannerStartedChanged: falseCurrent thread: Thread[main,5,main], id: 1
02-08 19:23:22.756 25242 25242 D org.thaliproject.p2p.btconnectorlib.internal.bluetooth.le.BlePeerDiscoverer: updateState : Current thread: Thread[main,5,main], id: 1
02-08 19:23:22.756 25242 25242 D org.thaliproject.p2p.btconnectorlib.internal.bluetooth.le.BlePeerDiscoverer: updateState: deducedStateSet: [NOT_STARTED]
02-08 19:23:22.756 25242 25242 D org.thaliproject.p2p.btconnectorlib.internal.bluetooth.le.BlePeerDiscoverer: updateState: stateSet: [SCANNING, ADVERTISING]
02-08 19:23:22.756 25242 25242 D org.thaliproject.p2p.btconnectorlib.internal.bluetooth.le.BlePeerDiscoverer: Current thread: Thread[main,5,main], id: 1
02-08 19:23:22.756 25242 25242 D org.thaliproject.p2p.btconnectorlib.internal.bluetooth.le.BlePeerDiscoverer: updateState: State changed from [SCANNING, ADVERTISING] to [NOT_STARTED]Current thread: Thread[main,5,main], id: 1
02-08 19:23:22.756 25242 25242 D org.thaliproject.p2p.btconnectorlib.internal.bluetooth.le.BlePeerDiscoverer: update state finished. Current thread: Thread[main,5,main], id: 1
02-08 19:23:22.756 25242 25242 I org.thaliproject.p2p.btconnectorlib.internal.bluetooth.le.BlePeerDiscoverer: onIsAdvertiserStartedChanged: falseCurrent thread: Thread[main,5,main], id: 1
02-08 19:23:22.756 25242 25242 D org.thaliproject.p2p.btconnectorlib.internal.bluetooth.le.BlePeerDiscoverer: updateState : Current thread: Thread[main,5,main], id: 1
02-08 19:23:22.757 25242 25242 D org.thaliproject.p2p.btconnectorlib.internal.bluetooth.le.BlePeerDiscoverer: updateState: deducedStateSet: [NOT_STARTED]
02-08 19:23:22.757 25242 25242 D org.thaliproject.p2p.btconnectorlib.internal.bluetooth.le.BlePeerDiscoverer: updateState: stateSet: [NOT_STARTED]
02-08 19:23:22.757 25242 25242 D org.thaliproject.p2p.btconnectorlib.internal.bluetooth.le.BlePeerDiscoverer: Current thread: Thread[main,5,main], id: 1
02-08 19:23:22.757 25242 25242 D org.thaliproject.p2p.btconnectorlib.internal.bluetooth.le.BlePeerDiscoverer: update state finished. Current thread: Thread[main,5,main], id: 1
02-08 19:23:22.757 25242 25242 I io.jxcore.node.ConnectionHelper: onDiscoveryManagerStateChanged: State: NOT_STARTED, is discovering: false, is advertising: false
02-08 19:23:22.759 11651 11667 D BtGatt.GattService: onScanFilterParamsConfigured() - clientIf=5, status=0, action=1, availableSpace=32
02-08 19:23:22.759 11651 11667 D BtGatt.ScanManager: callback done for clientIf - 5 status - 0
02-08 19:23:22.760 11651 11670 D BtGatt.ScanManager: stopping BLe Batch
02-08 19:23:22.762 11651 11667 D BtGatt.GattService: onBatchScanStartStopped() - clientIf=5, status=0, startStopAction=0
02-08 19:23:22.762 11651 11667 D BtGatt.ScanManager: callback done for clientIf - 5 status - 0
02-08 19:23:22.762 11651 11670 D BtGatt.ScanManager: flushPendingBatchResults - clientIf = 5
02-08 19:23:22.763 25242 25297 I jxcore-log: 2017-02-08 16:23:22 - DEBUG thaliManager: 'connected pskIdentity _9dbA6xdrbCf0QGgg4pua32sjaAEMuS5VfGv5ss7da4 for path /db/ThaliManagerCoordinated/_local/Zg0mAasueciTAASWEJ6l3A%3D%3D'
02-08 19:23:22.763 25242 25297 I jxcore-log: 
02-08 19:23:22.764 11651 11667 D BtGatt.GattService: onBatchScanReports() - clientIf=5, status=0, reportType=2, numRecords=0
02-08 19:23:22.764 11651 11667 D BtGatt.ScanManager: callback done for clientIf - 5 status - 0
02-08 19:23:22.771 25242 25297 I jxcore-log: 2017-02-08 16:23:22 - DEBUG thaliManager: 'connected pskIdentity wHnpjJaZZ2dCQW2Hbk51yyCUwZaxnalpR1eD4z5Gflw for path /db/ThaliManagerCoordinated/_changes'
02-08 19:23:22.771 25242 25297 I jxcore-log: 
02-08 19:23:22.775 25242 25297 I jxcore-log: 2017-02-08 16:23:22 - DEBUG makeIntoCloseAllServer: 'closeAll called on server'
02-08 19:23:22.775 25242 25297 I jxcore-log: 
02-08 19:23:22.778 25242 25297 D io.jxcore.node.JXcoreExtension: stopAdvertisingAndListening
02-08 19:23:22.778 25242 25297 I io.jxcore.node.ConnectionHelper: stop: Stopping all activities and killing connections
02-08 19:23:22.778 25242 25297 V io.jxcore.node.StartStopOperation: isTargetState: Connectivity: NOT_STARTED, discovery: NOT_STARTED, is discovering: false, is advertising: false - Stop operation: Should start/stop everything
02-08 19:23:22.778 25242 25297 V io.jxcore.node.StartStopOperationHandler: executeCurrentOperation: The current state already matches the desired outcome of this operation, skipping...
02-08 19:23:22.789 25242 25297 I jxcore-log: 2017-02-08 16:23:22 - DEBUG thaliManager: 'stopping listening for advertisements'
02-08 19:23:22.789 25242 25297 I jxcore-log: 
02-08 19:23:22.791 25242 25297 D io.jxcore.node.JXcoreExtension: stopListeningForAdvertisements
02-08 19:23:22.791 25242 25297 I io.jxcore.node.ConnectionHelper: stop: Stopping only listening for advertisements
02-08 19:23:22.791 25242 25297 V io.jxcore.node.StartStopOperation: isTargetState: Connectivity: NOT_STARTED, discovery: NOT_STARTED, is discovering: false, is advertising: false - Stop operation: Should affect listening to advertisements only
02-08 19:23:22.791 25242 25297 V io.jxcore.node.StartStopOperationHandler: executeCurrentOperation: The current state already matches the desired outcome of this operation, skipping...
02-08 19:23:22.794 25242 25297 I jxcore-log: 2017-02-08 16:23:22 - DEBUG thaliManager: 'stopping ThaliMobile'
02-08 19:23:22.794 25242 25297 I jxcore-log: 
02-08 19:23:22.795 25242 25297 I jxcore-log: 2017-02-08 16:23:22 - DEBUG thaliMobile: 'Emitting peerAvailabilityChanged from emitPeerUnavailable {"peerIdentifier":"BC:75:74:3A:BD:0F","connectionType":"AndroidBluetooth","peerAvailable":false,"generation":null,"newAddressPort":null}'
02-08 19:23:22.795 25242 25297 I jxcore-log: 
02-08 19:23:22.795 25242 25297 I jxcore-log: 2017-02-08 16:23:22 - DEBUG thaliMobile: 'Emitting peerAvailabilityChanged from emitPeerUnavailable {"peerIdentifier":"24:00:BA:F9:9A:9F","connectionType":"AndroidBluetooth","peerAvailable":false,"generation":null,"newAddressPort":null}'
02-08 19:23:22.795 25242 25297 I jxcore-log: 
02-08 19:23:22.796 25242 25297 I jxcore-log: 2017-02-08 16:23:22 - DEBUG thaliMobile: 'Emitting peerAvailabilityChanged from emitPeerUnavailable {"peerIdentifier":"58eac76f-6ce5-4a0b-a9ea-12c4ed611ee0","connectionType":"tcp","peerAvailable":false,"generation":null,"newAddressPort":null}'
02-08 19:23:22.796 25242 25297 I jxcore-log: 
02-08 19:23:22.797 25242 25297 D io.jxcore.node.JXcoreExtension: stopAdvertisingAndListening
02-08 19:23:22.797 25242 25297 I io.jxcore.node.ConnectionHelper: stop: Stopping all activities and killing connections
02-08 19:23:22.797 25242 25297 V io.jxcore.node.StartStopOperation: isTargetState: Connectivity: NOT_STARTED, discovery: NOT_STARTED, is discovering: false, is advertising: false - Stop operation: Should start/stop everything
02-08 19:23:22.797 25242 25297 V io.jxcore.node.StartStopOperationHandler: executeCurrentOperation: The current state already matches the desired outcome of this operation, skipping...
02-08 19:23:22.798 25242 25297 D io.jxcore.node.JXcoreExtension: stopListeningForAdvertisements
02-08 19:23:22.798 25242 25297 I io.jxcore.node.ConnectionHelper: stop: Stopping only listening for advertisements
02-08 19:23:22.798 25242 25297 V io.jxcore.node.StartStopOperation: isTargetState: Connectivity: NOT_STARTED, discovery: NOT_STARTED, is discovering: false, is advertising: false - Stop operation: Should affect listening to advertisements only
02-08 19:23:22.798 25242 25297 V io.jxcore.node.StartStopOperationHandler: executeCurrentOperation: The current state already matches the desired outcome of this operation, skipping...
02-08 19:23:22.799 25242 25297 I jxcore-log: 2017-02-08 16:23:22 - DEBUG makeIntoCloseAllServer: 'closeAll called on server'
02-08 19:23:22.799 25242 25297 I jxcore-log: 
02-08 19:23:22.800 25242 25297 I jxcore-log: 2017-02-08 16:23:22 - DEBUG makeIntoCloseAllServer: 'closeAll called on server'
02-08 19:23:22.800 25242 25297 I jxcore-log: 
02-08 19:23:22.800 25242 25297 I jxcore-log: 2017-02-08 16:23:22 - DEBUG makeIntoCloseAllServer: 'closeAll called on server'
02-08 19:23:22.800 25242 25297 I jxcore-log: 
02-08 19:23:22.801 25242 25297 I jxcore-log: 2017-02-08 16:23:22 - DEBUG createNativeListener: 'Native Server - close'
02-08 19:23:22.801 25242 25297 I jxcore-log: 
02-08 19:23:22.803 25242 25297 I jxcore-log: 2017-02-08 16:23:22 - DEBUG makeIntoCloseAllServer: 'closeAll called on server'
02-08 19:23:22.803 25242 25297 I jxcore-log: 
02-08 19:23:22.809 25242 25297 I jxcore-log: # setup
02-08 19:23:22.809 25242 25297 I jxcore-log: 
02-08 19:23:22.969 11651 11674 W bt_btif : bta_dm_acl_change info: 0x10
02-08 19:23:22.969 11651 11667 D bt_btif_dm: remote version info [24:00:ba:f9:9a:9f]: 0, 0, 0
02-08 19:23:22.974 11651 11667 E BluetoothRemoteDevices: state12newState0
02-08 19:23:22.996 13988 13988 I BTConnectionReceiver: onReceive(context, Intent { act=android.bluetooth.device.action.ACL_CONNECTED flg=0x4000010 cmp=com.google.android.googlequicksearchbox/com.google.android.search.core.service.BluetoothConnectionReceiver (has extras) }, [BluetoothDevice: address=24:00:BA:F9:9A:9F, alias=null, name=XYZ, majorDeviceClass=512, deviceClass=524]
02-08 19:23:22.999 13988 13988 I BluetoothClassifier: Bluetooth Device Name: XYZ
02-08 19:23:23.258 25242 25242 V io.jxcore.node.ConnectionHelper: Notifying discovery manager state change: is discovering: false, is advertising: false
02-08 19:23:23.262 25242 25297 I jxcore-log: 2017-02-08 16:23:23 - DEBUG thaliMobileNativeWrapper: 'discoveryAdvertisingStateUpdateNonTCP: {"discoveryActive":false,"advertisingActive":false}'
02-08 19:23:23.262 25242 25297 I jxcore-log: 
02-08 19:23:23.264 25242 25297 I jxcore-log: 2017-02-08 16:23:23 - INFO thaliMobile: 'Filtered out discoveryAdvertisingStateUpdate (was in stopped state).'
02-08 19:23:23.264 25242 25297 I jxcore-log: 
02-08 19:23:23.713 11651 11674 E bt_btm  : tBTM_SEC_DEV:0xf3fc44c8 rs_disc_pending=1
02-08 19:23:23.713 11651 11674 W bt_btif : bta_dm_check_av:0
02-08 19:23:23.714 11651 11667 W bt_btif : btif_dm_cback : unhandled event (14)
02-08 19:23:23.898 25242 25297 I jxcore-log: # test repeat write 1
02-08 19:23:23.898 25242 25297 I jxcore-log: 
02-08 19:23:23.956 11651 11674 E bt_btm  : tBTM_SEC_DEV:0xf3fc42d8 rs_disc_pending=1
02-08 19:23:23.956 11651 11674 W bt_btif : bta_dm_check_av:0
02-08 19:23:23.956 11651 11667 W bt_btif : btif_dm_cback : unhandled event (14)
02-08 19:23:23.993 11651 11674 W bt_sdp  : process_service_search_attr_rsp
02-08 19:23:24.017 11651 11674 E bt_btif_sock_rfcomm: find_rfc_slot_by_id unable to find RFCOMM slot id: 953
02-08 19:23:24.756 11651 11674 W bt_l2cap: L2CAP - no CCB for conn rsp, LCID: 67 RCID: 79
02-08 19:23:25.049 25242 25297 I jxcore-log: 2017-02-08 16:23:25 - DEBUG thaliManager: 'starting thaliPullReplicationFromNotification'
02-08 19:23:25.049 25242 25297 I jxcore-log: 
02-08 19:23:25.050 25242 25297 I jxcore-log: 2017-02-08 16:23:25 - DEBUG thaliPullReplicationFromNotification: 'starting thaliPeerPoolInterface'
02-08 19:23:25.050 25242 25297 I jxcore-log: 
02-08 19:23:25.051 25242 25297 I jxcore-log: 2017-02-08 16:23:25 - DEBUG thaliManager: 'starting ThaliMobile'
02-08 19:23:25.051 25242 25297 I jxcore-log: 
02-08 19:23:25.063 25242 25297 I jxcore-log: 2017-02-08 16:23:25 - DEBUG thaliMobileNativeWrapper: 'listening 46242'
02-08 19:23:25.063 25242 25297 I jxcore-log: 
02-08 19:23:25.065 25242 25297 I jxcore-log: 2017-02-08 16:23:25 - DEBUG createNativeListener: 'Creating Native Server'
02-08 19:23:25.065 25242 25297 I jxcore-log: 
02-08 19:23:25.067 25242 25297 I jxcore-log: 2017-02-08 16:23:25 - DEBUG createNativeListener: 'listening 49108'
02-08 19:23:25.067 25242 25297 I jxcore-log: 
02-08 19:23:25.069 25242 25297 I jxcore-log: 2017-02-08 16:23:25 - DEBUG thaliManager: 'start listening for advertisements'
02-08 19:23:25.069 25242 25297 I jxcore-log: 
02-08 19:23:25.073 25242 25297 D io.jxcore.node.JXcoreExtension: startListeningForAdvertisements
02-08 19:23:25.077 25242 25297 I io.jxcore.node.ConnectionHelper: start: Port number: 37049, start advertisements: false
02-08 19:23:25.078 25242 25297 V io.jxcore.node.ConnectivityMonitor: start: Already started
02-08 19:23:25.078 25242 25297 V io.jxcore.node.StartStopOperation: isTargetState: Connectivity: NOT_STARTED, discovery: NOT_STARTED, is discovering: false, is advertising: false - Start operation: Should affect listening to advertisements only
02-08 19:23:25.078 25242 25297 V io.jxcore.node.StartStopOperationHandler: executeCurrentOperation: Executing: Start operation: Should affect listening to advertisements only
02-08 19:23:25.078 25242 25297 I org.thaliproject.p2p.btconnectorlib.DiscoveryManager: start: Discovery mode: BLE, start discovery: true, start advertiser: false
02-08 19:23:25.078 25242 25297 I org.thaliproject.p2p.btconnectorlib.internal.bluetooth.BluetoothManager: bind: Binding a new listener
02-08 19:23:25.078 25242 25297 I org.thaliproject.p2p.btconnectorlib.internal.wifi.WifiDirectManager: bind: Binding a new listener
02-08 19:23:25.081 25242 25297 D org.thaliproject.p2p.btconnectorlib.DiscoveryManager: startBlePeerDiscoverer
02-08 19:23:25.081 25242 25297 V io.jxcore.node.ConnectionHelper: Received a request for permission "android.permission.ACCESS_COARSE_LOCATION", but we are expecting that all the required permissions have already been granted
02-08 19:23:25.081 25242 25297 V org.thaliproject.p2p.btconnectorlib.DiscoveryManager: getBlePeerDiscovererInstanceAndCheckBluetoothMacAddress: Constructing...
02-08 19:23:25.084 25242 25297 D org.thaliproject.p2p.btconnectorlib.internal.bluetooth.le.BleAdvertiser: setAdvertiseSettings, Current thread: Thread[Thread-889,5,main], id: 889
02-08 19:23:25.084 25242 25297 I org.thaliproject.p2p.btconnectorlib.internal.bluetooth.le.BleAdvertiser: setAdvertiseSettings: Mode: 2, Tx power level: 3, timeout: 0, is connectable: false
02-08 19:23:25.085 25242 25297 D org.thaliproject.p2p.btconnectorlib.internal.bluetooth.le.BleScanner: applyAdditionalMarshmallowSettings
02-08 19:23:25.085 25242 25297 I org.thaliproject.p2p.btconnectorlib.internal.bluetooth.le.BleScanner: setScanSettings: Mode: 2, report delay in milliseconds: 500, scan result type: 0
02-08 19:23:25.085 25242 25297 D org.thaliproject.p2p.btconnectorlib.internal.bluetooth.le.BlePeerDiscoverer: Beacon extra: 2
02-08 19:23:25.088 25242 25297 D org.thaliproject.p2p.btconnectorlib.internal.bluetooth.le.BlePeerDiscoverer: startScanner: Current thread: Thread[Thread-889,5,main], id: 889
02-08 19:23:25.088 25242 25297 I org.thaliproject.p2p.btconnectorlib.internal.bluetooth.le.BlePeerDiscoverer: startScanner: Starting...
02-08 19:23:25.088 25242 25297 D org.thaliproject.p2p.btconnectorlib.internal.bluetooth.le.BlePeerDiscoveryUtils: createScanFilter: No service UUID, use manufacturer ID: true
02-08 19:23:25.088 25242 25297 D org.thaliproject.p2p.btconnectorlib.internal.bluetooth.le.BlePeerDiscoveryUtils: manufacturer ID: 61973
02-08 19:23:25.088 25242 25297 D org.thaliproject.p2p.btconnectorlib.internal.bluetooth.le.BlePeerDiscoveryUtils: createScanFilter: BluetoothLeScanFilter [mDeviceName=null, mDeviceAddress=null, mUuid=null, mUuidMask=null, mServiceDataUuid=null, mServiceData=null, mServiceDataMask=null, mManufacturerId=61973, mManufacturerData=null, mManufacturerDataMask=null]
02-08 19:23:25.088 25242 25297 D org.thaliproject.p2p.btconnectorlib.internal.bluetooth.le.BleScanner: start: Current thread: Thread[Thread-889,5,main], id: 889
02-08 19:23:25.089 25242 25297 D BluetoothAdapter: STATE_ON
02-08 19:23:25.090 11651 11662 D BtGatt.GattService: registerClient() - UUID=b247bbf7-a6d2-4832-af3d-68b680d8f33c
02-08 19:23:25.091 11651 11667 D BtGatt.GattService: onClientRegistered() - UUID=b247bbf7-a6d2-4832-af3d-68b680d8f33c, clientIf=5
02-08 19:23:25.091 25242 25253 D BluetoothLeScanner: onClientRegistered() - status=0 clientIf=5
02-08 19:23:25.091 11651 11699 D BtGatt.GattService: start scan with filters
02-08 19:23:25.095 11651 11670 D BtGatt.ScanManager: handling starting scan
02-08 19:23:25.095 25242 25297 D org.thaliproject.p2p.btconnectorlib.internal.bluetooth.le.BleScanner: start: scan started
02-08 19:23:25.095 25242 25297 D org.thaliproject.p2p.btconnectorlib.internal.bluetooth.le.BleScanner: set state: Current thread: Thread[Thread-889,5,main], id: 889
02-08 19:23:25.095 25242 25297 D org.thaliproject.p2p.btconnectorlib.internal.bluetooth.le.BleScanner: setState: State changed from NOT_STARTED to RUNNING
02-08 19:23:25.096 25242 25297 D org.thaliproject.p2p.btconnectorlib.internal.bluetooth.le.BleScanner: notifyScannerStateChanged: started =  true. Current thread: Thread[Thread-889,5,main], id: 889
02-08 19:23:25.096 25242 25297 D org.thaliproject.p2p.btconnectorlib.DiscoveryManager: startBlePeerDiscoverer: OK
02-08 19:23:25.096 25242 25242 I org.thaliproject.p2p.btconnectorlib.internal.bluetooth.le.BlePeerDiscoverer: onIsScannerStartedChanged: trueCurrent thread: Thread[main,5,main], id: 1
02-08 19:23:25.096 25242 25242 D org.thaliproject.p2p.btconnectorlib.internal.bluetooth.le.BlePeerDiscoverer: updateState : Current thread: Thread[main,5,main], id: 1
02-08 19:23:25.096 25242 25242 D org.thaliproject.p2p.btconnectorlib.internal.bluetooth.le.BlePeerDiscoverer: updateState: deducedStateSet: [SCANNING]
02-08 19:23:25.096 25242 25242 D org.thaliproject.p2p.btconnectorlib.internal.bluetooth.le.BlePeerDiscoverer: updateState: stateSet: [NOT_STARTED]
02-08 19:23:25.096 25242 25242 D org.thaliproject.p2p.btconnectorlib.internal.bluetooth.le.BlePeerDiscoverer: Current thread: Thread[main,5,main], id: 1
02-08 19:23:25.096 25242 25242 D org.thaliproject.p2p.btconnectorlib.internal.bluetooth.le.BlePeerDiscoverer: updateState: State changed from [NOT_STARTED] to [SCANNING]Current thread: Thread[main,5,main], id: 1
02-08 19:23:25.096 25242 25242 D org.thaliproject.p2p.btconnectorlib.internal.bluetooth.le.BlePeerDiscoverer: update state finished. Current thread: Thread[main,5,main], id: 1
02-08 19:23:25.097 25242 25242 I org.thaliproject.p2p.btconnectorlib.DiscoveryManager: onBlePeerDiscovererStateChanged: [SCANNING, ADVERTISING] -> [SCANNING] Current thread: Thread[main,5,main], id: 1
02-08 19:23:25.097 11651 11667 D BtGatt.GattService: onScanFilterEnableDisabled() - clientIf=5, status=0, action=1
02-08 19:23:25.098 25242 25297 I org.thaliproject.p2p.btconnectorlib.DiscoveryManager: start: OK
02-08 19:23:25.098 11651 11667 D BtGatt.ScanManager: callback done for clientIf - 5 status - 0
02-08 19:23:25.098 25242 25297 D org.thaliproject.p2p.btconnectorlib.DiscoveryManager: updateState: Current thread: Thread[Thread-889,5,main], id: 889
02-08 19:23:25.098 11651 11670 D BtGatt.ScanManager: configureFilterParamter 1500 10000 4 0
02-08 19:23:25.100 11651 11667 D BtGatt.GattService: onScanFilterParamsConfigured() - clientIf=5, status=0, action=0, availableSpace=31
02-08 19:23:25.100 11651 11667 D BtGatt.ScanManager: callback done for clientIf - 5 status - 0
02-08 19:23:25.100 25242 25297 D org.thaliproject.p2p.btconnectorlib.DiscoveryManager: updateStateInternal Current thread: Thread[Thread-889,5,main], id: 889
02-08 19:23:25.100 11651 11670 D BtGatt.ScanManager: Starting BLE batch scan
02-08 19:23:25.100 25242 25297 D org.thaliproject.p2p.btconnectorlib.DiscoveryManager: updateState: State: RUNNING_BLE, is discovering: true, is advertising: false
02-08 19:23:25.100 11651 11670 D BtGatt.ScanManager: configuring batch scan storage, appIf 5
02-08 19:23:25.100 25242 25297 D org.thaliproject.p2p.btconnectorlib.DiscoveryManager: updateStateInternal finished Current thread: Thread[Thread-889,5,main], id: 889
02-08 19:23:25.100 25242 25297 D org.thaliproject.p2p.btconnectorlib.DiscoveryManager: updateState finished Current thread: Thread[Thread-889,5,main], id: 889
02-08 19:23:25.100 25242 25297 I io.jxcore.node.ConnectionHelper: start: OK
02-08 19:23:25.102 25242 25297 I jxcore-log: 2017-02-08 16:23:25 - INFO nodeSSDPClientLogger: '{ address: 'http://0.0.0.0:1900' } 'SSDP listening''
02-08 19:23:25.102 25242 25297 I jxcore-log: 
02-08 19:23:25.104 25242 25242 D org.thaliproject.p2p.btconnectorlib.DiscoveryManager: updateState: Current thread: Thread[main,5,main], id: 1
02-08 19:23:25.105 25242 25297 I jxcore-log: 2017-02-08 16:23:25 - INFO nodeSSDPClientLogger: 'Socket bound'
02-08 19:23:25.105 25242 25297 I jxcore-log: 
02-08 19:23:25.105 11651 11667 D BtGatt.GattService: onBatchScanStorageConfigured() - clientIf=5, status=0
02-08 19:23:25.105 11651 11667 D BtGatt.ScanManager: callback done for clientIf - 5 status - 0
02-08 19:23:25.106 11651 11667 D BtGatt.GattService: onBatchScanStartStopped() - clientIf=5, status=0, startStopAction=1
02-08 19:23:25.106 25242 25242 D org.thaliproject.p2p.btconnectorlib.DiscoveryManager: updateStateInternal Current thread: Thread[main,5,main], id: 1
02-08 19:23:25.107 11651 11667 D BtGatt.ScanManager: callback done for clientIf - 5 status - 0
02-08 19:23:25.107 25242 25242 D org.thaliproject.p2p.btconnectorlib.DiscoveryManager: updateStateInternal finished Current thread: Thread[main,5,main], id: 1
02-08 19:23:25.107 25242 25242 D org.thaliproject.p2p.btconnectorlib.DiscoveryManager: updateState finished Current thread: Thread[main,5,main], id: 1
02-08 19:23:25.107 25242 25242 I io.jxcore.node.ConnectionHelper: onDiscoveryManagerStateChanged: State: RUNNING_BLE, is discovering: true, is advertising: false
02-08 19:23:25.608 25242 25242 V io.jxcore.node.ConnectionHelper: Notifying discovery manager state change: is discovering: true, is advertising: false
02-08 19:23:25.608 25242 25242 V io.jxcore.node.StartStopOperation: isTargetState: Connectivity: NOT_STARTED, discovery: RUNNING_BLE, is discovering: true, is advertising: false - Start operation: Should affect listening to advertisements only
02-08 19:23:25.608 25242 25242 D io.jxcore.node.StartStopOperationHandler: processCurrentOperationStatus: Operation successfully executed
02-08 19:23:25.613 25242 25297 I jxcore-log: 2017-02-08 16:23:25 - DEBUG thaliMobileNativeWrapper: 'discoveryAdvertisingStateUpdateNonTCP: {"discoveryActive":true,"advertisingActive":false}'
02-08 19:23:25.613 25242 25297 I jxcore-log: 
02-08 19:23:25.623 25242 25297 I jxcore-log: 2017-02-08 16:23:25 - DEBUG thaliManager: 'start update advertising and listening'
02-08 19:23:25.623 25242 25297 I jxcore-log: 
02-08 19:23:25.640 25242 25297 D io.jxcore.node.JXcoreExtension: startUpdateAdvertisingAndListening
02-08 19:23:25.644 25242 25297 I io.jxcore.node.ConnectionHelper: start: Port number: 49108, start advertisements: true
02-08 19:23:25.644 25242 25297 V io.jxcore.node.ConnectivityMonitor: start: Already started
02-08 19:23:25.645 25242 25297 I io.jxcore.node.StartStopOperationHandler: updateBeaconAdExtraInformation: New value: 3
02-08 19:23:25.645 25242 25297 I org.thaliproject.p2p.btconnectorlib.DiscoveryManagerSettings: setBeaconAdExtraInformation: 2 -> 3
02-08 19:23:25.645 25242 25297 I org.thaliproject.p2p.btconnectorlib.internal.AbstractBluetoothConnectivityAgent: clearIdentityString
02-08 19:23:25.650 25242 25297 I org.thaliproject.p2p.btconnectorlib.internal.AbstractBluetoothConnectivityAgent: verifyIdentityString: Identity string created: {"generation":3,"address":"BC:75:74:3A:BC:F8"}
02-08 19:23:25.650 25242 25297 D org.thaliproject.p2p.btconnectorlib.internal.bluetooth.BluetoothConnector: setIdentityString: {"generation":3,"address":"BC:75:74:3A:BC:F8"}
02-08 19:23:25.651 25242 25297 D org.thaliproject.p2p.btconnectorlib.DiscoveryManager: onAdvertiseScanSettingsChanged: Current thread: Thread[Thread-889,5,main], id: 889
02-08 19:23:25.651 25242 25297 I org.thaliproject.p2p.btconnectorlib.internal.bluetooth.le.BlePeerDiscoverer: applySettings:
02-08 19:23:25.651 25242 25297 I org.thaliproject.p2p.btconnectorlib.internal.bluetooth.le.BlePeerDiscoverer:     - Manufacturer ID: 61973
02-08 19:23:25.651 25242 25297 I org.thaliproject.p2p.btconnectorlib.internal.bluetooth.le.BlePeerDiscoverer:     - Beacon ad length and type: 533
02-08 19:23:25.651 25242 25297 I org.thaliproject.p2p.btconnectorlib.internal.bluetooth.le.BlePeerDiscoverer:     - Beacon ad extra information: 3
02-08 19:23:25.651 25242 25297 I org.thaliproject.p2p.btconnectorlib.internal.bluetooth.le.BlePeerDiscoverer:     - Advertisement data type: DO_NOT_CARE
02-08 19:23:25.651 25242 25297 I org.thaliproject.p2p.btconnectorlib.internal.bluetooth.le.BlePeerDiscoverer:     - Advertise mode: 2
02-08 19:23:25.651 25242 25297 I org.thaliproject.p2p.btconnectorlib.internal.bluetooth.le.BlePeerDiscoverer:     - Advertise TX power level: 3
02-08 19:23:25.651 25242 25297 I org.thaliproject.p2p.btconnectorlib.internal.bluetooth.le.BlePeerDiscoverer:     - Scan mode: 2
02-08 19:23:25.651 25242 25297 I org.thaliproject.p2p.btconnectorlib.internal.bluetooth.le.BlePeerDiscoverer:     - Scan report delay in milliseconds: 500
02-08 19:23:25.651 25242 25297 I org.thaliproject.p2p.btconnectorlib.internal.bluetooth.le.BlePeerDiscoverer:     - Current thread: Thread[Thread-889,5,main], id: 889
02-08 19:23:25.651 25242 25297 D org.thaliproject.p2p.btconnectorlib.internal.bluetooth.le.BlePeerDiscoverer: Beacon extra: 3
02-08 19:23:25.651 25242 25297 D org.thaliproject.p2p.btconnectorlib.internal.bluetooth.le.BlePeerDiscoverer: applySettings: advertiserWasStarted false Current thread: Thread[Thread-889,5,main], id: 889
02-08 19:23:25.651 25242 25297 D org.thaliproject.p2p.btconnectorlib.internal.bluetooth.le.BleAdvertiser: setAdvertiseSettings, Current thread: Thread[Thread-889,5,main], id: 889
02-08 19:23:25.651 25242 25297 I org.thaliproject.p2p.btconnectorlib.internal.bluetooth.le.BleAdvertiser: setAdvertiseSettings: Mode: 2, Tx power level: 3, timeout: 0, is connectable: false
02-08 19:23:25.651 25242 25297 D org.thaliproject.p2p.btconnectorlib.internal.bluetooth.le.BleScanner: applyAdditionalMarshmallowSettings
02-08 19:23:25.651 25242 25297 D org.thaliproject.p2p.btconnectorlib.internal.bluetooth.le.BlePeerDiscoverer: applySettings: scannerWasStarted true Current thread: Thread[Thread-889,5,main], id: 889
02-08 19:23:25.652 25242 25297 D org.thaliproject.p2p.btconnectorlib.internal.bluetooth.le.BlePeerDiscoverer: applySettings: stop scanner Current thread: Thread[Thread-889,5,main], id: 889
02-08 19:23:25.652 25242 25297 D org.thaliproject.p2p.btconnectorlib.internal.bluetooth.le.BleScanner: stop, Current thread: Thread[Thread-889,5,main], id: 889
02-08 19:23:25.653 25242 25297 D BluetoothAdapter: STATE_ON
02-08 19:23:25.654 11651 11661 D BtGatt.GattService: flushPendingBatchResults - clientIf=5, isServer=false
02-08 19:23:25.654 25242 25297 D org.thaliproject.p2p.btconnectorlib.internal.bluetooth.le.BleScanner: stop: scan results are flushed 
02-08 19:23:25.655 11651 11670 D BtGatt.ScanManager: flushPendingBatchResults - clientIf = 5
02-08 19:23:25.657 25242 25297 D BluetoothAdapter: STATE_ON
02-08 19:23:25.658 11651 11667 D BtGatt.GattService: onBatchScanReports() - clientIf=5, status=0, reportType=2, numRecords=2
02-08 19:23:25.658 11651 11702 D BtGatt.GattService: stopScan() - queue size =1
02-08 19:23:25.659 11651 11667 D BtGatt.ScanManager: callback done for clientIf - 5 status - 0
02-08 19:23:25.659 11651 11667 D BtGatt.GattService: current time is 2005763258982722
