02-08 19:23:33.620 11651 11667 D BtGatt.GattService: Batch record : [15, -67, 58, 116, 117, -68, 0, -128, -62, 19, 0, 29, 17, 7, -112, -75, 1, 68, 117, 5, -46, -118, 48, 73, 103, 39, 36, 33, -34, 59, 10, 22, 36, 33, 8, -68, 117, 116, 58, -67, 15, 0, -10, 107, -18, -91, 27, 118, 1, -128, -62, 19, 0, 29, 17, 7, -112, -75, 1, 68, 117, 5, -46, -118, 48, 73, 103, 39, 36, 33, -34, 59, 10, 22, 36, 33, 9, -68, 117, 116, 58, -67, 15, 0, 15, -67, 58, 116, 117, -68, 0, -128, -62, 2, 0, 29, 17, 7, -112, -75, 1, 68, 117, 5, -46, -118, 48, 73, 103, 39, 36, 33, -34, 59, 10, 22, 36, 33, 9, -68, 117, 116, 58, -67, 15, 0, -69, 46, 51, 96, 54, 76, 1, -128, -58, 15, 0, 29, 17, 7, -112, -75, 1, 68, 117, 5, -46, -118, 48, 73, 103, 39, 36, 33, -34, 59, 10, 22, 36, 33, 9, 36, 0, -70, -7, -102, -97, 0, -97, -102, -7, -70, 0, 36, 0, -128, -58, 2, 0, 29, 17, 7, -112, -75, 1, 68, 117, 5, -46, -118, 48, 73, 103, 39, 36, 33, -34, 59, 10, 22, 36, 33, 9, 36, 0, -70, -7, -102, -97, 0]
02-08 19:23:33.620 11651 11667 D BtGatt.GattService: ScanRecord : [17, 7, -112, -75, 1, 68, 117, 5, -46, -118, 48, 73, 103, 39, 36, 33, -34, 59, 10, 22, 36, 33, 8, -68, 117, 116, 58, -67, 15]
02-08 19:23:33.621 11651 11667 D BtGatt.GattService: ScanRecord : [17, 7, -112, -75, 1, 68, 117, 5, -46, -118, 48, 73, 103, 39, 36, 33, -34, 59, 10, 22, 36, 33, 9, -68, 117, 116, 58, -67, 15]
02-08 19:23:33.621 11651 11667 D BtGatt.GattService: ScanRecord : [17, 7, -112, -75, 1, 68, 117, 5, -46, -118, 48, 73, 103, 39, 36, 33, -34, 59, 10, 22, 36, 33, 9, -68, 117, 116, 58, -67, 15]
02-08 19:23:33.621 11651 11667 D BtGatt.GattService: ScanRecord : [17, 7, -112, -75, 1, 68, 117, 5, -46, -118, 48, 73, 103, 39, 36, 33, -34, 59, 10, 22, 36, 33, 9, 36, 0, -70, -7, -102, -97]
02-08 19:23:33.621 11651 11667 D BtGatt.GattService: ScanRecord : [17, 7, -112, -75, 1, 68, 117, 5, -46, -118, 48, 73, 103, 39, 36, 33, -34, 59, 10, 22, 36, 33, 9, 36, 0, -70, -7, -102, -97]
02-08 19:23:33.623 25242 25297 D org.thaliproject.p2p.btconnectorlib.internal.bluetooth.le.BleScanner: start: scan started
02-08 19:23:33.623 25242 25297 D org.thaliproject.p2p.btconnectorlib.internal.bluetooth.le.BleScanner: set state: Current thread: Thread[Thread-889,5,main], id: 889
02-08 19:23:33.623 25242 25297 D org.thaliproject.p2p.btconnectorlib.internal.bluetooth.le.BleScanner: setState: State changed from NOT_STARTED to RUNNING
02-08 19:23:33.623 25242 25297 D org.thaliproject.p2p.btconnectorlib.internal.bluetooth.le.BleScanner: notifyScannerStateChanged: started =  true. Current thread: Thread[Thread-889,5,main], id: 889
02-08 19:23:33.623 25242 25297 D org.thaliproject.p2p.btconnectorlib.internal.bluetooth.le.BlePeerDiscoverer: applySettings: start scanner started = true Current thread: Thread[Thread-889,5,main], id: 889
02-08 19:23:33.623 25242 25297 V io.jxcore.node.StartStopOperation: isTargetState: Connectivity: RUNNING, discovery: RUNNING_BLE, is discovering: true, is advertising: true - Start operation: Should start/stop everything
02-08 19:23:33.623 25242 25297 V io.jxcore.node.StartStopOperationHandler: executeCurrentOperation: The current state already matches the desired outcome of this operation, skipping...
02-08 19:23:33.623 25242 25297 I io.jxcore.node.ConnectionHelper: start: OK
02-08 19:23:33.623 25242 25242 I org.thaliproject.p2p.btconnectorlib.internal.bluetooth.le.BlePeerDiscoverer: onIsScannerStartedChanged: trueCurrent thread: Thread[main,5,main], id: 1
02-08 19:23:33.623 25242 25242 D org.thaliproject.p2p.btconnectorlib.internal.bluetooth.le.BlePeerDiscoverer: updateState : Current thread: Thread[main,5,main], id: 1
02-08 19:23:33.623 25242 25242 D org.thaliproject.p2p.btconnectorlib.internal.bluetooth.le.BlePeerDiscoverer: updateState: deducedStateSet: [SCANNING, ADVERTISING]
02-08 19:23:33.623 25242 25242 D org.thaliproject.p2p.btconnectorlib.internal.bluetooth.le.BlePeerDiscoverer: updateState: stateSet: [SCANNING, ADVERTISING]
02-08 19:23:33.624 25242 25242 D org.thaliproject.p2p.btconnectorlib.internal.bluetooth.le.BlePeerDiscoverer: Current thread: Thread[main,5,main], id: 1
02-08 19:23:33.624 25242 25242 D org.thaliproject.p2p.btconnectorlib.internal.bluetooth.le.BlePeerDiscoverer: update state finished. Current thread: Thread[main,5,main], id: 1
02-08 19:23:33.625 25242 25242 D org.thaliproject.p2p.btconnectorlib.internal.bluetooth.le.BleScanner: onBatchScanResults: results count  = 5. Current thread: Thread[main,5,main], id: 1
02-08 19:23:33.625 25242 25242 D org.thaliproject.p2p.btconnectorlib.internal.bluetooth.le.BlePeerDiscoverer: checkScanResult: ScanResult{mDevice=76:1B:A5:EE:6B:F6, mScanRecord=ScanRecord [mAdvertiseFlags=-1, mServiceUuids=[3bde2124-2767-4930-8ad2-05754401b590], mManufacturerSpecificData={}, mServiceData={00002124-0000-1000-8000-00805f9b34fb=[9, -68, 117, 116, 58, -67, 15]}, mTxPowerLevel=-2147483648, mDeviceName=null], mRssi=-62, mTimestampNanos=2005770270369594}
02-08 19:23:33.625 25242 25242 D org.thaliproject.p2p.btconnectorlib.internal.bluetooth.le.BlePeerDiscoverer: checkScanResult: parsedAdvertisement: [UUID = null, bluetoothMacAddress = BC:75:74:3A:BD:0F, provideBluetoothMacAddressRequestId = nullextra info = 9]
02-08 19:23:33.625 11651 11667 D BtGatt.GattService: onScanFilterParamsConfigured() - clientIf=5, status=0, action=1, availableSpace=32
02-08 19:23:33.625 11651 11667 D BtGatt.ScanManager: callback done for clientIf - 5 status - 0
02-08 19:23:33.625 25242 25242 V org.thaliproject.p2p.btconnectorlib.internal.bluetooth.le.BlePeerDiscoverer: checkScanResult: Resolved advertisement type: ADVERTISEMENT_PEER_PROPERTIES
02-08 19:23:33.625 25242 25242 D org.thaliproject.p2p.btconnectorlib.internal.bluetooth.le.PeerAdvertisementFactory: Parsed advertisment: [UUID = 3bde2124-2767-4930-8ad2-05754401b590, bluetoothMacAddress = BC:75:74:3A:BD:0F, provideBluetoothMacAddressRequestId = nullextra info = 9]
02-08 19:23:33.625 11651 11670 D BtGatt.ScanManager: stopping BLe Batch
02-08 19:23:33.625 25242 25242 D org.thaliproject.p2p.btconnectorlib.internal.bluetooth.le.BlePeerDiscoverer: checkScanResult onPeerDiscovered [BC:75:74:3A:BD:0F 9]
02-08 19:23:33.626 25242 25242 D org.thaliproject.p2p.btconnectorlib.internal.bluetooth.le.BlePeerDiscoverer: checkScanResult: ScanResult{mDevice=BC:75:74:3A:BD:0F, mScanRecord=ScanRecord [mAdvertiseFlags=-1, mServiceUuids=[3bde2124-2767-4930-8ad2-05754401b590], mManufacturerSpecificData={}, mServiceData={00002124-0000-1000-8000-00805f9b34fb=[8, -68, 117, 116, 58, -67, 15]}, mTxPowerLevel=-2147483648, mDeviceName=null], mRssi=-62, mTimestampNanos=2005770270369594}
02-08 19:23:33.626 25242 25242 D org.thaliproject.p2p.btconnectorlib.internal.bluetooth.le.BlePeerDiscoverer: checkScanResult: parsedAdvertisement: [UUID = null, bluetoothMacAddress = BC:75:74:3A:BD:0F, provideBluetoothMacAddressRequestId = nullextra info = 8]
02-08 19:23:33.626 25242 25242 V org.thaliproject.p2p.btconnectorlib.internal.bluetooth.le.BlePeerDiscoverer: checkScanResult: Resolved advertisement type: ADVERTISEMENT_PEER_PROPERTIES
02-08 19:23:33.626 25242 25242 D org.thaliproject.p2p.btconnectorlib.internal.bluetooth.le.PeerAdvertisementFactory: Parsed advertisment: [UUID = 3bde2124-2767-4930-8ad2-05754401b590, bluetoothMacAddress = BC:75:74:3A:BD:0F, provideBluetoothMacAddressRequestId = nullextra info = 8]
02-08 19:23:33.626 25242 25242 D org.thaliproject.p2p.btconnectorlib.internal.bluetooth.le.BlePeerDiscoverer: checkScanResult onPeerDiscovered [BC:75:74:3A:BD:0F 8]
02-08 19:23:33.626 25242 25242 D org.thaliproject.p2p.btconnectorlib.internal.bluetooth.le.BlePeerDiscoverer: checkScanResult: ScanResult{mDevice=4C:36:60:33:2E:BB, mScanRecord=ScanRecord [mAdvertiseFlags=-1, mServiceUuids=[3bde2124-2767-4930-8ad2-05754401b590], mManufacturerSpecificData={}, mServiceData={00002124-0000-1000-8000-00805f9b34fb=[9, 36, 0, -70, -7, -102, -97]}, mTxPowerLevel=-2147483648, mDeviceName=null], mRssi=-58, mTimestampNanos=2005770470369594}
02-08 19:23:33.627 25242 25242 D org.thaliproject.p2p.btconnectorlib.internal.bluetooth.le.BlePeerDiscoverer: checkScanResult: parsedAdvertisement: [UUID = null, bluetoothMacAddress = 24:00:BA:F9:9A:9F, provideBluetoothMacAddressRequestId = nullextra info = 9]
02-08 19:23:33.627 25242 25242 V org.thaliproject.p2p.btconnectorlib.internal.bluetooth.le.BlePeerDiscoverer: checkScanResult: Resolved advertisement type: ADVERTISEMENT_PEER_PROPERTIES
02-08 19:23:33.627 25242 25242 D org.thaliproject.p2p.btconnectorlib.internal.bluetooth.le.PeerAdvertisementFactory: Parsed advertisment: [UUID = 3bde2124-2767-4930-8ad2-05754401b590, bluetoothMacAddress = 24:00:BA:F9:9A:9F, provideBluetoothMacAddressRequestId = nullextra info = 9]
02-08 19:23:33.627 25242 25242 D org.thaliproject.p2p.btconnectorlib.internal.bluetooth.le.BlePeerDiscoverer: checkScanResult onPeerDiscovered [24:00:BA:F9:9A:9F 9]
02-08 19:23:33.627 11651 11667 D BtGatt.GattService: onBatchScanStartStopped() - clientIf=5, status=0, startStopAction=0
02-08 19:23:33.627 25242 25242 D org.thaliproject.p2p.btconnectorlib.internal.bluetooth.le.BlePeerDiscoverer: checkScanResult: ScanResult{mDevice=24:00:BA:F9:9A:9F, mScanRecord=ScanRecord [mAdvertiseFlags=-1, mServiceUuids=[3bde2124-2767-4930-8ad2-05754401b590], mManufacturerSpecificData={}, mServiceData={00002124-0000-1000-8000-00805f9b34fb=[9, 36, 0, -70, -7, -102, -97]}, mTxPowerLevel=-2147483648, mDeviceName=null], mRssi=-58, mTimestampNanos=2005771120369594}
02-08 19:23:33.627 11651 11667 D BtGatt.ScanManager: callback done for clientIf - 5 status - 0
02-08 19:23:33.628 11651 11670 D BtGatt.ScanManager: flushPendingBatchResults - clientIf = 5
02-08 19:23:33.628 25242 25242 D org.thaliproject.p2p.btconnectorlib.internal.bluetooth.le.BlePeerDiscoverer: checkScanResult: parsedAdvertisement: [UUID = null, bluetoothMacAddress = 24:00:BA:F9:9A:9F, provideBluetoothMacAddressRequestId = nullextra info = 9]
02-08 19:23:33.628 25242 25242 V org.thaliproject.p2p.btconnectorlib.internal.bluetooth.le.BlePeerDiscoverer: checkScanResult: Resolved advertisement type: ADVERTISEMENT_PEER_PROPERTIES
02-08 19:23:33.628 25242 25242 D org.thaliproject.p2p.btconnectorlib.internal.bluetooth.le.PeerAdvertisementFactory: Parsed advertisment: [UUID = 3bde2124-2767-4930-8ad2-05754401b590, bluetoothMacAddress = 24:00:BA:F9:9A:9F, provideBluetoothMacAddressRequestId = nullextra info = 9]
02-08 19:23:33.628 25242 25242 D org.thaliproject.p2p.btconnectorlib.internal.bluetooth.le.BlePeerDiscoverer: checkScanResult onPeerDiscovered [24:00:BA:F9:9A:9F 9]
02-08 19:23:33.628 25242 25242 D org.thaliproject.p2p.btconnectorlib.internal.bluetooth.le.BlePeerDiscoverer: checkScanResult: ScanResult{mDevice=BC:75:74:3A:BD:0F, mScanRecord=ScanRecord [mAdvertiseFlags=-1, mServiceUuids=[3bde2124-2767-4930-8ad2-05754401b590], mManufacturerSpecificData={}, mServiceData={00002124-0000-1000-8000-00805f9b34fb=[9, -68, 117, 116, 58, -67, 15]}, mTxPowerLevel=-2147483648, mDeviceName=null], mRssi=-62, mTimestampNanos=2005771120369594}
02-08 19:23:33.628 25242 25242 D org.thaliproject.p2p.btconnectorlib.internal.bluetooth.le.BlePeerDiscoverer: checkScanResult: parsedAdvertisement: [UUID = null, bluetoothMacAddress = BC:75:74:3A:BD:0F, provideBluetoothMacAddressRequestId = nullextra info = 9]
02-08 19:23:33.628 25242 25242 V org.thaliproject.p2p.btconnectorlib.internal.bluetooth.le.BlePeerDiscoverer: checkScanResult: Resolved advertisement type: ADVERTISEMENT_PEER_PROPERTIES
02-08 19:23:33.629 25242 25242 D org.thaliproject.p2p.btconnectorlib.internal.bluetooth.le.PeerAdvertisementFactory: Parsed advertisment: [UUID = 3bde2124-2767-4930-8ad2-05754401b590, bluetoothMacAddress = BC:75:74:3A:BD:0F, provideBluetoothMacAddressRequestId = nullextra info = 9]
02-08 19:23:33.629 25242 25242 D org.thaliproject.p2p.btconnectorlib.internal.bluetooth.le.BlePeerDiscoverer: checkScanResult onPeerDiscovered [BC:75:74:3A:BD:0F 9]
02-08 19:23:33.629 25242 25242 D org.thaliproject.p2p.btconnectorlib.DiscoveryManager: onPeerDiscovered: [BC:75:74:3A:BD:0F 9]
02-08 19:23:33.629 25242 25242 V org.thaliproject.p2p.btconnectorlib.utils.PeerModel: addOrUpdateDiscoveredPeer: [BC:75:74:3A:BD:0F 9]
02-08 19:23:33.629 25242 25242 D org.thaliproject.p2p.btconnectorlib.utils.PeerModel: Want to call onPeerAdded. Listeners size = 1
02-08 19:23:33.629 25242 25242 D org.thaliproject.p2p.btconnectorlib.DiscoveryManager: onPeerAdded: [BC:75:74:3A:BD:0F 9]
02-08 19:23:33.629 25242 25242 V org.thaliproject.p2p.btconnectorlib.utils.PeerModel: addOrUpdateDiscoveredPeer: New peer, [BC:75:74:3A:BD:0F 9], added - the peer count is 1
02-08 19:23:33.629 11651 11667 D BtGatt.GattService: onBatchScanReports() - clientIf=5, status=0, reportType=2, numRecords=0
02-08 19:23:33.629 25242 25242 D org.thaliproject.p2p.btconnectorlib.DiscoveryManager: onPeerDiscovered: [BC:75:74:3A:BD:0F 8]
02-08 19:23:33.629 11651 11667 D BtGatt.ScanManager: callback done for clientIf - 5 status - 0
02-08 19:23:33.629 25242 25242 V org.thaliproject.p2p.btconnectorlib.utils.PeerModel: addOrUpdateDiscoveredPeer: [BC:75:74:3A:BD:0F 8]
02-08 19:23:33.629 25242 25242 D org.thaliproject.p2p.btconnectorlib.utils.PeerModel: has more info: false,  extra info differs: true
02-08 19:23:33.630 25242 25242 D org.thaliproject.p2p.btconnectorlib.utils.PeerModel: Want to call onPeerUpdated. Listeners size = 1
02-08 19:23:33.630 25242 25242 D org.thaliproject.p2p.btconnectorlib.DiscoveryManager: onPeerUpdated: [BC:75:74:3A:BD:0F 8]
02-08 19:23:33.630 25242 25242 V org.thaliproject.p2p.btconnectorlib.utils.PeerModel: addOrUpdateDiscoveredPeer: Timestamp of peer [BC:75:74:3A:BD:0F 8] updated - the peer count is 1
02-08 19:23:33.630 25242 25242 D org.thaliproject.p2p.btconnectorlib.DiscoveryManager: onPeerDiscovered: [24:00:BA:F9:9A:9F 9]
02-08 19:23:33.630 25242 25242 V org.thaliproject.p2p.btconnectorlib.utils.PeerModel: addOrUpdateDiscoveredPeer: [24:00:BA:F9:9A:9F 9]
02-08 19:23:33.630 25242 25242 D org.thaliproject.p2p.btconnectorlib.utils.PeerModel: Want to call onPeerAdded. Listeners size = 1
02-08 19:23:33.630 25242 25242 D org.thaliproject.p2p.btconnectorlib.DiscoveryManager: onPeerAdded: [24:00:BA:F9:9A:9F 9]
02-08 19:23:33.630 25242 25242 V org.thaliproject.p2p.btconnectorlib.utils.PeerModel: addOrUpdateDiscoveredPeer: New peer, [24:00:BA:F9:9A:9F 9], added - the peer count is 2
02-08 19:23:33.630 25242 25242 D org.thaliproject.p2p.btconnectorlib.DiscoveryManager: onPeerDiscovered: [24:00:BA:F9:9A:9F 9]
02-08 19:23:33.630 25242 25242 V org.thaliproject.p2p.btconnectorlib.utils.PeerModel: addOrUpdateDiscoveredPeer: [24:00:BA:F9:9A:9F 9]
02-08 19:23:33.630 25242 25242 D org.thaliproject.p2p.btconnectorlib.utils.PeerModel: has more info: false,  extra info differs: false
02-08 19:23:33.631 25242 25242 V org.thaliproject.p2p.btconnectorlib.utils.PeerModel: addOrUpdateDiscoveredPeer: Timestamp of peer [24:00:BA:F9:9A:9F 9] updated - the peer count is 2
02-08 19:23:33.631 25242 25242 D org.thaliproject.p2p.btconnectorlib.DiscoveryManager: onPeerDiscovered: [BC:75:74:3A:BD:0F 9]
02-08 19:23:33.631 25242 25242 V org.thaliproject.p2p.btconnectorlib.utils.PeerModel: addOrUpdateDiscoveredPeer: [BC:75:74:3A:BD:0F 9]
02-08 19:23:33.631 25242 25242 D org.thaliproject.p2p.btconnectorlib.utils.PeerModel: has more info: false,  extra info differs: true
02-08 19:23:33.631 25242 25242 D org.thaliproject.p2p.btconnectorlib.utils.PeerModel: Want to call onPeerUpdated. Listeners size = 1
02-08 19:23:33.631 25242 25242 D org.thaliproject.p2p.btconnectorlib.DiscoveryManager: onPeerUpdated: [BC:75:74:3A:BD:0F 9]
02-08 19:23:33.631 25242 25242 V org.thaliproject.p2p.btconnectorlib.utils.PeerModel: addOrUpdateDiscoveredPeer: Timestamp of peer [BC:75:74:3A:BD:0F 9] updated - the peer count is 2
02-08 19:23:33.631 25242 25242 I io.jxcore.node.ConnectionHelper: onPeerDiscovered: [BC:75:74:3A:BD:0F 9], Bluetooth address: BC:75:74:3A:BD:0F, device name: 'null', device address: 'null'
02-08 19:23:33.632 25242 25242 I io.jxcore.node.ConnectionHelper: onPeerUpdated: [BC:75:74:3A:BD:0F 8], device name: 'null', device address: 'null'
02-08 19:23:33.632 25242 25242 I io.jxcore.node.ConnectionHelper: onPeerDiscovered: [24:00:BA:F9:9A:9F 9], Bluetooth address: 24:00:BA:F9:9A:9F, device name: 'null', device address: 'null'
02-08 19:23:33.632 11651 11670 D BtGatt.ScanManager: handling starting scan
02-08 19:23:33.632 25242 25242 I io.jxcore.node.ConnectionHelper: onPeerUpdated: [BC:75:74:3A:BD:0F 9], device name: 'null', device address: 'null'
02-08 19:23:33.635 11651 11667 D BtGatt.GattService: onScanFilterEnableDisabled() - clientIf=5, status=0, action=1
02-08 19:23:33.635 11651 11667 D BtGatt.ScanManager: callback done for clientIf - 5 status - 0
02-08 19:23:33.635 25242 25297 I jxcore-log: 2017-02-08 16:23:33 - DEBUG thaliManager: 'connected pskIdentity LM0_vmtfgZNjYVsV6BWPxbpZztxmbaBaw6suijd-ZEk for path /db/ThaliManagerCoordinated/_local/6yQIw3RgtD9vX0nQcs6IWw%3D%3D'
02-08 19:23:33.635 25242 25297 I jxcore-log: 
02-08 19:23:33.636 11651 11670 D BtGatt.ScanManager: configureFilterParamter 1500 10000 4 0
02-08 19:23:33.638 25242 25297 I jxcore-log: 2017-02-08 16:23:33 - DEBUG thaliManager: 'connected pskIdentity khEUM_PMN2GGwORF_fK2KsokF8Wpmb26c1wbVUyP1ds for path /db/ThaliManagerCoordinated/_changes'
02-08 19:23:33.638 25242 25297 I jxcore-log: 
02-08 19:23:33.638 11651 11667 D BtGatt.GattService: onScanFilterParamsConfigured() - clientIf=5, status=0, action=0, availableSpace=31
02-08 19:23:33.639 11651 11667 D BtGatt.ScanManager: callback done for clientIf - 5 status - 0
02-08 19:23:33.639 11651 11670 D BtGatt.ScanManager: Starting BLE batch scan
02-08 19:23:33.639 11651 11670 D BtGatt.ScanManager: configuring batch scan storage, appIf 5
02-08 19:23:33.643 25242 25297 I jxcore-log: 2017-02-08 16:23:33 - INFO nodeSSDPServerLogger: '{ address: 'http://0.0.0.0:1900' } 'SSDP listening''
02-08 19:23:33.643 25242 25297 I jxcore-log: 
02-08 19:23:33.643 25242 25297 I jxcore-log: 2017-02-08 16:23:33 - INFO nodeSSDPServerLogger: 'UDP socket bound'
02-08 19:23:33.643 25242 25297 I jxcore-log: 
02-08 19:23:33.644 25242 25297 I jxcore-log: 2017-02-08 16:23:33 - INFO nodeSSDPServerLogger: 'Socket bound'
02-08 19:23:33.644 25242 25297 I jxcore-log: 
02-08 19:23:33.645 25242 25297 I jxcore-log: 2017-02-08 16:23:33 - DEBUG thaliMobileNativeWrapper: 'Received peerAvailabilityChanged event from native layer [{"peerIdentifier":"BC:75:74:3A:BD:0F","generation":9,"peerAvailable":true}]'
02-08 19:23:33.645 25242 25297 I jxcore-log: 
02-08 19:23:33.645 25242 25297 I jxcore-log: 2017-02-08 16:23:33 - DEBUG thaliMobileNativeWrapper: 'Received peer availability changed event with {"peerIdentifier":"BC:75:74:3A:BD:0F","generation":9,"peerAvailable":true}'
02-08 19:23:33.645 25242 25297 I jxcore-log: 
02-08 19:23:33.646 25242 25297 I jxcore-log: 2017-02-08 16:23:33 - DEBUG thaliMobileNativeWrapper: 'Received peerAvailabilityChanged event from native layer [{"peerIdentifier":"BC:75:74:3A:BD:0F","generation":8,"peerAvailable":true}]'
02-08 19:23:33.646 25242 25297 I jxcore-log: 
02-08 19:23:33.646 25242 25297 I jxcore-log: 2017-02-08 16:23:33 - DEBUG thaliMobileNativeWrapper: 'Received peer availability changed event with {"peerIdentifier":"BC:75:74:3A:BD:0F","generation":8,"peerAvailable":true}'
02-08 19:23:33.646 25242 25297 I jxcore-log: 
02-08 19:23:33.646 25242 25297 I jxcore-log: 2017-02-08 16:23:33 - DEBUG thaliMobileNativeWrapper: 'Received peerAvailabilityChanged event from native layer [{"peerIdentifier":"24:00:BA:F9:9A:9F","generation":9,"peerAvailable":true}]'
02-08 19:23:33.646 25242 25297 I jxcore-log: 
02-08 19:23:33.646 25242 25297 I jxcore-log: 2017-02-08 16:23:33 - DEBUG thaliMobileNativeWrapper: 'Received peer availability changed event with {"peerIdentifier":"24:00:BA:F9:9A:9F","generation":9,"peerAvailable":true}'
02-08 19:23:33.646 25242 25297 I jxcore-log: 
02-08 19:23:33.646 25242 25297 I jxcore-log: 2017-02-08 16:23:33 - DEBUG thaliMobileNativeWrapper: 'Received peerAvailabilityChanged event from native layer [{"peerIdentifier":"BC:75:74:3A:BD:0F","generation":9,"peerAvailable":true}]'
02-08 19:23:33.646 25242 25297 I jxcore-log: 
02-08 19:23:33.647 25242 25297 I jxcore-log: 2017-02-08 16:23:33 - DEBUG thaliMobileNativeWrapper: 'Received peer availability changed event with {"peerIdentifier":"BC:75:74:3A:BD:0F","generation":9,"peerAvailable":true}'
02-08 19:23:33.647 25242 25297 I jxcore-log: 
02-08 19:23:33.647 25242 25297 I jxcore-log: 2017-02-08 16:23:33 - DEBUG createPeerListener: 'creating new server for BC:75:74:3A:BD:0F'
02-08 19:23:33.647 25242 25297 I jxcore-log: 
02-08 19:23:33.648 25242 25297 I jxcore-log: 2017-02-08 16:23:33 - DEBUG createPeerListener: 'Node TCP/IP listener (server) for BC:75:74:3A:BD:0F listening on 45208'
02-08 19:23:33.648 25242 25297 I jxcore-log: 
02-08 19:23:33.648 25242 25297 I jxcore-log: 2017-02-08 16:23:33 - DEBUG thaliMobileNativeWrapper: 'handlePeerAvailabilityChanged - Emitting {"peerIdentifier":"BC:75:74:3A:BD:0F","peerAvailable":true,"generation":9,"portNumber":45208}'
02-08 19:23:33.648 25242 25297 I jxcore-log: 
02-08 19:23:33.648 11651 11667 D BtGatt.GattService: onBatchScanStorageConfigured() - clientIf=5, status=0
02-08 19:23:33.649 11651 11667 D BtGatt.ScanManager: callback done for clientIf - 5 status - 0
02-08 19:23:33.649 25242 25297 I jxcore-log: 2017-02-08 16:23:33 - DEBUG thaliMobile: 'Emitting peerAvailabilityChanged from handlePeer {"peerIdentifier":"BC:75:74:3A:BD:0F","connectionType":"AndroidBluetooth","peerAvailable":true,"generation":9,"newAddressPort":false}'
02-08 19:23:33.649 25242 25297 I jxcore-log: 
02-08 19:23:33.650 11651 11667 D BtGatt.GattService: onBatchScanStartStopped() - clientIf=5, status=0, startStopAction=1
02-08 19:23:33.650 11651 11667 D BtGatt.ScanManager: callback done for clientIf - 5 status - 0
02-08 19:23:33.652 25242 25297 I jxcore-log: 2017-02-08 16:23:33 - DEBUG thaliMobileNativeWrapper: 'handlePeerAvailabilityChanged - Emitting {"peerIdentifier":"BC:75:74:3A:BD:0F","peerAvailable":true,"generation":8,"portNumber":45208}'
02-08 19:23:33.652 25242 25297 I jxcore-log: 
02-08 19:23:33.652 25242 25297 I jxcore-log: 2017-02-08 16:23:33 - DEBUG thaliMobile: 'Emitting peerAvailabilityChanged from handlePeer {"peerIdentifier":"BC:75:74:3A:BD:0F","connectionType":"AndroidBluetooth","peerAvailable":true,"generation":8,"newAddressPort":false}'
02-08 19:23:33.652 25242 25297 I jxcore-log: 
02-08 19:23:33.653 25242 25297 I jxcore-log: 2017-02-08 16:23:33 - DEBUG createPeerListener: 'creating new server for 24:00:BA:F9:9A:9F'
02-08 19:23:33.653 25242 25297 I jxcore-log: 
02-08 19:23:33.657 25242 25297 I jxcore-log: 2017-02-08 16:23:33 - DEBUG createPeerListener: 'Node TCP/IP listener (server) for 24:00:BA:F9:9A:9F listening on 39100'
02-08 19:23:33.657 25242 25297 I jxcore-log: 
02-08 19:23:33.659 25242 25297 I jxcore-log: 2017-02-08 16:23:33 - DEBUG thaliMobileNativeWrapper: 'handlePeerAvailabilityChanged - Emitting {"peerIdentifier":"24:00:BA:F9:9A:9F","peerAvailable":true,"generation":9,"portNumber":39100}'
02-08 19:23:33.659 25242 25297 I jxcore-log: 
02-08 19:23:33.659 25242 25297 I jxcore-log: 2017-02-08 16:23:33 - DEBUG thaliMobile: 'Emitting peerAvailabilityChanged from handlePeer {"peerIdentifier":"24:00:BA:F9:9A:9F","connectionType":"AndroidBluetooth","peerAvailable":true,"generation":9,"newAddressPort":false}'
02-08 19:23:33.659 25242 25297 I jxcore-log: 
02-08 19:23:33.662 25242 25297 I jxcore-log: 2017-02-08 16:23:33 - DEBUG thaliMobileNativeWrapper: 'handlePeerAvailabilityChanged - Emitting {"peerIdentifier":"BC:75:74:3A:BD:0F","peerAvailable":true,"generation":9,"portNumber":45208}'
02-08 19:23:33.662 25242 25297 I jxcore-log: 
02-08 19:23:33.663 25242 25297 I jxcore-log: 2017-02-08 16:23:33 - DEBUG thaliMobile: 'Emitting peerAvailabilityChanged from handlePeer {"peerIdentifier":"BC:75:74:3A:BD:0F","connectionType":"AndroidBluetooth","peerAvailable":true,"generation":9,"newAddressPort":false}'
02-08 19:23:33.663 25242 25297 I jxcore-log: 
02-08 19:23:33.673 25242 25297 I jxcore-log: 2017-02-08 16:23:33 - DEBUG createPeerListener: 'Issuing callNative for BC:75:74:3A:BD:0F'
02-08 19:23:33.673 25242 25297 I jxcore-log: 
02-08 19:23:33.675 25242 25297 D io.jxcore.node.JXcoreExtension: connect: BC:75:74:3A:BD:0F
02-08 19:23:33.675 25242 25297 I io.jxcore.node.ConnectionHelper: connect: Trying to connect to peer with ID BC:75:74:3A:BD:0F
02-08 19:23:33.676 25242 25297 I org.thaliproject.p2p.btconnectorlib.ConnectionManager: connect: [BC:75:74:3A:BD:0F 9]
02-08 19:23:33.678 25242 25297 I org.thaliproject.p2p.btconnectorlib.internal.bluetooth.BluetoothConnector: connect: Trying to start connecting to Nexus 6P in address BC:75:74:3A:BD:0F
02-08 19:23:33.678 25242 25297 I org.thaliproject.p2p.btconnectorlib.internal.bluetooth.BluetoothClientThread: setInsecureRfcommSocketPortNumber: Using port -1
02-08 19:23:33.678 25242 25297 I org.thaliproject.p2p.btconnectorlib.internal.bluetooth.BluetoothClientThread: setMaxNumberOfRetries: 0
02-08 19:23:33.678 25242 25297 I org.thaliproject.p2p.btconnectorlib.ConnectionManager: onConnecting: Nexus 6P BC:75:74:3A:BD:0F
02-08 19:23:33.678 25242 25297 D org.thaliproject.p2p.btconnectorlib.internal.bluetooth.BluetoothConnector: connect: Started connecting to Nexus 6P in address BC:75:74:3A:BD:0F
02-08 19:23:33.679 25242 25297 I io.jxcore.node.ConnectionHelper: connect: Connection process successfully started (peer ID: BC:75:74:3A:BD:0F)
02-08 19:23:33.679 25242 25332 I org.thaliproject.p2p.btconnectorlib.internal.bluetooth.BluetoothClientThread: Trying to connect to peer with address BC:75:74:3A:BD:0F (thread ID: 901)
02-08 19:23:33.679 25242 25332 D org.thaliproject.p2p.btconnectorlib.internal.bluetooth.BluetoothClientThread: tryToConnect:  socketConnectSucceeded = false, mIsShuttingDown = false
02-08 19:23:33.679 25242 25332 D org.thaliproject.p2p.btconnectorlib.internal.bluetooth.BluetoothClientThread:  createSocketAndConnect: socket closed
02-08 19:23:33.679 25242 25332 D org.thaliproject.p2p.btconnectorlib.internal.bluetooth.BluetoothClientThread:  createSocketAndConnect: SYSTEM_DECIDED_INSECURE_RFCOMM_SOCKET_PORT
02-08 19:23:33.681 25242 25332 E org.thaliproject.p2p.btconnectorlib.internal.bluetooth.BluetoothClientThread:  createSocketAndConnect: connecting
02-08 19:23:33.681 25242 25332 W BluetoothAdapter: getBluetoothService() called with no BluetoothManagerCallback
02-08 19:23:33.683 25242 25297 I jxcore-log: 2017-02-08 16:23:33 - DEBUG createPeerListener: 'Issuing callNative for 24:00:BA:F9:9A:9F'
02-08 19:23:33.683 25242 25297 I jxcore-log: 
02-08 19:23:33.686 25242 25297 D io.jxcore.node.JXcoreExtension: connect: 24:00:BA:F9:9A:9F
02-08 19:23:33.686 25242 25297 I io.jxcore.node.ConnectionHelper: connect: Trying to connect to peer with ID 24:00:BA:F9:9A:9F
02-08 19:23:33.687 25242 25297 I org.thaliproject.p2p.btconnectorlib.ConnectionManager: connect: [24:00:BA:F9:9A:9F 9]
02-08 19:23:33.688 25242 25297 I org.thaliproject.p2p.btconnectorlib.internal.bluetooth.BluetoothConnector: connect: Trying to start connecting to XYZ in address 24:00:BA:F9:9A:9F
02-08 19:23:33.688 25242 25297 I org.thaliproject.p2p.btconnectorlib.internal.bluetooth.BluetoothClientThread: setInsecureRfcommSocketPortNumber: Using port -1
02-08 19:23:33.688 25242 25297 I org.thaliproject.p2p.btconnectorlib.internal.bluetooth.BluetoothClientThread: setMaxNumberOfRetries: 0
02-08 19:23:33.688 25242 25297 I org.thaliproject.p2p.btconnectorlib.ConnectionManager: onConnecting: XYZ 24:00:BA:F9:9A:9F
02-08 19:23:33.688 25242 25297 D org.thaliproject.p2p.btconnectorlib.internal.bluetooth.BluetoothConnector: connect: Started connecting to XYZ in address 24:00:BA:F9:9A:9F
02-08 19:23:33.688 25242 25297 I io.jxcore.node.ConnectionHelper: connect: Connection process successfully started (peer ID: 24:00:BA:F9:9A:9F)
02-08 19:23:33.689 25242 25333 I org.thaliproject.p2p.btconnectorlib.internal.bluetooth.BluetoothClientThread: Trying to connect to peer with address 24:00:BA:F9:9A:9F (thread ID: 902)
02-08 19:23:33.689 25242 25333 D org.thaliproject.p2p.btconnectorlib.internal.bluetooth.BluetoothClientThread: tryToConnect:  socketConnectSucceeded = false, mIsShuttingDown = false
02-08 19:23:33.689 25242 25333 D org.thaliproject.p2p.btconnectorlib.internal.bluetooth.BluetoothClientThread:  createSocketAndConnect: socket closed
02-08 19:23:33.689 25242 25333 D org.thaliproject.p2p.btconnectorlib.internal.bluetooth.BluetoothClientThread:  createSocketAndConnect: SYSTEM_DECIDED_INSECURE_RFCOMM_SOCKET_PORT
02-08 19:23:33.690 25242 25333 E org.thaliproject.p2p.btconnectorlib.internal.bluetooth.BluetoothClientThread:  createSocketAndConnect: connecting
02-08 19:23:33.690 25242 25333 W BluetoothAdapter: getBluetoothService() called with no BluetoothManagerCallback
02-08 19:23:33.735 25242 25297 I jxcore-log: 2017-02-08 16:23:33 - DEBUG thaliManager: 'connected pskIdentity Uldyh6HgNQuerjzmCysmdLPgEluojF722O0EaJGkYs0 for path /db/ThaliManagerCoordinated/_changes'
02-08 19:23:33.735 25242 25297 I jxcore-log: 
02-08 19:23:33.760 25242 25297 I jxcore-log: 2017-02-08 16:23:33 - DEBUG thaliManager: 'connected pskIdentity khEUM_PMN2GGwORF_fK2KsokF8Wpmb26c1wbVUyP1ds for path /db/ThaliManagerCoordinated/_local/ppz4CFswQ5wuNA3R_ZtK0A%3D%3D'
02-08 19:23:33.760 25242 25297 I jxcore-log: 
02-08 19:23:33.768 25242 25297 I jxcore-log: 2017-02-08 16:23:33 - DEBUG thaliManager: 'connected pskIdentity LM0_vmtfgZNjYVsV6BWPxbpZztxmbaBaw6suijd-ZEk for path /db/ThaliManagerCoordinated/_local/6yQIw3RgtD9vX0nQcs6IWw%3D%3D'
02-08 19:23:33.768 25242 25297 I jxcore-log: 
02-08 19:23:33.785 25242 25297 I jxcore-log: 2017-02-08 16:23:33 - DEBUG thaliManager: 'connected pskIdentity Uldyh6HgNQuerjzmCysmdLPgEluojF722O0EaJGkYs0 for path /db/ThaliManagerCoordinated/_local/6yQIw3RgtD9vX0nQcs6IWw%3D%3D'
02-08 19:23:33.785 25242 25297 I jxcore-log: 
02-08 19:23:33.787 25242 25297 I jxcore-log: 2017-02-08 16:23:33 - DEBUG thaliWifiInfrastructure: 'Emitting wifiPeerAvailabilityChanged {"peerIdentifier":"9a6b3de7-f446-40be-ae43-4cc6656d13c4","generation":2,"portNumber":null,"hostAddress":null}'
02-08 19:23:33.787 25242 25297 I jxcore-log: 
02-08 19:23:33.788 25242 25297 I jxcore-log: 2017-02-08 16:23:33 - DEBUG thaliMobile: 'Emitting peerAvailabilityChanged from handlePeer {"peerIdentifier":"9a6b3de7-f446-40be-ae43-4cc6656d13c4","connectionType":"tcp","peerAvailable":false,"generation":2,"newAddressPort":null}'
02-08 19:23:33.788 25242 25297 I jxcore-log: 
02-08 19:23:33.788 25242 25297 I jxcore-log: 2017-02-08 16:23:33 - WARN thaliNotificationClient: 'peer is not available'
02-08 19:23:33.788 25242 25297 I jxcore-log: 
02-08 19:23:33.788 25242 25297 I jxcore-log: 2017-02-08 16:23:33 - DEBUG thaliWifiInfrastructure: 'Emitting wifiPeerAvailabilityChanged {"peerIdentifier":"9a6b3de7-f446-40be-ae43-4cc6656d13c4","generation":3,"hostAddress":"192.168.2.5","portNumber":43434}'
02-08 19:23:33.788 25242 25297 I jxcore-log: 
02-08 19:23:33.789 25242 25297 I jxcore-log: 2017-02-08 16:23:33 - DEBUG thaliMobile: 'Emitting peerAvailabilityChanged from handlePeer {"peerIdentifier":"9a6b3de7-f446-40be-ae43-4cc6656d13c4","connectionType":"tcp","peerAvailable":true,"generation":3,"newAddressPort":false}'
02-08 19:23:33.789 25242 25297 I jxcore-log: 
02-08 19:23:33.794 25242 25297 I jxcore-log: 2017-02-08 16:23:33 - DEBUG thaliWifiInfrastructure: 'Emitting wifiPeerAvailabilityChanged {"peerIdentifier":"02bb45ff-894c-4f8b-a8a4-4600f5ba4018","generation":1,"portNumber":null,"hostAddress":null}'
02-08 19:23:33.794 25242 25297 I jxcore-log: 
02-08 19:23:33.795 25242 25297 I jxcore-log: 2017-02-08 16:23:33 - DEBUG thaliMobile: 'Emitting peerAvailabilityChanged from handlePeer {"peerIdentifier":"02bb45ff-894c-4f8b-a8a4-4600f5ba4018","connectionType":"tcp","peerAvailable":false,"generation":1,"newAddressPort":null}'
02-08 19:23:33.795 25242 25297 I jxcore-log: 
02-08 19:23:33.795 25242 25297 I jxcore-log: 2017-02-08 16:23:33 - WARN thaliNotificationClient: 'peer is not available'
02-08 19:23:33.795 25242 25297 I jxcore-log: 
02-08 19:23:33.796 25242 25297 I jxcore-log: 2017-02-08 16:23:33 - DEBUG thaliWifiInfrastructure: 'Emitting wifiPeerAvailabilityChanged {"peerIdentifier":"02bb45ff-894c-4f8b-a8a4-4600f5ba4018","generation":2,"hostAddress":"192.168.2.3","portNumber":49230}'
02-08 19:23:33.796 25242 25297 I jxcore-log: 
02-08 19:23:33.796 25242 25297 I jxcore-log: 2017-02-08 16:23:33 - DEBUG thaliMobile: 'Emitting peerAvailabilityChanged from handlePeer {"peerIdentifier":"02bb45ff-894c-4f8b-a8a4-4600f5ba4018","connectionType":"tcp","peerAvailable":true,"generation":2,"newAddressPort":false}'
02-08 19:23:33.796 25242 25297 I jxcore-log: 
02-08 19:23:33.849 25242 25297 I jxcore-log: 2017-02-08 16:23:33 - DEBUG thaliManager: 'connected pskIdentity Beacon Please for path /NotificationBeacons'
02-08 19:23:33.849 25242 25297 I jxcore-log: 
02-08 19:23:33.888 25242 25297 I jxcore-log: 2017-02-08 16:23:33 - DEBUG thaliManager: 'connected pskIdentity NT-QMOP_ElgqT-eKxBswe5j-WxaW7nvHOmP8xeh__ks for path /db/ThaliManagerCoordinated/_local/ppz4CFswQ5wuNA3R_ZtK0A%3D%3D'
02-08 19:23:33.888 25242 25297 I jxcore-log: 
02-08 19:23:33.934 25242 25297 I jxcore-log: 2017-02-08 16:23:33 - DEBUG thaliManager: 'connected pskIdentity Beacon Please for path /NotificationBeacons'
02-08 19:23:33.934 25242 25297 I jxcore-log: 
02-08 19:23:33.962 25242 25297 I jxcore-log: 2017-02-08 16:23:33 - DEBUG thaliManager: 'connected pskIdentity tswbAGYYYIaa6jW7IrA4s5Z0bU8SZQgj_Wqi9fL4H0s for path /db/'
02-08 19:23:33.962 25242 25297 I jxcore-log: 
02-08 19:23:33.994 25242 25297 I jxcore-log: 2017-02-08 16:23:33 - DEBUG thaliManager: 'connected pskIdentity tswbAGYYYIaa6jW7IrA4s5Z0bU8SZQgj_Wqi9fL4H0s for path /db/ThaliManagerCoordinated/_local/6yQIw3RgtD9vX0nQcs6IWw%3D%3D'
02-08 19:23:33.994 25242 25297 I jxcore-log: 
02-08 19:23:34.008 25242 25297 I jxcore-log: 2017-02-08 16:23:34 - DEBUG thaliReplicationPeerAction: 'Got paused with -  '
02-08 19:23:34.008 25242 25297 I jxcore-log: 
02-08 19:23:34.025 25242 25297 I jxcore-log: 2017-02-08 16:23:34 - DEBUG thaliManager: 'connected pskIdentity dght3z-QKWLWLBELw_dOQn6u4Z8MwGbOqvvDMsT7Ijw for path /db/'
02-08 19:23:34.025 25242 25297 I jxcore-log: 
02-08 19:23:34.030 25242 25297 I jxcore-log: 2017-02-08 16:23:34 - DEBUG thaliManager: 'connected pskIdentity LM0_vmtfgZNjYVsV6BWPxbpZztxmbaBaw6suijd-ZEk for path /db/ThaliManagerCoordinated/_local/6yQIw3RgtD9vX0nQcs6IWw%3D%3D'
02-08 19:23:34.030 25242 25297 I jxcore-log: 
02-08 19:23:34.055 11651 11674 W bt_sdp  : process_service_search_attr_rsp
02-08 19:23:34.062 25242 25297 I jxcore-log: 2017-02-08 16:23:34 - DEBUG thaliManager: 'connected pskIdentity khEUM_PMN2GGwORF_fK2KsokF8Wpmb26c1wbVUyP1ds for path /db/ThaliManagerCoordinated/_changes'
02-08 19:23:34.062 25242 25297 I jxcore-log: 
02-08 19:23:34.067 25242 25297 I jxcore-log: 2017-02-08 16:23:34 - DEBUG thaliManager: 'connected pskIdentity dght3z-QKWLWLBELw_dOQn6u4Z8MwGbOqvvDMsT7Ijw for path /db/ThaliManagerCoordinated/_local/ppz4CFswQ5wuNA3R_ZtK0A%3D%3D'
02-08 19:23:34.067 25242 25297 I jxcore-log: 
02-08 19:23:34.102 25242 25297 I jxcore-log: 2017-02-08 16:23:34 - DEBUG thaliManager: 'connected pskIdentity Uldyh6HgNQuerjzmCysmdLPgEluojF722O0EaJGkYs0 for path /db/ThaliManagerCoordinated/_changes'
02-08 19:23:34.102 25242 25297 I jxcore-log: 
02-08 19:23:34.130 25242 25297 I jxcore-log: 2017-02-08 16:23:34 - DEBUG thaliManager: 'connected pskIdentity khEUM_PMN2GGwORF_fK2KsokF8Wpmb26c1wbVUyP1ds for path /db/ThaliManagerCoordinated/_local/ppz4CFswQ5wuNA3R_ZtK0A%3D%3D'
02-08 19:23:34.130 25242 25297 I jxcore-log: 
02-08 19:23:34.161 25242 25297 I jxcore-log: 2017-02-08 16:23:34 - DEBUG thaliManager: 'connected pskIdentity LM0_vmtfgZNjYVsV6BWPxbpZztxmbaBaw6suijd-ZEk for path /db/ThaliManagerCoordinated/_local/6yQIw3RgtD9vX0nQcs6IWw%3D%3D'
02-08 19:23:34.161 25242 25297 I jxcore-log: 
02-08 19:23:34.166 25242 25297 I jxcore-log: 2017-02-08 16:23:34 - DEBUG thaliReplicationPeerAction: 'Got paused with -  '
02-08 19:23:34.166 25242 25297 I jxcore-log: 
02-08 19:23:34.192 25242 25297 I jxcore-log: 2017-02-08 16:23:34 - DEBUG thaliManager: 'connected pskIdentity Uldyh6HgNQuerjzmCysmdLPgEluojF722O0EaJGkYs0 for path /db/ThaliManagerCoordinated/_local/6yQIw3RgtD9vX0nQcs6IWw%3D%3D'
02-08 19:23:34.192 25242 25297 I jxcore-log: 
02-08 19:23:34.199 25242 25297 I jxcore-log: 2017-02-08 16:23:34 - DEBUG thaliReplicationPeerAction: 'Got paused with -  '
02-08 19:23:34.199 25242 25297 I jxcore-log: 
02-08 19:23:34.202 25242 25297 I jxcore-log: 2017-02-08 16:23:34 - DEBUG thaliManager: 'connected pskIdentity NT-QMOP_ElgqT-eKxBswe5j-WxaW7nvHOmP8xeh__ks for path /db/ThaliManagerCoordinated/_local/ppz4CFswQ5wuNA3R_ZtK0A%3D%3D'
02-08 19:23:34.202 25242 25297 I jxcore-log: 
02-08 19:23:34.221 11651 11651 D BtGatt.ScanManager: awakened up at time 2005771821
02-08 19:23:34.223 11651 11670 D BtGatt.ScanManager: flushPendingBatchResults - clientIf = 5
02-08 19:23:34.230 11651 11667 D BtGatt.GattService: onBatchScanReports() - clientIf=5, status=0, reportType=2, numRecords=4
02-08 19:23:34.231 11651 11667 D BtGatt.ScanManager: callback done for clientIf - 5 status - 0
02-08 19:23:34.231 11651 11667 D BtGatt.GattService: current time is 2005771831418552
02-08 19:23:34.231 11651 11667 D BtGatt.GattService: Batch record : [124, 33, 106, -14, -23, 88, 1, -128, -62, 11, 0, 29, 17, 7, -112, -75, 1, 68, 117, 5, -46, -118, 48, 73, 103, 39, 36, 33, -34, 59, 10, 22, 36, 33, 10, -68, 117, 116, 58, -67, 15, 0, 15, -67, 58, 116, 117, -68, 0, -128, -61, 2, 0, 29, 17, 7, -112, -75, 1, 68, 117, 5, -46, -118, 48, 73, 103, 39, 36, 33, -34, 59, 10, 22, 36, 33, 10, -68, 117, 116, 58, -67, 15, 0, 35, -110, -9, -68, 110, 82, 1, -128, -58, 9, 0, 29, 17, 7, -112, -75, 1, 68, 117, 5, -46, -118, 48, 73, 103, 39, 36, 33, -34, 59, 10, 22, 36, 33, 10, 36, 0, -70, -7, -102, -97, 0, -97, -102, -7, -70, 0, 36, 0, -128, -58, 0, 0, 29, 17, 7, -112, -75, 1, 68, 117, 5, -46, -118, 48, 73, 103, 39, 36, 33, -34, 59, 10, 22, 36, 33, 10, 36, 0, -70, -7, -102, -97, 0]
02-08 19:23:34.232 11651 11667 D BtGatt.GattService: ScanRecord : [17, 7, -112, -75, 1, 68, 117, 5, -46, -118, 48, 73, 103, 39, 36, 33, -34, 59, 10, 22, 36, 33, 10, -68, 117, 116, 58, -67, 15]
02-08 19:23:34.232 11651 11667 D BtGatt.GattService: ScanRecord : [17, 7, -112, -75, 1, 68, 117, 5, -46, -118, 48, 73, 103, 39, 36, 33, -34, 59, 10, 22, 36, 33, 10, -68, 117, 116, 58, -67, 15]
02-08 19:23:34.232 11651 11667 D BtGatt.GattService: ScanRecord : [17, 7, -112, -75, 1, 68, 117, 5, -46, -118, 48, 73, 103, 39, 36, 33, -34, 59, 10, 22, 36, 33, 10, 36, 0, -70, -7, -102, -97]
02-08 19:23:34.233 11651 11667 D BtGatt.GattService: ScanRecord : [17, 7, -112, -75, 1, 68, 117, 5, -46, -118, 48, 73, 103, 39, 36, 33, -34, 59, 10, 22, 36, 33, 10, 36, 0, -70, -7, -102, -97]
02-08 19:23:34.234 25242 25242 D org.thaliproject.p2p.btconnectorlib.internal.bluetooth.le.BleScanner: onBatchScanResults: results count  = 4. Current thread: Thread[main,5,main], id: 1
02-08 19:23:34.234 25242 25242 D org.thaliproject.p2p.btconnectorlib.internal.bluetooth.le.BlePeerDiscoverer: checkScanResult: ScanResult{mDevice=58:E9:F2:6A:21:7C, mScanRecord=ScanRecord [mAdvertiseFlags=-1, mServiceUuids=[3bde2124-2767-4930-8ad2-05754401b590], mManufacturerSpecificData={}, mServiceData={00002124-0000-1000-8000-00805f9b34fb=[10, -68, 117, 116, 58, -67, 15]}, mTxPowerLevel=-2147483648, mDeviceName=null], mRssi=-62, mTimestampNanos=2005771281795271}
02-08 19:23:34.234 25242 25242 D org.thaliproject.p2p.btconnectorlib.internal.bluetooth.le.BlePeerDiscoverer: checkScanResult: parsedAdvertisement: [UUID = null, bluetoothMacAddress = BC:75:74:3A:BD:0F, provideBluetoothMacAddressRequestId = nullextra info = 10]
02-08 19:23:34.235 25242 25242 V org.thaliproject.p2p.btconnectorlib.internal.bluetooth.le.BlePeerDiscoverer: checkScanResult: Resolved advertisement type: ADVERTISEMENT_PEER_PROPERTIES
02-08 19:23:34.235 25242 25242 D org.thaliproject.p2p.btconnectorlib.internal.bluetooth.le.PeerAdvertisementFactory: Parsed advertisment: [UUID = 3bde2124-2767-4930-8ad2-05754401b590, bluetoothMacAddress = BC:75:74:3A:BD:0F, provideBluetoothMacAddressRequestId = nullextra info = 10]
02-08 19:23:34.235 25242 25242 D org.thaliproject.p2p.btconnectorlib.internal.bluetooth.le.BlePeerDiscoverer: checkScanResult onPeerDiscovered [BC:75:74:3A:BD:0F 10]
02-08 19:23:34.235 25242 25242 D org.thaliproject.p2p.btconnectorlib.internal.bluetooth.le.BlePeerDiscoverer: checkScanResult: ScanResult{mDevice=52:6E:BC:F7:92:23, mScanRecord=ScanRecord [mAdvertiseFlags=-1, mServiceUuids=[3bde2124-2767-4930-8ad2-05754401b590], mManufacturerSpecificData={}, mServiceData={00002124-0000-1000-8000-00805f9b34fb=[10, 36, 0, -70, -7, -102, -97]}, mTxPowerLevel=-2147483648, mDeviceName=null], mRssi=-58, mTimestampNanos=2005771381795271}
02-08 19:23:34.235 25242 25242 D org.thaliproject.p2p.btconnectorlib.internal.bluetooth.le.BlePeerDiscoverer: checkScanResult: parsedAdvertisement: [UUID = null, bluetoothMacAddress = 24:00:BA:F9:9A:9F, provideBluetoothMacAddressRequestId = nullextra info = 10]
02-08 19:23:34.235 25242 25242 V org.thaliproject.p2p.btconnectorlib.internal.bluetooth.le.BlePeerDiscoverer: checkScanResult: Resolved advertisement type: ADVERTISEMENT_PEER_PROPERTIES
02-08 19:23:34.236 25242 25242 D org.thaliproject.p2p.btconnectorlib.internal.bluetooth.le.PeerAdvertisementFactory: Parsed advertisment: [UUID = 3bde2124-2767-4930-8ad2-05754401b590, bluetoothMacAddress = 24:00:BA:F9:9A:9F, provideBluetoothMacAddressRequestId = nullextra info = 10]
02-08 19:23:34.236 25242 25242 D org.thaliproject.p2p.btconnectorlib.internal.bluetooth.le.BlePeerDiscoverer: checkScanResult onPeerDiscovered [24:00:BA:F9:9A:9F 10]
02-08 19:23:34.236 25242 25242 D org.thaliproject.p2p.btconnectorlib.internal.bluetooth.le.BlePeerDiscoverer: checkScanResult: ScanResult{mDevice=BC:75:74:3A:BD:0F, mScanRecord=ScanRecord [mAdvertiseFlags=-1, mServiceUuids=[3bde2124-2767-4930-8ad2-05754401b590], mManufacturerSpecificData={}, mServiceData={00002124-0000-1000-8000-00805f9b34fb=[10, -68, 117, 116, 58, -67, 15]}, mTxPowerLevel=-2147483648, mDeviceName=null], mRssi=-61, mTimestampNanos=2005771731795271}
02-08 19:23:34.236 25242 25242 D org.thaliproject.p2p.btconnectorlib.internal.bluetooth.le.BlePeerDiscoverer: checkScanResult: parsedAdvertisement: [UUID = null, bluetoothMacAddress = BC:75:74:3A:BD:0F, provideBluetoothMacAddressRequestId = nullextra info = 10]
02-08 19:23:34.236 25242 25242 V org.thaliproject.p2p.btconnectorlib.internal.bluetooth.le.BlePeerDiscoverer: checkScanResult: Resolved advertisement type: ADVERTISEMENT_PEER_PROPERTIES
02-08 19:23:34.236 25242 25242 D org.thaliproject.p2p.btconnectorlib.internal.bluetooth.le.PeerAdvertisementFactory: Parsed advertisment: [UUID = 3bde2124-2767-4930-8ad2-05754401b590, bluetoothMacAddress = BC:75:74:3A:BD:0F, provideBluetoothMacAddressRequestId = nullextra info = 10]
02-08 19:23:34.237 25242 25242 D org.thaliproject.p2p.btconnectorlib.internal.bluetooth.le.BlePeerDiscoverer: checkScanResult onPeerDiscovered [BC:75:74:3A:BD:0F 10]
02-08 19:23:34.237 25242 25242 D org.thaliproject.p2p.btconnectorlib.internal.bluetooth.le.BlePeerDiscoverer: checkScanResult: ScanResult{mDevice=24:00:BA:F9:9A:9F, mScanRecord=ScanRecord [mAdvertiseFlags=-1, mServiceUuids=[3bde2124-2767-4930-8ad2-05754401b590], mManufacturerSpecificData={}, mServiceData={00002124-0000-1000-8000-00805f9b34fb=[10, 36, 0, -70, -7, -102, -97]}, mTxPowerLevel=-2147483648, mDeviceName=null], mRssi=-58, mTimestampNanos=2005771831795271}
02-08 19:23:34.238 25242 25242 D org.thaliproject.p2p.btconnectorlib.internal.bluetooth.le.BlePeerDiscoverer: checkScanResult: parsedAdvertisement: [UUID = null, bluetoothMacAddress = 24:00:BA:F9:9A:9F, provideBluetoothMacAddressRequestId = nullextra info = 10]
02-08 19:23:34.238 25242 25242 V org.thaliproject.p2p.btconnectorlib.internal.bluetooth.le.BlePeerDiscoverer: checkScanResult: Resolved advertisement type: ADVERTISEMENT_PEER_PROPERTIES
02-08 19:23:34.238 25242 25242 D org.thaliproject.p2p.btconnectorlib.internal.bluetooth.le.PeerAdvertisementFactory: Parsed advertisment: [UUID = 3bde2124-2767-4930-8ad2-05754401b590, bluetoothMacAddress = 24:00:BA:F9:9A:9F, provideBluetoothMacAddressRequestId = nullextra info = 10]
02-08 19:23:34.238 25242 25242 D org.thaliproject.p2p.btconnectorlib.internal.bluetooth.le.BlePeerDiscoverer: checkScanResult onPeerDiscovered [24:00:BA:F9:9A:9F 10]
02-08 19:23:34.239 25242 25242 D org.thaliproject.p2p.btconnectorlib.DiscoveryManager: onPeerDiscovered: [BC:75:74:3A:BD:0F 10]
02-08 19:23:34.239 25242 25242 V org.thaliproject.p2p.btconnectorlib.utils.PeerModel: addOrUpdateDiscoveredPeer: [BC:75:74:3A:BD:0F 10]
02-08 19:23:34.239 25242 25242 D org.thaliproject.p2p.btconnectorlib.utils.PeerModel: has more info: false,  extra info differs: true
02-08 19:23:34.239 25242 25242 D org.thaliproject.p2p.btconnectorlib.utils.PeerModel: Want to call onPeerUpdated. Listeners size = 1
02-08 19:23:34.239 25242 25242 D org.thaliproject.p2p.btconnectorlib.DiscoveryManager: onPeerUpdated: [BC:75:74:3A:BD:0F 10]
02-08 19:23:34.239 25242 25242 V org.thaliproject.p2p.btconnectorlib.utils.PeerModel: addOrUpdateDiscoveredPeer: Timestamp of peer [BC:75:74:3A:BD:0F 10] updated - the peer count is 2
02-08 19:23:34.239 25242 25242 D org.thaliproject.p2p.btconnectorlib.DiscoveryManager: onPeerDiscovered: [24:00:BA:F9:9A:9F 10]
02-08 19:23:34.240 25242 25242 V org.thaliproject.p2p.btconnectorlib.utils.PeerModel: addOrUpdateDiscoveredPeer: [24:00:BA:F9:9A:9F 10]
02-08 19:23:34.240 25242 25242 D org.thaliproject.p2p.btconnectorlib.utils.PeerModel: has more info: false,  extra info differs: true
02-08 19:23:34.240 25242 25242 D org.thaliproject.p2p.btconnectorlib.utils.PeerModel: Want to call onPeerUpdated. Listeners size = 1
02-08 19:23:34.240 25242 25242 D org.thaliproject.p2p.btconnectorlib.DiscoveryManager: onPeerUpdated: [24:00:BA:F9:9A:9F 10]
02-08 19:23:34.240 25242 25242 V org.thaliproject.p2p.btconnectorlib.utils.PeerModel: addOrUpdateDiscoveredPeer: Timestamp of peer [24:00:BA:F9:9A:9F 10] updated - the peer count is 2
02-08 19:23:34.240 25242 25242 D org.thaliproject.p2p.btconnectorlib.DiscoveryManager: onPeerDiscovered: [BC:75:74:3A:BD:0F 10]
02-08 19:23:34.241 25242 25297 I jxcore-log: 2017-02-08 16:23:34 - DEBUG thaliManager: 'connected pskIdentity tswbAGYYYIaa6jW7IrA4s5Z0bU8SZQgj_Wqi9fL4H0s for path /db/ThaliManagerCoordinated/_changes'
02-08 19:23:34.241 25242 25297 I jxcore-log: 
02-08 19:23:34.241 25242 25242 V org.thaliproject.p2p.btconnectorlib.utils.PeerModel: addOrUpdateDiscoveredPeer: [BC:75:74:3A:BD:0F 10]
02-08 19:23:34.241 25242 25242 D org.thaliproject.p2p.btconnectorlib.utils.PeerModel: has more info: false,  extra info differs: false
02-08 19:23:34.241 25242 25242 V org.thaliproject.p2p.btconnectorlib.utils.PeerModel: addOrUpdateDiscoveredPeer: Timestamp of peer [BC:75:74:3A:BD:0F 10] updated - the peer count is 2
02-08 19:23:34.241 25242 25242 D org.thaliproject.p2p.btconnectorlib.DiscoveryManager: onPeerDiscovered: [24:00:BA:F9:9A:9F 10]
02-08 19:23:34.241 25242 25242 V org.thaliproject.p2p.btconnectorlib.utils.PeerModel: addOrUpdateDiscoveredPeer: [24:00:BA:F9:9A:9F 10]
02-08 19:23:34.241 25242 25242 D org.thaliproject.p2p.btconnectorlib.utils.PeerModel: has more info: false,  extra info differs: false
02-08 19:23:34.242 25242 25242 V org.thaliproject.p2p.btconnectorlib.utils.PeerModel: addOrUpdateDiscoveredPeer: Timestamp of peer [24:00:BA:F9:9A:9F 10] updated - the peer count is 2
02-08 19:23:34.242 25242 25242 I io.jxcore.node.ConnectionHelper: onPeerUpdated: [BC:75:74:3A:BD:0F 10], device name: 'null', device address: 'null'
02-08 19:23:34.242 25242 25242 I io.jxcore.node.ConnectionHelper: onPeerUpdated: [24:00:BA:F9:9A:9F 10], device name: 'null', device address: 'null'
02-08 19:23:34.251 25242 25297 I jxcore-log: 2017-02-08 16:23:34 - DEBUG thaliMobileNativeWrapper: 'Received peerAvailabilityChanged event from native layer [{"peerIdentifier":"BC:75:74:3A:BD:0F","generation":10,"peerAvailable":true}]'
02-08 19:23:34.251 25242 25297 I jxcore-log: 
02-08 19:23:34.251 25242 25