02-10 15:37:29.604  4983  5058 I org.thaliproject.p2p.btconnectorlib.internal.bluetooth.le.BlePeerDiscoverer: stopScanner: Stopping...
02-10 15:37:29.604  4983  5058 D org.thaliproject.p2p.btconnectorlib.internal.bluetooth.le.BleScanner: stop, Current thread: Thread[Thread-5897,5,main], id: 5897
02-10 15:37:29.607  4983  5058 D BluetoothAdapter: STATE_ON
02-10 15:37:29.607 13286 19044 D BtGatt.GattService: flushPendingBatchResults - clientIf=5, isServer=false
02-10 15:37:29.608  4983  5058 D org.thaliproject.p2p.btconnectorlib.internal.bluetooth.le.BleScanner: stop: scan results are flushed 
02-10 15:37:29.609 13286 13305 D BtGatt.ScanManager: flushPendingBatchResults - clientIf = 5
02-10 15:37:29.609  4983  5058 D BluetoothAdapter: STATE_ON
02-10 15:37:29.612 13286 13296 D BtGatt.GattService: stopScan() - queue size =1
02-10 15:37:29.613 13286 13324 D BtGatt.GattService: unregisterClient() - clientIf=5
02-10 15:37:29.614  4983  5058 D org.thaliproject.p2p.btconnectorlib.internal.bluetooth.le.BleScanner: stop: Stopped
02-10 15:37:29.614  4983  5058 D org.thaliproject.p2p.btconnectorlib.internal.bluetooth.le.BleScanner: set state: Current thread: Thread[Thread-5897,5,main], id: 5897
02-10 15:37:29.614  4983  5058 D org.thaliproject.p2p.btconnectorlib.internal.bluetooth.le.BleScanner: setState: State changed from RUNNING to NOT_STARTED
02-10 15:37:29.614  4983  5058 D org.thaliproject.p2p.btconnectorlib.internal.bluetooth.le.BleScanner: notifyScannerStateChanged: started =  false. Current thread: Thread[Thread-5897,5,main], id: 5897
02-10 15:37:29.615  4983  5058 D org.thaliproject.p2p.btconnectorlib.internal.bluetooth.le.BleScanner: stop finished, Current thread: Thread[Thread-5897,5,main], id: 5897
02-10 15:37:29.615  4983  5058 I org.thaliproject.p2p.btconnectorlib.DiscoveryManager: stop: Stopping peer discovery...
02-10 15:37:29.615  4983  4983 I org.thaliproject.p2p.btconnectorlib.internal.bluetooth.le.BlePeerDiscoverer: onIsScannerStartedChanged: falseCurrent thread: Thread[main,5,main], id: 1
02-10 15:37:29.615  4983  5058 D org.thaliproject.p2p.btconnectorlib.DiscoveryManager: stopForRestart Current thread: Thread[Thread-5897,5,main], id: 5897
02-10 15:37:29.615  4983  4983 D org.thaliproject.p2p.btconnectorlib.internal.bluetooth.le.BlePeerDiscoverer: updateState : Current thread: Thread[main,5,main], id: 1
02-10 15:37:29.615  4983  5058 D org.thaliproject.p2p.btconnectorlib.DiscoveryManager: stopForRestart. RUNNING_BLE
02-10 15:37:29.615  4983  4983 D org.thaliproject.p2p.btconnectorlib.internal.bluetooth.le.BlePeerDiscoverer: updateState: deducedStateSet: [NOT_STARTED]
02-10 15:37:29.615  4983  4983 D org.thaliproject.p2p.btconnectorlib.internal.bluetooth.le.BlePeerDiscoverer: updateState: stateSet: [SCANNING]
02-10 15:37:29.615  4983  5058 D org.thaliproject.p2p.btconnectorlib.internal.BluetoothMacAddressResolutionHelper: stopProvideBluetoothMacAddressMode
02-10 15:37:29.615  4983  4983 D org.thaliproject.p2p.btconnectorlib.internal.bluetooth.le.BlePeerDiscoverer: Current thread: Thread[main,5,main], id: 1
02-10 15:37:29.615  4983  4983 D org.thaliproject.p2p.btconnectorlib.internal.bluetooth.le.BlePeerDiscoverer: updateState: State changed from [SCANNING] to [NOT_STARTED]Current thread: Thread[main,5,main], id: 1
02-10 15:37:29.615  4983  4983 D org.thaliproject.p2p.btconnectorlib.internal.bluetooth.le.BlePeerDiscoverer: update state finished. Current thread: Thread[main,5,main], id: 1
02-10 15:37:29.616  4983  5058 D org.thaliproject.p2p.btconnectorlib.internal.bluetooth.le.BlePeerDiscoverer: stopScannerAndAdvertiser: Current thread: Thread[Thread-5897,5,main], id: 5897
02-10 15:37:29.616  4983  5058 D org.thaliproject.p2p.btconnectorlib.internal.bluetooth.le.BlePeerDiscoverer: stopPeerAddressHelperAdvertiser Current thread: Thread[Thread-5897,5,main], id: 5897
02-10 15:37:29.616  4983  5058 D org.thaliproject.p2p.btconnectorlib.internal.bluetooth.le.BlePeerDiscoverer: stopScanner: Current thread: Thread[Thread-5897,5,main], id: 5897
02-10 15:37:29.616  4983  5058 D org.thaliproject.p2p.btconnectorlib.internal.bluetooth.le.BleScanner: stop, Current thread: Thread[Thread-5897,5,main], id: 5897
02-10 15:37:29.618  4983  5058 D BluetoothAdapter: STATE_ON
02-10 15:37:29.618  4983  5058 D org.thaliproject.p2p.btconnectorlib.internal.bluetooth.le.BleScanner: stop: scan results are flushed 
02-10 15:37:29.618 13286 13286 D BtGatt.ScanManager: awakened up at time 6150415575
02-10 15:37:29.619  4983  5058 D BluetoothAdapter: STATE_ON
02-10 15:37:29.620  4983  5058 D BluetoothLeScanner: could not find callback wrapper
02-10 15:37:29.620  4983  5058 D org.thaliproject.p2p.btconnectorlib.internal.bluetooth.le.BleScanner: stop: Stopped
02-10 15:37:29.620  4983  5058 D org.thaliproject.p2p.btconnectorlib.internal.bluetooth.le.BleScanner: set state: Current thread: Thread[Thread-5897,5,main], id: 5897
02-10 15:37:29.620  4983  5058 D org.thaliproject.p2p.btconnectorlib.internal.bluetooth.le.BleScanner: stop finished, Current thread: Thread[Thread-5897,5,main], id: 5897
02-10 15:37:29.620  4983  5058 D org.thaliproject.p2p.btconnectorlib.internal.bluetooth.le.BlePeerDiscoverer: stopAdvertiser:Current thread: Thread[Thread-5897,5,main], id: 5897
02-10 15:37:29.620  4983  5058 D org.thaliproject.p2p.btconnectorlib.internal.bluetooth.le.BleAdvertiser: stop. Current thread: Thread[Thread-5897,5,main], id: 5897
02-10 15:37:29.620  4983  5058 D org.thaliproject.p2p.btconnectorlib.internal.bluetooth.le.BleAdvertiser: stop: Stopped
02-10 15:37:29.620  4983  5058 D org.thaliproject.p2p.btconnectorlib.internal.bluetooth.le.BleAdvertiser: setState: current  = NOT_STARTED, new = NOT_STARTEDCurrent thread: Thread[Thread-5897,5,main], id: 5897
02-10 15:37:29.621  4983  5058 D org.thaliproject.p2p.btconnectorlib.internal.bluetooth.le.BleAdvertiser: setState: finished Current thread: Thread[Thread-5897,5,main], id: 5897
02-10 15:37:29.621  4983  5058 D org.thaliproject.p2p.btconnectorlib.internal.bluetooth.le.BleAdvertiser: stop finished. Current thread: Thread[Thread-5897,5,main], id: 5897
02-10 15:37:29.621  4983  5058 D org.thaliproject.p2p.btconnectorlib.DiscoveryManager: stopBlePeerDiscoverer: Stopped
02-10 15:37:29.621  4983  5058 I org.thaliproject.p2p.btconnectorlib.internal.wifi.WifiDirectManager: release: No more listeners, de-initializing...
02-10 15:37:29.623  4983  5058 D org.thaliproject.p2p.btconnectorlib.internal.bluetooth.BluetoothManager: release: 1 listener(s) left
02-10 15:37:29.623  4983  5058 D org.thaliproject.p2p.btconnectorlib.DiscoveryManager: updateState: Current thread: Thread[Thread-5897,5,main], id: 5897
02-10 15:37:29.625  4983  5058 D org.thaliproject.p2p.btconnectorlib.DiscoveryManager: updateStateInternal Current thread: Thread[Thread-5897,5,main], id: 5897
02-10 15:37:29.625  4983  5058 D org.thaliproject.p2p.btconnectorlib.DiscoveryManager: updateState: State: NOT_STARTED, is discovering: false, is advertising: false
02-10 15:37:29.625  4983  5058 D org.thaliproject.p2p.btconnectorlib.DiscoveryManager: updateStateInternal finished Current thread: Thread[Thread-5897,5,main], id: 5897
02-10 15:37:29.625  4983  5058 D org.thaliproject.p2p.btconnectorlib.DiscoveryManager: updateState finished Current thread: Thread[Thread-5897,5,main], id: 5897
02-10 15:37:29.625  4983  4983 I org.thaliproject.p2p.btconnectorlib.DiscoveryManager: start: Discovery mode: BLE, start discovery: false, start advertiser: false
02-10 15:37:29.625  4983  4983 I org.thaliproject.p2p.btconnectorlib.DiscoveryManager: start: Discovery mode: BLE, start discovery: false, start advertiser: false
02-10 15:37:29.625  4983  4983 I io.jxcore.node.ConnectionHelper: onDiscoveryManagerStateChanged: State: NOT_STARTED, is discovering: false, is advertising: false
02-10 15:37:29.627 13286 13302 D BtGatt.GattService: onBatchScanReports() - clientIf=5, status=0, reportType=2, numRecords=0
02-10 15:37:29.627 13286 13302 D BtGatt.ScanManager: callback done for clientIf - 5 status - 0
02-10 15:37:29.627 13286 13302 E BtGatt.ContextMap: Context not found for ID 5
02-10 15:37:29.635 13286 13302 D BtGatt.GattService: onScanFilterParamsConfigured() - clientIf=5, status=0, action=1, availableSpace=32
02-10 15:37:29.635 13286 13302 D BtGatt.ScanManager: callback done for clientIf - 5 status - 0
02-10 15:37:29.635 13286 13305 D BtGatt.ScanManager: stopping BLe Batch
02-10 15:37:29.641 13286 13302 D BtGatt.GattService: onBatchScanStartStopped() - clientIf=5, status=0, startStopAction=0
02-10 15:37:29.641 13286 13302 D BtGatt.ScanManager: callback done for clientIf - 5 status - 0
02-10 15:37:29.641 13286 13305 D BtGatt.ScanManager: flushPendingBatchResults - clientIf = 5
02-10 15:37:29.647 13286 13302 D BtGatt.GattService: onBatchScanReports() - clientIf=5, status=0, reportType=2, numRecords=0
02-10 15:37:29.647 13286 13302 D BtGatt.ScanManager: callback done for clientIf - 5 status - 0
02-10 15:37:30.126  4983  4983 V io.jxcore.node.ConnectionHelper: Notifying discovery manager state change: is discovering: false, is advertising: false
02-10 15:37:30.127  4983  4983 V io.jxcore.node.StartStopOperation: isTargetState: Connectivity: NOT_STARTED, discovery: NOT_STARTED, is discovering: false, is advertising: false - Stop operation: Should affect listening to advertisements only
02-10 15:37:30.127  4983  4983 D io.jxcore.node.StartStopOperationHandler: processCurrentOperationStatus: Operation successfully executed
02-10 15:37:30.130  4983  5058 I jxcore-log: ok 72 Should be able to call stopListeningForAdvertisements in teardown
02-10 15:37:30.130  4983  5058 I jxcore-log: 
02-10 15:37:30.134  4983  5058 D io.jxcore.node.JXcoreExtension: stopAdvertisingAndListening
02-10 15:37:30.135  4983  5058 I io.jxcore.node.ConnectionHelper: stop: Stopping all activities and killing connections
02-10 15:37:30.136  4983  5058 V io.jxcore.node.StartStopOperation: isTargetState: Connectivity: NOT_STARTED, discovery: NOT_STARTED, is discovering: false, is advertising: false - Stop operation: Should start/stop everything
02-10 15:37:30.136  4983  5058 V io.jxcore.node.StartStopOperationHandler: executeCurrentOperation: The current state already matches the desired outcome of this operation, skipping...
02-10 15:37:30.146  4983  5058 I jxcore-log: 2017-02-10 12:37:30 - DEBUG thaliMobileNativeWrapper: 'discoveryAdvertisingStateUpdateNonTCP: {"discoveryActive":false,"advertisingActive":false}'
02-10 15:37:30.146  4983  5058 I jxcore-log: 
02-10 15:37:30.148  4983  5058 I jxcore-log: 2017-02-10 12:37:30 - INFO thaliMobile: 'Filtered out discoveryAdvertisingStateUpdate (was in stopped state).'
02-10 15:37:30.148  4983  5058 I jxcore-log: 
02-10 15:37:30.150  4983  5058 I jxcore-log: ok 73 Should be able to call stopAdvertisingAndListening in teardown
02-10 15:37:30.150  4983  5058 I jxcore-log: 
02-10 15:37:30.154  4983  5058 I jxcore-log: 2017-02-10 12:37:30 - DEBUG thaliMobileNativeWrapper: 'Method peerAvailabilityChanged registered to native'
02-10 15:37:30.154  4983  5058 I jxcore-log: 
02-10 15:37:30.156  4983  5058 I jxcore-log: 2017-02-10 12:37:30 - DEBUG thaliMobileNativeWrapper: 'Method discoveryAdvertisingStateUpdateNonTCP registered to native'
02-10 15:37:30.156  4983  5058 I jxcore-log: 
02-10 15:37:30.158  4983  5058 I jxcore-log: 2017-02-10 12:37:30 - DEBUG thaliMobileNativeWrapper: 'Method multiConnectResolved registered to native'
02-10 15:37:30.158  4983  5058 I jxcore-log: 
02-10 15:37:30.164  4983  5058 V io.jxcore.node.ConnectivityMonitor: updateConnectivityInfo: FORCED notification:
02-10 15:37:30.164  4983  5058 V io.jxcore.node.ConnectivityMonitor:     - is Wi-Fi Direct supported: true
02-10 15:37:30.164  4983  5058 V io.jxcore.node.ConnectivityMonitor:     - is Bluetooth LE multiple advertisement supported: SUPPORTED
02-10 15:37:30.164  4983  5058 V io.jxcore.node.ConnectivityMonitor:     - is Wi-Fi enabled: true
02-10 15:37:30.164  4983  5058 V io.jxcore.node.ConnectivityMonitor:     - is Bluetooth enabled: true
02-10 15:37:30.164  4983  5058 V io.jxcore.node.ConnectivityMonitor:     - BSSID name: 70:cd:60:ff:5a:07
02-10 15:37:30.164  4983  5058 V io.jxcore.node.ConnectivityMonitor:     - SSID name: "T"
02-10 15:37:30.164  4983  5058 V io.jxcore.node.ConnectivityMonitor:     - is connected/connecting to active network: true
02-10 15:37:30.164  4983  5058 V io.jxcore.node.ConnectivityMonitor:     - active network type is Wi-Fi: true
02-10 15:37:30.166  4983  5058 D io.jxcore.node.JXcoreExtension: notifyNetworkChanged: BLE: ON, Bluetooth: ON, Wi-Fi: ON, cellular: DO_NOT_CARE, BSSID name: 70:cd:60:ff:5a:07, SSID name: "T"
02-10 15:37:30.168  4983  5058 I jxcore-log: 2017-02-10 12:37:30 - DEBUG thaliMobileNativeWrapper: 'Method networkChanged registered to native'
02-10 15:37:30.168  4983  5058 I jxcore-log: 
02-10 15:37:30.170  4983  5058 I jxcore-log: 2017-02-10 12:37:30 - DEBUG thaliMobileNativeWrapper: 'Method multiConnectConnectionFailure registered to native'
02-10 15:37:30.170  4983  5058 I jxcore-log: 
02-10 15:37:30.173  4983  5058 I jxcore-log: 2017-02-10 12:37:30 - DEBUG thaliMobileNativeWrapper: 'Method incomingConnectionToPortNumberFailed registered to native'
02-10 15:37:30.173  4983  5058 I jxcore-log: 
02-10 15:37:30.180  4983  5058 I jxcore-log: # setup
02-10 15:37:30.180  4983  5058 I jxcore-log: 
02-10 15:37:30.184  4983  5058 I jxcore-log: 2017-02-10 12:37:30 - DEBUG thaliMobileNativeWrapper: 'networkChanged: {"bluetoothLowEnergy":"on","bluetooth":"on","wifi":"on","cellular":"doNotCare","bssidName":"70:cd:60:ff:5a:07","ssidName":"T"}'
02-10 15:37:30.184  4983  5058 I jxcore-log: 
02-10 15:37:30.184  4983  5058 I jxcore-log: 2017-02-10 12:37:30 - INFO thaliMobile: 'Filtered out networkChangedNonTCP (was in stopped state).'
02-10 15:37:30.184  4983  5058 I jxcore-log: 
02-10 15:37:30.212  4983  5058 I jxcore-log: # Calling stopListeningForAdvertisements without calling start is NOT an error
02-10 15:37:30.212  4983  5058 I jxcore-log: 
02-10 15:37:30.247  4983  5058 D io.jxcore.node.JXcoreExtension: stopListeningForAdvertisements
02-10 15:37:30.247  4983  5058 I io.jxcore.node.ConnectionHelper: stop: Stopping only listening for advertisements
02-10 15:37:30.247  4983  5058 V io.jxcore.node.StartStopOperation: isTargetState: Connectivity: NOT_STARTED, discovery: NOT_STARTED, is discovering: false, is advertising: false - Stop operation: Should affect listening to advertisements only
02-10 15:37:30.247  4983  5058 V io.jxcore.node.StartStopOperationHandler: executeCurrentOperation: The current state already matches the desired outcome of this operation, skipping...
02-10 15:37:30.249  4983  5058 I jxcore-log: ok 74 Can call stopListeningForAdvertisements without error
02-10 15:37:30.249  4983  5058 I jxcore-log: 
02-10 15:37:30.250  4983  5058 D io.jxcore.node.JXcoreExtension: stopListeningForAdvertisements
02-10 15:37:30.250  4983  5058 I io.jxcore.node.ConnectionHelper: stop: Stopping only listening for advertisements
02-10 15:37:30.250  4983  5058 V io.jxcore.node.StartStopOperation: isTargetState: Connectivity: NOT_STARTED, discovery: NOT_STARTED, is discovering: false, is advertising: false - Stop operation: Should affect listening to advertisements only
02-10 15:37:30.250  4983  5058 V io.jxcore.node.StartStopOperationHandler: executeCurrentOperation: The current state already matches the desired outcome of this operation, skipping...
02-10 15:37:30.253  4983  5058 I jxcore-log: ok 75 Can call stopListeningForAdvertisements without error
02-10 15:37:30.253  4983  5058 I jxcore-log: 
02-10 15:37:30.260  4983  5058 I jxcore-log: # teardown
02-10 15:37:30.260  4983  5058 I jxcore-log: 
02-10 15:37:31.454  4983  5058 D io.jxcore.node.JXcoreExtension: stopListeningForAdvertisements
02-10 15:37:31.454  4983  5058 I io.jxcore.node.ConnectionHelper: stop: Stopping only listening for advertisements
02-10 15:37:31.455  4983  5058 V io.jxcore.node.StartStopOperation: isTargetState: Connectivity: NOT_STARTED, discovery: NOT_STARTED, is discovering: false, is advertising: false - Stop operation: Should affect listening to advertisements only
02-10 15:37:31.455  4983  5058 V io.jxcore.node.StartStopOperationHandler: executeCurrentOperation: The current state already matches the desired outcome of this operation, skipping...
02-10 15:37:31.458  4983  5058 I jxcore-log: ok 76 Should be able to call stopListeningForAdvertisements in teardown
02-10 15:37:31.458  4983  5058 I jxcore-log: 
02-10 15:37:31.460  4983  5058 D io.jxcore.node.JXcoreExtension: stopAdvertisingAndListening
02-10 15:37:31.460  4983  5058 I io.jxcore.node.ConnectionHelper: stop: Stopping all activities and killing connections
02-10 15:37:31.460  4983  5058 V io.jxcore.node.StartStopOperation: isTargetState: Connectivity: NOT_STARTED, discovery: NOT_STARTED, is discovering: false, is advertising: false - Stop operation: Should start/stop everything
02-10 15:37:31.460  4983  5058 V io.jxcore.node.StartStopOperationHandler: executeCurrentOperation: The current state already matches the desired outcome of this operation, skipping...
02-10 15:37:31.464  4983  5058 I jxcore-log: ok 77 Should be able to call stopAdvertisingAndListening in teardown
02-10 15:37:31.464  4983  5058 I jxcore-log: 
02-10 15:37:31.467  4983  5058 I jxcore-log: 2017-02-10 12:37:31 - DEBUG thaliMobileNativeWrapper: 'Method peerAvailabilityChanged registered to native'
02-10 15:37:31.467  4983  5058 I jxcore-log: 
02-10 15:37:31.469  4983  5058 I jxcore-log: 2017-02-10 12:37:31 - DEBUG thaliMobileNativeWrapper: 'Method discoveryAdvertisingStateUpdateNonTCP registered to native'
02-10 15:37:31.469  4983  5058 I jxcore-log: 
02-10 15:37:31.472  4983  5058 I jxcore-log: 2017-02-10 12:37:31 - DEBUG thaliMobileNativeWrapper: 'Method multiConnectResolved registered to native'
02-10 15:37:31.472  4983  5058 I jxcore-log: 
02-10 15:37:31.478  4983  5058 V io.jxcore.node.ConnectivityMonitor: updateConnectivityInfo: FORCED notification:
02-10 15:37:31.478  4983  5058 V io.jxcore.node.ConnectivityMonitor:     - is Wi-Fi Direct supported: true
02-10 15:37:31.478  4983  5058 V io.jxcore.node.ConnectivityMonitor:     - is Bluetooth LE multiple advertisement supported: SUPPORTED
02-10 15:37:31.478  4983  5058 V io.jxcore.node.ConnectivityMonitor:     - is Wi-Fi enabled: true
02-10 15:37:31.478  4983  5058 V io.jxcore.node.ConnectivityMonitor:     - is Bluetooth enabled: true
02-10 15:37:31.478  4983  5058 V io.jxcore.node.ConnectivityMonitor:     - BSSID name: 70:cd:60:ff:5a:07
02-10 15:37:31.478  4983  5058 V io.jxcore.node.ConnectivityMonitor:     - SSID name: "T"
02-10 15:37:31.478  4983  5058 V io.jxcore.node.ConnectivityMonitor:     - is connected/connecting to active network: true
02-10 15:37:31.478  4983  5058 V io.jxcore.node.ConnectivityMonitor:     - active network type is Wi-Fi: true
02-10 15:37:31.481  4983  5058 D io.jxcore.node.JXcoreExtension: notifyNetworkChanged: BLE: ON, Bluetooth: ON, Wi-Fi: ON, cellular: DO_NOT_CARE, BSSID name: 70:cd:60:ff:5a:07, SSID name: "T"
02-10 15:37:31.483  4983  5058 I jxcore-log: 2017-02-10 12:37:31 - DEBUG thaliMobileNativeWrapper: 'Method networkChanged registered to native'
02-10 15:37:31.483  4983  5058 I jxcore-log: 
02-10 15:37:31.485  4983  5058 I jxcore-log: 2017-02-10 12:37:31 - DEBUG thaliMobileNativeWrapper: 'Method multiConnectConnectionFailure registered to native'
02-10 15:37:31.485  4983  5058 I jxcore-log: 
02-10 15:37:31.486  4983  5058 I jxcore-log: 2017-02-10 12:37:31 - DEBUG thaliMobileNativeWrapper: 'Method incomingConnectionToPortNumberFailed registered to native'
02-10 15:37:31.486  4983  5058 I jxcore-log: 
02-10 15:37:31.497  4983  5058 I jxcore-log: # setup
02-10 15:37:31.497  4983  5058 I jxcore-log: 
02-10 15:37:31.499  4983  5058 I jxcore-log: 2017-02-10 12:37:31 - DEBUG thaliMobileNativeWrapper: 'networkChanged: {"bluetoothLowEnergy":"on","bluetooth":"on","wifi":"on","cellular":"doNotCare","bssidName":"70:cd:60:ff:5a:07","ssidName":"T"}'
02-10 15:37:31.499  4983  5058 I jxcore-log: 
02-10 15:37:31.499  4983  5058 I jxcore-log: 2017-02-10 12:37:31 - INFO thaliMobile: 'Filtered out networkChangedNonTCP (was in stopped state).'
02-10 15:37:31.499  4983  5058 I jxcore-log: 
02-10 15:37:32.589  4983  5058 I jxcore-log: # Can call start/stopUpdateAdvertisingAndListening
02-10 15:37:32.589  4983  5058 I jxcore-log: 
02-10 15:37:33.712  4983  5058 D io.jxcore.node.JXcoreExtension: startUpdateAdvertisingAndListening
02-10 15:37:33.717  4983  5058 I io.jxcore.node.ConnectionHelper: start: Port number: 4242, start advertisements: true
02-10 15:37:33.718  4983  5058 V io.jxcore.node.ConnectivityMonitor: start: Already started
02-10 15:37:33.718  4983  5058 I io.jxcore.node.StartStopOperationHandler: updateBeaconAdExtraInformation: New value: 0
02-10 15:37:33.718  4983  5058 I org.thaliproject.p2p.btconnectorlib.DiscoveryManagerSettings: setBeaconAdExtraInformation: 256 -> 0
02-10 15:37:33.719  4983  5058 I org.thaliproject.p2p.btconnectorlib.internal.AbstractBluetoothConnectivityAgent: clearIdentityString
02-10 15:37:33.724  4983  5058 I org.thaliproject.p2p.btconnectorlib.internal.AbstractBluetoothConnectivityAgent: verifyIdentityString: Identity string created: {"generation":0,"address":"BC:75:74:3A:BD:0F"}
02-10 15:37:33.724  4983  5058 D org.thaliproject.p2p.btconnectorlib.internal.bluetooth.BluetoothConnector: setIdentityString: {"generation":0,"address":"BC:75:74:3A:BD:0F"}
02-10 15:37:33.724  4983  5058 D org.thaliproject.p2p.btconnectorlib.DiscoveryManager: onAdvertiseScanSettingsChanged: Current thread: Thread[Thread-5897,5,main], id: 5897
02-10 15:37:33.725  4983  5058 I org.thaliproject.p2p.btconnectorlib.internal.AbstractBluetoothConnectivityAgent: clearIdentityString
02-10 15:37:33.729  4983  5058 I org.thaliproject.p2p.btconnectorlib.internal.AbstractBluetoothConnectivityAgent: verifyIdentityString: Identity string created: {"generation":0,"address":"BC:75:74:3A:BD:0F"}
02-10 15:37:33.729  4983  5058 D org.thaliproject.p2p.btconnectorlib.internal.bluetooth.BluetoothConnector: setIdentityString: {"generation":0,"address":"BC:75:74:3A:BD:0F"}
02-10 15:37:33.729  4983  5058 D org.thaliproject.p2p.btconnectorlib.DiscoveryManager: onAdvertiseScanSettingsChanged: Current thread: Thread[Thread-5897,5,main], id: 5897
02-10 15:37:33.730  4983  5058 I org.thaliproject.p2p.btconnectorlib.internal.AbstractBluetoothConnectivityAgent: clearIdentityString
02-10 15:37:33.734  4983  5058 I org.thaliproject.p2p.btconnectorlib.internal.AbstractBluetoothConnectivityAgent: verifyIdentityString: Identity string created: {"generation":0,"address":"BC:75:74:3A:BD:0F"}
02-10 15:37:33.735  4983  5058 D org.thaliproject.p2p.btconnectorlib.internal.bluetooth.BluetoothConnector: setIdentityString: {"generation":0,"address":"BC:75:74:3A:BD:0F"}
02-10 15:37:33.735  4983  5058 D org.thaliproject.p2p.btconnectorlib.DiscoveryManager: onAdvertiseScanSettingsChanged: Current thread: Thread[Thread-5897,5,main], id: 5897
02-10 15:37:33.735  4983  5058 V io.jxcore.node.StartStopOperation: isTargetState: Connectivity: NOT_STARTED, discovery: NOT_STARTED, is discovering: false, is advertising: false - Start operation: Should start/stop everything
02-10 15:37:33.735  4983  5058 V io.jxcore.node.StartStopOperationHandler: executeCurrentOperation: Executing: Start operation: Should start/stop everything
02-10 15:37:33.735  4983  5058 D org.thaliproject.p2p.btconnectorlib.ConnectionManager: startListeningForIncomingConnections
02-10 15:37:33.736  4983  5058 I org.thaliproject.p2p.btconnectorlib.internal.bluetooth.BluetoothManager: bind: Binding a new listener
02-10 15:37:33.738  4983  5058 I org.thaliproject.p2p.btconnectorlib.internal.bluetooth.BluetoothConnector: startListeningForIncomingConnections: Starting...
02-10 15:37:33.740  4983  5058 D org.thaliproject.p2p.btconnectorlib.ConnectionManager: onIsServerStartedChanged: true
02-10 15:37:33.741  4983  5058 D org.thaliproject.p2p.btconnectorlib.ConnectionManager: updateState: mShouldBeStarted :  true, mIsServerStarted:  true
02-10 15:37:33.741  4983  5094 D org.thaliproject.p2p.btconnectorlib.internal.bluetooth.BluetoothServerThread: Entering thread
02-10 15:37:33.742  4983  5058 D org.thaliproject.p2p.btconnectorlib.ConnectionManager: setState: NOT_STARTED -> RUNNING
02-10 15:37:33.742  4983  5058 I org.thaliproject.p2p.btconnectorlib.ConnectionManager: startListeningForIncomingConnections: OK
02-10 15:37:33.743  4983  5058 I org.thaliproject.p2p.btconnectorlib.DiscoveryManager: start: Discovery mode: BLE, start discovery: false, start advertiser: true
02-10 15:37:33.743  4983  5058 I org.thaliproject.p2p.btconnectorlib.internal.bluetooth.BluetoothManager: bind: Binding a new listener
02-10 15:37:33.743  4983  5058 I org.thaliproject.p2p.btconnectorlib.internal.wifi.WifiDirectManager: bind: Binding a new listener
02-10 15:37:33.743  4983  4983 I io.jxcore.node.ConnectionHelper: onConnectionManagerStateChanged: RUNNING
02-10 15:37:33.744  4983  5094 W BluetoothAdapter: getBluetoothService() called with no BluetoothManagerCallback
02-10 15:37:33.748  4983  5058 D org.thaliproject.p2p.btconnectorlib.DiscoveryManager: startBlePeerDiscoverer
02-10 15:37:33.748  4983  5058 V io.jxcore.node.ConnectionHelper: Received a request for permission "android.permission.ACCESS_COARSE_LOCATION", but we are expecting that all the required permissions have already been granted
02-10 15:37:33.748  4983  5058 V org.thaliproject.p2p.btconnectorlib.DiscoveryManager: getBlePeerDiscovererInstanceAndCheckBluetoothMacAddress: Constructing...
02-10 15:37:33.749  4983  5094 I org.thaliproject.p2p.btconnectorlib.internal.bluetooth.BluetoothServerThread: Waiting for incoming connections...
02-10 15:37:33.753  4983  5058 D org.thaliproject.p2p.btconnectorlib.internal.bluetooth.le.BleAdvertiser: setAdvertiseSettings, Current thread: Thread[Thread-5897,5,main], id: 5897
02-10 15:37:33.754  4983  5058 I org.thaliproject.p2p.btconnectorlib.internal.bluetooth.le.BleAdvertiser: setAdvertiseSettings: Mode: 2, Tx power level: 3, timeout: 0, is connectable: false
02-10 15:37:33.755  4983  5058 D org.thaliproject.p2p.btconnectorlib.internal.bluetooth.le.BleScanner: applyAdditionalMarshmallowSettings
02-10 15:37:33.755  4983  5058 I org.thaliproject.p2p.btconnectorlib.internal.bluetooth.le.BleScanner: setScanSettings: Mode: 2, report delay in milliseconds: 500, scan result type: 0
02-10 15:37:33.755  4983  5058 D org.thaliproject.p2p.btconnectorlib.internal.bluetooth.le.BlePeerDiscoverer: Beacon extra: 0
02-10 15:37:33.759  4983  5058 D org.thaliproject.p2p.btconnectorlib.internal.bluetooth.le.BlePeerDiscoverer: startAdvertiser: Current thread: Thread[Thread-5897,5,main], id: 5897
02-10 15:37:33.759  4983  5058 D org.thaliproject.p2p.btconnectorlib.internal.bluetooth.le.BlePeerDiscoverer: stopPeerAddressHelperAdvertiser Current thread: Thread[Thread-5897,5,main], id: 5897
02-10 15:37:33.759  4983  5058 I org.thaliproject.p2p.btconnectorlib.internal.bluetooth.le.BlePeerDiscoverer: startAdvertiser: Starting...
02-10 15:37:33.759  4983  5058 D org.thaliproject.p2p.btconnectorlib.internal.bluetooth.le.BlePeerDiscoverer: createAdvertiseData: createAdvertiseDataToServiceData 
02-10 15:37:33.760  4983  5058 I org.thaliproject.p2p.btconnectorlib.internal.bluetooth.le.PeerAdvertisementFactory: createAdvertiseDataToServiceData: Service UUID: "03f8b3b7-b244-4a2e-8897-ff42889af18d", Bluetooth MAC address: "BC:75:74:3A:BD:0F"
02-10 15:37:33.761  4983  5058 V org.thaliproject.p2p.btconnectorlib.internal.bluetooth.le.PeerAdvertisementFactory: createAdvertiseDataToServiceData: Service data (length is 7 bytes): 00 BC 75 74 3A BD 0F
02-10 15:37:33.762  4983  5058 V org.thaliproject.p2p.btconnectorlib.internal.bluetooth.le.PeerAdvertisementFactory: createAdvertiseDataToServiceData: Created: AdvertiseData [mServiceUuids=[03f8b3b7-b244-4a2e-8897-ff42889af18d], mManufacturerSpecificData={}, mServiceData={03f8b3b7-b244-4a2e-8897-ff42889af18d=[0, -68, 117, 116, 58, -67, 15]}, mIncludeTxPowerLevel=false, mIncludeDeviceName=false]
02-10 15:37:33.763  4983  5058 I org.thaliproject.p2p.btconnectorlib.internal.bluetooth.le.BlePeerDiscoverer: createAdvertiseData: created AdvertiseData [mServiceUuids=[03f8b3b7-b244-4a2e-8897-ff42889af18d], mManufacturerSpecificData={}, mServiceData={03f8b3b7-b244-4a2e-8897-ff42889af18d=[0, -68, 117, 116, 58, -67, 15]}, mIncludeTxPowerLevel=false, mIncludeDeviceName=false]
02-10 15:37:33.763  4983  5058 D org.thaliproject.p2p.btconnectorlib.internal.bluetooth.le.BleAdvertiser: setAdvertiseData: Current thread: Thread[Thread-5897,5,main], id: 5897
02-10 15:37:33.763  4983  5058 D org.thaliproject.p2p.btconnectorlib.internal.bluetooth.le.BleAdvertiser: setAdvertiseData: AdvertiseData [mServiceUuids=[03f8b3b7-b244-4a2e-8897-ff42889af18d], mManufacturerSpecificData={}, mServiceData={03f8b3b7-b244-4a2e-8897-ff42889af18d=[0, -68, 117, 116, 58, -67, 15]}, mIncludeTxPowerLevel=false, mIncludeDeviceName=false]. Current thread: Thread[Thread-5897,5,main], id: 5897
02-10 15:37:33.763  4983  5058 D org.thaliproject.p2p.btconnectorlib.internal.bluetooth.le.BleAdvertiser: setAdvertiseData: was started = false
02-10 15:37:33.763  4983  5058 D org.thaliproject.p2p.btconnectorlib.internal.bluetooth.le.BleAdvertiser: setAdvertiseData: advertiseData = AdvertiseData [mServiceUuids=[03f8b3b7-b244-4a2e-8897-ff42889af18d], mManufacturerSpecificData={}, mServiceData={03f8b3b7-b244-4a2e-8897-ff42889af18d=[0, -68, 117, 116, 58, -67, 15]}, mIncludeTxPowerLevel=false, mIncludeDeviceName=false]
02-10 15:37:33.764  4983  5058 D org.thaliproject.p2p.btconnectorlib.internal.bluetooth.le.BleAdvertiser: setAdvertiseData finished: Current thread: Thread[Thread-5897,5,main], id: 5897
02-10 15:37:33.764  4983  5058 D org.thaliproject.p2p.btconnectorlib.internal.bluetooth.le.BleAdvertiser: start:  state = NOT_STARTEDCurrent thread: Thread[Thread-5897,5,main], id: 5897
02-10 15:37:33.764  4983  5058 I org.thaliproject.p2p.btconnectorlib.internal.bluetooth.le.BleAdvertiser: start: Starting... advertisement data = AdvertiseData [mServiceUuids=[03f8b3b7-b244-4a2e-8897-ff42889af18d], mManufacturerSpecificData={}, mServiceData={03f8b3b7-b244-4a2e-8897-ff42889af18d=[0, -68, 117, 116, 58, -67, 15]}, mIncludeTxPowerLevel=false, mIncludeDeviceName=false], Current thread: Thread[Thread-5897,5,main], id: 5897
02-10 15:37:33.765  4983  5058 D BluetoothAdapter: STATE_ON
02-10 15:37:33.770 13286 13324 D BtGatt.GattService: registerClient() - UUID=4ad455d2-dc1a-43b7-b7d1-fe91ae4b306a
02-10 15:37:33.771 13286 13302 D BtGatt.GattService: onClientRegistered() - UUID=4ad455d2-dc1a-43b7-b7d1-fe91ae4b306a, clientIf=5
02-10 15:37:33.771  4983  4994 D BluetoothLeAdvertiser: onClientRegistered() - status=0 clientIf=5
02-10 15:37:33.773 13286 13304 D BtGatt.AdvertiseManager: message : 0
02-10 15:37:33.776 13286 13304 D BtGatt.AdvertiseManager: starting multi advertising
02-10 15:37:33.789 13286 13302 D BtGatt.GattService: onAdvertiseInstanceEnabled() - clientIf=5, status=0
02-10 15:37:33.797 13286 13302 D BtGatt.GattService: onAdvertiseDataSet() - clientIf=5, status=0
02-10 15:37:33.798  4983  5058 I org.thaliproject.p2p.btconnectorlib.internal.bluetooth.le.BleAdvertiser: start: Started advertisment Current thread: Thread[Thread-5897,5,main], id: 5897
02-10 15:37:33.798  4983  5058 D org.thaliproject.p2p.btconnectorlib.internal.bluetooth.le.BleAdvertiser: setState: current  = NOT_STARTED, new = STARTINGCurrent thread: Thread[Thread-5897,5,main], id: 5897
02-10 15:37:33.798  4983  5058 D org.thaliproject.p2p.btconnectorlib.internal.bluetooth.le.BleAdvertiser: setState: State changed from NOT_STARTED to STARTING
02-10 15:37:33.799  4983  5058 D org.thaliproject.p2p.btconnectorlib.internal.bluetooth.le.BleAdvertiser: setState: onIsAdvertiserStartedChanged default (no call to listener). Current thread: Thread[Thread-5897,5,main], id: 5897
02-10 15:37:33.799  4983  5058 D org.thaliproject.p2p.btconnectorlib.internal.bluetooth.le.BleAdvertiser: setState: finished Current thread: Thread[Thread-5897,5,main], id: 5897
02-10 15:37:33.799  4983  5058 I org.thaliproject.p2p.btconnectorlib.internal.bluetooth.le.BleAdvertiser: start: return, state = STARTINGCurrent thread: Thread[Thread-5897,5,main], id: 5897
02-10 15:37:33.799  4983  5058 D org.thaliproject.p2p.btconnectorlib.internal.bluetooth.le.BleAdvertiser: start returned: Current thread: Thread[Thread-5897,5,main], id: 5897
02-10 15:37:33.799  4983  5058 D org.thaliproject.p2p.btconnectorlib.internal.bluetooth.le.BlePeerDiscoverer: startAdvertiser started = true Current thread: Thread[Thread-5897,5,main], id: 5897
02-10 15:37:33.799  4983  5058 D org.thaliproject.p2p.btconnectorlib.DiscoveryManager: startBlePeerDiscoverer: OK
02-10 15:37:33.801  4983  5058 I org.thaliproject.p2p.btconnectorlib.DiscoveryManager: start: OK
02-10 15:37:33.801  4983  5058 D org.thaliproject.p2p.btconnectorlib.DiscoveryManager: updateState: Current thread: Thread[Thread-5897,5,main], id: 5897
02-10 15:37:33.801  4983  5058 E org.thaliproject.p2p.btconnectorlib.DiscoveryManager: seems that updateState call different BlePeerDiscoverer
02-10 15:37:33.803  4983  5058 D org.thaliproject.p2p.btconnectorlib.DiscoveryManager: updateStateInternal Current thread: Thread[Thread-5897,5,main], id: 5897
02-10 15:37:33.803  4983  5058 D org.thaliproject.p2p.btconnectorlib.DiscoveryManager: updateStateInternal finished Current thread: Thread[Thread-5897,5,main], id: 5897
02-10 15:37:33.803  4983  5058 D org.thaliproject.p2p.btconnectorlib.DiscoveryManager: updateState finished Current thread: Thread[Thread-5897,5,main], id: 5897
02-10 15:37:33.803  4983  5058 I io.jxcore.node.ConnectionHelper: start: OK
02-10 15:37:33.803  4983  4983 V io.jxcore.node.StartStopOperation: isTargetState: Connectivity: RUNNING, discovery: NOT_STARTED, is discovering: false, is advertising: false - Start operation: Should start/stop everything
02-10 15:37:33.803  4983  4983 D org.thaliproject.p2p.btconnectorlib.internal.bluetooth.le.BleAdvertiser: onStartSuccess : Current thread: Thread[main,5,main], id: 1
02-10 15:37:33.804  4983  4983 D org.thaliproject.p2p.btconnectorlib.internal.bluetooth.le.BleAdvertiser: setState: current  = STARTING, new = RUNNINGCurrent thread: Thread[main,5,main], id: 1
02-10 15:37:33.804  4983  4983 D org.thaliproject.p2p.btconnectorlib.internal.bluetooth.le.BleAdvertiser: setState: State changed from STARTING to RUNNING
02-10 15:37:33.804  4983  4983 D org.thaliproject.p2p.btconnectorlib.internal.bluetooth.le.BleAdvertiser: notifyAdvertiserStateChanged: started =  true. Current thread: Thread[main,5,main], id: 1
02-10 15:37:33.804  4983  4983 D org.thaliproject.p2p.btconnectorlib.internal.bluetooth.le.BleAdvertiser: setState: finished Current thread: Thread[main,5,main], id: 1
02-10 15:37:33.804  4983  4983 I org.thaliproject.p2p.btconnectorlib.internal.bluetooth.le.BlePeerDiscoverer: onIsAdvertiserStartedChanged: trueCurrent thread: Thread[main,5,main], id: 1
02-10 15:37:33.805  4983  4983 D org.thaliproject.p2p.btconnectorlib.internal.bluetooth.le.BlePeerDiscoverer: updateState : Current thread: Thread[main,5,main], id: 1
02-10 15:37:33.805  4983  4983 D org.thaliproject.p2p.btconnectorlib.internal.bluetooth.le.BlePeerDiscoverer: updateState: deducedStateSet: [ADVERTISING]
02-10 15:37:33.805  4983  4983 D org.thaliproject.p2p.btconnectorlib.internal.bluetooth.le.BlePeerDiscoverer: updateState: stateSet: [NOT_STARTED]
02-10 15:37:33.805  4983  4983 D org.thaliproject.p2p.btconnectorlib.internal.bluetooth.le.BlePeerDiscoverer: Current thread: Thread[main,5,main], id: 1
02-10 15:37:33.805  4983  4983 D org.thaliproject.p2p.btconnectorlib.internal.bluetooth.le.BlePeerDiscoverer: updateState: State changed from [NOT_STARTED] to [ADVERTISING]Current thread: Thread[main,5,main], id: 1
02-10 15:37:33.805  4983  4983 D org.thaliproject.p2p.btconnectorlib.internal.bluetooth.le.BlePeerDiscoverer: update state finished. Current thread: Thread[main,5,main], id: 1
02-10 15:37:33.806  4983  4983 I org.thaliproject.p2p.btconnectorlib.DiscoveryManager: onBlePeerDiscovererStateChanged: [NOT_STARTED] -> [ADVERTISING] Current thread: Thread[main,5,main], id: 1
02-10 15:37:33.806  4983  4983 D org.thaliproject.p2p.btconnectorlib.DiscoveryManager: updateState: Current thread: Thread[main,5,main], id: 1
02-10 15:37:33.810  4983  4983 D org.thaliproject.p2p.btconnectorlib.DiscoveryManager: updateStateInternal Current thread: Thread[main,5,main], id: 1
02-10 15:37:33.810  4983  4983 D org.thaliproject.p2p.btconnectorlib.DiscoveryManager: updateState: State: RUNNING_BLE, is discovering: false, is advertising: true
02-10 15:37:33.810  4983  4983 D org.thaliproject.p2p.btconnectorlib.DiscoveryManager: updateStateInternal finished Current thread: Thread[main,5,main], id: 1
02-10 15:37:33.810  4983  4983 D org.thaliproject.p2p.btconnectorlib.DiscoveryManager: updateState finished Current thread: Thread[main,5,main], id: 1
02-10 15:37:33.810  4983  4983 I io.jxcore.node.ConnectionHelper: onDiscoveryManagerStateChanged: State: RUNNING_BLE, is discovering: false, is advertising: true
02-10 15:37:34.311  4983  4983 V io.jxcore.node.ConnectionHelper: Notifying discovery manager state change: is discovering: false, is advertising: true
02-10 15:37:34.312  4983  4983 V io.jxcore.node.StartStopOperation: isTargetState: Connectivity: RUNNING, discovery: RUNNING_BLE, is discovering: false, is advertising: true - Start operation: Should start/stop everything
02-10 15:37:34.312  4983  4983 D io.jxcore.node.StartStopOperationHandler: processCurrentOperationStatus: Operation successfully executed
02-10 15:37:34.315  4983  5058 I jxcore-log: ok 78 Can call startUpdateAdvertisingAndListening without error
02-10 15:37:34.315  4983  5058 I jxcore-log: 
02-10 15:37:34.317  4983  5058 D io.jxcore.node.JXcoreExtension: stopAdvertisingAndListening
02-10 15:37:34.318  4983  5058 I io.jxcore.node.ConnectionHelper: stop: Stopping all activities and killing connections
02-10 15:37:34.318  4983  5058 V io.jxcore.node.StartStopOperation: isTargetState: Connectivity: RUNNING, discovery: RUNNING_BLE, is discovering: false, is advertising: true - Stop operation: Should start/stop everything
02-10 15:37:34.318  4983  5058 V io.jxcore.node.StartStopOperationHandler: executeCurrentOperation: Executing: Stop operation: Should start/stop everything
02-10 15:37:34.318  4983  5058 I org.thaliproject.p2p.btconnectorlib.ConnectionManager: stopListeningForIncomingConnections
02-10 15:37:34.318  4983  5058 I org.thaliproject.p2p.btconnectorlib.internal.bluetooth.BluetoothConnector: stopListeningForIncomingConnections: Stopping...
02-10 15:37:34.319  4983  5058 D org.thaliproject.p2p.btconnectorlib.internal.bluetooth.BluetoothServerThread: shutdown
02-10 15:37:34.319  4983  5058 D org.thaliproject.p2p.btconnectorlib.internal.bluetooth.BluetoothManager: release: 2 listener(s) left
02-10 15:37:34.319  4983  5094 V org.thaliproject.p2p.btconnectorlib.internal.bluetooth.BluetoothServerThread: closeBluetoothServerSocket: Bluetooth server socket closed
02-10 15:37:34.319  4983  5058 D org.thaliproject.p2p.btconnectorlib.ConnectionManager: updateState: mShouldBeStarted :  false, mIsServerStarted:  true
02-10 15:37:34.319  4983  5094 D org.thaliproject.p2p.btconnectorlib.internal.bluetooth.BluetoothServerThread: Exiting thread
02-10 15:37:34.320  4983  5058 D org.thaliproject.p2p.btconnectorlib.ConnectionManager: setState: RUNNING -> NOT_STARTED
02-10 15:37:34.320  4983  5094 I org.thaliproject.p2p.btconnectorlib.internal.bluetooth.BluetoothConnector: onServerStopped: Was explicitly stopped: true
02-10 15:37:34.320  4983  5058 I org.thaliproject.p2p.btconnectorlib.ConnectionManager: cancelAllConnectionAttempts
02-10 15:37:34.320  4983  4983 I io.jxcore.node.ConnectionHelper: onConnectionManagerStateChanged: NOT_STARTED
02-10 15:37:34.320  4983  5058 I org.thaliproject.p2p.btconnectorlib.DiscoveryManager: stop: Stopping peer discovery...
02-10 15:37:34.320  4983  5058 D org.thaliproject.p2p.btconnectorlib.DiscoveryManager: stopForRestart Current thread: Thread[Thread-5897,5,main], id: 5897
02-10 15:37:34.320  4983  5058 D org.thaliproject.p2p.btconnectorlib.DiscoveryManager: stopForRestart. RUNNING_BLE
02-10 15:37:34.321  4983  5058 D org.thaliproject.p2p.btconnectorlib.internal.BluetoothMacAddressResolutionHelper: stopProvideBluetoothMacAddressMode
02-10 15:37:34.321  4983  5058 D org.thaliproject.p2p.btconnectorlib.internal.bluetooth.le.BlePeerDiscoverer: stopScannerAndAdvertiser: Current thread: Thread[Thread-5897,5,main], id: 5897
02-10 15:37:34.321  4983  5058 D org.thaliproject.p2p.btconnectorlib.internal.bluetooth.le.BlePeerDiscoverer: stopPeerAddressHelperAdvertiser Current thread: Thread[Thread-5897,5,main], id: 5897
02-10 15:37:34.321  4983  5058 D org.thaliproject.p2p.btconnectorlib.internal.bluetooth.le.BlePeerDiscoverer: stopScanner: Current thread: Thread[Thread-5897,5,main], id: 5897
02-10 15:37:34.322  4983  5058 D org.thaliproject.p2p.btconnectorlib.internal.bluetooth.le.BleScanner: stop, Current thread: Thread[Thread-5897,5,main], id: 5897
02-10 15:37:34.323  4983  5058 D BluetoothAdapter: STATE_ON
02-10 15:37:34.323  4983  5058 D org.thaliproject.p2p.btconnectorlib.internal.bluetooth.le.BleScanner: stop: scan results are flushed 
02-10 15:37:34.325  4983  5058 D BluetoothAdapter: STATE_ON
02-10 15:37:34.326  4983  5058 D BluetoothLeScanner: could not find callback wrapper
02-10 15:37:34.326  4983  5058 D org.thaliproject.p2p.btconnectorlib.internal.bluetooth.le.BleScanner: stop: Stopped
02-10 15:37:34.326  4983  5058 D org.thaliproject.p2p.btconnectorlib.internal.bluetooth.le.BleScanner: set state: Current thread: Thread[Thread-5897,5,main], id: 5897
02-10 15:37:34.326  4983  5058 D org.thaliproject.p2p.btconnectorlib.internal.bluetooth.le.BleScanner: stop finished, Current thread: Thread[Thread-5897,5,main], id: 5897
02-10 15:37:34.326  4983  5058 D org.thaliproject.p2p.btconnectorlib.internal.bluetooth.le.BlePeerDiscoverer: stopAdvertiser:Current thread: Thread[Thread-5897,5,main], id: 5897
02-10 15:37:34.327  4983  5058 I org.thaliproject.p2p.btconnectorlib.internal.bluetooth.le.BlePeerDiscoverer: stopAdvertiser: Stopping...
02-10 15:37:34.327  4983  5058 D org.thaliproject.p2p.btconnectorlib.internal.bluetooth.le.BleAdvertiser: stop. Current thread: Thread[Thread-5897,5,main], id: 5897
02-10 15:37:34.329 13286 13304 D BtGatt.AdvertiseManager: message : 1
02-10 15:37:34.330 13286 13304 D BtGatt.AdvertiseManager: stop advertise for client 5
02-10 15:37:34.341 13286 13302 D BtGatt.GattService: onAdvertiseInstanceDisabled() - clientIf=5, status=0
02-10 15:37:34.341 13286 13302 D BtGatt.GattService: Client app is not null!
02-10 15:37:34.342 13286 13296 D BtGatt.GattService: unregisterClient() - clientIf=5
02-10 15:37:34.343  4983  5058 D org.thaliproject.p2p.btconnectorlib.internal.bluetooth.le.BleAdvertiser: stop: Stopped
02-10 15:37:34.343  4983  5058 D org.thaliproject.p2p.btconnectorlib.internal.bluetooth.le.BleAdvertiser: setState: current  = RUNNING, new = NOT_STARTEDCurrent thread: Thread[Thread-5897,5,main], id: 5897
02-10 15:37:34.343  4983  5058 D org.thaliproject.p2p.btconnectorlib.internal.bluetooth.le.BleAdvertiser: setState: State changed from RUNNING to NOT_STARTED
02-10 15:37:34.343  4983  5058 D org.thaliproject.p2p.btconnectorlib.internal.bluetooth.le.BleAdvertiser: notifyAdvertiserStateChanged: started =  false. Current thread: Thread[Thread-5897,5,main], id: 5897
02-10 15:37:34.344  4983  5058 D org.thaliproject.p2p.btconnectorlib.internal.bluetooth.le.BleAdvertiser: setState: finished Current thread: Thread[Thread-5897,5,main], id: 5897
02-10 15:37:34.344  4983  5058 D org.thaliproject.p2p.btconnectorlib.internal.bluetooth.le.BleAdvertiser: stop finished. Current thread: Thread[Thread-5897,5,main], id: 5897
02-10 15:37:34.344  4983  5058 D org.thaliproject.p2p.btconnectorlib.DiscoveryManager: stopBlePeerDiscoverer: Stopped
02-10 15:37:34.344  4983  5058 I org.thaliproject.p2p.btconnectorlib.internal.wifi.WifiDirectManager: release: No more listeners, de-initializing...
02-10 15:37:34.345  4983  5058 D org.thaliproject.p2p.btconnectorlib.internal.bluetooth.BluetoothManager: release: 1 listener(s) left
02-10 15:37:34.346  4983  5058 D org.thaliproject.p2p.btconnectorlib.DiscoveryManager: updateState: Current thread: Thread[Thread-5897,5,main], id: 5897
02-10 15:37:34.347  4983  5058 D org.thaliproject.p2p.btconnectorlib.DiscoveryManager: updateStateInternal Current thread: Thread[Thread-5897,5,main], id: 5897
02-10 15:37:34.348  4983  5058 D org.thaliproject.p2p.btconnectorlib.DiscoveryManager: updateState: State: NOT_STARTED, is discovering: false, is advertising: false
02-10 15:37:34.348  4983  5058 D org.thaliproject.p2p.btconnectorlib.DiscoveryManager: updateStateInternal finished Current thread: Thread[Thread-5897,5,main], id: 5897
02-10 15:37:34.348  4983  5058 D org.thaliproject.p2p.btconnectorlib.DiscoveryManager: updateState finished Current thread: Thread[Thread-5897,5,main], id: 5897
02-10 15:37:34.348  4983  4983 V io.jxcore.node.StartStopOperation: isTargetState: Connectivity: NOT_STARTED, discovery: NOT_STARTED, is discovering: false, is advertising: false - Stop operation: Should start/stop everything
02-10 15:37:34.348  4983  4983 D io.jxcore.node.StartStopOperationHandler: processCurrentOperationStatus: Operation successfully executed
02-10 15:37:34.349  4983  4983 D org.thaliproject.p2p.btconnectorlib.ConnectionManager: onIsServerStartedChanged: false
02-10 15:37:34.349  4983  4983 D org.thaliproject.p2p.btconnectorlib.ConnectionManager: updateState: mShouldBeStarted :  false, mIsServerStarted:  false
02-10 15:37:34.349  4983  4983 I org.thaliproject.p2p.btconnectorlib.DiscoveryManager: start: Discovery mode: BLE, start discovery: false, start advertiser: false
02-10 15:37:34.349  4983  4983 I org.thaliproject.p2p.btconnectorlib.DiscoveryManager: start: Discovery mode: BLE, start discovery: false, start advertiser: false
02-10 15:37:34.349  4983  4983 I org.thaliproject.p2p.btconnectorlib.internal.bluetooth.le.BlePeerDiscoverer: onIsAdvertiserStartedChanged: falseCurrent thread: Thread[main,5,main], id: 1
02-10 15:37:34.349  4983  5058 I jxcore-log: 2017-02-10 12:37:34 - DEBUG thaliMobileNativeWrapper: 'discoveryAdvertisingStateUpdateNonTCP: {"discoveryActive":false,"advertisingActive":true}'
02-10 15:37:34.349  4983  5058 I jxcore-log: 
02-10 15:37:34.349  4983  4983 D org.thaliproject.p2p.btconnectorlib.internal.bluetooth.le.BlePeerDiscoverer: updateState : Current thread: Thread[main,5,main], id: 1
02-10 15:37:34.350  4983  4983 D org.thaliproject.p2p.btconnectorlib.internal.bluetooth.le.BlePeerDiscoverer: updateState: deducedStateSet: [NOT_STARTED]
02-10 15:37:34.350  4983  4983 D org.thaliproject.p2p.btconnectorlib.internal.bluetooth.le.BlePeerDiscoverer: updateState: stateSet: [ADVERTISING]
02-10 15:37:34.350  4983  4983 D org.thaliproject.p2p.btconnectorlib.internal.bluetooth.le.BlePeerDiscoverer: Current thread: Thread[main,5,main], id: 1
02-10 15:37:34.350  4983  4983 D org.thaliproject.p2p.btconnectorlib.internal.bluetooth.le.BlePeerDiscoverer: updateState: State changed from [ADVERTISING] to [NOT_STARTED]Current thread: Thread[main,5,main], id: 1
02-10 15:37:34.350  4983  4983 D org.thaliproject.p2p.btconnectorlib.internal.bluetooth.le.BlePeerDiscoverer: update state finished. Current thread: Thread[main,5,main], id: 1
02-10 15:37:34.350  4983  4983 I io.jxcore.node.ConnectionHelper: onDiscoveryManagerStateChanged: State: NOT_STARTED, is discovering: false, is advertising: false
02-10 15:37:34.353  4983  5058 I jxcore-log: 2017-02-10 12:37:34 - INFO thaliMobile: 'Received state ({"discoveryActive":false,"advertisingActive":true}) did not match with target ({"started":false,"listening":false,"advertising":false,"networkType":"BOTH","startArguments":{"router":null,"pskIdToSecret":null,"networkType":null}})'
02-10 15:37:34.353  4983  5058 I jxcore-log: 
02-10 15:37:34.355  4983  5058 I jxcore-log: 2017-02-10 12:37:34 - INFO thaliMobile: 'Filtered out discoveryAdvertisingStateUpdate (was in stopped state).'
02-10 15:37:34.355  4983  5058 I jxcore-log: 
02-10 15:37:34.356  4983  5058 I jxcore-log: ok 79 Can call stopAdvertisingAndListening without error
02-10 15:37:34.356  4983  5058 I jxcore-log: 
02-10 15:37:34.363  4983  5058 I jxcore-log: # teardown
02-10 15:37:34.363  4983  5058 I jxcore-log: 
02-10 15:37:34.378  4983  5058 D io.jxcore.node.JXcoreExtension: stopListeningForAdvertisements
02-10 15:37:34.378  4983  5058 I io.jxcore.node.ConnectionHelper: stop: Stopping only listening for advertisements
02-10 15:37:34.378  4983  5058 V io.jxcore.node.StartStopOperation: isTargetState: Connectivity: NOT_STARTED, discovery: NOT_STARTED, is discovering: false, is advertising: false - Stop operation: Should affect listening to advertisements only
02-10 15:37:34.379  4983  5058 V io.jxcore.node.StartStopOperationHandler: executeCurrentOperation: The current state already matches the desired outcome of this operation, skipping...
02-10 15:37:34.380  4983  5058 I jxcore-log: ok 80 Should be able to call stopListeningForAdvertisements in teardown
02-10 15:37:34.380  4983  5058 I jxcore-log: 
02-10 15:37:34.382  4983  5058 D io.jxcore.node.JXcoreExtension: stopAdvertisingAndListening
02-10 15:37:34.382  4983  5058 I io.jxcore.node.ConnectionHelper: stop: Stopping all activities and killing connections
02-10 15:37:34.382  4983  5058 V io.jxcore.node.StartStopOperation: isTargetState: Connectivity: NOT_STARTED, discovery: NOT_STARTED, is discovering: false, is advertising: false - Stop operation: Should start/stop everything
02-10 15:37:34.382  4983  5058 V io.jxcore.node.StartStopOperationHandler: executeCurrentOperation: The current state already matches the desired outcome of this operation, skipping...
