02-10 15:37:48.940 30145 30145 D org.thaliproject.p2p.btconnectorlib.internal.bluetooth.le.BleAdvertiser: setAdvertiseData: AdvertiseData [mServiceUuids=[03f8b3b7-b244-4a2e-8897-ff42889af18d], mManufacturerSpecificData={}, mServiceData={03f8b3b7-b244-4a2e-8897-ff42889af18d=[4, 36, 0, -70, -7, -102, -97]}, mIncludeTxPowerLevel=false, mIncludeDeviceName=false]. Current thread: Thread[main,5,main], id: 1
02-10 15:37:48.941 30145 30145 D org.thaliproject.p2p.btconnectorlib.internal.bluetooth.le.BleAdvertiser: setAdvertiseData: was started = false
02-10 15:37:48.941 30145 30145 D org.thaliproject.p2p.btconnectorlib.internal.bluetooth.le.BleAdvertiser: setAdvertiseData: advertiseData = AdvertiseData [mServiceUuids=[03f8b3b7-b244-4a2e-8897-ff42889af18d], mManufacturerSpecificData={}, mServiceData={03f8b3b7-b244-4a2e-8897-ff42889af18d=[4, 36, 0, -70, -7, -102, -97]}, mIncludeTxPowerLevel=false, mIncludeDeviceName=false]
02-10 15:37:48.941 30145 30145 D org.thaliproject.p2p.btconnectorlib.internal.bluetooth.le.BleAdvertiser: setAdvertiseData finished: Current thread: Thread[main,5,main], id: 1
02-10 15:37:48.941 30145 30145 D org.thaliproject.p2p.btconnectorlib.internal.bluetooth.le.BleAdvertiser: start:  state = NOT_STARTEDCurrent thread: Thread[main,5,main], id: 1
02-10 15:37:48.941 30145 30145 I org.thaliproject.p2p.btconnectorlib.internal.bluetooth.le.BleAdvertiser: start: Starting... advertisement data = AdvertiseData [mServiceUuids=[03f8b3b7-b244-4a2e-8897-ff42889af18d], mManufacturerSpecificData={}, mServiceData={03f8b3b7-b244-4a2e-8897-ff42889af18d=[4, 36, 0, -70, -7, -102, -97]}, mIncludeTxPowerLevel=false, mIncludeDeviceName=false], Current thread: Thread[main,5,main], id: 1
02-10 15:37:48.943 30145 30145 D BluetoothAdapter: STATE_ON
02-10 15:37:48.949 31626 31638 D BtGatt.GattService: registerClient() - UUID=3dbf657f-6158-40ba-ba71-394cc1529091
02-10 15:37:48.950 31626 31643 D BtGatt.GattService: onClientRegistered() - UUID=3dbf657f-6158-40ba-ba71-394cc1529091, clientIf=5
02-10 15:37:48.950 30145 30155 D BluetoothLeAdvertiser: onClientRegistered() - status=0 clientIf=5
02-10 15:37:48.952 31626 31646 D BtGatt.AdvertiseManager: message : 0
02-10 15:37:48.956 31626 31646 D BtGatt.AdvertiseManager: starting multi advertising
02-10 15:37:48.960 31626 31643 D BtGatt.GattService: onAdvertiseInstanceEnabled() - clientIf=5, status=0
02-10 15:37:48.963 31626 31643 D BtGatt.GattService: onAdvertiseDataSet() - clientIf=5, status=0
02-10 15:37:48.964 30145 30145 I org.thaliproject.p2p.btconnectorlib.internal.bluetooth.le.BleAdvertiser: start: Started advertisment Current thread: Thread[main,5,main], id: 1
02-10 15:37:48.964 30145 30145 D org.thaliproject.p2p.btconnectorlib.internal.bluetooth.le.BleAdvertiser: setState: current  = NOT_STARTED, new = STARTINGCurrent thread: Thread[main,5,main], id: 1
02-10 15:37:48.964 30145 30145 D org.thaliproject.p2p.btconnectorlib.internal.bluetooth.le.BleAdvertiser: setState: State changed from NOT_STARTED to STARTING
02-10 15:37:48.964 30145 30145 D org.thaliproject.p2p.btconnectorlib.internal.bluetooth.le.BleAdvertiser: setState: onIsAdvertiserStartedChanged default (no call to listener). Current thread: Thread[main,5,main], id: 1
02-10 15:37:48.965 30145 30145 D org.thaliproject.p2p.btconnectorlib.internal.bluetooth.le.BleAdvertiser: setState: finished Current thread: Thread[main,5,main], id: 1
02-10 15:37:48.965 30145 30145 I org.thaliproject.p2p.btconnectorlib.internal.bluetooth.le.BleAdvertiser: start: return, state = STARTINGCurrent thread: Thread[main,5,main], id: 1
02-10 15:37:48.965 30145 30145 D org.thaliproject.p2p.btconnectorlib.internal.bluetooth.le.BleAdvertiser: start returned: Current thread: Thread[main,5,main], id: 1
02-10 15:37:48.965 30145 30145 D org.thaliproject.p2p.btconnectorlib.internal.bluetooth.le.BlePeerDiscoverer: startAdvertiser started = true Current thread: Thread[main,5,main], id: 1
02-10 15:37:48.965 30145 30145 D org.thaliproject.p2p.btconnectorlib.internal.bluetooth.le.BlePeerDiscoverer: applySettings: start advertiser started = true Current thread: Thread[main,5,main], id: 1
02-10 15:37:48.965 30145 30145 D org.thaliproject.p2p.btconnectorlib.internal.bluetooth.le.BleScanner: applyAdditionalMarshmallowSettings
02-10 15:37:48.965 30145 30145 D org.thaliproject.p2p.btconnectorlib.internal.bluetooth.le.BlePeerDiscoverer: applySettings: scannerWasStarted true Current thread: Thread[main,5,main], id: 1
02-10 15:37:48.965 30145 30145 D org.thaliproject.p2p.btconnectorlib.internal.bluetooth.le.BlePeerDiscoverer: applySettings: stop scanner Current thread: Thread[main,5,main], id: 1
02-10 15:37:48.965 30145 30145 D org.thaliproject.p2p.btconnectorlib.internal.bluetooth.le.BleScanner: stop, Current thread: Thread[main,5,main], id: 1
02-10 15:37:48.966 30145 30145 D BluetoothAdapter: STATE_ON
02-10 15:37:48.967 31626 31644 D BtGatt.GattService: flushPendingBatchResults - clientIf=6, isServer=false
02-10 15:37:48.967 30145 30145 D org.thaliproject.p2p.btconnectorlib.internal.bluetooth.le.BleScanner: stop: scan results are flushed 
02-10 15:37:48.967 31626 31647 D BtGatt.ScanManager: flushPendingBatchResults - clientIf = 6
02-10 15:37:48.968 30145 30145 D BluetoothAdapter: STATE_ON
02-10 15:37:48.969 31626 31679 D BtGatt.GattService: stopScan() - queue size =1
02-10 15:37:48.969 31626 31643 D BtGatt.GattService: onBatchScanReports() - clientIf=6, status=0, reportType=2, numRecords=0
02-10 15:37:48.969 31626 31643 D BtGatt.ScanManager: callback done for clientIf - 6 status - 0
02-10 15:37:48.970 31626 31638 D BtGatt.GattService: unregisterClient() - clientIf=6
02-10 15:37:48.971 30145 30145 D org.thaliproject.p2p.btconnectorlib.internal.bluetooth.le.BleScanner: stop: Stopped
02-10 15:37:48.971 30145 30145 D org.thaliproject.p2p.btconnectorlib.internal.bluetooth.le.BleScanner: set state: Current thread: Thread[main,5,main], id: 1
02-10 15:37:48.971 30145 30145 D org.thaliproject.p2p.btconnectorlib.internal.bluetooth.le.BleScanner: setState: State changed from RUNNING to NOT_STARTED
02-10 15:37:48.971 30145 30145 D org.thaliproject.p2p.btconnectorlib.internal.bluetooth.le.BleScanner: stop finished, Current thread: Thread[main,5,main], id: 1
02-10 15:37:48.971 30145 30145 I org.thaliproject.p2p.btconnectorlib.internal.bluetooth.le.BleScanner: setScanSettings: Mode: 0, report delay in milliseconds: 500, scan result type: 0
02-10 15:37:48.971 30145 30145 D org.thaliproject.p2p.btconnectorlib.internal.bluetooth.le.BlePeerDiscoverer: applySettings: start scanner Current thread: Thread[main,5,main], id: 1
02-10 15:37:48.971 30145 30145 D org.thaliproject.p2p.btconnectorlib.internal.bluetooth.le.BlePeerDiscoverer: startScanner: Current thread: Thread[main,5,main], id: 1
02-10 15:37:48.971 30145 30145 I org.thaliproject.p2p.btconnectorlib.internal.bluetooth.le.BlePeerDiscoverer: startScanner: Starting...
02-10 15:37:48.971 30145 30145 D org.thaliproject.p2p.btconnectorlib.internal.bluetooth.le.BlePeerDiscoveryUtils: createScanFilter: No service UUID, use manufacturer ID: true
02-10 15:37:48.971 30145 30145 D org.thaliproject.p2p.btconnectorlib.internal.bluetooth.le.BlePeerDiscoveryUtils: manufacturer ID: 36667
02-10 15:37:48.971 30145 30145 D org.thaliproject.p2p.btconnectorlib.internal.bluetooth.le.BlePeerDiscoveryUtils: createScanFilter: BluetoothLeScanFilter [mDeviceName=null, mDeviceAddress=null, mUuid=null, mUuidMask=null, mServiceDataUuid=null, mServiceData=null, mServiceDataMask=null, mManufacturerId=36667, mManufacturerData=null, mManufacturerDataMask=null]
02-10 15:37:48.972 30145 30145 D org.thaliproject.p2p.btconnectorlib.internal.bluetooth.le.BleScanner: start: Current thread: Thread[main,5,main], id: 1
02-10 15:37:48.973 30145 30145 D BluetoothAdapter: STATE_ON
02-10 15:37:48.974 31626 31643 D BtGatt.GattService: onScanFilterParamsConfigured() - clientIf=6, status=0, action=1, availableSpace=32
02-10 15:37:48.974 31626 31643 D BtGatt.ScanManager: callback done for clientIf - 6 status - 0
02-10 15:37:48.974 31626 31647 D BtGatt.ScanManager: stopping BLe Batch
02-10 15:37:48.976 31626 31643 D BtGatt.GattService: onBatchScanStartStopped() - clientIf=6, status=0, startStopAction=0
02-10 15:37:48.976 31626 31643 D BtGatt.ScanManager: callback done for clientIf - 6 status - 0
02-10 15:37:48.976 31626 31647 D BtGatt.ScanManager: flushPendingBatchResults - clientIf = 6
02-10 15:37:48.976 31626 31659 D BtGatt.GattService: registerClient() - UUID=f4c8b1c4-fa5f-4261-adf4-fa8b0704fa19
02-10 15:37:48.977 31626 31643 D BtGatt.GattService: onClientRegistered() - UUID=f4c8b1c4-fa5f-4261-adf4-fa8b0704fa19, clientIf=6
02-10 15:37:48.977 31626 31643 D BtGatt.GattService: onBatchScanReports() - clientIf=6, status=0, reportType=2, numRecords=0
02-10 15:37:48.977 30145 30156 D BluetoothLeScanner: onClientRegistered() - status=0 clientIf=6
02-10 15:37:48.978 31626 31643 D BtGatt.ScanManager: callback done for clientIf - 6 status - 0
02-10 15:37:48.978 31626 31637 D BtGatt.GattService: start scan with filters
02-10 15:37:48.980 31626 31647 D BtGatt.ScanManager: handling starting scan
02-10 15:37:48.980 30145 30145 D org.thaliproject.p2p.btconnectorlib.internal.bluetooth.le.BleScanner: start: scan started
02-10 15:37:48.980 30145 30145 D org.thaliproject.p2p.btconnectorlib.internal.bluetooth.le.BleScanner: set state: Current thread: Thread[main,5,main], id: 1
02-10 15:37:48.981 30145 30145 D org.thaliproject.p2p.btconnectorlib.internal.bluetooth.le.BleScanner: setState: State changed from NOT_STARTED to RUNNING
02-10 15:37:48.981 30145 30145 D org.thaliproject.p2p.btconnectorlib.internal.bluetooth.le.BleScanner: notifyScannerStateChanged: started =  true. Current thread: Thread[main,5,main], id: 1
02-10 15:37:48.981 30145 30145 D org.thaliproject.p2p.btconnectorlib.internal.bluetooth.le.BlePeerDiscoverer: applySettings: start scanner started = true Current thread: Thread[main,5,main], id: 1
02-10 15:37:48.981 30145 30145 D org.thaliproject.p2p.btconnectorlib.DiscoveryManager: onAdvertiseScanSettingsChanged: Current thread: Thread[main,5,main], id: 1
02-10 15:37:48.981 30145 30145 D org.thaliproject.p2p.btconnectorlib.DiscoveryManager: onAdvertiseScanSettingsChanged: Current thread: Thread[main,5,main], id: 1
02-10 15:37:48.981 30145 30145 I io.jxcore.node.ConnectionHelper: onConnected: Outgoing socket thread, for peer [BC:75:74:3A:BD:0F 4], created successfully
02-10 15:37:48.982 30145 30145 D io.jxcore.node.ConnectionHelper: onConnected: The total number of connections is now 1
02-10 15:37:48.982 30145 30145 D org.thaliproject.p2p.btconnectorlib.internal.bluetooth.le.BleAdvertiser: onStartSuccess : Current thread: Thread[main,5,main], id: 1
02-10 15:37:48.982 30145 30145 D org.thaliproject.p2p.btconnectorlib.internal.bluetooth.le.BleAdvertiser: setState: current  = STARTING, new = RUNNINGCurrent thread: Thread[main,5,main], id: 1
02-10 15:37:48.982 30145 30145 D org.thaliproject.p2p.btconnectorlib.internal.bluetooth.le.BleAdvertiser: setState: State changed from STARTING to RUNNING
02-10 15:37:48.982 30145 30236 D io.jxcore.node.OutgoingSocketThread: Entering thread (ID: 3100). Connection data  = Peer properties: [BC:75:74:3A:BD:0F 4].
02-10 15:37:48.982 30145 30236 D io.jxcore.node.OutgoingSocketThread:  Is incomming connection: false.
02-10 15:37:48.982 30145 30236 D io.jxcore.node.OutgoingSocketThread:  id: 1
02-10 15:37:48.982 30145 30145 D org.thaliproject.p2p.btconnectorlib.internal.bluetooth.le.BleAdvertiser: notifyAdvertiserStateChanged: started =  true. Current thread: Thread[main,5,main], id: 1
02-10 15:37:48.982 30145 30145 D org.thaliproject.p2p.btconnectorlib.internal.bluetooth.le.BleAdvertiser: setState: finished Current thread: Thread[main,5,main], id: 1
02-10 15:37:48.982 30145 30145 D org.thaliproject.p2p.btconnectorlib.internal.bluetooth.le.BleScanner: onBatchScanResults: results count  = 0. Current thread: Thread[main,5,main], id: 1
02-10 15:37:48.982 30145 30145 I org.thaliproject.p2p.btconnectorlib.internal.bluetooth.le.BlePeerDiscoverer: onIsScannerStartedChanged: trueCurrent thread: Thread[main,5,main], id: 1
02-10 15:37:48.983 30145 30145 D org.thaliproject.p2p.btconnectorlib.internal.bluetooth.le.BlePeerDiscoverer: updateState : Current thread: Thread[main,5,main], id: 1
02-10 15:37:48.983 30145 30145 D org.thaliproject.p2p.btconnectorlib.internal.bluetooth.le.BlePeerDiscoverer: updateState: deducedStateSet: [SCANNING, ADVERTISING]
02-10 15:37:48.983 30145 30145 D org.thaliproject.p2p.btconnectorlib.internal.bluetooth.le.BlePeerDiscoverer: updateState: stateSet: [SCANNING, ADVERTISING]
02-10 15:37:48.983 30145 30145 D org.thaliproject.p2p.btconnectorlib.internal.bluetooth.le.BlePeerDiscoverer: Current thread: Thread[main,5,main], id: 1
02-10 15:37:48.983 30145 30145 D org.thaliproject.p2p.btconnectorlib.internal.bluetooth.le.BlePeerDiscoverer: update state finished. Current thread: Thread[main,5,main], id: 1
02-10 15:37:48.983 30145 30145 I org.thaliproject.p2p.btconnectorlib.internal.bluetooth.le.BlePeerDiscoverer: onIsAdvertiserStartedChanged: trueCurrent thread: Thread[main,5,main], id: 1
02-10 15:37:48.983 30145 30145 D org.thaliproject.p2p.btconnectorlib.internal.bluetooth.le.BlePeerDiscoverer: updateState : Current thread: Thread[main,5,main], id: 1
02-10 15:37:48.983 30145 30145 D org.thaliproject.p2p.btconnectorlib.internal.bluetooth.le.BlePeerDiscoverer: updateState: deducedStateSet: [SCANNING, ADVERTISING]
02-10 15:37:48.983 30145 30145 D org.thaliproject.p2p.btconnectorlib.internal.bluetooth.le.BlePeerDiscoverer: updateState: stateSet: [SCANNING, ADVERTISING]
02-10 15:37:48.983 30145 30145 D org.thaliproject.p2p.btconnectorlib.internal.bluetooth.le.BlePeerDiscoverer: Current thread: Thread[main,5,main], id: 1
02-10 15:37:48.983 30145 30145 D org.thaliproject.p2p.btconnectorlib.internal.bluetooth.le.BlePeerDiscoverer: update state finished. Current thread: Thread[main,5,main], id: 1
02-10 15:37:48.983 31626 31643 D BtGatt.GattService: onScanFilterEnableDisabled() - clientIf=6, status=0, action=1
02-10 15:37:48.983 31626 31643 D BtGatt.ScanManager: callback done for clientIf - 6 status - 0
02-10 15:37:48.983 30145 30236 D io.jxcore.node.OutgoingSocketThread: Server socket local port: 45356
02-10 15:37:48.984 31626 31647 D BtGatt.ScanManager: configureFilterParamter 1500 10000 4 0
02-10 15:37:48.984 30145 30236 I io.jxcore.node.OutgoingSocketThread: Now accepting connections...
02-10 15:37:48.984 30145 30236 I io.jxcore.node.ConnectionHelper: onListeningForIncomingConnections: Outgoing connection is using port 45356 (peer ID: BC:75:74:3A:BD:0F)
02-10 15:37:48.984 30145 30236 D io.jxcore.node.ConnectionModel: removeOutgoingConnectionCallback: Callback associated with Bluetooth MAC address "BC:75:74:3A:BD:0F" removed
02-10 15:37:48.985 31626 31643 D BtGatt.GattService: onScanFilterParamsConfigured() - clientIf=6, status=0, action=0, availableSpace=31
02-10 15:37:48.985 31626 31643 D BtGatt.ScanManager: callback done for clientIf - 6 status - 0
02-10 15:37:48.987 30145 30204 I jxcore-log: 2017-02-10 12:37:48 - INFO testThaliMobileNative: ''
02-10 15:37:48.987 30145 30204 I jxcore-log: 
02-10 15:37:48.987 30145 30204 I jxcore-log: ok 101 Must have listeningPort
02-10 15:37:48.987 30145 30204 I jxcore-log: 
02-10 15:37:48.988 30145 30204 I jxcore-log: ok 102 listeningPort must be a number
02-10 15:37:48.988 30145 30204 I jxcore-log: 
02-10 15:37:48.988 30145 30204 I jxcore-log: ok 103 listening port should not be 0
02-10 15:37:48.988 30145 30204 I jxcore-log: 
02-10 15:37:48.992 31626 31647 D BtGatt.ScanManager: Starting BLE batch scan
02-10 15:37:48.992 31626 31647 D BtGatt.ScanManager: configuring batch scan storage, appIf 6
02-10 15:37:48.994 30145 30204 I jxcore-log: # teardown
02-10 15:37:48.994 30145 30204 I jxcore-log: 
02-10 15:37:48.996 31626 31643 D BtGatt.GattService: onBatchScanStorageConfigured() - clientIf=6, status=0
02-10 15:37:48.996 31626 31643 D BtGatt.ScanManager: callback done for clientIf - 6 status - 0
02-10 15:37:48.998 31626 31643 D BtGatt.GattService: onBatchScanStartStopped() - clientIf=6, status=0, startStopAction=1
02-10 15:37:48.998 31626 31643 D BtGatt.ScanManager: callback done for clientIf - 6 status - 0
02-10 15:37:53.035   918 29845 D NetlinkSocketObserver: NeighborEvent{elapsedMs=5175645994, 192.168.2.1, [129ADDB5B164], RTM_NEWNEIGH, NUD_STALE}
02-10 15:37:53.596 30145 30204 I jxcore-log: 2017-02-10 12:37:53 - DEBUG makeIntoCloseAllServer: 'closeAll called on server'
02-10 15:37:53.596 30145 30204 I jxcore-log: 
02-10 15:37:53.600 30145 30204 D io.jxcore.node.JXcoreExtension: stopListeningForAdvertisements
02-10 15:37:53.601 30145 30204 I io.jxcore.node.ConnectionHelper: stop: Stopping only listening for advertisements
02-10 15:37:53.601 30145 30204 V io.jxcore.node.StartStopOperation: isTargetState: Connectivity: RUNNING, discovery: RUNNING_BLE, is discovering: true, is advertising: true - Stop operation: Should affect listening to advertisements only
02-10 15:37:53.601 30145 30204 V io.jxcore.node.StartStopOperationHandler: executeCurrentOperation: Executing: Stop operation: Should affect listening to advertisements only
02-10 15:37:53.601 30145 30204 I org.thaliproject.p2p.btconnectorlib.DiscoveryManager: stopDiscovery
02-10 15:37:53.602 30145 30204 D org.thaliproject.p2p.btconnectorlib.internal.bluetooth.le.BlePeerDiscoverer: stopScanner: Current thread: Thread[Thread-3093,7,main], id: 3093
02-10 15:37:53.602 30145 30204 I org.thaliproject.p2p.btconnectorlib.internal.bluetooth.le.BlePeerDiscoverer: stopScanner: Stopping...
02-10 15:37:53.602 30145 30204 D org.thaliproject.p2p.btconnectorlib.internal.bluetooth.le.BleScanner: stop, Current thread: Thread[Thread-3093,7,main], id: 3093
02-10 15:37:53.606 30145 30204 D BluetoothAdapter: STATE_ON
02-10 15:37:53.607 31626 31658 D BtGatt.GattService: flushPendingBatchResults - clientIf=6, isServer=false
02-10 15:37:53.607 30145 30204 D org.thaliproject.p2p.btconnectorlib.internal.bluetooth.le.BleScanner: stop: scan results are flushed 
02-10 15:37:53.608 31626 31647 D BtGatt.ScanManager: flushPendingBatchResults - clientIf = 6
02-10 15:37:53.610 31626 31643 D BtGatt.GattService: onBatchScanReports() - clientIf=6, status=0, reportType=2, numRecords=0
02-10 15:37:53.610 30145 30204 D BluetoothAdapter: STATE_ON
02-10 15:37:53.610 31626 31643 D BtGatt.ScanManager: callback done for clientIf - 6 status - 0
02-10 15:37:53.612 30145 30145 D org.thaliproject.p2p.btconnectorlib.internal.bluetooth.le.BleScanner: onBatchScanResults: results count  = 0. Current thread: Thread[main,5,main], id: 1
02-10 15:37:53.612 31626 31659 D BtGatt.GattService: stopScan() - queue size =1
02-10 15:37:53.613 31626 31638 D BtGatt.GattService: unregisterClient() - clientIf=6
02-10 15:37:53.614 30145 30204 D org.thaliproject.p2p.btconnectorlib.internal.bluetooth.le.BleScanner: stop: Stopped
02-10 15:37:53.616 31626 31643 D BtGatt.GattService: onScanFilterParamsConfigured() - clientIf=6, status=0, action=1, availableSpace=32
02-10 15:37:53.616 31626 31643 D BtGatt.ScanManager: callback done for clientIf - 6 status - 0
02-10 15:37:53.616 31626 31647 D BtGatt.ScanManager: stopping BLe Batch
02-10 15:37:53.617 30145 30204 D org.thaliproject.p2p.btconnectorlib.internal.bluetooth.le.BleScanner: set state: Current thread: Thread[Thread-3093,7,main], id: 3093
02-10 15:37:53.617 30145 30204 D org.thaliproject.p2p.btconnectorlib.internal.bluetooth.le.BleScanner: setState: State changed from RUNNING to NOT_STARTED
02-10 15:37:53.617 30145 30204 D org.thaliproject.p2p.btconnectorlib.internal.bluetooth.le.BleScanner: notifyScannerStateChanged: started =  false. Current thread: Thread[Thread-3093,7,main], id: 3093
02-10 15:37:53.617 30145 30204 D org.thaliproject.p2p.btconnectorlib.internal.bluetooth.le.BleScanner: stop finished, Current thread: Thread[Thread-3093,7,main], id: 3093
02-10 15:37:53.617 30145 30145 I org.thaliproject.p2p.btconnectorlib.internal.bluetooth.le.BlePeerDiscoverer: onIsScannerStartedChanged: falseCurrent thread: Thread[main,5,main], id: 1
02-10 15:37:53.617 30145 30145 D org.thaliproject.p2p.btconnectorlib.internal.bluetooth.le.BlePeerDiscoverer: updateState : Current thread: Thread[main,5,main], id: 1
02-10 15:37:53.617 30145 30145 D org.thaliproject.p2p.btconnectorlib.internal.bluetooth.le.BlePeerDiscoverer: updateState: deducedStateSet: [ADVERTISING]
02-10 15:37:53.617 30145 30145 D org.thaliproject.p2p.btconnectorlib.internal.bluetooth.le.BlePeerDiscoverer: updateState: stateSet: [SCANNING, ADVERTISING]
02-10 15:37:53.617 30145 30145 D org.thaliproject.p2p.btconnectorlib.internal.bluetooth.le.BlePeerDiscoverer: Current thread: Thread[main,5,main], id: 1
02-10 15:37:53.618 30145 30145 D org.thaliproject.p2p.btconnectorlib.internal.bluetooth.le.BlePeerDiscoverer: updateState: State changed from [SCANNING, ADVERTISING] to [ADVERTISING]Current thread: Thread[main,5,main], id: 1
02-10 15:37:53.618 30145 30145 D org.thaliproject.p2p.btconnectorlib.internal.bluetooth.le.BlePeerDiscoverer: update state finished. Current thread: Thread[main,5,main], id: 1
02-10 15:37:53.618 30145 30145 I org.thaliproject.p2p.btconnectorlib.DiscoveryManager: onBlePeerDiscovererStateChanged: [SCANNING, ADVERTISING] -> [ADVERTISING] Current thread: Thread[main,5,main], id: 1
02-10 15:37:53.618 30145 30145 D org.thaliproject.p2p.btconnectorlib.DiscoveryManager: updateState: Current thread: Thread[main,5,main], id: 1
02-10 15:37:53.618 31626 31643 D BtGatt.GattService: onBatchScanStartStopped() - clientIf=6, status=0, startStopAction=0
02-10 15:37:53.618 31626 31643 D BtGatt.ScanManager: callback done for clientIf - 6 status - 0
02-10 15:37:53.619 31626 31647 D BtGatt.ScanManager: flushPendingBatchResults - clientIf = 6
02-10 15:37:53.620 31626 31651 W bt_rfcomm: port_rfc_closed RFCOMM connection in state 2 closed: Closed (res: 19)
02-10 15:37:53.620 31626 31654 E bt_btif_sock_rfcomm: find_rfc_slot_by_id unable to find RFCOMM slot id: 13294
02-10 15:37:53.620 31626 31651 D bt_btm_pm: btm_pm_snd_md_req switching from ACTIVE to SNIFF.
02-10 15:37:53.621 31626 31643 D BtGatt.GattService: onBatchScanReports() - clientIf=6, status=0, reportType=2, numRecords=0
02-10 15:37:53.621 31626 31643 D BtGatt.ScanManager: callback done for clientIf - 6 status - 0
02-10 15:37:53.622 30145 30145 D org.thaliproject.p2p.btconnectorlib.DiscoveryManager: updateStateInternal Current thread: Thread[main,5,main], id: 1
02-10 15:37:53.622 30145 30145 D org.thaliproject.p2p.btconnectorlib.DiscoveryManager: updateState: State: RUNNING_BLE, is discovering: false, is advertising: true
02-10 15:37:53.623 30145 30145 D org.thaliproject.p2p.btconnectorlib.DiscoveryManager: updateStateInternal finished Current thread: Thread[main,5,main], id: 1
02-10 15:37:53.623 30145 30145 D org.thaliproject.p2p.btconnectorlib.DiscoveryManager: updateState finished Current thread: Thread[main,5,main], id: 1
02-10 15:37:53.623 30145 30145 I io.jxcore.node.ConnectionHelper: onDiscoveryManagerStateChanged: State: RUNNING_BLE, is discovering: false, is advertising: true
02-10 15:37:53.657 31626 31651 D bt_btm_pm: btm_pm_proc_mode_change switched from UNKNOWN to SNIFF.
02-10 15:37:53.657 31626 31651 D bt_btm_pm: btm_pm_snd_md_req switching from SNIFF to ACTIVE.
02-10 15:37:53.769 31626 31651 D bt_btm_pm: btm_pm_proc_mode_change switched from UNKNOWN to ACTIVE.
02-10 15:37:54.124 30145 30145 V io.jxcore.node.ConnectionHelper: Notifying discovery manager state change: is discovering: false, is advertising: true
02-10 15:37:54.124 30145 30145 V io.jxcore.node.StartStopOperation: isTargetState: Connectivity: RUNNING, discovery: RUNNING_BLE, is discovering: false, is advertising: true - Stop operation: Should affect listening to advertisements only
02-10 15:37:54.124 30145 30145 D io.jxcore.node.StartStopOperationHandler: processCurrentOperationStatus: Operation successfully executed
02-10 15:37:54.129 30145 30204 I jxcore-log: ok 104 Should be able to call stopListeningForAdvertisements in teardown
02-10 15:37:54.129 30145 30204 I jxcore-log: 
02-10 15:37:54.131 30145 30204 D io.jxcore.node.JXcoreExtension: stopAdvertisingAndListening
02-10 15:37:54.132 30145 30204 I io.jxcore.node.ConnectionHelper: stop: Stopping all activities and killing connections
02-10 15:37:54.132 30145 30204 D io.jxcore.node.ConnectionModel: closeAndRemoveAllOutgoingConnections: Peer: [BC:75:74:3A:BD:0F 4]
02-10 15:37:54.132 30145 30204 I io.jxcore.node.OutgoingSocketThread: close (thread ID: 3100)
02-10 15:37:54.132 30145 30204 V io.jxcore.node.OutgoingSocketThread: close: Closing the Bluetooth socket...
02-10 15:37:54.133 30145 30204 I io.jxcore.node.OutgoingSocketThread: close: Complete (thread ID: 3100)
02-10 15:37:54.134 30145 30204 V io.jxcore.node.StartStopOperation: isTargetState: Connectivity: RUNNING, discovery: RUNNING_BLE, is discovering: false, is advertising: true - Stop operation: Should start/stop everything
02-10 15:37:54.134 30145 30204 V io.jxcore.node.StartStopOperationHandler: executeCurrentOperation: Executing: Stop operation: Should start/stop everything
02-10 15:37:54.134 30145 30204 I org.thaliproject.p2p.btconnectorlib.ConnectionManager: stopListeningForIncomingConnections
02-10 15:37:54.134 30145 30204 I org.thaliproject.p2p.btconnectorlib.internal.bluetooth.BluetoothConnector: stopListeningForIncomingConnections: Stopping...
02-10 15:37:54.134 30145 30236 D io.jxcore.node.OutgoingSocketThread: Exiting thread (ID: 3100). Connection data  = Peer properties: [BC:75:74:3A:BD:0F 4].
02-10 15:37:54.134 30145 30236 D io.jxcore.node.OutgoingSocketThread:  Is incomming connection: false.
02-10 15:37:54.134 30145 30236 D io.jxcore.node.OutgoingSocketThread:  id: 1
02-10 15:37:54.134 30145 30204 D org.thaliproject.p2p.btconnectorlib.internal.bluetooth.BluetoothServerThread: shutdown
02-10 15:37:54.135 30145 30231 V org.thaliproject.p2p.btconnectorlib.internal.bluetooth.BluetoothServerThread: closeBluetoothServerSocket: Bluetooth server socket closed
02-10 15:37:54.135 30145 30231 D org.thaliproject.p2p.btconnectorlib.internal.bluetooth.BluetoothServerThread: Exiting thread
02-10 15:37:54.135 30145 30204 D org.thaliproject.p2p.btconnectorlib.internal.bluetooth.BluetoothManager: release: 2 listener(s) left
02-10 15:37:54.135 30145 30231 I org.thaliproject.p2p.btconnectorlib.internal.bluetooth.BluetoothConnector: onServerStopped: Was explicitly stopped: true
02-10 15:37:54.135 30145 30204 D org.thaliproject.p2p.btconnectorlib.ConnectionManager: updateState: mShouldBeStarted :  false, mIsServerStarted:  true
02-10 15:37:54.135 30145 30204 D org.thaliproject.p2p.btconnectorlib.ConnectionManager: setState: RUNNING -> NOT_STARTED
02-10 15:37:54.136 30145 30204 I org.thaliproject.p2p.btconnectorlib.ConnectionManager: cancelAllConnectionAttempts
02-10 15:37:54.136 30145 30145 D org.thaliproject.p2p.btconnectorlib.ConnectionManager: onIsServerStartedChanged: false
02-10 15:37:54.136 30145 30204 I org.thaliproject.p2p.btconnectorlib.DiscoveryManager: stop: Stopping peer discovery...
02-10 15:37:54.136 30145 30145 D org.thaliproject.p2p.btconnectorlib.ConnectionManager: updateState: mShouldBeStarted :  false, mIsServerStarted:  false
02-10 15:37:54.136 30145 30204 D org.thaliproject.p2p.btconnectorlib.DiscoveryManager: stopForRestart Current thread: Thread[Thread-3093,7,main], id: 3093
02-10 15:37:54.136 30145 30145 I io.jxcore.node.ConnectionHelper: onConnectionManagerStateChanged: NOT_STARTED
02-10 15:37:54.136 30145 30204 D org.thaliproject.p2p.btconnectorlib.DiscoveryManager: stopForRestart. RUNNING_BLE
02-10 15:37:54.136 30145 30204 D org.thaliproject.p2p.btconnectorlib.internal.BluetoothMacAddressResolutionHelper: stopProvideBluetoothMacAddressMode
02-10 15:37:54.137 30145 30204 D org.thaliproject.p2p.btconnectorlib.internal.bluetooth.le.BlePeerDiscoverer: stopScannerAndAdvertiser: Current thread: Thread[Thread-3093,7,main], id: 3093
02-10 15:37:54.137 30145 30204 D org.thaliproject.p2p.btconnectorlib.internal.bluetooth.le.BlePeerDiscoverer: stopPeerAddressHelperAdvertiser Current thread: Thread[Thread-3093,7,main], id: 3093
02-10 15:37:54.140 30145 30204 D org.thaliproject.p2p.btconnectorlib.internal.bluetooth.le.BlePeerDiscoverer: stopScanner: Current thread: Thread[Thread-3093,7,main], id: 3093
02-10 15:37:54.140 30145 30204 D org.thaliproject.p2p.btconnectorlib.internal.bluetooth.le.BleScanner: stop, Current thread: Thread[Thread-3093,7,main], id: 3093
02-10 15:37:54.142 30145 30204 D BluetoothAdapter: STATE_ON
02-10 15:37:54.142 30145 30204 D org.thaliproject.p2p.btconnectorlib.internal.bluetooth.le.BleScanner: stop: scan results are flushed 
02-10 15:37:54.144 30145 30204 D BluetoothAdapter: STATE_ON
02-10 15:37:54.145 30145 30204 D BluetoothLeScanner: could not find callback wrapper
02-10 15:37:54.145 30145 30204 D org.thaliproject.p2p.btconnectorlib.internal.bluetooth.le.BleScanner: stop: Stopped
02-10 15:37:54.145 30145 30204 D org.thaliproject.p2p.btconnectorlib.internal.bluetooth.le.BleScanner: set state: Current thread: Thread[Thread-3093,7,main], id: 3093
02-10 15:37:54.146 30145 30204 D org.thaliproject.p2p.btconnectorlib.internal.bluetooth.le.BleScanner: stop finished, Current thread: Thread[Thread-3093,7,main], id: 3093
02-10 15:37:54.146 30145 30204 D org.thaliproject.p2p.btconnectorlib.internal.bluetooth.le.BlePeerDiscoverer: stopAdvertiser:Current thread: Thread[Thread-3093,7,main], id: 3093
02-10 15:37:54.146 30145 30204 I org.thaliproject.p2p.btconnectorlib.internal.bluetooth.le.BlePeerDiscoverer: stopAdvertiser: Stopping...
02-10 15:37:54.146 30145 30204 D org.thaliproject.p2p.btconnectorlib.internal.bluetooth.le.BleAdvertiser: stop. Current thread: Thread[Thread-3093,7,main], id: 3093
02-10 15:37:54.147 31626 31646 D BtGatt.AdvertiseManager: message : 1
02-10 15:37:54.148 31626 31646 D BtGatt.AdvertiseManager: stop advertise for client 5
02-10 15:37:54.151 31626 31643 D BtGatt.GattService: onAdvertiseInstanceDisabled() - clientIf=5, status=0
02-10 15:37:54.151 31626 31643 D BtGatt.GattService: Client app is not null!
02-10 15:37:54.153 31626 31659 D BtGatt.GattService: unregisterClient() - clientIf=5
02-10 15:37:54.153 30145 30204 D org.thaliproject.p2p.btconnectorlib.internal.bluetooth.le.BleAdvertiser: stop: Stopped
02-10 15:37:54.154 30145 30204 D org.thaliproject.p2p.btconnectorlib.internal.bluetooth.le.BleAdvertiser: setState: current  = RUNNING, new = NOT_STARTEDCurrent thread: Thread[Thread-3093,7,main], id: 3093
02-10 15:37:54.154 30145 30204 D org.thaliproject.p2p.btconnectorlib.internal.bluetooth.le.BleAdvertiser: setState: State changed from RUNNING to NOT_STARTED
02-10 15:37:54.154 30145 30204 D org.thaliproject.p2p.btconnectorlib.internal.bluetooth.le.BleAdvertiser: notifyAdvertiserStateChanged: started =  false. Current thread: Thread[Thread-3093,7,main], id: 3093
02-10 15:37:54.154 30145 30204 D org.thaliproject.p2p.btconnectorlib.internal.bluetooth.le.BleAdvertiser: setState: finished Current thread: Thread[Thread-3093,7,main], id: 3093
02-10 15:37:54.154 30145 30204 D org.thaliproject.p2p.btconnectorlib.internal.bluetooth.le.BleAdvertiser: stop finished. Current thread: Thread[Thread-3093,7,main], id: 3093
02-10 15:37:54.154 30145 30204 D org.thaliproject.p2p.btconnectorlib.DiscoveryManager: stopBlePeerDiscoverer: Stopped
02-10 15:37:54.154 30145 30204 I org.thaliproject.p2p.btconnectorlib.internal.wifi.WifiDirectManager: release: No more listeners, de-initializing...
02-10 15:37:54.156 30145 30204 D org.thaliproject.p2p.btconnectorlib.internal.bluetooth.BluetoothManager: release: 1 listener(s) left
02-10 15:37:54.156 30145 30204 I org.thaliproject.p2p.btconnectorlib.utils.PeerModel: clear
02-10 15:37:54.156 30145 30204 D org.thaliproject.p2p.btconnectorlib.DiscoveryManager: updateState: Current thread: Thread[Thread-3093,7,main], id: 3093
02-10 15:37:54.158 30145 30204 D org.thaliproject.p2p.btconnectorlib.DiscoveryManager: updateStateInternal Current thread: Thread[Thread-3093,7,main], id: 3093
02-10 15:37:54.158 30145 30204 D org.thaliproject.p2p.btconnectorlib.DiscoveryManager: updateState: State: NOT_STARTED, is discovering: false, is advertising: false
02-10 15:37:54.158 30145 30204 D org.thaliproject.p2p.btconnectorlib.DiscoveryManager: updateStateInternal finished Current thread: Thread[Thread-3093,7,main], id: 3093
02-10 15:37:54.158 30145 30204 D org.thaliproject.p2p.btconnectorlib.DiscoveryManager: updateState finished Current thread: Thread[Thread-3093,7,main], id: 3093
02-10 15:37:54.158 30145 30145 V io.jxcore.node.StartStopOperation: isTargetState: Connectivity: NOT_STARTED, discovery: NOT_STARTED, is discovering: false, is advertising: false - Stop operation: Should start/stop everything
02-10 15:37:54.158 30145 30145 D io.jxcore.node.StartStopOperationHandler: processCurrentOperationStatus: Operation successfully executed
02-10 15:37:54.159 30145 30145 I org.thaliproject.p2p.btconnectorlib.DiscoveryManager: start: Discovery mode: BLE, start discovery: false, start advertiser: false
02-10 15:37:54.159 30145 30145 I org.thaliproject.p2p.btconnectorlib.DiscoveryManager: start: Discovery mode: BLE, start discovery: false, start advertiser: false
02-10 15:37:54.159 30145 30145 I org.thaliproject.p2p.btconnectorlib.internal.bluetooth.le.BlePeerDiscoverer: onIsAdvertiserStartedChanged: falseCurrent thread: Thread[main,5,main], id: 1
02-10 15:37:54.159 30145 30145 D org.thaliproject.p2p.btconnectorlib.internal.bluetooth.le.BlePeerDiscoverer: updateState : Current thread: Thread[main,5,main], id: 1
02-10 15:37:54.159 30145 30145 D org.thaliproject.p2p.btconnectorlib.internal.bluetooth.le.BlePeerDiscoverer: updateState: deducedStateSet: [NOT_STARTED]
02-10 15:37:54.159 30145 30145 D org.thaliproject.p2p.btconnectorlib.internal.bluetooth.le.BlePeerDiscoverer: updateState: stateSet: [ADVERTISING]
02-10 15:37:54.159 30145 30145 D org.thaliproject.p2p.btconnectorlib.internal.bluetooth.le.BlePeerDiscoverer: Current thread: Thread[main,5,main], id: 1
02-10 15:37:54.159 30145 30145 D org.thaliproject.p2p.btconnectorlib.internal.bluetooth.le.BlePeerDiscoverer: updateState: State changed from [ADVERTISING] to [NOT_STARTED]Current thread: Thread[main,5,main], id: 1
02-10 15:37:54.159 30145 30145 D org.thaliproject.p2p.btconnectorlib.internal.bluetooth.le.BlePeerDiscoverer: update state finished. Current thread: Thread[main,5,main], id: 1
02-10 15:37:54.159 30145 30145 I io.jxcore.node.ConnectionHelper: onDiscoveryManagerStateChanged: State: NOT_STARTED, is discovering: false, is advertising: false
02-10 15:37:54.160 30145 30204 I jxcore-log: 2017-02-10 12:37:54 - DEBUG thaliMobileNativeWrapper: 'discoveryAdvertisingStateUpdateNonTCP: {"discoveryActive":false,"advertisingActive":true}'
02-10 15:37:54.160 30145 30204 I jxcore-log: 
02-10 15:37:54.161 30145 30204 I jxcore-log: 2017-02-10 12:37:54 - INFO thaliMobile: 'Received state ({"discoveryActive":false,"advertisingActive":true}) did not match with target ({"started":false,"listening":false,"advertising":false,"networkType":"BOTH","startArguments":{"router":null,"pskIdToSecret":null,"networkType":null}})'
02-10 15:37:54.161 30145 30204 I jxcore-log: 
02-10 15:37:54.161 30145 30204 I jxcore-log: 2017-02-10 12:37:54 - INFO thaliMobile: 'Filtered out discoveryAdvertisingStateUpdate (was in stopped state).'
02-10 15:37:54.161 30145 30204 I jxcore-log: 
02-10 15:37:54.163 30145 30204 I jxcore-log: ok 105 Should be able to call stopAdvertisingAndListening in teardown
02-10 15:37:54.163 30145 30204 I jxcore-log: 
02-10 15:37:54.165 30145 30204 I jxcore-log: 2017-02-10 12:37:54 - DEBUG thaliMobileNativeWrapper: 'Method peerAvailabilityChanged registered to native'
02-10 15:37:54.165 30145 30204 I jxcore-log: 
02-10 15:37:54.167 30145 30204 I jxcore-log: 2017-02-10 12:37:54 - DEBUG thaliMobileNativeWrapper: 'Method discoveryAdvertisingStateUpdateNonTCP registered to native'
02-10 15:37:54.167 30145 30204 I jxcore-log: 
02-10 15:37:54.169 30145 30204 I jxcore-log: 2017-02-10 12:37:54 - DEBUG thaliMobileNativeWrapper: 'Method multiConnectResolved registered to native'
02-10 15:37:54.169 30145 30204 I jxcore-log: 
02-10 15:37:54.177 30145 30204 V io.jxcore.node.ConnectivityMonitor: updateConnectivityInfo: FORCED notification:
02-10 15:37:54.177 30145 30204 V io.jxcore.node.ConnectivityMonitor:     - is Wi-Fi Direct supported: true
02-10 15:37:54.177 30145 30204 V io.jxcore.node.ConnectivityMonitor:     - is Bluetooth LE multiple advertisement supported: SUPPORTED
02-10 15:37:54.177 30145 30204 V io.jxcore.node.ConnectivityMonitor:     - is Wi-Fi enabled: true
02-10 15:37:54.177 30145 30204 V io.jxcore.node.ConnectivityMonitor:     - is Bluetooth enabled: true
02-10 15:37:54.177 30145 30204 V io.jxcore.node.ConnectivityMonitor:     - BSSID name: 70:cd:60:ff:5a:07
02-10 15:37:54.177 30145 30204 V io.jxcore.node.ConnectivityMonitor:     - SSID name: "T"
02-10 15:37:54.177 30145 30204 V io.jxcore.node.ConnectivityMonitor:     - is connected/connecting to active network: true
02-10 15:37:54.177 30145 30204 V io.jxcore.node.ConnectivityMonitor:     - active network type is Wi-Fi: true
02-10 15:37:54.180 30145 30204 D io.jxcore.node.JXcoreExtension: notifyNetworkChanged: BLE: ON, Bluetooth: ON, Wi-Fi: ON, cellular: DO_NOT_CARE, BSSID name: 70:cd:60:ff:5a:07, SSID name: "T"
02-10 15:37:54.182 30145 30204 I jxcore-log: 2017-02-10 12:37:54 - DEBUG thaliMobileNativeWrapper: 'Method networkChanged registered to native'
02-10 15:37:54.182 30145 30204 I jxcore-log: 
02-10 15:37:54.183 30145 30204 I jxcore-log: 2017-02-10 12:37:54 - DEBUG thaliMobileNativeWrapper: 'Method multiConnectConnectionFailure registered to native'
02-10 15:37:54.183 30145 30204 I jxcore-log: 
02-10 15:37:54.185 30145 30204 I jxcore-log: 2017-02-10 12:37:54 - DEBUG thaliMobileNativeWrapper: 'Method incomingConnectionToPortNumberFailed registered to native'
02-10 15:37:54.185 30145 30204 I jxcore-log: 
02-10 15:37:54.191 30145 30204 I jxcore-log: # setup
02-10 15:37:54.191 30145 30204 I jxcore-log: 
02-10 15:37:54.194 30145 30204 I jxcore-log: 2017-02-10 12:37:54 - DEBUG thaliMobileNativeWrapper: 'networkChanged: {"bluetoothLowEnergy":"on","bluetooth":"on","wifi":"on","cellular":"doNotCare","bssidName":"70:cd:60:ff:5a:07","ssidName":"T"}'
02-10 15:37:54.194 30145 30204 I jxcore-log: 
02-10 15:37:54.195 30145 30204 I jxcore-log: 2017-02-10 12:37:54 - INFO thaliMobile: 'Filtered out networkChangedNonTCP (was in stopped state).'
02-10 15:37:54.195 30145 30204 I jxcore-log: 
02-10 15:37:54.340 30145 30204 I jxcore-log: # Can shift large amounts of data
02-10 15:37:54.340 30145 30204 I jxcore-log: 
02-10 15:37:54.590 30145 30204 D io.jxcore.node.JXcoreExtension: startUpdateAdvertisingAndListening
02-10 15:37:54.592 30145 30204 I io.jxcore.node.ConnectionHelper: start: Port number: 43167, start advertisements: true
02-10 15:37:54.593 30145 30204 I io.jxcore.node.ConnectionHelper: restoreDefaultBleDiscoverySettings: Powering the BLE discovery back up
02-10 15:37:54.593 30145 30204 I org.thaliproject.p2p.btconnectorlib.DiscoveryManagerSettings: setAdvertiseScanModeAndTxPowerLevel: Advertise mode: 0 -> 2
02-10 15:37:54.593 30145 30204 I org.thaliproject.p2p.btconnectorlib.DiscoveryManagerSettings: setAdvertiseScanModeAndTxPowerLevel: Advertise TX power level: 1 -> 3
02-10 15:37:54.593 30145 30204 I org.thaliproject.p2p.btconnectorlib.DiscoveryManagerSettings: setAdvertiseScanModeAndTxPowerLevel: Scan mode: 0 -> 2
02-10 15:37:54.593 30145 30204 D org.thaliproject.p2p.btconnectorlib.DiscoveryManager: onAdvertiseScanSettingsChanged: Current thread: Thread[Thread-3093,7,main], id: 3093
02-10 15:37:54.593 30145 30204 D org.thaliproject.p2p.btconnectorlib.DiscoveryManager: onAdvertiseScanSettingsChanged: Current thread: Thread[Thread-3093,7,main], id: 3093
02-10 15:37:54.594 30145 30204 D org.thaliproject.p2p.btconnectorlib.DiscoveryManager: onAdvertiseScanSettingsChanged: Current thread: Thread[Thread-3093,7,main], id: 3093
02-10 15:37:54.594 30145 30204 V io.jxcore.node.ConnectivityMonitor: start: Already started
02-10 15:37:54.594 30145 30204 I io.jxcore.node.StartStopOperationHandler: updateBeaconAdExtraInformation: New value: 5
02-10 15:37:54.594 30145 30204 I org.thaliproject.p2p.btconnectorlib.DiscoveryManagerSettings: setBeaconAdExtraInformation: 4 -> 5
02-10 15:37:54.594 30145 30204 I org.thaliproject.p2p.btconnectorlib.internal.AbstractBluetoothConnectivityAgent: clearIdentityString
02-10 15:37:54.596 30145 30204 I org.thaliproject.p2p.btconnectorlib.internal.AbstractBluetoothConnectivityAgent: verifyIdentityString: Identity string created: {"generation":5,"address":"24:00:BA:F9:9A:9F"}
02-10 15:37:54.597 30145 30204 D org.thaliproject.p2p.btconnectorlib.internal.bluetooth.BluetoothConnector: setIdentityString: {"generation":5,"address":"24:00:BA:F9:9A:9F"}
02-10 15:37:54.597 30145 30204 D org.thaliproject.p2p.btconnectorlib.DiscoveryManager: onAdvertiseScanSettingsChanged: Current thread: Thread[Thread-3093,7,main], id: 3093
02-10 15:37:54.597 30145 30204 I org.thaliproject.p2p.btconnectorlib.internal.AbstractBluetoothConnectivityAgent: clearIdentityString
02-10 15:37:54.598 30145 30204 I org.thaliproject.p2p.btconnectorlib.internal.AbstractBluetoothConnectivityAgent: verifyIdentityString: Identity string created: {"generation":5,"address":"24:00:BA:F9:9A:9F"}
02-10 15:37:54.598 30145 30204 D org.thaliproject.p2p.btconnectorlib.internal.bluetooth.BluetoothConnector: setIdentityString: {"generation":5,"address":"24:00:BA:F9:9A:9F"}
02-10 15:37:54.598 30145 30204 D org.thaliproject.p2p.btconnectorlib.DiscoveryManager: onAdvertiseScanSettingsChanged: Current thread: Thread[Thread-3093,7,main], id: 3093
02-10 15:37:54.598 30145 30204 I org.thaliproject.p2p.btconnectorlib.internal.AbstractBluetoothConnectivityAgent: clearIdentityString
02-10 15:37:54.599 30145 30204 I org.thaliproject.p2p.btconnectorlib.internal.AbstractBluetoothConnectivityAgent: verifyIdentityString: Identity string created: {"generation":5,"address":"24:00:BA:F9:9A:9F"}
02-10 15:37:54.599 30145 30204 D org.thaliproject.p2p.btconnectorlib.internal.bluetooth.BluetoothConnector: setIdentityString: {"generation":5,"address":"24:00:BA:F9:9A:9F"}
02-10 15:37:54.599 30145 30204 D org.thaliproject.p2p.btconnectorlib.DiscoveryManager: onAdvertiseScanSettingsChanged: Current thread: Thread[Thread-3093,7,main], id: 3093
02-10 15:37:54.599 30145 30204 V io.jxcore.node.StartStopOperation: isTargetState: Connectivity: NOT_STARTED, discovery: NOT_STARTED, is discovering: false, is advertising: false - Start operation: Should start/stop everything
02-10 15:37:54.600 30145 30204 V io.jxcore.node.StartStopOperationHandler: executeCurrentOperation: Executing: Start operation: Should start/stop everything
02-10 15:37:54.600 30145 30204 D org.thaliproject.p2p.btconnectorlib.ConnectionManager: startListeningForIncomingConnections
02-10 15:37:54.600 30145 30204 I org.thaliproject.p2p.btconnectorlib.internal.bluetooth.BluetoothManager: bind: Binding a new listener
02-10 15:37:54.600 30145 30204 I org.thaliproject.p2p.btconnectorlib.internal.bluetooth.BluetoothConnector: startListeningForIncomingConnections: Starting...
02-10 15:37:54.601 30145 30204 D org.thaliproject.p2p.btconnectorlib.ConnectionManager: onIsServerStartedChanged: true
02-10 15:37:54.602 30145 30204 D org.thaliproject.p2p.btconnectorlib.ConnectionManager: updateState: mShouldBeStarted :  true, mIsServerStarted:  true
02-10 15:37:54.602 30145 30204 D org.thaliproject.p2p.btconnectorlib.ConnectionManager: setState: NOT_STARTED -> RUNNING
02-10 15:37:54.602 30145 30204 I org.thaliproject.p2p.btconnectorlib.ConnectionManager: startListeningForIncomingConnections: OK
02-10 15:37:54.602 30145 30204 I org.thaliproject.p2p.btconnectorlib.DiscoveryManager: start: Discovery mode: BLE, start discovery: false, start advertiser: true
02-10 15:37:54.602 30145 30204 I org.thaliproject.p2p.btconnectorlib.internal.bluetooth.BluetoothManager: bind: Binding a new listener
02-10 15:37:54.602 30145 30204 I org.thaliproject.p2p.btconnectorlib.internal.wifi.WifiDirectManager: bind: Binding a new listener
02-10 15:37:54.602 30145 30145 I io.jxcore.node.ConnectionHelper: onConnectionManagerStateChanged: RUNNING
02-10 15:37:54.602 30145 30238 D org.thaliproject.p2p.btconnectorlib.internal.bluetooth.BluetoothServerThread: Entering thread
02-10 15:37:54.605 30145 30238 W BluetoothAdapter: getBluetoothService() called with no BluetoothManagerCallback
02-10 15:37:54.605 30145 30204 D org.thaliproject.p2p.btconnectorlib.DiscoveryManager: startBlePeerDiscoverer
02-10 15:37:54.605 30145 30204 V io.jxcore.node.ConnectionHelper: Received a request for permission "android.permission.ACCESS_COARSE_LOCATION", but we are expecting that all the required permissions have already been granted
02-10 15:37:54.605 30145 30204 V org.thaliproject.p2p.btconnectorlib.DiscoveryManager: getBlePeerDiscovererInstanceAndCheckBluetoothMacAddress: Constructing...
02-10 15:37:54.608 30145 30238 I org.thaliproject.p2p.btconnectorlib.internal.bluetooth.BluetoothServerThread: Waiting for incoming connections...
02-10 15:37:54.609 30145 30204 D org.thaliproject.p2p.btconnectorlib.internal.bluetooth.le.BleAdvertiser: setAdvertiseSettings, Current thread: Thread[Thread-3093,7,main], id: 3093
02-10 15:37:54.609 30145 30204 I org.thaliproject.p2p.btconnectorlib.internal.bluetooth.le.BleAdvertiser: setAdvertiseSettings: Mode: 2, Tx power level: 3, timeout: 0, is connectable: false
02-10 15:37:54.610 30145 30204 D org.thaliproject.p2p.btconnectorlib.internal.bluetooth.le.BleScanner: applyAdditionalMarshmallowSettings
02-10 15:37:54.610 30145 30204 I org.thaliproject.p2p.btconnectorlib.internal.bluetooth.le.BleScanner: setScanSettings: Mode: 2, report delay in milliseconds: 500, scan result type: 0
02-10 15:37:54.610 30145 30204 D org.thaliproject.p2p.btconnectorlib.internal.bluetooth.le.BlePeerDiscoverer: Beacon extra: 5
02-10 15:37:54.612 30145 30204 D org.thaliproject.p2p.btconnectorlib.internal.bluetooth.le.BlePeerDiscoverer: startAdvertiser: Current thread: Thread[Thread-3093,7,main], id: 3093
02-10 15:37:54.613 30145 30204 D org.thaliproject.p2p.btconnectorlib.internal.bluetooth.le.BlePeerDiscoverer: stopPeerAddressHelperAdvertiser Current thread: Thread[Thread-3093,7,main], id: 3093
02-10 15:37:54.613 30145 30204 I org.thaliproject.p2p.btconnectorlib.internal.bluetooth.le.BlePeerDiscoverer: startAdvertiser: Starting...
02-10 15:37:54.613 30145 30204 D org.thaliproject.p2p.btconnectorlib.internal.bluetooth.le.BlePeerDiscoverer: createAdvertiseData: createAdvertiseDataToServiceData 
02-10 15:37:54.613 30145 30204 I org.thaliproject.p2p.btconnectorlib.internal.bluetooth.le.PeerAdvertisementFactory: createAdvertiseDataToServiceData: Service UUID: "03f8b3b7-b244-4a2e-8897-ff42889af18d", Bluetooth MAC address: "24:00:BA:F9:9A:9F"
02-10 15:37:54.613 30145 30204 V org.thaliproject.p2p.btconnectorlib.internal.bluetooth.le.PeerAdvertisementFactory: createAdvertiseDataToServiceData: Service data (length is 7 bytes): 05 24 00 BA F9 9A 9F
02-10 15:37:54.613 30145 30204 V org.thaliproject.p2p.btconnectorlib.internal.bluetooth.le.PeerAdvertisementFactory: createAdvertiseDataToServiceData: Created: AdvertiseData [mServiceUuids=[03f8b3b7-b244-4a2e-8897-ff42889af18d], mManufacturerSpecificData={}, mServiceData={03f8b3b7-b244-4a2e-8897-ff42889af18d=[5, 36, 0, -70, -7, -102, -97]}, mIncludeTxPowerLevel=false, mIncludeDeviceName=false]
02-10 15:37:54.613 30145 30204 I org.thaliproject.p2p.btconnectorlib.internal.bluetooth.le.BlePeerDiscoverer: createAdvertiseData: created AdvertiseData [mServiceUuids=[03f8b3b7-b244-4a2e-8897-ff42889af18d], mManufacturerSpecificData={}, mServiceData={03f8b3b7-b244-4a2e-8897-ff42889af18d=[5, 36, 0, -70, -7, -102, -97]}, mIncludeTxPowerLevel=false, mIncludeDeviceName=false]
02-10 15:37:54.613 30145 30204 D org.thaliproject.p2p.btconnectorlib.internal.bluetooth.le.BleAdvertiser: setAdvertiseData: Current thread: Thread[Thread-3093,7,main], id: 3093
02-10 15:37:54.613 30145 30204 D org.thaliproject.p2p.btconnectorlib.internal.bluetooth.le.BleAdvertiser: setAdvertiseData: AdvertiseData [mServiceUuids=[03f8b3b7-b244-4a2e-8897-ff42889af18d], mManufacturerSpecificData={}, mServiceData={03f8b3b7-b244-4a2e-8897-ff42889af18d=[5, 36, 0, -70, -7, -102, -97]}, mIncludeTxPowerLevel=false, mIncludeDeviceName=false]. Current thread: Thread[Thread-3093,7,main], id: 3093
02-10 15:37:54.613 30145 30204 D org.thaliproject.p2p.btconnectorlib.internal.bluetooth.le.BleAdvertiser: setAdvertiseData: was started = false
02-10 15:37:54.613 30145 30204 D org.thaliproject.p2p.btconnectorlib.internal.bluetooth.le.BleAdvertiser: setAdvertiseData: advertiseData = AdvertiseData [mServiceUuids=[03f8b3b7-b244-4a2e-8897-ff42889af18d], mManufacturerSpecificData={}, mServiceData={03f8b3b7-b244-4a2e-8897-ff42889af18d=[5, 36, 0, -70, -7, -102, -97]}, mIncludeTxPowerLevel=false, mIncludeDeviceName=false]
02-10 15:37:54.613 30145 30204 D org.thaliproject.p2p.btconnectorlib.internal.bluetooth.le.BleAdvertiser: setAdvertiseData finished: Current thread: Thread[Thread-3093,7,main], id: 3093
02-10 15:37:54.613 30145 30204 D org.thaliproject.p2p.btconnectorlib.internal.bluetooth.le.BleAdvertiser: start:  state = NOT_STARTEDCurrent thread: Thread[Thread-3093,7,main], id: 3093
02-10 15:37:54.614 30145 30204 I org.thaliproject.p2p.btconnectorlib.internal.bluetooth.le.BleAdvertiser: start: Starting... advertisement data = AdvertiseData [mServiceUuids=[03f8b3b7-b244-4a2e-8897-ff42889af18d], mManufacturerSpecificData={}, mServiceData={03f8b3b7-b244-4a2e-8897-ff42889af18d=[5, 36, 0, -70, -7, -102, -97]}, mIncludeTxPowerLevel=false, mIncludeDeviceName=false], Current thread: Thread[Thread-3093,7,main], id: 3093
02-10 15:37:54.614 30145 30204 D BluetoothAdapter: STATE_ON
02-10 15:37:54.617 31626 31638 D BtGatt.GattService: registerClient() - UUID=481c9519-0521-4607-b2e3-cc51203d668b
