02-10 15:37:39.063 31626 31626 D BtGatt.ScanManager: awakened up at time 5175632021
02-10 15:37:39.065 31626 31647 D BtGatt.ScanManager: flushPendingBatchResults - clientIf = 6
02-10 15:37:39.090 31626 31643 D BtGatt.GattService: onBatchScanReports() - clientIf=6, status=0, reportType=2, numRecords=4
02-10 15:37:39.090 31626 31643 D BtGatt.ScanManager: callback done for clientIf - 6 status - 0
02-10 15:37:39.090 31626 31643 D BtGatt.GattService: current time is 5175632049535912
02-10 15:37:39.091 31626 31643 D BtGatt.GattService: Batch record : [-71, 64, 55, -125, 122, 114, 1, -128, -66, 98, 0, 29, 17, 7, -115, -15, -102, -120, 66, -1, -105, -120, 46, 74, 68, -78, -73, -77, -8, 3, 10, 22, -73, -77, 3, -68, 117, 116, 58, -68, -8, 0, -8, -68, 58, 116, 117, -68, 0, -128, -68, 30, 0, 29, 17, 7, -115, -15, -102, -120, 66, -1, -105, -120, 46, 74, 68, -78, -73, -77, -8, 3, 10, 22, -73, -77, 3, -68, 117, 116, 58, -68, -8, 0, 27, -98, -52, -52, 95, 78, 1, -128, -63, 98, 0, 29, 17, 7, -115, -15, -102, -120, 66, -1, -105, -120, 46, 74, 68, -78, -73, -77, -8, 3, 10, 22, -73, -77, 3, -68, 117, 116, 58, -67, 15, 0, 15, -67, 58, 116, 117, -68, 0, -128, -60, 32, 0, 29, 17, 7, -115, -15, -102, -120, 66, -1, -105, -120, 46, 74, 68, -78, -73, -77, -8, 3, 10, 22, -73, -77, 3, -68, 117, 116, 58, -67, 15, 0]
02-10 15:37:39.091 31626 31643 D BtGatt.GattService: ScanRecord : [17, 7, -115, -15, -102, -120, 66, -1, -105, -120, 46, 74, 68, -78, -73, -77, -8, 3, 10, 22, -73, -77, 3, -68, 117, 116, 58, -68, -8]
02-10 15:37:39.092 31626 31643 D BtGatt.GattService: ScanRecord : [17, 7, -115, -15, -102, -120, 66, -1, -105, -120, 46, 74, 68, -78, -73, -77, -8, 3, 10, 22, -73, -77, 3, -68, 117, 116, 58, -68, -8]
02-10 15:37:39.092 31626 31643 D BtGatt.GattService: ScanRecord : [17, 7, -115, -15, -102, -120, 66, -1, -105, -120, 46, 74, 68, -78, -73, -77, -8, 3, 10, 22, -73, -77, 3, -68, 117, 116, 58, -67, 15]
02-10 15:37:39.092 31626 31643 D BtGatt.GattService: ScanRecord : [17, 7, -115, -15, -102, -120, 66, -1, -105, -120, 46, 74, 68, -78, -73, -77, -8, 3, 10, 22, -73, -77, 3, -68, 117, 116, 58, -67, 15]
02-10 15:37:39.097 30145 30145 D org.thaliproject.p2p.btconnectorlib.internal.bluetooth.le.BleScanner: onBatchScanResults: results count  = 4. Current thread: Thread[main,5,main], id: 1
02-10 15:37:39.099 30145 30145 D org.thaliproject.p2p.btconnectorlib.internal.bluetooth.le.BlePeerDiscoverer: checkScanResult: ScanResult{mDevice=4E:5F:CC:CC:9E:1B, mScanRecord=ScanRecord [mAdvertiseFlags=-1, mServiceUuids=[03f8b3b7-b244-4a2e-8897-ff42889af18d], mManufacturerSpecificData={}, mServiceData={0000b3b7-0000-1000-8000-00805f9b34fb=[3, -68, 117, 116, 58, -67, 15]}, mTxPowerLevel=-2147483648, mDeviceName=null], mRssi=-63, mTimestampNanos=5175627150047631}
02-10 15:37:39.100 30145 30145 D org.thaliproject.p2p.btconnectorlib.internal.bluetooth.le.BlePeerDiscoverer: checkScanResult: parsedAdvertisement: [UUID = null, bluetoothMacAddress = BC:75:74:3A:BD:0F, provideBluetoothMacAddressRequestId = nullextra info = 3]
02-10 15:37:39.102 30145 30145 V org.thaliproject.p2p.btconnectorlib.internal.bluetooth.le.BlePeerDiscoverer: checkScanResult: Resolved advertisement type: ADVERTISEMENT_PEER_PROPERTIES
02-10 15:37:39.103 30145 30145 D org.thaliproject.p2p.btconnectorlib.internal.bluetooth.le.PeerAdvertisementFactory: Parsed advertisment: [UUID = 03f8b3b7-b244-4a2e-8897-ff42889af18d, bluetoothMacAddress = BC:75:74:3A:BD:0F, provideBluetoothMacAddressRequestId = nullextra info = 3]
02-10 15:37:39.104 30145 30145 D org.thaliproject.p2p.btconnectorlib.internal.bluetooth.le.BlePeerDiscoverer: checkScanResult onPeerDiscovered [BC:75:74:3A:BD:0F 3]
02-10 15:37:39.106 30145 30145 D org.thaliproject.p2p.btconnectorlib.internal.bluetooth.le.BlePeerDiscoverer: checkScanResult: ScanResult{mDevice=72:7A:83:37:40:B9, mScanRecord=ScanRecord [mAdvertiseFlags=-1, mServiceUuids=[03f8b3b7-b244-4a2e-8897-ff42889af18d], mManufacturerSpecificData={}, mServiceData={0000b3b7-0000-1000-8000-00805f9b34fb=[3, -68, 117, 116, 58, -68, -8]}, mTxPowerLevel=-2147483648, mDeviceName=null], mRssi=-66, mTimestampNanos=5175627150047631}
02-10 15:37:39.107 30145 30145 D org.thaliproject.p2p.btconnectorlib.internal.bluetooth.le.BlePeerDiscoverer: checkScanResult: parsedAdvertisement: [UUID = null, bluetoothMacAddress = BC:75:74:3A:BC:F8, provideBluetoothMacAddressRequestId = nullextra info = 3]
02-10 15:37:39.107 30145 30145 V org.thaliproject.p2p.btconnectorlib.internal.bluetooth.le.BlePeerDiscoverer: checkScanResult: Resolved advertisement type: ADVERTISEMENT_PEER_PROPERTIES
02-10 15:37:39.107 30145 30145 D org.thaliproject.p2p.btconnectorlib.internal.bluetooth.le.PeerAdvertisementFactory: Parsed advertisment: [UUID = 03f8b3b7-b244-4a2e-8897-ff42889af18d, bluetoothMacAddress = BC:75:74:3A:BC:F8, provideBluetoothMacAddressRequestId = nullextra info = 3]
02-10 15:37:39.107 30145 30145 D org.thaliproject.p2p.btconnectorlib.internal.bluetooth.le.BlePeerDiscoverer: checkScanResult onPeerDiscovered [BC:75:74:3A:BC:F8 3]
02-10 15:37:39.108 30145 30145 D org.thaliproject.p2p.btconnectorlib.internal.bluetooth.le.BlePeerDiscoverer: checkScanResult: ScanResult{mDevice=BC:75:74:3A:BD:0F, mScanRecord=ScanRecord [mAdvertiseFlags=-1, mServiceUuids=[03f8b3b7-b244-4a2e-8897-ff42889af18d], mManufacturerSpecificData={}, mServiceData={0000b3b7-0000-1000-8000-00805f9b34fb=[3, -68, 117, 116, 58, -67, 15]}, mTxPowerLevel=-2147483648, mDeviceName=null], mRssi=-60, mTimestampNanos=5175630450047631}
02-10 15:37:39.108 30145 30145 D org.thaliproject.p2p.btconnectorlib.internal.bluetooth.le.BlePeerDiscoverer: checkScanResult: parsedAdvertisement: [UUID = null, bluetoothMacAddress = BC:75:74:3A:BD:0F, provideBluetoothMacAddressRequestId = nullextra info = 3]
02-10 15:37:39.108 30145 30145 V org.thaliproject.p2p.btconnectorlib.internal.bluetooth.le.BlePeerDiscoverer: checkScanResult: Resolved advertisement type: ADVERTISEMENT_PEER_PROPERTIES
02-10 15:37:39.109 30145 30145 D org.thaliproject.p2p.btconnectorlib.internal.bluetooth.le.PeerAdvertisementFactory: Parsed advertisment: [UUID = 03f8b3b7-b244-4a2e-8897-ff42889af18d, bluetoothMacAddress = BC:75:74:3A:BD:0F, provideBluetoothMacAddressRequestId = nullextra info = 3]
02-10 15:37:39.109 30145 30145 D org.thaliproject.p2p.btconnectorlib.internal.bluetooth.le.BlePeerDiscoverer: checkScanResult onPeerDiscovered [BC:75:74:3A:BD:0F 3]
02-10 15:37:39.109 30145 30145 D org.thaliproject.p2p.btconnectorlib.internal.bluetooth.le.BlePeerDiscoverer: checkScanResult: ScanResult{mDevice=BC:75:74:3A:BC:F8, mScanRecord=ScanRecord [mAdvertiseFlags=-1, mServiceUuids=[03f8b3b7-b244-4a2e-8897-ff42889af18d], mManufacturerSpecificData={}, mServiceData={0000b3b7-0000-1000-8000-00805f9b34fb=[3, -68, 117, 116, 58, -68, -8]}, mTxPowerLevel=-2147483648, mDeviceName=null], mRssi=-68, mTimestampNanos=5175630550047631}
02-10 15:37:39.109 30145 30145 D org.thaliproject.p2p.btconnectorlib.internal.bluetooth.le.BlePeerDiscoverer: checkScanResult: parsedAdvertisement: [UUID = null, bluetoothMacAddress = BC:75:74:3A:BC:F8, provideBluetoothMacAddressRequestId = nullextra info = 3]
02-10 15:37:39.110 30145 30145 V org.thaliproject.p2p.btconnectorlib.internal.bluetooth.le.BlePeerDiscoverer: checkScanResult: Resolved advertisement type: ADVERTISEMENT_PEER_PROPERTIES
02-10 15:37:39.110 30145 30145 D org.thaliproject.p2p.btconnectorlib.internal.bluetooth.le.PeerAdvertisementFactory: Parsed advertisment: [UUID = 03f8b3b7-b244-4a2e-8897-ff42889af18d, bluetoothMacAddress = BC:75:74:3A:BC:F8, provideBluetoothMacAddressRequestId = nullextra info = 3]
02-10 15:37:39.110 30145 30145 D org.thaliproject.p2p.btconnectorlib.internal.bluetooth.le.BlePeerDiscoverer: checkScanResult onPeerDiscovered [BC:75:74:3A:BC:F8 3]
02-10 15:37:39.111 30145 30145 D org.thaliproject.p2p.btconnectorlib.DiscoveryManager: onPeerDiscovered: [BC:75:74:3A:BD:0F 3]
02-10 15:37:39.111 30145 30145 V org.thaliproject.p2p.btconnectorlib.utils.PeerModel: addOrUpdateDiscoveredPeer: [BC:75:74:3A:BD:0F 3]
02-10 15:37:39.111 30145 30145 D org.thaliproject.p2p.btconnectorlib.utils.PeerModel: Want to call onPeerAdded. Listeners size = 1
02-10 15:37:39.112 30145 30145 D org.thaliproject.p2p.btconnectorlib.DiscoveryManager: onPeerAdded: [BC:75:74:3A:BD:0F 3]
02-10 15:37:39.114 30145 30145 V org.thaliproject.p2p.btconnectorlib.utils.PeerModel: addOrUpdateDiscoveredPeer: New peer, [BC:75:74:3A:BD:0F 3], added - the peer count is 1
02-10 15:37:39.115 30145 30145 D org.thaliproject.p2p.btconnectorlib.DiscoveryManager: onPeerDiscovered: [BC:75:74:3A:BC:F8 3]
02-10 15:37:39.116 30145 30145 V org.thaliproject.p2p.btconnectorlib.utils.PeerModel: addOrUpdateDiscoveredPeer: [BC:75:74:3A:BC:F8 3]
02-10 15:37:39.116 30145 30145 D org.thaliproject.p2p.btconnectorlib.utils.PeerModel: Want to call onPeerAdded. Listeners size = 1
02-10 15:37:39.116 30145 30145 D org.thaliproject.p2p.btconnectorlib.DiscoveryManager: onPeerAdded: [BC:75:74:3A:BC:F8 3]
02-10 15:37:39.116 30145 30145 V org.thaliproject.p2p.btconnectorlib.utils.PeerModel: addOrUpdateDiscoveredPeer: New peer, [BC:75:74:3A:BC:F8 3], added - the peer count is 2
02-10 15:37:39.116 30145 30145 D org.thaliproject.p2p.btconnectorlib.DiscoveryManager: onPeerDiscovered: [BC:75:74:3A:BD:0F 3]
02-10 15:37:39.116 30145 30145 V org.thaliproject.p2p.btconnectorlib.utils.PeerModel: addOrUpdateDiscoveredPeer: [BC:75:74:3A:BD:0F 3]
02-10 15:37:39.117 30145 30145 D org.thaliproject.p2p.btconnectorlib.utils.PeerModel: has more info: false,  extra info differs: false
02-10 15:37:39.117 30145 30145 V org.thaliproject.p2p.btconnectorlib.utils.PeerModel: addOrUpdateDiscoveredPeer: Timestamp of peer [BC:75:74:3A:BD:0F 3] updated - the peer count is 2
02-10 15:37:39.117 30145 30145 D org.thaliproject.p2p.btconnectorlib.DiscoveryManager: onPeerDiscovered: [BC:75:74:3A:BC:F8 3]
02-10 15:37:39.117 30145 30145 V org.thaliproject.p2p.btconnectorlib.utils.PeerModel: addOrUpdateDiscoveredPeer: [BC:75:74:3A:BC:F8 3]
02-10 15:37:39.117 30145 30145 D org.thaliproject.p2p.btconnectorlib.utils.PeerModel: has more info: false,  extra info differs: false
02-10 15:37:39.118 30145 30145 V org.thaliproject.p2p.btconnectorlib.utils.PeerModel: addOrUpdateDiscoveredPeer: Timestamp of peer [BC:75:74:3A:BC:F8 3] updated - the peer count is 2
02-10 15:37:39.118 30145 30145 I io.jxcore.node.ConnectionHelper: onPeerDiscovered: [BC:75:74:3A:BD:0F 3], Bluetooth address: BC:75:74:3A:BD:0F, device name: 'null', device address: 'null'
02-10 15:37:39.118 30145 30145 I io.jxcore.node.ConnectionHelper: onPeerDiscovered: [BC:75:74:3A:BC:F8 3], Bluetooth address: BC:75:74:3A:BC:F8, device name: 'null', device address: 'null'
02-10 15:37:39.120 30145 30204 I jxcore-log: ok 92 peers must be an array
02-10 15:37:39.120 30145 30204 I jxcore-log: 
02-10 15:37:39.120 30145 30204 I jxcore-log: ok 93 peers must not be zero-length
02-10 15:37:39.120 30145 30204 I jxcore-log: 
02-10 15:37:39.122 30145 30204 I jxcore-log: ok 94 peer must have only peerIdentifier, peerAvailable and generation properties
02-10 15:37:39.122 30145 30204 I jxcore-log: 
02-10 15:37:39.123 30145 30204 I jxcore-log: ok 95 peerIdentifier must be a string
02-10 15:37:39.123 30145 30204 I jxcore-log: 
02-10 15:37:39.123 30145 30204 I jxcore-log: ok 96 generation must be a number
02-10 15:37:39.123 30145 30204 I jxcore-log: 
02-10 15:37:39.128 30145 30204 I jxcore-log: # teardown
02-10 15:37:39.128 30145 30204 I jxcore-log: 
02-10 15:37:39.143 30145 30204 D io.jxcore.node.JXcoreExtension: stopListeningForAdvertisements
02-10 15:37:39.143 30145 30204 I io.jxcore.node.ConnectionHelper: stop: Stopping only listening for advertisements
02-10 15:37:39.143 30145 30204 V io.jxcore.node.StartStopOperation: isTargetState: Connectivity: RUNNING, discovery: RUNNING_BLE, is discovering: true, is advertising: true - Stop operation: Should affect listening to advertisements only
02-10 15:37:39.143 30145 30204 V io.jxcore.node.StartStopOperationHandler: executeCurrentOperation: Executing: Stop operation: Should affect listening to advertisements only
02-10 15:37:39.143 30145 30204 I org.thaliproject.p2p.btconnectorlib.DiscoveryManager: stopDiscovery
02-10 15:37:39.143 30145 30204 D org.thaliproject.p2p.btconnectorlib.internal.bluetooth.le.BlePeerDiscoverer: stopScanner: Current thread: Thread[Thread-3093,7,main], id: 3093
02-10 15:37:39.144 30145 30204 I org.thaliproject.p2p.btconnectorlib.internal.bluetooth.le.BlePeerDiscoverer: stopScanner: Stopping...
02-10 15:37:39.144 30145 30204 D org.thaliproject.p2p.btconnectorlib.internal.bluetooth.le.BleScanner: stop, Current thread: Thread[Thread-3093,7,main], id: 3093
02-10 15:37:39.145 30145 30204 D BluetoothAdapter: STATE_ON
02-10 15:37:39.145 31626 31644 D BtGatt.GattService: flushPendingBatchResults - clientIf=6, isServer=false
02-10 15:37:39.145 30145 30204 D org.thaliproject.p2p.btconnectorlib.internal.bluetooth.le.BleScanner: stop: scan results are flushed 
02-10 15:37:39.146 31626 31647 D BtGatt.ScanManager: flushPendingBatchResults - clientIf = 6
02-10 15:37:39.146 30145 30204 D BluetoothAdapter: STATE_ON
02-10 15:37:39.147 31626 31638 D BtGatt.GattService: stopScan() - queue size =1
02-10 15:37:39.148 31626 31679 D BtGatt.GattService: unregisterClient() - clientIf=6
02-10 15:37:39.148 30145 30204 D org.thaliproject.p2p.btconnectorlib.internal.bluetooth.le.BleScanner: stop: Stopped
02-10 15:37:39.149 30145 30204 D org.thaliproject.p2p.btconnectorlib.internal.bluetooth.le.BleScanner: set state: Current thread: Thread[Thread-3093,7,main], id: 3093
02-10 15:37:39.149 30145 30204 D org.thaliproject.p2p.btconnectorlib.internal.bluetooth.le.BleScanner: setState: State changed from RUNNING to NOT_STARTED
02-10 15:37:39.149 30145 30204 D org.thaliproject.p2p.btconnectorlib.internal.bluetooth.le.BleScanner: notifyScannerStateChanged: started =  false. Current thread: Thread[Thread-3093,7,main], id: 3093
02-10 15:37:39.149 30145 30204 D org.thaliproject.p2p.btconnectorlib.internal.bluetooth.le.BleScanner: stop finished, Current thread: Thread[Thread-3093,7,main], id: 3093
02-10 15:37:39.149 30145 30145 I org.thaliproject.p2p.btconnectorlib.internal.bluetooth.le.BlePeerDiscoverer: onIsScannerStartedChanged: falseCurrent thread: Thread[main,5,main], id: 1
02-10 15:37:39.149 30145 30145 D org.thaliproject.p2p.btconnectorlib.internal.bluetooth.le.BlePeerDiscoverer: updateState : Current thread: Thread[main,5,main], id: 1
02-10 15:37:39.149 30145 30145 D org.thaliproject.p2p.btconnectorlib.internal.bluetooth.le.BlePeerDiscoverer: updateState: deducedStateSet: [ADVERTISING]
02-10 15:37:39.149 30145 30145 D org.thaliproject.p2p.btconnectorlib.internal.bluetooth.le.BlePeerDiscoverer: updateState: stateSet: [SCANNING, ADVERTISING]
02-10 15:37:39.149 30145 30145 D org.thaliproject.p2p.btconnectorlib.internal.bluetooth.le.BlePeerDiscoverer: Current thread: Thread[main,5,main], id: 1
02-10 15:37:39.149 30145 30145 D org.thaliproject.p2p.btconnectorlib.internal.bluetooth.le.BlePeerDiscoverer: updateState: State changed from [SCANNING, ADVERTISING] to [ADVERTISING]Current thread: Thread[main,5,main], id: 1
02-10 15:37:39.150 30145 30145 D org.thaliproject.p2p.btconnectorlib.internal.bluetooth.le.BlePeerDiscoverer: update state finished. Current thread: Thread[main,5,main], id: 1
02-10 15:37:39.150 30145 30145 I org.thaliproject.p2p.btconnectorlib.DiscoveryManager: onBlePeerDiscovererStateChanged: [SCANNING, ADVERTISING] -> [ADVERTISING] Current thread: Thread[main,5,main], id: 1
02-10 15:37:39.150 30145 30145 D org.thaliproject.p2p.btconnectorlib.DiscoveryManager: updateState: Current thread: Thread[main,5,main], id: 1
02-10 15:37:39.154 30145 30145 D org.thaliproject.p2p.btconnectorlib.DiscoveryManager: updateStateInternal Current thread: Thread[main,5,main], id: 1
02-10 15:37:39.154 30145 30145 D org.thaliproject.p2p.btconnectorlib.DiscoveryManager: updateState: State: RUNNING_BLE, is discovering: false, is advertising: true
02-10 15:37:39.155 30145 30145 D org.thaliproject.p2p.btconnectorlib.DiscoveryManager: updateStateInternal finished Current thread: Thread[main,5,main], id: 1
02-10 15:37:39.155 30145 30145 D org.thaliproject.p2p.btconnectorlib.DiscoveryManager: updateState finished Current thread: Thread[main,5,main], id: 1
02-10 15:37:39.155 30145 30145 I io.jxcore.node.ConnectionHelper: onDiscoveryManagerStateChanged: State: RUNNING_BLE, is discovering: false, is advertising: true
02-10 15:37:39.155 31626 31643 D BtGatt.GattService: onBatchScanReports() - clientIf=6, status=0, reportType=2, numRecords=0
02-10 15:37:39.155 31626 31643 D BtGatt.ScanManager: callback done for clientIf - 6 status - 0
02-10 15:37:39.155 31626 31643 E BtGatt.ContextMap: Context not found for ID 6
02-10 15:37:39.163 31626 31643 D BtGatt.GattService: onScanFilterParamsConfigured() - clientIf=6, status=0, action=1, availableSpace=32
02-10 15:37:39.163 31626 31643 D BtGatt.ScanManager: callback done for clientIf - 6 status - 0
02-10 15:37:39.163 31626 31647 D BtGatt.ScanManager: stopping BLe Batch
02-10 15:37:39.169 31626 31643 D BtGatt.GattService: onBatchScanStartStopped() - clientIf=6, status=0, startStopAction=0
02-10 15:37:39.169 31626 31643 D BtGatt.ScanManager: callback done for clientIf - 6 status - 0
02-10 15:37:39.170 31626 31647 D BtGatt.ScanManager: flushPendingBatchResults - clientIf = 6
02-10 15:37:39.176 31626 31643 D BtGatt.GattService: onBatchScanReports() - clientIf=6, status=0, reportType=2, numRecords=0
02-10 15:37:39.176 31626 31643 D BtGatt.ScanManager: callback done for clientIf - 6 status - 0
02-10 15:37:39.655 30145 30145 V io.jxcore.node.ConnectionHelper: Notifying discovery manager state change: is discovering: false, is advertising: true
02-10 15:37:39.656 30145 30145 V io.jxcore.node.StartStopOperation: isTargetState: Connectivity: RUNNING, discovery: RUNNING_BLE, is discovering: false, is advertising: true - Stop operation: Should affect listening to advertisements only
02-10 15:37:39.656 30145 30145 D io.jxcore.node.StartStopOperationHandler: processCurrentOperationStatus: Operation successfully executed
02-10 15:37:39.659 30145 30204 I jxcore-log: ok 97 Should be able to call stopListeningForAdvertisements in teardown
02-10 15:37:39.659 30145 30204 I jxcore-log: 
02-10 15:37:39.661 30145 30204 D io.jxcore.node.JXcoreExtension: stopAdvertisingAndListening
02-10 15:37:39.661 30145 30204 I io.jxcore.node.ConnectionHelper: stop: Stopping all activities and killing connections
02-10 15:37:39.662 30145 30204 V io.jxcore.node.StartStopOperation: isTargetState: Connectivity: RUNNING, discovery: RUNNING_BLE, is discovering: false, is advertising: true - Stop operation: Should start/stop everything
02-10 15:37:39.662 30145 30204 V io.jxcore.node.StartStopOperationHandler: executeCurrentOperation: Executing: Stop operation: Should start/stop everything
02-10 15:37:39.662 30145 30204 I org.thaliproject.p2p.btconnectorlib.ConnectionManager: stopListeningForIncomingConnections
02-10 15:37:39.662 30145 30204 I org.thaliproject.p2p.btconnectorlib.internal.bluetooth.BluetoothConnector: stopListeningForIncomingConnections: Stopping...
02-10 15:37:39.663 30145 30204 D org.thaliproject.p2p.btconnectorlib.internal.bluetooth.BluetoothServerThread: shutdown
02-10 15:37:39.663 30145 30204 D org.thaliproject.p2p.btconnectorlib.internal.bluetooth.BluetoothManager: release: 2 listener(s) left
02-10 15:37:39.663 30145 30229 V org.thaliproject.p2p.btconnectorlib.internal.bluetooth.BluetoothServerThread: closeBluetoothServerSocket: Bluetooth server socket closed
02-10 15:37:39.663 30145 30229 D org.thaliproject.p2p.btconnectorlib.internal.bluetooth.BluetoothServerThread: Exiting thread
02-10 15:37:39.663 30145 30204 D org.thaliproject.p2p.btconnectorlib.ConnectionManager: updateState: mShouldBeStarted :  false, mIsServerStarted:  true
02-10 15:37:39.663 30145 30229 I org.thaliproject.p2p.btconnectorlib.internal.bluetooth.BluetoothConnector: onServerStopped: Was explicitly stopped: true
02-10 15:37:39.664 30145 30145 D org.thaliproject.p2p.btconnectorlib.ConnectionManager: onIsServerStartedChanged: false
02-10 15:37:39.665 30145 30204 D org.thaliproject.p2p.btconnectorlib.ConnectionManager: setState: RUNNING -> NOT_STARTED
02-10 15:37:39.665 30145 30204 I org.thaliproject.p2p.btconnectorlib.ConnectionManager: cancelAllConnectionAttempts
02-10 15:37:39.665 30145 30204 I org.thaliproject.p2p.btconnectorlib.DiscoveryManager: stop: Stopping peer discovery...
02-10 15:37:39.666 30145 30145 D org.thaliproject.p2p.btconnectorlib.ConnectionManager: updateState: mShouldBeStarted :  false, mIsServerStarted:  false
02-10 15:37:39.666 30145 30204 D org.thaliproject.p2p.btconnectorlib.DiscoveryManager: stopForRestart Current thread: Thread[Thread-3093,7,main], id: 3093
02-10 15:37:39.666 30145 30204 D org.thaliproject.p2p.btconnectorlib.DiscoveryManager: stopForRestart. RUNNING_BLE
02-10 15:37:39.666 30145 30145 I io.jxcore.node.ConnectionHelper: onConnectionManagerStateChanged: NOT_STARTED
02-10 15:37:39.666 30145 30204 D org.thaliproject.p2p.btconnectorlib.internal.BluetoothMacAddressResolutionHelper: stopProvideBluetoothMacAddressMode
02-10 15:37:39.666 30145 30204 D org.thaliproject.p2p.btconnectorlib.internal.bluetooth.le.BlePeerDiscoverer: stopScannerAndAdvertiser: Current thread: Thread[Thread-3093,7,main], id: 3093
02-10 15:37:39.667 30145 30204 D org.thaliproject.p2p.btconnectorlib.internal.bluetooth.le.BlePeerDiscoverer: stopPeerAddressHelperAdvertiser Current thread: Thread[Thread-3093,7,main], id: 3093
02-10 15:37:39.667 30145 30204 D org.thaliproject.p2p.btconnectorlib.internal.bluetooth.le.BlePeerDiscoverer: stopScanner: Current thread: Thread[Thread-3093,7,main], id: 3093
02-10 15:37:39.667 30145 30204 D org.thaliproject.p2p.btconnectorlib.internal.bluetooth.le.BleScanner: stop, Current thread: Thread[Thread-3093,7,main], id: 3093
02-10 15:37:39.670 30145 30204 D BluetoothAdapter: STATE_ON
02-10 15:37:39.671 30145 30204 D org.thaliproject.p2p.btconnectorlib.internal.bluetooth.le.BleScanner: stop: scan results are flushed 
02-10 15:37:39.673 30145 30204 D BluetoothAdapter: STATE_ON
02-10 15:37:39.673 30145 30204 D BluetoothLeScanner: could not find callback wrapper
02-10 15:37:39.674 30145 30204 D org.thaliproject.p2p.btconnectorlib.internal.bluetooth.le.BleScanner: stop: Stopped
02-10 15:37:39.674 30145 30204 D org.thaliproject.p2p.btconnectorlib.internal.bluetooth.le.BleScanner: set state: Current thread: Thread[Thread-3093,7,main], id: 3093
02-10 15:37:39.674 30145 30204 D org.thaliproject.p2p.btconnectorlib.internal.bluetooth.le.BleScanner: stop finished, Current thread: Thread[Thread-3093,7,main], id: 3093
02-10 15:37:39.675 30145 30204 D org.thaliproject.p2p.btconnectorlib.internal.bluetooth.le.BlePeerDiscoverer: stopAdvertiser:Current thread: Thread[Thread-3093,7,main], id: 3093
02-10 15:37:39.675 30145 30204 I org.thaliproject.p2p.btconnectorlib.internal.bluetooth.le.BlePeerDiscoverer: stopAdvertiser: Stopping...
02-10 15:37:39.676 30145 30204 D org.thaliproject.p2p.btconnectorlib.internal.bluetooth.le.BleAdvertiser: stop. Current thread: Thread[Thread-3093,7,main], id: 3093
02-10 15:37:39.677 31626 31646 D BtGatt.AdvertiseManager: message : 1
02-10 15:37:39.678 31626 31646 D BtGatt.AdvertiseManager: stop advertise for client 5
02-10 15:37:39.689 31626 31643 D BtGatt.GattService: onAdvertiseInstanceDisabled() - clientIf=5, status=0
02-10 15:37:39.689 31626 31643 D BtGatt.GattService: Client app is not null!
02-10 15:37:39.690 31626 31638 D BtGatt.GattService: unregisterClient() - clientIf=5
02-10 15:37:39.691 30145 30204 D org.thaliproject.p2p.btconnectorlib.internal.bluetooth.le.BleAdvertiser: stop: Stopped
02-10 15:37:39.691 30145 30204 D org.thaliproject.p2p.btconnectorlib.internal.bluetooth.le.BleAdvertiser: setState: current  = RUNNING, new = NOT_STARTEDCurrent thread: Thread[Thread-3093,7,main], id: 3093
02-10 15:37:39.691 30145 30204 D org.thaliproject.p2p.btconnectorlib.internal.bluetooth.le.BleAdvertiser: setState: State changed from RUNNING to NOT_STARTED
02-10 15:37:39.691 30145 30204 D org.thaliproject.p2p.btconnectorlib.internal.bluetooth.le.BleAdvertiser: notifyAdvertiserStateChanged: started =  false. Current thread: Thread[Thread-3093,7,main], id: 3093
02-10 15:37:39.691 30145 30204 D org.thaliproject.p2p.btconnectorlib.internal.bluetooth.le.BleAdvertiser: setState: finished Current thread: Thread[Thread-3093,7,main], id: 3093
02-10 15:37:39.692 30145 30204 D org.thaliproject.p2p.btconnectorlib.internal.bluetooth.le.BleAdvertiser: stop finished. Current thread: Thread[Thread-3093,7,main], id: 3093
02-10 15:37:39.692 30145 30204 D org.thaliproject.p2p.btconnectorlib.DiscoveryManager: stopBlePeerDiscoverer: Stopped
02-10 15:37:39.692 30145 30204 I org.thaliproject.p2p.btconnectorlib.internal.wifi.WifiDirectManager: release: No more listeners, de-initializing...
02-10 15:37:39.693 30145 30204 D org.thaliproject.p2p.btconnectorlib.internal.bluetooth.BluetoothManager: release: 1 listener(s) left
02-10 15:37:39.693 30145 30204 I org.thaliproject.p2p.btconnectorlib.utils.PeerModel: clear
02-10 15:37:39.693 30145 30204 D org.thaliproject.p2p.btconnectorlib.DiscoveryManager: updateState: Current thread: Thread[Thread-3093,7,main], id: 3093
02-10 15:37:39.695 30145 30204 D org.thaliproject.p2p.btconnectorlib.DiscoveryManager: updateStateInternal Current thread: Thread[Thread-3093,7,main], id: 3093
02-10 15:37:39.695 30145 30204 D org.thaliproject.p2p.btconnectorlib.DiscoveryManager: updateState: State: NOT_STARTED, is discovering: false, is advertising: false
02-10 15:37:39.696 30145 30204 D org.thaliproject.p2p.btconnectorlib.DiscoveryManager: updateStateInternal finished Current thread: Thread[Thread-3093,7,main], id: 3093
02-10 15:37:39.696 30145 30204 D org.thaliproject.p2p.btconnectorlib.DiscoveryManager: updateState finished Current thread: Thread[Thread-3093,7,main], id: 3093
02-10 15:37:39.696 30145 30145 V io.jxcore.node.StartStopOperation: isTargetState: Connectivity: NOT_STARTED, discovery: NOT_STARTED, is discovering: false, is advertising: false - Stop operation: Should start/stop everything
02-10 15:37:39.696 30145 30145 D io.jxcore.node.StartStopOperationHandler: processCurrentOperationStatus: Operation successfully executed
02-10 15:37:39.696 30145 30145 I org.thaliproject.p2p.btconnectorlib.DiscoveryManager: start: Discovery mode: BLE, start discovery: false, start advertiser: false
02-10 15:37:39.697 30145 30145 I org.thaliproject.p2p.btconnectorlib.DiscoveryManager: start: Discovery mode: BLE, start discovery: false, start advertiser: false
02-10 15:37:39.697 30145 30145 I org.thaliproject.p2p.btconnectorlib.internal.bluetooth.le.BlePeerDiscoverer: onIsAdvertiserStartedChanged: falseCurrent thread: Thread[main,5,main], id: 1
02-10 15:37:39.697 30145 30145 D org.thaliproject.p2p.btconnectorlib.internal.bluetooth.le.BlePeerDiscoverer: updateState : Current thread: Thread[main,5,main], id: 1
02-10 15:37:39.697 30145 30145 D org.thaliproject.p2p.btconnectorlib.internal.bluetooth.le.BlePeerDiscoverer: updateState: deducedStateSet: [NOT_STARTED]
02-10 15:37:39.697 30145 30145 D org.thaliproject.p2p.btconnectorlib.internal.bluetooth.le.BlePeerDiscoverer: updateState: stateSet: [ADVERTISING]
02-10 15:37:39.697 30145 30145 D org.thaliproject.p2p.btconnectorlib.internal.bluetooth.le.BlePeerDiscoverer: Current thread: Thread[main,5,main], id: 1
02-10 15:37:39.697 30145 30145 D org.thaliproject.p2p.btconnectorlib.internal.bluetooth.le.BlePeerDiscoverer: updateState: State changed from [ADVERTISING] to [NOT_STARTED]Current thread: Thread[main,5,main], id: 1
02-10 15:37:39.697 30145 30145 D org.thaliproject.p2p.btconnectorlib.internal.bluetooth.le.BlePeerDiscoverer: update state finished. Current thread: Thread[main,5,main], id: 1
02-10 15:37:39.698 30145 30145 I io.jxcore.node.ConnectionHelper: onDiscoveryManagerStateChanged: State: NOT_STARTED, is discovering: false, is advertising: false
02-10 15:37:39.698 30145 30204 I jxcore-log: 2017-02-10 12:37:39 - DEBUG thaliMobileNativeWrapper: 'discoveryAdvertisingStateUpdateNonTCP: {"discoveryActive":false,"advertisingActive":true}'
02-10 15:37:39.698 30145 30204 I jxcore-log: 
02-10 15:37:39.701 30145 30204 I jxcore-log: 2017-02-10 12:37:39 - INFO thaliMobile: 'Received state ({"discoveryActive":false,"advertisingActive":true}) did not match with target ({"started":false,"listening":false,"advertising":false,"networkType":"BOTH","startArguments":{"router":null,"pskIdToSecret":null,"networkType":null}})'
02-10 15:37:39.701 30145 30204 I jxcore-log: 
02-10 15:37:39.702 30145 30204 I jxcore-log: 2017-02-10 12:37:39 - INFO thaliMobile: 'Filtered out discoveryAdvertisingStateUpdate (was in stopped state).'
02-10 15:37:39.702 30145 30204 I jxcore-log: 
02-10 15:37:39.704 30145 30204 I jxcore-log: ok 98 Should be able to call stopAdvertisingAndListening in teardown
02-10 15:37:39.704 30145 30204 I jxcore-log: 
02-10 15:37:39.707 30145 30204 I jxcore-log: 2017-02-10 12:37:39 - DEBUG thaliMobileNativeWrapper: 'Method peerAvailabilityChanged registered to native'
02-10 15:37:39.707 30145 30204 I jxcore-log: 
02-10 15:37:39.710 30145 30204 I jxcore-log: 2017-02-10 12:37:39 - DEBUG thaliMobileNativeWrapper: 'Method discoveryAdvertisingStateUpdateNonTCP registered to native'
02-10 15:37:39.710 30145 30204 I jxcore-log: 
02-10 15:37:39.712 30145 30204 I jxcore-log: 2017-02-10 12:37:39 - DEBUG thaliMobileNativeWrapper: 'Method multiConnectResolved registered to native'
02-10 15:37:39.712 30145 30204 I jxcore-log: 
02-10 15:37:39.719 30145 30204 V io.jxcore.node.ConnectivityMonitor: updateConnectivityInfo: FORCED notification:
02-10 15:37:39.719 30145 30204 V io.jxcore.node.ConnectivityMonitor:     - is Wi-Fi Direct supported: true
02-10 15:37:39.719 30145 30204 V io.jxcore.node.ConnectivityMonitor:     - is Bluetooth LE multiple advertisement supported: SUPPORTED
02-10 15:37:39.719 30145 30204 V io.jxcore.node.ConnectivityMonitor:     - is Wi-Fi enabled: true
02-10 15:37:39.719 30145 30204 V io.jxcore.node.ConnectivityMonitor:     - is Bluetooth enabled: true
02-10 15:37:39.719 30145 30204 V io.jxcore.node.ConnectivityMonitor:     - BSSID name: 70:cd:60:ff:5a:07
02-10 15:37:39.719 30145 30204 V io.jxcore.node.ConnectivityMonitor:     - SSID name: "T"
02-10 15:37:39.719 30145 30204 V io.jxcore.node.ConnectivityMonitor:     - is connected/connecting to active network: true
02-10 15:37:39.719 30145 30204 V io.jxcore.node.ConnectivityMonitor:     - active network type is Wi-Fi: true
02-10 15:37:39.722 30145 30204 D io.jxcore.node.JXcoreExtension: notifyNetworkChanged: BLE: ON, Bluetooth: ON, Wi-Fi: ON, cellular: DO_NOT_CARE, BSSID name: 70:cd:60:ff:5a:07, SSID name: "T"
02-10 15:37:39.723 30145 30204 I jxcore-log: 2017-02-10 12:37:39 - DEBUG thaliMobileNativeWrapper: 'Method networkChanged registered to native'
02-10 15:37:39.723 30145 30204 I jxcore-log: 
02-10 15:37:39.725 30145 30204 I jxcore-log: 2017-02-10 12:37:39 - DEBUG thaliMobileNativeWrapper: 'Method multiConnectConnectionFailure registered to native'
02-10 15:37:39.725 30145 30204 I jxcore-log: 
02-10 15:37:39.727 30145 30204 I jxcore-log: 2017-02-10 12:37:39 - DEBUG thaliMobileNativeWrapper: 'Method incomingConnectionToPortNumberFailed registered to native'
02-10 15:37:39.727 30145 30204 I jxcore-log: 
02-10 15:37:39.732 30145 30204 I jxcore-log: # setup
02-10 15:37:39.732 30145 30204 I jxcore-log: 
02-10 15:37:39.734 30145 30204 I jxcore-log: 2017-02-10 12:37:39 - DEBUG thaliMobileNativeWrapper: 'networkChanged: {"bluetoothLowEnergy":"on","bluetooth":"on","wifi":"on","cellular":"doNotCare","bssidName":"70:cd:60:ff:5a:07","ssidName":"T"}'
02-10 15:37:39.734 30145 30204 I jxcore-log: 
02-10 15:37:39.734 30145 30204 I jxcore-log: 2017-02-10 12:37:39 - INFO thaliMobile: 'Filtered out networkChangedNonTCP (was in stopped state).'
02-10 15:37:39.734 30145 30204 I jxcore-log: 
02-10 15:37:39.837 30145 30204 I jxcore-log: # Can connect to a remote peer
02-10 15:37:39.837 30145 30204 I jxcore-log: 
02-10 15:37:40.198 30145 30145 V io.jxcore.node.ConnectionHelper: Notifying discovery manager state change: is discovering: false, is advertising: false
02-10 15:37:40.202 30145 30204 I jxcore-log: 2017-02-10 12:37:40 - DEBUG thaliMobileNativeWrapper: 'discoveryAdvertisingStateUpdateNonTCP: {"discoveryActive":false,"advertisingActive":false}'
02-10 15:37:40.202 30145 30204 I jxcore-log: 
02-10 15:37:40.204 30145 30204 I jxcore-log: 2017-02-10 12:37:40 - INFO thaliMobile: 'Filtered out discoveryAdvertisingStateUpdate (was in stopped state).'
02-10 15:37:40.204 30145 30204 I jxcore-log: 
02-10 15:37:40.968 30145 30204 D io.jxcore.node.JXcoreExtension: startUpdateAdvertisingAndListening
02-10 15:37:40.973 30145 30204 I io.jxcore.node.ConnectionHelper: start: Port number: 49239, start advertisements: true
02-10 15:37:40.973 30145 30204 V io.jxcore.node.ConnectivityMonitor: start: Already started
02-10 15:37:40.973 30145 30204 I io.jxcore.node.StartStopOperationHandler: updateBeaconAdExtraInformation: New value: 4
02-10 15:37:40.973 30145 30204 I org.thaliproject.p2p.btconnectorlib.DiscoveryManagerSettings: setBeaconAdExtraInformation: 3 -> 4
02-10 15:37:40.973 30145 30204 I org.thaliproject.p2p.btconnectorlib.internal.AbstractBluetoothConnectivityAgent: clearIdentityString
02-10 15:37:40.977 30145 30204 I org.thaliproject.p2p.btconnectorlib.internal.AbstractBluetoothConnectivityAgent: verifyIdentityString: Identity string created: {"generation":4,"address":"24:00:BA:F9:9A:9F"}
02-10 15:37:40.977 30145 30204 D org.thaliproject.p2p.btconnectorlib.internal.bluetooth.BluetoothConnector: setIdentityString: {"generation":4,"address":"24:00:BA:F9:9A:9F"}
02-10 15:37:40.978 30145 30204 D org.thaliproject.p2p.btconnectorlib.DiscoveryManager: onAdvertiseScanSettingsChanged: Current thread: Thread[Thread-3093,7,main], id: 3093
02-10 15:37:40.978 30145 30204 I org.thaliproject.p2p.btconnectorlib.internal.AbstractBluetoothConnectivityAgent: clearIdentityString
02-10 15:37:40.981 30145 30204 I org.thaliproject.p2p.btconnectorlib.internal.AbstractBluetoothConnectivityAgent: verifyIdentityString: Identity string created: {"generation":4,"address":"24:00:BA:F9:9A:9F"}
02-10 15:37:40.981 30145 30204 D org.thaliproject.p2p.btconnectorlib.internal.bluetooth.BluetoothConnector: setIdentityString: {"generation":4,"address":"24:00:BA:F9:9A:9F"}
02-10 15:37:40.981 30145 30204 D org.thaliproject.p2p.btconnectorlib.DiscoveryManager: onAdvertiseScanSettingsChanged: Current thread: Thread[Thread-3093,7,main], id: 3093
02-10 15:37:40.981 30145 30204 I org.thaliproject.p2p.btconnectorlib.internal.AbstractBluetoothConnectivityAgent: clearIdentityString
02-10 15:37:40.984 30145 30204 I org.thaliproject.p2p.btconnectorlib.internal.AbstractBluetoothConnectivityAgent: verifyIdentityString: Identity string created: {"generation":4,"address":"24:00:BA:F9:9A:9F"}
02-10 15:37:40.984 30145 30204 D org.thaliproject.p2p.btconnectorlib.internal.bluetooth.BluetoothConnector: setIdentityString: {"generation":4,"address":"24:00:BA:F9:9A:9F"}
02-10 15:37:40.984 30145 30204 D org.thaliproject.p2p.btconnectorlib.DiscoveryManager: onAdvertiseScanSettingsChanged: Current thread: Thread[Thread-3093,7,main], id: 3093
02-10 15:37:40.984 30145 30204 V io.jxcore.node.StartStopOperation: isTargetState: Connectivity: NOT_STARTED, discovery: NOT_STARTED, is discovering: false, is advertising: false - Start operation: Should start/stop everything
02-10 15:37:40.985 30145 30204 V io.jxcore.node.StartStopOperationHandler: executeCurrentOperation: Executing: Start operation: Should start/stop everything
02-10 15:37:40.986 30145 30204 D org.thaliproject.p2p.btconnectorlib.ConnectionManager: startListeningForIncomingConnections
02-10 15:37:40.986 30145 30204 I org.thaliproject.p2p.btconnectorlib.internal.bluetooth.BluetoothManager: bind: Binding a new listener
02-10 15:37:40.988 30145 30204 I org.thaliproject.p2p.btconnectorlib.internal.bluetooth.BluetoothConnector: startListeningForIncomingConnections: Starting...
02-10 15:37:40.989 30145 30204 D org.thaliproject.p2p.btconnectorlib.ConnectionManager: onIsServerStartedChanged: true
02-10 15:37:40.989 30145 30204 D org.thaliproject.p2p.btconnectorlib.ConnectionManager: updateState: mShouldBeStarted :  true, mIsServerStarted:  true
02-10 15:37:40.990 30145 30204 D org.thaliproject.p2p.btconnectorlib.ConnectionManager: setState: NOT_STARTED -> RUNNING
02-10 15:37:40.990 30145 30204 I org.thaliproject.p2p.btconnectorlib.ConnectionManager: startListeningForIncomingConnections: OK
02-10 15:37:40.990 30145 30145 I io.jxcore.node.ConnectionHelper: onConnectionManagerStateChanged: RUNNING
02-10 15:37:40.990 30145 30204 I org.thaliproject.p2p.btconnectorlib.DiscoveryManager: start: Discovery mode: BLE, start discovery: false, start advertiser: true
02-10 15:37:40.990 30145 30204 I org.thaliproject.p2p.btconnectorlib.internal.bluetooth.BluetoothManager: bind: Binding a new listener
02-10 15:37:40.990 30145 30204 I org.thaliproject.p2p.btconnectorlib.internal.wifi.WifiDirectManager: bind: Binding a new listener
02-10 15:37:40.990 30145 30231 D org.thaliproject.p2p.btconnectorlib.internal.bluetooth.BluetoothServerThread: Entering thread
02-10 15:37:40.992 30145 30231 W BluetoothAdapter: getBluetoothService() called with no BluetoothManagerCallback
02-10 15:37:40.996 30145 30231 I org.thaliproject.p2p.btconnectorlib.internal.bluetooth.BluetoothServerThread: Waiting for incoming connections...
02-10 15:37:40.996 30145 30204 D org.thaliproject.p2p.btconnectorlib.DiscoveryManager: startBlePeerDiscoverer
02-10 15:37:40.997 30145 30204 V io.jxcore.node.ConnectionHelper: Received a request for permission "android.permission.ACCESS_COARSE_LOCATION", but we are expecting that all the required permissions have already been granted
02-10 15:37:40.997 30145 30204 V org.thaliproject.p2p.btconnectorlib.DiscoveryManager: getBlePeerDiscovererInstanceAndCheckBluetoothMacAddress: Constructing...
02-10 15:37:41.000 30145 30204 D org.thaliproject.p2p.btconnectorlib.internal.bluetooth.le.BleAdvertiser: setAdvertiseSettings, Current thread: Thread[Thread-3093,7,main], id: 3093
02-10 15:37:41.000 30145 30204 I org.thaliproject.p2p.btconnectorlib.internal.bluetooth.le.BleAdvertiser: setAdvertiseSettings: Mode: 2, Tx power level: 3, timeout: 0, is connectable: false
02-10 15:37:41.001 30145 30204 D org.thaliproject.p2p.btconnectorlib.internal.bluetooth.le.BleScanner: applyAdditionalMarshmallowSettings
02-10 15:37:41.001 30145 30204 I org.thaliproject.p2p.btconnectorlib.internal.bluetooth.le.BleScanner: setScanSettings: Mode: 2, report delay in milliseconds: 500, scan result type: 0
02-10 15:37:41.001 30145 30204 D org.thaliproject.p2p.btconnectorlib.internal.bluetooth.le.BlePeerDiscoverer: Beacon extra: 4
02-10 15:37:41.003 30145 30204 D org.thaliproject.p2p.btconnectorlib.internal.bluetooth.le.BlePeerDiscoverer: startAdvertiser: Current thread: Thread[Thread-3093,7,main], id: 3093
02-10 15:37:41.003 30145 30204 D org.thaliproject.p2p.btconnectorlib.internal.bluetooth.le.BlePeerDiscoverer: stopPeerAddressHelperAdvertiser Current thread: Thread[Thread-3093,7,main], id: 3093
02-10 15:37:41.003 30145 30204 I org.thaliproject.p2p.btconnectorlib.internal.bluetooth.le.BlePeerDiscoverer: startAdvertiser: Starting...
02-10 15:37:41.003 30145 30204 D org.thaliproject.p2p.btconnectorlib.internal.bluetooth.le.BlePeerDiscoverer: createAdvertiseData: createAdvertiseDataToServiceData 
02-10 15:37:41.003 30145 30204 I org.thaliproject.p2p.btconnectorlib.internal.bluetooth.le.PeerAdvertisementFactory: createAdvertiseDataToServiceData: Service UUID: "03f8b3b7-b244-4a2e-8897-ff42889af18d", Bluetooth MAC address: "24:00:BA:F9:9A:9F"
02-10 15:37:41.003 30145 30204 V org.thaliproject.p2p.btconnectorlib.internal.bluetooth.le.PeerAdvertisementFactory: createAdvertiseDataToServiceData: Service data (length is 7 bytes): 04 24 00 BA F9 9A 9F
02-10 15:37:41.003 30145 30204 V org.thaliproject.p2p.btconnectorlib.internal.bluetooth.le.PeerAdvertisementFactory: createAdvertiseDataToServiceData: Created: AdvertiseData [mServiceUuids=[03f8b3b7-b244-4a2e-8897-ff42889af18d], mManufacturerSpecificData={}, mServiceData={03f8b3b7-b244-4a2e-8897-ff42889af18d=[4, 36, 0, -70, -7, -102, -97]}, mIncludeTxPowerLevel=false, mIncludeDeviceName=false]
02-10 15:37:41.003 30145 30204 I org.thaliproject.p2p.btconnectorlib.internal.bluetooth.le.BlePeerDiscoverer: createAdvertiseData: created AdvertiseData [mServiceUuids=[03f8b3b7-b244-4a2e-8897-ff42889af18d], mManufacturerSpecificData={}, mServiceData={03f8b3b7-b244-4a2e-8897-ff42889af18d=[4, 36, 0, -70, -7, -102, -97]}, mIncludeTxPowerLevel=false, mIncludeDeviceName=false]
02-10 15:37:41.003 30145 30204 D org.thaliproject.p2p.btconnectorlib.internal.bluetooth.le.BleAdvertiser: setAdvertiseData: Current thread: Thread[Thread-3093,7,main], id: 3093
02-10 15:37:41.004 30145 30204 D org.thaliproject.p2p.btconnectorlib.internal.bluetooth.le.BleAdvertiser: setAdvertiseData: AdvertiseData [mServiceUuids=[03f8b3b7-b244-4a2e-8897-ff42889af18d], mManufacturerSpecificData={}, mServiceData={03f8b3b7-b244-4a2e-8897-ff42889af18d=[4, 36, 0, -70, -7, -102, -97]}, mIncludeTxPowerLevel=false, mIncludeDeviceName=false]. Current thread: Thread[Thread-3093,7,main], id: 3093
02-10 15:37:41.004 30145 30204 D org.thaliproject.p2p.btconnectorlib.internal.bluetooth.le.BleAdvertiser: setAdvertiseData: was started = false
02-10 15:37:41.004 30145 30204 D org.thaliproject.p2p.btconnectorlib.internal.bluetooth.le.BleAdvertiser: setAdvertiseData: advertiseData = AdvertiseData [mServiceUuids=[03f8b3b7-b244-4a2e-8897-ff42889af18d], mManufacturerSpecificData={}, mServiceData={03f8b3b7-b244-4a2e-8897-ff42889af18d=[4, 36, 0, -70, -7, -102, -97]}, mIncludeTxPowerLevel=false, mIncludeDeviceName=false]
02-10 15:37:41.004 30145 30204 D org.thaliproject.p2p.btconnectorlib.internal.bluetooth.le.BleAdvertiser: setAdvertiseData finished: Current thread: Thread[Thread-3093,7,main], id: 3093
02-10 15:37:41.004 30145 30204 D org.thaliproject.p2p.btconnectorlib.internal.bluetooth.le.BleAdvertiser: start:  state = NOT_STARTEDCurrent thread: Thread[Thread-3093,7,main], id: 3093
02-10 15:37:41.004 30145 30204 I org.thaliproject.p2p.btconnectorlib.internal.bluetooth.le.BleAdvertiser: start: Starting... advertisement data = AdvertiseData [mServiceUuids=[03f8b3b7-b244-4a2e-8897-ff42889af18d], mManufacturerSpecificData={}, mServiceData={03f8b3b7-b244-4a2e-8897-ff42889af18d=[4, 36, 0, -70, -7, -102, -97]}, mIncludeTxPowerLevel=false, mIncludeDeviceName=false], Current thread: Thread[Thread-3093,7,main], id: 3093
02-10 15:37:41.005 30145 30204 D BluetoothAdapter: STATE_ON
02-10 15:37:41.007 31626 31637 D BtGatt.GattService: registerClient() - UUID=b620e7d9-47a4-4dea-8a67-ebe29d900cf8
02-10 15:37:41.007 31626 31643 D BtGatt.GattService: onClientRegistered() - UUID=b620e7d9-47a4-4dea-8a67-ebe29d900cf8, clientIf=5
02-10 15:37:41.008 30145 30156 D BluetoothLeAdvertiser: onClientRegistered() - status=0 clientIf=5
02-10 15:37:41.009 31626 31646 D BtGatt.AdvertiseManager: message : 0
02-10 15:37:41.011 31626 31646 D BtGatt.AdvertiseManager: starting multi advertising
02-10 15:37:41.023 31626 31643 D BtGatt.GattService: onAdvertiseInstanceEnabled() - clientIf=5, status=0
02-10 15:37:41.029 31626 31643 D BtGatt.GattService: onAdvertiseDataSet() - clientIf=5, status=0
02-10 15:37:41.030 29971 29971 I ServiceManager: Waiting for service AtCmdFwd...
02-10 15:37:41.030 30145 30204 I org.thaliproject.p2p.btconnectorlib.internal.bluetooth.le.BleAdvertiser: start: Started advertisment Current thread: Thread[Thread-3093,7,main], id: 3093
02-10 15:37:41.030 30145 30204 D org.thaliproject.p2p.btconnectorlib.internal.bluetooth.le.BleAdvertiser: setState: current  = NOT_STARTED, new = STARTINGCurrent thread: Thread[Thread-3093,7,main], id: 3093
02-10 15:37:41.030 30145 30204 D org.thaliproject.p2p.btconnectorlib.internal.bluetooth.le.BleAdvertiser: setState: State changed from NOT_STARTED to STARTING
02-10 15:37:41.030 30145 30204 D org.thaliproject.p2p.btconnectorlib.internal.bluetooth.le.BleAdvertiser: setState: onIsAdvertiserStartedChanged default (no call to listener). Current thread: Thread[Thread-3093,7,main], id: 3093
02-10 15:37:41.030 30145 30204 D org.thaliproject.p2p.btconnectorlib.internal.bluetooth.le.BleAdvertiser: setState: finished Current thread: Thread[Thread-3093,7,main], id: 3093
02-10 15:37:41.030 30145 30204 I org.thaliproject.p2p.btconnectorlib.internal.bluetooth.le.BleAdvertiser: start: return, state = STARTINGCurrent thread: Thread[Thread-3093,7,main], id: 3093
02-10 15:37:41.031 30145 30204 D org.thaliproject.p2p.btconnectorlib.internal.bluetooth.le.BleAdvertiser: start returned: Current thread: Thread[Thread-3093,7,main], id: 3093
02-10 15:37:41.031 30145 30204 D org.thaliproject.p2p.btconnectorlib.internal.bluetooth.le.BlePeerDiscoverer: startAdvertiser started = true Current thread: Thread[Thread-3093,7,main], id: 3093
02-10 15:37:41.031 30145 30204 D org.thaliproject.p2p.btconnectorlib.DiscoveryManager: startBlePeerDiscoverer: OK
02-10 15:37:41.032 30145 30204 I org.thaliproject.p2p.btconnectorlib.DiscoveryManager: start: OK
02-10 15:37:41.032 30145 30204 D org.thaliproject.p2p.btconnectorlib.DiscoveryManager: updateState: Current thread: Thread[Thread-3093,7,main], id: 3093
02-10 15:37:41.032 30145 30204 E org.thaliproject.p2p.btconnectorlib.DiscoveryManager: seems that updateState call different BlePeerDiscoverer
02-10 15:37:41.033 30145 30204 D org.thaliproject.p2p.btconnectorlib.DiscoveryManager: updateStateInternal Current thread: Thread[Thread-3093,7,main], id: 3093
02-10 15:37:41.033 30145 30204 D org.thaliproject.p2p.btconnectorlib.DiscoveryManager: updateStateInternal finished Current thread: Thread[Thread-3093,7,main], id: 3093
02-10 15:37:41.033 30145 30204 D org.thaliproject.p2p.btconnectorlib.DiscoveryManager: updateState finished Current thread: Thread[Thread-3093,7,main], id: 3093
02-10 15:37:41.033 30145 30204 I io.jxcore.node.ConnectionHelper: start: OK
02-10 15:37:41.034 30145 30145 V io.jxcore.node.StartStopOperation: isTargetState: Connectivity: RUNNING, discovery: NOT_STARTED, is discovering: false, is advertising: false - Start operation: Should start/stop everything
02-10 15:37:41.034 30145 30145 D org.thaliproject.p2p.btconnectorlib.internal.bluetooth.le.BleAdvertiser: onStartSuccess : Current thread: Thread[main,5,main], id: 1
02-10 15:37:41.034 30145 30145 D org.thaliproject.p2p.btconnectorlib.internal.bluetooth.le.BleAdvertiser: setState: current  = STARTING, new = RUNNINGCurrent thread: Thread[main,5,main], id: 1
02-10 15:37:41.034 30145 30145 D org.thaliproject.p2p.btconnectorlib.internal.bluetooth.le.BleAdvertiser: setState: State changed from STARTING to RUNNING
02-10 15:37:41.034 30145 30145 D org.thaliproject.p2p.btconnectorlib.internal.bluetooth.le.BleAdvertiser: notifyAdvertiserStateChanged: started =  true. Current thread: Thread[main,5,main], id: 1
02-10 15:37:41.034 30145 30145 D org.thaliproject.p2p.btconnectorlib.internal.bluetooth.le.BleAdvertiser: setState: finished Current thread: Thread[main,5,main], id: 1
02-10 15:37:41.034 30145 30145 I org.thaliproject.p2p.btconnectorlib.internal.bluetooth.le.BlePeerDiscoverer: onIsAdvertiserStartedChanged: trueCurrent thread: Thread[main,5,main], id: 1
02-10 15:37:41.034 30145 30145 D org.thaliproject.p2p.btconnectorlib.internal.bluetooth.le.BlePeerDiscoverer: updateState : Current thread: Thread[main,5,main], id: 1
02-10 15:37:41.034 30145 30145 D org.thaliproject.p2p.btconnectorlib.internal.bluetooth.le.BlePeerDiscoverer: updateState: deducedStateSet: [ADVERTISING]
02-10 15:37:41.034 30145 30145 D org.thaliproject.p2p.btconnectorlib.internal.bluetooth.le.BlePeerDiscoverer: updateState: stateSet: [NOT_STARTED]
02-10 15:37:41.034 30145 30145 D org.thaliproject.p2p.btconnectorlib.internal.bluetooth.le.BlePeerDiscoverer: Current thread: Thread[main,5,main], id: 1
02-10 15:37:41.034 30145 30145 D org.thaliproject.p2p.btconnectorlib.internal.bluetooth.le.BlePeerDiscoverer: updateState: State changed from [NOT_STARTED] to [ADVERTISING]Current thread: Thread[main,5,main], id: 1
02-10 15:37:41.035 30145 30145 D org.thaliproject.p2p.btconnectorlib.internal.bluetooth.le.BlePeerDiscoverer: update state finished. Current thread: Thread[main,5,main], id: 1
02-10 15:37:41.035 30145 30145 I org.thaliproject.p2p.btconnectorlib.DiscoveryManager: onBlePeerDiscovererStateChanged: [NOT_STARTED] -> [ADVERTISING] Current thread: Thread[main,5,main], id: 1
02-10 15:37:41.035 30145 30145 D org.thaliproject.p2p.btconnectorlib.DiscoveryManager: updateState: Current thread: Thread[main,5,main], id: 1
02-10 15:37:41.038 30145 30145 D org.thaliproject.p2p.btconnectorlib.DiscoveryManager: updateStateInternal Current thread: Thread[main,5,main], id: 1
02-10 15:37:41.038 30145 30145 D org.thaliproject.p2p.btconnectorlib.DiscoveryManager: updateState: State: RUNNING_BLE, is discovering: false, is advertising: true
02-10 15:37:41.038 30145 30145 D org.thaliproject.p2p.btconnectorlib.DiscoveryManager: updateStateInternal finished Current thread: Thread[main,5,main], id: 1
02-10 15:37:41.038 30145 30145 D org.thaliproject.p2p.btconnectorlib.DiscoveryManager: updateState finished Current thread: Thread[main,5,main], id: 1
02-10 15:37:41.038 30145 30145 I io.jxcore.node.ConnectionHelper: onDiscoveryManagerStateChanged: State: RUNNING_BLE, is discovering: false, is advertising: true
02-10 15:37:41.539 30145 30145 V io.jxcore.node.ConnectionHelper: Notifying discovery manager state change: is discovering: false, is advertising: true
02-10 15:37:41.540 30145 30145 V io.jxcore.node.StartStopOperation: isTargetState: Connectivity: RUNNING, discovery: RUNNING_BLE, is discovering: false, is advertising: true - Start operation: Should start/stop everything
02-10 15:37:41.540 30145 30145 D io.jxcore.node.StartStopOperationHandler: processCurrentOperationStatus: Operation successfully executed
