Android device log.
  2017-02-10T12:36:34.659Z
  Device info:
  {
    "id": "ENU7N16425000206",
    "type": "device",
    "usb": "1-1",
    "product": "angler",
    "model": "Nexus_6P",
    "device": "angler"
}
================================================================================

--------- beginning of main
02-10 15:36:35.293   510  4957 D audio_hw_primary: enable_audio_route: apply and update mixer path: audio-record
--------- beginning of system
02-10 15:36:35.318   920  1703 D WifiService: acquireWifiLockLocked: WifiLock{NlpWifiLock type=2 binder=android.os.BinderProxy@4e9d17}
02-10 15:36:35.365   920  6030 D WifiService: releaseWifiLockLocked: WifiLock{NlpWifiLock type=2 binder=android.os.BinderProxy@4e9d17}
02-10 15:36:35.392 30288 30288 I HotwordWorkerImpl: onReady
02-10 15:36:35.726  4697  4697 I ServiceManager: Waiting for service AtCmdFwd...
02-10 15:36:35.739  3691  3958 W OpenGLRenderer: Incorrectly called buildLayer on View: ShortcutAndWidgetContainer, destroying layer...
02-10 15:36:36.727  4697  4697 I ServiceManager: Waiting for service AtCmdFwd...
02-10 15:36:36.735  4974  4974 D AndroidRuntime: >>>>>> START com.android.internal.os.RuntimeInit uid 2000 <<<<<<
02-10 15:36:36.742  4974  4974 D AndroidRuntime: CheckJNI is OFF
02-10 15:36:36.766  4974  4974 D ICU     : No timezone override file found: /data/misc/zoneinfo/current/icu/icu_tzdata.dat
02-10 15:36:36.797  4974  4974 I Radio-JNI: register_android_hardware_Radio DONE
02-10 15:36:36.812  4974  4974 D AndroidRuntime: Calling main entry com.android.commands.am.Am
02-10 15:36:36.818   920  3512 I ActivityManager: START u0 {flg=0x10000000 cmp=com.test.thalitest/.MainActivity} from uid 2000 on display 0
02-10 15:36:36.841 30288 30956 W SearchService: Abort, client detached.
02-10 15:36:36.849  4974  4974 D AndroidRuntime: Shutting down VM
02-10 15:36:36.850 30288 30506 I MicrophoneInputStream: mic_close com.google.android.apps.gsa.speech.audio.x@e098e0e
02-10 15:36:36.850 30288 30288 I HotwordDetector: Closing mic
02-10 15:36:36.851 30288  4955 E AudioRecord-JNI: Error -4 during AudioRecord native read
02-10 15:36:36.872   920 11719 I ActivityManager: Start proc 4983:com.test.thalitest/u0a484 for activity com.test.thalitest/.MainActivity
02-10 15:36:36.935   510  4957 D audio_hw_primary: disable_audio_route: reset and update mixer path: audio-record
02-10 15:36:36.936   510  4957 D audio_hw_primary: disable_snd_device: snd_device(61: voice-rec-mic)
02-10 15:36:36.937   920 30158 D WifiService: acquireWifiLockLocked: WifiLock{NlpWifiLock type=2 binder=android.os.BinderProxy@4e9d17}
02-10 15:36:36.941   510  4957 I soundtrigger: audio_extn_sound_trigger_update_device_status: device 0x3d of type 1 for Event 0
02-10 15:36:36.941   510  4957 D sound_trigger_platform: platform_stdev_check_and_update_concurrency: concurrency active 0, tx 0, rx 0, concurrency session_allowed 1
02-10 15:36:36.942   510  3103 I SoundTriggerHwService::Module: void android::SoundTriggerHwService::Module::onCallbackEvent(const android::sp<android::SoundTriggerHwService::CallbackEvent>&) mClient == 0
02-10 15:36:36.943 30288  4954 I MicroRecognitionRnrImpl: Detection finished
02-10 15:36:36.944 30288 30507 I MicroRecognitionRnrImpl: Stopping hotword detection.
02-10 15:36:36.951   920  3515 D WifiService: releaseWifiLockLocked: WifiLock{NlpWifiLock type=2 binder=android.os.BinderProxy@4e9d17}
02-10 15:36:36.982  4983  4983 I CordovaLog: Changing log level to DEBUG(3)
02-10 15:36:36.982  4983  4983 I CordovaActivity: Apache Cordova native platform version 6.0.0 is starting
02-10 15:36:36.982  4983  4983 D CordovaActivity: CordovaActivity.onCreate()
02-10 15:36:36.985  4983  4983 I WebViewFactory: Loading com.google.android.webview version 44.0.2403.117 (code 246011750)
02-10 15:36:37.003  4983  4983 W System  : ClassLoader referenced unknown path: /system/app/WebViewGoogle/lib/arm
02-10 15:36:37.008  4983  4983 I LibraryLoader: Time to load native libraries: 3 ms (timestamps 9264-9267)
02-10 15:36:37.008  4983  4983 I LibraryLoader: Expected native library version number "",actual native library version number ""
02-10 15:36:37.020  4983  4983 V WebViewChromiumFactoryProvider: Binding Chromium to main looper Looper (main, tid 1) {e0636a9}
02-10 15:36:37.020  4983  4983 I LibraryLoader: Expected native library version number "",actual native library version number ""
02-10 15:36:37.020  4983  4983 I chromium: [INFO:library_loader_hooks.cc(120)] Chromium logging enabled: level = 0, default verbosity = 0
02-10 15:36:37.023  4983  4983 I BrowserStartupController: Initializing chromium process, singleProcess=true
02-10 15:36:37.024  4983  4983 E SysUtils: ApplicationContext is null in ApplicationStatus
02-10 15:36:37.034  4983  4983 W chromium: [WARNING:resource_bundle.cc(285)] locale_file_path.empty()
02-10 15:36:37.042  4983  4983 E libEGL  : validate_display:255 error 3008 (EGL_BAD_DISPLAY)
02-10 15:36:37.042  4983  4983 E libEGL  : validate_display:255 error 3008 (EGL_BAD_DISPLAY)
02-10 15:36:37.042  4983  4983 I Adreno  : QUALCOMM build                   : 63c06b2, I8366cd0437
02-10 15:36:37.042  4983  4983 I Adreno  : Build Date                       : 10/21/15
02-10 15:36:37.042  4983  4983 I Adreno  : OpenGL ES Shader Compiler Version: XE031.05.13.02
02-10 15:36:37.042  4983  4983 I Adreno  : Local Branch                     : 
02-10 15:36:37.042  4983  4983 I Adreno  : Remote Branch                    : quic/LA.BF64.1.2.9_v2
02-10 15:36:37.042  4983  4983 I Adreno  : Remote Branch                    : NONE
02-10 15:36:37.042  4983  4983 I Adreno  : Reconstruct Branch               : NOTHING
02-10 15:36:37.076   920   937 D BluetoothManagerService: Added callback: android.bluetooth.IBluetoothManagerCallback$Stub$Proxy@d6f4793:true
02-10 15:36:37.107  4983  4983 W AwContents: onDetachedFromWindow called when already detached. Ignoring
02-10 15:36:37.115  4983  4983 D SystemWebViewEngine: CordovaWebView is running on device made by: Huawei
02-10 15:36:37.119  4983  4983 D PluginManager: init()
02-10 15:36:37.122  4983  4983 D CordovaWebViewImpl: >>> loadUrl(file:///android_asset/www/index.html)
02-10 15:36:37.137  4983  4983 D CordovaActivity: Started the activity.
02-10 15:36:37.137  4983  4983 D CordovaActivity: Resumed the activity.
02-10 15:36:37.144  4983  5040 D OpenGLRenderer: Use EGL_SWAP_BEHAVIOR_PRESERVED: true
02-10 15:36:37.151  4983  5017 W chromium: [WARNING:data_reduction_proxy_config.cc(423)] SPDY proxy OFF at startup
02-10 15:36:37.184  4983  5040 I OpenGLRenderer: Initialized EGL, version 1.4
02-10 15:36:37.255  4983  4983 D CordovaWebViewImpl: onPageDidNavigate(file:///android_asset/www/index.html)
02-10 15:36:37.257  4983  4983 W BindingManager: Cannot call determinedVisibility() - never saw a connection for the pid: 4983
02-10 15:36:37.258   920   938 I ActivityManager: Displayed com.test.thalitest/.MainActivity: +409ms
02-10 15:36:37.259  3525  3525 I Keyboard.Facilitator: onFinishInput()
02-10 15:36:37.306  4983  4983 D JsMessageQueue: Set native->JS mode to EvalBridgeMode
02-10 15:36:37.376  5028  5028 D AndroidRuntime: >>>>>> START com.android.internal.os.RuntimeInit uid 2000 <<<<<<
02-10 15:36:37.380  5028  5028 D AndroidRuntime: CheckJNI is OFF
02-10 15:36:37.403  5028  5028 D ICU     : No timezone override file found: /data/misc/zoneinfo/current/icu/icu_tzdata.dat
02-10 15:36:37.429  5028  5028 I Radio-JNI: register_android_hardware_Radio DONE
02-10 15:36:37.444  5028  5028 D AndroidRuntime: Calling main entry com.android.commands.pm.Pm
02-10 15:36:37.452  3878  3890 V GmsNetworkLocationProvi: onSetRequest: ProviderRequestUnbundled, reportLocation is true and interval is 86400000
02-10 15:36:37.452  5028  5028 I art     : System.exit called, status: 0
02-10 15:36:37.452  5028  5028 I AndroidRuntime: VM exiting with result code 0.
02-10 15:36:37.452  3878  3878 V GmsNetworkLocationProvi: SET-REQUEST
02-10 15:36:37.452  3878  3878 V GmsNetworkLocationProvi: in Handler: ProviderRequestUnbundled, reportLocation is true and interval is 86400000
02-10 15:36:37.458  4983  5041 D jxcore_app_log: JniHelper::setJavaVM(0xf4f7c000), pthread_self() = -566232784
02-10 15:36:37.462  4983  5041 V org.thaliproject.p2p.btconnectorlib.ConnectionManagerSettings: load: 
02-10 15:36:37.462  4983  5041 V org.thaliproject.p2p.btconnectorlib.ConnectionManagerSettings:     - Connection timeout in milliseconds: 15000
02-10 15:36:37.462  4983  5041 V org.thaliproject.p2p.btconnectorlib.ConnectionManagerSettings:     - Insecure RFCOMM socket port number: -1
02-10 15:36:37.462  4983  5041 V org.thaliproject.p2p.btconnectorlib.ConnectionManagerSettings:     - Maximum number of connection attempt retries: 0
02-10 15:36:37.462  4983  5041 V org.thaliproject.p2p.btconnectorlib.ConnectionManagerSettings:     - Handshake required: true
02-10 15:36:37.462  4983  5041 V org.thaliproject.p2p.btconnectorlib.ConnectionManagerSettings: addListener: Listener org.thaliproject.p2p.btconnectorlib.ConnectionManager@898c8b4 added. We now have 1 listener(s)
02-10 15:36:37.462  4983  5041 V org.thaliproject.p2p.btconnectorlib.DiscoveryManagerSettings: addListener: Listener org.thaliproject.p2p.btconnectorlib.ConnectionManager@898c8b4 added. We now have 1 listener(s)
02-10 15:36:37.463  4983  5041 V org.thaliproject.p2p.btconnectorlib.DiscoveryManagerSettings: load: 
02-10 15:36:37.463  4983  5041 V org.thaliproject.p2p.btconnectorlib.DiscoveryManagerSettings:     - Automate Bluetooth MAC address resolution: true
02-10 15:36:37.463  4983  5041 V org.thaliproject.p2p.btconnectorlib.DiscoveryManagerSettings:     - Provide Bluetooth MAC address timeout in milliseconds: 40000
02-10 15:36:37.463  4983  5041 V org.thaliproject.p2p.btconnectorlib.DiscoveryManagerSettings:     - Bluetooth MAC address: null
02-10 15:36:37.463  4983  5041 V org.thaliproject.p2p.btconnectorlib.DiscoveryManagerSettings:     - Discovery mode: BLE
02-10 15:36:37.463  4983  5041 V org.thaliproject.p2p.btconnectorlib.DiscoveryManagerSettings:     - Peer expiration time in milliseconds: 60000
02-10 15:36:37.463  4983  5041 V org.thaliproject.p2p.btconnectorlib.DiscoveryManagerSettings:     - Manufacturer ID: 76
02-10 15:36:37.463  4983  5041 V org.thaliproject.p2p.btconnectorlib.DiscoveryManagerSettings:     - Beacon ad length and type: 533
02-10 15:36:37.463  4983  5041 V org.thaliproject.p2p.btconnectorlib.DiscoveryManagerSettings:     - Beacon ad extra information: 256
02-10 15:36:37.463  4983  5041 V org.thaliproject.p2p.btconnectorlib.DiscoveryManagerSettings:     - Advertisement data type: DO_NOT_CARE
02-10 15:36:37.463  4983  5041 V org.thaliproject.p2p.btconnectorlib.DiscoveryManagerSettings:     - Advertise mode: 1
02-10 15:36:37.463  4983  5041 V org.thaliproject.p2p.btconnectorlib.DiscoveryManagerSettings:     - Advertise TX power level: 2
02-10 15:36:37.463  4983  5041 V org.thaliproject.p2p.btconnectorlib.DiscoveryManagerSettings:     - Scan mode: 1
02-10 15:36:37.463  4983  5041 V org.thaliproject.p2p.btconnectorlib.DiscoveryManagerSettings:     - Scan report delay in milliseconds: 500
02-10 15:36:37.464  4983  5041 I org.thaliproject.p2p.btconnectorlib.DiscoveryManagerSettings: setBluetoothMacAddress: BC:75:74:3A:BD:0F
02-10 15:36:37.465  4983  5041 D org.thaliproject.p2p.btconnectorlib.internal.AbstractBluetoothConnectivityAgent: verifyIdentityString: One or more of the following values are invalid: ", Bluetooth MAC address: "BC:75:74:3A:BD:0F"Peer extra info: "256
02-10 15:36:37.466  4983  5041 D org.thaliproject.p2p.btconnectorlib.internal.bluetooth.BluetoothConnector: BluetoothConnector: Bluetooth name: Thali_Bluetooth, service record UUID: fa87c0d0-afac-11de-8a39-0800200c9a66
02-10 15:36:37.466  4983  5041 D org.thaliproject.p2p.btconnectorlib.internal.bluetooth.BluetoothConnector: setIdentityString: 
02-10 15:36:37.467  4983  5041 V org.thaliproject.p2p.btconnectorlib.DiscoveryManagerSettings: load: Already loaded
02-10 15:36:37.467  4983  5041 V org.thaliproject.p2p.btconnectorlib.DiscoveryManagerSettings: addListener: Listener org.thaliproject.p2p.btconnectorlib.DiscoveryManager@53bc20 added. We now have 2 listener(s)
02-10 15:36:37.468  4983  5041 D org.thaliproject.p2p.btconnectorlib.utils.PeerModel: addListener: New listener added - the number of listeners is now 1
02-10 15:36:37.471  4983  5041 I org.thaliproject.p2p.btconnectorlib.DiscoveryManagerSettings: setDiscoveryMode: Discovery mode BLE is supported
02-10 15:36:37.471  4983  5041 I org.thaliproject.p2p.btconnectorlib.DiscoveryManagerSettings: setManufacturerId: 76 -> 36667
02-10 15:36:37.472  4983  5041 D org.thaliproject.p2p.btconnectorlib.DiscoveryManager: onAdvertiseScanSettingsChanged: Current thread: Thread[JavaBridge,5,main], id: 5891
02-10 15:36:37.472  4983  5041 I org.thaliproject.p2p.btconnectorlib.DiscoveryManagerSettings: setAdvertiseScanModeAndTxPowerLevel: Advertise mode: 1 -> 2
02-10 15:36:37.472  4983  5041 I org.thaliproject.p2p.btconnectorlib.DiscoveryManagerSettings: setAdvertiseScanModeAndTxPowerLevel: Advertise TX power level: 2 -> 3
02-10 15:36:37.472  4983  5041 I org.thaliproject.p2p.btconnectorlib.DiscoveryManagerSettings: setAdvertiseScanModeAndTxPowerLevel: Scan mode: 1 -> 2
02-10 15:36:37.472  4983  5041 D org.thaliproject.p2p.btconnectorlib.DiscoveryManager: onAdvertiseScanSettingsChanged: Current thread: Thread[JavaBridge,5,main], id: 5891
02-10 15:36:37.472   920  3048 D WifiService: New client listening to asynchronous messages
02-10 15:36:37.473  4983  5041 I org.thaliproject.p2p.btconnectorlib.internal.bluetooth.BluetoothManager: bind: Binding a new listener
02-10 15:36:37.474  4983  5041 I org.thaliproject.p2p.btconnectorlib.internal.bluetooth.BluetoothManager: initialize: My bluetooth address is BC:75:74:3A:BD:0F
02-10 15:36:37.477  4983  5041 V org.thaliproject.p2p.btconnectorlib.internal.bluetooth.BluetoothManager: Checking support for multiple advertisement: Storing the value (SUPPORTED) in persistent storage
02-10 15:36:37.479  4983  5041 V io.jxcore.node.ConnectivityMonitor: updateConnectivityInfo: FORCED notification:
02-10 15:36:37.479  4983  5041 V io.jxcore.node.ConnectivityMonitor:     - is Wi-Fi Direct supported: true
02-10 15:36:37.479  4983  5041 V io.jxcore.node.ConnectivityMonitor:     - is Bluetooth LE multiple advertisement supported: SUPPORTED
02-10 15:36:37.479  4983  5041 V io.jxcore.node.ConnectivityMonitor:     - is Wi-Fi enabled: true
02-10 15:36:37.479  4983  5041 V io.jxcore.node.ConnectivityMonitor:     - is Bluetooth enabled: true
02-10 15:36:37.479  4983  5041 V io.jxcore.node.ConnectivityMonitor:     - BSSID name: 70:cd:60:ff:5a:07
02-10 15:36:37.479  4983  5041 V io.jxcore.node.ConnectivityMonitor:     - SSID name: "T"
02-10 15:36:37.479  4983  5041 V io.jxcore.node.ConnectivityMonitor:     - is connected/connecting to active network: true
02-10 15:36:37.479  4983  5041 V io.jxcore.node.ConnectivityMonitor:     - active network type is Wi-Fi: true
02-10 15:36:37.479  4983  5041 D io.jxcore.node.JXcoreExtension: notifyNetworkChanged: Not registered for event "networkChanged" and will not notify, in JS call method "didRegisterToNative" with argument "networkChanged" to register
02-10 15:36:37.479  4983  5041 D io.jxcore.node.ConnectivityMonitor: start: OK
02-10 15:36:37.480  4983  5041 I io.jxcore.node.LifeCycleMonitor: start: OK
02-10 15:36:37.481  4983  4983 V io.jxcore.node.ConnectivityMonitor: updateConnectivityInfo: No relevant state changes
02-10 15:36:37.484  4983  4983 V io.jxcore.node.ConnectivityMonitor: updateConnectivityInfo: No relevant state changes
02-10 15:36:37.486  4983  4983 V io.jxcore.node.ConnectivityMonitor: updateConnectivityInfo: No relevant state changes
02-10 15:36:37.617  4983  4983 D CordovaWebViewImpl: onPageFinished(file:///android_asset/www/index.html)
02-10 15:36:37.620  4983  4983 D SystemWebChromeClient: file:///android_asset/www/js/index.js: Line 36 : Uncaught TypeError: Cannot read property 'querySelector' of null
02-10 15:36:37.620  4983  4983 I chromium: [INFO:CONSOLE(36)] "Uncaught TypeError: Cannot read property 'querySelector' of null", source: file:///android_asset/www/js/index.js (36)
02-10 15:36:37.728  4697  4697 I ServiceManager: Waiting for service AtCmdFwd...
02-10 15:36:37.843  4983  4993 I art     : Background partial concurrent mark sweep GC freed 68799(6MB) AllocSpace objects, 14(536KB) LOS objects, 38% free, 25MB/41MB, paused 2.004ms total 212.737ms
02-10 15:36:38.219  4983  5058 W jxcore-log: Initializing JXcore engine
02-10 15:36:38.219  4983  5058 W jxcore-log: JXcore engine is ready
02-10 15:36:38.239  5058  5058 W Thread-5897: type=1400 audit(0.0:17964): avc: denied { ioctl } for path="/dev/pmsg0" dev="tmpfs" ino=12556 ioctlcmd=5451 scontext=u:r:untrusted_app:s0:c512,c768 tcontext=u:object_r:pmsg_device:s0 tclass=chr_file permissive=0
02-10 15:36:38.239  5058  5058 W Thread-5897: type=1400 audit(0.0:17965): avc: denied { ioctl } for path="socket:[16393]" dev="sockfs" ino=16393 ioctlcmd=5451 scontext=u:r:untrusted_app:s0:c512,c768 tcontext=u:r:zygote:s0 tclass=unix_dgram_socket permissive=0
02-10 15:36:38.239  5058  5058 W Thread-5897: type=1400 audit(0.0:17966): avc: denied { ioctl } for path="/sys/kernel/debug/tracing/trace_marker" dev="debugfs" ino=5964 ioctlcmd=5451 scontext=u:r:untrusted_app:s0:c512,c768 tcontext=u:object_r:debugfs:s0 tclass=file permissive=0
02-10 15:36:38.239  5058  5058 W Thread-5897: type=1400 audit(0.0:17967): avc: denied { ioctl } for path="socket:[8532112]" dev="sockfs" ino=8532112 ioctlcmd=5451 scontext=u:r:untrusted_app:s0:c512,c768 tcontext=u:r:surfaceflinger:s0 tclass=unix_stream_socket permissive=0
02-10 15:36:38.252  4983  5058 W jxcore-log: Starting JXcore engine
02-10 15:36:38.300  4983  5058 W jxcore-log: Platform android
02-10 15:36:38.300  4983  5058 W jxcore-log: 
02-10 15:36:38.300  4983  5058 W jxcore-log: Process ARCH arm
02-10 15:36:38.300  4983  5058 W jxcore-log: 
02-10 15:36:38.503  4983  5058 I jxcore-log: JXcore Cordova bridge is ready!
02-10 15:36:38.503  4983  5058 I jxcore-log: 
02-10 15:36:38.503  4983  5058 W jxcore-log: JXcore engine is started
02-10 15:36:38.511  4983  5041 I org.thaliproject.p2p.ThaliPermissions: execute: REQUEST_ACCESS_COARSE_LOCATION
02-10 15:36:38.515  4983  4983 D SystemWebChromeClient: file:///android_asset/www/js/thali_main.js: Line 41 : Application has the required permission.
02-10 15:36:38.515  4983  4983 I chromium: [INFO:CONSOLE(41)] "Application has the required permission.", source: file:///android_asset/www/js/thali_main.js (41)
02-10 15:36:38.532  4983  5058 I jxcore-log: 
02-10 15:36:38.532  4983  5058 I jxcore-log: ------------------------------
02-10 15:36:38.532  4983  5058 I jxcore-log: process.jxversion = "v0.3.1.9"
02-10 15:36:38.532  4983  5058 I jxcore-log: ------------------------------
02-10 15:36:38.532  4983  5058 I jxcore-log: 
02-10 15:36:38.728  4697  4697 W Atfwd_Sendcmd: AtCmdFwd service not published, waiting... retryCnt : 3
02-10 15:36:46.926 30288  5076 W CronetSyncConnectionRcs: Upload content type not set.
02-10 15:36:48.791  4983  5058 I jxcore-log: 2017-02-10 12:36:48 - DEBUG thaliMobileNativeWrapper: 'Method peerAvailabilityChanged registered to native'
02-10 15:36:48.791  4983  5058 I jxcore-log: 
02-10 15:36:48.793  4983  5058 I jxcore-log: 2017-02-10 12:36:48 - DEBUG thaliMobileNativeWrapper: 'Method discoveryAdvertisingStateUpdateNonTCP registered to native'
02-10 15:36:48.793  4983  5058 I jxcore-log: 
02-10 15:36:48.794  4983  5058 I jxcore-log: 2017-02-10 12:36:48 - DEBUG thaliMobileNativeWrapper: 'Method multiConnectResolved registered to native'
02-10 15:36:48.794  4983  5058 I jxcore-log: 
02-10 15:36:48.798  4983  5058 V io.jxcore.node.ConnectivityMonitor: updateConnectivityInfo: FORCED notification:
02-10 15:36:48.798  4983  5058 V io.jxcore.node.ConnectivityMonitor:     - is Wi-Fi Direct supported: true
02-10 15:36:48.798  4983  5058 V io.jxcore.node.ConnectivityMonitor:     - is Bluetooth LE multiple advertisement supported: SUPPORTED
02-10 15:36:48.798  4983  5058 V io.jxcore.node.ConnectivityMonitor:     - is Wi-Fi enabled: true
02-10 15:36:48.798  4983  5058 V io.jxcore.node.ConnectivityMonitor:     - is Bluetooth enabled: true
02-10 15:36:48.798  4983  5058 V io.jxcore.node.ConnectivityMonitor:     - BSSID name: 70:cd:60:ff:5a:07
02-10 15:36:48.798  4983  5058 V io.jxcore.node.ConnectivityMonitor:     - SSID name: "T"
02-10 15:36:48.798  4983  5058 V io.jxcore.node.ConnectivityMonitor:     - is connected/connecting to active network: true
02-10 15:36:48.798  4983  5058 V io.jxcore.node.ConnectivityMonitor:     - active network type is Wi-Fi: true
02-10 15:36:48.799  4983  5058 D io.jxcore.node.JXcoreExtension: notifyNetworkChanged: BLE: ON, Bluetooth: ON, Wi-Fi: ON, cellular: DO_NOT_CARE, BSSID name: 70:cd:60:ff:5a:07, SSID name: "T"
02-10 15:36:48.802  4983  5058 I jxcore-log: 2017-02-10 12:36:48 - DEBUG thaliMobileNativeWrapper: 'Method networkChanged registered to native'
02-10 15:36:48.802  4983  5058 I jxcore-log: 
02-10 15:36:48.803  4983  5058 I jxcore-log: 2017-02-10 12:36:48 - DEBUG thaliMobileNativeWrapper: 'Method multiConnectConnectionFailure registered to native'
02-10 15:36:48.803  4983  5058 I jxcore-log: 
02-10 15:36:48.804  4983  5058 I jxcore-log: 2017-02-10 12:36:48 - DEBUG thaliMobileNativeWrapper: 'Method incomingConnectionToPortNumberFailed registered to native'
02-10 15:36:48.804  4983  5058 I jxcore-log: 
02-10 15:36:49.045  4983  5058 I jxcore-log: 2017-02-10 12:36:49 - DEBUG UnitTest_app: 'My device name is: 'Huawei-Nexus 6P''
02-10 15:36:49.045  4983  5058 I jxcore-log: 
02-10 15:36:49.045  4983  5058 I jxcore-log: 2017-02-10 12:36:49 - WARN testUtils: 'myNameCallback not set!'
02-10 15:36:49.045  4983  5058 I jxcore-log: 
02-10 15:36:51.226  4983  5058 I jxcore-log: 2017-02-10 12:36:51 - INFO runTests: 'Starting tests. Network type: BOTH. Platform: android'
02-10 15:36:51.226  4983  5058 I jxcore-log: 
02-10 15:36:51.233  4983  5058 I jxcore-log: 2017-02-10 12:36:51 - INFO testLoader: 'loading file: /data/data/com.test.thalitest/files/www/jxcore/bv_tests/testMakeIntoCloseAllServer.js'
02-10 15:36:51.233  4983  5058 I jxcore-log: 
02-10 15:36:51.248  4983  5058 I jxcore-log: 2017-02-10 12:36:51 - INFO testLoader: 'loading file: /data/data/com.test.thalitest/files/www/jxcore/bv_tests/testPouchDBCheckpointPlugin.js'
02-10 15:36:51.248  4983  5058 I jxcore-log: 
02-10 15:36:51.881  4983  5058 I jxcore-log: 2017-02-10 12:36:51 - INFO testLoader: 'loading file: /data/data/com.test.thalitest/files/www/jxcore/bv_tests/testPouchDBGenerator.js'
02-10 15:36:51.881  4983  5058 I jxcore-log: 
02-10 15:36:51.925  4983  5058 I jxcore-log: 2017-02-10 12:36:51 - INFO testLoader: 'loading file: /data/data/com.test.thalitest/files/www/jxcore/bv_tests/testPromiseQueue.js'
02-10 15:36:51.925  4983  5058 I jxcore-log: 
02-10 15:36:51.938  4983  5058 I jxcore-log: 2017-02-10 12:36:51 - INFO testLoader: 'loading file: /data/data/com.test.thalitest/files/www/jxcore/bv_tests/testTests.js'
02-10 15:36:51.938  4983  5058 I jxcore-log: 
02-10 15:36:51.942   920  4727 D NetlinkSocketObserver: NeighborEvent{elapsedMs=6150377899, 192.168.2.1, [129ADDB5B164], RTM_NEWNEIGH, NUD_REACHABLE}
02-10 15:36:51.980  4983  5058 I jxcore-log: 2017-02-10 12:36:51 - INFO testLoader: 'loading file: /data/data/com.test.thalitest/files/www/jxcore/bv_tests/testUsn.js'
02-10 15:36:51.980  4983  5058 I jxcore-log: 
02-10 15:36:52.009  4983  5058 I jxcore-log: 2017-02-10 12:36:52 - INFO testLoader: 'loading file: /data/data/com.test.thalitest/files/www/jxcore/bv_tests/testNativeMethod.js'
02-10 15:36:52.009  4983  5058 I jxcore-log: 
02-10 15:36:52.014  4983  5058 I jxcore-log: 2017-02-10 12:36:52 - INFO testLoader: 'loading file: /data/data/com.test.thalitest/files/www/jxcore/bv_tests/testThaliMobileNative.js'
02-10 15:36:52.014  4983  5058 I jxcore-log: 
02-10 15:36:52.075  4983  5058 I jxcore-log: 2017-02-10 12:36:52 - INFO testLoader: 'loading file: /data/data/com.test.thalitest/files/www/jxcore/bv_tests/testThaliMobileNativeAndroid.js'
02-10 15:36:52.075  4983  5058 I jxcore-log: 
02-10 15:36:52.082  4983  5058 I jxcore-log: 2017-02-10 12:36:52 - INFO testLoader: 'loading file: /data/data/com.test.thalitest/files/www/jxcore/bv_tests/testThaliMobileNativeiOS.js'
02-10 15:36:52.082  4983  5058 I jxcore-log: 
02-10 15:36:52.096  4983  5058 I jxcore-log: 2017-02-10 12:36:52 - INFO testLoader: 'loading file: /data/data/com.test.thalitest/files/www/jxcore/bv_tests/testThaliMobileNativeDiscoveryCoordinated.js'
02-10 15:36:52.096  4983  5058 I jxcore-log: 
02-10 15:36:52.102  4983  5058 I jxcore-log: 2017-02-10 12:36:52 - INFO testLoader: 'loading file: /data/data/com.test.thalitest/files/www/jxcore/bv_tests/testCreateNativeListener.js'
02-10 15:36:52.102  4983  5058 I jxcore-log: 
02-10 15:36:52.125  4983  5058 I jxcore-log: 2017-02-10 12:36:52 - INFO testLoader: 'loading file: /data/data/com.test.thalitest/files/www/jxcore/bv_tests/testCreatePeerListener.js'
02-10 15:36:52.125  4983  5058 I jxcore-log: 
02-10 15:36:52.133  4983  5058 I jxcore-log: 2017-02-10 12:36:52 - INFO testLoader: 'loading file: /data/data/com.test.thalitest/files/www/jxcore/bv_tests/testThaliTcpServersManager.js'
02-10 15:36:52.133  4983  5058 I jxcore-log: 
02-10 15:36:52.235  4983  5058 I jxcore-log: 2017-02-10 12:36:52 - INFO testLoader: 'loading file: /data/data/com.test.thalitest/files/www/jxcore/bv_tests/testThaliMobileNativeWrapper.js'
02-10 15:36:52.235  4983  5058 I jxcore-log: 
02-10 15:36:52.262  4983  5058 I jxcore-log: 2017-02-10 12:36:52 - INFO testLoader: 'loading file: /data/data/com.test.thalitest/files/www/jxcore/bv_tests/testThaliWifiInfrastructure.js'
02-10 15:36:52.262  4983  5058 I jxcore-log: 
02-10 15:36:52.475  4983  5058 I jxcore-log: 2017-02-10 12:36:52 - INFO testLoader: 'loading file: /data/data/com.test.thalitest/files/www/jxcore/bv_tests/testThaliMobile.js'
02-10 15:36:52.475  4983  5058 I jxcore-log: 
02-10 15:36:52.525  4983  5058 I jxcore-log: 2017-02-10 12:36:52 - INFO testLoader: 'loading file: /data/data/com.test.thalitest/files/www/jxcore/bv_tests/testThaliPeerAction.js'
02-10 15:36:52.525  4983  5058 I jxcore-log: 
02-10 15:36:52.594  4983  5058 I jxcore-log: 2017-02-10 12:36:52 - INFO testLoader: 'loading file: /data/data/com.test.thalitest/files/www/jxcore/bv_tests/testThaliPeerDictionary.js'
02-10 15:36:52.594  4983  5058 I jxcore-log: 
02-10 15:36:52.646  4983  5058 I jxcore-log: 2017-02-10 12:36:52 - INFO testLoader: 'loading file: /data/data/com.test.thalitest/files/www/jxcore/bv_tests/testThaliPeerPoolDefault.js'
02-10 15:36:52.646  4983  5058 I jxcore-log: 
02-10 15:36:52.694  4983  5058 I jxcore-log: 2017-02-10 12:36:52 - INFO testLoader: 'loading file: /data/data/com.test.thalitest/files/www/jxcore/bv_tests/testThaliPeerPoolInterface.js'
02-10 15:36:52.694  4983  5058 I jxcore-log: 
02-10 15:36:52.707  4983  5058 I jxcore-log: 2017-02-10 12:36:52 - INFO testLoader: 'loading file: /data/data/com.test.thalitest/files/www/jxcore/bv_tests/testThaliPeerPoolOneAtATime.js'
02-10 15:36:52.707  4983  5058 I jxcore-log: 
02-10 15:36:52.786  4983  5058 I jxcore-log: 2017-02-10 12:36:52 - INFO testLoader: 'loading file: /data/data/com.test.thalitest/files/www/jxcore/bv_tests/testThaliNotification.js'
02-10 15:36:52.786  4983  5058 I jxcore-log: 
02-10 15:36:52.831  4983  5058 I jxcore-log: 2017-02-10 12:36:52 - INFO testLoader: 'loading file: /data/data/com.test.thalitest/files/www/jxcore/bv_tests/testThaliNotificationAction.js'
02-10 15:36:52.831  4983  5058 I jxcore-log: 
02-10 15:36:53.729  4697  4697 I ServiceManager: Waiting for service AtCmdFwd...
02-10 15:36:53.980  4983  5058 I jxcore-log: 2017-02-10 12:36:53 - INFO testLoader: 'loading file: /data/data/com.test.thalitest/files/www/jxcore/bv_tests/testThaliNotificationBeacons.js'
02-10 15:36:53.980  4983  5058 I jxcore-log: 
02-10 15:36:54.008  4983  5058 I jxcore-log: 2017-02-10 12:36:54 - INFO testLoader: 'loading file: /data/data/com.test.thalitest/files/www/jxcore/bv_tests/testThaliNotificationClient.js'
02-10 15:36:54.008  4983  5058 I jxcore-log: 
02-10 15:36:54.017  4983  5058 I jxcore-log: 2017-02-10 12:36:54 - INFO testLoader: 'loading file: /data/data/com.test.thalitest/files/www/jxcore/bv_tests/testThaliNotificationLocal.js'
02-10 15:36:54.017  4983  5058 I jxcore-log: 
02-10 15:36:54.024  4983  5058 I jxcore-log: 2017-02-10 12:36:54 - INFO testLoader: 'loading file: /data/data/com.test.thalitest/files/www/jxcore/bv_tests/testThaliNotificationServer.js'
02-10 15:36:54.024  4983  5058 I jxcore-log: 
02-10 15:36:54.040  4983  5058 I jxcore-log: 2017-02-10 12:36:54 - INFO testLoader: 'loading file: /data/data/com.test.thalitest/files/www/jxcore/bv_tests/testThaliPullReplicationFromNotification.js'
02-10 15:36:54.040  4983  5058 I jxcore-log: 
02-10 15:36:54.067  4983  5058 I jxcore-log: 2017-02-10 12:36:54 - INFO testLoader: 'loading file: /data/data/com.test.thalitest/files/www/jxcore/bv_tests/testThaliPullReplicationFromNotificationCoordinated.js'
02-10 15:36:54.067  4983  5058 I jxcore-log: 
02-10 15:36:54.088  4983  5058 I jxcore-log: 2017-02-10 12:36:54 - INFO testLoader: 'loading file: /data/data/com.test.thalitest/files/www/jxcore/bv_tests/testThaliReplicationPeerAction.js'
02-10 15:36:54.088  4983  5058 I jxcore-log: 
02-10 15:36:54.100  4983  5058 I jxcore-log: 2017-02-10 12:36:54 - INFO testLoader: 'loading file: /data/data/com.test.thalitest/files/www/jxcore/bv_tests/testThaliReplicationPeerActionCoordinated.js'
02-10 15:36:54.100  4983  5058 I jxcore-log: 
02-10 15:36:54.110  4983  5058 I jxcore-log: 2017-02-10 12:36:54 - INFO testLoader: 'loading file: /data/data/com.test.thalitest/files/www/jxcore/bv_tests/testThaliReplicationUtilities.js'
02-10 15:36:54.110  4983  5058 I jxcore-log: 
02-10 15:36:54.123  4983  5058 I jxcore-log: 2017-02-10 12:36:54 - INFO testLoader: 'loading file: /data/data/com.test.thalitest/files/www/jxcore/bv_tests/testThaliSendNotificationBasedOnReplication.js'
02-10 15:36:54.123  4983  5058 I jxcore-log: 
02-10 15:36:54.148  4983  5058 I jxcore-log: 2017-02-10 12:36:54 - INFO testLoader: 'loading file: /data/data/com.test.thalitest/files/www/jxcore/bv_tests/testLocalSeqManager.js'
02-10 15:36:54.148  4983  5058 I jxcore-log: 
02-10 15:36:54.168  4983  5058 I jxcore-log: 2017-02-10 12:36:54 - INFO testLoader: 'loading file: /data/data/com.test.thalitest/files/www/jxcore/bv_tests/testLocalSeqManagerCoordinated.js'
02-10 15:36:54.168  4983  5058 I jxcore-log: 
02-10 15:36:54.178  4983  5058 I jxcore-log: 2017-02-10 12:36:54 - INFO testLoader: 'loading file: /data/data/com.test.thalitest/files/www/jxcore/bv_tests/testThaliManager.js'
02-10 15:36:54.178  4983  5058 I jxcore-log: 
02-10 15:36:54.297  4983  5058 I jxcore-log: 2017-02-10 12:36:54 - INFO testLoader: 'loading file: /data/data/com.test.thalitest/files/www/jxcore/bv_tests/testThaliManagerCoordinated.js'
02-10 15:36:54.297  4983  5058 I jxcore-log: 
02-10 15:36:54.342  4983  5058 I jxcore-log: 2017-02-10 12:36:54 - INFO testLoader: 'loading file: /data/data/com.test.thalitest/files/www/jxcore/bv_tests/testSSDPServer.js'
02-10 15:36:54.342  4983  5058 I jxcore-log: 
02-10 15:36:54.349  4983  5058 V io.jxcore.node.JXcoreExtension: isBleMultipleAdvertisementSupported: SUPPORTED
02-10 15:36:54.350  4983  5058 I jxcore-log: 2017-02-10 12:36:54 - INFO testUtils: 'BLE multiple advertisement supported'
02-10 15:36:54.350  4983  5058 I jxcore-log: 
02-10 15:36:54.353  4983  5058 I jxcore-log: 2017-02-10 12:36:54 - DEBUG UnitTest_app: 'Unit Test app is loaded'
02-10 15:36:54.353  4983  5058 I jxcore-log: 
02-10 15:36:54.365  4983  5058 I jxcore-log: 2017-02-10 12:36:54 - DEBUG thaliMobileNativeWrapper: 'networkChanged: {"bluetoothLowEnergy":"on","bluetooth":"on","wifi":"on","cellular":"doNotCare","bssidName":"70:cd:60:ff:5a:07","ssidName":"T"}'
02-10 15:36:54.365  4983  5058 I jxcore-log: 
02-10 15:36:54.366  4983  5058 I jxcore-log: 2017-02-10 12:36:54 - INFO thaliMobile: 'Filtered out networkChangedNonTCP (was in stopped state).'
02-10 15:36:54.366  4983  5058 I jxcore-log: 
02-10 15:36:54.376  4983  4983 D SystemWebChromeClient: file:///android_asset/www/js/thali_main.js: Line 68 : UIApp is all set and ready!
02-10 15:36:54.376  4983  4983 I chromium: [INFO:CONSOLE(68)] "UIApp is all set and ready!", source: file:///android_asset/www/js/thali_main.js (68)
02-10 15:36:54.413  4983  5058 I jxcore-log: 2017-02-10 12:36:54 - INFO CoordinatedClient: 'Connecting to coordination server on http://192.168.2.1:3000/'
02-10 15:36:54.413  4983  5058 I jxcore-log: 
02-10 15:36:54.475  4983  5058 I jxcore-log: 2017-02-10 12:36:54 - DEBUG CoordinatedClient: 'connected to the test server'
02-10 15:36:54.475  4983  5058 I jxcore-log: 
02-10 15:36:54.730  4697  4697 I ServiceManager: Waiting for service AtCmdFwd...
02-10 15:36:55.731  4697  4697 I ServiceManager: Waiting for service AtCmdFwd...
02-10 15:36:55.971  4983  5058 I jxcore-log: TAP version 13
02-10 15:36:55.971  4983  5058 I jxcore-log: 
02-10 15:36:56.018  4983  5058 I jxcore-log: # setup
02-10 15:36:56.018  4983  5058 I jxcore-log: 
02-10 15:36:56.119  4983  5058 I jxcore-log: # closeAll can close even when connections open
02-10 15:36:56.119  4983  5058 I jxcore-log: 
02-10 15:36:56.259  4983  5058 I jxcore-log: 2017-02-10 12:36:56 - DEBUG makeIntoCloseAllServer: 'closeAll called on server'
02-10 15:36:56.259  4983  5058 I jxcore-log: 
02-10 15:36:56.289  4983  5058 I jxcore-log: ok 1 not possible to connect to the server anymore
02-10 15:36:56.289  4983  5058 I jxcore-log: 
02-10 15:36:56.300  4983  5058 I jxcore-log: # teardown
02-10 15:36:56.300  4983  5058 I jxcore-log: 
02-10 15:36:56.732  4697  4697 I ServiceManager: Waiting for service AtCmdFwd...
02-10 15:36:57.582  4983  5058 I jxcore-log: # setup
02-10 15:36:57.582  4983  5058 I jxcore-log: 
02-10 15:36:57.620  4983  5058 I jxcore-log: # closeAll with promise
02-10 15:36:57.620  4983  5058 I jxcore-log: 
02-10 15:36:57.733  4697  4697 I ServiceManager: Waiting for service AtCmdFwd...
02-10 15:36:57.767  4983  5058 I jxcore-log: 2017-02-10 12:36:57 - DEBUG makeIntoCloseAllServer: 'closeAll called on server'
02-10 15:36:57.767  4983  5058 I jxcore-log: 
02-10 15:36:57.787  4983  5058 I jxcore-log: ok 2 not possible to connect to the server anymore
02-10 15:36:57.787  4983  5058 I jxcore-log: 
02-10 15:36:57.797  4983  5058 I jxcore-log: # teardown
02-10 15:36:57.797  4983  5058 I jxcore-log: 
02-10 15:36:57.828  4983  5058 I jxcore-log: # setup
02-10 15:36:57.828  4983  5058 I jxcore-log: 
02-10 15:36:57.855  4983  5058 I jxcore-log: # closeAll properly throws when closing a non open server with eatNotRunning set to false
02-10 15:36:57.855  4983  5058 I jxcore-log: 
02-10 15:36:57.980  4983  5058 I jxcore-log: 2017-02-10 12:36:57 - DEBUG makeIntoCloseAllServer: 'closeAll called on server'
02-10 15:36:57.980  4983  5058 I jxcore-log: 
02-10 15:36:57.983  4983  5058 I jxcore-log: ok 3 Got the right error
02-10 15:36:57.983  4983  5058 I jxcore-log: 
02-10 15:36:57.989  4983  5058 I jxcore-log: # teardown
02-10 15:36:57.989  4983  5058 I jxcore-log: 
02-10 15:36:58.734  4697  4697 W Atfwd_Sendcmd: AtCmdFwd service not published, waiting... retryCnt : 4
02-10 15:36:59.224  4983  5058 I jxcore-log: # setup
02-10 15:36:59.224  4983  5058 I jxcore-log: 
02-10 15:36:59.247  4983  5058 I jxcore-log: # closeAll works even with a server that is not listening yet witheatNotRunning set to true
02-10 15:36:59.247  4983  5058 I jxcore-log: 
02-10 15:36:59.378  4983  5058 I jxcore-log: 2017-02-10 12:36:59 - DEBUG makeIntoCloseAllServer: 'closeAll called on server'
02-10 15:36:59.378  4983  5058 I jxcore-log: 
02-10 15:36:59.399  4983  5058 I jxcore-log: # teardown
02-10 15:36:59.399  4983  5058 I jxcore-log: 
02-10 15:36:59.437  4983  5058 I jxcore-log: # setup
02-10 15:36:59.437  4983  5058 I jxcore-log: 
02-10 15:36:59.478  4983  5058 I jxcore-log: # Call of onCheckpointReached handler on a single db change
02-10 15:36:59.478  4983  5058 I jxcore-log: 
02-10 15:37:00.913  4983  5058 I jxcore-log: # teardown
02-10 15:37:00.913  4983  5058 I jxcore-log: 
02-10 15:37:00.951  4983  5058 I jxcore-log: # setup
02-10 15:37:00.951  4983  5058 I jxcore-log: 
02-10 15:37:01.127  4983  5058 I jxcore-log: # Call of multiple onCheckpointReached handlers on a single db change
02-10 15:37:01.127  4983  5058 I jxcore-log: 
02-10 15:37:02.559  4983  5058 I jxcore-log: # teardown
02-10 15:37:02.559  4983  5058 I jxcore-log: 
02-10 15:37:02.595  4983  5058 I jxcore-log: # setup
02-10 15:37:02.595  4983  5058 I jxcore-log: 
02-10 15:37:02.745  4983  5058 I jxcore-log: # Call of onCheckpointReached handler on multiple db changes that are in the checkpoints plugin delay interval
02-10 15:37:02.745  4983  5058 I jxcore-log: 
02-10 15:37:05.096  4983  5058 I jxcore-log: ok 4 the checkpointReached handler should be called once. Called 1 time(s)
02-10 15:37:05.096  4983  5058 I jxcore-log: 
02-10 15:37:05.110  4983  5058 I jxcore-log: # teardown
02-10 15:37:05.110  4983  5058 I jxcore-log: 
02-10 15:37:05.152  4983  5058 I jxcore-log: # setup
02-10 15:37:05.152  4983  5058 I jxcore-log: 
02-10 15:37:05.314  4983  5058 I jxcore-log: # Call of onCheckpointReached handler on multiple db changes that are out of the checkpoints plugin delay interval
02-10 15:37:05.314  4983  5058 I jxcore-log: 
02-10 15:37:06.925  4983  5058 I jxcore-log: # teardown
02-10 15:37:06.925  4983  5058 I jxcore-log: 
02-10 15:37:08.020  4983  5058 I jxcore-log: # setup
02-10 15:37:08.020  4983  5058 I jxcore-log: 
02-10 15:37:08.038  4983  5058 I jxcore-log: # test defaultDirectory
02-10 15:37:08.038  4983  5058 I jxcore-log: 
02-10 15:37:08.166  4983  5058 I jxcore-log: ok 5 should be equal
02-10 15:37:08.166  4983  5058 I jxcore-log: 
02-10 15:37:08.170  4983  5058 I jxcore-log: ok 6 should be equal
02-10 15:37:08.170  4983  5058 I jxcore-log: 
02-10 15:37:08.174  4983  5058 I jxcore-log: ok 7 should be equal
02-10 15:37:08.174  4983  5058 I jxcore-log: 
02-10 15:37:08.187  4983  5058 I jxcore-log: # teardown
02-10 15:37:08.187  4983  5058 I jxcore-log: 
02-10 15:37:08.205  4983  5058 I jxcore-log: 2017-02-10 12:37:08 - WARN pouchDBCheckpointsPlugin: 'Couldn't check db size after destroy'
02-10 15:37:08.205  4983  5058 I jxcore-log: 
02-10 15:37:09.380  4983  5058 I jxcore-log: # setup
02-10 15:37:09.380  4983  5058 I jxcore-log: 
02-10 15:37:09.398  4983  5058 I jxcore-log: # test defaultAdapter
02-10 15:37:09.398  4983  5058 I jxcore-log: 
02-10 15:37:09.419  4983  5058 I jxcore-log: ok 8 should be equal
02-10 15:37:09.419  4983  5058 I jxcore-log: 
02-10 15:37:09.419  4983  5058 I jxcore-log: ok 9 should be equal
02-10 15:37:09.419  4983  5058 I jxcore-log: 
02-10 15:37:09.422  4983  5058 I jxcore-log: ok 10 should be equal
02-10 15:37:09.422  4983  5058 I jxcore-log: 
02-10 15:37:09.425  4983  5058 I jxcore-log: ok 11 should be equal
02-10 15:37:09.425  4983  5058 I jxcore-log: 
02-10 15:37:09.429  4983  5058 I jxcore-log: ok 12 should be equal
02-10 15:37:09.429  4983  5058 I jxcore-log: 
02-10 15:37:09.430  4983  5058 I jxcore-log: ok 13 should be equal
02-10 15:37:09.430  4983  5058 I jxcore-log: 
02-10 15:37:09.437  4983  5058 I jxcore-log: ok 14 should be equal
02-10 15:37:09.437  4983  5058 I jxcore-log: 
02-10 15:37:09.438  4983  5058 I jxcore-log: ok 15 should be equal
02-10 15:37:09.438  4983  5058 I jxcore-log: 
02-10 15:37:09.447  4983  5058 I jxcore-log: # teardown
02-10 15:37:09.447  4983  5058 I jxcore-log: 
02-10 15:37:10.576  4983  5058 I jxcore-log: # setup
02-10 15:37:10.576  4983  5058 I jxcore-log: 
02-10 15:37:10.598  4983  5058 I jxcore-log: # enqueue and run in order
02-10 15:37:10.598  4983  5058 I jxcore-log: 
02-10 15:37:10.717  4983  5058 I jxcore-log: ok 16 firstPromise setTimeout
02-10 15:37:10.717  4983  5058 I jxcore-log: 
02-10 15:37:10.721  4983  5058 I jxcore-log: ok 17 firstPromise result
02-10 15:37:10.721  4983  5058 I jxcore-log: 
02-10 15:37:10.724  4983  5058 I jxcore-log: ok 18 firstPromise testValue
02-10 15:37:10.724  4983  5058 I jxcore-log: 
02-10 15:37:10.827  4983  5058 I jxcore-log: ok 19 secondPromise setTimeout
02-10 15:37:10.827  4983  5058 I jxcore-log: 
02-10 15:37:10.830  4983  5058 I jxcore-log: ok 20 secondPromise result
02-10 15:37:10.830  4983  5058 I jxcore-log: 
02-10 15:37:10.835  4983  5058 I jxcore-log: ok 21 secondPromise testValue
02-10 15:37:10.835  4983  5058 I jxcore-log: 
02-10 15:37:10.837  4983  5058 I jxcore-log: ok 22 thirdPromise in promise
02-10 15:37:10.837  4983  5058 I jxcore-log: 
02-10 15:37:10.840  4983  5058 I jxcore-log: ok 23 thirdPromise result
02-10 15:37:10.840  4983  5058 I jxcore-log: 
02-10 15:37:10.843  4983  5058 I jxcore-log: ok 24 thirdPromise testValue
02-10 15:37:10.843  4983  5058 I jxcore-log: 
02-10 15:37:10.853  4983  5058 I jxcore-log: # teardown
02-10 15:37:10.853  4983  5058 I jxcore-log: 
02-10 15:37:12.008  4983  5058 I jxcore-log: # setup
02-10 15:37:12.008  4983  5058 I jxcore-log: 
02-10 15:37:12.032  4983  5058 I jxcore-log: # enqueueAtTop and run backwards
02-10 15:37:12.032  4983  5058 I jxcore-log: 
02-10 15:37:12.062  4983  5058 I jxcore-log: ok 25 thirdPromise - first to run
02-10 15:37:12.062  4983  5058 I jxcore-log: 
02-10 15:37:12.063  4983  5058 I jxcore-log: ok 26 thirdPromise - in resolve
02-10 15:37:12.063  4983  5058 I jxcore-log: 
02-10 15:37:12.064  4983  5058 I jxcore-log: ok 27 secondPromise - second to run
02-10 15:37:12.064  4983  5058 I jxcore-log: 
02-10 15:37:12.066  4983  5058 I jxcore-log: ok 28 secondPromise - in catch
02-10 15:37:12.066  4983  5058 I jxcore-log: 
02-10 15:37:12.066  4983  5058 I jxcore-log: ok 29 firstPromise - third to run
02-10 15:37:12.066  4983  5058 I jxcore-log: 
02-10 15:37:12.067  4983  5058 I jxcore-log: ok 30 firstPromise - in then
02-10 15:37:12.067  4983  5058 I jxcore-log: 
02-10 15:37:12.068  4983  5058 I jxcore-log: ok 31 testing promises
02-10 15:37:12.068  4983  5058 I jxcore-log: 
02-10 15:37:12.077  4983  5058 I jxcore-log: # teardown
02-10 15:37:12.077  4983  5058 I jxcore-log: 
02-10 15:37:13.237  4983  5058 I jxcore-log: # setup
02-10 15:37:13.237  4983  5058 I jxcore-log: 
02-10 15:37:13.268  4983  5058 I jxcore-log: # mix enqueue and enqueueAtTop
02-10 15:37:13.268  4983  5058 I jxcore-log: 
02-10 15:37:14.357  4983  5058 I jxcore-log: ok 32 fourth
02-10 15:37:14.357  4983  5058 I jxcore-log: 
02-10 15:37:14.358  4983  5058 I jxcore-log: ok 33 fourth
02-10 15:37:14.358  4983  5058 I jxcore-log: 
02-10 15:37:14.359  4983  5058 I jxcore-log: ok 34 second
02-10 15:37:14.359  4983  5058 I jxcore-log: 
02-10 15:37:14.360  4983  5058 I jxcore-log: ok 35 secondPromise - in then
02-10 15:37:14.360  4983  5058 I jxcore-log: 
02-10 15:37:14.464  4983  5058 I jxcore-log: ok 36 first
02-10 15:37:14.464  4983  5058 I jxcore-log: 
02-10 15:37:14.466  4983  5058 I jxcore-log: ok 37 firstPromise - in catch
02-10 15:37:14.466  4983  5058 I jxcore-log: 
02-10 15:37:14.467  4983  5058 I jxcore-log: ok 38 third
02-10 15:37:14.467  4983  5058 I jxcore-log: 
02-10 15:37:14.469  4983  5058 I jxcore-log: ok 39 thirdPromise - in then
02-10 15:37:14.469  4983  5058 I jxcore-log: 
02-10 15:37:14.470  4983  5058 I jxcore-log: ok 40 testingPromises
02-10 15:37:14.470  4983  5058 I jxcore-log: 
02-10 15:37:14.484  4983  5058 I jxcore-log: # teardown
02-10 15:37:14.484  4983  5058 I jxcore-log: 
02-10 15:37:14.519  4983  5058 I jxcore-log: # setup
02-10 15:37:14.519  4983  5058 I jxcore-log: 
02-10 15:37:14.632  4983  5058 I jxcore-log: # queues handled independently
02-10 15:37:14.632  4983  5058 I jxcore-log: 
02-10 15:37:14.688  4983  5058 I jxcore-log: ok 41 all short operations completed before the long resolves
02-10 15:37:14.688  4983  5058 I jxcore-log: 
02-10 15:37:14.693  4983  5058 I jxcore-log: # teardown
02-10 15:37:14.693  4983  5058 I jxcore-log: 
02-10 15:37:15.793  4983  5058 I jxcore-log: # setup
02-10 15:37:15.793  4983  5058 I jxcore-log: 
02-10 15:37:15.817  4983  5058 I jxcore-log: # basic
02-10 15:37:15.817  4983  5058 I jxcore-log: 
02-10 15:37:15.840  4983  5058 I jxcore-log: ok 42 sane
02-10 15:37:15.840  4983  5058 I jxcore-log: 
02-10 15:37:15.850  4983  5058 I jxcore-log: # teardown
02-10 15:37:15.850  4983  5058 I jxcore-log: 
02-10 15:37:17.032  4983  5058 I jxcore-log: # setup
02-10 15:37:17.032  4983  5058 I jxcore-log: 
02-10 15:37:17.062  4983  5058 I jxcore-log: # another
02-10 15:37:17.062  4983  5058 I jxcore-log: 
02-10 15:37:17.078  4983  5058 I jxcore-log: ok 43 sane
02-10 15:37:17.078  4983  5058 I jxcore-log: 
02-10 15:37:17.084  4983  5058 I jxcore-log: # teardown
02-10 15:37:17.084  4983  5058 I jxcore-log: 
02-10 15:37:18.247  4983  5058 I jxcore-log: # setup
02-10 15:37:18.247  4983  5058 I jxcore-log: 
02-10 15:37:18.267  4983  5058 I jxcore-log: # can pass data in setup
02-10 15:37:18.267  4983  5058 I jxcore-log: 
02-10 15:37:18.298  4983  5058 I jxcore-log: ok 44 test participant has uuid
02-10 15:37:18.298  4983  5058 I jxcore-log: 
02-10 15:37:18.298  4983  5058 I jxcore-log: ok 45 participant data matches
02-10 15:37:18.298  4983  5058 I jxcore-log: 
02-10 15:37:18.299  4983  5058 I jxcore-log: ok 46 test participant has uuid
02-10 15:37:18.299  4983  5058 I jxcore-log: 
02-10 15:37:18.299  4983  5058 I jxcore-log: ok 47 participant data matches
02-10 15:37:18.299  4983  5058 I jxcore-log: 
02-10 15:37:18.299  4983  5058 I jxcore-log: ok 48 test participant has uuid
02-10 15:37:18.299  4983  5058 I jxcore-log: 
02-10 15:37:18.299  4983  5058 I jxcore-log: ok 49 participant data matches
02-10 15:37:18.299  4983  5058 I jxcore-log: 
02-10 15:37:18.300  4983  5058 I jxcore-log: ok 50 own UUID is found from the participants list
02-10 15:37:18.300  4983  5058 I jxcore-log: 
02-10 15:37:18.309  4983  5058 I jxcore-log: # teardown
02-10 15:37:18.309  4983  5058 I jxcore-log: 
02-10 15:37:18.735  4697  4697 I ServiceManager: Waiting for service AtCmdFwd...
02-10 15:37:19.483  4983  5058 I jxcore-log: # setup
02-10 15:37:19.483  4983  5058 I jxcore-log: 
02-10 15:37:19.514  4983  5058 I jxcore-log: # Correctly parses/stringifies USN
02-10 15:37:19.514  4983  5058 I jxcore-log: 
02-10 15:37:19.736  4697  4697 I ServiceManager: Waiting for service AtCmdFwd...
02-10 15:37:20.714  4983  5058 I jxcore-log: ok 51 correctly parses USN string
02-10 15:37:20.714  4983  5058 I jxcore-log: 
02-10 15:37:20.717  4983  5058 I jxcore-log: ok 52 throws if usn has invalid prefix
02-10 15:37:20.717  4983  5058 I jxcore-log: 
02-10 15:37:20.719  4983  5058 I jxcore-log: ok 53 throws if usn has invalid identifier format
02-10 15:37:20.719  4983  5058 I jxcore-log: 
02-10 15:37:20.721  4983  5058 I jxcore-log: ok 54 throws if usn has invalid generation
02-10 15:37:20.721  4983  5058 I jxcore-log: 
02-10 15:37:20.723  4983  5058 I jxcore-log: ok 55 correctly stringifies peer
02-10 15:37:20.723  4983  5058 I jxcore-log: 
02-10 15:37:20.733  4983  5058 I jxcore-log: # teardown
02-10 15:37:20.733  4983  5058 I jxcore-log: 
02-10 15:37:20.737  4697  4697 I ServiceManager: Waiting for service AtCmdFwd...
02-10 15:37:21.738  4697  4697 I ServiceManager: Waiting for service AtCmdFwd...
02-10 15:37:21.836  4983  5058 I jxcore-log: # setup
02-10 15:37:21.836  4983  5058 I jxcore-log: 
02-10 15:37:21.858  4983  5058 I jxcore-log: # onPeerLost calls jxcore
02-10 15:37:21.858  4983  5058 I jxcore-log: 
02-10 15:37:22.740  4697  4697 I ServiceManager: Waiting for service AtCmdFwd...
02-10 15:37:23.061  4983  5058 V org.thaliproject.p2p.btconnectorlib.ConnectionManagerSettings: load: Already loaded
02-10 15:37:23.062  4983  5058 V org.thaliproject.p2p.btconnectorlib.ConnectionManagerSettings: addListener: Listener org.thaliproject.p2p.btconnectorlib.ConnectionManager@d900849 added. We now have 2 listener(s)
02-10 15:37:23.062  4983  5058 V org.thaliproject.p2p.btconnectorlib.DiscoveryManagerSettings: addListener: Listener org.thaliproject.p2p.btconnectorlib.ConnectionManager@d900849 added. We now have 3 listener(s)
02-10 15:37:23.062  4983  5058 V org.thaliproject.p2p.btconnectorlib.DiscoveryManagerSettings: load: Already loaded
02-10 15:37:23.065  4983  5058 D org.thaliproject.p2p.btconnectorlib.internal.AbstractBluetoothConnectivityAgent: verifyIdentityString: One or more of the following values are invalid: ", Bluetooth MAC address: "BC:75:74:3A:BD:0F"Peer extra info: "256
02-10 15:37:23.065  4983  5058 D org.thaliproject.p2p.btconnectorlib.internal.bluetooth.BluetoothConnector: BluetoothConnector: Bluetooth name: Thali_Bluetooth, service record UUID: fa87c0d0-afac-11de-8a39-0800200c9a66
02-10 15:37:23.066  4983  5058 D org.thaliproject.p2p.btconnectorlib.internal.bluetooth.BluetoothConnector: setIdentityString: 
02-10 15:37:23.066  4983  5058 V org.thaliproject.p2p.btconnectorlib.DiscoveryManagerSettings: load: Already loaded
02-10 15:37:23.066  4983  5058 V org.thaliproject.p2p.btconnectorlib.DiscoveryManagerSettings: addListener: Listener org.thaliproject.p2p.btconnectorlib.DiscoveryManager@a4ff54e added. We now have 4 listener(s)
02-10 15:37:23.066  4983  5058 D org.thaliproject.p2p.btconnectorlib.utils.PeerModel: addListener: New listener added - the number of listeners is now 1
02-10 15:37:23.068  4983  5058 I org.thaliproject.p2p.btconnectorlib.DiscoveryManagerSettings: setDiscoveryMode: Discovery mode BLE is supported
02-10 15:37:23.073  4983  5058 I io.jxcore.node.ConnectionHelper: onPeerLost: [11:22:33:22:11:00]
02-10 15:37:23.073  4983  5058 D io.jxcore.node.ConnectionModel: hasConnection: No connection with peer with ID 11:22:33:22:11:00
02-10 15:37:23.079  4983  5058 I jxcore-log: ok 56 onPeerLost
02-10 15:37:23.079  4983  5058 I jxcore-log: 
02-10 15:37:23.082  4983  5058 I jxcore-log: ok 57 There should be exactly one peer
02-10 15:37:23.082  4983  5058 I jxcore-log: 
