02-10 15:37:42.317  4983  4983 D org.thaliproject.p2p.btconnectorlib.internal.bluetooth.le.BleScanner: onBatchScanResults: results count  = 7. Current thread: Thread[main,5,main], id: 1
02-10 15:37:42.318  4983  4983 D org.thaliproject.p2p.btconnectorlib.internal.bluetooth.le.BlePeerDiscoverer: checkScanResult: ScanResult{mDevice=72:7A:83:37:40:B9, mScanRecord=ScanRecord [mAdvertiseFlags=-1, mServiceUuids=[03f8b3b7-b244-4a2e-8897-ff42889af18d], mManufacturerSpecificData={}, mServiceData={0000b3b7-0000-1000-8000-00805f9b34fb=[3, -68, 117, 116, 58, -68, -8]}, mTxPowerLevel=-2147483648, mDeviceName=null], mRssi=-76, mTimestampNanos=6150423319056115}
02-10 15:37:42.319  4983  4983 D org.thaliproject.p2p.btconnectorlib.internal.bluetooth.le.BlePeerDiscoverer: checkScanResult: parsedAdvertisement: [UUID = null, bluetoothMacAddress = BC:75:74:3A:BC:F8, provideBluetoothMacAddressRequestId = nullextra info = 3]
02-10 15:37:42.320  4983  4983 V org.thaliproject.p2p.btconnectorlib.internal.bluetooth.le.BlePeerDiscoverer: checkScanResult: Resolved advertisement type: ADVERTISEMENT_PEER_PROPERTIES
02-10 15:37:42.321  4983  4983 D org.thaliproject.p2p.btconnectorlib.internal.bluetooth.le.PeerAdvertisementFactory: Parsed advertisment: [UUID = 03f8b3b7-b244-4a2e-8897-ff42889af18d, bluetoothMacAddress = BC:75:74:3A:BC:F8, provideBluetoothMacAddressRequestId = nullextra info = 3]
02-10 15:37:42.321  4983  4983 D org.thaliproject.p2p.btconnectorlib.internal.bluetooth.le.BlePeerDiscoverer: checkScanResult onPeerDiscovered [BC:75:74:3A:BC:F8 3]
02-10 15:37:42.322  4983  4983 D org.thaliproject.p2p.btconnectorlib.internal.bluetooth.le.BlePeerDiscoverer: checkScanResult: ScanResult{mDevice=24:00:BA:F9:9A:9F, mScanRecord=ScanRecord [mAdvertiseFlags=-1, mServiceUuids=[03f8b3b7-b244-4a2e-8897-ff42889af18d], mManufacturerSpecificData={}, mServiceData={0000b3b7-0000-1000-8000-00805f9b34fb=[2, 36, 0, -70, -7, -102, -97]}, mTxPowerLevel=-2147483648, mDeviceName=null], mRssi=-59, mTimestampNanos=6150423819056115}
02-10 15:37:42.322  4983  4983 D org.thaliproject.p2p.btconnectorlib.internal.bluetooth.le.BlePeerDiscoverer: checkScanResult: parsedAdvertisement: [UUID = null, bluetoothMacAddress = 24:00:BA:F9:9A:9F, provideBluetoothMacAddressRequestId = nullextra info = 2]
02-10 15:37:42.322  4983  4983 V org.thaliproject.p2p.btconnectorlib.internal.bluetooth.le.BlePeerDiscoverer: checkScanResult: Resolved advertisement type: ADVERTISEMENT_PEER_PROPERTIES
02-10 15:37:42.322  4983  4983 D org.thaliproject.p2p.btconnectorlib.internal.bluetooth.le.PeerAdvertisementFactory: Parsed advertisment: [UUID = 03f8b3b7-b244-4a2e-8897-ff42889af18d, bluetoothMacAddress = 24:00:BA:F9:9A:9F, provideBluetoothMacAddressRequestId = nullextra info = 2]
02-10 15:37:42.322  4983  4983 D org.thaliproject.p2p.btconnectorlib.internal.bluetooth.le.BlePeerDiscoverer: checkScanResult onPeerDiscovered [24:00:BA:F9:9A:9F 2]
02-10 15:37:42.323  4983  4983 D org.thaliproject.p2p.btconnectorlib.internal.bluetooth.le.BlePeerDiscoverer: checkScanResult: ScanResult{mDevice=24:00:BA:F9:9A:9F, mScanRecord=ScanRecord [mAdvertiseFlags=-1, mServiceUuids=[03f8b3b7-b244-4a2e-8897-ff42889af18d], mManufacturerSpecificData={}, mServiceData={0000b3b7-0000-1000-8000-00805f9b34fb=[3, 36, 0, -70, -7, -102, -97]}, mTxPowerLevel=-2147483648, mDeviceName=null], mRssi=-59, mTimestampNanos=6150424319056115}
02-10 15:37:42.323  4983  4983 D org.thaliproject.p2p.btconnectorlib.internal.bluetooth.le.BlePeerDiscoverer: checkScanResult: parsedAdvertisement: [UUID = null, bluetoothMacAddress = 24:00:BA:F9:9A:9F, provideBluetoothMacAddressRequestId = nullextra info = 3]
02-10 15:37:42.323  4983  4983 V org.thaliproject.p2p.btconnectorlib.internal.bluetooth.le.BlePeerDiscoverer: checkScanResult: Resolved advertisement type: ADVERTISEMENT_PEER_PROPERTIES
02-10 15:37:42.323  4983  4983 D org.thaliproject.p2p.btconnectorlib.internal.bluetooth.le.PeerAdvertisementFactory: Parsed advertisment: [UUID = 03f8b3b7-b244-4a2e-8897-ff42889af18d, bluetoothMacAddress = 24:00:BA:F9:9A:9F, provideBluetoothMacAddressRequestId = nullextra info = 3]
02-10 15:37:42.323  4983  4983 D org.thaliproject.p2p.btconnectorlib.internal.bluetooth.le.BlePeerDiscoverer: checkScanResult onPeerDiscovered [24:00:BA:F9:9A:9F 3]
02-10 15:37:42.324  4983  4983 D org.thaliproject.p2p.btconnectorlib.internal.bluetooth.le.BlePeerDiscoverer: checkScanResult: ScanResult{mDevice=28:F0:76:03:57:D9, mScanRecord=ScanRecord [mAdvertiseFlags=6, mServiceUuids=null, mManufacturerSpecificData={76=[16, 2, 11, 0]}, mServiceData={}, mTxPowerLevel=-2147483648, mDeviceName=null], mRssi=-93, mTimestampNanos=6150425169056115}
02-10 15:37:42.324  4983  4983 D org.thaliproject.p2p.btconnectorlib.internal.bluetooth.le.BlePeerDiscoverer: checkScanResult: ScanResult{mDevice=56:CC:6D:36:34:8A, mScanRecord=ScanRecord [mAdvertiseFlags=6, mServiceUuids=null, mManufacturerSpecificData={76=[12, 14, 0, 22, -108, -64, 99, 75, 118, -15, 108, 15, -124, 34, 3, -98]}, mServiceData={}, mTxPowerLevel=-2147483648, mDeviceName=null], mRssi=-93, mTimestampNanos=6150425169056115}
02-10 15:37:42.324  4983  4983 D org.thaliproject.p2p.btconnectorlib.internal.bluetooth.le.BlePeerDiscoverer: checkScanResult: ScanResult{mDevice=24:00:BA:F9:9A:9F, mScanRecord=ScanRecord [mAdvertiseFlags=-1, mServiceUuids=[03f8b3b7-b244-4a2e-8897-ff42889af18d], mManufacturerSpecificData={}, mServiceData={0000b3b7-0000-1000-8000-00805f9b34fb=[3, 36, 0, -70, -7, -102, -97]}, mTxPowerLevel=-2147483648, mDeviceName=null], mRssi=-59, mTimestampNanos=6150425169056115}
02-10 15:37:42.325  4983  4983 D org.thaliproject.p2p.btconnectorlib.internal.bluetooth.le.BlePeerDiscoverer: checkScanResult: parsedAdvertisement: [UUID = null, bluetoothMacAddress = 24:00:BA:F9:9A:9F, provideBluetoothMacAddressRequestId = nullextra info = 3]
02-10 15:37:42.325  4983  4983 V org.thaliproject.p2p.btconnectorlib.internal.bluetooth.le.BlePeerDiscoverer: checkScanResult: Resolved advertisement type: ADVERTISEMENT_PEER_PROPERTIES
02-10 15:37:42.325  4983  4983 D org.thaliproject.p2p.btconnectorlib.internal.bluetooth.le.PeerAdvertisementFactory: Parsed advertisment: [UUID = 03f8b3b7-b244-4a2e-8897-ff42889af18d, bluetoothMacAddress = 24:00:BA:F9:9A:9F, provideBluetoothMacAddressRequestId = nullextra info = 3]
02-10 15:37:42.325  4983  4983 D org.thaliproject.p2p.btconnectorlib.internal.bluetooth.le.BlePeerDiscoverer: checkScanResult onPeerDiscovered [24:00:BA:F9:9A:9F 3]
02-10 15:37:42.325  4983  4983 D org.thaliproject.p2p.btconnectorlib.internal.bluetooth.le.BlePeerDiscoverer: checkScanResult: ScanResult{mDevice=BC:75:74:3A:BC:F8, mScanRecord=ScanRecord [mAdvertiseFlags=-1, mServiceUuids=[03f8b3b7-b244-4a2e-8897-ff42889af18d], mManufacturerSpecificData={}, mServiceData={0000b3b7-0000-1000-8000-00805f9b34fb=[3, -68, 117, 116, 58, -68, -8]}, mTxPowerLevel=-2147483648, mDeviceName=null], mRssi=-75, mTimestampNanos=6150425219056115}
02-10 15:37:42.325  4983  4983 D org.thaliproject.p2p.btconnectorlib.internal.bluetooth.le.BlePeerDiscoverer: checkScanResult: parsedAdvertisement: [UUID = null, bluetoothMacAddress = BC:75:74:3A:BC:F8, provideBluetoothMacAddressRequestId = nullextra info = 3]
02-10 15:37:42.326  4983  4983 V org.thaliproject.p2p.btconnectorlib.internal.bluetooth.le.BlePeerDiscoverer: checkScanResult: Resolved advertisement type: ADVERTISEMENT_PEER_PROPERTIES
02-10 15:37:42.326  4983  4983 D org.thaliproject.p2p.btconnectorlib.internal.bluetooth.le.PeerAdvertisementFactory: Parsed advertisment: [UUID = 03f8b3b7-b244-4a2e-8897-ff42889af18d, bluetoothMacAddress = BC:75:74:3A:BC:F8, provideBluetoothMacAddressRequestId = nullextra info = 3]
02-10 15:37:42.326  4983  4983 D org.thaliproject.p2p.btconnectorlib.internal.bluetooth.le.BlePeerDiscoverer: checkScanResult onPeerDiscovered [BC:75:74:3A:BC:F8 3]
02-10 15:37:42.326  4983  4983 D org.thaliproject.p2p.btconnectorlib.DiscoveryManager: onPeerDiscovered: [BC:75:74:3A:BC:F8 3]
02-10 15:37:42.326  4983  4983 V org.thaliproject.p2p.btconnectorlib.utils.PeerModel: addOrUpdateDiscoveredPeer: [BC:75:74:3A:BC:F8 3]
02-10 15:37:42.326  4983  4983 D org.thaliproject.p2p.btconnectorlib.utils.PeerModel: Want to call onPeerAdded. Listeners size = 1
02-10 15:37:42.326  4983  4983 D org.thaliproject.p2p.btconnectorlib.DiscoveryManager: onPeerAdded: [BC:75:74:3A:BC:F8 3]
02-10 15:37:42.327  4983  4983 V org.thaliproject.p2p.btconnectorlib.utils.PeerModel: addOrUpdateDiscoveredPeer: New peer, [BC:75:74:3A:BC:F8 3], added - the peer count is 1
02-10 15:37:42.328  4983  4983 D org.thaliproject.p2p.btconnectorlib.DiscoveryManager: onPeerDiscovered: [24:00:BA:F9:9A:9F 2]
02-10 15:37:42.328  4983  4983 V org.thaliproject.p2p.btconnectorlib.utils.PeerModel: addOrUpdateDiscoveredPeer: [24:00:BA:F9:9A:9F 2]
02-10 15:37:42.328  4983  4983 D org.thaliproject.p2p.btconnectorlib.utils.PeerModel: Want to call onPeerAdded. Listeners size = 1
02-10 15:37:42.328  4983  4983 D org.thaliproject.p2p.btconnectorlib.DiscoveryManager: onPeerAdded: [24:00:BA:F9:9A:9F 2]
02-10 15:37:42.328  4983  4983 V org.thaliproject.p2p.btconnectorlib.utils.PeerModel: addOrUpdateDiscoveredPeer: New peer, [24:00:BA:F9:9A:9F 2], added - the peer count is 2
02-10 15:37:42.328  4983  4983 D org.thaliproject.p2p.btconnectorlib.DiscoveryManager: onPeerDiscovered: [24:00:BA:F9:9A:9F 3]
02-10 15:37:42.328  4983  4983 V org.thaliproject.p2p.btconnectorlib.utils.PeerModel: addOrUpdateDiscoveredPeer: [24:00:BA:F9:9A:9F 3]
02-10 15:37:42.329  4983  4983 D org.thaliproject.p2p.btconnectorlib.utils.PeerModel: has more info: false,  extra info differs: true
02-10 15:37:42.329  4983  4983 D org.thaliproject.p2p.btconnectorlib.utils.PeerModel: Want to call onPeerUpdated. Listeners size = 1
02-10 15:37:42.329  4983  4983 D org.thaliproject.p2p.btconnectorlib.DiscoveryManager: onPeerUpdated: [24:00:BA:F9:9A:9F 3]
02-10 15:37:42.329  4983  4983 V org.thaliproject.p2p.btconnectorlib.utils.PeerModel: addOrUpdateDiscoveredPeer: Timestamp of peer [24:00:BA:F9:9A:9F 3] updated - the peer count is 2
02-10 15:37:42.329  4983  4983 D org.thaliproject.p2p.btconnectorlib.DiscoveryManager: onPeerDiscovered: [24:00:BA:F9:9A:9F 3]
02-10 15:37:42.330  4983  4983 V org.thaliproject.p2p.btconnectorlib.utils.PeerModel: addOrUpdateDiscoveredPeer: [24:00:BA:F9:9A:9F 3]
02-10 15:37:42.330  4983  4983 D org.thaliproject.p2p.btconnectorlib.utils.PeerModel: has more info: false,  extra info differs: false
02-10 15:37:42.330  4983  4983 V org.thaliproject.p2p.btconnectorlib.utils.PeerModel: addOrUpdateDiscoveredPeer: Timestamp of peer [24:00:BA:F9:9A:9F 3] updated - the peer count is 2
02-10 15:37:42.330  4983  4983 D org.thaliproject.p2p.btconnectorlib.DiscoveryManager: onPeerDiscovered: [BC:75:74:3A:BC:F8 3]
02-10 15:37:42.330  4983  4983 V org.thaliproject.p2p.btconnectorlib.utils.PeerModel: addOrUpdateDiscoveredPeer: [BC:75:74:3A:BC:F8 3]
02-10 15:37:42.330  4983  4983 D org.thaliproject.p2p.btconnectorlib.utils.PeerModel: has more info: false,  extra info differs: false
02-10 15:37:42.330  4983  4983 V org.thaliproject.p2p.btconnectorlib.utils.PeerModel: addOrUpdateDiscoveredPeer: Timestamp of peer [BC:75:74:3A:BC:F8 3] updated - the peer count is 2
02-10 15:37:42.330  4983  4983 I io.jxcore.node.ConnectionHelper: onPeerDiscovered: [BC:75:74:3A:BC:F8 3], Bluetooth address: BC:75:74:3A:BC:F8, device name: 'null', device address: 'null'
02-10 15:37:42.331  4983  4983 I io.jxcore.node.ConnectionHelper: onPeerDiscovered: [24:00:BA:F9:9A:9F 2], Bluetooth address: 24:00:BA:F9:9A:9F, device name: 'null', device address: 'null'
02-10 15:37:42.331  4983  4983 I io.jxcore.node.ConnectionHelper: onPeerUpdated: [24:00:BA:F9:9A:9F 3], device name: 'null', device address: 'null'
02-10 15:37:42.333  4983  5058 I jxcore-log: ok 92 peers must be an array
02-10 15:37:42.333  4983  5058 I jxcore-log: 
02-10 15:37:42.333  4983  5058 I jxcore-log: ok 93 peers must not be zero-length
02-10 15:37:42.333  4983  5058 I jxcore-log: 
02-10 15:37:42.336  4983  5058 I jxcore-log: ok 94 peer must have only peerIdentifier, peerAvailable and generation properties
02-10 15:37:42.336  4983  5058 I jxcore-log: 
02-10 15:37:42.337  4983  5058 I jxcore-log: ok 95 peerIdentifier must be a string
02-10 15:37:42.337  4983  5058 I jxcore-log: 
02-10 15:37:42.337  4983  5058 I jxcore-log: ok 96 generation must be a number
02-10 15:37:42.337  4983  5058 I jxcore-log: 
02-10 15:37:42.345  4983  5058 I jxcore-log: # teardown
02-10 15:37:42.345  4983  5058 I jxcore-log: 
02-10 15:37:43.637  4983  5058 D io.jxcore.node.JXcoreExtension: stopListeningForAdvertisements
02-10 15:37:43.637  4983  5058 I io.jxcore.node.ConnectionHelper: stop: Stopping only listening for advertisements
02-10 15:37:43.637  4983  5058 V io.jxcore.node.StartStopOperation: isTargetState: Connectivity: RUNNING, discovery: RUNNING_BLE, is discovering: true, is advertising: true - Stop operation: Should affect listening to advertisements only
02-10 15:37:43.638  4983  5058 V io.jxcore.node.StartStopOperationHandler: executeCurrentOperation: Executing: Stop operation: Should affect listening to advertisements only
02-10 15:37:43.638  4983  5058 I org.thaliproject.p2p.btconnectorlib.DiscoveryManager: stopDiscovery
02-10 15:37:43.638  4983  5058 D org.thaliproject.p2p.btconnectorlib.internal.bluetooth.le.BlePeerDiscoverer: stopScanner: Current thread: Thread[Thread-5897,5,main], id: 5897
02-10 15:37:43.638  4983  5058 I org.thaliproject.p2p.btconnectorlib.internal.bluetooth.le.BlePeerDiscoverer: stopScanner: Stopping...
02-10 15:37:43.638  4983  5058 D org.thaliproject.p2p.btconnectorlib.internal.bluetooth.le.BleScanner: stop, Current thread: Thread[Thread-5897,5,main], id: 5897
02-10 15:37:43.641  4983  5058 D BluetoothAdapter: STATE_ON
02-10 15:37:43.643 13286 13321 D BtGatt.GattService: flushPendingBatchResults - clientIf=6, isServer=false
02-10 15:37:43.644  4983  5058 D org.thaliproject.p2p.btconnectorlib.internal.bluetooth.le.BleScanner: stop: scan results are flushed 
02-10 15:37:43.644 13286 13305 D BtGatt.ScanManager: flushPendingBatchResults - clientIf = 6
02-10 15:37:43.645  4983  5058 D BluetoothAdapter: STATE_ON
02-10 15:37:43.646 13286 13314 D BtGatt.GattService: stopScan() - queue size =1
02-10 15:37:43.647 13286 19044 D BtGatt.GattService: unregisterClient() - clientIf=6
02-10 15:37:43.648  4983  5058 D org.thaliproject.p2p.btconnectorlib.internal.bluetooth.le.BleScanner: stop: Stopped
02-10 15:37:43.648  4983  5058 D org.thaliproject.p2p.btconnectorlib.internal.bluetooth.le.BleScanner: set state: Current thread: Thread[Thread-5897,5,main], id: 5897
02-10 15:37:43.648  4983  5058 D org.thaliproject.p2p.btconnectorlib.internal.bluetooth.le.BleScanner: setState: State changed from RUNNING to NOT_STARTED
02-10 15:37:43.649  4983  5058 D org.thaliproject.p2p.btconnectorlib.internal.bluetooth.le.BleScanner: notifyScannerStateChanged: started =  false. Current thread: Thread[Thread-5897,5,main], id: 5897
02-10 15:37:43.649  4983  5058 D org.thaliproject.p2p.btconnectorlib.internal.bluetooth.le.BleScanner: stop finished, Current thread: Thread[Thread-5897,5,main], id: 5897
02-10 15:37:43.649  4983  4983 I org.thaliproject.p2p.btconnectorlib.internal.bluetooth.le.BlePeerDiscoverer: onIsScannerStartedChanged: falseCurrent thread: Thread[main,5,main], id: 1
02-10 15:37:43.649  4983  4983 D org.thaliproject.p2p.btconnectorlib.internal.bluetooth.le.BlePeerDiscoverer: updateState : Current thread: Thread[main,5,main], id: 1
02-10 15:37:43.649  4983  4983 D org.thaliproject.p2p.btconnectorlib.internal.bluetooth.le.BlePeerDiscoverer: updateState: deducedStateSet: [ADVERTISING]
02-10 15:37:43.649  4983  4983 D org.thaliproject.p2p.btconnectorlib.internal.bluetooth.le.BlePeerDiscoverer: updateState: stateSet: [SCANNING, ADVERTISING]
02-10 15:37:43.649  4983  4983 D org.thaliproject.p2p.btconnectorlib.internal.bluetooth.le.BlePeerDiscoverer: Current thread: Thread[main,5,main], id: 1
02-10 15:37:43.650  4983  4983 D org.thaliproject.p2p.btconnectorlib.internal.bluetooth.le.BlePeerDiscoverer: updateState: State changed from [SCANNING, ADVERTISING] to [ADVERTISING]Current thread: Thread[main,5,main], id: 1
02-10 15:37:43.650  4983  4983 D org.thaliproject.p2p.btconnectorlib.internal.bluetooth.le.BlePeerDiscoverer: update state finished. Current thread: Thread[main,5,main], id: 1
02-10 15:37:43.650  4983  4983 I org.thaliproject.p2p.btconnectorlib.DiscoveryManager: onBlePeerDiscovererStateChanged: [SCANNING, ADVERTISING] -> [ADVERTISING] Current thread: Thread[main,5,main], id: 1
02-10 15:37:43.650  4983  4983 D org.thaliproject.p2p.btconnectorlib.DiscoveryManager: updateState: Current thread: Thread[main,5,main], id: 1
02-10 15:37:43.655 13286 13286 D BtGatt.ScanManager: awakened up at time 6150429612
02-10 15:37:43.657  4983  4983 D org.thaliproject.p2p.btconnectorlib.DiscoveryManager: updateStateInternal Current thread: Thread[main,5,main], id: 1
02-10 15:37:43.657  4983  4983 D org.thaliproject.p2p.btconnectorlib.DiscoveryManager: updateState: State: RUNNING_BLE, is discovering: false, is advertising: true
02-10 15:37:43.657  4983  4983 D org.thaliproject.p2p.btconnectorlib.DiscoveryManager: updateStateInternal finished Current thread: Thread[main,5,main], id: 1
02-10 15:37:43.657  4983  4983 D org.thaliproject.p2p.btconnectorlib.DiscoveryManager: updateState finished Current thread: Thread[main,5,main], id: 1
02-10 15:37:43.657  4983  4983 I io.jxcore.node.ConnectionHelper: onDiscoveryManagerStateChanged: State: RUNNING_BLE, is discovering: false, is advertising: true
02-10 15:37:43.663 13286 13302 D BtGatt.GattService: onBatchScanReports() - clientIf=6, status=0, reportType=2, numRecords=4
02-10 15:37:43.663 13286 13302 D BtGatt.ScanManager: callback done for clientIf - 6 status - 0
02-10 15:37:43.663 13286 13302 D BtGatt.GattService: current time is 6150429621294239
02-10 15:37:43.663 13286 13302 D BtGatt.GattService: Batch record : [-97, -102, -7, -70, 0, 36, 0, -128, -56, 1, 0, 29, 17, 7, -115, -15, -102, -120, 66, -1, -105, -120, 46, 74, 68, -78, -73, -77, -8, 3, 10, 22, -73, -77, 3, 36, 0, -70, -7, -102, -97, 0, -118, 52, 54, 109, -52, 86, 1, -128, -94, 10, 0, 23, 2, 1, 6, 19, -1, 76, 0, 12, 14, 0, 22, -108, -64, 99, 75, 118, -15, 108, 15, -124, 34, 3, -98, 0, -39, 87, 3, 118, -16, 40, 0, -128, -92, 6, 0, 11, 2, 1, 6, 7, -1, 76, 0, 16, 2, 11, 0, 0, -8, -68, 58, 116, 117, -68, 0, -128, -75, 1, 0, 29, 17, 7, -115, -15, -102, -120, 66, -1, -105, -120, 46, 74, 68, -78, -73, -77, -8, 3, 10, 22, -73, -77, 3, -68, 117, 116, 58, -68, -8, 0]
02-10 15:37:43.664 13286 13302 D BtGatt.GattService: ScanRecord : [17, 7, -115, -15, -102, -120, 66, -1, -105, -120, 46, 74, 68, -78, -73, -77, -8, 3, 10, 22, -73, -77, 3, 36, 0, -70, -7, -102, -97]
02-10 15:37:43.664 13286 13302 D BtGatt.GattService: ScanRecord : [2, 1, 6, 19, -1, 76, 0, 12, 14, 0, 22, -108, -64, 99, 75, 118, -15, 108, 15, -124, 34, 3, -98]
02-10 15:37:43.664 13286 13302 D BtGatt.GattService: ScanRecord : [2, 1, 6, 7, -1, 76, 0, 16, 2, 11, 0]
02-10 15:37:43.664 13286 13302 D BtGatt.GattService: ScanRecord : [17, 7, -115, -15, -102, -120, 66, -1, -105, -120, 46, 74, 68, -78, -73, -77, -8, 3, 10, 22, -73, -77, 3, -68, 117, 116, 58, -68, -8]
02-10 15:37:43.664 13286 13302 E BtGatt.ContextMap: Context not found for ID 6
02-10 15:37:43.670 13286 13302 D BtGatt.GattService: onScanFilterParamsConfigured() - clientIf=6, status=0, action=1, availableSpace=32
02-10 15:37:43.670 13286 13302 D BtGatt.ScanManager: callback done for clientIf - 6 status - 0
02-10 15:37:43.670 13286 13305 D BtGatt.ScanManager: stopping BLe Batch
02-10 15:37:43.675 13286 13302 D BtGatt.GattService: onBatchScanStartStopped() - clientIf=6, status=0, startStopAction=0
02-10 15:37:43.675 13286 13302 D BtGatt.ScanManager: callback done for clientIf - 6 status - 0
02-10 15:37:43.675 13286 13305 D BtGatt.ScanManager: flushPendingBatchResults - clientIf = 6
02-10 15:37:43.680 13286 13302 D BtGatt.GattService: onBatchScanReports() - clientIf=6, status=0, reportType=2, numRecords=0
02-10 15:37:43.680 13286 13302 D BtGatt.ScanManager: callback done for clientIf - 6 status - 0
02-10 15:37:44.158  4983  4983 V io.jxcore.node.ConnectionHelper: Notifying discovery manager state change: is discovering: false, is advertising: true
02-10 15:37:44.159  4983  4983 V io.jxcore.node.StartStopOperation: isTargetState: Connectivity: RUNNING, discovery: RUNNING_BLE, is discovering: false, is advertising: true - Stop operation: Should affect listening to advertisements only
02-10 15:37:44.159  4983  4983 D io.jxcore.node.StartStopOperationHandler: processCurrentOperationStatus: Operation successfully executed
02-10 15:37:44.163  4983  5058 I jxcore-log: ok 97 Should be able to call stopListeningForAdvertisements in teardown
02-10 15:37:44.163  4983  5058 I jxcore-log: 
02-10 15:37:44.165  4983  5058 D io.jxcore.node.JXcoreExtension: stopAdvertisingAndListening
02-10 15:37:44.165  4983  5058 I io.jxcore.node.ConnectionHelper: stop: Stopping all activities and killing connections
02-10 15:37:44.165  4983  5058 V io.jxcore.node.StartStopOperation: isTargetState: Connectivity: RUNNING, discovery: RUNNING_BLE, is discovering: false, is advertising: true - Stop operation: Should start/stop everything
02-10 15:37:44.165  4983  5058 V io.jxcore.node.StartStopOperationHandler: executeCurrentOperation: Executing: Stop operation: Should start/stop everything
02-10 15:37:44.166  4983  5058 I org.thaliproject.p2p.btconnectorlib.ConnectionManager: stopListeningForIncomingConnections
02-10 15:37:44.166  4983  5058 I org.thaliproject.p2p.btconnectorlib.internal.bluetooth.BluetoothConnector: stopListeningForIncomingConnections: Stopping...
02-10 15:37:44.166  4983  5058 D org.thaliproject.p2p.btconnectorlib.internal.bluetooth.BluetoothServerThread: shutdown
02-10 15:37:44.168  4983  5058 D org.thaliproject.p2p.btconnectorlib.internal.bluetooth.BluetoothManager: release: 2 listener(s) left
02-10 15:37:44.168  4983  5097 V org.thaliproject.p2p.btconnectorlib.internal.bluetooth.BluetoothServerThread: closeBluetoothServerSocket: Bluetooth server socket closed
02-10 15:37:44.169  4983  5097 D org.thaliproject.p2p.btconnectorlib.internal.bluetooth.BluetoothServerThread: Exiting thread
02-10 15:37:44.169  4983  5058 D org.thaliproject.p2p.btconnectorlib.ConnectionManager: updateState: mShouldBeStarted :  false, mIsServerStarted:  true
02-10 15:37:44.169  4983  5058 D org.thaliproject.p2p.btconnectorlib.ConnectionManager: setState: RUNNING -> NOT_STARTED
02-10 15:37:44.169  4983  5097 I org.thaliproject.p2p.btconnectorlib.internal.bluetooth.BluetoothConnector: onServerStopped: Was explicitly stopped: true
02-10 15:37:44.169  4983  4983 D org.thaliproject.p2p.btconnectorlib.ConnectionManager: onIsServerStartedChanged: false
02-10 15:37:44.170  4983  4983 D org.thaliproject.p2p.btconnectorlib.ConnectionManager: updateState: mShouldBeStarted :  false, mIsServerStarted:  false
02-10 15:37:44.170  4983  4983 I io.jxcore.node.ConnectionHelper: onConnectionManagerStateChanged: NOT_STARTED
02-10 15:37:44.170  4983  5058 I org.thaliproject.p2p.btconnectorlib.ConnectionManager: cancelAllConnectionAttempts
02-10 15:37:44.170  4983  5058 I org.thaliproject.p2p.btconnectorlib.DiscoveryManager: stop: Stopping peer discovery...
02-10 15:37:44.172  4983  5058 D org.thaliproject.p2p.btconnectorlib.DiscoveryManager: stopForRestart Current thread: Thread[Thread-5897,5,main], id: 5897
02-10 15:37:44.172  4983  5058 D org.thaliproject.p2p.btconnectorlib.DiscoveryManager: stopForRestart. RUNNING_BLE
02-10 15:37:44.172  4983  5058 D org.thaliproject.p2p.btconnectorlib.internal.BluetoothMacAddressResolutionHelper: stopProvideBluetoothMacAddressMode
02-10 15:37:44.173  4983  5058 D org.thaliproject.p2p.btconnectorlib.internal.bluetooth.le.BlePeerDiscoverer: stopScannerAndAdvertiser: Current thread: Thread[Thread-5897,5,main], id: 5897
02-10 15:37:44.173  4983  5058 D org.thaliproject.p2p.btconnectorlib.internal.bluetooth.le.BlePeerDiscoverer: stopPeerAddressHelperAdvertiser Current thread: Thread[Thread-5897,5,main], id: 5897
02-10 15:37:44.173  4983  5058 D org.thaliproject.p2p.btconnectorlib.internal.bluetooth.le.BlePeerDiscoverer: stopScanner: Current thread: Thread[Thread-5897,5,main], id: 5897
02-10 15:37:44.173  4983  5058 D org.thaliproject.p2p.btconnectorlib.internal.bluetooth.le.BleScanner: stop, Current thread: Thread[Thread-5897,5,main], id: 5897
02-10 15:37:44.174  4983  5058 D BluetoothAdapter: STATE_ON
02-10 15:37:44.174  4983  5058 D org.thaliproject.p2p.btconnectorlib.internal.bluetooth.le.BleScanner: stop: scan results are flushed 
02-10 15:37:44.176  4983  5058 D BluetoothAdapter: STATE_ON
02-10 15:37:44.176  4983  5058 D BluetoothLeScanner: could not find callback wrapper
02-10 15:37:44.176  4983  5058 D org.thaliproject.p2p.btconnectorlib.internal.bluetooth.le.BleScanner: stop: Stopped
02-10 15:37:44.176  4983  5058 D org.thaliproject.p2p.btconnectorlib.internal.bluetooth.le.BleScanner: set state: Current thread: Thread[Thread-5897,5,main], id: 5897
02-10 15:37:44.176  4983  5058 D org.thaliproject.p2p.btconnectorlib.internal.bluetooth.le.BleScanner: stop finished, Current thread: Thread[Thread-5897,5,main], id: 5897
02-10 15:37:44.176  4983  5058 D org.thaliproject.p2p.btconnectorlib.internal.bluetooth.le.BlePeerDiscoverer: stopAdvertiser:Current thread: Thread[Thread-5897,5,main], id: 5897
02-10 15:37:44.176  4983  5058 I org.thaliproject.p2p.btconnectorlib.internal.bluetooth.le.BlePeerDiscoverer: stopAdvertiser: Stopping...
02-10 15:37:44.177  4983  5058 D org.thaliproject.p2p.btconnectorlib.internal.bluetooth.le.BleAdvertiser: stop. Current thread: Thread[Thread-5897,5,main], id: 5897
02-10 15:37:44.178 13286 13304 D BtGatt.AdvertiseManager: message : 1
02-10 15:37:44.179 13286 13304 D BtGatt.AdvertiseManager: stop advertise for client 5
02-10 15:37:44.190 13286 13302 D BtGatt.GattService: onAdvertiseInstanceDisabled() - clientIf=5, status=0
02-10 15:37:44.190 13286 13302 D BtGatt.GattService: Client app is not null!
02-10 15:37:44.192 13286 13321 D BtGatt.GattService: unregisterClient() - clientIf=5
02-10 15:37:44.193  4983  5058 D org.thaliproject.p2p.btconnectorlib.internal.bluetooth.le.BleAdvertiser: stop: Stopped
02-10 15:37:44.193  4983  5058 D org.thaliproject.p2p.btconnectorlib.internal.bluetooth.le.BleAdvertiser: setState: current  = RUNNING, new = NOT_STARTEDCurrent thread: Thread[Thread-5897,5,main], id: 5897
02-10 15:37:44.194  4983  5058 D org.thaliproject.p2p.btconnectorlib.internal.bluetooth.le.BleAdvertiser: setState: State changed from RUNNING to NOT_STARTED
02-10 15:37:44.194  4983  5058 D org.thaliproject.p2p.btconnectorlib.internal.bluetooth.le.BleAdvertiser: notifyAdvertiserStateChanged: started =  false. Current thread: Thread[Thread-5897,5,main], id: 5897
02-10 15:37:44.194  4983  5058 D org.thaliproject.p2p.btconnectorlib.internal.bluetooth.le.BleAdvertiser: setState: finished Current thread: Thread[Thread-5897,5,main], id: 5897
02-10 15:37:44.194  4983  5058 D org.thaliproject.p2p.btconnectorlib.internal.bluetooth.le.BleAdvertiser: stop finished. Current thread: Thread[Thread-5897,5,main], id: 5897
02-10 15:37:44.195  4983  5058 D org.thaliproject.p2p.btconnectorlib.DiscoveryManager: stopBlePeerDiscoverer: Stopped
02-10 15:37:44.195  4983  5058 I org.thaliproject.p2p.btconnectorlib.internal.wifi.WifiDirectManager: release: No more listeners, de-initializing...
02-10 15:37:44.196  4983  5058 D org.thaliproject.p2p.btconnectorlib.internal.bluetooth.BluetoothManager: release: 1 listener(s) left
02-10 15:37:44.196  4983  5058 I org.thaliproject.p2p.btconnectorlib.utils.PeerModel: clear
02-10 15:37:44.197  4983  5058 D org.thaliproject.p2p.btconnectorlib.DiscoveryManager: updateState: Current thread: Thread[Thread-5897,5,main], id: 5897
02-10 15:37:44.198  4983  5058 D org.thaliproject.p2p.btconnectorlib.DiscoveryManager: updateStateInternal Current thread: Thread[Thread-5897,5,main], id: 5897
02-10 15:37:44.198  4983  5058 D org.thaliproject.p2p.btconnectorlib.DiscoveryManager: updateState: State: NOT_STARTED, is discovering: false, is advertising: false
02-10 15:37:44.198  4983  5058 D org.thaliproject.p2p.btconnectorlib.DiscoveryManager: updateStateInternal finished Current thread: Thread[Thread-5897,5,main], id: 5897
02-10 15:37:44.198  4983  5058 D org.thaliproject.p2p.btconnectorlib.DiscoveryManager: updateState finished Current thread: Thread[Thread-5897,5,main], id: 5897
02-10 15:37:44.199  4983  4983 V io.jxcore.node.StartStopOperation: isTargetState: Connectivity: NOT_STARTED, discovery: NOT_STARTED, is discovering: false, is advertising: false - Stop operation: Should start/stop everything
02-10 15:37:44.199  4983  4983 D io.jxcore.node.StartStopOperationHandler: processCurrentOperationStatus: Operation successfully executed
02-10 15:37:44.199  4983  4983 I org.thaliproject.p2p.btconnectorlib.DiscoveryManager: start: Discovery mode: BLE, start discovery: false, start advertiser: false
02-10 15:37:44.199  4983  4983 I org.thaliproject.p2p.btconnectorlib.DiscoveryManager: start: Discovery mode: BLE, start discovery: false, start advertiser: false
02-10 15:37:44.199  4983  4983 I org.thaliproject.p2p.btconnectorlib.internal.bluetooth.le.BlePeerDiscoverer: onIsAdvertiserStartedChanged: falseCurrent thread: Thread[main,5,main], id: 1
02-10 15:37:44.200  4983  4983 D org.thaliproject.p2p.btconnectorlib.internal.bluetooth.le.BlePeerDiscoverer: updateState : Current thread: Thread[main,5,main], id: 1
02-10 15:37:44.200  4983  4983 D org.thaliproject.p2p.btconnectorlib.internal.bluetooth.le.BlePeerDiscoverer: updateState: deducedStateSet: [NOT_STARTED]
02-10 15:37:44.200  4983  4983 D org.thaliproject.p2p.btconnectorlib.internal.bluetooth.le.BlePeerDiscoverer: updateState: stateSet: [ADVERTISING]
02-10 15:37:44.200  4983  4983 D org.thaliproject.p2p.btconnectorlib.internal.bluetooth.le.BlePeerDiscoverer: Current thread: Thread[main,5,main], id: 1
02-10 15:37:44.200  4983  4983 D org.thaliproject.p2p.btconnectorlib.internal.bluetooth.le.BlePeerDiscoverer: updateState: State changed from [ADVERTISING] to [NOT_STARTED]Current thread: Thread[main,5,main], id: 1
02-10 15:37:44.200  4983  4983 D org.thaliproject.p2p.btconnectorlib.internal.bluetooth.le.BlePeerDiscoverer: update state finished. Current thread: Thread[main,5,main], id: 1
02-10 15:37:44.201  4983  4983 I io.jxcore.node.ConnectionHelper: onDiscoveryManagerStateChanged: State: NOT_STARTED, is discovering: false, is advertising: false
02-10 15:37:44.201  4983  5058 I jxcore-log: 2017-02-10 12:37:44 - DEBUG thaliMobileNativeWrapper: 'discoveryAdvertisingStateUpdateNonTCP: {"discoveryActive":false,"advertisingActive":true}'
02-10 15:37:44.201  4983  5058 I jxcore-log: 
02-10 15:37:44.202  4983  5058 I jxcore-log: 2017-02-10 12:37:44 - INFO thaliMobile: 'Received state ({"discoveryActive":false,"advertisingActive":true}) did not match with target ({"started":false,"listening":false,"advertising":false,"networkType":"BOTH","startArguments":{"router":null,"pskIdToSecret":null,"networkType":null}})'
02-10 15:37:44.202  4983  5058 I jxcore-log: 
02-10 15:37:44.203  4983  5058 I jxcore-log: 2017-02-10 12:37:44 - INFO thaliMobile: 'Filtered out discoveryAdvertisingStateUpdate (was in stopped state).'
02-10 15:37:44.203  4983  5058 I jxcore-log: 
02-10 15:37:44.205  4983  5058 I jxcore-log: ok 98 Should be able to call stopAdvertisingAndListening in teardown
02-10 15:37:44.205  4983  5058 I jxcore-log: 
02-10 15:37:44.207  4983  5058 I jxcore-log: 2017-02-10 12:37:44 - DEBUG thaliMobileNativeWrapper: 'Method peerAvailabilityChanged registered to native'
02-10 15:37:44.207  4983  5058 I jxcore-log: 
02-10 15:37:44.209  4983  5058 I jxcore-log: 2017-02-10 12:37:44 - DEBUG thaliMobileNativeWrapper: 'Method discoveryAdvertisingStateUpdateNonTCP registered to native'
02-10 15:37:44.209  4983  5058 I jxcore-log: 
02-10 15:37:44.213  4983  5058 I jxcore-log: 2017-02-10 12:37:44 - DEBUG thaliMobileNativeWrapper: 'Method multiConnectResolved registered to native'
02-10 15:37:44.213  4983  5058 I jxcore-log: 
02-10 15:37:44.218  4983  5058 V io.jxcore.node.ConnectivityMonitor: updateConnectivityInfo: FORCED notification:
02-10 15:37:44.218  4983  5058 V io.jxcore.node.ConnectivityMonitor:     - is Wi-Fi Direct supported: true
02-10 15:37:44.218  4983  5058 V io.jxcore.node.ConnectivityMonitor:     - is Bluetooth LE multiple advertisement supported: SUPPORTED
02-10 15:37:44.218  4983  5058 V io.jxcore.node.ConnectivityMonitor:     - is Wi-Fi enabled: true
02-10 15:37:44.218  4983  5058 V io.jxcore.node.ConnectivityMonitor:     - is Bluetooth enabled: true
02-10 15:37:44.218  4983  5058 V io.jxcore.node.ConnectivityMonitor:     - BSSID name: 70:cd:60:ff:5a:07
02-10 15:37:44.218  4983  5058 V io.jxcore.node.ConnectivityMonitor:     - SSID name: "T"
02-10 15:37:44.218  4983  5058 V io.jxcore.node.ConnectivityMonitor:     - is connected/connecting to active network: true
02-10 15:37:44.218  4983  5058 V io.jxcore.node.ConnectivityMonitor:     - active network type is Wi-Fi: true
02-10 15:37:44.220  4983  5058 D io.jxcore.node.JXcoreExtension: notifyNetworkChanged: BLE: ON, Bluetooth: ON, Wi-Fi: ON, cellular: DO_NOT_CARE, BSSID name: 70:cd:60:ff:5a:07, SSID name: "T"
02-10 15:37:44.222  4983  5058 I jxcore-log: 2017-02-10 12:37:44 - DEBUG thaliMobileNativeWrapper: 'Method networkChanged registered to native'
02-10 15:37:44.222  4983  5058 I jxcore-log: 
02-10 15:37:44.224  4983  5058 I jxcore-log: 2017-02-10 12:37:44 - DEBUG thaliMobileNativeWrapper: 'Method multiConnectConnectionFailure registered to native'
02-10 15:37:44.224  4983  5058 I jxcore-log: 
02-10 15:37:44.225  4983  5058 I jxcore-log: 2017-02-10 12:37:44 - DEBUG thaliMobileNativeWrapper: 'Method incomingConnectionToPortNumberFailed registered to native'
02-10 15:37:44.225  4983  5058 I jxcore-log: 
02-10 15:37:44.230  4983  5058 I jxcore-log: # setup
02-10 15:37:44.230  4983  5058 I jxcore-log: 
02-10 15:37:44.233  4983  5058 I jxcore-log: 2017-02-10 12:37:44 - DEBUG thaliMobileNativeWrapper: 'networkChanged: {"bluetoothLowEnergy":"on","bluetooth":"on","wifi":"on","cellular":"doNotCare","bssidName":"70:cd:60:ff:5a:07","ssidName":"T"}'
02-10 15:37:44.233  4983  5058 I jxcore-log: 
02-10 15:37:44.234  4983  5058 I jxcore-log: 2017-02-10 12:37:44 - INFO thaliMobile: 'Filtered out networkChangedNonTCP (was in stopped state).'
02-10 15:37:44.234  4983  5058 I jxcore-log: 
02-10 15:37:44.255  4983  5058 I jxcore-log: # Can connect to a remote peer
02-10 15:37:44.255  4983  5058 I jxcore-log: 
02-10 15:37:44.277  4983  5058 D io.jxcore.node.JXcoreExtension: startUpdateAdvertisingAndListening
02-10 15:37:44.280  4983  5058 I io.jxcore.node.ConnectionHelper: start: Port number: 45631, start advertisements: true
02-10 15:37:44.280  4983  5058 V io.jxcore.node.ConnectivityMonitor: start: Already started
02-10 15:37:44.280  4983  5058 I io.jxcore.node.StartStopOperationHandler: updateBeaconAdExtraInformation: New value: 4
02-10 15:37:44.280  4983  5058 I org.thaliproject.p2p.btconnectorlib.DiscoveryManagerSettings: setBeaconAdExtraInformation: 3 -> 4
02-10 15:37:44.280  4983  5058 I org.thaliproject.p2p.btconnectorlib.internal.AbstractBluetoothConnectivityAgent: clearIdentityString
02-10 15:37:44.284  4983  5058 I org.thaliproject.p2p.btconnectorlib.internal.AbstractBluetoothConnectivityAgent: verifyIdentityString: Identity string created: {"generation":4,"address":"BC:75:74:3A:BD:0F"}
02-10 15:37:44.284  4983  5058 D org.thaliproject.p2p.btconnectorlib.internal.bluetooth.BluetoothConnector: setIdentityString: {"generation":4,"address":"BC:75:74:3A:BD:0F"}
02-10 15:37:44.284  4983  5058 D org.thaliproject.p2p.btconnectorlib.DiscoveryManager: onAdvertiseScanSettingsChanged: Current thread: Thread[Thread-5897,5,main], id: 5897
02-10 15:37:44.284  4983  5058 I org.thaliproject.p2p.btconnectorlib.internal.AbstractBluetoothConnectivityAgent: clearIdentityString
02-10 15:37:44.286  4983  5058 I org.thaliproject.p2p.btconnectorlib.internal.AbstractBluetoothConnectivityAgent: verifyIdentityString: Identity string created: {"generation":4,"address":"BC:75:74:3A:BD:0F"}
02-10 15:37:44.286  4983  5058 D org.thaliproject.p2p.btconnectorlib.internal.bluetooth.BluetoothConnector: setIdentityString: {"generation":4,"address":"BC:75:74:3A:BD:0F"}
02-10 15:37:44.287  4983  5058 D org.thaliproject.p2p.btconnectorlib.DiscoveryManager: onAdvertiseScanSettingsChanged: Current thread: Thread[Thread-5897,5,main], id: 5897
02-10 15:37:44.287  4983  5058 I org.thaliproject.p2p.btconnectorlib.internal.AbstractBluetoothConnectivityAgent: clearIdentityString
02-10 15:37:44.288  4983  5058 I org.thaliproject.p2p.btconnectorlib.internal.AbstractBluetoothConnectivityAgent: verifyIdentityString: Identity string created: {"generation":4,"address":"BC:75:74:3A:BD:0F"}
02-10 15:37:44.289  4983  5058 D org.thaliproject.p2p.btconnectorlib.internal.bluetooth.BluetoothConnector: setIdentityString: {"generation":4,"address":"BC:75:74:3A:BD:0F"}
02-10 15:37:44.289  4983  5058 D org.thaliproject.p2p.btconnectorlib.DiscoveryManager: onAdvertiseScanSettingsChanged: Current thread: Thread[Thread-5897,5,main], id: 5897
02-10 15:37:44.289  4983  5058 V io.jxcore.node.StartStopOperation: isTargetState: Connectivity: NOT_STARTED, discovery: NOT_STARTED, is discovering: false, is advertising: false - Start operation: Should start/stop everything
02-10 15:37:44.289  4983  5058 V io.jxcore.node.StartStopOperationHandler: executeCurrentOperation: Executing: Start operation: Should start/stop everything
02-10 15:37:44.289  4983  5058 D org.thaliproject.p2p.btconnectorlib.ConnectionManager: startListeningForIncomingConnections
02-10 15:37:44.289  4983  5058 I org.thaliproject.p2p.btconnectorlib.internal.bluetooth.BluetoothManager: bind: Binding a new listener
02-10 15:37:44.290  4983  5058 I org.thaliproject.p2p.btconnectorlib.internal.bluetooth.BluetoothConnector: startListeningForIncomingConnections: Starting...
02-10 15:37:44.291  4983  5058 D org.thaliproject.p2p.btconnectorlib.ConnectionManager: onIsServerStartedChanged: true
02-10 15:37:44.291  4983  5099 D org.thaliproject.p2p.btconnectorlib.internal.bluetooth.BluetoothServerThread: Entering thread
02-10 15:37:44.291  4983  5058 D org.thaliproject.p2p.btconnectorlib.ConnectionManager: updateState: mShouldBeStarted :  true, mIsServerStarted:  true
02-10 15:37:44.292  4983  5058 D org.thaliproject.p2p.btconnectorlib.ConnectionManager: setState: NOT_STARTED -> RUNNING
02-10 15:37:44.292  4983  5099 W BluetoothAdapter: getBluetoothService() called with no BluetoothManagerCallback
02-10 15:37:44.292  4983  5058 I org.thaliproject.p2p.btconnectorlib.ConnectionManager: startListeningForIncomingConnections: OK
02-10 15:37:44.292  4983  5058 I org.thaliproject.p2p.btconnectorlib.DiscoveryManager: start: Discovery mode: BLE, start discovery: false, start advertiser: true
02-10 15:37:44.292  4983  5058 I org.thaliproject.p2p.btconnectorlib.internal.bluetooth.BluetoothManager: bind: Binding a new listener
02-10 15:37:44.292  4983  4983 I io.jxcore.node.ConnectionHelper: onConnectionManagerStateChanged: RUNNING
02-10 15:37:44.292  4983  5058 I org.thaliproject.p2p.btconnectorlib.internal.wifi.WifiDirectManager: bind: Binding a new listener
02-10 15:37:44.297  4983  5058 D org.thaliproject.p2p.btconnectorlib.DiscoveryManager: startBlePeerDiscoverer
02-10 15:37:44.297  4983  5058 V io.jxcore.node.ConnectionHelper: Received a request for permission "android.permission.ACCESS_COARSE_LOCATION", but we are expecting that all the required permissions have already been granted
02-10 15:37:44.297  4983  5058 V org.thaliproject.p2p.btconnectorlib.DiscoveryManager: getBlePeerDiscovererInstanceAndCheckBluetoothMacAddress: Constructing...
02-10 15:37:44.297  4983  5099 I org.thaliproject.p2p.btconnectorlib.internal.bluetooth.BluetoothServerThread: Waiting for incoming connections...
02-10 15:37:44.301  4983  5058 D org.thaliproject.p2p.btconnectorlib.internal.bluetooth.le.BleAdvertiser: setAdvertiseSettings, Current thread: Thread[Thread-5897,5,main], id: 5897
02-10 15:37:44.301  4983  5058 I org.thaliproject.p2p.btconnectorlib.internal.bluetooth.le.BleAdvertiser: setAdvertiseSettings: Mode: 2, Tx power level: 3, timeout: 0, is connectable: false
02-10 15:37:44.302  4983  5058 D org.thaliproject.p2p.btconnectorlib.internal.bluetooth.le.BleScanner: applyAdditionalMarshmallowSettings
02-10 15:37:44.302  4983  5058 I org.thaliproject.p2p.btconnectorlib.internal.bluetooth.le.BleScanner: setScanSettings: Mode: 2, report delay in milliseconds: 500, scan result type: 0
02-10 15:37:44.302  4983  5058 D org.thaliproject.p2p.btconnectorlib.internal.bluetooth.le.BlePeerDiscoverer: Beacon extra: 4
02-10 15:37:44.304  4983  5058 D org.thaliproject.p2p.btconnectorlib.internal.bluetooth.le.BlePeerDiscoverer: startAdvertiser: Current thread: Thread[Thread-5897,5,main], id: 5897
02-10 15:37:44.304  4983  5058 D org.thaliproject.p2p.btconnectorlib.internal.bluetooth.le.BlePeerDiscoverer: stopPeerAddressHelperAdvertiser Current thread: Thread[Thread-5897,5,main], id: 5897
02-10 15:37:44.304  4983  5058 I org.thaliproject.p2p.btconnectorlib.internal.bluetooth.le.BlePeerDiscoverer: startAdvertiser: Starting...
02-10 15:37:44.304  4983  5058 D org.thaliproject.p2p.btconnectorlib.internal.bluetooth.le.BlePeerDiscoverer: createAdvertiseData: createAdvertiseDataToServiceData 
02-10 15:37:44.304  4983  5058 I org.thaliproject.p2p.btconnectorlib.internal.bluetooth.le.PeerAdvertisementFactory: createAdvertiseDataToServiceData: Service UUID: "03f8b3b7-b244-4a2e-8897-ff42889af18d", Bluetooth MAC address: "BC:75:74:3A:BD:0F"
02-10 15:37:44.304  4983  5058 V org.thaliproject.p2p.btconnectorlib.internal.bluetooth.le.PeerAdvertisementFactory: createAdvertiseDataToServiceData: Service data (length is 7 bytes): 04 BC 75 74 3A BD 0F
02-10 15:37:44.304  4983  5058 V org.thaliproject.p2p.btconnectorlib.internal.bluetooth.le.PeerAdvertisementFactory: createAdvertiseDataToServiceData: Created: AdvertiseData [mServiceUuids=[03f8b3b7-b244-4a2e-8897-ff42889af18d], mManufacturerSpecificData={}, mServiceData={03f8b3b7-b244-4a2e-8897-ff42889af18d=[4, -68, 117, 116, 58, -67, 15]}, mIncludeTxPowerLevel=false, mIncludeDeviceName=false]
02-10 15:37:44.304  4983  5058 I org.thaliproject.p2p.btconnectorlib.internal.bluetooth.le.BlePeerDiscoverer: createAdvertiseData: created AdvertiseData [mServiceUuids=[03f8b3b7-b244-4a2e-8897-ff42889af18d], mManufacturerSpecificData={}, mServiceData={03f8b3b7-b244-4a2e-8897-ff42889af18d=[4, -68, 117, 116, 58, -67, 15]}, mIncludeTxPowerLevel=false, mIncludeDeviceName=false]
02-10 15:37:44.304  4983  5058 D org.thaliproject.p2p.btconnectorlib.internal.bluetooth.le.BleAdvertiser: setAdvertiseData: Current thread: Thread[Thread-5897,5,main], id: 5897
02-10 15:37:44.304  4983  5058 D org.thaliproject.p2p.btconnectorlib.internal.bluetooth.le.BleAdvertiser: setAdvertiseData: AdvertiseData [mServiceUuids=[03f8b3b7-b244-4a2e-8897-ff42889af18d], mManufacturerSpecificData={}, mServiceData={03f8b3b7-b244-4a2e-8897-ff42889af18d=[4, -68, 117, 116, 58, -67, 15]}, mIncludeTxPowerLevel=false, mIncludeDeviceName=false]. Current thread: Thread[Thread-5897,5,main], id: 5897
02-10 15:37:44.304  4983  5058 D org.thaliproject.p2p.btconnectorlib.internal.bluetooth.le.BleAdvertiser: setAdvertiseData: was started = false
02-10 15:37:44.305  4983  5058 D org.thaliproject.p2p.btconnectorlib.internal.bluetooth.le.BleAdvertiser: setAdvertiseData: advertiseData = AdvertiseData [mServiceUuids=[03f8b3b7-b244-4a2e-8897-ff42889af18d], mManufacturerSpecificData={}, mServiceData={03f8b3b7-b244-4a2e-8897-ff42889af18d=[4, -68, 117, 116, 58, -67, 15]}, mIncludeTxPowerLevel=false, mIncludeDeviceName=false]
02-10 15:37:44.305  4983  5058 D org.thaliproject.p2p.btconnectorlib.internal.bluetooth.le.BleAdvertiser: setAdvertiseData finished: Current thread: Thread[Thread-5897,5,main], id: 5897
02-10 15:37:44.305  4983  5058 D org.thaliproject.p2p.btconnectorlib.internal.bluetooth.le.BleAdvertiser: start:  state = NOT_STARTEDCurrent thread: Thread[Thread-5897,5,main], id: 5897
02-10 15:37:44.305  4983  5058 I org.thaliproject.p2p.btconnectorlib.internal.bluetooth.le.BleAdvertiser: start: Starting... advertisement data = AdvertiseData [mServiceUuids=[03f8b3b7-b244-4a2e-8897-ff42889af18d], mManufacturerSpecificData={}, mServiceData={03f8b3b7-b244-4a2e-8897-ff42889af18d=[4, -68, 117, 116, 58, -67, 15]}, mIncludeTxPowerLevel=false, mIncludeDeviceName=false], Current thread: Thread[Thread-5897,5,main], id: 5897
02-10 15:37:44.305  4983  5058 D BluetoothAdapter: STATE_ON
02-10 15:37:44.307 13286 13296 D BtGatt.GattService: registerClient() - UUID=942779dc-e469-4f44-926d-7aab682e7567
02-10 15:37:44.308 13286 13302 D BtGatt.GattService: onClientRegistered() - UUID=942779dc-e469-4f44-926d-7aab682e7567, clientIf=5
02-10 15:37:44.308  4983  4994 D BluetoothLeAdvertiser: onClientRegistered() - status=0 clientIf=5
02-10 15:37:44.310 13286 13304 D BtGatt.AdvertiseManager: message : 0
02-10 15:37:44.312 13286 13304 D BtGatt.AdvertiseManager: starting multi advertising
02-10 15:37:44.320 13286 13302 D BtGatt.GattService: onAdvertiseInstanceEnabled() - clientIf=5, status=0
02-10 15:37:44.325 13286 13302 D BtGatt.GattService: onAdvertiseDataSet() - clientIf=5, status=0
02-10 15:37:44.326  4983  5058 I org.thaliproject.p2p.btconnectorlib.internal.bluetooth.le.BleAdvertiser: start: Started advertisment Current thread: Thread[Thread-5897,5,main], id: 5897
02-10 15:37:44.326  4983  5058 D org.thaliproject.p2p.btconnectorlib.internal.bluetooth.le.BleAdvertiser: setState: current  = NOT_STARTED, new = STARTINGCurrent thread: Thread[Thread-5897,5,main], id: 5897
02-10 15:37:44.326  4983  5058 D org.thaliproject.p2p.btconnectorlib.internal.bluetooth.le.BleAdvertiser: setState: State changed from NOT_STARTED to STARTING
02-10 15:37:44.326  4983  5058 D org.thaliproject.p2p.btconnectorlib.internal.bluetooth.le.BleAdvertiser: setState: onIsAdvertiserStartedChanged default (no call to listener). Current thread: Thread[Thread-5897,5,main], id: 5897
02-10 15:37:44.326  4983  5058 D org.thaliproject.p2p.btconnectorlib.internal.bluetooth.le.BleAdvertiser: setState: finished Current thread: Thread[Thread-5897,5,main], id: 5897
02-10 15:37:44.326  4983  5058 I org.thaliproject.p2p.btconnectorlib.internal.bluetooth.le.BleAdvertiser: start: return, state = STARTINGCurrent thread: Thread[Thread-5897,5,main], id: 5897
02-10 15:37:44.326  4983  5058 D org.thaliproject.p2p.btconnectorlib.internal.bluetooth.le.BleAdvertiser: start returned: Current thread: Thread[Thread-5897,5,main], id: 5897
02-10 15:37:44.326  4983  5058 D org.thaliproject.p2p.btconnectorlib.internal.bluetooth.le.BlePeerDiscoverer: startAdvertiser started = true Current thread: Thread[Thread-5897,5,main], id: 5897
02-10 15:37:44.326  4983  5058 D org.thaliproject.p2p.btconnectorlib.DiscoveryManager: startBlePeerDiscoverer: OK
02-10 15:37:44.327  4983  5058 I org.thaliproject.p2p.btconnectorlib.DiscoveryManager: start: OK
02-10 15:37:44.327  4983  5058 D org.thaliproject.p2p.btconnectorlib.DiscoveryManager: updateState: Current thread: Thread[Thread-5897,5,main], id: 5897
02-10 15:37:44.328  4983  5058 E org.thaliproject.p2p.btconnectorlib.DiscoveryManager: seems that updateState call different BlePeerDiscoverer
02-10 15:37:44.328  4983  5058 D org.thaliproject.p2p.btconnectorlib.DiscoveryManager: updateStateInternal Current thread: Thread[Thread-5897,5,main], id: 5897
02-10 15:37:44.328  4983  5058 D org.thaliproject.p2p.btconnectorlib.DiscoveryManager: updateStateInternal finished Current thread: Thread[Thread-5897,5,main], id: 5897
02-10 15:37:44.328  4983  5058 D org.thaliproject.p2p.btconnectorlib.DiscoveryManager: updateState finished Current thread: Thread[Thread-5897,5,main], id: 5897
02-10 15:37:44.329  4983  5058 I io.jxcore.node.ConnectionHelper: start: OK
02-10 15:37:44.329  4983  4983 V io.jxcore.node.StartStopOperation: isTargetState: Connectivity: RUNNING, discovery: NOT_STARTED, is discovering: false, is advertising: false - Start operation: Should start/stop everything
02-10 15:37:44.329  4983  4983 D org.thaliproject.p2p.btconnectorlib.internal.bluetooth.le.BleAdvertiser: onStartSuccess : Current thread: Thread[main,5,main], id: 1
02-10 15:37:44.329  4983  4983 D org.thaliproject.p2p.btconnectorlib.internal.bluetooth.le.BleAdvertiser: setState: current  = STARTING, new = RUNNINGCurrent thread: Thread[main,5,main], id: 1
02-10 15:37:44.329  4983  4983 D org.thaliproject.p2p.btconnectorlib.internal.bluetooth.le.BleAdvertiser: setState: State changed from STARTING to RUNNING
02-10 15:37:44.329  4983  4983 D org.thaliproject.p2p.btconnectorlib.internal.bluetooth.le.BleAdvertiser: notifyAdvertiserStateChanged: started =  true. Current thread: Thread[main,5,main], id: 1
02-10 15:37:44.329  4983  4983 D org.thaliproject.p2p.btconnectorlib.internal.bluetooth.le.BleAdvertiser: setState: finished Current thread: Thread[main,5,main], id: 1
02-10 15:37:44.329  4983  4983 I org.thaliproject.p2p.btconnectorlib.internal.bluetooth.le.BlePeerDiscoverer: onIsAdvertiserStartedChanged: trueCurrent thread: Thread[main,5,main], id: 1
02-10 15:37:44.329  4983  4983 D org.thaliproject.p2p.btconnectorlib.internal.bluetooth.le.BlePeerDiscoverer: updateState : Current thread: Thread[main,5,main], id: 1
02-10 15:37:44.329  4983  4983 D org.thaliproject.p2p.btconnectorlib.internal.bluetooth.le.BlePeerDiscoverer: updateState: deducedStateSet: [ADVERTISING]
02-10 15:37:44.329  4983  4983 D org.thaliproject.p2p.btconnectorlib.internal.bluetooth.le.BlePeerDiscoverer: updateState: stateSet: [NOT_STARTED]
02-10 15:37:44.329  4983  4983 D org.thaliproject.p2p.btconnectorlib.internal.bluetooth.le.BlePeerDiscoverer: Current thread: Thread[main,5,main], id: 1
