02-10 15:37:47.445 24799 24857 I org.thaliproject.p2p.btconnectorlib.ConnectionManager: connect: [BC:75:74:3A:BD:0F 4]
02-10 15:37:47.447 24799 24857 I org.thaliproject.p2p.btconnectorlib.internal.bluetooth.BluetoothConnector: connect: Trying to start connecting to Nexus 6P in address BC:75:74:3A:BD:0F
02-10 15:37:47.448 24799 24857 I org.thaliproject.p2p.btconnectorlib.internal.bluetooth.BluetoothClientThread: setInsecureRfcommSocketPortNumber: Using port -1
02-10 15:37:47.448 24799 24857 I org.thaliproject.p2p.btconnectorlib.internal.bluetooth.BluetoothClientThread: setMaxNumberOfRetries: 0
02-10 15:37:47.449 24799 24857 I org.thaliproject.p2p.btconnectorlib.ConnectionManager: onConnecting: Nexus 6P BC:75:74:3A:BD:0F
02-10 15:37:47.449 24799 24857 D org.thaliproject.p2p.btconnectorlib.internal.bluetooth.BluetoothConnector: connect: Started connecting to Nexus 6P in address BC:75:74:3A:BD:0F
02-10 15:37:47.449 24799 24857 I io.jxcore.node.ConnectionHelper: connect: Connection process successfully started (peer ID: BC:75:74:3A:BD:0F)
02-10 15:37:47.450 24799 24891 I org.thaliproject.p2p.btconnectorlib.internal.bluetooth.BluetoothClientThread: Trying to connect to peer with address BC:75:74:3A:BD:0F (thread ID: 1114)
02-10 15:37:47.450 24799 24891 D org.thaliproject.p2p.btconnectorlib.internal.bluetooth.BluetoothClientThread: tryToConnect:  socketConnectSucceeded = false, mIsShuttingDown = false
02-10 15:37:47.450 24799 24891 D org.thaliproject.p2p.btconnectorlib.internal.bluetooth.BluetoothClientThread:  createSocketAndConnect: socket closed
02-10 15:37:47.450 24799 24891 D org.thaliproject.p2p.btconnectorlib.internal.bluetooth.BluetoothClientThread:  createSocketAndConnect: SYSTEM_DECIDED_INSECURE_RFCOMM_SOCKET_PORT
02-10 15:37:47.451 24799 24891 E org.thaliproject.p2p.btconnectorlib.internal.bluetooth.BluetoothClientThread:  createSocketAndConnect: connecting
02-10 15:37:47.451 24799 24891 W BluetoothAdapter: getBluetoothService() called with no BluetoothManagerCallback
02-10 15:37:47.457 24799 24857 I jxcore-log: 2017-02-10 12:37:47 - INFO testThaliMobileNative: 'Received peerAvailabilityChanged with peers: [{"peerIdentifier":"24:00:BA:F9:9A:9F","generation":3,"peerAvailable":true}]'
02-10 15:37:47.457 24799 24857 I jxcore-log: 
02-10 15:37:47.460 24799 24857 I jxcore-log: 2017-02-10 12:37:47 - INFO testThaliMobileNative: 'Received peerAvailabilityChanged with peers: [{"peerIdentifier":"24:00:BA:F9:9A:9F","generation":4,"peerAvailable":true}]'
02-10 15:37:47.460 24799 24857 I jxcore-log: 
02-10 15:37:47.912  9440  9440 D BtGatt.ScanManager: awakened up at time 2165025512
02-10 15:37:47.915  9440  9459 D BtGatt.ScanManager: flushPendingBatchResults - clientIf = 6
02-10 15:37:47.929  9440  9456 D BtGatt.GattService: onBatchScanReports() - clientIf=6, status=0, reportType=2, numRecords=0
02-10 15:37:47.929  9440  9456 D BtGatt.ScanManager: callback done for clientIf - 6 status - 0
02-10 15:37:47.930 24799 24799 D org.thaliproject.p2p.btconnectorlib.internal.bluetooth.le.BleScanner: onBatchScanResults: results count  = 0. Current thread: Thread[main,5,main], id: 1
02-10 15:37:48.191  9440  9463 W bt_btif : bta_dm_acl_change info: 0x10
02-10 15:37:48.192  9440  9456 D bt_btif_dm: remote version info [bc:75:74:3a:bd:0f]: 0, 0, 0
02-10 15:37:48.194  9440  9456 E BluetoothRemoteDevices: state12newState0
02-10 15:37:48.209 19042 19042 I BTConnectionReceiver: onReceive(context, Intent { act=android.bluetooth.device.action.ACL_CONNECTED flg=0x4000010 cmp=com.google.android.googlequicksearchbox/com.google.android.search.core.service.BluetoothConnectionReceiver (has extras) }, [BluetoothDevice: address=BC:75:74:3A:BD:0F, alias=null, name=Nexus 6P, majorDeviceClass=512, deviceClass=524]
02-10 15:37:48.211 19042 19042 I BluetoothClassifier: Bluetooth Device Name: Nexus 6P
02-10 15:37:48.277  9440  9463 W bt_sdp  : process_service_search_attr_rsp
02-10 15:37:48.432  9440  9440 D BtGatt.ScanManager: awakened up at time 2165026032
02-10 15:37:48.434  9440  9459 D BtGatt.ScanManager: flushPendingBatchResults - clientIf = 6
02-10 15:37:48.437  9440  9456 D BtGatt.GattService: onBatchScanReports() - clientIf=6, status=0, reportType=2, numRecords=0
02-10 15:37:48.437  9440  9456 D BtGatt.ScanManager: callback done for clientIf - 6 status - 0
02-10 15:37:48.439 24799 24799 D org.thaliproject.p2p.btconnectorlib.internal.bluetooth.le.BleScanner: onBatchScanResults: results count  = 0. Current thread: Thread[main,5,main], id: 1
02-10 15:37:50.880  9440  9463 E bt_btm  : tBTM_SEC_DEV:0xf3fc44c8 rs_disc_pending=0
02-10 15:37:50.880  9440  9463 W bt_btif : bta_dm_check_av:0
02-10 15:37:50.880  9440  9456 W bt_btif : btif_dm_cback : unhandled event (14)
02-10 15:37:51.198  9440  9440 D BtGatt.ScanManager: awakened up at time 2165028798
02-10 15:37:51.201  9440  9459 D BtGatt.ScanManager: flushPendingBatchResults - clientIf = 6
02-10 15:37:51.224  9440  9456 D BtGatt.GattService: onBatchScanReports() - clientIf=6, status=0, reportType=2, numRecords=10
02-10 15:37:51.224  9440  9456 D BtGatt.ScanManager: callback done for clientIf - 6 status - 0
02-10 15:37:51.224  9440  9456 D BtGatt.GattService: current time is 2165028824554259
02-10 15:37:51.225  9440  9456 D BtGatt.GattService: Batch record : [-97, -102, -7, -70, 0, 36, 0, -128, -64, 14, 0, 29, 17, 7, -115, -15, -102, -120, 66, -1, -105, -120, 46, 74, 68, -78, -73, -77, -8, 3, 10, 22, -73, -77, 4, 36, 0, -70, -7, -102, -97, 0, 15, -67, 58, 116, 117, -68, 0, -128, -77, 10, 0, 29, 17, 7, -115, -15, -102, -120, 66, -1, -105, -120, 46, 74, 68, -78, -73, -77, -8, 3, 10, 22, -73, -77, 4, -68, 117, 116, 58, -67, 15, 0, -67, -90, -97, -78, 20, 84, 1, -128, -69, 18, 0, 29, 17, 7, 9, 110, -45, -120, -12, -15, 20, -65, -33, 68, -111, -33, -83, -71, -4, -9, 10, 22, -83, -71, 14, 8, 33, -17, -126, 42, -106, 0, -103, 20, 57, 123, 93, 109, 1, -128, -62, 17, 0, 29, 17, 7, 9, 110, -45, -120, -12, -15, 20, -65, -33, 68, -111, -33, -83, -71, -4, -9, 10, 22, -83, -71, 14, -40, 91, 42, 78, 125, -6, 0, -4, 80, 24, -78, -34, 88, 1, -128, -65, 33, 0, 29, 17, 7, 9, 110, -45, -120, -12, -15, 20, -65, -33, 68, -111, -33, -83, -71, -4, -9, 10, 22, -83, -71, 13, 52, -118, 123, 117, 107, 67, 0, -4, 80, 24, -78, -34, 88, 1, -128, -65, 20, 0, 29, 17, 7, 9, 110, -45, -120, -12, -15, 20, -65, -33, 68, -111, -33, -83, -71, -4, -9, 10, 22, -83, -71, 14, 52, -118, 123, 117, 107, 67, 0, -53, 104, 49, -60, -3, 77, 1, -128, -90, 8, 0, 29, 17, 7, -115, -15, -102, -120, 66, -1, -105, -120, 46, 74, 68, -78, -73, -77, -8, 3, 10, 22, -73, -77, 4, -68, 117, 116, 58, -67, 15, 0, 15, -67, 58, 116, 117, -68, 0, -128, -90, 8, 0, 29, 17, 7, -115, -15, -102, -120, 66, -1, -105, -120, 46, 74, 68, -78, -73, -77, -8, 3, 10, 22, -73, -77, 4, -68, 117, 116, 58, -67, 15, 0, 49, -64, 70, -15, 119, 119, 1, -128, -77, 8, 0, 29, 17, 7, -115, -15, -102, -120, 66, -1, -105, -120, 46, 74, 68, -78, -73, -77, -8, 3, 10, 22, -73, -77, 4, 36, 0, -70, -7, -102, -97, 0, -97, -102, -7, -70, 0, 36, 0, -128, -77, 8, 0, 29, 17, 7, -115, -15, -102, -120, 66, -1, -105, -120, 46, 74, 68, -78, -73, -77, -8, 3, 10, 22, -73, -77, 4, 36, 0, -70, -7, -102, -97, 0]
02-10 15:37:51.225  9440  9456 D BtGatt.GattService: ScanRecord : [17, 7, -115, -15, -102, -120, 66, -1, -105, -120, 46, 74, 68, -78, -73, -77, -8, 3, 10, 22, -73, -77, 4, 36, 0, -70, -7, -102, -97]
02-10 15:37:51.225  9440  9456 D BtGatt.GattService: ScanRecord : [17, 7, -115, -15, -102, -120, 66, -1, -105, -120, 46, 74, 68, -78, -73, -77, -8, 3, 10, 22, -73, -77, 4, -68, 117, 116, 58, -67, 15]
02-10 15:37:51.225  9440  9456 D BtGatt.GattService: ScanRecord : [17, 7, 9, 110, -45, -120, -12, -15, 20, -65, -33, 68, -111, -33, -83, -71, -4, -9, 10, 22, -83, -71, 14, 8, 33, -17, -126, 42, -106]
02-10 15:37:51.225  9440  9456 D BtGatt.GattService: ScanRecord : [17, 7, 9, 110, -45, -120, -12, -15, 20, -65, -33, 68, -111, -33, -83, -71, -4, -9, 10, 22, -83, -71, 14, -40, 91, 42, 78, 125, -6]
02-10 15:37:51.226  9440  9456 D BtGatt.GattService: ScanRecord : [17, 7, 9, 110, -45, -120, -12, -15, 20, -65, -33, 68, -111, -33, -83, -71, -4, -9, 10, 22, -83, -71, 13, 52, -118, 123, 117, 107, 67]
02-10 15:37:51.226  9440  9456 D BtGatt.GattService: ScanRecord : [17, 7, 9, 110, -45, -120, -12, -15, 20, -65, -33, 68, -111, -33, -83, -71, -4, -9, 10, 22, -83, -71, 14, 52, -118, 123, 117, 107, 67]
02-10 15:37:51.226  9440  9456 D BtGatt.GattService: ScanRecord : [17, 7, -115, -15, -102, -120, 66, -1, -105, -120, 46, 74, 68, -78, -73, -77, -8, 3, 10, 22, -73, -77, 4, -68, 117, 116, 58, -67, 15]
02-10 15:37:51.226  9440  9456 D BtGatt.GattService: ScanRecord : [17, 7, -115, -15, -102, -120, 66, -1, -105, -120, 46, 74, 68, -78, -73, -77, -8, 3, 10, 22, -73, -77, 4, -68, 117, 116, 58, -67, 15]
02-10 15:37:51.226  9440  9456 D BtGatt.GattService: ScanRecord : [17, 7, -115, -15, -102, -120, 66, -1, -105, -120, 46, 74, 68, -78, -73, -77, -8, 3, 10, 22, -73, -77, 4, 36, 0, -70, -7, -102, -97]
02-10 15:37:51.226  9440  9456 D BtGatt.GattService: ScanRecord : [17, 7, -115, -15, -102, -120, 66, -1, -105, -120, 46, 74, 68, -78, -73, -77, -8, 3, 10, 22, -73, -77, 4, 36, 0, -70, -7, -102, -97]
02-10 15:37:51.227 24799 24799 D org.thaliproject.p2p.btconnectorlib.internal.bluetooth.le.BleScanner: onBatchScanResults: results count  = 10. Current thread: Thread[main,5,main], id: 1
02-10 15:37:51.228 24799 24799 D org.thaliproject.p2p.btconnectorlib.internal.bluetooth.le.BlePeerDiscoverer: checkScanResult: ScanResult{mDevice=58:DE:B2:18:50:FC, mScanRecord=ScanRecord [mAdvertiseFlags=-1, mServiceUuids=[f7fcb9ad-df91-44df-bf14-f1f488d36e09], mManufacturerSpecificData={}, mServiceData={0000b9ad-0000-1000-8000-00805f9b34fb=[13, 52, -118, 123, 117, 107, 67]}, mTxPowerLevel=-2147483648, mDeviceName=null], mRssi=-65, mTimestampNanos=2165027174974884}
02-10 15:37:51.228 24799 24799 D org.thaliproject.p2p.btconnectorlib.internal.bluetooth.le.BlePeerDiscoverer: checkScanResult: parsedAdvertisement: [UUID = null, bluetoothMacAddress = 34:8A:7B:75:6B:43, provideBluetoothMacAddressRequestId = nullextra info = 13]
02-10 15:37:51.228 24799 24799 D org.thaliproject.p2p.btconnectorlib.internal.bluetooth.le.BlePeerDiscoverer: checkScanResult: parsedAdvertisement uuid mismatch
02-10 15:37:51.228 24799 24799 D org.thaliproject.p2p.btconnectorlib.internal.bluetooth.le.BlePeerDiscoverer: checkScanResult: ScanResult{mDevice=58:DE:B2:18:50:FC, mScanRecord=ScanRecord [mAdvertiseFlags=-1, mServiceUuids=[f7fcb9ad-df91-44df-bf14-f1f488d36e09], mManufacturerSpecificData={}, mServiceData={0000b9ad-0000-1000-8000-00805f9b34fb=[14, 52, -118, 123, 117, 107, 67]}, mTxPowerLevel=-2147483648, mDeviceName=null], mRssi=-65, mTimestampNanos=2165027824974884}
02-10 15:37:51.229 24799 24799 D org.thaliproject.p2p.btconnectorlib.internal.bluetooth.le.BlePeerDiscoverer: checkScanResult: parsedAdvertisement: [UUID = null, bluetoothMacAddress = 34:8A:7B:75:6B:43, provideBluetoothMacAddressRequestId = nullextra info = 14]
02-10 15:37:51.229 24799 24799 D org.thaliproject.p2p.btconnectorlib.internal.bluetooth.le.BlePeerDiscoverer: checkScanResult: parsedAdvertisement uuid mismatch
02-10 15:37:51.229 24799 24799 D org.thaliproject.p2p.btconnectorlib.internal.bluetooth.le.BlePeerDiscoverer: checkScanResult: ScanResult{mDevice=54:14:B2:9F:A6:BD, mScanRecord=ScanRecord [mAdvertiseFlags=-1, mServiceUuids=[f7fcb9ad-df91-44df-bf14-f1f488d36e09], mManufacturerSpecificData={}, mServiceData={0000b9ad-0000-1000-8000-00805f9b34fb=[14, 8, 33, -17, -126, 42, -106]}, mTxPowerLevel=-2147483648, mDeviceName=null], mRssi=-69, mTimestampNanos=2165027924974884}
02-10 15:37:51.229 24799 24799 D org.thaliproject.p2p.btconnectorlib.internal.bluetooth.le.BlePeerDiscoverer: checkScanResult: parsedAdvertisement: [UUID = null, bluetoothMacAddress = 08:21:EF:82:2A:96, provideBluetoothMacAddressRequestId = nullextra info = 14]
02-10 15:37:51.229 24799 24799 D org.thaliproject.p2p.btconnectorlib.internal.bluetooth.le.BlePeerDiscoverer: checkScanResult: parsedAdvertisement uuid mismatch
02-10 15:37:51.229 24799 24799 D org.thaliproject.p2p.btconnectorlib.internal.bluetooth.le.BlePeerDiscoverer: checkScanResult: ScanResult{mDevice=6D:5D:7B:39:14:99, mScanRecord=ScanRecord [mAdvertiseFlags=-1, mServiceUuids=[f7fcb9ad-df91-44df-bf14-f1f488d36e09], mManufacturerSpecificData={}, mServiceData={0000b9ad-0000-1000-8000-00805f9b34fb=[14, -40, 91, 42, 78, 125, -6]}, mTxPowerLevel=-2147483648, mDeviceName=null], mRssi=-62, mTimestampNanos=2165027974974884}
02-10 15:37:51.229 24799 24799 D org.thaliproject.p2p.btconnectorlib.internal.bluetooth.le.BlePeerDiscoverer: checkScanResult: parsedAdvertisement: [UUID = null, bluetoothMacAddress = D8:5B:2A:4E:7D:FA, provideBluetoothMacAddressRequestId = nullextra info = 14]
02-10 15:37:51.229 24799 24799 D org.thaliproject.p2p.btconnectorlib.internal.bluetooth.le.BlePeerDiscoverer: checkScanResult: parsedAdvertisement uuid mismatch
02-10 15:37:51.230 24799 24799 D org.thaliproject.p2p.btconnectorlib.internal.bluetooth.le.BlePeerDiscoverer: checkScanResult: ScanResult{mDevice=24:00:BA:F9:9A:9F, mScanRecord=ScanRecord [mAdvertiseFlags=-1, mServiceUuids=[03f8b3b7-b244-4a2e-8897-ff42889af18d], mManufacturerSpecificData={}, mServiceData={0000b3b7-0000-1000-8000-00805f9b34fb=[4, 36, 0, -70, -7, -102, -97]}, mTxPowerLevel=-2147483648, mDeviceName=null], mRssi=-64, mTimestampNanos=2165028124974884}
02-10 15:37:51.230 24799 24799 D org.thaliproject.p2p.btconnectorlib.internal.bluetooth.le.BlePeerDiscoverer: checkScanResult: parsedAdvertisement: [UUID = null, bluetoothMacAddress = 24:00:BA:F9:9A:9F, provideBluetoothMacAddressRequestId = nullextra info = 4]
02-10 15:37:51.230 24799 24799 V org.thaliproject.p2p.btconnectorlib.internal.bluetooth.le.BlePeerDiscoverer: checkScanResult: Resolved advertisement type: ADVERTISEMENT_PEER_PROPERTIES
02-10 15:37:51.230 24799 24799 D org.thaliproject.p2p.btconnectorlib.internal.bluetooth.le.PeerAdvertisementFactory: Parsed advertisment: [UUID = 03f8b3b7-b244-4a2e-8897-ff42889af18d, bluetoothMacAddress = 24:00:BA:F9:9A:9F, provideBluetoothMacAddressRequestId = nullextra info = 4]
02-10 15:37:51.230 24799 24799 D org.thaliproject.p2p.btconnectorlib.internal.bluetooth.le.BlePeerDiscoverer: checkScanResult onPeerDiscovered [24:00:BA:F9:9A:9F 4]
02-10 15:37:51.230 24799 24799 D org.thaliproject.p2p.btconnectorlib.internal.bluetooth.le.BlePeerDiscoverer: checkScanResult: ScanResult{mDevice=BC:75:74:3A:BD:0F, mScanRecord=ScanRecord [mAdvertiseFlags=-1, mServiceUuids=[03f8b3b7-b244-4a2e-8897-ff42889af18d], mManufacturerSpecificData={}, mServiceData={0000b3b7-0000-1000-8000-00805f9b34fb=[4, -68, 117, 116, 58, -67, 15]}, mTxPowerLevel=-2147483648, mDeviceName=null], mRssi=-77, mTimestampNanos=2165028324974884}
02-10 15:37:51.230 24799 24799 D org.thaliproject.p2p.btconnectorlib.internal.bluetooth.le.BlePeerDiscoverer: checkScanResult: parsedAdvertisement: [UUID = null, bluetoothMacAddress = BC:75:74:3A:BD:0F, provideBluetoothMacAddressRequestId = nullextra info = 4]
02-10 15:37:51.230 24799 24799 V org.thaliproject.p2p.btconnectorlib.internal.bluetooth.le.BlePeerDiscoverer: checkScanResult: Resolved advertisement type: ADVERTISEMENT_PEER_PROPERTIES
02-10 15:37:51.230 24799 24799 D org.thaliproject.p2p.btconnectorlib.internal.bluetooth.le.PeerAdvertisementFactory: Parsed advertisment: [UUID = 03f8b3b7-b244-4a2e-8897-ff42889af18d, bluetoothMacAddress = BC:75:74:3A:BD:0F, provideBluetoothMacAddressRequestId = nullextra info = 4]
02-10 15:37:51.230 24799 24799 D org.thaliproject.p2p.btconnectorlib.internal.bluetooth.le.BlePeerDiscoverer: checkScanResult onPeerDiscovered [BC:75:74:3A:BD:0F 4]
02-10 15:37:51.231 24799 24799 D org.thaliproject.p2p.btconnectorlib.internal.bluetooth.le.BlePeerDiscoverer: checkScanResult: ScanResult{mDevice=4D:FD:C4:31:68:CB, mScanRecord=ScanRecord [mAdvertiseFlags=-1, mServiceUuids=[03f8b3b7-b244-4a2e-8897-ff42889af18d], mManufacturerSpecificData={}, mServiceData={0000b3b7-0000-1000-8000-00805f9b34fb=[4, -68, 117, 116, 58, -67, 15]}, mTxPowerLevel=-2147483648, mDeviceName=null], mRssi=-90, mTimestampNanos=2165028424974884}
02-10 15:37:51.231 24799 24799 D org.thaliproject.p2p.btconnectorlib.internal.bluetooth.le.BlePeerDiscoverer: checkScanResult: parsedAdvertisement: [UUID = null, bluetoothMacAddress = BC:75:74:3A:BD:0F, provideBluetoothMacAddressRequestId = nullextra info = 4]
02-10 15:37:51.231 24799 24799 V org.thaliproject.p2p.btconnectorlib.internal.bluetooth.le.BlePeerDiscoverer: checkScanResult: Resolved advertisement type: ADVERTISEMENT_PEER_PROPERTIES
02-10 15:37:51.231 24799 24799 D org.thaliproject.p2p.btconnectorlib.internal.bluetooth.le.PeerAdvertisementFactory: Parsed advertisment: [UUID = 03f8b3b7-b244-4a2e-8897-ff42889af18d, bluetoothMacAddress = BC:75:74:3A:BD:0F, provideBluetoothMacAddressRequestId = nullextra info = 4]
02-10 15:37:51.231 24799 24799 D org.thaliproject.p2p.btconnectorlib.internal.bluetooth.le.BlePeerDiscoverer: checkScanResult onPeerDiscovered [BC:75:74:3A:BD:0F 4]
02-10 15:37:51.231 24799 24799 D org.thaliproject.p2p.btconnectorlib.internal.bluetooth.le.BlePeerDiscoverer: checkScanResult: ScanResult{mDevice=77:77:F1:46:C0:31, mScanRecord=ScanRecord [mAdvertiseFlags=-1, mServiceUuids=[03f8b3b7-b244-4a2e-8897-ff42889af18d], mManufacturerSpecificData={}, mServiceData={0000b3b7-0000-1000-8000-00805f9b34fb=[4, 36, 0, -70, -7, -102, -97]}, mTxPowerLevel=-2147483648, mDeviceName=null], mRssi=-77, mTimestampNanos=2165028424974884}
02-10 15:37:51.231 24799 24799 D org.thaliproject.p2p.btconnectorlib.internal.bluetooth.le.BlePeerDiscoverer: checkScanResult: parsedAdvertisement: [UUID = null, bluetoothMacAddress = 24:00:BA:F9:9A:9F, provideBluetoothMacAddressRequestId = nullextra info = 4]
02-10 15:37:51.231 24799 24799 V org.thaliproject.p2p.btconnectorlib.internal.bluetooth.le.BlePeerDiscoverer: checkScanResult: Resolved advertisement type: ADVERTISEMENT_PEER_PROPERTIES
02-10 15:37:51.231 24799 24799 D org.thaliproject.p2p.btconnectorlib.internal.bluetooth.le.PeerAdvertisementFactory: Parsed advertisment: [UUID = 03f8b3b7-b244-4a2e-8897-ff42889af18d, bluetoothMacAddress = 24:00:BA:F9:9A:9F, provideBluetoothMacAddressRequestId = nullextra info = 4]
02-10 15:37:51.232 24799 24799 D org.thaliproject.p2p.btconnectorlib.internal.bluetooth.le.BlePeerDiscoverer: checkScanResult onPeerDiscovered [24:00:BA:F9:9A:9F 4]
02-10 15:37:51.232 24799 24799 D org.thaliproject.p2p.btconnectorlib.internal.bluetooth.le.BlePeerDiscoverer: checkScanResult: ScanResult{mDevice=BC:75:74:3A:BD:0F, mScanRecord=ScanRecord [mAdvertiseFlags=-1, mServiceUuids=[03f8b3b7-b244-4a2e-8897-ff42889af18d], mManufacturerSpecificData={}, mServiceData={0000b3b7-0000-1000-8000-00805f9b34fb=[4, -68, 117, 116, 58, -67, 15]}, mTxPowerLevel=-2147483648, mDeviceName=null], mRssi=-90, mTimestampNanos=2165028424974884}
02-10 15:37:51.232 24799 24799 D org.thaliproject.p2p.btconnectorlib.internal.bluetooth.le.BlePeerDiscoverer: checkScanResult: parsedAdvertisement: [UUID = null, bluetoothMacAddress = BC:75:74:3A:BD:0F, provideBluetoothMacAddressRequestId = nullextra info = 4]
02-10 15:37:51.232 24799 24799 V org.thaliproject.p2p.btconnectorlib.internal.bluetooth.le.BlePeerDiscoverer: checkScanResult: Resolved advertisement type: ADVERTISEMENT_PEER_PROPERTIES
02-10 15:37:51.232 24799 24799 D org.thaliproject.p2p.btconnectorlib.internal.bluetooth.le.PeerAdvertisementFactory: Parsed advertisment: [UUID = 03f8b3b7-b244-4a2e-8897-ff42889af18d, bluetoothMacAddress = BC:75:74:3A:BD:0F, provideBluetoothMacAddressRequestId = nullextra info = 4]
02-10 15:37:51.232 24799 24799 D org.thaliproject.p2p.btconnectorlib.internal.bluetooth.le.BlePeerDiscoverer: checkScanResult onPeerDiscovered [BC:75:74:3A:BD:0F 4]
02-10 15:37:51.232 24799 24799 D org.thaliproject.p2p.btconnectorlib.internal.bluetooth.le.BlePeerDiscoverer: checkScanResult: ScanResult{mDevice=24:00:BA:F9:9A:9F, mScanRecord=ScanRecord [mAdvertiseFlags=-1, mServiceUuids=[03f8b3b7-b244-4a2e-8897-ff42889af18d], mManufacturerSpecificData={}, mServiceData={0000b3b7-0000-1000-8000-00805f9b34fb=[4, 36, 0, -70, -7, -102, -97]}, mTxPowerLevel=-2147483648, mDeviceName=null], mRssi=-77, mTimestampNanos=2165028424974884}
02-10 15:37:51.233 24799 24799 D org.thaliproject.p2p.btconnectorlib.internal.bluetooth.le.BlePeerDiscoverer: checkScanResult: parsedAdvertisement: [UUID = null, bluetoothMacAddress = 24:00:BA:F9:9A:9F, provideBluetoothMacAddressRequestId = nullextra info = 4]
02-10 15:37:51.233 24799 24799 V org.thaliproject.p2p.btconnectorlib.internal.bluetooth.le.BlePeerDiscoverer: checkScanResult: Resolved advertisement type: ADVERTISEMENT_PEER_PROPERTIES
02-10 15:37:51.233 24799 24799 D org.thaliproject.p2p.btconnectorlib.internal.bluetooth.le.PeerAdvertisementFactory: Parsed advertisment: [UUID = 03f8b3b7-b244-4a2e-8897-ff42889af18d, bluetoothMacAddress = 24:00:BA:F9:9A:9F, provideBluetoothMacAddressRequestId = nullextra info = 4]
02-10 15:37:51.233 24799 24799 D org.thaliproject.p2p.btconnectorlib.internal.bluetooth.le.BlePeerDiscoverer: checkScanResult onPeerDiscovered [24:00:BA:F9:9A:9F 4]
02-10 15:37:51.233 24799 24799 D org.thaliproject.p2p.btconnectorlib.DiscoveryManager: onPeerDiscovered: [24:00:BA:F9:9A:9F 4]
02-10 15:37:51.233 24799 24799 V org.thaliproject.p2p.btconnectorlib.utils.PeerModel: addOrUpdateDiscoveredPeer: [24:00:BA:F9:9A:9F 4]
02-10 15:37:51.233 24799 24799 D org.thaliproject.p2p.btconnectorlib.utils.PeerModel: has more info: false,  extra info differs: false
02-10 15:37:51.233 24799 24799 V org.thaliproject.p2p.btconnectorlib.utils.PeerModel: addOrUpdateDiscoveredPeer: Timestamp of peer [24:00:BA:F9:9A:9F 4] updated - the peer count is 2
02-10 15:37:51.234 24799 24799 D org.thaliproject.p2p.btconnectorlib.DiscoveryManager: onPeerDiscovered: [BC:75:74:3A:BD:0F 4]
02-10 15:37:51.234 24799 24799 V org.thaliproject.p2p.btconnectorlib.utils.PeerModel: addOrUpdateDiscoveredPeer: [BC:75:74:3A:BD:0F 4]
02-10 15:37:51.234 24799 24799 D org.thaliproject.p2p.btconnectorlib.utils.PeerModel: has more info: false,  extra info differs: false
02-10 15:37:51.234 24799 24799 V org.thaliproject.p2p.btconnectorlib.utils.PeerModel: addOrUpdateDiscoveredPeer: Timestamp of peer [BC:75:74:3A:BD:0F 4] updated - the peer count is 2
02-10 15:37:51.234 24799 24799 D org.thaliproject.p2p.btconnectorlib.DiscoveryManager: onPeerDiscovered: [BC:75:74:3A:BD:0F 4]
02-10 15:37:51.234 24799 24799 V org.thaliproject.p2p.btconnectorlib.utils.PeerModel: addOrUpdateDiscoveredPeer: [BC:75:74:3A:BD:0F 4]
02-10 15:37:51.234 24799 24799 D org.thaliproject.p2p.btconnectorlib.utils.PeerModel: has more info: false,  extra info differs: false
02-10 15:37:51.234 24799 24799 V org.thaliproject.p2p.btconnectorlib.utils.PeerModel: addOrUpdateDiscoveredPeer: Timestamp of peer [BC:75:74:3A:BD:0F 4] updated - the peer count is 2
02-10 15:37:51.234 24799 24799 D org.thaliproject.p2p.btconnectorlib.DiscoveryManager: onPeerDiscovered: [24:00:BA:F9:9A:9F 4]
02-10 15:37:51.234 24799 24799 V org.thaliproject.p2p.btconnectorlib.utils.PeerModel: addOrUpdateDiscoveredPeer: [24:00:BA:F9:9A:9F 4]
02-10 15:37:51.234 24799 24799 D org.thaliproject.p2p.btconnectorlib.utils.PeerModel: has more info: false,  extra info differs: false
02-10 15:37:51.234 24799 24799 V org.thaliproject.p2p.btconnectorlib.utils.PeerModel: addOrUpdateDiscoveredPeer: Timestamp of peer [24:00:BA:F9:9A:9F 4] updated - the peer count is 2
02-10 15:37:51.235 24799 24799 D org.thaliproject.p2p.btconnectorlib.DiscoveryManager: onPeerDiscovered: [BC:75:74:3A:BD:0F 4]
02-10 15:37:51.235 24799 24799 V org.thaliproject.p2p.btconnectorlib.utils.PeerModel: addOrUpdateDiscoveredPeer: [BC:75:74:3A:BD:0F 4]
02-10 15:37:51.235 24799 24799 D org.thaliproject.p2p.btconnectorlib.utils.PeerModel: has more info: false,  extra info differs: false
02-10 15:37:51.235 24799 24799 V org.thaliproject.p2p.btconnectorlib.utils.PeerModel: addOrUpdateDiscoveredPeer: Timestamp of peer [BC:75:74:3A:BD:0F 4] updated - the peer count is 2
02-10 15:37:51.235 24799 24799 D org.thaliproject.p2p.btconnectorlib.DiscoveryManager: onPeerDiscovered: [24:00:BA:F9:9A:9F 4]
02-10 15:37:51.235 24799 24799 V org.thaliproject.p2p.btconnectorlib.utils.PeerModel: addOrUpdateDiscoveredPeer: [24:00:BA:F9:9A:9F 4]
02-10 15:37:51.235 24799 24799 D org.thaliproject.p2p.btconnectorlib.utils.PeerModel: has more info: false,  extra info differs: false
02-10 15:37:51.235 24799 24799 V org.thaliproject.p2p.btconnectorlib.utils.PeerModel: addOrUpdateDiscoveredPeer: Timestamp of peer [24:00:BA:F9:9A:9F 4] updated - the peer count is 2
02-10 15:37:51.438   918 24582 D NetlinkSocketObserver: NeighborEvent{elapsedMs=2165029037, 192.168.2.1, [129ADDB5B164], RTM_NEWNEIGH, NUD_STALE}
02-10 15:37:54.886  9440  9463 W bt_rfcomm: rfc_find_lcid_mcb LCID reused LCID:0x42 current:0x0
02-10 15:37:54.886  9440  9463 W bt_rfcomm: RFCOMM_DisconnectInd LCID:0x42
02-10 15:37:54.887  9440  9463 I bt_btm_sec: btm_sec_disconnected clearing pending flag handle:11 reason:19
02-10 15:37:54.893  9440  9463 W bt_btif : No ag scb for peer addr
02-10 15:37:55.039  9440  9463 W bt_l2cap: L2CAP - no CCB for L2CA_conn_rsp
02-10 15:37:55.054  9440  9440 D BtGatt.ScanManager: awakened up at time 2165032653
02-10 15:37:55.055  9440  9459 D BtGatt.ScanManager: flushPendingBatchResults - clientIf = 6
02-10 15:37:55.110  9440  9456 D BtGatt.GattService: onBatchScanReports() - clientIf=6, status=0, reportType=2, numRecords=2
02-10 15:37:55.111  9440  9456 D BtGatt.ScanManager: callback done for clientIf - 6 status - 0
02-10 15:37:55.111  9440  9456 D BtGatt.GattService: current time is 2165032711101601
02-10 15:37:55.111  9440  9456 D BtGatt.GattService: Batch record : [-15, 54, -112, -10, -107, 119, 1, -128, -62, 13, 0, 29, 17, 7, 9, 110, -45, -120, -12, -15, 20, -65, -33, 68, -111, -33, -83, -71, -4, -9, 10, 22, -83, -71, 15, 52, -118, 123, 117, 107, 67, 0, -97, -102, -7, -70, 0, 36, 0, -128, -76, 5, 0, 29, 17, 7, -115, -15, -102, -120, 66, -1, -105, -120, 46, 74, 68, -78, -73, -77, -8, 3, 10, 22, -73, -77, 4, 36, 0, -70, -7, -102, -97, 0]
02-10 15:37:55.111  9440  9456 D BtGatt.GattService: ScanRecord : [17, 7, 9, 110, -45, -120, -12, -15, 20, -65, -33, 68, -111, -33, -83, -71, -4, -9, 10, 22, -83, -71, 15, 52, -118, 123, 117, 107, 67]
02-10 15:37:55.112  9440  9456 D BtGatt.GattService: ScanRecord : [17, 7, -115, -15, -102, -120, 66, -1, -105, -120, 46, 74, 68, -78, -73, -77, -8, 3, 10, 22, -73, -77, 4, 36, 0, -70, -7, -102, -97]
02-10 15:37:55.113 24799 24799 D org.thaliproject.p2p.btconnectorlib.internal.bluetooth.le.BleScanner: onBatchScanResults: results count  = 2. Current thread: Thread[main,5,main], id: 1
02-10 15:37:55.113 24799 24799 D org.thaliproject.p2p.btconnectorlib.internal.bluetooth.le.BlePeerDiscoverer: checkScanResult: ScanResult{mDevice=77:95:F6:90:36:F1, mScanRecord=ScanRecord [mAdvertiseFlags=-1, mServiceUuids=[f7fcb9ad-df91-44df-bf14-f1f488d36e09], mManufacturerSpecificData={}, mServiceData={0000b9ad-0000-1000-8000-00805f9b34fb=[15, 52, -118, 123, 117, 107, 67]}, mTxPowerLevel=-2147483648, mDeviceName=null], mRssi=-62, mTimestampNanos=2165032061424413}
02-10 15:37:55.114 24799 24799 D org.thaliproject.p2p.btconnectorlib.internal.bluetooth.le.BlePeerDiscoverer: checkScanResult: parsedAdvertisement: [UUID = null, bluetoothMacAddress = 34:8A:7B:75:6B:43, provideBluetoothMacAddressRequestId = nullextra info = 15]
02-10 15:37:55.114 24799 24799 D org.thaliproject.p2p.btconnectorlib.internal.bluetooth.le.BlePeerDiscoverer: checkScanResult: parsedAdvertisement uuid mismatch
02-10 15:37:55.114 24799 24799 D org.thaliproject.p2p.btconnectorlib.internal.bluetooth.le.BlePeerDiscoverer: checkScanResult: ScanResult{mDevice=24:00:BA:F9:9A:9F, mScanRecord=ScanRecord [mAdvertiseFlags=-1, mServiceUuids=[03f8b3b7-b244-4a2e-8897-ff42889af18d], mManufacturerSpecificData={}, mServiceData={0000b3b7-0000-1000-8000-00805f9b34fb=[4, 36, 0, -70, -7, -102, -97]}, mTxPowerLevel=-2147483648, mDeviceName=null], mRssi=-76, mTimestampNanos=2165032461424413}
02-10 15:37:55.115 24799 24799 D org.thaliproject.p2p.btconnectorlib.internal.bluetooth.le.BlePeerDiscoverer: checkScanResult: parsedAdvertisement: [UUID = null, bluetoothMacAddress = 24:00:BA:F9:9A:9F, provideBluetoothMacAddressRequestId = nullextra info = 4]
02-10 15:37:55.115 24799 24799 V org.thaliproject.p2p.btconnectorlib.internal.bluetooth.le.BlePeerDiscoverer: checkScanResult: Resolved advertisement type: ADVERTISEMENT_PEER_PROPERTIES
02-10 15:37:55.115 24799 24799 D org.thaliproject.p2p.btconnectorlib.internal.bluetooth.le.PeerAdvertisementFactory: Parsed advertisment: [UUID = 03f8b3b7-b244-4a2e-8897-ff42889af18d, bluetoothMacAddress = 24:00:BA:F9:9A:9F, provideBluetoothMacAddressRequestId = nullextra info = 4]
02-10 15:37:55.115 24799 24799 D org.thaliproject.p2p.btconnectorlib.internal.bluetooth.le.BlePeerDiscoverer: checkScanResult onPeerDiscovered [24:00:BA:F9:9A:9F 4]
02-10 15:37:55.115 24799 24799 D org.thaliproject.p2p.btconnectorlib.DiscoveryManager: onPeerDiscovered: [24:00:BA:F9:9A:9F 4]
02-10 15:37:55.115 24799 24799 V org.thaliproject.p2p.btconnectorlib.utils.PeerModel: addOrUpdateDiscoveredPeer: [24:00:BA:F9:9A:9F 4]
02-10 15:37:55.115 24799 24799 D org.thaliproject.p2p.btconnectorlib.utils.PeerModel: has more info: false,  extra info differs: false
02-10 15:37:55.116 24799 24799 V org.thaliproject.p2p.btconnectorlib.utils.PeerModel: addOrUpdateDiscoveredPeer: Timestamp of peer [24:00:BA:F9:9A:9F 4] updated - the peer count is 2
02-10 15:37:55.137  9440  9463 W bt_btif : bta_dm_pm_ssr conn_srvc id:26, app_id:255
02-10 15:37:55.137  9440  9463 W bt_btif : bta_dm_pm_ssr:2, lat:1200
02-10 15:37:55.137 24799 24889 I org.thaliproject.p2p.btconnectorlib.internal.bluetooth.BluetoothServerThread: Incoming connection accepted
02-10 15:37:55.139 24799 24889 D org.thaliproject.p2p.btconnectorlib.internal.bluetooth.BluetoothServerThread: Incoming connection initialized with handshake (thread ID: 1115)
02-10 15:37:55.139 24799 24889 V org.thaliproject.p2p.btconnectorlib.internal.bluetooth.BluetoothServerThread: closeBluetoothServerSocket: Bluetooth server socket closed
02-10 15:37:55.139 24799 24893 D org.thaliproject.p2p.btconnectorlib.utils.BluetoothSocketIoThread: Entering thread (ID: 1115)
02-10 15:37:55.139 24799 24889 W BluetoothAdapter: getBluetoothService() called with no BluetoothManagerCallback
02-10 15:37:55.141 24799 24889 I org.thaliproject.p2p.btconnectorlib.internal.bluetooth.BluetoothServerThread: Waiting for incoming connections...
02-10 15:37:55.149  9440  9463 W bt_btif : new conn_srvc id:26, app_id:1
02-10 15:37:55.150  9440  9463 W bt_btif : bta_dm_pm_ssr conn_srvc id:26, app_id:255
02-10 15:37:55.150  9440  9463 W bt_btif : bta_dm_pm_ssr conn_srvc id:26, app_id:1
02-10 15:37:55.150  9440  9463 W bt_btif : bta_dm_pm_ssr:2, lat:1200
02-10 15:37:55.150 24799 24891 I org.thaliproject.p2p.btconnectorlib.internal.bluetooth.BluetoothClientThread:  createSocketAndConnect: connected
02-10 15:37:55.151 24799 24891 I org.thaliproject.p2p.btconnectorlib.internal.bluetooth.BluetoothConnector: onSocketConnected: [BC:75:74:3A:BD:0F 4] (thread ID: 1114)
02-10 15:37:55.151 24799 24891 I org.thaliproject.p2p.btconnectorlib.internal.bluetooth.BluetoothClientThread: Socket connection succeeded (using system decided port), total number of attempts: 1 (thread ID: 1114)
02-10 15:37:55.151 24799 24891 I org.thaliproject.p2p.btconnectorlib.internal.bluetooth.BluetoothClientThread: socketConnectSucceeded true
02-10 15:37:55.151 24799 24891 D org.thaliproject.p2p.btconnectorlib.internal.bluetooth.BluetoothClientThread: Strating handshake
02-10 15:37:55.152 24799 24894 D org.thaliproject.p2p.btconnectorlib.utils.BluetoothSocketIoThread: Entering thread (ID: 1116)
02-10 15:37:55.153 24799 24891 D org.thaliproject.p2p.btconnectorlib.internal.bluetooth.BluetoothClientThread: onBytesWritten: 46 bytes successfully written (thread ID: 1116)
02-10 15:37:55.153 24799 24891 D org.thaliproject.p2p.btconnectorlib.internal.bluetooth.BluetoothClientThread: onBytesWritten: Peer props = [BC:75:74:3A:BD:0F 4]
02-10 15:37:55.154 24799 24891 D org.thaliproject.p2p.btconnectorlib.internal.bluetooth.BluetoothClientThread: Outgoing connection initialized (*handshake* thread ID: 1116)
02-10 15:37:55.154 24799 24891 I org.thaliproject.p2p.btconnectorlib.internal.bluetooth.BluetoothClientThread: Exiting thread (thread ID: 1114)
02-10 15:37:55.199 24799 24893 D org.thaliproject.p2p.btconnectorlib.internal.bluetooth.BluetoothServerThread: onBytesRead: Read 46 bytes successfully (thread ID: 1115)
02-10 15:37:55.199 24799 24893 I org.thaliproject.p2p.btconnectorlib.internal.bluetooth.BluetoothServerThread: Got valid identity from [BC:75:74:3A:BD:0F 4]
02-10 15:37:55.200 24799 24893 D org.thaliproject.p2p.btconnectorlib.internal.bluetooth.BluetoothServerThread: onBytesWritten: 46 bytes successfully written (thread ID: 1115)
02-10 15:37:55.200 24799 24893 D org.thaliproject.p2p.btconnectorlib.internal.bluetooth.BluetoothServerThread: onBytesWritten:  Peer props = [BC:75:74:3A:BD:0F 4]
02-10 15:37:55.200 24799 24893 D org.thaliproject.p2p.btconnectorlib.internal.bluetooth.BluetoothServerThread: removeThreadFromList: Removing thread with ID 1115
02-10 15:37:55.200 24799 24893 D org.thaliproject.p2p.btconnectorlib.internal.bluetooth.BluetoothServerThread: Handshake thread disposed (thread ID: 1115)
02-10 15:37:55.200 24799 24893 D org.thaliproject.p2p.btconnectorlib.internal.bluetooth.BluetoothServerThread: onIncomingConnectionConnected socket:android.bluetooth.BluetoothSocket@fa5d561, properties: [BC:75:74:3A:BD:0F 4]
02-10 15:37:55.200 24799 24893 I org.thaliproject.p2p.btconnectorlib.internal.bluetooth.BluetoothConnector: onIncomingConnectionConnected: [BC:75:74:3A:BD:0F 4]
02-10 15:37:55.201 24799 24893 I org.thaliproject.p2p.btconnectorlib.internal.bluetooth.BluetoothConnector: onIncomingConnectionConnected: posted = true
02-10 15:37:55.201 24799 24893 D org.thaliproject.p2p.btconnectorlib.utils.BluetoothSocketIoThread: Exiting thread (ID: 1115)
02-10 15:37:55.201 24799 24799 D org.thaliproject.p2p.btconnectorlib.internal.bluetooth.BluetoothConnector: onIncomingConnectionConnected: bluetoothSocket.isConnected() true
02-10 15:37:55.201 24799 24799 I org.thaliproject.p2p.btconnectorlib.ConnectionManager: onConnected: [BC:75:74:3A:BD:0F 4]
02-10 15:37:55.202 24799 24799 I org.thaliproject.p2p.btconnectorlib.ConnectionManager: onConnected run: [BC:75:74:3A:BD:0F 4]. Current thread: Thread[main,5,main], id: 1
02-10 15:37:55.202 24799 24799 I io.jxcore.node.ConnectionHelper: onConnected: Incoming connection to peer [BC:75:74:3A:BD:0F 4]
02-10 15:37:55.204 24799 24799 I io.jxcore.node.ConnectionHelper: lowerBleDiscoveryPowerAndStartResetTimer: Lowering the power settings
02-10 15:37:55.204 24799 24799 I org.thaliproject.p2p.btconnectorlib.DiscoveryManagerSettings: setAdvertiseScanModeAndTxPowerLevel: Advertise mode: 2 -> 0
02-10 15:37:55.204 24799 24799 I org.thaliproject.p2p.btconnectorlib.DiscoveryManagerSettings: setAdvertiseScanModeAndTxPowerLevel: Advertise TX power level: 3 -> 1
02-10 15:37:55.205 24799 24799 I org.thaliproject.p2p.btconnectorlib.DiscoveryManagerSettings: setAdvertiseScanModeAndTxPowerLevel: Scan mode: 2 -> 0
02-10 15:37:55.205 24799 24799 D org.thaliproject.p2p.btconnectorlib.DiscoveryManager: onAdvertiseScanSettingsChanged: Current thread: Thread[main,5,main], id: 1
02-10 15:37:55.205 24799 24799 I org.thaliproject.p2p.btconnectorlib.internal.bluetooth.le.BlePeerDiscoverer: applySettings:
02-10 15:37:55.205 24799 24799 I org.thaliproject.p2p.btconnectorlib.internal.bluetooth.le.BlePeerDiscoverer:     - Manufacturer ID: 36667
02-10 15:37:55.205 24799 24799 I org.thaliproject.p2p.btconnectorlib.internal.bluetooth.le.BlePeerDiscoverer:     - Beacon ad length and type: 533
02-10 15:37:55.205 24799 24799 I org.thaliproject.p2p.btconnectorlib.internal.bluetooth.le.BlePeerDiscoverer:     - Beacon ad extra information: 4
02-10 15:37:55.205 24799 24799 I org.thaliproject.p2p.btconnectorlib.internal.bluetooth.le.BlePeerDiscoverer:     - Advertisement data type: DO_NOT_CARE
02-10 15:37:55.205 24799 24799 I org.thaliproject.p2p.btconnectorlib.internal.bluetooth.le.BlePeerDiscoverer:     - Advertise mode: 0
02-10 15:37:55.205 24799 24799 I org.thaliproject.p2p.btconnectorlib.internal.bluetooth.le.BlePeerDiscoverer:     - Advertise TX power level: 1
02-10 15:37:55.205 24799 24799 I org.thaliproject.p2p.btconnectorlib.internal.bluetooth.le.BlePeerDiscoverer:     - Scan mode: 0
02-10 15:37:55.205 24799 24799 I org.thaliproject.p2p.btconnectorlib.internal.bluetooth.le.BlePeerDiscoverer:     - Scan report delay in milliseconds: 500
02-10 15:37:55.205 24799 24799 I org.thaliproject.p2p.btconnectorlib.internal.bluetooth.le.BlePeerDiscoverer:     - Current thread: Thread[main,5,main], id: 1
02-10 15:37:55.205 24799 24799 D org.thaliproject.p2p.btconnectorlib.internal.bluetooth.le.BlePeerDiscoverer: Beacon extra: 4
02-10 15:37:55.205 24799 24799 D org.thaliproject.p2p.btconnectorlib.internal.bluetooth.le.BlePeerDiscoverer: applySettings: advertiserWasStarted true Current thread: Thread[main,5,main], id: 1
02-10 15:37:55.205 24799 24799 D org.thaliproject.p2p.btconnectorlib.internal.bluetooth.le.BlePeerDiscoverer: applySettings: stop advertiser Current thread: Thread[main,5,main], id: 1
02-10 15:37:55.205 24799 24799 D org.thaliproject.p2p.btconnectorlib.internal.bluetooth.le.BleAdvertiser: stop. Current thread: Thread[main,5,main], id: 1
02-10 15:37:55.206  9440  9458 D BtGatt.AdvertiseManager: message : 1
02-10 15:37:55.208  9440  9458 D BtGatt.AdvertiseManager: stop advertise for client 5
02-10 15:37:55.227 24799 24894 D org.thaliproject.p2p.btconnectorlib.internal.bluetooth.BluetoothClientThread: onBytesRead: Read 46 bytes successfully (thread ID: 1116)
02-10 15:37:55.228 24799 24894 D org.thaliproject.p2p.btconnectorlib.internal.bluetooth.BluetoothClientThread: onBytesWritten: Peer props = [BC:75:74:3A:BD:0F 4]
02-10 15:37:55.228 24799 24894 I org.thaliproject.p2p.btconnectorlib.internal.bluetooth.BluetoothClientThread: Handshake succeeded with [BC:75:74:3A:BD:0F 4]
02-10 15:37:55.228 24799 24894 I org.thaliproject.p2p.btconnectorlib.internal.bluetooth.BluetoothConnector: onHandshakeSucceeded: [BC:75:74:3A:BD:0F 4] (thread ID: 1114)
02-10 15:37:55.228 24799 24894 I org.thaliproject.p2p.btconnectorlib.internal.bluetooth.BluetoothConnector: handleSuccessfulClientThread: [BC:75:74:3A:BD:0F 4] (thread ID: 1114)
02-10 15:37:55.229 24799 24894 D org.thaliproject.p2p.btconnectorlib.utils.BluetoothSocketIoThread: Exiting thread (ID: 1116)
02-10 15:37:55.234  9440  9456 D BtGatt.GattService: onAdvertiseInstanceDisabled() - clientIf=5, status=0
02-10 15:37:55.234  9440  9456 D BtGatt.GattService: Client app is not null!
02-10 15:37:55.236  9440  9450 D BtGatt.GattService: unregisterClient() - clientIf=5
02-10 15:37:55.236 24799 24799 D org.thaliproject.p2p.btconnectorlib.internal.bluetooth.le.BleAdvertiser: stop: Stopped
02-10 15:37:55.236 24799 24799 D org.thaliproject.p2p.btconnectorlib.internal.bluetooth.le.BleAdvertiser: setState: current  = RUNNING, new = NOT_STARTEDCurrent thread: Thread[main,5,main], id: 1
02-10 15:37:55.236 24799 24799 D org.thaliproject.p2p.btconnectorlib.internal.bluetooth.le.BleAdvertiser: setState: State changed from RUNNING to NOT_STARTED
02-10 15:37:55.236 24799 24799 D org.thaliproject.p2p.btconnectorlib.internal.bluetooth.le.BleAdvertiser: setState: finished Current thread: Thread[main,5,main], id: 1
02-10 15:37:55.236 24799 24799 D org.thaliproject.p2p.btconnectorlib.internal.bluetooth.le.BleAdvertiser: stop finished. Current thread: Thread[main,5,main], id: 1
02-10 15:37:55.236 24799 24799 D org.thaliproject.p2p.btconnectorlib.internal.bluetooth.le.BleAdvertiser: setAdvertiseSettings, Current thread: Thread[main,5,main], id: 1
02-10 15:37:55.237 24799 24799 I org.thaliproject.p2p.btconnectorlib.internal.bluetooth.le.BleAdvertiser: setAdvertiseSettings: Mode: 0, Tx power level: 1, timeout: 0, is connectable: false
02-10 15:37:55.237 24799 24799 D org.thaliproject.p2p.btconnectorlib.internal.bluetooth.le.BlePeerDiscoverer: applySettings: start advertiser Current thread: Thread[main,5,main], id: 1
02-10 15:37:55.237 24799 24799 D org.thaliproject.p2p.btconnectorlib.internal.bluetooth.le.BlePeerDiscoverer: startAdvertiser: Current thread: Thread[main,5,main], id: 1
02-10 15:37:55.237 24799 24799 D org.thaliproject.p2p.btconnectorlib.internal.bluetooth.le.BlePeerDiscoverer: stopPeerAddressHelperAdvertiser Current thread: Thread[main,5,main], id: 1
02-10 15:37:55.237 24799 24799 I org.thaliproject.p2p.btconnectorlib.internal.bluetooth.le.BlePeerDiscoverer: startAdvertiser: Starting...
02-10 15:37:55.237 24799 24799 D org.thaliproject.p2p.btconnectorlib.internal.bluetooth.le.BlePeerDiscoverer: createAdvertiseData: createAdvertiseDataToServiceData 
02-10 15:37:55.237 24799 24799 I org.thaliproject.p2p.btconnectorlib.internal.bluetooth.le.PeerAdvertisementFactory: createAdvertiseDataToServiceData: Service UUID: "03f8b3b7-b244-4a2e-8897-ff42889af18d", Bluetooth MAC address: "BC:75:74:3A:BC:F8"
02-10 15:37:55.237 24799 24799 V org.thaliproject.p2p.btconnectorlib.internal.bluetooth.le.PeerAdvertisementFactory: createAdvertiseDataToServiceData: Service data (length is 7 bytes): 04 BC 75 74 3A BC F8
02-10 15:37:55.237 24799 24799 V org.thaliproject.p2p.btconnectorlib.internal.bluetooth.le.PeerAdvertisementFactory: createAdvertiseDataToServiceData: Created: AdvertiseData [mServiceUuids=[03f8b3b7-b244-4a2e-8897-ff42889af18d], mManufacturerSpecificData={}, mServiceData={03f8b3b7-b244-4a2e-8897-ff42889af18d=[4, -68, 117, 116, 58, -68, -8]}, mIncludeTxPowerLevel=false, mIncludeDeviceName=false]
02-10 15:37:55.238 24799 24799 I org.thaliproject.p2p.btconnectorlib.internal.bluetooth.le.BlePeerDiscoverer: createAdvertiseData: created AdvertiseData [mServiceUuids=[03f8b3b7-b244-4a2e-8897-ff42889af18d], mManufacturerSpecificData={}, mServiceData={03f8b3b7-b244-4a2e-8897-ff42889af18d=[4, -68, 117, 116, 58, -68, -8]}, mIncludeTxPowerLevel=false, mIncludeDeviceName=false]
02-10 15:37:55.238 24799 24799 D org.thaliproject.p2p.btconnectorlib.internal.bluetooth.le.BleAdvertiser: setAdvertiseData: Current thread: Thread[main,5,main], id: 1
02-10 15:37:55.238 24799 24799 D org.thaliproject.p2p.btconnectorlib.internal.bluetooth.le.BleAdvertiser: setAdvertiseData: AdvertiseData [mServiceUuids=[03f8b3b7-b244-4a2e-8897-ff42889af18d], mManufacturerSpecificData={}, mServiceData={03f8b3b7-b244-4a2e-8897-ff42889af18d=[4, -68, 117, 116, 58, -68, -8]}, mIncludeTxPowerLevel=false, mIncludeDeviceName=false]. Current thread: Thread[main,5,main], id: 1
02-10 15:37:55.238 24799 24799 D org.thaliproject.p2p.btconnectorlib.internal.bluetooth.le.BleAdvertiser: setAdvertiseData: was started = false
02-10 15:37:55.238 24799 24799 D org.thaliproject.p2p.btconnectorlib.internal.bluetooth.le.BleAdvertiser: setAdvertiseData: advertiseData = AdvertiseData [mServiceUuids=[03f8b3b7-b244-4a2e-8897-ff42889af18d], mManufacturerSpecificData={}, mServiceData={03f8b3b7-b244-4a2e-8897-ff42889af18d=[4, -68, 117, 116, 58, -68, -8]}, mIncludeTxPowerLevel=false, mIncludeDeviceName=false]
02-10 15:37:55.238 24799 24799 D org.thaliproject.p2p.btconnectorlib.internal.bluetooth.le.BleAdvertiser: setAdvertiseData finished: Current thread: Thread[main,5,main], id: 1
02-10 15:37:55.238 24799 24799 D org.thaliproject.p2p.btconnectorlib.internal.bluetooth.le.BleAdvertiser: start:  state = NOT_STARTEDCurrent thread: Thread[main,5,main], id: 1
02-10 15:37:55.238 24799 24799 I org.thaliproject.p2p.btconnectorlib.internal.bluetooth.le.BleAdvertiser: start: Starting... advertisement data = AdvertiseData [mServiceUuids=[03f8b3b7-b244-4a2e-8897-ff42889af18d], mManufacturerSpecificData={}, mServiceData={03f8b3b7-b244-4a2e-8897-ff42889af18d=[4, -68, 117, 116, 58, -68, -8]}, mIncludeTxPowerLevel=false, mIncludeDeviceName=false], Current thread: Thread[main,5,main], id: 1
02-10 15:37:55.239 24799 24799 D BluetoothAdapter: STATE_ON
02-10 15:37:55.242  9440  9476 D BtGatt.GattService: registerClient() - UUID=d6a6e690-d0c6-4026-b298-09f243a506dc
02-10 15:37:55.243  9440  9456 D BtGatt.GattService: onClientRegistered() - UUID=d6a6e690-d0c6-4026-b298-09f243a506dc, clientIf=5
02-10 15:37:55.243 24799 24812 D BluetoothLeAdvertiser: onClientRegistered() - status=0 clientIf=5
02-10 15:37:55.244  9440  9458 D BtGatt.AdvertiseManager: message : 0
02-10 15:37:55.246  9440  9458 D BtGatt.AdvertiseManager: starting multi advertising
02-10 15:37:55.248  9440  9456 D BtGatt.GattService: onAdvertiseInstanceEnabled() - clientIf=5, status=0
02-10 15:37:55.251  9440  9456 D BtGatt.GattService: onAdvertiseDataSet() - clientIf=5, status=0
02-10 15:37:55.252 24799 24799 I org.thaliproject.p2p.btconnectorlib.internal.bluetooth.le.BleAdvertiser: start: Started advertisment Current thread: Thread[main,5,main], id: 1
02-10 15:37:55.252 24799 24799 D org.thaliproject.p2p.btconnectorlib.internal.bluetooth.le.BleAdvertiser: setState: current  = NOT_STARTED, new = STARTINGCurrent thread: Thread[main,5,main], id: 1
02-10 15:37:55.252 24799 24799 D org.thaliproject.p2p.btconnectorlib.internal.bluetooth.le.BleAdvertiser: setState: State changed from NOT_STARTED to STARTING
02-10 15:37:55.252 24799 24799 D org.thaliproject.p2p.btconnectorlib.internal.bluetooth.le.BleAdvertiser: setState: onIsAdvertiserStartedChanged default (no call to listener). Current thread: Thread[main,5,main], id: 1
02-10 15:37:55.252 24799 24799 D org.thaliproject.p2p.btconnectorlib.internal.bluetooth.le.BleAdvertiser: setState: finished Current thread: Thread[main,5,main], id: 1
02-10 15:37:55.252 24799 24799 I org.thaliproject.p2p.btconnectorlib.internal.bluetooth.le.BleAdvertiser: start: return, state = STARTINGCurrent thread: Thread[main,5,main], id: 1
02-10 15:37:55.253 24799 24799 D org.thaliproject.p2p.btconnectorlib.internal.bluetooth.le.BleAdvertiser: start returned: Current thread: Thread[main,5,main], id: 1
02-10 15:37:55.253 24799 24799 D org.thaliproject.p2p.btconnectorlib.internal.bluetooth.le.BlePeerDiscoverer: startAdvertiser started = true Current thread: Thread[main,5,main], id: 1
02-10 15:37:55.253 24799 24799 D org.thaliproject.p2p.btconnectorlib.internal.bluetooth.le.BlePeerDiscoverer: applySettings: start advertiser started = true Current thread: Thread[main,5,main], id: 1
02-10 15:37:55.253 24799 24799 D org.thaliproject.p2p.btconnectorlib.internal.bluetooth.le.BleScanner: applyAdditionalMarshmallowSettings
02-10 15:37:55.253 24799 24799 D org.thaliproject.p2p.btconnectorlib.internal.bluetooth.le.BlePeerDiscoverer: applySettings: scannerWasStarted true Current thread: Thread[main,5,main], id: 1
02-10 15:37:55.253 24799 24799 D org.thaliproject.p2p.btconnectorlib.internal.bluetooth.le.BlePeerDiscoverer: applySettings: stop scanner Current thread: Thread[main,5,main], id: 1
02-10 15:37:55.253 24799 24799 D org.thaliproject.p2p.btconnectorlib.internal.bluetooth.le.BleScanner: stop, Current thread: Thread[main,5,main], id: 1
02-10 15:37:55.254 24799 24799 D BluetoothAdapter: STATE_ON
02-10 15:37:55.254  9440  9467 D BtGatt.GattService: flushPendingBatchResults - clientIf=6, isServer=false
02-10 15:37:55.254 24799 24799 D org.thaliproject.p2p.btconnectorlib.internal.bluetooth.le.BleScanner: stop: scan results are flushed 
02-10 15:37:55.255  9440  9459 D BtGatt.ScanManager: flushPendingBatchResults - clientIf = 6
02-10 15:37:55.255 24799 24799 D BluetoothAdapter: STATE_ON
02-10 15:37:55.256  9440  9456 D BtGatt.GattService: onBatchScanReports() - clientIf=6, status=0, reportType=2, numRecords=0
02-10 15:37:55.256  9440  9451 D BtGatt.GattService: stopScan() - queue size =1
02-10 15:37:55.256  9440  9456 D BtGatt.ScanManager: callback done for clientIf - 6 status - 0
02-10 15:37:55.256  9440  9451 D BtGatt.GattService: unregisterClient() - clientIf=6
02-10 15:37:55.257 24799 24799 D org.thaliproject.p2p.btconnectorlib.internal.bluetooth.le.BleScanner: stop: Stopped
02-10 15:37:55.257 24799 24799 D org.thaliproject.p2p.btconnectorlib.internal.bluetooth.le.BleScanner: set state: Current thread: Thread[main,5,main], id: 1
02-10 15:37:55.257 24799 24799 D org.thaliproject.p2p.btconnectorlib.internal.bluetooth.le.BleScanner: setState: State changed from RUNNING to NOT_STARTED
02-10 15:37:55.257 24799 24799 D org.thaliproject.p2p.btconnectorlib.internal.bluetooth.le.BleScanner: stop finished, Current thread: Thread[main,5,main], id: 1
02-10 15:37:55.257 24799 24799 I org.thaliproject.p2p.btconnectorlib.internal.bluetooth.le.BleScanner: setScanSettings: Mode: 0, report delay in milliseconds: 500, scan result type: 0
02-10 15:37:55.257 24799 24799 D org.thaliproject.p2p.btconnectorlib.internal.bluetooth.le.BlePeerDiscoverer: applySettings: start scanner Current thread: Thread[main,5,main], id: 1
02-10 15:37:55.257 24799 24799 D org.thaliproject.p2p.btconnectorlib.internal.bluetooth.le.BlePeerDiscoverer: startScanner: Current thread: Thread[main,5,main], id: 1
02-10 15:37:55.257 24799 24799 I org.thaliproject.p2p.btconnectorlib.internal.bluetooth.le.BlePeerDiscoverer: startScanner: Starting...
02-10 15:37:55.257 24799 24799 D org.thaliproject.p2p.btconnectorlib.internal.bluetooth.le.BlePeerDiscoveryUtils: createScanFilter: No service UUID, use manufacturer ID: true
02-10 15:37:55.257 24799 24799 D org.thaliproject.p2p.btconnectorlib.internal.bluetooth.le.BlePeerDiscoveryUtils: manufacturer ID: 36667
02-10 15:37:55.258 24799 24799 D org.thaliproject.p2p.btconnectorlib.internal.bluetooth.le.BlePeerDiscoveryUtils: createScanFilter: BluetoothLeScanFilter [mDeviceName=null, mDeviceAddress=null, mUuid=null, mUuidMask=null, mServiceDataUuid=null, mServiceData=null, mServiceDataMask=null, mManufacturerId=36667, mManufacturerData=null, mManufacturerDataMask=null]
02-10 15:37:55.258 24799 24799 D org.thaliproject.p2p.btconnectorlib.internal.bluetooth.le.BleScanner: start: Current thread: Thread[main,5,main], id: 1
