02-10 15:37:59.032 13286 19044 D BtGatt.GattService: registerClient() - UUID=770e37cf-42ef-4fdf-ad76-289218ce79a8
02-10 15:37:59.032 13286 13302 D BtGatt.GattService: onClientRegistered() - UUID=770e37cf-42ef-4fdf-ad76-289218ce79a8, clientIf=5
02-10 15:37:59.034  4983  4994 D BluetoothLeAdvertiser: onClientRegistered() - status=0 clientIf=5
02-10 15:37:59.034 13286 13304 D BtGatt.AdvertiseManager: message : 0
02-10 15:37:59.036 13286 13304 D BtGatt.AdvertiseManager: starting multi advertising
02-10 15:37:59.043 13286 13302 D BtGatt.GattService: onAdvertiseInstanceEnabled() - clientIf=5, status=0
02-10 15:37:59.045 13286 13302 D BtGatt.GattService: onAdvertiseDataSet() - clientIf=5, status=0
02-10 15:37:59.045  4983  5058 I org.thaliproject.p2p.btconnectorlib.internal.bluetooth.le.BleAdvertiser: start: Started advertisment Current thread: Thread[Thread-5897,5,main], id: 5897
02-10 15:37:59.045  4983  5058 D org.thaliproject.p2p.btconnectorlib.internal.bluetooth.le.BleAdvertiser: setState: current  = NOT_STARTED, new = STARTINGCurrent thread: Thread[Thread-5897,5,main], id: 5897
02-10 15:37:59.045  4983  5058 D org.thaliproject.p2p.btconnectorlib.internal.bluetooth.le.BleAdvertiser: setState: State changed from NOT_STARTED to STARTING
02-10 15:37:59.045  4983  5058 D org.thaliproject.p2p.btconnectorlib.internal.bluetooth.le.BleAdvertiser: setState: onIsAdvertiserStartedChanged default (no call to listener). Current thread: Thread[Thread-5897,5,main], id: 5897
02-10 15:37:59.045  4983  5058 D org.thaliproject.p2p.btconnectorlib.internal.bluetooth.le.BleAdvertiser: setState: finished Current thread: Thread[Thread-5897,5,main], id: 5897
02-10 15:37:59.045  4983  5058 I org.thaliproject.p2p.btconnectorlib.internal.bluetooth.le.BleAdvertiser: start: return, state = STARTINGCurrent thread: Thread[Thread-5897,5,main], id: 5897
02-10 15:37:59.045  4983  5058 D org.thaliproject.p2p.btconnectorlib.internal.bluetooth.le.BleAdvertiser: start returned: Current thread: Thread[Thread-5897,5,main], id: 5897
02-10 15:37:59.045  4983  5058 D org.thaliproject.p2p.btconnectorlib.internal.bluetooth.le.BlePeerDiscoverer: startAdvertiser started = true Current thread: Thread[Thread-5897,5,main], id: 5897
02-10 15:37:59.045  4983  5058 D org.thaliproject.p2p.btconnectorlib.DiscoveryManager: startBlePeerDiscoverer: OK
02-10 15:37:59.046  4983  5058 I org.thaliproject.p2p.btconnectorlib.DiscoveryManager: start: OK
02-10 15:37:59.046  4983  5058 D org.thaliproject.p2p.btconnectorlib.DiscoveryManager: updateState: Current thread: Thread[Thread-5897,5,main], id: 5897
02-10 15:37:59.046  4983  5058 E org.thaliproject.p2p.btconnectorlib.DiscoveryManager: seems that updateState call different BlePeerDiscoverer
02-10 15:37:59.047  4983  5058 D org.thaliproject.p2p.btconnectorlib.DiscoveryManager: updateStateInternal Current thread: Thread[Thread-5897,5,main], id: 5897
02-10 15:37:59.047  4983  5058 D org.thaliproject.p2p.btconnectorlib.DiscoveryManager: updateStateInternal finished Current thread: Thread[Thread-5897,5,main], id: 5897
02-10 15:37:59.047  4983  5058 D org.thaliproject.p2p.btconnectorlib.DiscoveryManager: updateState finished Current thread: Thread[Thread-5897,5,main], id: 5897
02-10 15:37:59.047  4983  5058 I io.jxcore.node.ConnectionHelper: start: OK
02-10 15:37:59.047  4983  4983 V io.jxcore.node.StartStopOperation: isTargetState: Connectivity: RUNNING, discovery: NOT_STARTED, is discovering: false, is advertising: false - Start operation: Should start/stop everything
02-10 15:37:59.047  4983  4983 D org.thaliproject.p2p.btconnectorlib.internal.bluetooth.le.BleAdvertiser: onStartSuccess : Current thread: Thread[main,5,main], id: 1
02-10 15:37:59.048  4983  4983 D org.thaliproject.p2p.btconnectorlib.internal.bluetooth.le.BleAdvertiser: setState: current  = STARTING, new = RUNNINGCurrent thread: Thread[main,5,main], id: 1
02-10 15:37:59.048  4983  4983 D org.thaliproject.p2p.btconnectorlib.internal.bluetooth.le.BleAdvertiser: setState: State changed from STARTING to RUNNING
02-10 15:37:59.048  4983  4983 D org.thaliproject.p2p.btconnectorlib.internal.bluetooth.le.BleAdvertiser: notifyAdvertiserStateChanged: started =  true. Current thread: Thread[main,5,main], id: 1
02-10 15:37:59.048  4983  4983 D org.thaliproject.p2p.btconnectorlib.internal.bluetooth.le.BleAdvertiser: setState: finished Current thread: Thread[main,5,main], id: 1
02-10 15:37:59.048  4983  4983 I org.thaliproject.p2p.btconnectorlib.internal.bluetooth.le.BlePeerDiscoverer: onIsAdvertiserStartedChanged: trueCurrent thread: Thread[main,5,main], id: 1
02-10 15:37:59.048  4983  4983 D org.thaliproject.p2p.btconnectorlib.internal.bluetooth.le.BlePeerDiscoverer: updateState : Current thread: Thread[main,5,main], id: 1
02-10 15:37:59.048  4983  4983 D org.thaliproject.p2p.btconnectorlib.internal.bluetooth.le.BlePeerDiscoverer: updateState: deducedStateSet: [ADVERTISING]
02-10 15:37:59.048  4983  4983 D org.thaliproject.p2p.btconnectorlib.internal.bluetooth.le.BlePeerDiscoverer: updateState: stateSet: [NOT_STARTED]
02-10 15:37:59.048  4983  4983 D org.thaliproject.p2p.btconnectorlib.internal.bluetooth.le.BlePeerDiscoverer: Current thread: Thread[main,5,main], id: 1
02-10 15:37:59.048  4983  4983 D org.thaliproject.p2p.btconnectorlib.internal.bluetooth.le.BlePeerDiscoverer: updateState: State changed from [NOT_STARTED] to [ADVERTISING]Current thread: Thread[main,5,main], id: 1
02-10 15:37:59.048  4983  4983 D org.thaliproject.p2p.btconnectorlib.internal.bluetooth.le.BlePeerDiscoverer: update state finished. Current thread: Thread[main,5,main], id: 1
02-10 15:37:59.048  4983  4983 I org.thaliproject.p2p.btconnectorlib.DiscoveryManager: onBlePeerDiscovererStateChanged: [NOT_STARTED] -> [ADVERTISING] Current thread: Thread[main,5,main], id: 1
02-10 15:37:59.048  4983  4983 D org.thaliproject.p2p.btconnectorlib.DiscoveryManager: updateState: Current thread: Thread[main,5,main], id: 1
02-10 15:37:59.050  4983  4983 D org.thaliproject.p2p.btconnectorlib.DiscoveryManager: updateStateInternal Current thread: Thread[main,5,main], id: 1
02-10 15:37:59.051  4983  4983 D org.thaliproject.p2p.btconnectorlib.DiscoveryManager: updateState: State: RUNNING_BLE, is discovering: false, is advertising: true
02-10 15:37:59.051  4983  4983 D org.thaliproject.p2p.btconnectorlib.DiscoveryManager: updateStateInternal finished Current thread: Thread[main,5,main], id: 1
02-10 15:37:59.051  4983  4983 D org.thaliproject.p2p.btconnectorlib.DiscoveryManager: updateState finished Current thread: Thread[main,5,main], id: 1
02-10 15:37:59.051  4983  4983 I io.jxcore.node.ConnectionHelper: onDiscoveryManagerStateChanged: State: RUNNING_BLE, is discovering: false, is advertising: true
02-10 15:37:59.552  4983  4983 V io.jxcore.node.ConnectionHelper: Notifying discovery manager state change: is discovering: false, is advertising: true
02-10 15:37:59.553  4983  4983 V io.jxcore.node.StartStopOperation: isTargetState: Connectivity: RUNNING, discovery: RUNNING_BLE, is discovering: false, is advertising: true - Start operation: Should start/stop everything
02-10 15:37:59.553  4983  4983 D io.jxcore.node.StartStopOperationHandler: processCurrentOperationStatus: Operation successfully executed
02-10 15:37:59.557  4983  5058 I jxcore-log: ok 106 Can call startUpdateAdvertisingAndListening without error
02-10 15:37:59.557  4983  5058 I jxcore-log: 
02-10 15:37:59.559  4983  5058 D io.jxcore.node.JXcoreExtension: startListeningForAdvertisements
02-10 15:37:59.565  4983  5058 I io.jxcore.node.ConnectionHelper: start: Port number: 43118, start advertisements: false
02-10 15:37:59.565  4983  5058 V io.jxcore.node.ConnectivityMonitor: start: Already started
02-10 15:37:59.565  4983  5058 V io.jxcore.node.StartStopOperation: isTargetState: Connectivity: RUNNING, discovery: RUNNING_BLE, is discovering: false, is advertising: true - Start operation: Should affect listening to advertisements only
02-10 15:37:59.566  4983  5058 V io.jxcore.node.StartStopOperationHandler: executeCurrentOperation: Executing: Start operation: Should affect listening to advertisements only
02-10 15:37:59.566  4983  5058 I org.thaliproject.p2p.btconnectorlib.DiscoveryManager: start: Discovery mode: BLE, start discovery: true, start advertiser: true
02-10 15:37:59.568  4983  5058 D org.thaliproject.p2p.btconnectorlib.DiscoveryManager: startBlePeerDiscoverer
02-10 15:37:59.568  4983  5058 V io.jxcore.node.ConnectionHelper: Received a request for permission "android.permission.ACCESS_COARSE_LOCATION", but we are expecting that all the required permissions have already been granted
02-10 15:37:59.580  4983  5058 D org.thaliproject.p2p.btconnectorlib.internal.bluetooth.le.BlePeerDiscoverer: startScannerAndAdvertiser : Current thread: Thread[Thread-5897,5,main], id: 5897
02-10 15:37:59.580  4983  5058 D org.thaliproject.p2p.btconnectorlib.internal.bluetooth.le.BlePeerDiscoverer: startAdvertiser: Current thread: Thread[Thread-5897,5,main], id: 5897
02-10 15:37:59.580  4983  5058 D org.thaliproject.p2p.btconnectorlib.internal.bluetooth.le.BlePeerDiscoverer: stopPeerAddressHelperAdvertiser Current thread: Thread[Thread-5897,5,main], id: 5897
02-10 15:37:59.580  4983  5058 D org.thaliproject.p2p.btconnectorlib.internal.bluetooth.le.BlePeerDiscoverer: createAdvertiseData: createAdvertiseDataToServiceData 
02-10 15:37:59.581  4983  5058 I org.thaliproject.p2p.btconnectorlib.internal.bluetooth.le.PeerAdvertisementFactory: createAdvertiseDataToServiceData: Service UUID: "03f8b3b7-b244-4a2e-8897-ff42889af18d", Bluetooth MAC address: "BC:75:74:3A:BD:0F"
02-10 15:37:59.581  4983  5058 V org.thaliproject.p2p.btconnectorlib.internal.bluetooth.le.PeerAdvertisementFactory: createAdvertiseDataToServiceData: Service data (length is 7 bytes): 05 BC 75 74 3A BD 0F
02-10 15:37:59.583  4983  5058 V org.thaliproject.p2p.btconnectorlib.internal.bluetooth.le.PeerAdvertisementFactory: createAdvertiseDataToServiceData: Created: AdvertiseData [mServiceUuids=[03f8b3b7-b244-4a2e-8897-ff42889af18d], mManufacturerSpecificData={}, mServiceData={03f8b3b7-b244-4a2e-8897-ff42889af18d=[5, -68, 117, 116, 58, -67, 15]}, mIncludeTxPowerLevel=false, mIncludeDeviceName=false]
02-10 15:37:59.583  4983  5058 I org.thaliproject.p2p.btconnectorlib.internal.bluetooth.le.BlePeerDiscoverer: createAdvertiseData: created AdvertiseData [mServiceUuids=[03f8b3b7-b244-4a2e-8897-ff42889af18d], mManufacturerSpecificData={}, mServiceData={03f8b3b7-b244-4a2e-8897-ff42889af18d=[5, -68, 117, 116, 58, -67, 15]}, mIncludeTxPowerLevel=false, mIncludeDeviceName=false]
02-10 15:37:59.583  4983  5058 D org.thaliproject.p2p.btconnectorlib.internal.bluetooth.le.BleAdvertiser: setAdvertiseData: Current thread: Thread[Thread-5897,5,main], id: 5897
02-10 15:37:59.583  4983  5058 D org.thaliproject.p2p.btconnectorlib.internal.bluetooth.le.BleAdvertiser: setAdvertiseData: AdvertiseData [mServiceUuids=[03f8b3b7-b244-4a2e-8897-ff42889af18d], mManufacturerSpecificData={}, mServiceData={03f8b3b7-b244-4a2e-8897-ff42889af18d=[5, -68, 117, 116, 58, -67, 15]}, mIncludeTxPowerLevel=false, mIncludeDeviceName=false]. Current thread: Thread[Thread-5897,5,main], id: 5897
02-10 15:37:59.583  4983  5058 D org.thaliproject.p2p.btconnectorlib.internal.bluetooth.le.BleAdvertiser: setAdvertiseData: was started = true
02-10 15:37:59.583  4983  5058 D org.thaliproject.p2p.btconnectorlib.internal.bluetooth.le.BleAdvertiser: stop. Current thread: Thread[Thread-5897,5,main], id: 5897
02-10 15:37:59.584 13286 13304 D BtGatt.AdvertiseManager: message : 1
02-10 15:37:59.585 13286 13304 D BtGatt.AdvertiseManager: stop advertise for client 5
02-10 15:37:59.588 13286 13302 D BtGatt.GattService: onAdvertiseInstanceDisabled() - clientIf=5, status=0
02-10 15:37:59.588 13286 13302 D BtGatt.GattService: Client app is not null!
02-10 15:37:59.589 13286 19044 D BtGatt.GattService: unregisterClient() - clientIf=5
02-10 15:37:59.590  4983  5058 D org.thaliproject.p2p.btconnectorlib.internal.bluetooth.le.BleAdvertiser: stop: Stopped
02-10 15:37:59.591  4983  5058 D org.thaliproject.p2p.btconnectorlib.internal.bluetooth.le.BleAdvertiser: setState: current  = RUNNING, new = NOT_STARTEDCurrent thread: Thread[Thread-5897,5,main], id: 5897
02-10 15:37:59.591  4983  5058 D org.thaliproject.p2p.btconnectorlib.internal.bluetooth.le.BleAdvertiser: setState: State changed from RUNNING to NOT_STARTED
02-10 15:37:59.591  4983  5058 D org.thaliproject.p2p.btconnectorlib.internal.bluetooth.le.BleAdvertiser: setState: finished Current thread: Thread[Thread-5897,5,main], id: 5897
02-10 15:37:59.591  4983  5058 D org.thaliproject.p2p.btconnectorlib.internal.bluetooth.le.BleAdvertiser: stop finished. Current thread: Thread[Thread-5897,5,main], id: 5897
02-10 15:37:59.591  4983  5058 D org.thaliproject.p2p.btconnectorlib.internal.bluetooth.le.BleAdvertiser: setAdvertiseData: advertiseData = AdvertiseData [mServiceUuids=[03f8b3b7-b244-4a2e-8897-ff42889af18d], mManufacturerSpecificData={}, mServiceData={03f8b3b7-b244-4a2e-8897-ff42889af18d=[5, -68, 117, 116, 58, -67, 15]}, mIncludeTxPowerLevel=false, mIncludeDeviceName=false]
02-10 15:37:59.591  4983  5058 D org.thaliproject.p2p.btconnectorlib.internal.bluetooth.le.BleAdvertiser: start:  state = NOT_STARTEDCurrent thread: Thread[Thread-5897,5,main], id: 5897
02-10 15:37:59.592  4983  5058 I org.thaliproject.p2p.btconnectorlib.internal.bluetooth.le.BleAdvertiser: start: Starting... advertisement data = AdvertiseData [mServiceUuids=[03f8b3b7-b244-4a2e-8897-ff42889af18d], mManufacturerSpecificData={}, mServiceData={03f8b3b7-b244-4a2e-8897-ff42889af18d=[5, -68, 117, 116, 58, -67, 15]}, mIncludeTxPowerLevel=false, mIncludeDeviceName=false], Current thread: Thread[Thread-5897,5,main], id: 5897
02-10 15:37:59.593  4983  5058 D BluetoothAdapter: STATE_ON
02-10 15:37:59.596 13286 13297 D BtGatt.GattService: registerClient() - UUID=1c05a484-6106-4761-90cf-0919a464cdf5
02-10 15:37:59.596 13286 13302 D BtGatt.GattService: onClientRegistered() - UUID=1c05a484-6106-4761-90cf-0919a464cdf5, clientIf=5
02-10 15:37:59.597  4983  5002 D BluetoothLeAdvertiser: onClientRegistered() - status=0 clientIf=5
02-10 15:37:59.598 13286 13304 D BtGatt.AdvertiseManager: message : 0
02-10 15:37:59.602 13286 13304 D BtGatt.AdvertiseManager: starting multi advertising
02-10 15:37:59.604 13286 13302 D BtGatt.GattService: onAdvertiseInstanceEnabled() - clientIf=5, status=0
02-10 15:37:59.607 13286 13302 D BtGatt.GattService: onAdvertiseDataSet() - clientIf=5, status=0
02-10 15:37:59.608  4983  4983 D org.thaliproject.p2p.btconnectorlib.internal.bluetooth.le.BleAdvertiser: onStartSuccess : Current thread: Thread[main,5,main], id: 1
02-10 15:37:59.608  4983  5058 I org.thaliproject.p2p.btconnectorlib.internal.bluetooth.le.BleAdvertiser: start: Started advertisment Current thread: Thread[Thread-5897,5,main], id: 5897
02-10 15:37:59.608  4983  5058 D org.thaliproject.p2p.btconnectorlib.internal.bluetooth.le.BleAdvertiser: setState: current  = NOT_STARTED, new = STARTINGCurrent thread: Thread[Thread-5897,5,main], id: 5897
02-10 15:37:59.608  4983  5058 D org.thaliproject.p2p.btconnectorlib.internal.bluetooth.le.BleAdvertiser: setState: State changed from NOT_STARTED to STARTING
02-10 15:37:59.608  4983  5058 D org.thaliproject.p2p.btconnectorlib.internal.bluetooth.le.BleAdvertiser: setState: onIsAdvertiserStartedChanged default (no call to listener). Current thread: Thread[Thread-5897,5,main], id: 5897
02-10 15:37:59.608  4983  5058 D org.thaliproject.p2p.btconnectorlib.internal.bluetooth.le.BleAdvertiser: setState: finished Current thread: Thread[Thread-5897,5,main], id: 5897
02-10 15:37:59.608  4983  5058 I org.thaliproject.p2p.btconnectorlib.internal.bluetooth.le.BleAdvertiser: start: return, state = STARTINGCurrent thread: Thread[Thread-5897,5,main], id: 5897
02-10 15:37:59.609  4983  5058 D org.thaliproject.p2p.btconnectorlib.internal.bluetooth.le.BleAdvertiser: start returned: Current thread: Thread[Thread-5897,5,main], id: 5897
02-10 15:37:59.609  4983  5058 D org.thaliproject.p2p.btconnectorlib.internal.bluetooth.le.BleAdvertiser: setAdvertiseData finished: Current thread: Thread[Thread-5897,5,main], id: 5897
02-10 15:37:59.609  4983  5058 D org.thaliproject.p2p.btconnectorlib.internal.bluetooth.le.BleAdvertiser: start:  state = STARTINGCurrent thread: Thread[Thread-5897,5,main], id: 5897
02-10 15:37:59.609  4983  5058 D org.thaliproject.p2p.btconnectorlib.internal.bluetooth.le.BleAdvertiser: start: Already running
02-10 15:37:59.609  4983  5058 I org.thaliproject.p2p.btconnectorlib.internal.bluetooth.le.BleAdvertiser: start: return, state = STARTINGCurrent thread: Thread[Thread-5897,5,main], id: 5897
02-10 15:37:59.609  4983  5058 D org.thaliproject.p2p.btconnectorlib.internal.bluetooth.le.BleAdvertiser: start returned: Current thread: Thread[Thread-5897,5,main], id: 5897
02-10 15:37:59.609  4983  5058 D org.thaliproject.p2p.btconnectorlib.internal.bluetooth.le.BlePeerDiscoverer: startAdvertiser started = true Current thread: Thread[Thread-5897,5,main], id: 5897
02-10 15:37:59.610  4983  4983 D org.thaliproject.p2p.btconnectorlib.internal.bluetooth.le.BleAdvertiser: setState: current  = STARTING, new = RUNNINGCurrent thread: Thread[main,5,main], id: 1
02-10 15:37:59.610  4983  4983 D org.thaliproject.p2p.btconnectorlib.internal.bluetooth.le.BleAdvertiser: setState: State changed from STARTING to RUNNING
02-10 15:37:59.610  4983  5058 D org.thaliproject.p2p.btconnectorlib.internal.bluetooth.le.BlePeerDiscoverer: startScannerAndAdvertiser: advertiser is started. Current thread: Thread[Thread-5897,5,main], id: 5897
02-10 15:37:59.610  4983  4983 D org.thaliproject.p2p.btconnectorlib.internal.bluetooth.le.BleAdvertiser: notifyAdvertiserStateChanged: started =  true. Current thread: Thread[main,5,main], id: 1
02-10 15:37:59.610  4983  5058 D org.thaliproject.p2p.btconnectorlib.internal.bluetooth.le.BlePeerDiscoverer: startScanner: Current thread: Thread[Thread-5897,5,main], id: 5897
02-10 15:37:59.610  4983  4983 D org.thaliproject.p2p.btconnectorlib.internal.bluetooth.le.BleAdvertiser: setState: finished Current thread: Thread[main,5,main], id: 1
02-10 15:37:59.610  4983  5058 I org.thaliproject.p2p.btconnectorlib.internal.bluetooth.le.BlePeerDiscoverer: startScanner: Starting...
02-10 15:37:59.610  4983  4983 I org.thaliproject.p2p.btconnectorlib.internal.bluetooth.le.BlePeerDiscoverer: onIsAdvertiserStartedChanged: trueCurrent thread: Thread[main,5,main], id: 1
02-10 15:37:59.610  4983  5058 D org.thaliproject.p2p.btconnectorlib.internal.bluetooth.le.BlePeerDiscoveryUtils: createScanFilter: No service UUID, use manufacturer ID: true
02-10 15:37:59.610  4983  5058 D org.thaliproject.p2p.btconnectorlib.internal.bluetooth.le.BlePeerDiscoveryUtils: manufacturer ID: 36667
02-10 15:37:59.610  4983  5058 D org.thaliproject.p2p.btconnectorlib.internal.bluetooth.le.BlePeerDiscoveryUtils: createScanFilter: BluetoothLeScanFilter [mDeviceName=null, mDeviceAddress=null, mUuid=null, mUuidMask=null, mServiceDataUuid=null, mServiceData=null, mServiceDataMask=null, mManufacturerId=36667, mManufacturerData=null, mManufacturerDataMask=null]
02-10 15:37:59.610  4983  5058 D org.thaliproject.p2p.btconnectorlib.internal.bluetooth.le.BleScanner: start: Current thread: Thread[Thread-5897,5,main], id: 5897
02-10 15:37:59.611  4983  5058 D BluetoothAdapter: STATE_ON
02-10 15:37:59.615 13286 13296 D BtGatt.GattService: registerClient() - UUID=ac33a4dd-f1a9-4181-93bb-1236c55b7068
02-10 15:37:59.615 13286 13302 D BtGatt.GattService: onClientRegistered() - UUID=ac33a4dd-f1a9-4181-93bb-1236c55b7068, clientIf=6
02-10 15:37:59.616  4983  5002 D BluetoothLeScanner: onClientRegistered() - status=0 clientIf=6
02-10 15:37:59.616 13286 13297 D BtGatt.GattService: start scan with filters
02-10 15:37:59.620  4983  5058 D org.thaliproject.p2p.btconnectorlib.internal.bluetooth.le.BleScanner: start: scan started
02-10 15:37:59.620 13286 13305 D BtGatt.ScanManager: handling starting scan
02-10 15:37:59.620  4983  5058 D org.thaliproject.p2p.btconnectorlib.internal.bluetooth.le.BleScanner: set state: Current thread: Thread[Thread-5897,5,main], id: 5897
02-10 15:37:59.620  4983  5058 D org.thaliproject.p2p.btconnectorlib.internal.bluetooth.le.BleScanner: setState: State changed from NOT_STARTED to RUNNING
02-10 15:37:59.620  4983  5058 D org.thaliproject.p2p.btconnectorlib.internal.bluetooth.le.BleScanner: notifyScannerStateChanged: started =  true. Current thread: Thread[Thread-5897,5,main], id: 5897
02-10 15:37:59.620  4983  5058 I org.thaliproject.p2p.btconnectorlib.internal.bluetooth.le.BlePeerDiscoverer: startScannerAndAdvertiser: adv = true, disc = true
02-10 15:37:59.621  4983  5058 D org.thaliproject.p2p.btconnectorlib.DiscoveryManager: startBlePeerDiscoverer: OK
02-10 15:37:59.621  4983  4983 D org.thaliproject.p2p.btconnectorlib.internal.bluetooth.le.BlePeerDiscoverer: updateState : Current thread: Thread[main,5,main], id: 1
02-10 15:37:59.621  4983  4983 D org.thaliproject.p2p.btconnectorlib.internal.bluetooth.le.BlePeerDiscoverer: updateState: deducedStateSet: [SCANNING, ADVERTISING]
02-10 15:37:59.621  4983  4983 D org.thaliproject.p2p.btconnectorlib.internal.bluetooth.le.BlePeerDiscoverer: updateState: stateSet: [ADVERTISING]
02-10 15:37:59.621  4983  4983 D org.thaliproject.p2p.btconnectorlib.internal.bluetooth.le.BlePeerDiscoverer: Current thread: Thread[main,5,main], id: 1
02-10 15:37:59.621  4983  4983 D org.thaliproject.p2p.btconnectorlib.internal.bluetooth.le.BlePeerDiscoverer: updateState: State changed from [ADVERTISING] to [SCANNING, ADVERTISING]Current thread: Thread[main,5,main], id: 1
02-10 15:37:59.621  4983  4983 D org.thaliproject.p2p.btconnectorlib.internal.bluetooth.le.BlePeerDiscoverer: update state finished. Current thread: Thread[main,5,main], id: 1
02-10 15:37:59.621  4983  4983 I org.thaliproject.p2p.btconnectorlib.internal.bluetooth.le.BlePeerDiscoverer: onIsScannerStartedChanged: trueCurrent thread: Thread[main,5,main], id: 1
02-10 15:37:59.622  4983  4983 D org.thaliproject.p2p.btconnectorlib.internal.bluetooth.le.BlePeerDiscoverer: updateState : Current thread: Thread[main,5,main], id: 1
02-10 15:37:59.622  4983  4983 D org.thaliproject.p2p.btconnectorlib.internal.bluetooth.le.BlePeerDiscoverer: updateState: deducedStateSet: [SCANNING, ADVERTISING]
02-10 15:37:59.622  4983  4983 D org.thaliproject.p2p.btconnectorlib.internal.bluetooth.le.BlePeerDiscoverer: updateState: stateSet: [SCANNING, ADVERTISING]
02-10 15:37:59.622  4983  4983 D org.thaliproject.p2p.btconnectorlib.internal.bluetooth.le.BlePeerDiscoverer: Current thread: Thread[main,5,main], id: 1
02-10 15:37:59.622  4983  4983 D org.thaliproject.p2p.btconnectorlib.internal.bluetooth.le.BlePeerDiscoverer: update state finished. Current thread: Thread[main,5,main], id: 1
02-10 15:37:59.622  4983  4983 I org.thaliproject.p2p.btconnectorlib.DiscoveryManager: onBlePeerDiscovererStateChanged: [ADVERTISING] -> [SCANNING, ADVERTISING] Current thread: Thread[main,5,main], id: 1
02-10 15:37:59.622  4983  5058 I org.thaliproject.p2p.btconnectorlib.DiscoveryManager: start: OK
02-10 15:37:59.622  4983  5058 D org.thaliproject.p2p.btconnectorlib.DiscoveryManager: updateState: Current thread: Thread[Thread-5897,5,main], id: 5897
02-10 15:37:59.624 13286 13302 D BtGatt.GattService: onScanFilterEnableDisabled() - clientIf=6, status=0, action=1
02-10 15:37:59.624 13286 13302 D BtGatt.ScanManager: callback done for clientIf - 6 status - 0
02-10 15:37:59.624 13286 13305 D BtGatt.ScanManager: configureFilterParamter 1500 10000 4 0
02-10 15:37:59.625  4983  5058 D org.thaliproject.p2p.btconnectorlib.DiscoveryManager: updateStateInternal Current thread: Thread[Thread-5897,5,main], id: 5897
02-10 15:37:59.625  4983  5058 D org.thaliproject.p2p.btconnectorlib.DiscoveryManager: updateState: State: RUNNING_BLE, is discovering: true, is advertising: true
02-10 15:37:59.625  4983  5058 D org.thaliproject.p2p.btconnectorlib.DiscoveryManager: updateStateInternal finished Current thread: Thread[Thread-5897,5,main], id: 5897
02-10 15:37:59.625 13286 13302 D BtGatt.GattService: onScanFilterParamsConfigured() - clientIf=6, status=0, action=0, availableSpace=31
02-10 15:37:59.625 13286 13302 D BtGatt.ScanManager: callback done for clientIf - 6 status - 0
02-10 15:37:59.625  4983  5058 D org.thaliproject.p2p.btconnectorlib.DiscoveryManager: updateState finished Current thread: Thread[Thread-5897,5,main], id: 5897
02-10 15:37:59.626  4983  5058 I io.jxcore.node.ConnectionHelper: start: OK
02-10 15:37:59.626  4983  4983 D org.thaliproject.p2p.btconnectorlib.DiscoveryManager: updateState: Current thread: Thread[main,5,main], id: 1
02-10 15:37:59.627  4983  5058 I jxcore-log: 2017-02-10 12:37:59 - DEBUG thaliMobileNativeWrapper: 'discoveryAdvertisingStateUpdateNonTCP: {"discoveryActive":false,"advertisingActive":true}'
02-10 15:37:59.627  4983  5058 I jxcore-log: 
02-10 15:37:59.628  4983  5058 I jxcore-log: 2017-02-10 12:37:59 - INFO thaliMobile: 'Received state ({"discoveryActive":false,"advertisingActive":true}) did not match with target ({"started":false,"listening":false,"advertising":false,"networkType":"BOTH","startArguments":{"router":null,"pskIdToSecret":null,"networkType":null}})'
02-10 15:37:59.628  4983  5058 I jxcore-log: 
02-10 15:37:59.628  4983  5058 I jxcore-log: 2017-02-10 12:37:59 - INFO thaliMobile: 'Filtered out discoveryAdvertisingStateUpdate (was in stopped state).'
02-10 15:37:59.628  4983  5058 I jxcore-log: 
02-10 15:37:59.629  4983  4983 D org.thaliproject.p2p.btconnectorlib.DiscoveryManager: updateStateInternal Current thread: Thread[main,5,main], id: 1
02-10 15:37:59.629  4983  4983 D org.thaliproject.p2p.btconnectorlib.DiscoveryManager: updateStateInternal finished Current thread: Thread[main,5,main], id: 1
02-10 15:37:59.629  4983  4983 D org.thaliproject.p2p.btconnectorlib.DiscoveryManager: updateState finished Current thread: Thread[main,5,main], id: 1
02-10 15:37:59.629  4983  4983 I io.jxcore.node.ConnectionHelper: onDiscoveryManagerStateChanged: State: RUNNING_BLE, is discovering: true, is advertising: true
02-10 15:37:59.629 13286 13305 D BtGatt.ScanManager: Starting BLE batch scan
02-10 15:37:59.629 13286 13305 D BtGatt.ScanManager: configuring batch scan storage, appIf 6
02-10 15:37:59.632 13286 13302 D BtGatt.GattService: onBatchScanStorageConfigured() - clientIf=6, status=0
02-10 15:37:59.632 13286 13302 D BtGatt.ScanManager: callback done for clientIf - 6 status - 0
02-10 15:37:59.634 13286 13302 D BtGatt.GattService: onBatchScanStartStopped() - clientIf=6, status=0, startStopAction=1
02-10 15:37:59.634 13286 13302 D BtGatt.ScanManager: callback done for clientIf - 6 status - 0
02-10 15:38:00.130  4983  4983 V io.jxcore.node.ConnectionHelper: Notifying discovery manager state change: is discovering: true, is advertising: true
02-10 15:38:00.130  4983  4983 V io.jxcore.node.StartStopOperation: isTargetState: Connectivity: RUNNING, discovery: RUNNING_BLE, is discovering: true, is advertising: true - Start operation: Should affect listening to advertisements only
02-10 15:38:00.130  4983  4983 D io.jxcore.node.StartStopOperationHandler: processCurrentOperationStatus: Operation successfully executed
02-10 15:38:00.134  4983  5058 I jxcore-log: ok 107 Can call startListeningForAdvertisements without error
02-10 15:38:00.134  4983  5058 I jxcore-log: 
02-10 15:38:00.136  4983  5058 I jxcore-log: 2017-02-10 12:38:00 - DEBUG thaliMobileNativeWrapper: 'discoveryAdvertisingStateUpdateNonTCP: {"discoveryActive":true,"advertisingActive":true}'
02-10 15:38:00.136  4983  5058 I jxcore-log: 
02-10 15:38:00.137  4983  5058 I jxcore-log: 2017-02-10 12:38:00 - INFO thaliMobile: 'Received state ({"discoveryActive":true,"advertisingActive":true}) did not match with target ({"started":false,"listening":false,"advertising":false,"networkType":"BOTH","startArguments":{"router":null,"pskIdToSecret":null,"networkType":null}})'
02-10 15:38:00.137  4983  5058 I jxcore-log: 
02-10 15:38:00.138  4983  5058 I jxcore-log: 2017-02-10 12:38:00 - INFO thaliMobile: 'Filtered out discoveryAdvertisingStateUpdate (was in stopped state).'
02-10 15:38:00.138  4983  5058 I jxcore-log: 
02-10 15:38:02.272 13286 13309 I bt_btm_sec: btm_sec_disconnected clearing pending flag handle:11 reason:22
02-10 15:38:02.275 13286 13302 E BluetoothRemoteDevices: state12newState1
02-10 15:38:02.283 13286 13286 D BluetoothMapService: onReceive
02-10 15:38:02.284 13286 13286 D BluetoothMapService: onReceive: android.bluetooth.device.action.ACL_DISCONNECTED
02-10 15:38:02.303 30288 30288 I BTConnectionReceiver: onReceive(context, Intent { act=android.bluetooth.device.action.ACL_DISCONNECTED flg=0x4000010 cmp=com.google.android.googlequicksearchbox/com.google.android.search.core.service.BluetoothConnectionReceiver (has extras) }, [BluetoothDevice: address=24:00:BA:F9:9A:9F, alias=null, name=XYZ, majorDeviceClass=512, deviceClass=524]
02-10 15:38:02.306 30288 30288 I BluetoothClassifier: Bluetooth Device Name: XYZ
02-10 15:38:02.775 13286 13286 D BtGatt.ScanManager: awakened up at time 6150448733
02-10 15:38:02.776 13286 13305 D BtGatt.ScanManager: flushPendingBatchResults - clientIf = 6
02-10 15:38:02.798 13286 13302 D BtGatt.GattService: onBatchScanReports() - clientIf=6, status=0, reportType=2, numRecords=4
02-10 15:38:02.798 13286 13302 D BtGatt.ScanManager: callback done for clientIf - 6 status - 0
02-10 15:38:02.798 13286 13302 D BtGatt.GattService: current time is 6150448755887774
02-10 15:38:02.798 13286 13302 D BtGatt.GattService: Batch record : [-79, -112, 24, -1, -82, 105, 1, -128, -78, 61, 0, 29, 17, 7, -115, -15, -102, -120, 66, -1, -105, -120, 46, 74, 68, -78, -73, -77, -8, 3, 10, 22, -73, -77, 5, -68, 117, 116, 58, -68, -8, 0, -8, -68, 58, 116, 117, -68, 0, -128, -78, 27, 0, 29, 17, 7, -115, -15, -102, -120, 66, -1, -105, -120, 46, 74, 68, -78, -73, -77, -8, 3, 10, 22, -73, -77, 5, -68, 117, 116, 58, -68, -8, 0, 60, -22, 112, -121, 108, 76, 1, -128, -61, 61, 0, 29, 17, 7, -115, -15, -102, -120, 66, -1, -105, -120, 46, 74, 68, -78, -73, -77, -8, 3, 10, 22, -73, -77, 5, 36, 0, -70, -7, -102, -97, 0, -97, -102, -7, -70, 0, 36, 0, -128, -61, 25, 0, 29, 17, 7, -115, -15, -102, -120, 66, -1, -105, -120, 46, 74, 68, -78, -73, -77, -8, 3, 10, 22, -73, -77, 5, 36, 0, -70, -7, -102, -97, 0]
02-10 15:38:02.798 13286 13302 D BtGatt.GattService: ScanRecord : [17, 7, -115, -15, -102, -120, 66, -1, -105, -120, 46, 74, 68, -78, -73, -77, -8, 3, 10, 22, -73, -77, 5, -68, 117, 116, 58, -68, -8]
02-10 15:38:02.798 13286 13302 D BtGatt.GattService: ScanRecord : [17, 7, -115, -15, -102, -120, 66, -1, -105, -120, 46, 74, 68, -78, -73, -77, -8, 3, 10, 22, -73, -77, 5, -68, 117, 116, 58, -68, -8]
02-10 15:38:02.799 13286 13302 D BtGatt.GattService: ScanRecord : [17, 7, -115, -15, -102, -120, 66, -1, -105, -120, 46, 74, 68, -78, -73, -77, -8, 3, 10, 22, -73, -77, 5, 36, 0, -70, -7, -102, -97]
02-10 15:38:02.799 13286 13302 D BtGatt.GattService: ScanRecord : [17, 7, -115, -15, -102, -120, 66, -1, -105, -120, 46, 74, 68, -78, -73, -77, -8, 3, 10, 22, -73, -77, 5, 36, 0, -70, -7, -102, -97]
02-10 15:38:02.799  4009  5119 I EventLogService: Opted in for usage reporting
02-10 15:38:02.800  4983  4983 D org.thaliproject.p2p.btconnectorlib.internal.bluetooth.le.BleScanner: onBatchScanResults: results count  = 4. Current thread: Thread[main,5,main], id: 1
02-10 15:38:02.800  4009  5119 I EventLogService: Aggregate from 1486728476804 (log), 1486728476804 (data)
02-10 15:38:02.800  4983  4983 D org.thaliproject.p2p.btconnectorlib.internal.bluetooth.le.BlePeerDiscoverer: checkScanResult: ScanResult{mDevice=4C:6C:87:70:EA:3C, mScanRecord=ScanRecord [mAdvertiseFlags=-1, mServiceUuids=[03f8b3b7-b244-4a2e-8897-ff42889af18d], mManufacturerSpecificData={}, mServiceData={0000b3b7-0000-1000-8000-00805f9b34fb=[5, 36, 0, -70, -7, -102, -97]}, mTxPowerLevel=-2147483648, mDeviceName=null], mRssi=-61, mTimestampNanos=6150445706139180}
02-10 15:38:02.800  4983  4983 D org.thaliproject.p2p.btconnectorlib.internal.bluetooth.le.BlePeerDiscoverer: checkScanResult: parsedAdvertisement: [UUID = null, bluetoothMacAddress = 24:00:BA:F9:9A:9F, provideBluetoothMacAddressRequestId = nullextra info = 5]
02-10 15:38:02.800  4983  4983 V org.thaliproject.p2p.btconnectorlib.internal.bluetooth.le.BlePeerDiscoverer: checkScanResult: Resolved advertisement type: ADVERTISEMENT_PEER_PROPERTIES
02-10 15:38:02.800  4983  4983 D org.thaliproject.p2p.btconnectorlib.internal.bluetooth.le.PeerAdvertisementFactory: Parsed advertisment: [UUID = 03f8b3b7-b244-4a2e-8897-ff42889af18d, bluetoothMacAddress = 24:00:BA:F9:9A:9F, provideBluetoothMacAddressRequestId = nullextra info = 5]
02-10 15:38:02.800  4983  4983 D org.thaliproject.p2p.btconnectorlib.internal.bluetooth.le.BlePeerDiscoverer: checkScanResult onPeerDiscovered [24:00:BA:F9:9A:9F 5]
02-10 15:38:02.801  4983  4983 D org.thaliproject.p2p.btconnectorlib.internal.bluetooth.le.BlePeerDiscoverer: checkScanResult: ScanResult{mDevice=69:AE:FF:18:90:B1, mScanRecord=ScanRecord [mAdvertiseFlags=-1, mServiceUuids=[03f8b3b7-b244-4a2e-8897-ff42889af18d], mManufacturerSpecificData={}, mServiceData={0000b3b7-0000-1000-8000-00805f9b34fb=[5, -68, 117, 116, 58, -68, -8]}, mTxPowerLevel=-2147483648, mDeviceName=null], mRssi=-78, mTimestampNanos=6150445706139180}
02-10 15:38:02.801  4983  4983 D org.thaliproject.p2p.btconnectorlib.internal.bluetooth.le.BlePeerDiscoverer: checkScanResult: parsedAdvertisement: [UUID = null, bluetoothMacAddress = BC:75:74:3A:BC:F8, provideBluetoothMacAddressRequestId = nullextra info = 5]
02-10 15:38:02.801  4983  4983 V org.thaliproject.p2p.btconnectorlib.internal.bluetooth.le.BlePeerDiscoverer: checkScanResult: Resolved advertisement type: ADVERTISEMENT_PEER_PROPERTIES
02-10 15:38:02.801  4983  4983 D org.thaliproject.p2p.btconnectorlib.internal.bluetooth.le.PeerAdvertisementFactory: Parsed advertisment: [UUID = 03f8b3b7-b244-4a2e-8897-ff42889af18d, bluetoothMacAddress = BC:75:74:3A:BC:F8, provideBluetoothMacAddressRequestId = nullextra info = 5]
02-10 15:38:02.801  4983  4983 D org.thaliproject.p2p.btconnectorlib.internal.bluetooth.le.BlePeerDiscoverer: checkScanResult onPeerDiscovered [BC:75:74:3A:BC:F8 5]
02-10 15:38:02.801  4983  4983 D org.thaliproject.p2p.btconnectorlib.internal.bluetooth.le.BlePeerDiscoverer: checkScanResult: ScanResult{mDevice=BC:75:74:3A:BC:F8, mScanRecord=ScanRecord [mAdvertiseFlags=-1, mServiceUuids=[03f8b3b7-b244-4a2e-8897-ff42889af18d], mManufacturerSpecificData={}, mServiceData={0000b3b7-0000-1000-8000-00805f9b34fb=[5, -68, 117, 116, 58, -68, -8]}, mTxPowerLevel=-2147483648, mDeviceName=null], mRssi=-78, mTimestampNanos=6150447406139180}
02-10 15:38:02.802  4983  4983 D org.thaliproject.p2p.btconnectorlib.internal.bluetooth.le.BlePeerDiscoverer: checkScanResult: parsedAdvertisement: [UUID = null, bluetoothMacAddress = BC:75:74:3A:BC:F8, provideBluetoothMacAddressRequestId = nullextra info = 5]
02-10 15:38:02.802  4983  4983 V org.thaliproject.p2p.btconnectorlib.internal.bluetooth.le.BlePeerDiscoverer: checkScanResult: Resolved advertisement type: ADVERTISEMENT_PEER_PROPERTIES
02-10 15:38:02.802  4983  4983 D org.thaliproject.p2p.btconnectorlib.internal.bluetooth.le.PeerAdvertisementFactory: Parsed advertisment: [UUID = 03f8b3b7-b244-4a2e-8897-ff42889af18d, bluetoothMacAddress = BC:75:74:3A:BC:F8, provideBluetoothMacAddressRequestId = nullextra info = 5]
02-10 15:38:02.802  4983  4983 D org.thaliproject.p2p.btconnectorlib.internal.bluetooth.le.BlePeerDiscoverer: checkScanResult onPeerDiscovered [BC:75:74:3A:BC:F8 5]
02-10 15:38:02.802  4983  4983 D org.thaliproject.p2p.btconnectorlib.internal.bluetooth.le.BlePeerDiscoverer: checkScanResult: ScanResult{mDevice=24:00:BA:F9:9A:9F, mScanRecord=ScanRecord [mAdvertiseFlags=-1, mServiceUuids=[03f8b3b7-b244-4a2e-8897-ff42889af18d], mManufacturerSpecificData={}, mServiceData={0000b3b7-0000-1000-8000-00805f9b34fb=[5, 36, 0, -70, -7, -102, -97]}, mTxPowerLevel=-2147483648, mDeviceName=null], mRssi=-61, mTimestampNanos=6150447506139180}
02-10 15:38:02.802  4983  4983 D org.thaliproject.p2p.btconnectorlib.internal.bluetooth.le.BlePeerDiscoverer: checkScanResult: parsedAdvertisement: [UUID = null, bluetoothMacAddress = 24:00:BA:F9:9A:9F, provideBluetoothMacAddressRequestId = nullextra info = 5]
02-10 15:38:02.802  4983  4983 V org.thaliproject.p2p.btconnectorlib.internal.bluetooth.le.BlePeerDiscoverer: checkScanResult: Resolved advertisement type: ADVERTISEMENT_PEER_PROPERTIES
02-10 15:38:02.802  4983  4983 D org.thaliproject.p2p.btconnectorlib.internal.bluetooth.le.PeerAdvertisementFactory: Parsed advertisment: [UUID = 03f8b3b7-b244-4a2e-8897-ff42889af18d, bluetoothMacAddress = 24:00:BA:F9:9A:9F, provideBluetoothMacAddressRequestId = nullextra info = 5]
02-10 15:38:02.802  4983  4983 D org.thaliproject.p2p.btconnectorlib.internal.bluetooth.le.BlePeerDiscoverer: checkScanResult onPeerDiscovered [24:00:BA:F9:9A:9F 5]
02-10 15:38:02.802  4983  4983 D org.thaliproject.p2p.btconnectorlib.DiscoveryManager: onPeerDiscovered: [24:00:BA:F9:9A:9F 5]
02-10 15:38:02.802  4983  4983 V org.thaliproject.p2p.btconnectorlib.utils.PeerModel: addOrUpdateDiscoveredPeer: [24:00:BA:F9:9A:9F 5]
02-10 15:38:02.803  4983  4983 D org.thaliproject.p2p.btconnectorlib.utils.PeerModel: Want to call onPeerAdded. Listeners size = 1
02-10 15:38:02.803  4983  4983 D org.thaliproject.p2p.btconnectorlib.DiscoveryManager: onPeerAdded: [24:00:BA:F9:9A:9F 5]
02-10 15:38:02.803  4983  4983 V org.thaliproject.p2p.btconnectorlib.utils.PeerModel: addOrUpdateDiscoveredPeer: New peer, [24:00:BA:F9:9A:9F 5], added - the peer count is 1
02-10 15:38:02.803  4983  4983 D org.thaliproject.p2p.btconnectorlib.DiscoveryManager: onPeerDiscovered: [BC:75:74:3A:BC:F8 5]
02-10 15:38:02.803  4983  4983 V org.thaliproject.p2p.btconnectorlib.utils.PeerModel: addOrUpdateDiscoveredPeer: [BC:75:74:3A:BC:F8 5]
02-10 15:38:02.803  4983  4983 D org.thaliproject.p2p.btconnectorlib.utils.PeerModel: Want to call onPeerAdded. Listeners size = 1
02-10 15:38:02.803  4983  4983 D org.thaliproject.p2p.btconnectorlib.DiscoveryManager: onPeerAdded: [BC:75:74:3A:BC:F8 5]
02-10 15:38:02.803  4983  4983 V org.thaliproject.p2p.btconnectorlib.utils.PeerModel: addOrUpdateDiscoveredPeer: New peer, [BC:75:74:3A:BC:F8 5], added - the peer count is 2
02-10 15:38:02.803  4983  4983 D org.thaliproject.p2p.btconnectorlib.DiscoveryManager: onPeerDiscovered: [BC:75:74:3A:BC:F8 5]
02-10 15:38:02.803  4983  4983 V org.thaliproject.p2p.btconnectorlib.utils.PeerModel: addOrUpdateDiscoveredPeer: [BC:75:74:3A:BC:F8 5]
02-10 15:38:02.803  4983  4983 D org.thaliproject.p2p.btconnectorlib.utils.PeerModel: has more info: false,  extra info differs: false
02-10 15:38:02.803  4983  4983 V org.thaliproject.p2p.btconnectorlib.utils.PeerModel: addOrUpdateDiscoveredPeer: Timestamp of peer [BC:75:74:3A:BC:F8 5] updated - the peer count is 2
02-10 15:38:02.803  4983  4983 D org.thaliproject.p2p.btconnectorlib.DiscoveryManager: onPeerDiscovered: [24:00:BA:F9:9A:9F 5]
02-10 15:38:02.803  4983  4983 V org.thaliproject.p2p.btconnectorlib.utils.PeerModel: addOrUpdateDiscoveredPeer: [24:00:BA:F9:9A:9F 5]
02-10 15:38:02.803  4983  4983 D org.thaliproject.p2p.btconnectorlib.utils.PeerModel: has more info: false,  extra info differs: false
02-10 15:38:02.803  4983  4983 V org.thaliproject.p2p.btconnectorlib.utils.PeerModel: addOrUpdateDiscoveredPeer: Timestamp of peer [24:00:BA:F9:9A:9F 5] updated - the peer count is 2
02-10 15:38:02.804  4983  4983 I io.jxcore.node.ConnectionHelper: onPeerDiscovered: [24:00:BA:F9:9A:9F 5], Bluetooth address: 24:00:BA:F9:9A:9F, device name: 'null', device address: 'null'
02-10 15:38:02.804  4983  4983 I io.jxcore.node.ConnectionHelper: onPeerDiscovered: [BC:75:74:3A:BC:F8 5], Bluetooth address: BC:75:74:3A:BC:F8, device name: 'null', device address: 'null'
02-10 15:38:02.808  4983  5058 D io.jxcore.node.JXcoreExtension: connect: 24:00:BA:F9:9A:9F
02-10 15:38:02.808  4983  5058 I io.jxcore.node.ConnectionHelper: connect: Trying to connect to peer with ID 24:00:BA:F9:9A:9F
02-10 15:38:02.808  4983  5058 I org.thaliproject.p2p.btconnectorlib.ConnectionManager: connect: [24:00:BA:F9:9A:9F 5]
02-10 15:38:02.809  4983  5058 I org.thaliproject.p2p.btconnectorlib.internal.bluetooth.BluetoothConnector: connect: Trying to start connecting to XYZ in address 24:00:BA:F9:9A:9F
02-10 15:38:02.810  4983  5058 I org.thaliproject.p2p.btconnectorlib.internal.bluetooth.BluetoothClientThread: setInsecureRfcommSocketPortNumber: Using port -1
02-10 15:38:02.810  4983  5058 I org.thaliproject.p2p.btconnectorlib.internal.bluetooth.BluetoothClientThread: setMaxNumberOfRetries: 0
02-10 15:38:02.810  4983  5058 I org.thaliproject.p2p.btconnectorlib.ConnectionManager: onConnecting: XYZ 24:00:BA:F9:9A:9F
02-10 15:38:02.810  4983  5058 D org.thaliproject.p2p.btconnectorlib.internal.bluetooth.BluetoothConnector: connect: Started connecting to XYZ in address 24:00:BA:F9:9A:9F
02-10 15:38:02.810  4983  5058 I io.jxcore.node.ConnectionHelper: connect: Connection process successfully started (peer ID: 24:00:BA:F9:9A:9F)
02-10 15:38:02.810  4983  5121 I org.thaliproject.p2p.btconnectorlib.internal.bluetooth.BluetoothClientThread: Trying to connect to peer with address 24:00:BA:F9:9A:9F (thread ID: 5916)
02-10 15:38:02.811  4983  5121 D org.thaliproject.p2p.btconnectorlib.internal.bluetooth.BluetoothClientThread: tryToConnect:  socketConnectSucceeded = false, mIsShuttingDown = false
02-10 15:38:02.811  4983  5121 D org.thaliproject.p2p.btconnectorlib.internal.bluetooth.BluetoothClientThread:  createSocketAndConnect: socket closed
02-10 15:38:02.811  4983  5121 D org.thaliproject.p2p.btconnectorlib.internal.bluetooth.BluetoothClientThread:  createSocketAndConnect: SYSTEM_DECIDED_INSECURE_RFCOMM_SOCKET_PORT
02-10 15:38:02.811  4983  5121 E org.thaliproject.p2p.btconnectorlib.internal.bluetooth.BluetoothClientThread:  createSocketAndConnect: connecting
02-10 15:38:02.812  4983  5121 W BluetoothAdapter: getBluetoothService() called with no BluetoothManagerCallback
02-10 15:38:02.827 13286 13309 I bt_btm_sec: btm_sec_disconnected clearing pending flag handle:12 reason:22
02-10 15:38:02.828 13286 13302 E BluetoothRemoteDevices: state12newState1
02-10 15:38:02.831 13286 13286 D BluetoothMapService: onReceive
02-10 15:38:02.831 13286 13286 D BluetoothMapService: onReceive: android.bluetooth.device.action.ACL_DISCONNECTED
02-10 15:38:02.838 30288 30288 I BTConnectionReceiver: onReceive(context, Intent { act=android.bluetooth.device.action.ACL_DISCONNECTED flg=0x4000010 cmp=com.google.android.googlequicksearchbox/com.google.android.search.core.service.BluetoothConnectionReceiver (has extras) }, [BluetoothDevice: address=BC:75:74:3A:BC:F8, alias=null, name=Nexus 6P, majorDeviceClass=512, deviceClass=524]
02-10 15:38:02.839 30288 30288 I BluetoothClassifier: Bluetooth Device Name: Nexus 6P
02-10 15:38:02.866  4009  5119 I ServiceDumpSys: dumping service [account]
02-10 15:38:03.234 13286 13309 W bt_btif : bta_dm_acl_change info: 0x10
02-10 15:38:03.235 13286 13302 D bt_btif_dm: remote version info [24:00:ba:f9:9a:9f]: 0, 0, 0
02-10 15:38:03.237 13286 13302 E BluetoothRemoteDevices: state12newState0
02-10 15:38:03.256 30288 30288 I BTConnectionReceiver: onReceive(context, Intent { act=android.bluetooth.device.action.ACL_CONNECTED flg=0x4000010 cmp=com.google.android.googlequicksearchbox/com.google.android.search.core.service.BluetoothConnectionReceiver (has extras) }, [BluetoothDevice: address=24:00:BA:F9:9A:9F, alias=null, name=XYZ, majorDeviceClass=512, deviceClass=524]
02-10 15:38:03.259 30288 30288 I BluetoothClassifier: Bluetooth Device Name: XYZ
02-10 15:38:03.278 13286 13309 W bt_sdp  : process_service_search_attr_rsp
02-10 15:38:03.299 13286 13286 D BtGatt.ScanManager: awakened up at time 6150449257
02-10 15:38:03.300 13286 13305 D BtGatt.ScanManager: flushPendingBatchResults - clientIf = 6
02-10 15:38:03.303 13286 13302 D BtGatt.GattService: onBatchScanReports() - clientIf=6, status=0, reportType=2, numRecords=2
02-10 15:38:03.303 13286 13302 D BtGatt.ScanManager: callback done for clientIf - 6 status - 0
02-10 15:38:03.303 13286 13302 D BtGatt.GattService: current time is 6150449261189753
02-10 15:38:03.303 13286 13302 D BtGatt.GattService: Batch record : [-97, -102, -7, -70, 0, 36, 0, -128, -59, 6, 0, 29, 17, 7, -115, -15, -102, -120, 66, -1, -105, -120, 46, 74, 68, -78, -73, -77, -8, 3, 10, 22, -73, -77, 5, 36, 0, -70, -7, -102, -97, 0, -8, -68, 58, 116, 117, -68, 0, -128, -77, 6, 0, 29, 17, 7, -115, -15, -102, -120, 66, -1, -105, -120, 46, 74, 68, -78, -73, -77, -8, 3, 10, 22, -73, -77, 5, -68, 117, 116, 58, -68, -8, 0]
02-10 15:38:03.304 13286 13302 D BtGatt.GattService: ScanRecord : [17, 7, -115, -15, -102, -120, 66, -1, -105, -120, 46, 74, 68, -78, -73, -77, -8, 3, 10, 22, -73, -77, 5, 36, 0, -70, -7, -102, -97]
02-10 15:38:03.304 13286 13302 D BtGatt.GattService: ScanRecord : [17, 7, -115, -15, -102, -120, 66, -1, -105, -120, 46, 74, 68, -78, -73, -77, -8, 3, 10, 22, -73, -77, 5, -68, 117, 116, 58, -68, -8]
02-10 15:38:03.305  4983  4983 D org.thaliproject.p2p.btconnectorlib.internal.bluetooth.le.BleScanner: onBatchScanResults: results count  = 2. Current thread: Thread[main,5,main], id: 1
02-10 15:38:03.305  4983  4983 D org.thaliproject.p2p.btconnectorlib.internal.bluetooth.le.BlePeerDiscoverer: checkScanResult: ScanResult{mDevice=24:00:BA:F9:9A:9F, mScanRecord=ScanRecord [mAdvertiseFlags=-1, mServiceUuids=[03f8b3b7-b244-4a2e-8897-ff42889af18d], mManufacturerSpecificData={}, mServiceData={0000b3b7-0000-1000-8000-00805f9b34fb=[5, 36, 0, -70, -7, -102, -97]}, mTxPowerLevel=-2147483648, mDeviceName=null], mRssi=-59, mTimestampNanos=6150448961410222}
02-10 15:38:03.306  4983  4983 D org.thaliproject.p2p.btconnectorlib.internal.bluetooth.le.BlePeerDiscoverer: checkScanResult: parsedAdvertisement: [UUID = null, bluetoothMacAddress = 24:00:BA:F9:9A:9F, provideBluetoothMacAddressRequestId = nullextra info = 5]
02-10 15:38:03.306  4983  4983 V org.thaliproject.p2p.btconnectorlib.internal.bluetooth.le.BlePeerDiscoverer: checkScanResult: Resolved advertisement type: ADVERTISEMENT_PEER_PROPERTIES
02-10 15:38:03.306  4983  4983 D org.thaliproject.p2p.btconnectorlib.internal.bluetooth.le.PeerAdvertisementFactory: Parsed advertisment: [UUID = 03f8b3b7-b244-4a2e-8897-ff42889af18d, bluetoothMacAddress = 24:00:BA:F9:9A:9F, provideBluetoothMacAddressRequestId = nullextra info = 5]
02-10 15:38:03.306  4983  4983 D org.thaliproject.p2p.btconnectorlib.internal.bluetooth.le.BlePeerDiscoverer: checkScanResult onPeerDiscovered [24:00:BA:F9:9A:9F 5]
02-10 15:38:03.306  4983  4983 D org.thaliproject.p2p.btconnectorlib.internal.bluetooth.le.BlePeerDiscoverer: checkScanResult: ScanResult{mDevice=BC:75:74:3A:BC:F8, mScanRecord=ScanRecord [mAdvertiseFlags=-1, mServiceUuids=[03f8b3b7-b244-4a2e-8897-ff42889af18d], mManufacturerSpecificData={}, mServiceData={0000b3b7-0000-1000-8000-00805f9b34fb=[5, -68, 117, 116, 58, -68, -8]}, mTxPowerLevel=-2147483648, mDeviceName=null], mRssi=-77, mTimestampNanos=6150448961410222}
02-10 15:38:03.307  4983  4983 D org.thaliproject.p2p.btconnectorlib.internal.bluetooth.le.BlePeerDiscoverer: checkScanResult: parse