02-10 15:37:25.049 30145 30204 I jxcore-log: 2017-02-10 12:37:25 - DEBUG thaliMobileNativeWrapper: 'discoveryAdvertisingStateUpdateNonTCP: {"discoveryActive":true,"advertisingActive":false}'
02-10 15:37:25.049 30145 30204 I jxcore-log: 
02-10 15:37:25.050 30145 30204 I jxcore-log: 2017-02-10 12:37:25 - INFO thaliMobile: 'Received state ({"discoveryActive":true,"advertisingActive":false}) did not match with target ({"started":false,"listening":false,"advertising":false,"networkType":"BOTH","startArguments":{"router":null,"pskIdToSecret":null,"networkType":null}})'
02-10 15:37:25.050 30145 30204 I jxcore-log: 
02-10 15:37:25.051 30145 30204 I jxcore-log: 2017-02-10 12:37:25 - INFO thaliMobile: 'Filtered out discoveryAdvertisingStateUpdate (was in stopped state).'
02-10 15:37:25.051 30145 30204 I jxcore-log: 
02-10 15:37:25.053 30145 30204 I jxcore-log: ok 71 Can call startListeningForAdvertisements twice without error
02-10 15:37:25.053 30145 30204 I jxcore-log: 
02-10 15:37:25.060 30145 30204 I jxcore-log: # teardown
02-10 15:37:25.060 30145 30204 I jxcore-log: 
02-10 15:37:25.072 30145 30204 D io.jxcore.node.JXcoreExtension: stopListeningForAdvertisements
02-10 15:37:25.073 30145 30204 I io.jxcore.node.ConnectionHelper: stop: Stopping only listening for advertisements
02-10 15:37:25.073 30145 30204 V io.jxcore.node.StartStopOperation: isTargetState: Connectivity: NOT_STARTED, discovery: RUNNING_BLE, is discovering: true, is advertising: false - Stop operation: Should affect listening to advertisements only
02-10 15:37:25.073 30145 30204 V io.jxcore.node.StartStopOperationHandler: executeCurrentOperation: Executing: Stop operation: Should affect listening to advertisements only
02-10 15:37:25.073 30145 30204 I org.thaliproject.p2p.btconnectorlib.DiscoveryManager: stopDiscovery
02-10 15:37:25.073 30145 30204 D org.thaliproject.p2p.btconnectorlib.internal.bluetooth.le.BlePeerDiscoverer: stopScanner: Current thread: Thread[Thread-3093,7,main], id: 3093
02-10 15:37:25.073 30145 30204 I org.thaliproject.p2p.btconnectorlib.internal.bluetooth.le.BlePeerDiscoverer: stopScanner: Stopping...
02-10 15:37:25.073 30145 30204 D org.thaliproject.p2p.btconnectorlib.internal.bluetooth.le.BleScanner: stop, Current thread: Thread[Thread-3093,7,main], id: 3093
02-10 15:37:25.074 30145 30204 D BluetoothAdapter: STATE_ON
02-10 15:37:25.074 31626 31644 D BtGatt.GattService: flushPendingBatchResults - clientIf=5, isServer=false
02-10 15:37:25.075 30145 30204 D org.thaliproject.p2p.btconnectorlib.internal.bluetooth.le.BleScanner: stop: scan results are flushed 
02-10 15:37:25.075 31626 31647 D BtGatt.ScanManager: flushPendingBatchResults - clientIf = 5
02-10 15:37:25.075 30145 30204 D BluetoothAdapter: STATE_ON
02-10 15:37:25.076 31626 31638 D BtGatt.GattService: stopScan() - queue size =1
02-10 15:37:25.078 31626 31637 D BtGatt.GattService: unregisterClient() - clientIf=5
02-10 15:37:25.078 30145 30204 D org.thaliproject.p2p.btconnectorlib.internal.bluetooth.le.BleScanner: stop: Stopped
02-10 15:37:25.079 30145 30204 D org.thaliproject.p2p.btconnectorlib.internal.bluetooth.le.BleScanner: set state: Current thread: Thread[Thread-3093,7,main], id: 3093
02-10 15:37:25.079 30145 30204 D org.thaliproject.p2p.btconnectorlib.internal.bluetooth.le.BleScanner: setState: State changed from RUNNING to NOT_STARTED
02-10 15:37:25.079 30145 30204 D org.thaliproject.p2p.btconnectorlib.internal.bluetooth.le.BleScanner: notifyScannerStateChanged: started =  false. Current thread: Thread[Thread-3093,7,main], id: 3093
02-10 15:37:25.079 30145 30204 D org.thaliproject.p2p.btconnectorlib.internal.bluetooth.le.BleScanner: stop finished, Current thread: Thread[Thread-3093,7,main], id: 3093
02-10 15:37:25.079 30145 30145 I org.thaliproject.p2p.btconnectorlib.internal.bluetooth.le.BlePeerDiscoverer: onIsScannerStartedChanged: falseCurrent thread: Thread[main,5,main], id: 1
02-10 15:37:25.079 30145 30145 D org.thaliproject.p2p.btconnectorlib.internal.bluetooth.le.BlePeerDiscoverer: updateState : Current thread: Thread[main,5,main], id: 1
02-10 15:37:25.079 30145 30204 I org.thaliproject.p2p.btconnectorlib.DiscoveryManager: stop: Stopping peer discovery...
02-10 15:37:25.080 30145 30145 D org.thaliproject.p2p.btconnectorlib.internal.bluetooth.le.BlePeerDiscoverer: updateState: deducedStateSet: [NOT_STARTED]
02-10 15:37:25.080 30145 30145 D org.thaliproject.p2p.btconnectorlib.internal.bluetooth.le.BlePeerDiscoverer: updateState: stateSet: [SCANNING]
02-10 15:37:25.080 30145 30204 D org.thaliproject.p2p.btconnectorlib.DiscoveryManager: stopForRestart Current thread: Thread[Thread-3093,7,main], id: 3093
02-10 15:37:25.080 30145 30145 D org.thaliproject.p2p.btconnectorlib.internal.bluetooth.le.BlePeerDiscoverer: Current thread: Thread[main,5,main], id: 1
02-10 15:37:25.080 30145 30204 D org.thaliproject.p2p.btconnectorlib.DiscoveryManager: stopForRestart. RUNNING_BLE
02-10 15:37:25.080 30145 30145 D org.thaliproject.p2p.btconnectorlib.internal.bluetooth.le.BlePeerDiscoverer: updateState: State changed from [SCANNING] to [NOT_STARTED]Current thread: Thread[main,5,main], id: 1
02-10 15:37:25.080 30145 30204 D org.thaliproject.p2p.btconnectorlib.internal.BluetoothMacAddressResolutionHelper: stopProvideBluetoothMacAddressMode
02-10 15:37:25.080 30145 30145 D org.thaliproject.p2p.btconnectorlib.internal.bluetooth.le.BlePeerDiscoverer: update state finished. Current thread: Thread[main,5,main], id: 1
02-10 15:37:25.080 30145 30145 I org.thaliproject.p2p.btconnectorlib.DiscoveryManager: onBlePeerDiscovererStateChanged: [SCANNING] -> [NOT_STARTED] Current thread: Thread[main,5,main], id: 1
02-10 15:37:25.080 30145 30204 D org.thaliproject.p2p.btconnectorlib.internal.bluetooth.le.BlePeerDiscoverer: stopScannerAndAdvertiser: Current thread: Thread[Thread-3093,7,main], id: 3093
02-10 15:37:25.080 30145 30204 D org.thaliproject.p2p.btconnectorlib.internal.bluetooth.le.BlePeerDiscoverer: stopPeerAddressHelperAdvertiser Current thread: Thread[Thread-3093,7,main], id: 3093
02-10 15:37:25.080 30145 30204 D org.thaliproject.p2p.btconnectorlib.internal.bluetooth.le.BlePeerDiscoverer: stopScanner: Current thread: Thread[Thread-3093,7,main], id: 3093
02-10 15:37:25.080 30145 30204 D org.thaliproject.p2p.btconnectorlib.internal.bluetooth.le.BleScanner: stop, Current thread: Thread[Thread-3093,7,main], id: 3093
02-10 15:37:25.081 30145 30204 D BluetoothAdapter: STATE_ON
02-10 15:37:25.082 30145 30204 D org.thaliproject.p2p.btconnectorlib.internal.bluetooth.le.BleScanner: stop: scan results are flushed 
02-10 15:37:25.082 30145 30204 D BluetoothAdapter: STATE_ON
02-10 15:37:25.083 30145 30204 D BluetoothLeScanner: could not find callback wrapper
02-10 15:37:25.083 30145 30204 D org.thaliproject.p2p.btconnectorlib.internal.bluetooth.le.BleScanner: stop: Stopped
02-10 15:37:25.083 30145 30204 D org.thaliproject.p2p.btconnectorlib.internal.bluetooth.le.BleScanner: set state: Current thread: Thread[Thread-3093,7,main], id: 3093
02-10 15:37:25.083 30145 30204 D org.thaliproject.p2p.btconnectorlib.internal.bluetooth.le.BleScanner: stop finished, Current thread: Thread[Thread-3093,7,main], id: 3093
02-10 15:37:25.083 30145 30204 D org.thaliproject.p2p.btconnectorlib.internal.bluetooth.le.BlePeerDiscoverer: stopAdvertiser:Current thread: Thread[Thread-3093,7,main], id: 3093
02-10 15:37:25.083 30145 30204 D org.thaliproject.p2p.btconnectorlib.internal.bluetooth.le.BleAdvertiser: stop. Current thread: Thread[Thread-3093,7,main], id: 3093
02-10 15:37:25.083 30145 30204 D org.thaliproject.p2p.btconnectorlib.internal.bluetooth.le.BleAdvertiser: stop: Stopped
02-10 15:37:25.083 30145 30204 D org.thaliproject.p2p.btconnectorlib.internal.bluetooth.le.BleAdvertiser: setState: current  = NOT_STARTED, new = NOT_STARTEDCurrent thread: Thread[Thread-3093,7,main], id: 3093
02-10 15:37:25.083 30145 30204 D org.thaliproject.p2p.btconnectorlib.internal.bluetooth.le.BleAdvertiser: setState: finished Current thread: Thread[Thread-3093,7,main], id: 3093
02-10 15:37:25.083 30145 30204 D org.thaliproject.p2p.btconnectorlib.internal.bluetooth.le.BleAdvertiser: stop finished. Current thread: Thread[Thread-3093,7,main], id: 3093
02-10 15:37:25.083 30145 30204 D org.thaliproject.p2p.btconnectorlib.DiscoveryManager: stopBlePeerDiscoverer: Stopped
02-10 15:37:25.083 30145 30204 I org.thaliproject.p2p.btconnectorlib.internal.wifi.WifiDirectManager: release: No more listeners, de-initializing...
02-10 15:37:25.084 30145 30204 D org.thaliproject.p2p.btconnectorlib.internal.bluetooth.BluetoothManager: release: 1 listener(s) left
02-10 15:37:25.084 30145 30204 D org.thaliproject.p2p.btconnectorlib.DiscoveryManager: updateState: Current thread: Thread[Thread-3093,7,main], id: 3093
02-10 15:37:25.084 31626 31643 D BtGatt.GattService: onBatchScanReports() - clientIf=5, status=0, reportType=2, numRecords=0
02-10 15:37:25.084 31626 31643 D BtGatt.ScanManager: callback done for clientIf - 5 status - 0
02-10 15:37:25.084 31626 31643 E BtGatt.ContextMap: Context not found for ID 5
02-10 15:37:25.085 31626 31626 D BtGatt.ScanManager: awakened up at time 5175618043
02-10 15:37:25.086 30145 30204 D org.thaliproject.p2p.btconnectorlib.DiscoveryManager: updateStateInternal Current thread: Thread[Thread-3093,7,main], id: 3093
02-10 15:37:25.086 30145 30204 D org.thaliproject.p2p.btconnectorlib.DiscoveryManager: updateState: State: NOT_STARTED, is discovering: false, is advertising: false
02-10 15:37:25.086 30145 30204 D org.thaliproject.p2p.btconnectorlib.DiscoveryManager: updateStateInternal finished Current thread: Thread[Thread-3093,7,main], id: 3093
02-10 15:37:25.086 30145 30204 D org.thaliproject.p2p.btconnectorlib.DiscoveryManager: updateState finished Current thread: Thread[Thread-3093,7,main], id: 3093
02-10 15:37:25.086 30145 30145 D org.thaliproject.p2p.btconnectorlib.DiscoveryManager: updateState: Current thread: Thread[main,5,main], id: 1
02-10 15:37:25.088 30145 30145 D org.thaliproject.p2p.btconnectorlib.DiscoveryManager: updateStateInternal Current thread: Thread[main,5,main], id: 1
02-10 15:37:25.088 30145 30145 D org.thaliproject.p2p.btconnectorlib.DiscoveryManager: updateStateInternal finished Current thread: Thread[main,5,main], id: 1
02-10 15:37:25.088 30145 30145 D org.thaliproject.p2p.btconnectorlib.DiscoveryManager: updateState finished Current thread: Thread[main,5,main], id: 1
02-10 15:37:25.088 30145 30145 I org.thaliproject.p2p.btconnectorlib.DiscoveryManager: start: Discovery mode: BLE, start discovery: false, start advertiser: false
02-10 15:37:25.088 30145 30145 I org.thaliproject.p2p.btconnectorlib.DiscoveryManager: start: Discovery mode: BLE, start discovery: false, start advertiser: false
02-10 15:37:25.088 30145 30145 I io.jxcore.node.ConnectionHelper: onDiscoveryManagerStateChanged: State: NOT_STARTED, is discovering: false, is advertising: false
02-10 15:37:25.093 31626 31643 D BtGatt.GattService: onScanFilterParamsConfigured() - clientIf=5, status=0, action=1, availableSpace=32
02-10 15:37:25.094 31626 31643 D BtGatt.ScanManager: callback done for clientIf - 5 status - 0
02-10 15:37:25.094 31626 31647 D BtGatt.ScanManager: stopping BLe Batch
02-10 15:37:25.099 31626 31643 D BtGatt.GattService: onBatchScanStartStopped() - clientIf=5, status=0, startStopAction=0
02-10 15:37:25.099 31626 31643 D BtGatt.ScanManager: callback done for clientIf - 5 status - 0
02-10 15:37:25.099 31626 31647 D BtGatt.ScanManager: flushPendingBatchResults - clientIf = 5
02-10 15:37:25.105 31626 31643 D BtGatt.GattService: onBatchScanReports() - clientIf=5, status=0, reportType=2, numRecords=0
02-10 15:37:25.105 31626 31643 D BtGatt.ScanManager: callback done for clientIf - 5 status - 0
02-10 15:37:25.589 30145 30145 V io.jxcore.node.ConnectionHelper: Notifying discovery manager state change: is discovering: false, is advertising: false
02-10 15:37:25.589 30145 30145 V io.jxcore.node.StartStopOperation: isTargetState: Connectivity: NOT_STARTED, discovery: NOT_STARTED, is discovering: false, is advertising: false - Stop operation: Should affect listening to advertisements only
02-10 15:37:25.590 30145 30145 D io.jxcore.node.StartStopOperationHandler: processCurrentOperationStatus: Operation successfully executed
02-10 15:37:25.594 30145 30204 I jxcore-log: ok 72 Should be able to call stopListeningForAdvertisements in teardown
02-10 15:37:25.594 30145 30204 I jxcore-log: 
02-10 15:37:25.596 30145 30204 D io.jxcore.node.JXcoreExtension: stopAdvertisingAndListening
02-10 15:37:25.597 30145 30204 I io.jxcore.node.ConnectionHelper: stop: Stopping all activities and killing connections
02-10 15:37:25.597 30145 30204 V io.jxcore.node.StartStopOperation: isTargetState: Connectivity: NOT_STARTED, discovery: NOT_STARTED, is discovering: false, is advertising: false - Stop operation: Should start/stop everything
02-10 15:37:25.597 30145 30204 V io.jxcore.node.StartStopOperationHandler: executeCurrentOperation: The current state already matches the desired outcome of this operation, skipping...
02-10 15:37:25.600 30145 30204 I jxcore-log: 2017-02-10 12:37:25 - DEBUG thaliMobileNativeWrapper: 'discoveryAdvertisingStateUpdateNonTCP: {"discoveryActive":false,"advertisingActive":false}'
02-10 15:37:25.600 30145 30204 I jxcore-log: 
02-10 15:37:25.610 30145 30204 I jxcore-log: 2017-02-10 12:37:25 - INFO thaliMobile: 'Filtered out discoveryAdvertisingStateUpdate (was in stopped state).'
02-10 15:37:25.610 30145 30204 I jxcore-log: 
02-10 15:37:25.612 30145 30204 I jxcore-log: ok 73 Should be able to call stopAdvertisingAndListening in teardown
02-10 15:37:25.612 30145 30204 I jxcore-log: 
02-10 15:37:25.615 30145 30204 I jxcore-log: 2017-02-10 12:37:25 - DEBUG thaliMobileNativeWrapper: 'Method peerAvailabilityChanged registered to native'
02-10 15:37:25.615 30145 30204 I jxcore-log: 
02-10 15:37:25.618 30145 30204 I jxcore-log: 2017-02-10 12:37:25 - DEBUG thaliMobileNativeWrapper: 'Method discoveryAdvertisingStateUpdateNonTCP registered to native'
02-10 15:37:25.618 30145 30204 I jxcore-log: 
02-10 15:37:25.620 30145 30204 I jxcore-log: 2017-02-10 12:37:25 - DEBUG thaliMobileNativeWrapper: 'Method multiConnectResolved registered to native'
02-10 15:37:25.620 30145 30204 I jxcore-log: 
02-10 15:37:25.628 30145 30204 V io.jxcore.node.ConnectivityMonitor: updateConnectivityInfo: FORCED notification:
02-10 15:37:25.628 30145 30204 V io.jxcore.node.ConnectivityMonitor:     - is Wi-Fi Direct supported: true
02-10 15:37:25.628 30145 30204 V io.jxcore.node.ConnectivityMonitor:     - is Bluetooth LE multiple advertisement supported: SUPPORTED
02-10 15:37:25.628 30145 30204 V io.jxcore.node.ConnectivityMonitor:     - is Wi-Fi enabled: true
02-10 15:37:25.628 30145 30204 V io.jxcore.node.ConnectivityMonitor:     - is Bluetooth enabled: true
02-10 15:37:25.628 30145 30204 V io.jxcore.node.ConnectivityMonitor:     - BSSID name: 70:cd:60:ff:5a:07
02-10 15:37:25.628 30145 30204 V io.jxcore.node.ConnectivityMonitor:     - SSID name: "T"
02-10 15:37:25.628 30145 30204 V io.jxcore.node.ConnectivityMonitor:     - is connected/connecting to active network: true
02-10 15:37:25.628 30145 30204 V io.jxcore.node.ConnectivityMonitor:     - active network type is Wi-Fi: true
02-10 15:37:25.632 30145 30204 D io.jxcore.node.JXcoreExtension: notifyNetworkChanged: BLE: ON, Bluetooth: ON, Wi-Fi: ON, cellular: DO_NOT_CARE, BSSID name: 70:cd:60:ff:5a:07, SSID name: "T"
02-10 15:37:25.634 30145 30204 I jxcore-log: 2017-02-10 12:37:25 - DEBUG thaliMobileNativeWrapper: 'Method networkChanged registered to native'
02-10 15:37:25.634 30145 30204 I jxcore-log: 
02-10 15:37:25.636 30145 30204 I jxcore-log: 2017-02-10 12:37:25 - DEBUG thaliMobileNativeWrapper: 'Method multiConnectConnectionFailure registered to native'
02-10 15:37:25.636 30145 30204 I jxcore-log: 
02-10 15:37:25.638 30145 30204 I jxcore-log: 2017-02-10 12:37:25 - DEBUG thaliMobileNativeWrapper: 'Method incomingConnectionToPortNumberFailed registered to native'
02-10 15:37:25.638 30145 30204 I jxcore-log: 
02-10 15:37:25.644 30145 30204 I jxcore-log: # setup
02-10 15:37:25.644 30145 30204 I jxcore-log: 
02-10 15:37:25.647 30145 30204 I jxcore-log: 2017-02-10 12:37:25 - DEBUG thaliMobileNativeWrapper: 'networkChanged: {"bluetoothLowEnergy":"on","bluetooth":"on","wifi":"on","cellular":"doNotCare","bssidName":"70:cd:60:ff:5a:07","ssidName":"T"}'
02-10 15:37:25.647 30145 30204 I jxcore-log: 
02-10 15:37:25.647 30145 30204 I jxcore-log: 2017-02-10 12:37:25 - INFO thaliMobile: 'Filtered out networkChangedNonTCP (was in stopped state).'
02-10 15:37:25.647 30145 30204 I jxcore-log: 
02-10 15:37:25.811 30145 30204 I jxcore-log: # Calling stopListeningForAdvertisements without calling start is NOT an error
02-10 15:37:25.811 30145 30204 I jxcore-log: 
02-10 15:37:26.936 30145 30204 D io.jxcore.node.JXcoreExtension: stopListeningForAdvertisements
02-10 15:37:26.937 30145 30204 I io.jxcore.node.ConnectionHelper: stop: Stopping only listening for advertisements
02-10 15:37:26.937 30145 30204 V io.jxcore.node.StartStopOperation: isTargetState: Connectivity: NOT_STARTED, discovery: NOT_STARTED, is discovering: false, is advertising: false - Stop operation: Should affect listening to advertisements only
02-10 15:37:26.937 30145 30204 V io.jxcore.node.StartStopOperationHandler: executeCurrentOperation: The current state already matches the desired outcome of this operation, skipping...
02-10 15:37:26.940 30145 30204 I jxcore-log: ok 74 Can call stopListeningForAdvertisements without error
02-10 15:37:26.940 30145 30204 I jxcore-log: 
02-10 15:37:26.941 30145 30204 D io.jxcore.node.JXcoreExtension: stopListeningForAdvertisements
02-10 15:37:26.941 30145 30204 I io.jxcore.node.ConnectionHelper: stop: Stopping only listening for advertisements
02-10 15:37:26.941 30145 30204 V io.jxcore.node.StartStopOperation: isTargetState: Connectivity: NOT_STARTED, discovery: NOT_STARTED, is discovering: false, is advertising: false - Stop operation: Should affect listening to advertisements only
02-10 15:37:26.941 30145 30204 V io.jxcore.node.StartStopOperationHandler: executeCurrentOperation: The current state already matches the desired outcome of this operation, skipping...
02-10 15:37:26.944 30145 30204 I jxcore-log: ok 75 Can call stopListeningForAdvertisements without error
02-10 15:37:26.944 30145 30204 I jxcore-log: 
02-10 15:37:26.954 30145 30204 I jxcore-log: # teardown
02-10 15:37:26.954 30145 30204 I jxcore-log: 
02-10 15:37:26.994 30145 30204 D io.jxcore.node.JXcoreExtension: stopListeningForAdvertisements
02-10 15:37:26.995 30145 30204 I io.jxcore.node.ConnectionHelper: stop: Stopping only listening for advertisements
02-10 15:37:26.995 30145 30204 V io.jxcore.node.StartStopOperation: isTargetState: Connectivity: NOT_STARTED, discovery: NOT_STARTED, is discovering: false, is advertising: false - Stop operation: Should affect listening to advertisements only
02-10 15:37:26.995 30145 30204 V io.jxcore.node.StartStopOperationHandler: executeCurrentOperation: The current state already matches the desired outcome of this operation, skipping...
02-10 15:37:26.997 30145 30204 I jxcore-log: ok 76 Should be able to call stopListeningForAdvertisements in teardown
02-10 15:37:26.997 30145 30204 I jxcore-log: 
02-10 15:37:26.998 30145 30204 D io.jxcore.node.JXcoreExtension: stopAdvertisingAndListening
02-10 15:37:26.998 30145 30204 I io.jxcore.node.ConnectionHelper: stop: Stopping all activities and killing connections
02-10 15:37:26.998 30145 30204 V io.jxcore.node.StartStopOperation: isTargetState: Connectivity: NOT_STARTED, discovery: NOT_STARTED, is discovering: false, is advertising: false - Stop operation: Should start/stop everything
02-10 15:37:26.998 30145 30204 V io.jxcore.node.StartStopOperationHandler: executeCurrentOperation: The current state already matches the desired outcome of this operation, skipping...
02-10 15:37:26.999 30145 30204 I jxcore-log: ok 77 Should be able to call stopAdvertisingAndListening in teardown
02-10 15:37:26.999 30145 30204 I jxcore-log: 
02-10 15:37:27.001 30145 30204 I jxcore-log: 2017-02-10 12:37:27 - DEBUG thaliMobileNativeWrapper: 'Method peerAvailabilityChanged registered to native'
02-10 15:37:27.001 30145 30204 I jxcore-log: 
02-10 15:37:27.002 30145 30204 I jxcore-log: 2017-02-10 12:37:27 - DEBUG thaliMobileNativeWrapper: 'Method discoveryAdvertisingStateUpdateNonTCP registered to native'
02-10 15:37:27.002 30145 30204 I jxcore-log: 
02-10 15:37:27.003 30145 30204 I jxcore-log: 2017-02-10 12:37:27 - DEBUG thaliMobileNativeWrapper: 'Method multiConnectResolved registered to native'
02-10 15:37:27.003 30145 30204 I jxcore-log: 
02-10 15:37:27.010 30145 30204 V io.jxcore.node.ConnectivityMonitor: updateConnectivityInfo: FORCED notification:
02-10 15:37:27.010 30145 30204 V io.jxcore.node.ConnectivityMonitor:     - is Wi-Fi Direct supported: true
02-10 15:37:27.010 30145 30204 V io.jxcore.node.ConnectivityMonitor:     - is Bluetooth LE multiple advertisement supported: SUPPORTED
02-10 15:37:27.010 30145 30204 V io.jxcore.node.ConnectivityMonitor:     - is Wi-Fi enabled: true
02-10 15:37:27.010 30145 30204 V io.jxcore.node.ConnectivityMonitor:     - is Bluetooth enabled: true
02-10 15:37:27.010 30145 30204 V io.jxcore.node.ConnectivityMonitor:     - BSSID name: 70:cd:60:ff:5a:07
02-10 15:37:27.010 30145 30204 V io.jxcore.node.ConnectivityMonitor:     - SSID name: "T"
02-10 15:37:27.010 30145 30204 V io.jxcore.node.ConnectivityMonitor:     - is connected/connecting to active network: true
02-10 15:37:27.010 30145 30204 V io.jxcore.node.ConnectivityMonitor:     - active network type is Wi-Fi: true
02-10 15:37:27.012 30145 30204 D io.jxcore.node.JXcoreExtension: notifyNetworkChanged: BLE: ON, Bluetooth: ON, Wi-Fi: ON, cellular: DO_NOT_CARE, BSSID name: 70:cd:60:ff:5a:07, SSID name: "T"
02-10 15:37:27.013 30145 30204 I jxcore-log: 2017-02-10 12:37:27 - DEBUG thaliMobileNativeWrapper: 'Method networkChanged registered to native'
02-10 15:37:27.013 30145 30204 I jxcore-log: 
02-10 15:37:27.015 30145 30204 I jxcore-log: 2017-02-10 12:37:27 - DEBUG thaliMobileNativeWrapper: 'Method multiConnectConnectionFailure registered to native'
02-10 15:37:27.015 30145 30204 I jxcore-log: 
02-10 15:37:27.017 30145 30204 I jxcore-log: 2017-02-10 12:37:27 - DEBUG thaliMobileNativeWrapper: 'Method incomingConnectionToPortNumberFailed registered to native'
02-10 15:37:27.017 30145 30204 I jxcore-log: 
02-10 15:37:27.024 30145 30204 I jxcore-log: # setup
02-10 15:37:27.024 30145 30204 I jxcore-log: 
02-10 15:37:27.026 30145 30204 I jxcore-log: 2017-02-10 12:37:27 - DEBUG thaliMobileNativeWrapper: 'networkChanged: {"bluetoothLowEnergy":"on","bluetooth":"on","wifi":"on","cellular":"doNotCare","bssidName":"70:cd:60:ff:5a:07","ssidName":"T"}'
02-10 15:37:27.026 30145 30204 I jxcore-log: 
02-10 15:37:27.027 30145 30204 I jxcore-log: 2017-02-10 12:37:27 - INFO thaliMobile: 'Filtered out networkChangedNonTCP (was in stopped state).'
02-10 15:37:27.027 30145 30204 I jxcore-log: 
02-10 15:37:27.087 30145 30204 I jxcore-log: # Can call start/stopUpdateAdvertisingAndListening
02-10 15:37:27.087 30145 30204 I jxcore-log: 
02-10 15:37:28.265 30145 30204 D io.jxcore.node.JXcoreExtension: startUpdateAdvertisingAndListening
02-10 15:37:28.271 30145 30204 I io.jxcore.node.ConnectionHelper: start: Port number: 4242, start advertisements: true
02-10 15:37:28.271 30145 30204 V io.jxcore.node.ConnectivityMonitor: start: Already started
02-10 15:37:28.272 30145 30204 I io.jxcore.node.StartStopOperationHandler: updateBeaconAdExtraInformation: New value: 0
02-10 15:37:28.272 30145 30204 I org.thaliproject.p2p.btconnectorlib.DiscoveryManagerSettings: setBeaconAdExtraInformation: 256 -> 0
02-10 15:37:28.272 30145 30204 I org.thaliproject.p2p.btconnectorlib.internal.AbstractBluetoothConnectivityAgent: clearIdentityString
02-10 15:37:28.276 30145 30204 I org.thaliproject.p2p.btconnectorlib.internal.AbstractBluetoothConnectivityAgent: verifyIdentityString: Identity string created: {"generation":0,"address":"24:00:BA:F9:9A:9F"}
02-10 15:37:28.276 30145 30204 D org.thaliproject.p2p.btconnectorlib.internal.bluetooth.BluetoothConnector: setIdentityString: {"generation":0,"address":"24:00:BA:F9:9A:9F"}
02-10 15:37:28.277 30145 30204 D org.thaliproject.p2p.btconnectorlib.DiscoveryManager: onAdvertiseScanSettingsChanged: Current thread: Thread[Thread-3093,7,main], id: 3093
02-10 15:37:28.277 30145 30204 I org.thaliproject.p2p.btconnectorlib.internal.AbstractBluetoothConnectivityAgent: clearIdentityString
02-10 15:37:28.280 30145 30204 I org.thaliproject.p2p.btconnectorlib.internal.AbstractBluetoothConnectivityAgent: verifyIdentityString: Identity string created: {"generation":0,"address":"24:00:BA:F9:9A:9F"}
02-10 15:37:28.280 30145 30204 D org.thaliproject.p2p.btconnectorlib.internal.bluetooth.BluetoothConnector: setIdentityString: {"generation":0,"address":"24:00:BA:F9:9A:9F"}
02-10 15:37:28.280 30145 30204 D org.thaliproject.p2p.btconnectorlib.DiscoveryManager: onAdvertiseScanSettingsChanged: Current thread: Thread[Thread-3093,7,main], id: 3093
02-10 15:37:28.280 30145 30204 I org.thaliproject.p2p.btconnectorlib.internal.AbstractBluetoothConnectivityAgent: clearIdentityString
02-10 15:37:28.283 30145 30204 I org.thaliproject.p2p.btconnectorlib.internal.AbstractBluetoothConnectivityAgent: verifyIdentityString: Identity string created: {"generation":0,"address":"24:00:BA:F9:9A:9F"}
02-10 15:37:28.283 30145 30204 D org.thaliproject.p2p.btconnectorlib.internal.bluetooth.BluetoothConnector: setIdentityString: {"generation":0,"address":"24:00:BA:F9:9A:9F"}
02-10 15:37:28.284 30145 30204 D org.thaliproject.p2p.btconnectorlib.DiscoveryManager: onAdvertiseScanSettingsChanged: Current thread: Thread[Thread-3093,7,main], id: 3093
02-10 15:37:28.284 30145 30204 V io.jxcore.node.StartStopOperation: isTargetState: Connectivity: NOT_STARTED, discovery: NOT_STARTED, is discovering: false, is advertising: false - Start operation: Should start/stop everything
02-10 15:37:28.284 30145 30204 V io.jxcore.node.StartStopOperationHandler: executeCurrentOperation: Executing: Start operation: Should start/stop everything
02-10 15:37:28.284 30145 30204 D org.thaliproject.p2p.btconnectorlib.ConnectionManager: startListeningForIncomingConnections
02-10 15:37:28.285 30145 30204 I org.thaliproject.p2p.btconnectorlib.internal.bluetooth.BluetoothManager: bind: Binding a new listener
02-10 15:37:28.287 30145 30204 I org.thaliproject.p2p.btconnectorlib.internal.bluetooth.BluetoothConnector: startListeningForIncomingConnections: Starting...
02-10 15:37:28.289 30145 30204 D org.thaliproject.p2p.btconnectorlib.ConnectionManager: onIsServerStartedChanged: true
02-10 15:37:28.289 30145 30226 D org.thaliproject.p2p.btconnectorlib.internal.bluetooth.BluetoothServerThread: Entering thread
02-10 15:37:28.289 30145 30204 D org.thaliproject.p2p.btconnectorlib.ConnectionManager: updateState: mShouldBeStarted :  true, mIsServerStarted:  true
02-10 15:37:28.289 30145 30204 D org.thaliproject.p2p.btconnectorlib.ConnectionManager: setState: NOT_STARTED -> RUNNING
02-10 15:37:28.290 30145 30204 I org.thaliproject.p2p.btconnectorlib.ConnectionManager: startListeningForIncomingConnections: OK
02-10 15:37:28.290 30145 30145 I io.jxcore.node.ConnectionHelper: onConnectionManagerStateChanged: RUNNING
02-10 15:37:28.290 30145 30204 I org.thaliproject.p2p.btconnectorlib.DiscoveryManager: start: Discovery mode: BLE, start discovery: false, start advertiser: true
02-10 15:37:28.290 30145 30204 I org.thaliproject.p2p.btconnectorlib.internal.bluetooth.BluetoothManager: bind: Binding a new listener
02-10 15:37:28.290 30145 30204 I org.thaliproject.p2p.btconnectorlib.internal.wifi.WifiDirectManager: bind: Binding a new listener
02-10 15:37:28.292 30145 30226 W BluetoothAdapter: getBluetoothService() called with no BluetoothManagerCallback
02-10 15:37:28.295 30145 30204 D org.thaliproject.p2p.btconnectorlib.DiscoveryManager: startBlePeerDiscoverer
02-10 15:37:28.296 30145 30226 I org.thaliproject.p2p.btconnectorlib.internal.bluetooth.BluetoothServerThread: Waiting for incoming connections...
02-10 15:37:28.296 30145 30204 V io.jxcore.node.ConnectionHelper: Received a request for permission "android.permission.ACCESS_COARSE_LOCATION", but we are expecting that all the required permissions have already been granted
02-10 15:37:28.296 30145 30204 V org.thaliproject.p2p.btconnectorlib.DiscoveryManager: getBlePeerDiscovererInstanceAndCheckBluetoothMacAddress: Constructing...
02-10 15:37:28.299 30145 30204 D org.thaliproject.p2p.btconnectorlib.internal.bluetooth.le.BleAdvertiser: setAdvertiseSettings, Current thread: Thread[Thread-3093,7,main], id: 3093
02-10 15:37:28.300 30145 30204 I org.thaliproject.p2p.btconnectorlib.internal.bluetooth.le.BleAdvertiser: setAdvertiseSettings: Mode: 2, Tx power level: 3, timeout: 0, is connectable: false
02-10 15:37:28.300 30145 30204 D org.thaliproject.p2p.btconnectorlib.internal.bluetooth.le.BleScanner: applyAdditionalMarshmallowSettings
02-10 15:37:28.300 30145 30204 I org.thaliproject.p2p.btconnectorlib.internal.bluetooth.le.BleScanner: setScanSettings: Mode: 2, report delay in milliseconds: 500, scan result type: 0
02-10 15:37:28.300 30145 30204 D org.thaliproject.p2p.btconnectorlib.internal.bluetooth.le.BlePeerDiscoverer: Beacon extra: 0
02-10 15:37:28.303 30145 30204 D org.thaliproject.p2p.btconnectorlib.internal.bluetooth.le.BlePeerDiscoverer: startAdvertiser: Current thread: Thread[Thread-3093,7,main], id: 3093
02-10 15:37:28.303 30145 30204 D org.thaliproject.p2p.btconnectorlib.internal.bluetooth.le.BlePeerDiscoverer: stopPeerAddressHelperAdvertiser Current thread: Thread[Thread-3093,7,main], id: 3093
02-10 15:37:28.303 30145 30204 I org.thaliproject.p2p.btconnectorlib.internal.bluetooth.le.BlePeerDiscoverer: startAdvertiser: Starting...
02-10 15:37:28.303 30145 30204 D org.thaliproject.p2p.btconnectorlib.internal.bluetooth.le.BlePeerDiscoverer: createAdvertiseData: createAdvertiseDataToServiceData 
02-10 15:37:28.303 30145 30204 I org.thaliproject.p2p.btconnectorlib.internal.bluetooth.le.PeerAdvertisementFactory: createAdvertiseDataToServiceData: Service UUID: "03f8b3b7-b244-4a2e-8897-ff42889af18d", Bluetooth MAC address: "24:00:BA:F9:9A:9F"
02-10 15:37:28.304 30145 30204 V org.thaliproject.p2p.btconnectorlib.internal.bluetooth.le.PeerAdvertisementFactory: createAdvertiseDataToServiceData: Service data (length is 7 bytes): 00 24 00 BA F9 9A 9F
02-10 15:37:28.304 30145 30204 V org.thaliproject.p2p.btconnectorlib.internal.bluetooth.le.PeerAdvertisementFactory: createAdvertiseDataToServiceData: Created: AdvertiseData [mServiceUuids=[03f8b3b7-b244-4a2e-8897-ff42889af18d], mManufacturerSpecificData={}, mServiceData={03f8b3b7-b244-4a2e-8897-ff42889af18d=[0, 36, 0, -70, -7, -102, -97]}, mIncludeTxPowerLevel=false, mIncludeDeviceName=false]
02-10 15:37:28.305 30145 30204 I org.thaliproject.p2p.btconnectorlib.internal.bluetooth.le.BlePeerDiscoverer: createAdvertiseData: created AdvertiseData [mServiceUuids=[03f8b3b7-b244-4a2e-8897-ff42889af18d], mManufacturerSpecificData={}, mServiceData={03f8b3b7-b244-4a2e-8897-ff42889af18d=[0, 36, 0, -70, -7, -102, -97]}, mIncludeTxPowerLevel=false, mIncludeDeviceName=false]
02-10 15:37:28.305 30145 30204 D org.thaliproject.p2p.btconnectorlib.internal.bluetooth.le.BleAdvertiser: setAdvertiseData: Current thread: Thread[Thread-3093,7,main], id: 3093
02-10 15:37:28.305 30145 30204 D org.thaliproject.p2p.btconnectorlib.internal.bluetooth.le.BleAdvertiser: setAdvertiseData: AdvertiseData [mServiceUuids=[03f8b3b7-b244-4a2e-8897-ff42889af18d], mManufacturerSpecificData={}, mServiceData={03f8b3b7-b244-4a2e-8897-ff42889af18d=[0, 36, 0, -70, -7, -102, -97]}, mIncludeTxPowerLevel=false, mIncludeDeviceName=false]. Current thread: Thread[Thread-3093,7,main], id: 3093
02-10 15:37:28.305 30145 30204 D org.thaliproject.p2p.btconnectorlib.internal.bluetooth.le.BleAdvertiser: setAdvertiseData: was started = false
02-10 15:37:28.305 30145 30204 D org.thaliproject.p2p.btconnectorlib.internal.bluetooth.le.BleAdvertiser: setAdvertiseData: advertiseData = AdvertiseData [mServiceUuids=[03f8b3b7-b244-4a2e-8897-ff42889af18d], mManufacturerSpecificData={}, mServiceData={03f8b3b7-b244-4a2e-8897-ff42889af18d=[0, 36, 0, -70, -7, -102, -97]}, mIncludeTxPowerLevel=false, mIncludeDeviceName=false]
02-10 15:37:28.306 30145 30204 D org.thaliproject.p2p.btconnectorlib.internal.bluetooth.le.BleAdvertiser: setAdvertiseData finished: Current thread: Thread[Thread-3093,7,main], id: 3093
02-10 15:37:28.306 30145 30204 D org.thaliproject.p2p.btconnectorlib.internal.bluetooth.le.BleAdvertiser: start:  state = NOT_STARTEDCurrent thread: Thread[Thread-3093,7,main], id: 3093
02-10 15:37:28.306 30145 30204 I org.thaliproject.p2p.btconnectorlib.internal.bluetooth.le.BleAdvertiser: start: Starting... advertisement data = AdvertiseData [mServiceUuids=[03f8b3b7-b244-4a2e-8897-ff42889af18d], mManufacturerSpecificData={}, mServiceData={03f8b3b7-b244-4a2e-8897-ff42889af18d=[0, 36, 0, -70, -7, -102, -97]}, mIncludeTxPowerLevel=false, mIncludeDeviceName=false], Current thread: Thread[Thread-3093,7,main], id: 3093
02-10 15:37:28.308 30145 30204 D BluetoothAdapter: STATE_ON
02-10 15:37:28.314 31626 31658 D BtGatt.GattService: registerClient() - UUID=eeab00cd-436f-4f29-a439-f2caf469955a
02-10 15:37:28.314 31626 31643 D BtGatt.GattService: onClientRegistered() - UUID=eeab00cd-436f-4f29-a439-f2caf469955a, clientIf=5
02-10 15:37:28.315 30145 30156 D BluetoothLeAdvertiser: onClientRegistered() - status=0 clientIf=5
02-10 15:37:28.316 31626 31646 D BtGatt.AdvertiseManager: message : 0
02-10 15:37:28.318 31626 31646 D BtGatt.AdvertiseManager: starting multi advertising
02-10 15:37:28.331 31626 31643 D BtGatt.GattService: onAdvertiseInstanceEnabled() - clientIf=5, status=0
02-10 15:37:28.338 31626 31643 D BtGatt.GattService: onAdvertiseDataSet() - clientIf=5, status=0
02-10 15:37:28.339 30145 30204 I org.thaliproject.p2p.btconnectorlib.internal.bluetooth.le.BleAdvertiser: start: Started advertisment Current thread: Thread[Thread-3093,7,main], id: 3093
02-10 15:37:28.339 30145 30204 D org.thaliproject.p2p.btconnectorlib.internal.bluetooth.le.BleAdvertiser: setState: current  = NOT_STARTED, new = STARTINGCurrent thread: Thread[Thread-3093,7,main], id: 3093
02-10 15:37:28.339 30145 30204 D org.thaliproject.p2p.btconnectorlib.internal.bluetooth.le.BleAdvertiser: setState: State changed from NOT_STARTED to STARTING
02-10 15:37:28.340 30145 30204 D org.thaliproject.p2p.btconnectorlib.internal.bluetooth.le.BleAdvertiser: setState: onIsAdvertiserStartedChanged default (no call to listener). Current thread: Thread[Thread-3093,7,main], id: 3093
02-10 15:37:28.340 30145 30204 D org.thaliproject.p2p.btconnectorlib.internal.bluetooth.le.BleAdvertiser: setState: finished Current thread: Thread[Thread-3093,7,main], id: 3093
02-10 15:37:28.340 30145 30204 I org.thaliproject.p2p.btconnectorlib.internal.bluetooth.le.BleAdvertiser: start: return, state = STARTINGCurrent thread: Thread[Thread-3093,7,main], id: 3093
02-10 15:37:28.340 30145 30204 D org.thaliproject.p2p.btconnectorlib.internal.bluetooth.le.BleAdvertiser: start returned: Current thread: Thread[Thread-3093,7,main], id: 3093
02-10 15:37:28.340 30145 30204 D org.thaliproject.p2p.btconnectorlib.internal.bluetooth.le.BlePeerDiscoverer: startAdvertiser started = true Current thread: Thread[Thread-3093,7,main], id: 3093
02-10 15:37:28.340 30145 30204 D org.thaliproject.p2p.btconnectorlib.DiscoveryManager: startBlePeerDiscoverer: OK
02-10 15:37:28.342 30145 30204 I org.thaliproject.p2p.btconnectorlib.DiscoveryManager: start: OK
02-10 15:37:28.342 30145 30204 D org.thaliproject.p2p.btconnectorlib.DiscoveryManager: updateState: Current thread: Thread[Thread-3093,7,main], id: 3093
02-10 15:37:28.343 30145 30204 D org.thaliproject.p2p.btconnectorlib.DiscoveryManager: updateStateInternal Current thread: Thread[Thread-3093,7,main], id: 3093
02-10 15:37:28.343 30145 30204 D org.thaliproject.p2p.btconnectorlib.DiscoveryManager: updateStateInternal finished Current thread: Thread[Thread-3093,7,main], id: 3093
02-10 15:37:28.343 30145 30204 D org.thaliproject.p2p.btconnectorlib.DiscoveryManager: updateState finished Current thread: Thread[Thread-3093,7,main], id: 3093
02-10 15:37:28.343 30145 30204 I io.jxcore.node.ConnectionHelper: start: OK
02-10 15:37:28.343 30145 30145 V io.jxcore.node.StartStopOperation: isTargetState: Connectivity: RUNNING, discovery: NOT_STARTED, is discovering: false, is advertising: false - Start operation: Should start/stop everything
02-10 15:37:28.344 30145 30145 D org.thaliproject.p2p.btconnectorlib.internal.bluetooth.le.BleAdvertiser: onStartSuccess : Current thread: Thread[main,5,main], id: 1
02-10 15:37:28.344 30145 30145 D org.thaliproject.p2p.btconnectorlib.internal.bluetooth.le.BleAdvertiser: setState: current  = STARTING, new = RUNNINGCurrent thread: Thread[main,5,main], id: 1
02-10 15:37:28.344 30145 30145 D org.thaliproject.p2p.btconnectorlib.internal.bluetooth.le.BleAdvertiser: setState: State changed from STARTING to RUNNING
02-10 15:37:28.344 30145 30145 D org.thaliproject.p2p.btconnectorlib.internal.bluetooth.le.BleAdvertiser: notifyAdvertiserStateChanged: started =  true. Current thread: Thread[main,5,main], id: 1
02-10 15:37:28.344 30145 30145 D org.thaliproject.p2p.btconnectorlib.internal.bluetooth.le.BleAdvertiser: setState: finished Current thread: Thread[main,5,main], id: 1
02-10 15:37:28.344 30145 30145 I org.thaliproject.p2p.btconnectorlib.internal.bluetooth.le.BlePeerDiscoverer: onIsAdvertiserStartedChanged: trueCurrent thread: Thread[main,5,main], id: 1
02-10 15:37:28.344 30145 30145 D org.thaliproject.p2p.btconnectorlib.internal.bluetooth.le.BlePeerDiscoverer: updateState : Current thread: Thread[main,5,main], id: 1
02-10 15:37:28.344 30145 30145 D org.thaliproject.p2p.btconnectorlib.internal.bluetooth.le.BlePeerDiscoverer: updateState: deducedStateSet: [ADVERTISING]
02-10 15:37:28.344 30145 30145 D org.thaliproject.p2p.btconnectorlib.internal.bluetooth.le.BlePeerDiscoverer: updateState: stateSet: [NOT_STARTED]
02-10 15:37:28.345 30145 30145 D org.thaliproject.p2p.btconnectorlib.internal.bluetooth.le.BlePeerDiscoverer: Current thread: Thread[main,5,main], id: 1
02-10 15:37:28.345 30145 30145 D org.thaliproject.p2p.btconnectorlib.internal.bluetooth.le.BlePeerDiscoverer: updateState: State changed from [NOT_STARTED] to [ADVERTISING]Current thread: Thread[main,5,main], id: 1
02-10 15:37:28.345 30145 30145 D org.thaliproject.p2p.btconnectorlib.internal.bluetooth.le.BlePeerDiscoverer: update state finished. Current thread: Thread[main,5,main], id: 1
02-10 15:37:28.345 30145 30145 I org.thaliproject.p2p.btconnectorlib.DiscoveryManager: onBlePeerDiscovererStateChanged: [NOT_STARTED] -> [ADVERTISING] Current thread: Thread[main,5,main], id: 1
02-10 15:37:28.345 30145 30145 D org.thaliproject.p2p.btconnectorlib.DiscoveryManager: updateState: Current thread: Thread[main,5,main], id: 1
02-10 15:37:28.348 30145 30145 D org.thaliproject.p2p.btconnectorlib.DiscoveryManager: updateStateInternal Current thread: Thread[main,5,main], id: 1
02-10 15:37:28.348 30145 30145 D org.thaliproject.p2p.btconnectorlib.DiscoveryManager: updateState: State: RUNNING_BLE, is discovering: false, is advertising: true
02-10 15:37:28.348 30145 30145 D org.thaliproject.p2p.btconnectorlib.DiscoveryManager: updateStateInternal finished Current thread: Thread[main,5,main], id: 1
02-10 15:37:28.348 30145 30145 D org.thaliproject.p2p.btconnectorlib.DiscoveryManager: updateState finished Current thread: Thread[main,5,main], id: 1
02-10 15:37:28.348 30145 30145 I io.jxcore.node.ConnectionHelper: onDiscoveryManagerStateChanged: State: RUNNING_BLE, is discovering: false, is advertising: true
02-10 15:37:28.849 30145 30145 V io.jxcore.node.ConnectionHelper: Notifying discovery manager state change: is discovering: false, is advertising: true
02-10 15:37:28.849 30145 30145 V io.jxcore.node.StartStopOperation: isTargetState: Connectivity: RUNNING, discovery: RUNNING_BLE, is discovering: false, is advertising: true - Start operation: Should start/stop everything
02-10 15:37:28.850 30145 30145 D io.jxcore.node.StartStopOperationHandler: processCurrentOperationStatus: Operation successfully executed
02-10 15:37:28.853 30145 30204 I jxcore-log: ok 78 Can call startUpdateAdvertisingAndListening without error
02-10 15:37:28.853 30145 30204 I jxcore-log: 
02-10 15:37:28.856 30145 30204 D io.jxcore.node.JXcoreExtension: stopAdvertisingAndListening
02-10 15:37:28.857 30145 30204 I io.jxcore.node.ConnectionHelper: stop: Stopping all activities and killing connections
02-10 15:37:28.857 30145 30204 V io.jxcore.node.StartStopOperation: isTargetState: Connectivity: RUNNING, discovery: RUNNING_BLE, is discovering: false, is advertising: true - Stop operation: Should start/stop everything
02-10 15:37:28.857 30145 30204 V io.jxcore.node.StartStopOperationHandler: executeCurrentOperation: Executing: Stop operation: Should start/stop everything
02-10 15:37:28.858 30145 30204 I org.thaliproject.p2p.btconnectorlib.ConnectionManager: stopListeningForIncomingConnections
02-10 15:37:28.858 30145 30204 I org.thaliproject.p2p.btconnectorlib.internal.bluetooth.BluetoothConnector: stopListeningForIncomingConnections: Stopping...
02-10 15:37:28.858 30145 30204 D org.thaliproject.p2p.btconnectorlib.internal.bluetooth.BluetoothServerThread: shutdown
02-10 15:37:28.859 30145 30204 D org.thaliproject.p2p.btconnectorlib.internal.bluetooth.BluetoothManager: release: 2 listener(s) left
02-10 15:37:28.859 30145 30226 V org.thaliproject.p2p.btconnectorlib.internal.bluetooth.BluetoothServerThread: closeBluetoothServerSocket: Bluetooth server socket closed
02-10 15:37:28.859 30145 30226 D org.thaliproject.p2p.btconnectorlib.internal.bluetooth.BluetoothServerThread: Exiting thread
02-10 15:37:28.859 30145 30204 D org.thaliproject.p2p.btconnectorlib.ConnectionManager: updateState: mShouldBeStarted :  false, mIsServerStarted:  true
02-10 15:37:28.859 30145 30204 D org.thaliproject.p2p.btconnectorlib.ConnectionManager: setState: RUNNING -> NOT_STARTED
02-10 15:37:28.859 30145 30226 I org.thaliproject.p2p.btconnectorlib.internal.bluetooth.BluetoothConnector: onServerStopped: Was explicitly stopped: true
02-10 15:37:28.859 30145 30204 I org.thaliproject.p2p.btconnectorlib.ConnectionManager: cancelAllConnectionAttempts
02-10 15:37:28.860 30145 30145 I io.jxcore.node.ConnectionHelper: onConnectionManagerStateChanged: NOT_STARTED
02-10 15:37:28.860 30145 30204 I org.thaliproject.p2p.btconnectorlib.DiscoveryManager: stop: Stopping peer discovery...
02-10 15:37:28.860 30145 30204 D org.thaliproject.p2p.btconnectorlib.DiscoveryManager: stopForRestart Current thread: Thread[Thread-3093,7,main], id: 3093
02-10 15:37:28.860 30145 30204 D org.thaliproject.p2p.btconnectorlib.DiscoveryManager: stopForRestart. RUNNING_BLE
02-10 15:37:28.860 30145 30204 D org.thaliproject.p2p.btconnectorlib.internal.BluetoothMacAddressResolutionHelper: stopProvideBluetoothMacAddressMode
02-10 15:37:28.861 30145 30204 D org.thaliproject.p2p.btconnectorlib.internal.bluetooth.le.BlePeerDiscoverer: stopScannerAndAdvertiser: Current thread: Thread[Thread-3093,7,main], id: 3093
02-10 15:37:28.861 30145 30204 D org.thaliproject.p2p.btconnectorlib.internal.bluetooth.le.BlePeerDiscoverer: stopPeerAddressHelperAdvertiser Current thread: Thread[Thread-3093,7,main], id: 3093
02-10 15:37:28.864 30145 30204 D org.thaliproject.p2p.btconnectorlib.internal.bluetooth.le.BlePeerDiscoverer: stopScanner: Current thread: Thread[Thread-3093,7,main], id: 3093
02-10 15:37:28.864 30145 30204 D org.thaliproject.p2p.btconnectorlib.internal.bluetooth.le.BleScanner: stop, Current thread: Thread[Thread-3093,7,main], id: 3093
02-10 15:37:28.867 30145 30204 D BluetoothAdapter: STATE_ON
02-10 15:37:28.867 30145 30204 D org.thaliproject.p2p.btconnectorlib.internal.bluetooth.le.BleScanner: stop: scan results are flushed 
02-10 15:37:28.869 30145 30204 D BluetoothAdapter: STATE_ON
02-10 15:37:28.869 30145 30204 D BluetoothLeScanner: could not find callback wrapper
02-10 15:37:28.869 30145 30204 D org.thaliproject.p2p.btconnectorlib.internal.bluetooth.le.BleScanner: stop: Stopped
02-10 15:37:28.870 30145 30204 D org.thaliproject.p2p.btconnectorlib.internal.bluetooth.le.BleScanner: set state: Current thread: Thread[Thread-3093,7,main], id: 3093
02-10 15:37:28.870 30145 30204 D org.thaliproject.p2p.btconnectorlib.internal.bluetooth.le.BleScanner: stop finished, Current thread: Thread[Thread-3093,7,main], id: 3093
02-10 15:37:28.870 30145 30204 D org.thaliproject.p2p.btconnectorlib.internal.bluetooth.le.BlePeerDiscoverer: stopAdvertiser:Current thread: Thread[Thread-3093,7,main], id: 3093
02-10 15:37:28.870 30145 30204 I org.thaliproject.p2p.btconnectorlib.internal.bluetooth.le.BlePeerDiscoverer: stopAdvertiser: Stopping...
02-10 15:37:28.870 30145 30204 D org.thaliproject.p2p.btconnectorlib.internal.bluetooth.le.BleAdvertiser: stop. Current thread: Thread[Thread-3093,7,main], id: 3093
02-10 15:37:28.872 31626 31646 D BtGatt.AdvertiseManager: message : 1
02-10 15:37:28.873 31626 31646 D BtGatt.AdvertiseManager: stop advertise for client 5
02-10 15:37:28.889 31626 31643 D BtGatt.GattService: onAdvertiseInstanceDisabled() - clientIf=5, status=0
02-10 15:37:28.890 31626 31643 D BtGatt.GattService: Client app is not null!
02-10 15:37:28.891 31626 31659 D BtGatt.GattService: unregisterClient() - clientIf=5
02-10 15:37:28.892 30145 30204 D org.thaliproject.p2p.btconnectorlib.internal.bluetooth.le.BleAdvertiser: stop: Stopped
02-10 15:37:28.892 30145 30204 D org.thaliproject.p2p.btconnectorlib.internal.bluetooth.le.BleAdvertiser: setState: current  = RUNNING, new = NOT_STARTEDCurrent thread: Thread[Thread-3093,7,main], id: 3093
02-10 15:37:28.893 30145 30204 D org.thaliproject.p2p.btconnectorlib.internal.bluetooth.le.BleAdvertiser: setState: State changed from RUNNING to NOT_STARTED
02-10 15:37:28.893 30145 30204 D org.thaliproject.p2p.btconnectorlib.internal.bluetooth.le.BleAdvertiser: notifyAdvertiserStateChanged: started =  false. Current thread: Thread[Thread-3093,7,main], id: 3093
02-10 15:37:28.893 30145 30204 D org.thaliproject.p2p.btconnectorlib.internal.bluetooth.le.BleAdvertiser: setState: finished Current thread: Thread[Thread-3093,7,main], id: 3093
02-10 15:37:28.893 30145 30204 D org.thaliproject.p2p.btconnectorlib.internal.bluetooth.le.BleAdvertiser: stop finished. Current thread: Thread[Thread-3093,7,main], id: 3093
02-10 15:37:28.893 30145 30204 D org.thaliproject.p2p.btconnectorlib.DiscoveryManager: stopBlePeerDiscoverer: Stopped
02-10 15:37:28.893 30145 30204 I org.thaliproject.p2p.btconnectorlib.internal.wifi.WifiDirectManager: release: No more listeners, de-initializing...
02-10 15:37:28.895 30145 30204 D org.thaliproject.p2p.btconnectorlib.internal.bluetooth.BluetoothManager: release: 1 listener(s) left
02-10 15:37:28.895 30145 30204 D org.thaliproject.p2p.btconnectorlib.DiscoveryManager: updateState: Current thread: Thread[Thread-3093,7,main], id: 3093
02-10 15:37:28.898 30145 30204 D org.thaliproject.p2p.btconnectorlib.DiscoveryManager: updateStateInternal Current thread: Thread[Thread-3093,7,main], id: 3093
02-10 15:37:28.898 30145 30204 D org.thaliproject.p2p.btconnectorlib.DiscoveryManager: updateState: State: NOT_STARTED, is discovering: false, is advertising: false
02-10 15:37:28.898 30145 30204 D org.thaliproject.p2p.btconnectorlib.DiscoveryManager: updateStateInternal finished Current thread: Thread[Thread-3093,7,main], id: 3093
02-10 15:37:28.899 30145 30204 D org.thaliproject.p2p.btconnectorlib.DiscoveryManager: updateState finished Current thread: Thread[Thread-3093,7,main], id: 3093
02-10 15:37:28.899 30145 30145 V io.jxcore.node.StartStopOperation: isTargetState: Connectivity: NOT_STARTED, discovery: NOT_STARTED, is discovering: false, is advertising: false - Stop operation: Should start/stop everything
02-10 15:37:28.899 30145 30145 D io.jxcore.node.StartStopOperationHandler: processCurrentOperationStatus: Operation successfully executed
02-10 15:37:28.900 30145 30145 D org.thaliproject.p2p.btconnectorlib.ConnectionManager: onIsServerStartedChanged: false
02-10 15:37:28.900 30145 30145 D org.thaliproject.p2p.btconnectorlib.ConnectionManager: updateState: mShouldBeStarted :  false, mIsServerStarted:  false
02-10 15:37:28.900 30145 30145 I org.thaliproject.p2p.btconnectorlib.DiscoveryManager: start: Discovery mode: BLE, start discovery: false, start advertiser: false
02-10 15:37:28.900 30145 30145 I org.thaliproject.p2p.btconnectorlib.DiscoveryManager: start: Discovery mode: BLE, start discovery: false, start advertiser: false
02-10 15:37:28.900 30145 30145 I org.thaliproject.p2p.btconnectorlib.internal.bluetooth.le.BlePeerDiscoverer: onIsAdvertiserStartedChanged: falseCurrent thread: Thread[main,5,main], id: 1
02-10 15:37:28.900 30145 30204 I jxcore-log: 2017-02-10 12:37:28 - DEBUG thaliMobileNativeWrapper: 'discoveryAdvertisingStateUpdateNonTCP: {"discoveryActive":false,"advertisingActive":true}'
02-10 15:37:28.900 30145 30204 I jxcore-log: 
02-10 15:37:28.901 30145 30145 D org.thaliproject.p2p.btconnectorlib.internal.bluetooth.le.BlePeerDiscoverer: updateState : Current thread: Thread[main,5,main], id: 1
02-10 15:37:28.901 30145 30145 D org.thaliproject.p2p.btconnectorlib.internal.bluetooth.le.BlePeerDiscoverer: updateState: deducedStateSet: [NOT_STARTED]
02-10 15:37:28.901 30145 30145 D org.thaliproject.p2p.btconnectorlib.internal.bluetooth.le.BlePeerDiscoverer: updateState: stateSet: [ADVERTISING]
02-10 15:37:28.901 30145 30145 D org.thaliproject.p2p.btconnectorlib.internal.bluetooth.le.BlePeerDiscoverer: Current thread: Thread[main,5,main], id: 1
02-10 15:37:28.901 30145 30145 D org.thaliproject.p2p.btconnectorlib.internal.bluetooth.le.BlePeerDiscoverer: updateState: State changed from [ADVERTISING] to [NOT_STARTED]Current thread: Thread[main,5,main], id: 1
