02-10 15:37:41.724 24799 24857 D org.thaliproject.p2p.btconnectorlib.internal.bluetooth.le.BleAdvertiser: start returned: Current thread: Thread[Thread-1109,5,main], id: 1109
02-10 15:37:41.724 24799 24857 D org.thaliproject.p2p.btconnectorlib.internal.bluetooth.le.BlePeerDiscoverer: startAdvertiser started = true Current thread: Thread[Thread-1109,5,main], id: 1109
02-10 15:37:41.724 24799 24857 D org.thaliproject.p2p.btconnectorlib.DiscoveryManager: startBlePeerDiscoverer: OK
02-10 15:37:41.725 24799 24857 I org.thaliproject.p2p.btconnectorlib.DiscoveryManager: start: OK
02-10 15:37:41.725 24799 24857 D org.thaliproject.p2p.btconnectorlib.DiscoveryManager: updateState: Current thread: Thread[Thread-1109,5,main], id: 1109
02-10 15:37:41.725 24799 24857 E org.thaliproject.p2p.btconnectorlib.DiscoveryManager: seems that updateState call different BlePeerDiscoverer
02-10 15:37:41.726 24799 24857 D org.thaliproject.p2p.btconnectorlib.DiscoveryManager: updateStateInternal Current thread: Thread[Thread-1109,5,main], id: 1109
02-10 15:37:41.726 24799 24857 D org.thaliproject.p2p.btconnectorlib.DiscoveryManager: updateStateInternal finished Current thread: Thread[Thread-1109,5,main], id: 1109
02-10 15:37:41.726 24799 24857 D org.thaliproject.p2p.btconnectorlib.DiscoveryManager: updateState finished Current thread: Thread[Thread-1109,5,main], id: 1109
02-10 15:37:41.726 24799 24857 I io.jxcore.node.ConnectionHelper: start: OK
02-10 15:37:41.726 24799 24799 V io.jxcore.node.StartStopOperation: isTargetState: Connectivity: RUNNING, discovery: NOT_STARTED, is discovering: false, is advertising: false - Start operation: Should start/stop everything
02-10 15:37:41.727 24799 24799 D org.thaliproject.p2p.btconnectorlib.internal.bluetooth.le.BleAdvertiser: onStartSuccess : Current thread: Thread[main,5,main], id: 1
02-10 15:37:41.727 24799 24799 D org.thaliproject.p2p.btconnectorlib.internal.bluetooth.le.BleAdvertiser: setState: current  = STARTING, new = RUNNINGCurrent thread: Thread[main,5,main], id: 1
02-10 15:37:41.727 24799 24799 D org.thaliproject.p2p.btconnectorlib.internal.bluetooth.le.BleAdvertiser: setState: State changed from STARTING to RUNNING
02-10 15:37:41.727 24799 24799 D org.thaliproject.p2p.btconnectorlib.internal.bluetooth.le.BleAdvertiser: notifyAdvertiserStateChanged: started =  true. Current thread: Thread[main,5,main], id: 1
02-10 15:37:41.727 24799 24799 D org.thaliproject.p2p.btconnectorlib.internal.bluetooth.le.BleAdvertiser: setState: finished Current thread: Thread[main,5,main], id: 1
02-10 15:37:41.727 24799 24799 I org.thaliproject.p2p.btconnectorlib.internal.bluetooth.le.BlePeerDiscoverer: onIsAdvertiserStartedChanged: trueCurrent thread: Thread[main,5,main], id: 1
02-10 15:37:41.727 24799 24799 D org.thaliproject.p2p.btconnectorlib.internal.bluetooth.le.BlePeerDiscoverer: updateState : Current thread: Thread[main,5,main], id: 1
02-10 15:37:41.727 24799 24799 D org.thaliproject.p2p.btconnectorlib.internal.bluetooth.le.BlePeerDiscoverer: updateState: deducedStateSet: [ADVERTISING]
02-10 15:37:41.727 24799 24799 D org.thaliproject.p2p.btconnectorlib.internal.bluetooth.le.BlePeerDiscoverer: updateState: stateSet: [NOT_STARTED]
02-10 15:37:41.727 24799 24799 D org.thaliproject.p2p.btconnectorlib.internal.bluetooth.le.BlePeerDiscoverer: Current thread: Thread[main,5,main], id: 1
02-10 15:37:41.727 24799 24799 D org.thaliproject.p2p.btconnectorlib.internal.bluetooth.le.BlePeerDiscoverer: updateState: State changed from [NOT_STARTED] to [ADVERTISING]Current thread: Thread[main,5,main], id: 1
02-10 15:37:41.727 24799 24799 D org.thaliproject.p2p.btconnectorlib.internal.bluetooth.le.BlePeerDiscoverer: update state finished. Current thread: Thread[main,5,main], id: 1
02-10 15:37:41.728 24799 24799 I org.thaliproject.p2p.btconnectorlib.DiscoveryManager: onBlePeerDiscovererStateChanged: [NOT_STARTED] -> [ADVERTISING] Current thread: Thread[main,5,main], id: 1
02-10 15:37:41.728 24799 24799 D org.thaliproject.p2p.btconnectorlib.DiscoveryManager: updateState: Current thread: Thread[main,5,main], id: 1
02-10 15:37:41.730 24799 24799 D org.thaliproject.p2p.btconnectorlib.DiscoveryManager: updateStateInternal Current thread: Thread[main,5,main], id: 1
02-10 15:37:41.730 24799 24799 D org.thaliproject.p2p.btconnectorlib.DiscoveryManager: updateState: State: RUNNING_BLE, is discovering: false, is advertising: true
02-10 15:37:41.730 24799 24799 D org.thaliproject.p2p.btconnectorlib.DiscoveryManager: updateStateInternal finished Current thread: Thread[main,5,main], id: 1
02-10 15:37:41.730 24799 24799 D org.thaliproject.p2p.btconnectorlib.DiscoveryManager: updateState finished Current thread: Thread[main,5,main], id: 1
02-10 15:37:41.730 24799 24799 I io.jxcore.node.ConnectionHelper: onDiscoveryManagerStateChanged: State: RUNNING_BLE, is discovering: false, is advertising: true
02-10 15:37:42.231 24799 24799 V io.jxcore.node.ConnectionHelper: Notifying discovery manager state change: is discovering: false, is advertising: true
02-10 15:37:42.231 24799 24799 V io.jxcore.node.StartStopOperation: isTargetState: Connectivity: RUNNING, discovery: RUNNING_BLE, is discovering: false, is advertising: true - Start operation: Should start/stop everything
02-10 15:37:42.231 24799 24799 D io.jxcore.node.StartStopOperationHandler: processCurrentOperationStatus: Operation successfully executed
02-10 15:37:42.235 24799 24857 I jxcore-log: ok 99 Can call startUpdateAdvertisingAndListening without error
02-10 15:37:42.235 24799 24857 I jxcore-log: 
02-10 15:37:42.237 24799 24857 D io.jxcore.node.JXcoreExtension: startListeningForAdvertisements
02-10 15:37:42.242 24799 24857 I io.jxcore.node.ConnectionHelper: start: Port number: 39564, start advertisements: false
02-10 15:37:42.243 24799 24857 V io.jxcore.node.ConnectivityMonitor: start: Already started
02-10 15:37:42.243 24799 24857 V io.jxcore.node.StartStopOperation: isTargetState: Connectivity: RUNNING, discovery: RUNNING_BLE, is discovering: false, is advertising: true - Start operation: Should affect listening to advertisements only
02-10 15:37:42.243 24799 24857 V io.jxcore.node.StartStopOperationHandler: executeCurrentOperation: Executing: Start operation: Should affect listening to advertisements only
02-10 15:37:42.243 24799 24857 I org.thaliproject.p2p.btconnectorlib.DiscoveryManager: start: Discovery mode: BLE, start discovery: true, start advertiser: true
02-10 15:37:42.245 24799 24857 D org.thaliproject.p2p.btconnectorlib.DiscoveryManager: startBlePeerDiscoverer
02-10 15:37:42.245 24799 24857 V io.jxcore.node.ConnectionHelper: Received a request for permission "android.permission.ACCESS_COARSE_LOCATION", but we are expecting that all the required permissions have already been granted
02-10 15:37:42.259 24799 24857 D org.thaliproject.p2p.btconnectorlib.internal.bluetooth.le.BlePeerDiscoverer: startScannerAndAdvertiser : Current thread: Thread[Thread-1109,5,main], id: 1109
02-10 15:37:42.259 24799 24857 D org.thaliproject.p2p.btconnectorlib.internal.bluetooth.le.BlePeerDiscoverer: startAdvertiser: Current thread: Thread[Thread-1109,5,main], id: 1109
02-10 15:37:42.259 24799 24857 D org.thaliproject.p2p.btconnectorlib.internal.bluetooth.le.BlePeerDiscoverer: stopPeerAddressHelperAdvertiser Current thread: Thread[Thread-1109,5,main], id: 1109
02-10 15:37:42.259 24799 24857 D org.thaliproject.p2p.btconnectorlib.internal.bluetooth.le.BlePeerDiscoverer: createAdvertiseData: createAdvertiseDataToServiceData 
02-10 15:37:42.259 24799 24857 I org.thaliproject.p2p.btconnectorlib.internal.bluetooth.le.PeerAdvertisementFactory: createAdvertiseDataToServiceData: Service UUID: "03f8b3b7-b244-4a2e-8897-ff42889af18d", Bluetooth MAC address: "BC:75:74:3A:BC:F8"
02-10 15:37:42.260 24799 24857 V org.thaliproject.p2p.btconnectorlib.internal.bluetooth.le.PeerAdvertisementFactory: createAdvertiseDataToServiceData: Service data (length is 7 bytes): 04 BC 75 74 3A BC F8
02-10 15:37:42.260 24799 24857 V org.thaliproject.p2p.btconnectorlib.internal.bluetooth.le.PeerAdvertisementFactory: createAdvertiseDataToServiceData: Created: AdvertiseData [mServiceUuids=[03f8b3b7-b244-4a2e-8897-ff42889af18d], mManufacturerSpecificData={}, mServiceData={03f8b3b7-b244-4a2e-8897-ff42889af18d=[4, -68, 117, 116, 58, -68, -8]}, mIncludeTxPowerLevel=false, mIncludeDeviceName=false]
02-10 15:37:42.260 24799 24857 I org.thaliproject.p2p.btconnectorlib.internal.bluetooth.le.BlePeerDiscoverer: createAdvertiseData: created AdvertiseData [mServiceUuids=[03f8b3b7-b244-4a2e-8897-ff42889af18d], mManufacturerSpecificData={}, mServiceData={03f8b3b7-b244-4a2e-8897-ff42889af18d=[4, -68, 117, 116, 58, -68, -8]}, mIncludeTxPowerLevel=false, mIncludeDeviceName=false]
02-10 15:37:42.261 24799 24857 D org.thaliproject.p2p.btconnectorlib.internal.bluetooth.le.BleAdvertiser: setAdvertiseData: Current thread: Thread[Thread-1109,5,main], id: 1109
02-10 15:37:42.261 24799 24857 D org.thaliproject.p2p.btconnectorlib.internal.bluetooth.le.BleAdvertiser: setAdvertiseData: AdvertiseData [mServiceUuids=[03f8b3b7-b244-4a2e-8897-ff42889af18d], mManufacturerSpecificData={}, mServiceData={03f8b3b7-b244-4a2e-8897-ff42889af18d=[4, -68, 117, 116, 58, -68, -8]}, mIncludeTxPowerLevel=false, mIncludeDeviceName=false]. Current thread: Thread[Thread-1109,5,main], id: 1109
02-10 15:37:42.261 24799 24857 D org.thaliproject.p2p.btconnectorlib.internal.bluetooth.le.BleAdvertiser: setAdvertiseData: was started = true
02-10 15:37:42.261 24799 24857 D org.thaliproject.p2p.btconnectorlib.internal.bluetooth.le.BleAdvertiser: stop. Current thread: Thread[Thread-1109,5,main], id: 1109
02-10 15:37:42.262  9440  9458 D BtGatt.AdvertiseManager: message : 1
02-10 15:37:42.263  9440  9458 D BtGatt.AdvertiseManager: stop advertise for client 5
02-10 15:37:42.275  9440  9456 D BtGatt.GattService: onAdvertiseInstanceDisabled() - clientIf=5, status=0
02-10 15:37:42.275  9440  9456 D BtGatt.GattService: Client app is not null!
02-10 15:37:42.276  9440  9477 D BtGatt.GattService: unregisterClient() - clientIf=5
02-10 15:37:42.277 24799 24857 D org.thaliproject.p2p.btconnectorlib.internal.bluetooth.le.BleAdvertiser: stop: Stopped
02-10 15:37:42.278 24799 24857 D org.thaliproject.p2p.btconnectorlib.internal.bluetooth.le.BleAdvertiser: setState: current  = RUNNING, new = NOT_STARTEDCurrent thread: Thread[Thread-1109,5,main], id: 1109
02-10 15:37:42.278 24799 24857 D org.thaliproject.p2p.btconnectorlib.internal.bluetooth.le.BleAdvertiser: setState: State changed from RUNNING to NOT_STARTED
02-10 15:37:42.278 24799 24857 D org.thaliproject.p2p.btconnectorlib.internal.bluetooth.le.BleAdvertiser: setState: finished Current thread: Thread[Thread-1109,5,main], id: 1109
02-10 15:37:42.278 24799 24857 D org.thaliproject.p2p.btconnectorlib.internal.bluetooth.le.BleAdvertiser: stop finished. Current thread: Thread[Thread-1109,5,main], id: 1109
02-10 15:37:42.278 24799 24857 D org.thaliproject.p2p.btconnectorlib.internal.bluetooth.le.BleAdvertiser: setAdvertiseData: advertiseData = AdvertiseData [mServiceUuids=[03f8b3b7-b244-4a2e-8897-ff42889af18d], mManufacturerSpecificData={}, mServiceData={03f8b3b7-b244-4a2e-8897-ff42889af18d=[4, -68, 117, 116, 58, -68, -8]}, mIncludeTxPowerLevel=false, mIncludeDeviceName=false]
02-10 15:37:42.279 24799 24857 D org.thaliproject.p2p.btconnectorlib.internal.bluetooth.le.BleAdvertiser: start:  state = NOT_STARTEDCurrent thread: Thread[Thread-1109,5,main], id: 1109
02-10 15:37:42.279 24799 24857 I org.thaliproject.p2p.btconnectorlib.internal.bluetooth.le.BleAdvertiser: start: Starting... advertisement data = AdvertiseData [mServiceUuids=[03f8b3b7-b244-4a2e-8897-ff42889af18d], mManufacturerSpecificData={}, mServiceData={03f8b3b7-b244-4a2e-8897-ff42889af18d=[4, -68, 117, 116, 58, -68, -8]}, mIncludeTxPowerLevel=false, mIncludeDeviceName=false], Current thread: Thread[Thread-1109,5,main], id: 1109
02-10 15:37:42.280 24799 24857 D BluetoothAdapter: STATE_ON
02-10 15:37:42.284  9440  9476 D BtGatt.GattService: registerClient() - UUID=310d244f-e69a-4e3a-b1cb-914dac283a6d
02-10 15:37:42.285  9440  9456 D BtGatt.GattService: onClientRegistered() - UUID=310d244f-e69a-4e3a-b1cb-914dac283a6d, clientIf=5
02-10 15:37:42.286 24799 24809 D BluetoothLeAdvertiser: onClientRegistered() - status=0 clientIf=5
02-10 15:37:42.288  9440  9458 D BtGatt.AdvertiseManager: message : 0
02-10 15:37:42.293  9440  9458 D BtGatt.AdvertiseManager: starting multi advertising
02-10 15:37:42.309  9440  9456 D BtGatt.GattService: onAdvertiseInstanceEnabled() - clientIf=5, status=0
02-10 15:37:42.318  9440  9456 D BtGatt.GattService: onAdvertiseDataSet() - clientIf=5, status=0
02-10 15:37:42.319 24799 24799 D org.thaliproject.p2p.btconnectorlib.internal.bluetooth.le.BleAdvertiser: onStartSuccess : Current thread: Thread[main,5,main], id: 1
02-10 15:37:42.319 24799 24857 I org.thaliproject.p2p.btconnectorlib.internal.bluetooth.le.BleAdvertiser: start: Started advertisment Current thread: Thread[Thread-1109,5,main], id: 1109
02-10 15:37:42.319 24799 24857 D org.thaliproject.p2p.btconnectorlib.internal.bluetooth.le.BleAdvertiser: setState: current  = NOT_STARTED, new = STARTINGCurrent thread: Thread[Thread-1109,5,main], id: 1109
02-10 15:37:42.319 24799 24857 D org.thaliproject.p2p.btconnectorlib.internal.bluetooth.le.BleAdvertiser: setState: State changed from NOT_STARTED to STARTING
02-10 15:37:42.319 24799 24857 D org.thaliproject.p2p.btconnectorlib.internal.bluetooth.le.BleAdvertiser: setState: onIsAdvertiserStartedChanged default (no call to listener). Current thread: Thread[Thread-1109,5,main], id: 1109
02-10 15:37:42.319 24799 24857 D org.thaliproject.p2p.btconnectorlib.internal.bluetooth.le.BleAdvertiser: setState: finished Current thread: Thread[Thread-1109,5,main], id: 1109
02-10 15:37:42.319 24799 24857 I org.thaliproject.p2p.btconnectorlib.internal.bluetooth.le.BleAdvertiser: start: return, state = STARTINGCurrent thread: Thread[Thread-1109,5,main], id: 1109
02-10 15:37:42.319 24799 24857 D org.thaliproject.p2p.btconnectorlib.internal.bluetooth.le.BleAdvertiser: start returned: Current thread: Thread[Thread-1109,5,main], id: 1109
02-10 15:37:42.320 24799 24857 D org.thaliproject.p2p.btconnectorlib.internal.bluetooth.le.BleAdvertiser: setAdvertiseData finished: Current thread: Thread[Thread-1109,5,main], id: 1109
02-10 15:37:42.320 24799 24857 D org.thaliproject.p2p.btconnectorlib.internal.bluetooth.le.BleAdvertiser: start:  state = STARTINGCurrent thread: Thread[Thread-1109,5,main], id: 1109
02-10 15:37:42.320 24799 24857 D org.thaliproject.p2p.btconnectorlib.internal.bluetooth.le.BleAdvertiser: start: Already running
02-10 15:37:42.320 24799 24857 I org.thaliproject.p2p.btconnectorlib.internal.bluetooth.le.BleAdvertiser: start: return, state = STARTINGCurrent thread: Thread[Thread-1109,5,main], id: 1109
02-10 15:37:42.320 24799 24857 D org.thaliproject.p2p.btconnectorlib.internal.bluetooth.le.BleAdvertiser: start returned: Current thread: Thread[Thread-1109,5,main], id: 1109
02-10 15:37:42.320 24799 24857 D org.thaliproject.p2p.btconnectorlib.internal.bluetooth.le.BlePeerDiscoverer: startAdvertiser started = true Current thread: Thread[Thread-1109,5,main], id: 1109
02-10 15:37:42.320 24799 24857 D org.thaliproject.p2p.btconnectorlib.internal.bluetooth.le.BlePeerDiscoverer: startScannerAndAdvertiser: advertiser is started. Current thread: Thread[Thread-1109,5,main], id: 1109
02-10 15:37:42.320 24799 24857 D org.thaliproject.p2p.btconnectorlib.internal.bluetooth.le.BlePeerDiscoverer: startScanner: Current thread: Thread[Thread-1109,5,main], id: 1109
02-10 15:37:42.320 24799 24799 D org.thaliproject.p2p.btconnectorlib.internal.bluetooth.le.BleAdvertiser: setState: current  = STARTING, new = RUNNINGCurrent thread: Thread[main,5,main], id: 1
02-10 15:37:42.320 24799 24857 I org.thaliproject.p2p.btconnectorlib.internal.bluetooth.le.BlePeerDiscoverer: startScanner: Starting...
02-10 15:37:42.321 24799 24799 D org.thaliproject.p2p.btconnectorlib.internal.bluetooth.le.BleAdvertiser: setState: State changed from STARTING to RUNNING
02-10 15:37:42.321 24799 24857 D org.thaliproject.p2p.btconnectorlib.internal.bluetooth.le.BlePeerDiscoveryUtils: createScanFilter: No service UUID, use manufacturer ID: true
02-10 15:37:42.321 24799 24857 D org.thaliproject.p2p.btconnectorlib.internal.bluetooth.le.BlePeerDiscoveryUtils: manufacturer ID: 36667
02-10 15:37:42.321 24799 24799 D org.thaliproject.p2p.btconnectorlib.internal.bluetooth.le.BleAdvertiser: notifyAdvertiserStateChanged: started =  true. Current thread: Thread[main,5,main], id: 1
02-10 15:37:42.321 24799 24857 D org.thaliproject.p2p.btconnectorlib.internal.bluetooth.le.BlePeerDiscoveryUtils: createScanFilter: BluetoothLeScanFilter [mDeviceName=null, mDeviceAddress=null, mUuid=null, mUuidMask=null, mServiceDataUuid=null, mServiceData=null, mServiceDataMask=null, mManufacturerId=36667, mManufacturerData=null, mManufacturerDataMask=null]
02-10 15:37:42.321 24799 24799 D org.thaliproject.p2p.btconnectorlib.internal.bluetooth.le.BleAdvertiser: setState: finished Current thread: Thread[main,5,main], id: 1
02-10 15:37:42.321 24799 24857 D org.thaliproject.p2p.btconnectorlib.internal.bluetooth.le.BleScanner: start: Current thread: Thread[Thread-1109,5,main], id: 1109
02-10 15:37:42.321 24799 24799 I org.thaliproject.p2p.btconnectorlib.internal.bluetooth.le.BlePeerDiscoverer: onIsAdvertiserStartedChanged: trueCurrent thread: Thread[main,5,main], id: 1
02-10 15:37:42.322 24799 24857 D BluetoothAdapter: STATE_ON
02-10 15:37:42.325  9440  9450 D BtGatt.GattService: registerClient() - UUID=dff5415b-c17f-4038-ba06-b53eeb846f05
02-10 15:37:42.325  9440  9456 D BtGatt.GattService: onClientRegistered() - UUID=dff5415b-c17f-4038-ba06-b53eeb846f05, clientIf=6
02-10 15:37:42.326 24799 24809 D BluetoothLeScanner: onClientRegistered() - status=0 clientIf=6
02-10 15:37:42.326  9440  9476 D BtGatt.GattService: start scan with filters
02-10 15:37:42.331  9440  9459 D BtGatt.ScanManager: handling starting scan
02-10 15:37:42.332 24799 24857 D org.thaliproject.p2p.btconnectorlib.internal.bluetooth.le.BleScanner: start: scan started
02-10 15:37:42.332 24799 24857 D org.thaliproject.p2p.btconnectorlib.internal.bluetooth.le.BleScanner: set state: Current thread: Thread[Thread-1109,5,main], id: 1109
02-10 15:37:42.332 24799 24857 D org.thaliproject.p2p.btconnectorlib.internal.bluetooth.le.BleScanner: setState: State changed from NOT_STARTED to RUNNING
02-10 15:37:42.332 24799 24857 D org.thaliproject.p2p.btconnectorlib.internal.bluetooth.le.BleScanner: notifyScannerStateChanged: started =  true. Current thread: Thread[Thread-1109,5,main], id: 1109
02-10 15:37:42.332 24799 24857 I org.thaliproject.p2p.btconnectorlib.internal.bluetooth.le.BlePeerDiscoverer: startScannerAndAdvertiser: adv = true, disc = true
02-10 15:37:42.332 24799 24857 D org.thaliproject.p2p.btconnectorlib.DiscoveryManager: startBlePeerDiscoverer: OK
02-10 15:37:42.332 24799 24799 D org.thaliproject.p2p.btconnectorlib.internal.bluetooth.le.BlePeerDiscoverer: updateState : Current thread: Thread[main,5,main], id: 1
02-10 15:37:42.333 24799 24799 D org.thaliproject.p2p.btconnectorlib.internal.bluetooth.le.BlePeerDiscoverer: updateState: deducedStateSet: [SCANNING, ADVERTISING]
02-10 15:37:42.333 24799 24799 D org.thaliproject.p2p.btconnectorlib.internal.bluetooth.le.BlePeerDiscoverer: updateState: stateSet: [ADVERTISING]
02-10 15:37:42.333 24799 24799 D org.thaliproject.p2p.btconnectorlib.internal.bluetooth.le.BlePeerDiscoverer: Current thread: Thread[main,5,main], id: 1
02-10 15:37:42.333 24799 24799 D org.thaliproject.p2p.btconnectorlib.internal.bluetooth.le.BlePeerDiscoverer: updateState: State changed from [ADVERTISING] to [SCANNING, ADVERTISING]Current thread: Thread[main,5,main], id: 1
02-10 15:37:42.333 24799 24799 D org.thaliproject.p2p.btconnectorlib.internal.bluetooth.le.BlePeerDiscoverer: update state finished. Current thread: Thread[main,5,main], id: 1
02-10 15:37:42.333 24799 24799 I org.thaliproject.p2p.btconnectorlib.internal.bluetooth.le.BlePeerDiscoverer: onIsScannerStartedChanged: trueCurrent thread: Thread[main,5,main], id: 1
02-10 15:37:42.333 24799 24799 D org.thaliproject.p2p.btconnectorlib.internal.bluetooth.le.BlePeerDiscoverer: updateState : Current thread: Thread[main,5,main], id: 1
02-10 15:37:42.333 24799 24799 D org.thaliproject.p2p.btconnectorlib.internal.bluetooth.le.BlePeerDiscoverer: updateState: deducedStateSet: [SCANNING, ADVERTISING]
02-10 15:37:42.333 24799 24799 D org.thaliproject.p2p.btconnectorlib.internal.bluetooth.le.BlePeerDiscoverer: updateState: stateSet: [SCANNING, ADVERTISING]
02-10 15:37:42.333 24799 24799 D org.thaliproject.p2p.btconnectorlib.internal.bluetooth.le.BlePeerDiscoverer: Current thread: Thread[main,5,main], id: 1
02-10 15:37:42.334 24799 24799 D org.thaliproject.p2p.btconnectorlib.internal.bluetooth.le.BlePeerDiscoverer: update state finished. Current thread: Thread[main,5,main], id: 1
02-10 15:37:42.334 24799 24799 I org.thaliproject.p2p.btconnectorlib.DiscoveryManager: onBlePeerDiscovererStateChanged: [ADVERTISING] -> [SCANNING, ADVERTISING] Current thread: Thread[main,5,main], id: 1
02-10 15:37:42.334 24799 24857 I org.thaliproject.p2p.btconnectorlib.DiscoveryManager: start: OK
02-10 15:37:42.334 24799 24857 D org.thaliproject.p2p.btconnectorlib.DiscoveryManager: updateState: Current thread: Thread[Thread-1109,5,main], id: 1109
02-10 15:37:42.337 24799 24857 D org.thaliproject.p2p.btconnectorlib.DiscoveryManager: updateStateInternal Current thread: Thread[Thread-1109,5,main], id: 1109
02-10 15:37:42.337 24799 24857 D org.thaliproject.p2p.btconnectorlib.DiscoveryManager: updateState: State: RUNNING_BLE, is discovering: true, is advertising: true
02-10 15:37:42.338 24799 24857 D org.thaliproject.p2p.btconnectorlib.DiscoveryManager: updateStateInternal finished Current thread: Thread[Thread-1109,5,main], id: 1109
02-10 15:37:42.338 24799 24857 D org.thaliproject.p2p.btconnectorlib.DiscoveryManager: updateState finished Current thread: Thread[Thread-1109,5,main], id: 1109
02-10 15:37:42.338 24799 24857 I io.jxcore.node.ConnectionHelper: start: OK
02-10 15:37:42.338 24799 24799 D org.thaliproject.p2p.btconnectorlib.DiscoveryManager: updateState: Current thread: Thread[main,5,main], id: 1
02-10 15:37:42.340 24799 24857 I jxcore-log: 2017-02-10 12:37:42 - DEBUG thaliMobileNativeWrapper: 'discoveryAdvertisingStateUpdateNonTCP: {"discoveryActive":false,"advertisingActive":true}'
02-10 15:37:42.340 24799 24857 I jxcore-log: 
02-10 15:37:42.341  9440  9456 D BtGatt.GattService: onScanFilterEnableDisabled() - clientIf=6, status=0, action=1
02-10 15:37:42.341  9440  9456 D BtGatt.ScanManager: callback done for clientIf - 6 status - 0
02-10 15:37:42.341  9440  9459 D BtGatt.ScanManager: configureFilterParamter 1500 10000 4 0
02-10 15:37:42.342 24799 24857 I jxcore-log: 2017-02-10 12:37:42 - INFO thaliMobile: 'Received state ({"discoveryActive":false,"advertisingActive":true}) did not match with target ({"started":false,"listening":false,"advertising":false,"networkType":"BOTH","startArguments":{"router":null,"pskIdToSecret":null,"networkType":null}})'
02-10 15:37:42.342 24799 24857 I jxcore-log: 
02-10 15:37:42.342 24799 24799 D org.thaliproject.p2p.btconnectorlib.DiscoveryManager: updateStateInternal Current thread: Thread[main,5,main], id: 1
02-10 15:37:42.342 24799 24799 D org.thaliproject.p2p.btconnectorlib.DiscoveryManager: updateStateInternal finished Current thread: Thread[main,5,main], id: 1
02-10 15:37:42.342 24799 24799 D org.thaliproject.p2p.btconnectorlib.DiscoveryManager: updateState finished Current thread: Thread[main,5,main], id: 1
02-10 15:37:42.342 24799 24799 I io.jxcore.node.ConnectionHelper: onDiscoveryManagerStateChanged: State: RUNNING_BLE, is discovering: true, is advertising: true
02-10 15:37:42.343 24799 24857 I jxcore-log: 2017-02-10 12:37:42 - INFO thaliMobile: 'Filtered out discoveryAdvertisingStateUpdate (was in stopped state).'
02-10 15:37:42.343 24799 24857 I jxcore-log: 
02-10 15:37:42.349  9440  9456 D BtGatt.GattService: onScanFilterParamsConfigured() - clientIf=6, status=0, action=0, availableSpace=31
02-10 15:37:42.349  9440  9456 D BtGatt.ScanManager: callback done for clientIf - 6 status - 0
02-10 15:37:42.349  9440  9459 D BtGatt.ScanManager: Starting BLE batch scan
02-10 15:37:42.349  9440  9459 D BtGatt.ScanManager: configuring batch scan storage, appIf 6
02-10 15:37:42.359  9440  9456 D BtGatt.GattService: onBatchScanStorageConfigured() - clientIf=6, status=0
02-10 15:37:42.359  9440  9456 D BtGatt.ScanManager: callback done for clientIf - 6 status - 0
02-10 15:37:42.365  9440  9456 D BtGatt.GattService: onBatchScanStartStopped() - clientIf=6, status=0, startStopAction=1
02-10 15:37:42.365  9440  9456 D BtGatt.ScanManager: callback done for clientIf - 6 status - 0
02-10 15:37:42.843 24799 24799 V io.jxcore.node.ConnectionHelper: Notifying discovery manager state change: is discovering: true, is advertising: true
02-10 15:37:42.844 24799 24799 V io.jxcore.node.StartStopOperation: isTargetState: Connectivity: RUNNING, discovery: RUNNING_BLE, is discovering: true, is advertising: true - Start operation: Should affect listening to advertisements only
02-10 15:37:42.844 24799 24799 D io.jxcore.node.StartStopOperationHandler: processCurrentOperationStatus: Operation successfully executed
02-10 15:37:42.848 24799 24857 I jxcore-log: ok 100 Can call startListeningForAdvertisements without error
02-10 15:37:42.848 24799 24857 I jxcore-log: 
02-10 15:37:42.851 24799 24857 I jxcore-log: 2017-02-10 12:37:42 - DEBUG thaliMobileNativeWrapper: 'discoveryAdvertisingStateUpdateNonTCP: {"discoveryActive":true,"advertisingActive":true}'
02-10 15:37:42.851 24799 24857 I jxcore-log: 
02-10 15:37:42.853 24799 24857 I jxcore-log: 2017-02-10 12:37:42 - INFO thaliMobile: 'Received state ({"discoveryActive":true,"advertisingActive":true}) did not match with target ({"started":false,"listening":false,"advertising":false,"networkType":"BOTH","startArguments":{"router":null,"pskIdToSecret":null,"networkType":null}})'
02-10 15:37:42.853 24799 24857 I jxcore-log: 
02-10 15:37:42.854 24799 24857 I jxcore-log: 2017-02-10 12:37:42 - INFO thaliMobile: 'Filtered out discoveryAdvertisingStateUpdate (was in stopped state).'
02-10 15:37:42.854 24799 24857 I jxcore-log: 
02-10 15:37:47.367  9440  9440 D BtGatt.ScanManager: awakened up at time 2165024967
02-10 15:37:47.369  9440  9459 D BtGatt.ScanManager: flushPendingBatchResults - clientIf = 6
02-10 15:37:47.409  9440  9456 D BtGatt.GattService: onBatchScanReports() - clientIf=6, status=0, reportType=2, numRecords=11
02-10 15:37:47.409  9440  9456 D BtGatt.ScanManager: callback done for clientIf - 6 status - 0
02-10 15:37:47.410  9440  9456 D BtGatt.GattService: current time is 2165025009937177
02-10 15:37:47.410  9440  9456 D BtGatt.GattService: Batch record : [60, 77, -2, 115, 95, 91, 1, -128, -65, 85, 0, 29, 17, 7, 9, 110, -45, -120, -12, -15, 20, -65, -33, 68, -111, -33, -83, -71, -4, -9, 10, 22, -83, -71, 13, -40, 91, 42, 78, 125, -6, 0, 100, 25, -9, 104, 53, 104, 1, -128, -60, 89, 0, 29, 17, 7, 9, 110, -45, -120, -12, -15, 20, -65, -33, 68, -111, -33, -83, -71, -4, -9, 10, 22, -83, -71, 13, 8, 33, -17, -126, 42, -106, 0, 42, -41, -33, 72, 17, 100, 1, -128, -62, 91, 0, 29, 17, 7, 9, 110, -45, -120, -12, -15, 20, -65, -33, 68, -111, -33, -83, -71, -4, -9, 10, 22, -83, -71, 12, 52, -118, 123, 117, 107, 67, 0, -22, -64, 9, 54, 0, 77, 1, -128, -75, 97, 0, 29, 17, 7, -115, -15, -102, -120, 66, -1, -105, -120, 46, 74, 68, -78, -73, -77, -8, 3, 10, 22, -73, -77, 4, -68, 117, 116, 58, -67, 15, 0, 15, -67, 58, 116, 117, -68, 0, -128, -74, 29, 0, 29, 17, 7, -115, -15, -102, -120, 66, -1, -105, -120, 46, 74, 68, -78, -73, -77, -8, 3, 10, 22, -73, -77, 4, -68, 117, 116, 58, -67, 15, 0, 117, -127, 54, 127, -32, 111, 1, -128, -63, 91, 0, 29, 17, 7, -115, -15, -102, -120, 66, -1, -105, -120, 46, 74, 68, -78, -73, -77, -8, 3, 10, 22, -73, -77, 3, 36, 0, -70, -7, -102, -97, 0, -97, -102, -7, -70, 0, 36, 0, -128, -63, 91, 0, 29, 17, 7, -115, -15, -102, -120, 66, -1, -105, -120, 46, 74, 68, -78, -73, -77, -8, 3, 10, 22, -73, -77, 3, 36, 0, -70, -7, -102, -97, 0, -97, -102, -7, -70, 0, 36, 0, -128, -64, 80, 0, 29, 17, 7, -115, -15, -102, -120, 66, -1, -105, -120, 46, 74, 68, -78, -73, -77, -8, 3, 10, 22, -73, -77, 4, 36, 0, -70, -7, -102, -97, 0, 15, -81, 112, -96, 22, 98, 1, -128, -62, 87, 0, 29, 17, 7, 9, 110, -45, -120, -12, -15, 20, -65, -33, 68, -111, -33, -83, -71, -4, -9, 10, 22, -83, -71, 12, 52, -118, 123, 117, 107, 67, 0, -62, -49, -55, -50, 7, 101, 1, -128, -64, 79, 0, 29, 17, 7, -115, -15, -102, -120, 66, -1, -105, -120, 46, 74, 68, -78, -73, -77, -8, 3, 10, 22, -73, -77, 4, 36, 0, -70, -7, -102, -97, 0, -97, -102, -7, -70, 0, 36, 0, -128, -67, 27, 0, 29, 17, 7, -115, -15, -102, -120, 66, -1, -105, -120, 46, 74, 68, -78, -73, -77, -8, 3, 10, 22, -73, -77, 4, 36, 0, -70, -7, -102, -97, 0]
02-10 15:37:47.411  9440  9456 D BtGatt.GattService: ScanRecord : [17, 7, 9, 110, -45, -120, -12, -15, 20, -65, -33, 68, -111, -33, -83, -71, -4, -9, 10, 22, -83, -71, 13, -40, 91, 42, 78, 125, -6]
02-10 15:37:47.411  9440  9456 D BtGatt.GattService: ScanRecord : [17, 7, 9, 110, -45, -120, -12, -15, 20, -65, -33, 68, -111, -33, -83, -71, -4, -9, 10, 22, -83, -71, 13, 8, 33, -17, -126, 42, -106]
02-10 15:37:47.411  9440  9456 D BtGatt.GattService: ScanRecord : [17, 7, 9, 110, -45, -120, -12, -15, 20, -65, -33, 68, -111, -33, -83, -71, -4, -9, 10, 22, -83, -71, 12, 52, -118, 123, 117, 107, 67]
02-10 15:37:47.411  9440  9456 D BtGatt.GattService: ScanRecord : [17, 7, -115, -15, -102, -120, 66, -1, -105, -120, 46, 74, 68, -78, -73, -77, -8, 3, 10, 22, -73, -77, 4, -68, 117, 116, 58, -67, 15]
02-10 15:37:47.412  9440  9456 D BtGatt.GattService: ScanRecord : [17, 7, -115, -15, -102, -120, 66, -1, -105, -120, 46, 74, 68, -78, -73, -77, -8, 3, 10, 22, -73, -77, 4, -68, 117, 116, 58, -67, 15]
02-10 15:37:47.412  9440  9456 D BtGatt.GattService: ScanRecord : [17, 7, -115, -15, -102, -120, 66, -1, -105, -120, 46, 74, 68, -78, -73, -77, -8, 3, 10, 22, -73, -77, 3, 36, 0, -70, -7, -102, -97]
02-10 15:37:47.412  9440  9456 D BtGatt.GattService: ScanRecord : [17, 7, -115, -15, -102, -120, 66, -1, -105, -120, 46, 74, 68, -78, -73, -77, -8, 3, 10, 22, -73, -77, 3, 36, 0, -70, -7, -102, -97]
02-10 15:37:47.413  9440  9456 D BtGatt.GattService: ScanRecord : [17, 7, -115, -15, -102, -120, 66, -1, -105, -120, 46, 74, 68, -78, -73, -77, -8, 3, 10, 22, -73, -77, 4, 36, 0, -70, -7, -102, -97]
02-10 15:37:47.413  9440  9456 D BtGatt.GattService: ScanRecord : [17, 7, 9, 110, -45, -120, -12, -15, 20, -65, -33, 68, -111, -33, -83, -71, -4, -9, 10, 22, -83, -71, 12, 52, -118, 123, 117, 107, 67]
02-10 15:37:47.413  9440  9456 D BtGatt.GattService: ScanRecord : [17, 7, -115, -15, -102, -120, 66, -1, -105, -120, 46, 74, 68, -78, -73, -77, -8, 3, 10, 22, -73, -77, 4, 36, 0, -70, -7, -102, -97]
02-10 15:37:47.413  9440  9456 D BtGatt.GattService: ScanRecord : [17, 7, -115, -15, -102, -120, 66, -1, -105, -120, 46, 74, 68, -78, -73, -77, -8, 3, 10, 22, -73, -77, 4, 36, 0, -70, -7, -102, -97]
02-10 15:37:47.415 24799 24799 D org.thaliproject.p2p.btconnectorlib.internal.bluetooth.le.BleScanner: onBatchScanResults: results count  = 11. Current thread: Thread[main,5,main], id: 1
02-10 15:37:47.415 24799 24799 D org.thaliproject.p2p.btconnectorlib.internal.bluetooth.le.BlePeerDiscoverer: checkScanResult: ScanResult{mDevice=4D:00:36:09:C0:EA, mScanRecord=ScanRecord [mAdvertiseFlags=-1, mServiceUuids=[03f8b3b7-b244-4a2e-8897-ff42889af18d], mManufacturerSpecificData={}, mServiceData={0000b3b7-0000-1000-8000-00805f9b34fb=[4, -68, 117, 116, 58, -67, 15]}, mTxPowerLevel=-2147483648, mDeviceName=null], mRssi=-75, mTimestampNanos=2165020160632593}
02-10 15:37:47.416 24799 24799 D org.thaliproject.p2p.btconnectorlib.internal.bluetooth.le.BlePeerDiscoverer: checkScanResult: parsedAdvertisement: [UUID = null, bluetoothMacAddress = BC:75:74:3A:BD:0F, provideBluetoothMacAddressRequestId = nullextra info = 4]
02-10 15:37:47.416 24799 24799 V org.thaliproject.p2p.btconnectorlib.internal.bluetooth.le.BlePeerDiscoverer: checkScanResult: Resolved advertisement type: ADVERTISEMENT_PEER_PROPERTIES
02-10 15:37:47.416 24799 24799 D org.thaliproject.p2p.btconnectorlib.internal.bluetooth.le.PeerAdvertisementFactory: Parsed advertisment: [UUID = 03f8b3b7-b244-4a2e-8897-ff42889af18d, bluetoothMacAddress = BC:75:74:3A:BD:0F, provideBluetoothMacAddressRequestId = nullextra info = 4]
02-10 15:37:47.416 24799 24799 D org.thaliproject.p2p.btconnectorlib.internal.bluetooth.le.BlePeerDiscoverer: checkScanResult onPeerDiscovered [BC:75:74:3A:BD:0F 4]
02-10 15:37:47.416 24799 24799 D org.thaliproject.p2p.btconnectorlib.internal.bluetooth.le.BlePeerDiscoverer: checkScanResult: ScanResult{mDevice=64:11:48:DF:D7:2A, mScanRecord=ScanRecord [mAdvertiseFlags=-1, mServiceUuids=[f7fcb9ad-df91-44df-bf14-f1f488d36e09], mManufacturerSpecificData={}, mServiceData={0000b9ad-0000-1000-8000-00805f9b34fb=[12, 52, -118, 123, 117, 107, 67]}, mTxPowerLevel=-2147483648, mDeviceName=null], mRssi=-62, mTimestampNanos=2165020460632593}
02-10 15:37:47.417 24799 24799 D org.thaliproject.p2p.btconnectorlib.internal.bluetooth.le.BlePeerDiscoverer: checkScanResult: parsedAdvertisement: [UUID = null, bluetoothMacAddress = 34:8A:7B:75:6B:43, provideBluetoothMacAddressRequestId = nullextra info = 12]
02-10 15:37:47.417 24799 24799 D org.thaliproject.p2p.btconnectorlib.internal.bluetooth.le.BlePeerDiscoverer: checkScanResult: parsedAdvertisement uuid mismatch
02-10 15:37:47.417 24799 24799 D org.thaliproject.p2p.btconnectorlib.internal.bluetooth.le.BlePeerDiscoverer: checkScanResult: ScanResult{mDevice=24:00:BA:F9:9A:9F, mScanRecord=ScanRecord [mAdvertiseFlags=-1, mServiceUuids=[03f8b3b7-b244-4a2e-8897-ff42889af18d], mManufacturerSpecificData={}, mServiceData={0000b3b7-0000-1000-8000-00805f9b34fb=[3, 36, 0, -70, -7, -102, -97]}, mTxPowerLevel=-2147483648, mDeviceName=null], mRssi=-63, mTimestampNanos=2165020460632593}
02-10 15:37:47.417 24799 24799 D org.thaliproject.p2p.btconnectorlib.internal.bluetooth.le.BlePeerDiscoverer: checkScanResult: parsedAdvertisement: [UUID = null, bluetoothMacAddress = 24:00:BA:F9:9A:9F, provideBluetoothMacAddressRequestId = nullextra info = 3]
02-10 15:37:47.418 24799 24799 V org.thaliproject.p2p.btconnectorlib.internal.bluetooth.le.BlePeerDiscoverer: checkScanResult: Resolved advertisement type: ADVERTISEMENT_PEER_PROPERTIES
02-10 15:37:47.418 24799 24799 D org.thaliproject.p2p.btconnectorlib.internal.bluetooth.le.PeerAdvertisementFactory: Parsed advertisment: [UUID = 03f8b3b7-b244-4a2e-8897-ff42889af18d, bluetoothMacAddress = 24:00:BA:F9:9A:9F, provideBluetoothMacAddressRequestId = nullextra info = 3]
02-10 15:37:47.418 24799 24799 D org.thaliproject.p2p.btconnectorlib.internal.bluetooth.le.BlePeerDiscoverer: checkScanResult onPeerDiscovered [24:00:BA:F9:9A:9F 3]
02-10 15:37:47.418 24799 24799 D org.thaliproject.p2p.btconnectorlib.internal.bluetooth.le.BlePeerDiscoverer: checkScanResult: ScanResult{mDevice=6F:E0:7F:36:81:75, mScanRecord=ScanRecord [mAdvertiseFlags=-1, mServiceUuids=[03f8b3b7-b244-4a2e-8897-ff42889af18d], mManufacturerSpecificData={}, mServiceData={0000b3b7-0000-1000-8000-00805f9b34fb=[3, 36, 0, -70, -7, -102, -97]}, mTxPowerLevel=-2147483648, mDeviceName=null], mRssi=-63, mTimestampNanos=2165020460632593}
02-10 15:37:47.418 24799 24799 D org.thaliproject.p2p.btconnectorlib.internal.bluetooth.le.BlePeerDiscoverer: checkScanResult: parsedAdvertisement: [UUID = null, bluetoothMacAddress = 24:00:BA:F9:9A:9F, provideBluetoothMacAddressRequestId = nullextra info = 3]
02-10 15:37:47.419 24799 24799 V org.thaliproject.p2p.btconnectorlib.internal.bluetooth.le.BlePeerDiscoverer: checkScanResult: Resolved advertisement type: ADVERTISEMENT_PEER_PROPERTIES
02-10 15:37:47.419 24799 24799 D org.thaliproject.p2p.btconnectorlib.internal.bluetooth.le.PeerAdvertisementFactory: Parsed advertisment: [UUID = 03f8b3b7-b244-4a2e-8897-ff42889af18d, bluetoothMacAddress = 24:00:BA:F9:9A:9F, provideBluetoothMacAddressRequestId = nullextra info = 3]
02-10 15:37:47.419 24799 24799 D org.thaliproject.p2p.btconnectorlib.internal.bluetooth.le.BlePeerDiscoverer: checkScanResult onPeerDiscovered [24:00:BA:F9:9A:9F 3]
02-10 15:37:47.419 24799 24799 D org.thaliproject.p2p.btconnectorlib.internal.bluetooth.le.BlePeerDiscoverer: checkScanResult: ScanResult{mDevice=68:35:68:F7:19:64, mScanRecord=ScanRecord [mAdvertiseFlags=-1, mServiceUuids=[f7fcb9ad-df91-44df-bf14-f1f488d36e09], mManufacturerSpecificData={}, mServiceData={0000b9ad-0000-1000-8000-00805f9b34fb=[13, 8, 33, -17, -126, 42, -106]}, mTxPowerLevel=-2147483648, mDeviceName=null], mRssi=-60, mTimestampNanos=2165020560632593}
02-10 15:37:47.419 24799 24799 D org.thaliproject.p2p.btconnectorlib.internal.bluetooth.le.BlePeerDiscoverer: checkScanResult: parsedAdvertisement: [UUID = null, bluetoothMacAddress = 08:21:EF:82:2A:96, provideBluetoothMacAddressRequestId = nullextra info = 13]
02-10 15:37:47.420 24799 24799 D org.thaliproject.p2p.btconnectorlib.internal.bluetooth.le.BlePeerDiscoverer: checkScanResult: parsedAdvertisement uuid mismatch
02-10 15:37:47.420 24799 24799 D org.thaliproject.p2p.btconnectorlib.internal.bluetooth.le.BlePeerDiscoverer: checkScanResult: ScanResult{mDevice=62:16:A0:70:AF:0F, mScanRecord=ScanRecord [mAdvertiseFlags=-1, mServiceUuids=[f7fcb9ad-df91-44df-bf14-f1f488d36e09], mManufacturerSpecificData={}, mServiceData={0000b9ad-0000-1000-8000-00805f9b34fb=[12, 52, -118, 123, 117, 107, 67]}, mTxPowerLevel=-2147483648, mDeviceName=null], mRssi=-62, mTimestampNanos=2165020660632593}
02-10 15:37:47.420 24799 24799 D org.thaliproject.p2p.btconnectorlib.internal.bluetooth.le.BlePeerDiscoverer: checkScanResult: parsedAdvertisement: [UUID = null, bluetoothMacAddress = 34:8A:7B:75:6B:43, provideBluetoothMacAddressRequestId = nullextra info = 12]
02-10 15:37:47.420 24799 24799 D org.thaliproject.p2p.btconnectorlib.internal.bluetooth.le.BlePeerDiscoverer: checkScanResult: parsedAdvertisement uuid mismatch
02-10 15:37:47.420 24799 24799 D org.thaliproject.p2p.btconnectorlib.internal.bluetooth.le.BlePeerDiscoverer: checkScanResult: ScanResult{mDevice=5B:5F:73:FE:4D:3C, mScanRecord=ScanRecord [mAdvertiseFlags=-1, mServiceUuids=[f7fcb9ad-df91-44df-bf14-f1f488d36e09], mManufacturerSpecificData={}, mServiceData={0000b9ad-0000-1000-8000-00805f9b34fb=[13, -40, 91, 42, 78, 125, -6]}, mTxPowerLevel=-2147483648, mDeviceName=null], mRssi=-65, mTimestampNanos=2165020760632593}
02-10 15:37:47.421 24799 24799 D org.thaliproject.p2p.btconnectorlib.internal.bluetooth.le.BlePeerDiscoverer: checkScanResult: parsedAdvertisement: [UUID = null, bluetoothMacAddress = D8:5B:2A:4E:7D:FA, provideBluetoothMacAddressRequestId = nullextra info = 13]
02-10 15:37:47.421 24799 24799 D org.thaliproject.p2p.btconnectorlib.internal.bluetooth.le.BlePeerDiscoverer: checkScanResult: parsedAdvertisement uuid mismatch
02-10 15:37:47.421 24799 24799 D org.thaliproject.p2p.btconnectorlib.internal.bluetooth.le.BlePeerDiscoverer: checkScanResult: ScanResult{mDevice=24:00:BA:F9:9A:9F, mScanRecord=ScanRecord [mAdvertiseFlags=-1, mServiceUuids=[03f8b3b7-b244-4a2e-8897-ff42889af18d], mManufacturerSpecificData={}, mServiceData={0000b3b7-0000-1000-8000-00805f9b34fb=[4, 36, 0, -70, -7, -102, -97]}, mTxPowerLevel=-2147483648, mDeviceName=null], mRssi=-64, mTimestampNanos=2165021010632593}
02-10 15:37:47.421 24799 24799 D org.thaliproject.p2p.btconnectorlib.internal.bluetooth.le.BlePeerDiscoverer: checkScanResult: parsedAdvertisement: [UUID = null, bluetoothMacAddress = 24:00:BA:F9:9A:9F, provideBluetoothMacAddressRequestId = nullextra info = 4]
02-10 15:37:47.421 24799 24799 V org.thaliproject.p2p.btconnectorlib.internal.bluetooth.le.BlePeerDiscoverer: checkScanResult: Resolved advertisement type: ADVERTISEMENT_PEER_PROPERTIES
02-10 15:37:47.422 24799 24799 D org.thaliproject.p2p.btconnectorlib.internal.bluetooth.le.PeerAdvertisementFactory: Parsed advertisment: [UUID = 03f8b3b7-b244-4a2e-8897-ff42889af18d, bluetoothMacAddress = 24:00:BA:F9:9A:9F, provideBluetoothMacAddressRequestId = nullextra info = 4]
02-10 15:37:47.422 24799 24799 D org.thaliproject.p2p.btconnectorlib.internal.bluetooth.le.BlePeerDiscoverer: checkScanResult onPeerDiscovered [24:00:BA:F9:9A:9F 4]
02-10 15:37:47.422 24799 24799 D org.thaliproject.p2p.btconnectorlib.internal.bluetooth.le.BlePeerDiscoverer: checkScanResult: ScanResult{mDevice=65:07:CE:C9:CF:C2, mScanRecord=ScanRecord [mAdvertiseFlags=-1, mServiceUuids=[03f8b3b7-b244-4a2e-8897-ff42889af18d], mManufacturerSpecificData={}, mServiceData={0000b3b7-0000-1000-8000-00805f9b34fb=[4, 36, 0, -70, -7, -102, -97]}, mTxPowerLevel=-2147483648, mDeviceName=null], mRssi=-64, mTimestampNanos=2165021060632593}
02-10 15:37:47.422 24799 24799 D org.thaliproject.p2p.btconnectorlib.internal.bluetooth.le.BlePeerDiscoverer: checkScanResult: parsedAdvertisement: [UUID = null, bluetoothMacAddress = 24:00:BA:F9:9A:9F, provideBluetoothMacAddressRequestId = nullextra info = 4]
02-10 15:37:47.422 24799 24799 V org.thaliproject.p2p.btconnectorlib.internal.bluetooth.le.BlePeerDiscoverer: checkScanResult: Resolved advertisement type: ADVERTISEMENT_PEER_PROPERTIES
02-10 15:37:47.422 24799 24799 D org.thaliproject.p2p.btconnectorlib.internal.bluetooth.le.PeerAdvertisementFactory: Parsed advertisment: [UUID = 03f8b3b7-b244-4a2e-8897-ff42889af18d, bluetoothMacAddress = 24:00:BA:F9:9A:9F, provideBluetoothMacAddressRequestId = nullextra info = 4]
02-10 15:37:47.423 24799 24799 D org.thaliproject.p2p.btconnectorlib.internal.bluetooth.le.BlePeerDiscoverer: checkScanResult onPeerDiscovered [24:00:BA:F9:9A:9F 4]
02-10 15:37:47.423 24799 24799 D org.thaliproject.p2p.btconnectorlib.internal.bluetooth.le.BlePeerDiscoverer: checkScanResult: ScanResult{mDevice=BC:75:74:3A:BD:0F, mScanRecord=ScanRecord [mAdvertiseFlags=-1, mServiceUuids=[03f8b3b7-b244-4a2e-8897-ff42889af18d], mManufacturerSpecificData={}, mServiceData={0000b3b7-0000-1000-8000-00805f9b34fb=[4, -68, 117, 116, 58, -67, 15]}, mTxPowerLevel=-2147483648, mDeviceName=null], mRssi=-74, mTimestampNanos=2165023560632593}
02-10 15:37:47.423 24799 24799 D org.thaliproject.p2p.btconnectorlib.internal.bluetooth.le.BlePeerDiscoverer: checkScanResult: parsedAdvertisement: [UUID = null, bluetoothMacAddress = BC:75:74:3A:BD:0F, provideBluetoothMacAddressRequestId = nullextra info = 4]
02-10 15:37:47.423 24799 24799 V org.thaliproject.p2p.btconnectorlib.internal.bluetooth.le.BlePeerDiscoverer: checkScanResult: Resolved advertisement type: ADVERTISEMENT_PEER_PROPERTIES
02-10 15:37:47.423 24799 24799 D org.thaliproject.p2p.btconnectorlib.internal.bluetooth.le.PeerAdvertisementFactory: Parsed advertisment: [UUID = 03f8b3b7-b244-4a2e-8897-ff42889af18d, bluetoothMacAddress = BC:75:74:3A:BD:0F, provideBluetoothMacAddressRequestId = nullextra info = 4]
02-10 15:37:47.423 24799 24799 D org.thaliproject.p2p.btconnectorlib.internal.bluetooth.le.BlePeerDiscoverer: checkScanResult onPeerDiscovered [BC:75:74:3A:BD:0F 4]
02-10 15:37:47.424 24799 24799 D org.thaliproject.p2p.btconnectorlib.internal.bluetooth.le.BlePeerDiscoverer: checkScanResult: ScanResult{mDevice=24:00:BA:F9:9A:9F, mScanRecord=ScanRecord [mAdvertiseFlags=-1, mServiceUuids=[03f8b3b7-b244-4a2e-8897-ff42889af18d], mManufacturerSpecificData={}, mServiceData={0000b3b7-0000-1000-8000-00805f9b34fb=[4, 36, 0, -70, -7, -102, -97]}, mTxPowerLevel=-2147483648, mDeviceName=null], mRssi=-67, mTimestampNanos=2165023660632593}
02-10 15:37:47.424 24799 24799 D org.thaliproject.p2p.btconnectorlib.internal.bluetooth.le.BlePeerDiscoverer: checkScanResult: parsedAdvertisement: [UUID = null, bluetoothMacAddress = 24:00:BA:F9:9A:9F, provideBluetoothMacAddressRequestId = nullextra info = 4]
02-10 15:37:47.424 24799 24799 V org.thaliproject.p2p.btconnectorlib.internal.bluetooth.le.BlePeerDiscoverer: checkScanResult: Resolved advertisement type: ADVERTISEMENT_PEER_PROPERTIES
02-10 15:37:47.424 24799 24799 D org.thaliproject.p2p.btconnectorlib.internal.bluetooth.le.PeerAdvertisementFactory: Parsed advertisment: [UUID = 03f8b3b7-b244-4a2e-8897-ff42889af18d, bluetoothMacAddress = 24:00:BA:F9:9A:9F, provideBluetoothMacAddressRequestId = nullextra info = 4]
02-10 15:37:47.424 24799 24799 D org.thaliproject.p2p.btconnectorlib.internal.bluetooth.le.BlePeerDiscoverer: checkScanResult onPeerDiscovered [24:00:BA:F9:9A:9F 4]
02-10 15:37:47.424 24799 24799 D org.thaliproject.p2p.btconnectorlib.DiscoveryManager: onPeerDiscovered: [BC:75:74:3A:BD:0F 4]
02-10 15:37:47.425 24799 24799 V org.thaliproject.p2p.btconnectorlib.utils.PeerModel: addOrUpdateDiscoveredPeer: [BC:75:74:3A:BD:0F 4]
02-10 15:37:47.425 24799 24799 D org.thaliproject.p2p.btconnectorlib.utils.PeerModel: Want to call onPeerAdded. Listeners size = 1
02-10 15:37:47.425 24799 24799 D org.thaliproject.p2p.btconnectorlib.DiscoveryManager: onPeerAdded: [BC:75:74:3A:BD:0F 4]
02-10 15:37:47.425 24799 24799 V org.thaliproject.p2p.btconnectorlib.utils.PeerModel: addOrUpdateDiscoveredPeer: New peer, [BC:75:74:3A:BD:0F 4], added - the peer count is 1
02-10 15:37:47.425 24799 24799 D org.thaliproject.p2p.btconnectorlib.DiscoveryManager: onPeerDiscovered: [24:00:BA:F9:9A:9F 3]
02-10 15:37:47.425 24799 24799 V org.thaliproject.p2p.btconnectorlib.utils.PeerModel: addOrUpdateDiscoveredPeer: [24:00:BA:F9:9A:9F 3]
02-10 15:37:47.425 24799 24799 D org.thaliproject.p2p.btconnectorlib.utils.PeerModel: Want to call onPeerAdded. Listeners size = 1
02-10 15:37:47.425 24799 24799 D org.thaliproject.p2p.btconnectorlib.DiscoveryManager: onPeerAdded: [24:00:BA:F9:9A:9F 3]
02-10 15:37:47.426 24799 24799 V org.thaliproject.p2p.btconnectorlib.utils.PeerModel: addOrUpdateDiscoveredPeer: New peer, [24:00:BA:F9:9A:9F 3], added - the peer count is 2
02-10 15:37:47.426 24799 24799 D org.thaliproject.p2p.btconnectorlib.DiscoveryManager: onPeerDiscovered: [24:00:BA:F9:9A:9F 3]
02-10 15:37:47.426 24799 24799 V org.thaliproject.p2p.btconnectorlib.utils.PeerModel: addOrUpdateDiscoveredPeer: [24:00:BA:F9:9A:9F 3]
02-10 15:37:47.426 24799 24799 D org.thaliproject.p2p.btconnectorlib.utils.PeerModel: has more info: false,  extra info differs: false
02-10 15:37:47.426 24799 24799 V org.thaliproject.p2p.btconnectorlib.utils.PeerModel: addOrUpdateDiscoveredPeer: Timestamp of peer [24:00:BA:F9:9A:9F 3] updated - the peer count is 2
02-10 15:37:47.426 24799 24799 D org.thaliproject.p2p.btconnectorlib.DiscoveryManager: onPeerDiscovered: [24:00:BA:F9:9A:9F 4]
02-10 15:37:47.426 24799 24799 V org.thaliproject.p2p.btconnectorlib.utils.PeerModel: addOrUpdateDiscoveredPeer: [24:00:BA:F9:9A:9F 4]
02-10 15:37:47.426 24799 24799 D org.thaliproject.p2p.btconnectorlib.utils.PeerModel: has more info: false,  extra info differs: true
02-10 15:37:47.427 24799 24799 D org.thaliproject.p2p.btconnectorlib.utils.PeerModel: Want to call onPeerUpdated. Listeners size = 1
02-10 15:37:47.427 24799 24799 D org.thaliproject.p2p.btconnectorlib.DiscoveryManager: onPeerUpdated: [24:00:BA:F9:9A:9F 4]
02-10 15:37:47.427 24799 24799 V org.thaliproject.p2p.btconnectorlib.utils.PeerModel: addOrUpdateDiscoveredPeer: Timestamp of peer [24:00:BA:F9:9A:9F 4] updated - the peer count is 2
02-10 15:37:47.427 24799 24799 D org.thaliproject.p2p.btconnectorlib.DiscoveryManager: onPeerDiscovered: [24:00:BA:F9:9A:9F 4]
02-10 15:37:47.427 24799 24799 V org.thaliproject.p2p.btconnectorlib.utils.PeerModel: addOrUpdateDiscoveredPeer: [24:00:BA:F9:9A:9F 4]
02-10 15:37:47.427 24799 24799 D org.thaliproject.p2p.btconnectorlib.utils.PeerModel: has more info: false,  extra info differs: false
02-10 15:37:47.427 24799 24799 V org.thaliproject.p2p.btconnectorlib.utils.PeerModel: addOrUpdateDiscoveredPeer: Timestamp of peer [24:00:BA:F9:9A:9F 4] updated - the peer count is 2
02-10 15:37:47.428 24799 24799 D org.thaliproject.p2p.btconnectorlib.DiscoveryManager: onPeerDiscovered: [BC:75:74:3A:BD:0F 4]
02-10 15:37:47.428 24799 24799 V org.thaliproject.p2p.btconnectorlib.utils.PeerModel: addOrUpdateDiscoveredPeer: [BC:75:74:3A:BD:0F 4]
02-10 15:37:47.428 24799 24799 D org.thaliproject.p2p.btconnectorlib.utils.PeerModel: has more info: false,  extra info differs: false
02-10 15:37:47.428 24799 24799 V org.thaliproject.p2p.btconnectorlib.utils.PeerModel: addOrUpdateDiscoveredPeer: Timestamp of peer [BC:75:74:3A:BD:0F 4] updated - the peer count is 2
02-10 15:37:47.428 24799 24799 D org.thaliproject.p2p.btconnectorlib.DiscoveryManager: onPeerDiscovered: [24:00:BA:F9:9A:9F 4]
02-10 15:37:47.428 24799 24799 V org.thaliproject.p2p.btconnectorlib.utils.PeerModel: addOrUpdateDiscoveredPeer: [24:00:BA:F9:9A:9F 4]
02-10 15:37:47.428 24799 24799 D org.thaliproject.p2p.btconnectorlib.utils.PeerModel: has more info: false,  extra info differs: false
02-10 15:37:47.428 24799 24799 V org.thaliproject.p2p.btconnectorlib.utils.PeerModel: addOrUpdateDiscoveredPeer: Timestamp of peer [24:00:BA:F9:9A:9F 4] updated - the peer count is 2
02-10 15:37:47.429 24799 24799 I io.jxcore.node.ConnectionHelper: onPeerDiscovered: [BC:75:74:3A:BD:0F 4], Bluetooth address: BC:75:74:3A:BD:0F, device name: 'null', device address: 'null'
02-10 15:37:47.429 24799 24799 I io.jxcore.node.ConnectionHelper: onPeerDiscovered: [24:00:BA:F9:9A:9F 3], Bluetooth address: 24:00:BA:F9:9A:9F, device name: 'null', device address: 'null'
02-10 15:37:47.429 24799 24799 I io.jxcore.node.ConnectionHelper: onPeerUpdated: [24:00:BA:F9:9A:9F 4], device name: 'null', device address: 'null'
02-10 15:37:47.436 24799 24857 I jxcore-log: 2017-02-10 12:37:47 - INFO testThaliMobileNative: 'Received peerAvailabilityChanged with peers: [{"peerIdentifier":"BC:75:74:3A:BD:0F","generation":4,"peerAvailable":true}]'
02-10 15:37:47.436 24799 24857 I jxcore-log: 
02-10 15:37:47.444 24799 24857 D io.jxcore.node.JXcoreExtension: connect: BC:75:74:3A:BD:0F
02-10 15:37:47.444 24799 24857 I io.jxcore.node.ConnectionHelper: connect: Trying to connect to peer with ID BC:75:74:3A:BD:0F
