02-10 15:37:20.514 24799 24857 I jxcore-log: # teardown
02-10 15:37:20.514 24799 24857 I jxcore-log: 
02-10 15:37:21.594 24799 24857 I jxcore-log: 2017-02-10 12:37:21 - DEBUG thaliMobileNativeWrapper: 'Method peerAvailabilityChanged registered to native'
02-10 15:37:21.594 24799 24857 I jxcore-log: 
02-10 15:37:21.600 24799 24857 I jxcore-log: 2017-02-10 12:37:21 - DEBUG thaliMobileNativeWrapper: 'Method discoveryAdvertisingStateUpdateNonTCP registered to native'
02-10 15:37:21.600 24799 24857 I jxcore-log: 
02-10 15:37:21.602 24799 24857 I jxcore-log: 2017-02-10 12:37:21 - DEBUG thaliMobileNativeWrapper: 'Method multiConnectResolved registered to native'
02-10 15:37:21.602 24799 24857 I jxcore-log: 
02-10 15:37:21.610 24799 24857 V io.jxcore.node.ConnectivityMonitor: updateConnectivityInfo: FORCED notification:
02-10 15:37:21.610 24799 24857 V io.jxcore.node.ConnectivityMonitor:     - is Wi-Fi Direct supported: true
02-10 15:37:21.610 24799 24857 V io.jxcore.node.ConnectivityMonitor:     - is Bluetooth LE multiple advertisement supported: SUPPORTED
02-10 15:37:21.610 24799 24857 V io.jxcore.node.ConnectivityMonitor:     - is Wi-Fi enabled: true
02-10 15:37:21.610 24799 24857 V io.jxcore.node.ConnectivityMonitor:     - is Bluetooth enabled: true
02-10 15:37:21.610 24799 24857 V io.jxcore.node.ConnectivityMonitor:     - BSSID name: 70:cd:60:ff:5a:07
02-10 15:37:21.610 24799 24857 V io.jxcore.node.ConnectivityMonitor:     - SSID name: "T"
02-10 15:37:21.610 24799 24857 V io.jxcore.node.ConnectivityMonitor:     - is connected/connecting to active network: true
02-10 15:37:21.610 24799 24857 V io.jxcore.node.ConnectivityMonitor:     - active network type is Wi-Fi: true
02-10 15:37:21.612 24799 24857 D io.jxcore.node.JXcoreExtension: notifyNetworkChanged: BLE: ON, Bluetooth: ON, Wi-Fi: ON, cellular: DO_NOT_CARE, BSSID name: 70:cd:60:ff:5a:07, SSID name: "T"
02-10 15:37:21.614 24799 24857 I jxcore-log: 2017-02-10 12:37:21 - DEBUG thaliMobileNativeWrapper: 'Method networkChanged registered to native'
02-10 15:37:21.614 24799 24857 I jxcore-log: 
02-10 15:37:21.617 24799 24857 I jxcore-log: 2017-02-10 12:37:21 - DEBUG thaliMobileNativeWrapper: 'Method multiConnectConnectionFailure registered to native'
02-10 15:37:21.617 24799 24857 I jxcore-log: 
02-10 15:37:21.619 24799 24857 I jxcore-log: 2017-02-10 12:37:21 - DEBUG thaliMobileNativeWrapper: 'Method incomingConnectionToPortNumberFailed registered to native'
02-10 15:37:21.619 24799 24857 I jxcore-log: 
02-10 15:37:21.623 24799 24857 I jxcore-log: 2017-02-10 12:37:21 - DEBUG thaliMobileNativeWrapper: 'networkChanged: {"bluetoothLowEnergy":"on","bluetooth":"on","wifi":"on","cellular":"doNotCare","bssidName":"70:cd:60:ff:5a:07","ssidName":"T"}'
02-10 15:37:21.623 24799 24857 I jxcore-log: 
02-10 15:37:21.624 24799 24857 I jxcore-log: 2017-02-10 12:37:21 - INFO thaliMobile: 'Filtered out networkChangedNonTCP (was in stopped state).'
02-10 15:37:21.624 24799 24857 I jxcore-log: 
02-10 15:37:21.628 24799 24857 I jxcore-log: # setup
02-10 15:37:21.628 24799 24857 I jxcore-log: 
02-10 15:37:21.648 24799 24857 I jxcore-log: # onPeerDiscovered calls jxcore
02-10 15:37:21.648 24799 24857 I jxcore-log: 
02-10 15:37:21.672 24799 24857 V org.thaliproject.p2p.btconnectorlib.ConnectionManagerSettings: load: Already loaded
02-10 15:37:21.672 24799 24857 V org.thaliproject.p2p.btconnectorlib.ConnectionManagerSettings: addListener: Listener org.thaliproject.p2p.btconnectorlib.ConnectionManager@7ed8f13 added. We now have 3 listener(s)
02-10 15:37:21.672 24799 24857 V org.thaliproject.p2p.btconnectorlib.DiscoveryManagerSettings: addListener: Listener org.thaliproject.p2p.btconnectorlib.ConnectionManager@7ed8f13 added. We now have 5 listener(s)
02-10 15:37:21.672 24799 24857 V org.thaliproject.p2p.btconnectorlib.DiscoveryManagerSettings: load: Already loaded
02-10 15:37:21.673 24799 24857 D org.thaliproject.p2p.btconnectorlib.internal.AbstractBluetoothConnectivityAgent: verifyIdentityString: One or more of the following values are invalid: ", Bluetooth MAC address: "BC:75:74:3A:BC:F8"Peer extra info: "256
02-10 15:37:21.673 24799 24857 D org.thaliproject.p2p.btconnectorlib.internal.bluetooth.BluetoothConnector: BluetoothConnector: Bluetooth name: Thali_Bluetooth, service record UUID: fa87c0d0-afac-11de-8a39-0800200c9a66
02-10 15:37:21.673 24799 24857 D org.thaliproject.p2p.btconnectorlib.internal.bluetooth.BluetoothConnector: setIdentityString: 
02-10 15:37:21.674 24799 24857 V org.thaliproject.p2p.btconnectorlib.DiscoveryManagerSettings: load: Already loaded
02-10 15:37:21.674 24799 24857 V org.thaliproject.p2p.btconnectorlib.DiscoveryManagerSettings: addListener: Listener org.thaliproject.p2p.btconnectorlib.DiscoveryManager@d6fe550 added. We now have 6 listener(s)
02-10 15:37:21.674 24799 24857 D org.thaliproject.p2p.btconnectorlib.utils.PeerModel: addListener: New listener added - the number of listeners is now 1
02-10 15:37:21.675 24799 24857 I org.thaliproject.p2p.btconnectorlib.DiscoveryManagerSettings: setDiscoveryMode: Discovery mode BLE is supported
02-10 15:37:21.676 24799 24857 I io.jxcore.node.ConnectionHelper: onPeerDiscovered: [33:44:55:44:33:22 0], Bluetooth address: 33:44:55:44:33:22, device name: 'null', device address: 'null'
02-10 15:37:21.677 24799 24857 I jxcore-log: ok 61 onPeerDiscovered
02-10 15:37:21.677 24799 24857 I jxcore-log: 
02-10 15:37:21.679 24799 24857 I jxcore-log: ok 62 There should be exactly one peer
02-10 15:37:21.679 24799 24857 I jxcore-log: 
02-10 15:37:21.679 24799 24857 I jxcore-log: ok 63 check if callback was fired by onPeerDiscovered
02-10 15:37:21.679 24799 24857 I jxcore-log: 
02-10 15:37:21.680 24799 24857 I jxcore-log: ok 64 check if generation is 0
02-10 15:37:21.680 24799 24857 I jxcore-log: 
02-10 15:37:21.680 24799 24857 I jxcore-log: ok 65 check if peerAvailable is true
02-10 15:37:21.680 24799 24857 I jxcore-log: 
02-10 15:37:21.684 24799 24857 I jxcore-log: # teardown
02-10 15:37:21.684 24799 24857 I jxcore-log: 
02-10 15:37:22.824 24799 24857 I jxcore-log: 2017-02-10 12:37:22 - DEBUG thaliMobileNativeWrapper: 'Method peerAvailabilityChanged registered to native'
02-10 15:37:22.824 24799 24857 I jxcore-log: 
02-10 15:37:22.827 24799 24857 I jxcore-log: 2017-02-10 12:37:22 - DEBUG thaliMobileNativeWrapper: 'Method discoveryAdvertisingStateUpdateNonTCP registered to native'
02-10 15:37:22.827 24799 24857 I jxcore-log: 
02-10 15:37:22.831 24799 24857 I jxcore-log: 2017-02-10 12:37:22 - DEBUG thaliMobileNativeWrapper: 'Method multiConnectResolved registered to native'
02-10 15:37:22.831 24799 24857 I jxcore-log: 
02-10 15:37:22.841 24799 24857 V io.jxcore.node.ConnectivityMonitor: updateConnectivityInfo: FORCED notification:
02-10 15:37:22.841 24799 24857 V io.jxcore.node.ConnectivityMonitor:     - is Wi-Fi Direct supported: true
02-10 15:37:22.841 24799 24857 V io.jxcore.node.ConnectivityMonitor:     - is Bluetooth LE multiple advertisement supported: SUPPORTED
02-10 15:37:22.841 24799 24857 V io.jxcore.node.ConnectivityMonitor:     - is Wi-Fi enabled: true
02-10 15:37:22.841 24799 24857 V io.jxcore.node.ConnectivityMonitor:     - is Bluetooth enabled: true
02-10 15:37:22.841 24799 24857 V io.jxcore.node.ConnectivityMonitor:     - BSSID name: 70:cd:60:ff:5a:07
02-10 15:37:22.841 24799 24857 V io.jxcore.node.ConnectivityMonitor:     - SSID name: "T"
02-10 15:37:22.841 24799 24857 V io.jxcore.node.ConnectivityMonitor:     - is connected/connecting to active network: true
02-10 15:37:22.841 24799 24857 V io.jxcore.node.ConnectivityMonitor:     - active network type is Wi-Fi: true
02-10 15:37:22.845 24799 24857 D io.jxcore.node.JXcoreExtension: notifyNetworkChanged: BLE: ON, Bluetooth: ON, Wi-Fi: ON, cellular: DO_NOT_CARE, BSSID name: 70:cd:60:ff:5a:07, SSID name: "T"
02-10 15:37:22.847 24799 24857 I jxcore-log: 2017-02-10 12:37:22 - DEBUG thaliMobileNativeWrapper: 'Method networkChanged registered to native'
02-10 15:37:22.847 24799 24857 I jxcore-log: 
02-10 15:37:22.849 24799 24857 I jxcore-log: 2017-02-10 12:37:22 - DEBUG thaliMobileNativeWrapper: 'Method multiConnectConnectionFailure registered to native'
02-10 15:37:22.849 24799 24857 I jxcore-log: 
02-10 15:37:22.851 24799 24857 I jxcore-log: 2017-02-10 12:37:22 - DEBUG thaliMobileNativeWrapper: 'Method incomingConnectionToPortNumberFailed registered to native'
02-10 15:37:22.851 24799 24857 I jxcore-log: 
02-10 15:37:22.859 24799 24857 I jxcore-log: 2017-02-10 12:37:22 - DEBUG thaliMobileNativeWrapper: 'networkChanged: {"bluetoothLowEnergy":"on","bluetooth":"on","wifi":"on","cellular":"doNotCare","bssidName":"70:cd:60:ff:5a:07","ssidName":"T"}'
02-10 15:37:22.859 24799 24857 I jxcore-log: 
02-10 15:37:22.860 24799 24857 I jxcore-log: 2017-02-10 12:37:22 - INFO thaliMobile: 'Filtered out networkChangedNonTCP (was in stopped state).'
02-10 15:37:22.860 24799 24857 I jxcore-log: 
02-10 15:37:22.864 24799 24857 I jxcore-log: # setup
02-10 15:37:22.864 24799 24857 I jxcore-log: 
02-10 15:37:22.886 24799 24857 I jxcore-log: # Can call start/stopListeningForAdvertisements
02-10 15:37:22.886 24799 24857 I jxcore-log: 
02-10 15:37:22.912 24799 24857 D io.jxcore.node.JXcoreExtension: startListeningForAdvertisements
02-10 15:37:22.916 24799 24857 I io.jxcore.node.ConnectionHelper: start: Port number: 0, start advertisements: false
02-10 15:37:22.916 24799 24857 V io.jxcore.node.ConnectivityMonitor: start: Already started
02-10 15:37:22.916 24799 24857 V io.jxcore.node.StartStopOperation: isTargetState: Connectivity: NOT_STARTED, discovery: NOT_STARTED, is discovering: false, is advertising: false - Start operation: Should affect listening to advertisements only
02-10 15:37:22.916 24799 24857 V io.jxcore.node.StartStopOperationHandler: executeCurrentOperation: Executing: Start operation: Should affect listening to advertisements only
02-10 15:37:22.917 24799 24857 I org.thaliproject.p2p.btconnectorlib.DiscoveryManager: start: Discovery mode: BLE, start discovery: true, start advertiser: false
02-10 15:37:22.918 24799 24857 I org.thaliproject.p2p.btconnectorlib.internal.bluetooth.BluetoothManager: bind: Binding a new listener
02-10 15:37:22.918 24799 24857 I org.thaliproject.p2p.btconnectorlib.internal.wifi.WifiDirectManager: bind: Binding a new listener
02-10 15:37:22.923 24799 24857 D org.thaliproject.p2p.btconnectorlib.DiscoveryManager: startBlePeerDiscoverer
02-10 15:37:22.924 24799 24857 V io.jxcore.node.ConnectionHelper: Received a request for permission "android.permission.ACCESS_COARSE_LOCATION", but we are expecting that all the required permissions have already been granted
02-10 15:37:22.924 24799 24857 V org.thaliproject.p2p.btconnectorlib.DiscoveryManager: getBlePeerDiscovererInstanceAndCheckBluetoothMacAddress: Constructing...
02-10 15:37:22.930 24799 24857 D org.thaliproject.p2p.btconnectorlib.internal.bluetooth.le.BleAdvertiser: setAdvertiseSettings, Current thread: Thread[Thread-1109,5,main], id: 1109
02-10 15:37:22.931 24799 24857 I org.thaliproject.p2p.btconnectorlib.internal.bluetooth.le.BleAdvertiser: setAdvertiseSettings: Mode: 2, Tx power level: 3, timeout: 0, is connectable: false
02-10 15:37:22.934 24799 24857 D org.thaliproject.p2p.btconnectorlib.internal.bluetooth.le.BleScanner: applyAdditionalMarshmallowSettings
02-10 15:37:22.934 24799 24857 I org.thaliproject.p2p.btconnectorlib.internal.bluetooth.le.BleScanner: setScanSettings: Mode: 2, report delay in milliseconds: 500, scan result type: 0
02-10 15:37:22.934 24799 24857 D org.thaliproject.p2p.btconnectorlib.internal.bluetooth.le.BlePeerDiscoverer: Beacon extra: 256
02-10 15:37:22.938 24799 24857 V org.thaliproject.p2p.btconnectorlib.internal.bluetooth.BluetoothManager: Checking support for offloaded filtering: Storing the value (SUPPORTED) in persistent storage
02-10 15:37:22.941 24799 24857 V org.thaliproject.p2p.btconnectorlib.internal.bluetooth.BluetoothManager: Checking support for offloaded scan batching: Storing the value (SUPPORTED) in persistent storage
02-10 15:37:22.941 24799 24857 D org.thaliproject.p2p.btconnectorlib.internal.bluetooth.le.BlePeerDiscoverer: startScanner: Current thread: Thread[Thread-1109,5,main], id: 1109
02-10 15:37:22.941 24799 24857 I org.thaliproject.p2p.btconnectorlib.internal.bluetooth.le.BlePeerDiscoverer: startScanner: Starting...
02-10 15:37:22.942 24799 24857 D org.thaliproject.p2p.btconnectorlib.internal.bluetooth.le.BlePeerDiscoveryUtils: createScanFilter: No service UUID, use manufacturer ID: true
02-10 15:37:22.942 24799 24857 D org.thaliproject.p2p.btconnectorlib.internal.bluetooth.le.BlePeerDiscoveryUtils: manufacturer ID: 36667
02-10 15:37:22.942 24799 24857 D org.thaliproject.p2p.btconnectorlib.internal.bluetooth.le.BlePeerDiscoveryUtils: createScanFilter: BluetoothLeScanFilter [mDeviceName=null, mDeviceAddress=null, mUuid=null, mUuidMask=null, mServiceDataUuid=null, mServiceData=null, mServiceDataMask=null, mManufacturerId=36667, mManufacturerData=null, mManufacturerDataMask=null]
02-10 15:37:22.943 24799 24857 D org.thaliproject.p2p.btconnectorlib.internal.bluetooth.le.BleScanner: start: Current thread: Thread[Thread-1109,5,main], id: 1109
02-10 15:37:22.944 24799 24857 D BluetoothAdapter: STATE_ON
02-10 15:37:22.949  9440  9467 D BtGatt.GattService: registerClient() - UUID=8030e867-8c86-43dd-ab24-59019d31ad81
02-10 15:37:22.949  9440  9456 D BtGatt.GattService: onClientRegistered() - UUID=8030e867-8c86-43dd-ab24-59019d31ad81, clientIf=5
02-10 15:37:22.950 24799 24809 D BluetoothLeScanner: onClientRegistered() - status=0 clientIf=5
02-10 15:37:22.950  9440  9476 D BtGatt.GattService: start scan with filters
02-10 15:37:22.953  9440  9459 D BtGatt.ScanManager: handling starting scan
02-10 15:37:22.953 24799 24857 D org.thaliproject.p2p.btconnectorlib.internal.bluetooth.le.BleScanner: start: scan started
02-10 15:37:22.953 24799 24857 D org.thaliproject.p2p.btconnectorlib.internal.bluetooth.le.BleScanner: set state: Current thread: Thread[Thread-1109,5,main], id: 1109
02-10 15:37:22.954 24799 24857 D org.thaliproject.p2p.btconnectorlib.internal.bluetooth.le.BleScanner: setState: State changed from NOT_STARTED to RUNNING
02-10 15:37:22.954 24799 24857 D org.thaliproject.p2p.btconnectorlib.internal.bluetooth.le.BleScanner: notifyScannerStateChanged: started =  true. Current thread: Thread[Thread-1109,5,main], id: 1109
02-10 15:37:22.954 24799 24857 D org.thaliproject.p2p.btconnectorlib.DiscoveryManager: startBlePeerDiscoverer: OK
02-10 15:37:22.954 24799 24799 I org.thaliproject.p2p.btconnectorlib.internal.bluetooth.le.BlePeerDiscoverer: onIsScannerStartedChanged: trueCurrent thread: Thread[main,5,main], id: 1
02-10 15:37:22.955 24799 24799 D org.thaliproject.p2p.btconnectorlib.internal.bluetooth.le.BlePeerDiscoverer: updateState : Current thread: Thread[main,5,main], id: 1
02-10 15:37:22.955 24799 24799 D org.thaliproject.p2p.btconnectorlib.internal.bluetooth.le.BlePeerDiscoverer: updateState: deducedStateSet: [SCANNING]
02-10 15:37:22.955 24799 24799 D org.thaliproject.p2p.btconnectorlib.internal.bluetooth.le.BlePeerDiscoverer: updateState: stateSet: [NOT_STARTED]
02-10 15:37:22.955 24799 24799 D org.thaliproject.p2p.btconnectorlib.internal.bluetooth.le.BlePeerDiscoverer: Current thread: Thread[main,5,main], id: 1
02-10 15:37:22.955 24799 24799 D org.thaliproject.p2p.btconnectorlib.internal.bluetooth.le.BlePeerDiscoverer: updateState: State changed from [NOT_STARTED] to [SCANNING]Current thread: Thread[main,5,main], id: 1
02-10 15:37:22.955 24799 24799 D org.thaliproject.p2p.btconnectorlib.internal.bluetooth.le.BlePeerDiscoverer: update state finished. Current thread: Thread[main,5,main], id: 1
02-10 15:37:22.956 24799 24799 I org.thaliproject.p2p.btconnectorlib.DiscoveryManager: onBlePeerDiscovererStateChanged: [NOT_STARTED] -> [SCANNING] Current thread: Thread[main,5,main], id: 1
02-10 15:37:22.956 24799 24857 I org.thaliproject.p2p.btconnectorlib.DiscoveryManager: start: OK
02-10 15:37:22.956 24799 24857 D org.thaliproject.p2p.btconnectorlib.DiscoveryManager: updateState: Current thread: Thread[Thread-1109,5,main], id: 1109
02-10 15:37:22.959 24799 24857 D org.thaliproject.p2p.btconnectorlib.DiscoveryManager: updateStateInternal Current thread: Thread[Thread-1109,5,main], id: 1109
02-10 15:37:22.959 24799 24857 D org.thaliproject.p2p.btconnectorlib.DiscoveryManager: updateState: State: RUNNING_BLE, is discovering: true, is advertising: false
02-10 15:37:22.959 24799 24857 D org.thaliproject.p2p.btconnectorlib.DiscoveryManager: updateStateInternal finished Current thread: Thread[Thread-1109,5,main], id: 1109
02-10 15:37:22.960 24799 24857 D org.thaliproject.p2p.btconnectorlib.DiscoveryManager: updateState finished Current thread: Thread[Thread-1109,5,main], id: 1109
02-10 15:37:22.960 24799 24799 D org.thaliproject.p2p.btconnectorlib.DiscoveryManager: updateState: Current thread: Thread[main,5,main], id: 1
02-10 15:37:22.960  9440  9456 D BtGatt.GattService: onScanFilterEnableDisabled() - clientIf=5, status=0, action=1
02-10 15:37:22.960 24799 24857 I io.jxcore.node.ConnectionHelper: start: OK
02-10 15:37:22.960  9440  9456 D BtGatt.ScanManager: callback done for clientIf - 5 status - 0
02-10 15:37:22.961  9440  9459 D BtGatt.ScanManager: configureFilterParamter 1500 10000 4 0
02-10 15:37:22.963 24799 24799 D org.thaliproject.p2p.btconnectorlib.DiscoveryManager: updateStateInternal Current thread: Thread[main,5,main], id: 1
02-10 15:37:22.963 24799 24799 D org.thaliproject.p2p.btconnectorlib.DiscoveryManager: updateStateInternal finished Current thread: Thread[main,5,main], id: 1
02-10 15:37:22.963 24799 24799 D org.thaliproject.p2p.btconnectorlib.DiscoveryManager: updateState finished Current thread: Thread[main,5,main], id: 1
02-10 15:37:22.963 24799 24799 I io.jxcore.node.ConnectionHelper: onDiscoveryManagerStateChanged: State: RUNNING_BLE, is discovering: true, is advertising: false
02-10 15:37:22.966  9440  9456 D BtGatt.GattService: onScanFilterParamsConfigured() - clientIf=5, status=0, action=0, availableSpace=31
02-10 15:37:22.966  9440  9456 D BtGatt.ScanManager: callback done for clientIf - 5 status - 0
02-10 15:37:22.966  9440  9459 D BtGatt.ScanManager: Starting BLE batch scan
02-10 15:37:22.967  9440  9459 D BtGatt.ScanManager: configuring batch scan storage, appIf 5
02-10 15:37:22.975  9440  9456 D BtGatt.GattService: onBatchScanStorageConfigured() - clientIf=5, status=0
02-10 15:37:22.975  9440  9456 D BtGatt.ScanManager: callback done for clientIf - 5 status - 0
02-10 15:37:22.980  9440  9456 D BtGatt.GattService: onBatchScanStartStopped() - clientIf=5, status=0, startStopAction=1
02-10 15:37:22.980  9440  9456 D BtGatt.ScanManager: callback done for clientIf - 5 status - 0
02-10 15:37:23.465 24799 24799 V io.jxcore.node.ConnectionHelper: Notifying discovery manager state change: is discovering: true, is advertising: false
02-10 15:37:23.465 24799 24799 V io.jxcore.node.StartStopOperation: isTargetState: Connectivity: NOT_STARTED, discovery: RUNNING_BLE, is discovering: true, is advertising: false - Start operation: Should affect listening to advertisements only
02-10 15:37:23.466 24799 24799 D io.jxcore.node.StartStopOperationHandler: processCurrentOperationStatus: Operation successfully executed
02-10 15:37:23.472 24799 24857 I jxcore-log: ok 66 Can call startListeningForAdvertisements without error
02-10 15:37:23.472 24799 24857 I jxcore-log: 
02-10 15:37:23.474 24799 24857 D io.jxcore.node.JXcoreExtension: stopListeningForAdvertisements
02-10 15:37:23.475 24799 24857 I io.jxcore.node.ConnectionHelper: stop: Stopping only listening for advertisements
02-10 15:37:23.475 24799 24857 V io.jxcore.node.StartStopOperation: isTargetState: Connectivity: NOT_STARTED, discovery: RUNNING_BLE, is discovering: true, is advertising: false - Stop operation: Should affect listening to advertisements only
02-10 15:37:23.475 24799 24857 V io.jxcore.node.StartStopOperationHandler: executeCurrentOperation: Executing: Stop operation: Should affect listening to advertisements only
02-10 15:37:23.476 24799 24857 I org.thaliproject.p2p.btconnectorlib.DiscoveryManager: stopDiscovery
02-10 15:37:23.476 24799 24857 D org.thaliproject.p2p.btconnectorlib.internal.bluetooth.le.BlePeerDiscoverer: stopScanner: Current thread: Thread[Thread-1109,5,main], id: 1109
02-10 15:37:23.476 24799 24857 I org.thaliproject.p2p.btconnectorlib.internal.bluetooth.le.BlePeerDiscoverer: stopScanner: Stopping...
02-10 15:37:23.476 24799 24857 D org.thaliproject.p2p.btconnectorlib.internal.bluetooth.le.BleScanner: stop, Current thread: Thread[Thread-1109,5,main], id: 1109
02-10 15:37:23.479 24799 24857 D BluetoothAdapter: STATE_ON
02-10 15:37:23.479  9440  9451 D BtGatt.GattService: flushPendingBatchResults - clientIf=5, isServer=false
02-10 15:37:23.480 24799 24857 D org.thaliproject.p2p.btconnectorlib.internal.bluetooth.le.BleScanner: stop: scan results are flushed 
02-10 15:37:23.480  9440  9459 D BtGatt.ScanManager: flushPendingBatchResults - clientIf = 5
02-10 15:37:23.480 24799 24857 D BluetoothAdapter: STATE_ON
02-10 15:37:23.481  9440  9476 D BtGatt.GattService: stopScan() - queue size =1
02-10 15:37:23.482  9440  9450 D BtGatt.GattService: unregisterClient() - clientIf=5
02-10 15:37:23.482 24799 24857 D org.thaliproject.p2p.btconnectorlib.internal.bluetooth.le.BleScanner: stop: Stopped
02-10 15:37:23.482 24799 24857 D org.thaliproject.p2p.btconnectorlib.internal.bluetooth.le.BleScanner: set state: Current thread: Thread[Thread-1109,5,main], id: 1109
02-10 15:37:23.482 24799 24857 D org.thaliproject.p2p.btconnectorlib.internal.bluetooth.le.BleScanner: setState: State changed from RUNNING to NOT_STARTED
02-10 15:37:23.483 24799 24857 D org.thaliproject.p2p.btconnectorlib.internal.bluetooth.le.BleScanner: notifyScannerStateChanged: started =  false. Current thread: Thread[Thread-1109,5,main], id: 1109
02-10 15:37:23.483 24799 24857 D org.thaliproject.p2p.btconnectorlib.internal.bluetooth.le.BleScanner: stop finished, Current thread: Thread[Thread-1109,5,main], id: 1109
02-10 15:37:23.483 24799 24857 I org.thaliproject.p2p.btconnectorlib.DiscoveryManager: stop: Stopping peer discovery...
02-10 15:37:23.483 24799 24857 D org.thaliproject.p2p.btconnectorlib.DiscoveryManager: stopForRestart Current thread: Thread[Thread-1109,5,main], id: 1109
02-10 15:37:23.483 24799 24799 I org.thaliproject.p2p.btconnectorlib.internal.bluetooth.le.BlePeerDiscoverer: onIsScannerStartedChanged: falseCurrent thread: Thread[main,5,main], id: 1
02-10 15:37:23.483 24799 24857 D org.thaliproject.p2p.btconnectorlib.DiscoveryManager: stopForRestart. RUNNING_BLE
02-10 15:37:23.483 24799 24799 D org.thaliproject.p2p.btconnectorlib.internal.bluetooth.le.BlePeerDiscoverer: updateState : Current thread: Thread[main,5,main], id: 1
02-10 15:37:23.483 24799 24857 D org.thaliproject.p2p.btconnectorlib.internal.BluetoothMacAddressResolutionHelper: stopProvideBluetoothMacAddressMode
02-10 15:37:23.483 24799 24799 D org.thaliproject.p2p.btconnectorlib.internal.bluetooth.le.BlePeerDiscoverer: updateState: deducedStateSet: [NOT_STARTED]
02-10 15:37:23.483 24799 24799 D org.thaliproject.p2p.btconnectorlib.internal.bluetooth.le.BlePeerDiscoverer: updateState: stateSet: [SCANNING]
02-10 15:37:23.483 24799 24799 D org.thaliproject.p2p.btconnectorlib.internal.bluetooth.le.BlePeerDiscoverer: Current thread: Thread[main,5,main], id: 1
02-10 15:37:23.483 24799 24799 D org.thaliproject.p2p.btconnectorlib.internal.bluetooth.le.BlePeerDiscoverer: updateState: State changed from [SCANNING] to [NOT_STARTED]Current thread: Thread[main,5,main], id: 1
02-10 15:37:23.484 24799 24799 D org.thaliproject.p2p.btconnectorlib.internal.bluetooth.le.BlePeerDiscoverer: update state finished. Current thread: Thread[main,5,main], id: 1
02-10 15:37:23.484 24799 24857 D org.thaliproject.p2p.btconnectorlib.internal.bluetooth.le.BlePeerDiscoverer: stopScannerAndAdvertiser: Current thread: Thread[Thread-1109,5,main], id: 1109
02-10 15:37:23.484 24799 24857 D org.thaliproject.p2p.btconnectorlib.internal.bluetooth.le.BlePeerDiscoverer: stopPeerAddressHelperAdvertiser Current thread: Thread[Thread-1109,5,main], id: 1109
02-10 15:37:23.485 24799 24857 D org.thaliproject.p2p.btconnectorlib.internal.bluetooth.le.BlePeerDiscoverer: stopScanner: Current thread: Thread[Thread-1109,5,main], id: 1109
02-10 15:37:23.485 24799 24857 D org.thaliproject.p2p.btconnectorlib.internal.bluetooth.le.BleScanner: stop, Current thread: Thread[Thread-1109,5,main], id: 1109
02-10 15:37:23.486 24799 24857 D BluetoothAdapter: STATE_ON
02-10 15:37:23.486 24799 24857 D org.thaliproject.p2p.btconnectorlib.internal.bluetooth.le.BleScanner: stop: scan results are flushed 
02-10 15:37:23.487 24799 24857 D BluetoothAdapter: STATE_ON
02-10 15:37:23.487 24799 24857 D BluetoothLeScanner: could not find callback wrapper
02-10 15:37:23.487 24799 24857 D org.thaliproject.p2p.btconnectorlib.internal.bluetooth.le.BleScanner: stop: Stopped
02-10 15:37:23.487 24799 24857 D org.thaliproject.p2p.btconnectorlib.internal.bluetooth.le.BleScanner: set state: Current thread: Thread[Thread-1109,5,main], id: 1109
02-10 15:37:23.487 24799 24857 D org.thaliproject.p2p.btconnectorlib.internal.bluetooth.le.BleScanner: stop finished, Current thread: Thread[Thread-1109,5,main], id: 1109
02-10 15:37:23.487 24799 24857 D org.thaliproject.p2p.btconnectorlib.internal.bluetooth.le.BlePeerDiscoverer: stopAdvertiser:Current thread: Thread[Thread-1109,5,main], id: 1109
02-10 15:37:23.487 24799 24857 D org.thaliproject.p2p.btconnectorlib.internal.bluetooth.le.BleAdvertiser: stop. Current thread: Thread[Thread-1109,5,main], id: 1109
02-10 15:37:23.488 24799 24857 D org.thaliproject.p2p.btconnectorlib.internal.bluetooth.le.BleAdvertiser: stop: Stopped
02-10 15:37:23.488  9440  9440 D BtGatt.ScanManager: awakened up at time 2165001088
02-10 15:37:23.488 24799 24857 D org.thaliproject.p2p.btconnectorlib.internal.bluetooth.le.BleAdvertiser: setState: current  = NOT_STARTED, new = NOT_STARTEDCurrent thread: Thread[Thread-1109,5,main], id: 1109
02-10 15:37:23.488 24799 24857 D org.thaliproject.p2p.btconnectorlib.internal.bluetooth.le.BleAdvertiser: setState: finished Current thread: Thread[Thread-1109,5,main], id: 1109
02-10 15:37:23.488 24799 24857 D org.thaliproject.p2p.btconnectorlib.internal.bluetooth.le.BleAdvertiser: stop finished. Current thread: Thread[Thread-1109,5,main], id: 1109
02-10 15:37:23.488 24799 24857 D org.thaliproject.p2p.btconnectorlib.DiscoveryManager: stopBlePeerDiscoverer: Stopped
02-10 15:37:23.489 24799 24857 I org.thaliproject.p2p.btconnectorlib.internal.wifi.WifiDirectManager: release: No more listeners, de-initializing...
02-10 15:37:23.489  9440  9456 D BtGatt.GattService: onBatchScanReports() - clientIf=5, status=0, reportType=2, numRecords=0
02-10 15:37:23.489  9440  9456 D BtGatt.ScanManager: callback done for clientIf - 5 status - 0
02-10 15:37:23.489  9440  9456 E BtGatt.ContextMap: Context not found for ID 5
02-10 15:37:23.490 24799 24857 D org.thaliproject.p2p.btconnectorlib.internal.bluetooth.BluetoothManager: release: 1 listener(s) left
02-10 15:37:23.490 24799 24857 D org.thaliproject.p2p.btconnectorlib.DiscoveryManager: updateState: Current thread: Thread[Thread-1109,5,main], id: 1109
02-10 15:37:23.492 24799 24857 D org.thaliproject.p2p.btconnectorlib.DiscoveryManager: updateStateInternal Current thread: Thread[Thread-1109,5,main], id: 1109
02-10 15:37:23.492 24799 24857 D org.thaliproject.p2p.btconnectorlib.DiscoveryManager: updateState: State: NOT_STARTED, is discovering: false, is advertising: false
02-10 15:37:23.493 24799 24857 D org.thaliproject.p2p.btconnectorlib.DiscoveryManager: updateStateInternal finished Current thread: Thread[Thread-1109,5,main], id: 1109
02-10 15:37:23.493 24799 24857 D org.thaliproject.p2p.btconnectorlib.DiscoveryManager: updateState finished Current thread: Thread[Thread-1109,5,main], id: 1109
02-10 15:37:23.493 24799 24799 I org.thaliproject.p2p.btconnectorlib.DiscoveryManager: start: Discovery mode: BLE, start discovery: false, start advertiser: false
02-10 15:37:23.493 24799 24799 I org.thaliproject.p2p.btconnectorlib.DiscoveryManager: start: Discovery mode: BLE, start discovery: false, start advertiser: false
02-10 15:37:23.493 24799 24799 I io.jxcore.node.ConnectionHelper: onDiscoveryManagerStateChanged: State: NOT_STARTED, is discovering: false, is advertising: false
02-10 15:37:23.494 24799 24857 I jxcore-log: 2017-02-10 12:37:23 - DEBUG thaliMobileNativeWrapper: 'discoveryAdvertisingStateUpdateNonTCP: {"discoveryActive":true,"advertisingActive":false}'
02-10 15:37:23.494 24799 24857 I jxcore-log: 
02-10 15:37:23.496 24799 24857 I jxcore-log: 2017-02-10 12:37:23 - INFO thaliMobile: 'Received state ({"discoveryActive":true,"advertisingActive":false}) did not match with target ({"started":false,"listening":false,"advertising":false,"networkType":"BOTH","startArguments":{"router":null,"pskIdToSecret":null,"networkType":null}})'
02-10 15:37:23.496 24799 24857 I jxcore-log: 
02-10 15:37:23.499 24799 24857 I jxcore-log: 2017-02-10 12:37:23 - INFO thaliMobile: 'Filtered out discoveryAdvertisingStateUpdate (was in stopped state).'
02-10 15:37:23.499 24799 24857 I jxcore-log: 
02-10 15:37:23.504  9440  9456 D BtGatt.GattService: onScanFilterParamsConfigured() - clientIf=5, status=0, action=1, availableSpace=32
02-10 15:37:23.505  9440  9456 D BtGatt.ScanManager: callback done for clientIf - 5 status - 0
02-10 15:37:23.505  9440  9459 D BtGatt.ScanManager: stopping BLe Batch
02-10 15:37:23.511  9440  9456 D BtGatt.GattService: onBatchScanStartStopped() - clientIf=5, status=0, startStopAction=0
02-10 15:37:23.511  9440  9456 D BtGatt.ScanManager: callback done for clientIf - 5 status - 0
02-10 15:37:23.511  9440  9459 D BtGatt.ScanManager: flushPendingBatchResults - clientIf = 5
02-10 15:37:23.517  9440  9456 D BtGatt.GattService: onBatchScanReports() - clientIf=5, status=0, reportType=2, numRecords=0
02-10 15:37:23.518  9440  9456 D BtGatt.ScanManager: callback done for clientIf - 5 status - 0
02-10 15:37:23.994 24799 24799 V io.jxcore.node.ConnectionHelper: Notifying discovery manager state change: is discovering: false, is advertising: false
02-10 15:37:23.995 24799 24799 V io.jxcore.node.StartStopOperation: isTargetState: Connectivity: NOT_STARTED, discovery: NOT_STARTED, is discovering: false, is advertising: false - Stop operation: Should affect listening to advertisements only
02-10 15:37:23.995 24799 24799 D io.jxcore.node.StartStopOperationHandler: processCurrentOperationStatus: Operation successfully executed
02-10 15:37:24.001 24799 24857 I jxcore-log: ok 67 Can call stopListeningForAdvertisements without error
02-10 15:37:24.001 24799 24857 I jxcore-log: 
02-10 15:37:24.014 24799 24857 I jxcore-log: 2017-02-10 12:37:24 - DEBUG thaliMobileNativeWrapper: 'discoveryAdvertisingStateUpdateNonTCP: {"discoveryActive":false,"advertisingActive":false}'
02-10 15:37:24.014 24799 24857 I jxcore-log: 
02-10 15:37:24.015 24799 24857 I jxcore-log: 2017-02-10 12:37:24 - INFO thaliMobile: 'Filtered out discoveryAdvertisingStateUpdate (was in stopped state).'
02-10 15:37:24.015 24799 24857 I jxcore-log: 
02-10 15:37:24.019 24799 24857 I jxcore-log: # teardown
02-10 15:37:24.019 24799 24857 I jxcore-log: 
02-10 15:37:25.179 24799 24857 D io.jxcore.node.JXcoreExtension: stopListeningForAdvertisements
02-10 15:37:25.179 24799 24857 I io.jxcore.node.ConnectionHelper: stop: Stopping only listening for advertisements
02-10 15:37:25.179 24799 24857 V io.jxcore.node.StartStopOperation: isTargetState: Connectivity: NOT_STARTED, discovery: NOT_STARTED, is discovering: false, is advertising: false - Stop operation: Should affect listening to advertisements only
02-10 15:37:25.179 24799 24857 V io.jxcore.node.StartStopOperationHandler: executeCurrentOperation: The current state already matches the desired outcome of this operation, skipping...
02-10 15:37:25.182 24799 24857 I jxcore-log: ok 68 Should be able to call stopListeningForAdvertisements in teardown
02-10 15:37:25.182 24799 24857 I jxcore-log: 
02-10 15:37:25.183 24799 24857 D io.jxcore.node.JXcoreExtension: stopAdvertisingAndListening
02-10 15:37:25.184 24799 24857 I io.jxcore.node.ConnectionHelper: stop: Stopping all activities and killing connections
02-10 15:37:25.184 24799 24857 V io.jxcore.node.StartStopOperation: isTargetState: Connectivity: NOT_STARTED, discovery: NOT_STARTED, is discovering: false, is advertising: false - Stop operation: Should start/stop everything
02-10 15:37:25.184 24799 24857 V io.jxcore.node.StartStopOperationHandler: executeCurrentOperation: The current state already matches the desired outcome of this operation, skipping...
02-10 15:37:25.187 24799 24857 I jxcore-log: ok 69 Should be able to call stopAdvertisingAndListening in teardown
02-10 15:37:25.187 24799 24857 I jxcore-log: 
02-10 15:37:25.189 24799 24857 I jxcore-log: 2017-02-10 12:37:25 - DEBUG thaliMobileNativeWrapper: 'Method peerAvailabilityChanged registered to native'
02-10 15:37:25.189 24799 24857 I jxcore-log: 
02-10 15:37:25.191 24799 24857 I jxcore-log: 2017-02-10 12:37:25 - DEBUG thaliMobileNativeWrapper: 'Method discoveryAdvertisingStateUpdateNonTCP registered to native'
02-10 15:37:25.191 24799 24857 I jxcore-log: 
02-10 15:37:25.193 24799 24857 I jxcore-log: 2017-02-10 12:37:25 - DEBUG thaliMobileNativeWrapper: 'Method multiConnectResolved registered to native'
02-10 15:37:25.193 24799 24857 I jxcore-log: 
02-10 15:37:25.199 24799 24857 V io.jxcore.node.ConnectivityMonitor: updateConnectivityInfo: FORCED notification:
02-10 15:37:25.199 24799 24857 V io.jxcore.node.ConnectivityMonitor:     - is Wi-Fi Direct supported: true
02-10 15:37:25.199 24799 24857 V io.jxcore.node.ConnectivityMonitor:     - is Bluetooth LE multiple advertisement supported: SUPPORTED
02-10 15:37:25.199 24799 24857 V io.jxcore.node.ConnectivityMonitor:     - is Wi-Fi enabled: true
02-10 15:37:25.199 24799 24857 V io.jxcore.node.ConnectivityMonitor:     - is Bluetooth enabled: true
02-10 15:37:25.199 24799 24857 V io.jxcore.node.ConnectivityMonitor:     - BSSID name: 70:cd:60:ff:5a:07
02-10 15:37:25.199 24799 24857 V io.jxcore.node.ConnectivityMonitor:     - SSID name: "T"
02-10 15:37:25.199 24799 24857 V io.jxcore.node.ConnectivityMonitor:     - is connected/connecting to active network: true
02-10 15:37:25.199 24799 24857 V io.jxcore.node.ConnectivityMonitor:     - active network type is Wi-Fi: true
02-10 15:37:25.201 24799 24857 D io.jxcore.node.JXcoreExtension: notifyNetworkChanged: BLE: ON, Bluetooth: ON, Wi-Fi: ON, cellular: DO_NOT_CARE, BSSID name: 70:cd:60:ff:5a:07, SSID name: "T"
02-10 15:37:25.203 24799 24857 I jxcore-log: 2017-02-10 12:37:25 - DEBUG thaliMobileNativeWrapper: 'Method networkChanged registered to native'
02-10 15:37:25.203 24799 24857 I jxcore-log: 
02-10 15:37:25.205 24799 24857 I jxcore-log: 2017-02-10 12:37:25 - DEBUG thaliMobileNativeWrapper: 'Method multiConnectConnectionFailure registered to native'
02-10 15:37:25.205 24799 24857 I jxcore-log: 
02-10 15:37:25.206 24799 24857 I jxcore-log: 2017-02-10 12:37:25 - DEBUG thaliMobileNativeWrapper: 'Method incomingConnectionToPortNumberFailed registered to native'
02-10 15:37:25.206 24799 24857 I jxcore-log: 
02-10 15:37:25.212 24799 24857 I jxcore-log: # setup
02-10 15:37:25.212 24799 24857 I jxcore-log: 
02-10 15:37:25.214 24799 24857 I jxcore-log: 2017-02-10 12:37:25 - DEBUG thaliMobileNativeWrapper: 'networkChanged: {"bluetoothLowEnergy":"on","bluetooth":"on","wifi":"on","cellular":"doNotCare","bssidName":"70:cd:60:ff:5a:07","ssidName":"T"}'
02-10 15:37:25.214 24799 24857 I jxcore-log: 
02-10 15:37:25.214 24799 24857 I jxcore-log: 2017-02-10 12:37:25 - INFO thaliMobile: 'Filtered out networkChangedNonTCP (was in stopped state).'
02-10 15:37:25.214 24799 24857 I jxcore-log: 
02-10 15:37:25.230 24799 24857 I jxcore-log: # Calling startListeningForAdvertisements twice is NOT an error
02-10 15:37:25.230 24799 24857 I jxcore-log: 
02-10 15:37:25.258 24799 24857 D io.jxcore.node.JXcoreExtension: startListeningForAdvertisements
02-10 15:37:25.260 24799 24857 I io.jxcore.node.ConnectionHelper: start: Port number: 0, start advertisements: false
02-10 15:37:25.260 24799 24857 V io.jxcore.node.ConnectivityMonitor: start: Already started
02-10 15:37:25.260 24799 24857 V io.jxcore.node.StartStopOperation: isTargetState: Connectivity: NOT_STARTED, discovery: NOT_STARTED, is discovering: false, is advertising: false - Start operation: Should affect listening to advertisements only
02-10 15:37:25.260 24799 24857 V io.jxcore.node.StartStopOperationHandler: executeCurrentOperation: Executing: Start operation: Should affect listening to advertisements only
02-10 15:37:25.260 24799 24857 I org.thaliproject.p2p.btconnectorlib.DiscoveryManager: start: Discovery mode: BLE, start discovery: true, start advertiser: false
02-10 15:37:25.260 24799 24857 I org.thaliproject.p2p.btconnectorlib.internal.bluetooth.BluetoothManager: bind: Binding a new listener
02-10 15:37:25.260 24799 24857 I org.thaliproject.p2p.btconnectorlib.internal.wifi.WifiDirectManager: bind: Binding a new listener
02-10 15:37:25.263 24799 24857 D org.thaliproject.p2p.btconnectorlib.DiscoveryManager: startBlePeerDiscoverer
02-10 15:37:25.263 24799 24857 V io.jxcore.node.ConnectionHelper: Received a request for permission "android.permission.ACCESS_COARSE_LOCATION", but we are expecting that all the required permissions have already been granted
02-10 15:37:25.264 24799 24857 V org.thaliproject.p2p.btconnectorlib.DiscoveryManager: getBlePeerDiscovererInstanceAndCheckBluetoothMacAddress: Constructing...
02-10 15:37:25.267 24799 24857 D org.thaliproject.p2p.btconnectorlib.internal.bluetooth.le.BleAdvertiser: setAdvertiseSettings, Current thread: Thread[Thread-1109,5,main], id: 1109
02-10 15:37:25.267 24799 24857 I org.thaliproject.p2p.btconnectorlib.internal.bluetooth.le.BleAdvertiser: setAdvertiseSettings: Mode: 2, Tx power level: 3, timeout: 0, is connectable: false
02-10 15:37:25.268 24799 24857 D org.thaliproject.p2p.btconnectorlib.internal.bluetooth.le.BleScanner: applyAdditionalMarshmallowSettings
02-10 15:37:25.268 24799 24857 I org.thaliproject.p2p.btconnectorlib.internal.bluetooth.le.BleScanner: setScanSettings: Mode: 2, report delay in milliseconds: 500, scan result type: 0
02-10 15:37:25.268 24799 24857 D org.thaliproject.p2p.btconnectorlib.internal.bluetooth.le.BlePeerDiscoverer: Beacon extra: 256
02-10 15:37:25.271 24799 24857 D org.thaliproject.p2p.btconnectorlib.internal.bluetooth.le.BlePeerDiscoverer: startScanner: Current thread: Thread[Thread-1109,5,main], id: 1109
02-10 15:37:25.271 24799 24857 I org.thaliproject.p2p.btconnectorlib.internal.bluetooth.le.BlePeerDiscoverer: startScanner: Starting...
02-10 15:37:25.271 24799 24857 D org.thaliproject.p2p.btconnectorlib.internal.bluetooth.le.BlePeerDiscoveryUtils: createScanFilter: No service UUID, use manufacturer ID: true
02-10 15:37:25.271 24799 24857 D org.thaliproject.p2p.btconnectorlib.internal.bluetooth.le.BlePeerDiscoveryUtils: manufacturer ID: 36667
02-10 15:37:25.271 24799 24857 D org.thaliproject.p2p.btconnectorlib.internal.bluetooth.le.BlePeerDiscoveryUtils: createScanFilter: BluetoothLeScanFilter [mDeviceName=null, mDeviceAddress=null, mUuid=null, mUuidMask=null, mServiceDataUuid=null, mServiceData=null, mServiceDataMask=null, mManufacturerId=36667, mManufacturerData=null, mManufacturerDataMask=null]
02-10 15:37:25.271 24799 24857 D org.thaliproject.p2p.btconnectorlib.internal.bluetooth.le.BleScanner: start: Current thread: Thread[Thread-1109,5,main], id: 1109
02-10 15:37:25.272 24799 24857 D BluetoothAdapter: STATE_ON
02-10 15:37:25.274  9440  9450 D BtGatt.GattService: registerClient() - UUID=6d69ba9c-702c-4666-b3d6-65645c79ae73
02-10 15:37:25.274  9440  9456 D BtGatt.GattService: onClientRegistered() - UUID=6d69ba9c-702c-4666-b3d6-65645c79ae73, clientIf=5
02-10 15:37:25.275 24799 24809 D BluetoothLeScanner: onClientRegistered() - status=0 clientIf=5
02-10 15:37:25.275  9440  9475 D BtGatt.GattService: start scan with filters
02-10 15:37:25.278 24799 24857 D org.thaliproject.p2p.btconnectorlib.internal.bluetooth.le.BleScanner: start: scan started
02-10 15:37:25.278  9440  9459 D BtGatt.ScanManager: handling starting scan
02-10 15:37:25.278 24799 24857 D org.thaliproject.p2p.btconnectorlib.internal.bluetooth.le.BleScanner: set state: Current thread: Thread[Thread-1109,5,main], id: 1109
02-10 15:37:25.278 24799 24857 D org.thaliproject.p2p.btconnectorlib.internal.bluetooth.le.BleScanner: setState: State changed from NOT_STARTED to RUNNING
02-10 15:37:25.278 24799 24857 D org.thaliproject.p2p.btconnectorlib.internal.bluetooth.le.BleScanner: notifyScannerStateChanged: started =  true. Current thread: Thread[Thread-1109,5,main], id: 1109
02-10 15:37:25.278 24799 24857 D org.thaliproject.p2p.btconnectorlib.DiscoveryManager: startBlePeerDiscoverer: OK
02-10 15:37:25.279 24799 24799 I org.thaliproject.p2p.btconnectorlib.internal.bluetooth.le.BlePeerDiscoverer: onIsScannerStartedChanged: trueCurrent thread: Thread[main,5,main], id: 1
02-10 15:37:25.279 24799 24799 D org.thaliproject.p2p.btconnectorlib.internal.bluetooth.le.BlePeerDiscoverer: updateState : Current thread: Thread[main,5,main], id: 1
02-10 15:37:25.279 24799 24799 D org.thaliproject.p2p.btconnectorlib.internal.bluetooth.le.BlePeerDiscoverer: updateState: deducedStateSet: [SCANNING]
02-10 15:37:25.279 24799 24799 D org.thaliproject.p2p.btconnectorlib.internal.bluetooth.le.BlePeerDiscoverer: updateState: stateSet: [NOT_STARTED]
02-10 15:37:25.279 24799 24799 D org.thaliproject.p2p.btconnectorlib.internal.bluetooth.le.BlePeerDiscoverer: Current thread: Thread[main,5,main], id: 1
02-10 15:37:25.279 24799 24799 D org.thaliproject.p2p.btconnectorlib.internal.bluetooth.le.BlePeerDiscoverer: updateState: State changed from [NOT_STARTED] to [SCANNING]Current thread: Thread[main,5,main], id: 1
02-10 15:37:25.279 24799 24799 D org.thaliproject.p2p.btconnectorlib.internal.bluetooth.le.BlePeerDiscoverer: update state finished. Current thread: Thread[main,5,main], id: 1
02-10 15:37:25.280 24799 24857 I org.thaliproject.p2p.btconnectorlib.DiscoveryManager: start: OK
02-10 15:37:25.280 24799 24857 D org.thaliproject.p2p.btconnectorlib.DiscoveryManager: updateState: Current thread: Thread[Thread-1109,5,main], id: 1109
02-10 15:37:25.282 24799 24857 D org.thaliproject.p2p.btconnectorlib.DiscoveryManager: updateStateInternal Current thread: Thread[Thread-1109,5,main], id: 1109
02-10 15:37:25.283 24799 24857 D org.thaliproject.p2p.btconnectorlib.DiscoveryManager: updateState: State: RUNNING_BLE, is discovering: true, is advertising: false
02-10 15:37:25.283 24799 24857 D org.thaliproject.p2p.btconnectorlib.DiscoveryManager: updateStateInternal finished Current thread: Thread[Thread-1109,5,main], id: 1109
02-10 15:37:25.283 24799 24799 I io.jxcore.node.ConnectionHelper: onDiscoveryManagerStateChanged: State: RUNNING_BLE, is discovering: true, is advertising: false
02-10 15:37:25.283 24799 24857 D org.thaliproject.p2p.btconnectorlib.DiscoveryManager: updateState finished Current thread: Thread[Thread-1109,5,main], id: 1109
02-10 15:37:25.283 24799 24857 I io.jxcore.node.ConnectionHelper: start: OK
02-10 15:37:25.287  9440  9456 D BtGatt.GattService: onScanFilterEnableDisabled() - clientIf=5, status=0, action=1
02-10 15:37:25.287  9440  9456 D BtGatt.ScanManager: callback done for clientIf - 5 status - 0
02-10 15:37:25.287  9440  9459 D BtGatt.ScanManager: configureFilterParamter 1500 10000 4 0
02-10 15:37:25.292  9440  9456 D BtGatt.GattService: onScanFilterParamsConfigured() - clientIf=5, status=0, action=0, availableSpace=31
02-10 15:37:25.292  9440  9456 D BtGatt.ScanManager: callback done for clientIf - 5 status - 0
02-10 15:37:25.292  9440  9459 D BtGatt.ScanManager: Starting BLE batch scan
02-10 15:37:25.292  9440  9459 D BtGatt.ScanManager: configuring batch scan storage, appIf 5
02-10 15:37:25.301  9440  9456 D BtGatt.GattService: onBatchScanStorageConfigured() - clientIf=5, status=0
02-10 15:37:25.301  9440  9456 D BtGatt.ScanManager: callback done for clientIf - 5 status - 0
02-10 15:37:25.306  9440  9456 D BtGatt.GattService: onBatchScanStartStopped() - clientIf=5, status=0, startStopAction=1
02-10 15:37:25.306  9440  9456 D BtGatt.ScanManager: callback done for clientIf - 5 status - 0
02-10 15:37:25.784 24799 24799 V io.jxcore.node.ConnectionHelper: Notifying discovery manager state change: is discovering: true, is advertising: false
02-10 15:37:25.784 24799 24799 V io.jxcore.node.StartStopOperation: isTargetState: Connectivity: NOT_STARTED, discovery: RUNNING_BLE, is discovering: true, is advertising: false - Start operation: Should affect listening to advertisements only
02-10 15:37:25.784 24799 24799 D io.jxcore.node.StartStopOperationHandler: processCurrentOperationStatus: Operation successfully executed
02-10 15:37:25.788 24799 24857 I jxcore-log: ok 70 Can call startListeningForAdvertisements without error
02-10 15:37:25.788 24799 24857 I jxcore-log: 
02-10 15:37:25.790 24799 24857 D io.jxcore.node.JXcoreExtension: startListeningForAdvertisements
02-10 15:37:25.796 24799 24857 I io.jxcore.node.ConnectionHelper: start: Port number: 0, start advertisements: false
02-10 15:37:25.796 24799 24857 V io.jxcore.node.ConnectivityMonitor: start: Already started
02-10 15:37:25.796 24799 24857 V io.jxcore.node.StartStopOperation: isTargetState: Connectivity: NOT_STARTED, discovery: RUNNING_BLE, is discovering: true, is advertising: false - Start operation: Should affect listening to advertisements only
02-10 15:37:25.796 24799 24857 V io.jxcore.node.StartStopOperationHandler: executeCurrentOperation: The current state already matches the desired outcome of this operation, skipping...
02-10 15:37:25.797 24799 24857 I io.jxcore.node.ConnectionHelper: start: OK
02-10 15:37:25.799 24799 24857 I jxcore-log: 2017-02-10 12:37:25 - DEBUG thaliMobileNativeWrapper: 'discoveryAdvertisingStateUpdateNonTCP: {"discoveryActive":true,"advertisingActive":false}'
02-10 15:37:25.799 24799 24857 I jxcore-log: 
02-10 15:37:25.802 24799 24857 I jxcore-log: 2017-02-10 12:37:25 - INFO thaliMobile: 'Received state ({"discoveryActive":true,"advertisingActive":false}) did not match with target ({"started":false,"listening":false,"advertising":false,"networkType":"BOTH","startArguments":{"router":null,"pskIdToSecret":null,"networkType":null}})'
02-10 15:37:25.802 24799 24857 I jxcore-log: 
02-10 15:37:25.803 24799 24857 I jxcore-log: 2017-02-10 12:37:25 - INFO thaliMobile: 'Filtered out discoveryAdvertisingStateUpdate (was in stopped state).'
02-10 15:37:25.803 24799 24857 I jxcore-log: 
02-10 15:37:25.806 24799 24857 I jxcore-log: ok 71 Can call startListeningForAdvertisements twice without error
02-10 15:37:25.806 24799 24857 I jxcore-log: 
02-10 15:37:25.822 24799 24857 I jxcore-log: # teardown
02-10 15:37:25.822 24799 24857 I jxcore-log: 
02-10 15:37:27.026 24799 24857 D io.jxcore.node.JXcoreExtension: stopListeningForAdvertisements
02-10 15:37:27.026 24799 24857 I io.jxcore.node.ConnectionHelper: stop: Stopping only listening for advertisements
02-10 15:37:27.026 24799 24857 V io.jxcore.node.StartStopOperation: isTargetState: Connectivity: NOT_STARTED, discovery: RUNNING_BLE, is discovering: true, is advertising: false - Stop operation: Should affect listening to advertisements only
02-10 15:37:27.026 24799 24857 V io.jxcore.node.StartStopOperationHandler: executeCurrentOperation: Executing: Stop operation: Should affect listening to advertisements only
02-10 15:37:27.026 24799 24857 I org.thaliproject.p2p.btconnectorlib.DiscoveryManager: stopDiscovery
02-10 15:37:27.027 24799 24857 D org.thaliproject.p2p.btconnectorlib.internal.bluetooth.le.BlePeerDiscoverer: stopScanner: Current thread: Thread[Thread-1109,5,main], id: 1109
02-10 15:37:27.027 24799 24857 I org.thaliproject.p2p.btconnectorlib.internal.bluetooth.le.BlePeerDiscoverer: stopScanner: Stopping...
02-10 15:37:27.027 24799 24857 D org.thaliproject.p2p.btconnectorlib.internal.bluetooth.le.BleScanner: stop, Current thread: Thread[Thread-1109,5,main], id: 1109
02-10 15:37:27.028 24799 24857 D BluetoothAdapter: STATE_ON
02-10 15:37:27.029  9440  9475 D BtGatt.GattService: flushPendingBatchResults - clientIf=5, isServer=false
02-10 15:37:27.030 24799 24857 D org.thaliproject.p2p.btconnectorlib.internal.bluetooth.le.BleScanner: stop: scan results are flushed 
02-10 15:37:27.030  9440  9459 D BtGatt.ScanManager: flushPendingBatchResults - clientIf = 5
02-10 15:37:27.031 24799 24857 D BluetoothAdapter: STATE_ON
02-10 15:37:27.032  9440  9467 D BtGatt.GattService: stopScan() - queue size =1
02-10 15:37:27.034  9440  9451 D BtGatt.GattService: unregisterClient() - clientIf=5
02-10 15:37:27.035 24799 24857 D org.thaliproject.p2p.btconnectorlib.internal.bluetooth.le.BleScanner: stop: Stopped
02-10 15:37:27.035 24799 24857 D org.thaliproject.p2p.btconnectorlib.internal.bluetooth.le.BleScanner: set state: Current thread: Thread[Thread-1109,5,main], id: 1109
02-10 15:37:27.035 24799 24857 D org.thaliproject.p2p.btconnectorlib.internal.bluetooth.le.BleScanner: setState: State changed from RUNNING to NOT_STARTED
02-10 15:37:27.035 24799 24857 D org.thaliproject.p2p.btconnectorlib.internal.bluetooth.le.BleScanner: notifyScannerStateChanged: started =  false. Current thread: Thread[Thread-1109,5,main], id: 1109
02-10 15:37:27.036 24799 24857 D org.thaliproject.p2p.btconnectorlib.internal.bluetooth.le.BleScanner: stop finished, Current thread: Thread[Thread-1109,5,main], id: 1109
02-10 15:37:27.036 24799 24857 I org.thaliproject.p2p.btconnectorlib.DiscoveryManager: stop: Stopping peer discovery...
02-10 15:37:27.036 24799 24857 D org.thaliproject.p2p.btconnectorlib.DiscoveryManager: stopForRestart Current thread: Thread[Thread-1109,5,main], id: 1109
