02-10 15:37:31.863 24799 24857 V io.jxcore.node.ConnectivityMonitor:     - is Wi-Fi enabled: true
02-10 15:37:31.863 24799 24857 V io.jxcore.node.ConnectivityMonitor:     - is Bluetooth enabled: true
02-10 15:37:31.863 24799 24857 V io.jxcore.node.ConnectivityMonitor:     - BSSID name: 70:cd:60:ff:5a:07
02-10 15:37:31.863 24799 24857 V io.jxcore.node.ConnectivityMonitor:     - SSID name: "T"
02-10 15:37:31.863 24799 24857 V io.jxcore.node.ConnectivityMonitor:     - is connected/connecting to active network: true
02-10 15:37:31.863 24799 24857 V io.jxcore.node.ConnectivityMonitor:     - active network type is Wi-Fi: true
02-10 15:37:31.865 24799 24857 D io.jxcore.node.JXcoreExtension: notifyNetworkChanged: BLE: ON, Bluetooth: ON, Wi-Fi: ON, cellular: DO_NOT_CARE, BSSID name: 70:cd:60:ff:5a:07, SSID name: "T"
02-10 15:37:31.868 24799 24857 I jxcore-log: 2017-02-10 12:37:31 - DEBUG thaliMobileNativeWrapper: 'Method networkChanged registered to native'
02-10 15:37:31.868 24799 24857 I jxcore-log: 
02-10 15:37:31.870 24799 24857 I jxcore-log: 2017-02-10 12:37:31 - DEBUG thaliMobileNativeWrapper: 'Method multiConnectConnectionFailure registered to native'
02-10 15:37:31.870 24799 24857 I jxcore-log: 
02-10 15:37:31.873 24799 24857 I jxcore-log: 2017-02-10 12:37:31 - DEBUG thaliMobileNativeWrapper: 'Method incomingConnectionToPortNumberFailed registered to native'
02-10 15:37:31.873 24799 24857 I jxcore-log: 
02-10 15:37:31.880 24799 24857 I jxcore-log: # setup
02-10 15:37:31.880 24799 24857 I jxcore-log: 
02-10 15:37:31.883 24799 24857 I jxcore-log: 2017-02-10 12:37:31 - DEBUG thaliMobileNativeWrapper: 'networkChanged: {"bluetoothLowEnergy":"on","bluetooth":"on","wifi":"on","cellular":"doNotCare","bssidName":"70:cd:60:ff:5a:07","ssidName":"T"}'
02-10 15:37:31.883 24799 24857 I jxcore-log: 
02-10 15:37:31.883 24799 24857 I jxcore-log: 2017-02-10 12:37:31 - INFO thaliMobile: 'Filtered out networkChangedNonTCP (was in stopped state).'
02-10 15:37:31.883 24799 24857 I jxcore-log: 
02-10 15:37:31.926 24799 24857 I jxcore-log: # Calling startUpdateAdvertisingAndListening twice is NOT an error
02-10 15:37:31.926 24799 24857 I jxcore-log: 
02-10 15:37:31.951 24799 24857 D io.jxcore.node.JXcoreExtension: startUpdateAdvertisingAndListening
02-10 15:37:31.954 24799 24857 I io.jxcore.node.ConnectionHelper: start: Port number: 4242, start advertisements: true
02-10 15:37:31.954 24799 24857 V io.jxcore.node.ConnectivityMonitor: start: Already started
02-10 15:37:31.954 24799 24857 I io.jxcore.node.StartStopOperationHandler: updateBeaconAdExtraInformation: New value: 1
02-10 15:37:31.954 24799 24857 I org.thaliproject.p2p.btconnectorlib.DiscoveryManagerSettings: setBeaconAdExtraInformation: 0 -> 1
02-10 15:37:31.954 24799 24857 I org.thaliproject.p2p.btconnectorlib.internal.AbstractBluetoothConnectivityAgent: clearIdentityString
02-10 15:37:31.957 24799 24857 I org.thaliproject.p2p.btconnectorlib.internal.AbstractBluetoothConnectivityAgent: verifyIdentityString: Identity string created: {"generation":1,"address":"BC:75:74:3A:BC:F8"}
02-10 15:37:31.957 24799 24857 D org.thaliproject.p2p.btconnectorlib.internal.bluetooth.BluetoothConnector: setIdentityString: {"generation":1,"address":"BC:75:74:3A:BC:F8"}
02-10 15:37:31.957 24799 24857 D org.thaliproject.p2p.btconnectorlib.DiscoveryManager: onAdvertiseScanSettingsChanged: Current thread: Thread[Thread-1109,5,main], id: 1109
02-10 15:37:31.957 24799 24857 I org.thaliproject.p2p.btconnectorlib.internal.AbstractBluetoothConnectivityAgent: clearIdentityString
02-10 15:37:31.960 24799 24857 I org.thaliproject.p2p.btconnectorlib.internal.AbstractBluetoothConnectivityAgent: verifyIdentityString: Identity string created: {"generation":1,"address":"BC:75:74:3A:BC:F8"}
02-10 15:37:31.960 24799 24857 D org.thaliproject.p2p.btconnectorlib.internal.bluetooth.BluetoothConnector: setIdentityString: {"generation":1,"address":"BC:75:74:3A:BC:F8"}
02-10 15:37:31.960 24799 24857 D org.thaliproject.p2p.btconnectorlib.DiscoveryManager: onAdvertiseScanSettingsChanged: Current thread: Thread[Thread-1109,5,main], id: 1109
02-10 15:37:31.960 24799 24857 I org.thaliproject.p2p.btconnectorlib.internal.AbstractBluetoothConnectivityAgent: clearIdentityString
02-10 15:37:31.962 24799 24857 I org.thaliproject.p2p.btconnectorlib.internal.AbstractBluetoothConnectivityAgent: verifyIdentityString: Identity string created: {"generation":1,"address":"BC:75:74:3A:BC:F8"}
02-10 15:37:31.962 24799 24857 D org.thaliproject.p2p.btconnectorlib.internal.bluetooth.BluetoothConnector: setIdentityString: {"generation":1,"address":"BC:75:74:3A:BC:F8"}
02-10 15:37:31.962 24799 24857 D org.thaliproject.p2p.btconnectorlib.DiscoveryManager: onAdvertiseScanSettingsChanged: Current thread: Thread[Thread-1109,5,main], id: 1109
02-10 15:37:31.962 24799 24857 V io.jxcore.node.StartStopOperation: isTargetState: Connectivity: NOT_STARTED, discovery: NOT_STARTED, is discovering: false, is advertising: false - Start operation: Should start/stop everything
02-10 15:37:31.963 24799 24857 V io.jxcore.node.StartStopOperationHandler: executeCurrentOperation: Executing: Start operation: Should start/stop everything
02-10 15:37:31.963 24799 24857 D org.thaliproject.p2p.btconnectorlib.ConnectionManager: startListeningForIncomingConnections
02-10 15:37:31.963 24799 24857 I org.thaliproject.p2p.btconnectorlib.internal.bluetooth.BluetoothManager: bind: Binding a new listener
02-10 15:37:31.964 24799 24857 I org.thaliproject.p2p.btconnectorlib.internal.bluetooth.BluetoothConnector: startListeningForIncomingConnections: Starting...
02-10 15:37:31.965 24799 24857 D org.thaliproject.p2p.btconnectorlib.ConnectionManager: onIsServerStartedChanged: true
02-10 15:37:31.965 24799 24857 D org.thaliproject.p2p.btconnectorlib.ConnectionManager: updateState: mShouldBeStarted :  true, mIsServerStarted:  true
02-10 15:37:31.965 24799 24857 D org.thaliproject.p2p.btconnectorlib.ConnectionManager: setState: NOT_STARTED -> RUNNING
02-10 15:37:31.965 24799 24857 I org.thaliproject.p2p.btconnectorlib.ConnectionManager: startListeningForIncomingConnections: OK
02-10 15:37:31.965 24799 24884 D org.thaliproject.p2p.btconnectorlib.internal.bluetooth.BluetoothServerThread: Entering thread
02-10 15:37:31.965 24799 24799 I io.jxcore.node.ConnectionHelper: onConnectionManagerStateChanged: RUNNING
02-10 15:37:31.965 24799 24857 I org.thaliproject.p2p.btconnectorlib.DiscoveryManager: start: Discovery mode: BLE, start discovery: false, start advertiser: true
02-10 15:37:31.965 24799 24857 I org.thaliproject.p2p.btconnectorlib.internal.bluetooth.BluetoothManager: bind: Binding a new listener
02-10 15:37:31.965 24799 24857 I org.thaliproject.p2p.btconnectorlib.internal.wifi.WifiDirectManager: bind: Binding a new listener
02-10 15:37:31.967 24799 24884 W BluetoothAdapter: getBluetoothService() called with no BluetoothManagerCallback
02-10 15:37:31.970 24799 24857 D org.thaliproject.p2p.btconnectorlib.DiscoveryManager: startBlePeerDiscoverer
02-10 15:37:31.970 24799 24857 V io.jxcore.node.ConnectionHelper: Received a request for permission "android.permission.ACCESS_COARSE_LOCATION", but we are expecting that all the required permissions have already been granted
02-10 15:37:31.970 24799 24857 V org.thaliproject.p2p.btconnectorlib.DiscoveryManager: getBlePeerDiscovererInstanceAndCheckBluetoothMacAddress: Constructing...
02-10 15:37:31.970 24799 24884 I org.thaliproject.p2p.btconnectorlib.internal.bluetooth.BluetoothServerThread: Waiting for incoming connections...
02-10 15:37:31.973 24799 24857 D org.thaliproject.p2p.btconnectorlib.internal.bluetooth.le.BleAdvertiser: setAdvertiseSettings, Current thread: Thread[Thread-1109,5,main], id: 1109
02-10 15:37:31.973 24799 24857 I org.thaliproject.p2p.btconnectorlib.internal.bluetooth.le.BleAdvertiser: setAdvertiseSettings: Mode: 2, Tx power level: 3, timeout: 0, is connectable: false
02-10 15:37:31.974 24799 24857 D org.thaliproject.p2p.btconnectorlib.internal.bluetooth.le.BleScanner: applyAdditionalMarshmallowSettings
02-10 15:37:31.974 24799 24857 I org.thaliproject.p2p.btconnectorlib.internal.bluetooth.le.BleScanner: setScanSettings: Mode: 2, report delay in milliseconds: 500, scan result type: 0
02-10 15:37:31.974 24799 24857 D org.thaliproject.p2p.btconnectorlib.internal.bluetooth.le.BlePeerDiscoverer: Beacon extra: 1
02-10 15:37:31.975 24799 24857 D org.thaliproject.p2p.btconnectorlib.internal.bluetooth.le.BlePeerDiscoverer: startAdvertiser: Current thread: Thread[Thread-1109,5,main], id: 1109
02-10 15:37:31.975 24799 24857 D org.thaliproject.p2p.btconnectorlib.internal.bluetooth.le.BlePeerDiscoverer: stopPeerAddressHelperAdvertiser Current thread: Thread[Thread-1109,5,main], id: 1109
02-10 15:37:31.975 24799 24857 I org.thaliproject.p2p.btconnectorlib.internal.bluetooth.le.BlePeerDiscoverer: startAdvertiser: Starting...
02-10 15:37:31.975 24799 24857 D org.thaliproject.p2p.btconnectorlib.internal.bluetooth.le.BlePeerDiscoverer: createAdvertiseData: createAdvertiseDataToServiceData 
02-10 15:37:31.975 24799 24857 I org.thaliproject.p2p.btconnectorlib.internal.bluetooth.le.PeerAdvertisementFactory: createAdvertiseDataToServiceData: Service UUID: "03f8b3b7-b244-4a2e-8897-ff42889af18d", Bluetooth MAC address: "BC:75:74:3A:BC:F8"
02-10 15:37:31.976 24799 24857 V org.thaliproject.p2p.btconnectorlib.internal.bluetooth.le.PeerAdvertisementFactory: createAdvertiseDataToServiceData: Service data (length is 7 bytes): 01 BC 75 74 3A BC F8
02-10 15:37:31.976 24799 24857 V org.thaliproject.p2p.btconnectorlib.internal.bluetooth.le.PeerAdvertisementFactory: createAdvertiseDataToServiceData: Created: AdvertiseData [mServiceUuids=[03f8b3b7-b244-4a2e-8897-ff42889af18d], mManufacturerSpecificData={}, mServiceData={03f8b3b7-b244-4a2e-8897-ff42889af18d=[1, -68, 117, 116, 58, -68, -8]}, mIncludeTxPowerLevel=false, mIncludeDeviceName=false]
02-10 15:37:31.976 24799 24857 I org.thaliproject.p2p.btconnectorlib.internal.bluetooth.le.BlePeerDiscoverer: createAdvertiseData: created AdvertiseData [mServiceUuids=[03f8b3b7-b244-4a2e-8897-ff42889af18d], mManufacturerSpecificData={}, mServiceData={03f8b3b7-b244-4a2e-8897-ff42889af18d=[1, -68, 117, 116, 58, -68, -8]}, mIncludeTxPowerLevel=false, mIncludeDeviceName=false]
02-10 15:37:31.976 24799 24857 D org.thaliproject.p2p.btconnectorlib.internal.bluetooth.le.BleAdvertiser: setAdvertiseData: Current thread: Thread[Thread-1109,5,main], id: 1109
02-10 15:37:31.976 24799 24857 D org.thaliproject.p2p.btconnectorlib.internal.bluetooth.le.BleAdvertiser: setAdvertiseData: AdvertiseData [mServiceUuids=[03f8b3b7-b244-4a2e-8897-ff42889af18d], mManufacturerSpecificData={}, mServiceData={03f8b3b7-b244-4a2e-8897-ff42889af18d=[1, -68, 117, 116, 58, -68, -8]}, mIncludeTxPowerLevel=false, mIncludeDeviceName=false]. Current thread: Thread[Thread-1109,5,main], id: 1109
02-10 15:37:31.976 24799 24857 D org.thaliproject.p2p.btconnectorlib.internal.bluetooth.le.BleAdvertiser: setAdvertiseData: was started = false
02-10 15:37:31.976 24799 24857 D org.thaliproject.p2p.btconnectorlib.internal.bluetooth.le.BleAdvertiser: setAdvertiseData: advertiseData = AdvertiseData [mServiceUuids=[03f8b3b7-b244-4a2e-8897-ff42889af18d], mManufacturerSpecificData={}, mServiceData={03f8b3b7-b244-4a2e-8897-ff42889af18d=[1, -68, 117, 116, 58, -68, -8]}, mIncludeTxPowerLevel=false, mIncludeDeviceName=false]
02-10 15:37:31.976 24799 24857 D org.thaliproject.p2p.btconnectorlib.internal.bluetooth.le.BleAdvertiser: setAdvertiseData finished: Current thread: Thread[Thread-1109,5,main], id: 1109
02-10 15:37:31.976 24799 24857 D org.thaliproject.p2p.btconnectorlib.internal.bluetooth.le.BleAdvertiser: start:  state = NOT_STARTEDCurrent thread: Thread[Thread-1109,5,main], id: 1109
02-10 15:37:31.976 24799 24857 I org.thaliproject.p2p.btconnectorlib.internal.bluetooth.le.BleAdvertiser: start: Starting... advertisement data = AdvertiseData [mServiceUuids=[03f8b3b7-b244-4a2e-8897-ff42889af18d], mManufacturerSpecificData={}, mServiceData={03f8b3b7-b244-4a2e-8897-ff42889af18d=[1, -68, 117, 116, 58, -68, -8]}, mIncludeTxPowerLevel=false, mIncludeDeviceName=false], Current thread: Thread[Thread-1109,5,main], id: 1109
02-10 15:37:31.977 24799 24857 D BluetoothAdapter: STATE_ON
02-10 15:37:31.978  9440  9476 D BtGatt.GattService: registerClient() - UUID=14b2ecdc-5a4d-4395-8f8c-d42dc6970803
02-10 15:37:31.979  9440  9456 D BtGatt.GattService: onClientRegistered() - UUID=14b2ecdc-5a4d-4395-8f8c-d42dc6970803, clientIf=5
02-10 15:37:31.979 24799 24809 D BluetoothLeAdvertiser: onClientRegistered() - status=0 clientIf=5
02-10 15:37:31.980  9440  9458 D BtGatt.AdvertiseManager: message : 0
02-10 15:37:31.981  9440  9458 D BtGatt.AdvertiseManager: starting multi advertising
02-10 15:37:31.990  9440  9456 D BtGatt.GattService: onAdvertiseInstanceEnabled() - clientIf=5, status=0
02-10 15:37:31.995  9440  9456 D BtGatt.GattService: onAdvertiseDataSet() - clientIf=5, status=0
02-10 15:37:31.996 24799 24857 I org.thaliproject.p2p.btconnectorlib.internal.bluetooth.le.BleAdvertiser: start: Started advertisment Current thread: Thread[Thread-1109,5,main], id: 1109
02-10 15:37:31.996 24799 24857 D org.thaliproject.p2p.btconnectorlib.internal.bluetooth.le.BleAdvertiser: setState: current  = NOT_STARTED, new = STARTINGCurrent thread: Thread[Thread-1109,5,main], id: 1109
02-10 15:37:31.996 24799 24857 D org.thaliproject.p2p.btconnectorlib.internal.bluetooth.le.BleAdvertiser: setState: State changed from NOT_STARTED to STARTING
02-10 15:37:31.996 24799 24857 D org.thaliproject.p2p.btconnectorlib.internal.bluetooth.le.BleAdvertiser: setState: onIsAdvertiserStartedChanged default (no call to listener). Current thread: Thread[Thread-1109,5,main], id: 1109
02-10 15:37:31.996 24799 24857 D org.thaliproject.p2p.btconnectorlib.internal.bluetooth.le.BleAdvertiser: setState: finished Current thread: Thread[Thread-1109,5,main], id: 1109
02-10 15:37:31.996 24799 24857 I org.thaliproject.p2p.btconnectorlib.internal.bluetooth.le.BleAdvertiser: start: return, state = STARTINGCurrent thread: Thread[Thread-1109,5,main], id: 1109
02-10 15:37:31.996 24799 24857 D org.thaliproject.p2p.btconnectorlib.internal.bluetooth.le.BleAdvertiser: start returned: Current thread: Thread[Thread-1109,5,main], id: 1109
02-10 15:37:31.996 24799 24857 D org.thaliproject.p2p.btconnectorlib.internal.bluetooth.le.BlePeerDiscoverer: startAdvertiser started = true Current thread: Thread[Thread-1109,5,main], id: 1109
02-10 15:37:31.996 24799 24857 D org.thaliproject.p2p.btconnectorlib.DiscoveryManager: startBlePeerDiscoverer: OK
02-10 15:37:31.997 24799 24857 I org.thaliproject.p2p.btconnectorlib.DiscoveryManager: start: OK
02-10 15:37:31.997 24799 24857 D org.thaliproject.p2p.btconnectorlib.DiscoveryManager: updateState: Current thread: Thread[Thread-1109,5,main], id: 1109
02-10 15:37:31.997 24799 24857 E org.thaliproject.p2p.btconnectorlib.DiscoveryManager: seems that updateState call different BlePeerDiscoverer
02-10 15:37:31.998 24799 24857 D org.thaliproject.p2p.btconnectorlib.DiscoveryManager: updateStateInternal Current thread: Thread[Thread-1109,5,main], id: 1109
02-10 15:37:31.998 24799 24857 D org.thaliproject.p2p.btconnectorlib.DiscoveryManager: updateStateInternal finished Current thread: Thread[Thread-1109,5,main], id: 1109
02-10 15:37:31.999 24799 24857 D org.thaliproject.p2p.btconnectorlib.DiscoveryManager: updateState finished Current thread: Thread[Thread-1109,5,main], id: 1109
02-10 15:37:31.999 24799 24857 I io.jxcore.node.ConnectionHelper: start: OK
02-10 15:37:31.999 24799 24799 V io.jxcore.node.StartStopOperation: isTargetState: Connectivity: RUNNING, discovery: NOT_STARTED, is discovering: false, is advertising: false - Start operation: Should start/stop everything
02-10 15:37:31.999 24799 24799 D org.thaliproject.p2p.btconnectorlib.internal.bluetooth.le.BleAdvertiser: onStartSuccess : Current thread: Thread[main,5,main], id: 1
02-10 15:37:31.999 24799 24799 D org.thaliproject.p2p.btconnectorlib.internal.bluetooth.le.BleAdvertiser: setState: current  = STARTING, new = RUNNINGCurrent thread: Thread[main,5,main], id: 1
02-10 15:37:31.999 24799 24799 D org.thaliproject.p2p.btconnectorlib.internal.bluetooth.le.BleAdvertiser: setState: State changed from STARTING to RUNNING
02-10 15:37:31.999 24799 24799 D org.thaliproject.p2p.btconnectorlib.internal.bluetooth.le.BleAdvertiser: notifyAdvertiserStateChanged: started =  true. Current thread: Thread[main,5,main], id: 1
02-10 15:37:31.999 24799 24799 D org.thaliproject.p2p.btconnectorlib.internal.bluetooth.le.BleAdvertiser: setState: finished Current thread: Thread[main,5,main], id: 1
02-10 15:37:31.999 24799 24799 I org.thaliproject.p2p.btconnectorlib.internal.bluetooth.le.BlePeerDiscoverer: onIsAdvertiserStartedChanged: trueCurrent thread: Thread[main,5,main], id: 1
02-10 15:37:31.999 24799 24799 D org.thaliproject.p2p.btconnectorlib.internal.bluetooth.le.BlePeerDiscoverer: updateState : Current thread: Thread[main,5,main], id: 1
02-10 15:37:31.999 24799 24799 D org.thaliproject.p2p.btconnectorlib.internal.bluetooth.le.BlePeerDiscoverer: updateState: deducedStateSet: [ADVERTISING]
02-10 15:37:31.999 24799 24799 D org.thaliproject.p2p.btconnectorlib.internal.bluetooth.le.BlePeerDiscoverer: updateState: stateSet: [NOT_STARTED]
02-10 15:37:31.999 24799 24799 D org.thaliproject.p2p.btconnectorlib.internal.bluetooth.le.BlePeerDiscoverer: Current thread: Thread[main,5,main], id: 1
02-10 15:37:31.999 24799 24799 D org.thaliproject.p2p.btconnectorlib.internal.bluetooth.le.BlePeerDiscoverer: updateState: State changed from [NOT_STARTED] to [ADVERTISING]Current thread: Thread[main,5,main], id: 1
02-10 15:37:32.000 24799 24799 D org.thaliproject.p2p.btconnectorlib.internal.bluetooth.le.BlePeerDiscoverer: update state finished. Current thread: Thread[main,5,main], id: 1
02-10 15:37:32.000 24799 24799 I org.thaliproject.p2p.btconnectorlib.DiscoveryManager: onBlePeerDiscovererStateChanged: [NOT_STARTED] -> [ADVERTISING] Current thread: Thread[main,5,main], id: 1
02-10 15:37:32.000 24799 24799 D org.thaliproject.p2p.btconnectorlib.DiscoveryManager: updateState: Current thread: Thread[main,5,main], id: 1
02-10 15:37:32.002 24799 24799 D org.thaliproject.p2p.btconnectorlib.DiscoveryManager: updateStateInternal Current thread: Thread[main,5,main], id: 1
02-10 15:37:32.002 24799 24799 D org.thaliproject.p2p.btconnectorlib.DiscoveryManager: updateState: State: RUNNING_BLE, is discovering: false, is advertising: true
02-10 15:37:32.002 24799 24799 D org.thaliproject.p2p.btconnectorlib.DiscoveryManager: updateStateInternal finished Current thread: Thread[main,5,main], id: 1
02-10 15:37:32.002 24799 24799 D org.thaliproject.p2p.btconnectorlib.DiscoveryManager: updateState finished Current thread: Thread[main,5,main], id: 1
02-10 15:37:32.002 24799 24799 I io.jxcore.node.ConnectionHelper: onDiscoveryManagerStateChanged: State: RUNNING_BLE, is discovering: false, is advertising: true
02-10 15:37:32.503 24799 24799 V io.jxcore.node.ConnectionHelper: Notifying discovery manager state change: is discovering: false, is advertising: true
02-10 15:37:32.504 24799 24799 V io.jxcore.node.StartStopOperation: isTargetState: Connectivity: RUNNING, discovery: RUNNING_BLE, is discovering: false, is advertising: true - Start operation: Should start/stop everything
02-10 15:37:32.504 24799 24799 D io.jxcore.node.StartStopOperationHandler: processCurrentOperationStatus: Operation successfully executed
02-10 15:37:32.508 24799 24857 I jxcore-log: ok 82 Can call startUpdateAdvertisingAndListening without error
02-10 15:37:32.508 24799 24857 I jxcore-log: 
02-10 15:37:32.510 24799 24857 D io.jxcore.node.JXcoreExtension: startUpdateAdvertisingAndListening
02-10 15:37:32.517 24799 24857 I io.jxcore.node.ConnectionHelper: start: Port number: 4243, start advertisements: true
02-10 15:37:32.517 24799 24857 V io.jxcore.node.ConnectivityMonitor: start: Already started
02-10 15:37:32.517 24799 24857 I io.jxcore.node.StartStopOperationHandler: updateBeaconAdExtraInformation: New value: 2
02-10 15:37:32.517 24799 24857 I org.thaliproject.p2p.btconnectorlib.DiscoveryManagerSettings: setBeaconAdExtraInformation: 1 -> 2
02-10 15:37:32.518 24799 24857 I org.thaliproject.p2p.btconnectorlib.internal.AbstractBluetoothConnectivityAgent: clearIdentityString
02-10 15:37:32.524 24799 24857 I org.thaliproject.p2p.btconnectorlib.internal.AbstractBluetoothConnectivityAgent: verifyIdentityString: Identity string created: {"generation":2,"address":"BC:75:74:3A:BC:F8"}
02-10 15:37:32.525 24799 24857 D org.thaliproject.p2p.btconnectorlib.internal.bluetooth.BluetoothConnector: setIdentityString: {"generation":2,"address":"BC:75:74:3A:BC:F8"}
02-10 15:37:32.525 24799 24857 D org.thaliproject.p2p.btconnectorlib.DiscoveryManager: onAdvertiseScanSettingsChanged: Current thread: Thread[Thread-1109,5,main], id: 1109
02-10 15:37:32.528 24799 24857 I org.thaliproject.p2p.btconnectorlib.internal.bluetooth.le.BlePeerDiscoverer: applySettings:
02-10 15:37:32.528 24799 24857 I org.thaliproject.p2p.btconnectorlib.internal.bluetooth.le.BlePeerDiscoverer:     - Manufacturer ID: 36667
02-10 15:37:32.528 24799 24857 I org.thaliproject.p2p.btconnectorlib.internal.bluetooth.le.BlePeerDiscoverer:     - Beacon ad length and type: 533
02-10 15:37:32.528 24799 24857 I org.thaliproject.p2p.btconnectorlib.internal.bluetooth.le.BlePeerDiscoverer:     - Beacon ad extra information: 2
02-10 15:37:32.528 24799 24857 I org.thaliproject.p2p.btconnectorlib.internal.bluetooth.le.BlePeerDiscoverer:     - Advertisement data type: DO_NOT_CARE
02-10 15:37:32.528 24799 24857 I org.thaliproject.p2p.btconnectorlib.internal.bluetooth.le.BlePeerDiscoverer:     - Advertise mode: 2
02-10 15:37:32.528 24799 24857 I org.thaliproject.p2p.btconnectorlib.internal.bluetooth.le.BlePeerDiscoverer:     - Advertise TX power level: 3
02-10 15:37:32.528 24799 24857 I org.thaliproject.p2p.btconnectorlib.internal.bluetooth.le.BlePeerDiscoverer:     - Scan mode: 2
02-10 15:37:32.528 24799 24857 I org.thaliproject.p2p.btconnectorlib.internal.bluetooth.le.BlePeerDiscoverer:     - Scan report delay in milliseconds: 500
02-10 15:37:32.528 24799 24857 I org.thaliproject.p2p.btconnectorlib.internal.bluetooth.le.BlePeerDiscoverer:     - Current thread: Thread[Thread-1109,5,main], id: 1109
02-10 15:37:32.528 24799 24857 D org.thaliproject.p2p.btconnectorlib.internal.bluetooth.le.BlePeerDiscoverer: Beacon extra: 2
02-10 15:37:32.529 24799 24857 D org.thaliproject.p2p.btconnectorlib.internal.bluetooth.le.BlePeerDiscoverer: applySettings: advertiserWasStarted true Current thread: Thread[Thread-1109,5,main], id: 1109
02-10 15:37:32.529 24799 24857 D org.thaliproject.p2p.btconnectorlib.internal.bluetooth.le.BlePeerDiscoverer: applySettings: stop advertiser Current thread: Thread[Thread-1109,5,main], id: 1109
02-10 15:37:32.529 24799 24857 D org.thaliproject.p2p.btconnectorlib.internal.bluetooth.le.BleAdvertiser: stop. Current thread: Thread[Thread-1109,5,main], id: 1109
02-10 15:37:32.531  9440  9458 D BtGatt.AdvertiseManager: message : 1
02-10 15:37:32.532  9440  9458 D BtGatt.AdvertiseManager: stop advertise for client 5
02-10 15:37:32.544  9440  9456 D BtGatt.GattService: onAdvertiseInstanceDisabled() - clientIf=5, status=0
02-10 15:37:32.545  9440  9456 D BtGatt.GattService: Client app is not null!
02-10 15:37:32.546  9440  9451 D BtGatt.GattService: unregisterClient() - clientIf=5
02-10 15:37:32.547 24799 24857 D org.thaliproject.p2p.btconnectorlib.internal.bluetooth.le.BleAdvertiser: stop: Stopped
02-10 15:37:32.547 24799 24857 D org.thaliproject.p2p.btconnectorlib.internal.bluetooth.le.BleAdvertiser: setState: current  = RUNNING, new = NOT_STARTEDCurrent thread: Thread[Thread-1109,5,main], id: 1109
02-10 15:37:32.547 24799 24857 D org.thaliproject.p2p.btconnectorlib.internal.bluetooth.le.BleAdvertiser: setState: State changed from RUNNING to NOT_STARTED
02-10 15:37:32.548 24799 24857 D org.thaliproject.p2p.btconnectorlib.internal.bluetooth.le.BleAdvertiser: setState: finished Current thread: Thread[Thread-1109,5,main], id: 1109
02-10 15:37:32.548 24799 24857 D org.thaliproject.p2p.btconnectorlib.internal.bluetooth.le.BleAdvertiser: stop finished. Current thread: Thread[Thread-1109,5,main], id: 1109
02-10 15:37:32.548 24799 24857 D org.thaliproject.p2p.btconnectorlib.internal.bluetooth.le.BleAdvertiser: setAdvertiseSettings, Current thread: Thread[Thread-1109,5,main], id: 1109
02-10 15:37:32.548 24799 24857 I org.thaliproject.p2p.btconnectorlib.internal.bluetooth.le.BleAdvertiser: setAdvertiseSettings: Mode: 2, Tx power level: 3, timeout: 0, is connectable: false
02-10 15:37:32.548 24799 24857 D org.thaliproject.p2p.btconnectorlib.internal.bluetooth.le.BlePeerDiscoverer: applySettings: start advertiser Current thread: Thread[Thread-1109,5,main], id: 1109
02-10 15:37:32.548 24799 24857 D org.thaliproject.p2p.btconnectorlib.internal.bluetooth.le.BlePeerDiscoverer: startAdvertiser: Current thread: Thread[Thread-1109,5,main], id: 1109
02-10 15:37:32.549 24799 24857 D org.thaliproject.p2p.btconnectorlib.internal.bluetooth.le.BlePeerDiscoverer: stopPeerAddressHelperAdvertiser Current thread: Thread[Thread-1109,5,main], id: 1109
02-10 15:37:32.549 24799 24857 I org.thaliproject.p2p.btconnectorlib.internal.bluetooth.le.BlePeerDiscoverer: startAdvertiser: Starting...
02-10 15:37:32.549 24799 24857 D org.thaliproject.p2p.btconnectorlib.internal.bluetooth.le.BlePeerDiscoverer: createAdvertiseData: createAdvertiseDataToServiceData 
02-10 15:37:32.549 24799 24857 I org.thaliproject.p2p.btconnectorlib.internal.bluetooth.le.PeerAdvertisementFactory: createAdvertiseDataToServiceData: Service UUID: "03f8b3b7-b244-4a2e-8897-ff42889af18d", Bluetooth MAC address: "BC:75:74:3A:BC:F8"
02-10 15:37:32.549 24799 24857 V org.thaliproject.p2p.btconnectorlib.internal.bluetooth.le.PeerAdvertisementFactory: createAdvertiseDataToServiceData: Service data (length is 7 bytes): 02 BC 75 74 3A BC F8
02-10 15:37:32.549 24799 24857 V org.thaliproject.p2p.btconnectorlib.internal.bluetooth.le.PeerAdvertisementFactory: createAdvertiseDataToServiceData: Created: AdvertiseData [mServiceUuids=[03f8b3b7-b244-4a2e-8897-ff42889af18d], mManufacturerSpecificData={}, mServiceData={03f8b3b7-b244-4a2e-8897-ff42889af18d=[2, -68, 117, 116, 58, -68, -8]}, mIncludeTxPowerLevel=false, mIncludeDeviceName=false]
02-10 15:37:32.550 24799 24857 I org.thaliproject.p2p.btconnectorlib.internal.bluetooth.le.BlePeerDiscoverer: createAdvertiseData: created AdvertiseData [mServiceUuids=[03f8b3b7-b244-4a2e-8897-ff42889af18d], mManufacturerSpecificData={}, mServiceData={03f8b3b7-b244-4a2e-8897-ff42889af18d=[2, -68, 117, 116, 58, -68, -8]}, mIncludeTxPowerLevel=false, mIncludeDeviceName=false]
02-10 15:37:32.550 24799 24857 D org.thaliproject.p2p.btconnectorlib.internal.bluetooth.le.BleAdvertiser: setAdvertiseData: Current thread: Thread[Thread-1109,5,main], id: 1109
02-10 15:37:32.550 24799 24857 D org.thaliproject.p2p.btconnectorlib.internal.bluetooth.le.BleAdvertiser: setAdvertiseData: AdvertiseData [mServiceUuids=[03f8b3b7-b244-4a2e-8897-ff42889af18d], mManufacturerSpecificData={}, mServiceData={03f8b3b7-b244-4a2e-8897-ff42889af18d=[2, -68, 117, 116, 58, -68, -8]}, mIncludeTxPowerLevel=false, mIncludeDeviceName=false]. Current thread: Thread[Thread-1109,5,main], id: 1109
02-10 15:37:32.550 24799 24857 D org.thaliproject.p2p.btconnectorlib.internal.bluetooth.le.BleAdvertiser: setAdvertiseData: was started = false
02-10 15:37:32.551 24799 24857 D org.thaliproject.p2p.btconnectorlib.internal.bluetooth.le.BleAdvertiser: setAdvertiseData: advertiseData = AdvertiseData [mServiceUuids=[03f8b3b7-b244-4a2e-8897-ff42889af18d], mManufacturerSpecificData={}, mServiceData={03f8b3b7-b244-4a2e-8897-ff42889af18d=[2, -68, 117, 116, 58, -68, -8]}, mIncludeTxPowerLevel=false, mIncludeDeviceName=false]
02-10 15:37:32.551 24799 24857 D org.thaliproject.p2p.btconnectorlib.internal.bluetooth.le.BleAdvertiser: setAdvertiseData finished: Current thread: Thread[Thread-1109,5,main], id: 1109
02-10 15:37:32.551 24799 24857 D org.thaliproject.p2p.btconnectorlib.internal.bluetooth.le.BleAdvertiser: start:  state = NOT_STARTEDCurrent thread: Thread[Thread-1109,5,main], id: 1109
02-10 15:37:32.551 24799 24857 I org.thaliproject.p2p.btconnectorlib.internal.bluetooth.le.BleAdvertiser: start: Starting... advertisement data = AdvertiseData [mServiceUuids=[03f8b3b7-b244-4a2e-8897-ff42889af18d], mManufacturerSpecificData={}, mServiceData={03f8b3b7-b244-4a2e-8897-ff42889af18d=[2, -68, 117, 116, 58, -68, -8]}, mIncludeTxPowerLevel=false, mIncludeDeviceName=false], Current thread: Thread[Thread-1109,5,main], id: 1109
02-10 15:37:32.553 24799 24857 D BluetoothAdapter: STATE_ON
02-10 15:37:32.558  9440  9467 D BtGatt.GattService: registerClient() - UUID=f7e797bd-8fae-4629-a063-c71fa2e21244
02-10 15:37:32.559  9440  9456 D BtGatt.GattService: onClientRegistered() - UUID=f7e797bd-8fae-4629-a063-c71fa2e21244, clientIf=5
02-10 15:37:32.560 24799 24812 D BluetoothLeAdvertiser: onClientRegistered() - status=0 clientIf=5
02-10 15:37:32.562  9440  9458 D BtGatt.AdvertiseManager: message : 0
02-10 15:37:32.565  9440  9458 D BtGatt.AdvertiseManager: starting multi advertising
02-10 15:37:32.581  9440  9456 D BtGatt.GattService: onAdvertiseInstanceEnabled() - clientIf=5, status=0
02-10 15:37:32.589  9440  9456 D BtGatt.GattService: onAdvertiseDataSet() - clientIf=5, status=0
02-10 15:37:32.590 24799 24857 I org.thaliproject.p2p.btconnectorlib.internal.bluetooth.le.BleAdvertiser: start: Started advertisment Current thread: Thread[Thread-1109,5,main], id: 1109
02-10 15:37:32.590 24799 24799 D org.thaliproject.p2p.btconnectorlib.internal.bluetooth.le.BleAdvertiser: onStartSuccess : Current thread: Thread[main,5,main], id: 1
02-10 15:37:32.590 24799 24857 D org.thaliproject.p2p.btconnectorlib.internal.bluetooth.le.BleAdvertiser: setState: current  = NOT_STARTED, new = STARTINGCurrent thread: Thread[Thread-1109,5,main], id: 1109
02-10 15:37:32.590 24799 24857 D org.thaliproject.p2p.btconnectorlib.internal.bluetooth.le.BleAdvertiser: setState: State changed from NOT_STARTED to STARTING
02-10 15:37:32.590 24799 24857 D org.thaliproject.p2p.btconnectorlib.internal.bluetooth.le.BleAdvertiser: setState: onIsAdvertiserStartedChanged default (no call to listener). Current thread: Thread[Thread-1109,5,main], id: 1109
02-10 15:37:32.590 24799 24857 D org.thaliproject.p2p.btconnectorlib.internal.bluetooth.le.BleAdvertiser: setState: finished Current thread: Thread[Thread-1109,5,main], id: 1109
02-10 15:37:32.590 24799 24857 I org.thaliproject.p2p.btconnectorlib.internal.bluetooth.le.BleAdvertiser: start: return, state = STARTINGCurrent thread: Thread[Thread-1109,5,main], id: 1109
02-10 15:37:32.590 24799 24857 D org.thaliproject.p2p.btconnectorlib.internal.bluetooth.le.BleAdvertiser: start returned: Current thread: Thread[Thread-1109,5,main], id: 1109
02-10 15:37:32.590 24799 24857 D org.thaliproject.p2p.btconnectorlib.internal.bluetooth.le.BlePeerDiscoverer: startAdvertiser started = true Current thread: Thread[Thread-1109,5,main], id: 1109
02-10 15:37:32.590 24799 24799 D org.thaliproject.p2p.btconnectorlib.internal.bluetooth.le.BleAdvertiser: setState: current  = STARTING, new = RUNNINGCurrent thread: Thread[main,5,main], id: 1
02-10 15:37:32.590 24799 24799 D org.thaliproject.p2p.btconnectorlib.internal.bluetooth.le.BleAdvertiser: setState: State changed from STARTING to RUNNING
02-10 15:37:32.590 24799 24857 D org.thaliproject.p2p.btconnectorlib.internal.bluetooth.le.BlePeerDiscoverer: applySettings: start advertiser started = true Current thread: Thread[Thread-1109,5,main], id: 1109
02-10 15:37:32.591 24799 24857 D org.thaliproject.p2p.btconnectorlib.internal.bluetooth.le.BleScanner: applyAdditionalMarshmallowSettings
02-10 15:37:32.591 24799 24799 D org.thaliproject.p2p.btconnectorlib.internal.bluetooth.le.BleAdvertiser: notifyAdvertiserStateChanged: started =  true. Current thread: Thread[main,5,main], id: 1
02-10 15:37:32.591 24799 24799 D org.thaliproject.p2p.btconnectorlib.internal.bluetooth.le.BleAdvertiser: setState: finished Current thread: Thread[main,5,main], id: 1
02-10 15:37:32.591 24799 24857 D org.thaliproject.p2p.btconnectorlib.internal.bluetooth.le.BlePeerDiscoverer: applySettings: scannerWasStarted false Current thread: Thread[Thread-1109,5,main], id: 1109
02-10 15:37:32.591 24799 24857 I org.thaliproject.p2p.btconnectorlib.internal.bluetooth.le.BleScanner: setScanSettings: Mode: 2, report delay in milliseconds: 500, scan result type: 0
02-10 15:37:32.591 24799 24799 I org.thaliproject.p2p.btconnectorlib.internal.bluetooth.le.BlePeerDiscoverer: onIsAdvertiserStartedChanged: trueCurrent thread: Thread[main,5,main], id: 1
02-10 15:37:32.591 24799 24857 I org.thaliproject.p2p.btconnectorlib.internal.AbstractBluetoothConnectivityAgent: clearIdentityString
02-10 15:37:32.591 24799 24799 D org.thaliproject.p2p.btconnectorlib.internal.bluetooth.le.BlePeerDiscoverer: updateState : Current thread: Thread[main,5,main], id: 1
02-10 15:37:32.591 24799 24799 D org.thaliproject.p2p.btconnectorlib.internal.bluetooth.le.BlePeerDiscoverer: updateState: deducedStateSet: [ADVERTISING]
02-10 15:37:32.591 24799 24799 D org.thaliproject.p2p.btconnectorlib.internal.bluetooth.le.BlePeerDiscoverer: updateState: stateSet: [ADVERTISING]
02-10 15:37:32.591 24799 24799 D org.thaliproject.p2p.btconnectorlib.internal.bluetooth.le.BlePeerDiscoverer: Current thread: Thread[main,5,main], id: 1
02-10 15:37:32.591 24799 24799 D org.thaliproject.p2p.btconnectorlib.internal.bluetooth.le.BlePeerDiscoverer: update state finished. Current thread: Thread[main,5,main], id: 1
02-10 15:37:32.593 24799 24857 I org.thaliproject.p2p.btconnectorlib.internal.AbstractBluetoothConnectivityAgent: verifyIdentityString: Identity string created: {"generation":2,"address":"BC:75:74:3A:BC:F8"}
02-10 15:37:32.594 24799 24857 D org.thaliproject.p2p.btconnectorlib.internal.bluetooth.BluetoothConnector: setIdentityString: {"generation":2,"address":"BC:75:74:3A:BC:F8"}
02-10 15:37:32.594 24799 24857 D org.thaliproject.p2p.btconnectorlib.DiscoveryManager: onAdvertiseScanSettingsChanged: Current thread: Thread[Thread-1109,5,main], id: 1109
02-10 15:37:32.594 24799 24857 I org.thaliproject.p2p.btconnectorlib.internal.AbstractBluetoothConnectivityAgent: clearIdentityString
02-10 15:37:32.596 24799 24857 I org.thaliproject.p2p.btconnectorlib.internal.AbstractBluetoothConnectivityAgent: verifyIdentityString: Identity string created: {"generation":2,"address":"BC:75:74:3A:BC:F8"}
02-10 15:37:32.596 24799 24857 D org.thaliproject.p2p.btconnectorlib.internal.bluetooth.BluetoothConnector: setIdentityString: {"generation":2,"address":"BC:75:74:3A:BC:F8"}
02-10 15:37:32.597 24799 24857 D org.thaliproject.p2p.btconnectorlib.DiscoveryManager: onAdvertiseScanSettingsChanged: Current thread: Thread[Thread-1109,5,main], id: 1109
02-10 15:37:32.597 24799 24857 V io.jxcore.node.StartStopOperation: isTargetState: Connectivity: RUNNING, discovery: RUNNING_BLE, is discovering: false, is advertising: true - Start operation: Should start/stop everything
02-10 15:37:32.597 24799 24857 V io.jxcore.node.StartStopOperationHandler: executeCurrentOperation: The current state already matches the desired outcome of this operation, skipping...
02-10 15:37:32.597 24799 24857 I io.jxcore.node.ConnectionHelper: start: OK
02-10 15:37:32.598 24799 24857 I jxcore-log: 2017-02-10 12:37:32 - DEBUG thaliMobileNativeWrapper: 'discoveryAdvertisingStateUpdateNonTCP: {"discoveryActive":false,"advertisingActive":true}'
02-10 15:37:32.598 24799 24857 I jxcore-log: 
02-10 15:37:32.599 24799 24857 I jxcore-log: 2017-02-10 12:37:32 - INFO thaliMobile: 'Received state ({"discoveryActive":false,"advertisingActive":true}) did not match with target ({"started":false,"listening":false,"advertising":false,"networkType":"BOTH","startArguments":{"router":null,"pskIdToSecret":null,"networkType":null}})'
02-10 15:37:32.599 24799 24857 I jxcore-log: 
02-10 15:37:32.600 24799 24857 I jxcore-log: 2017-02-10 12:37:32 - INFO thaliMobile: 'Filtered out discoveryAdvertisingStateUpdate (was in stopped state).'
02-10 15:37:32.600 24799 24857 I jxcore-log: 
02-10 15:37:32.602 24799 24857 I jxcore-log: ok 83 Can call startUpdateAdvertisingAndListening twice without error
02-10 15:37:32.602 24799 24857 I jxcore-log: 
02-10 15:37:32.605 24754 24754 I ServiceManager: Waiting for service AtCmdFwd...
02-10 15:37:32.608 24799 24857 I jxcore-log: # teardown
02-10 15:37:32.608 24799 24857 I jxcore-log: 
02-10 15:37:33.605 24754 24754 W Atfwd_Sendcmd: AtCmdFwd service not published, waiting... retryCnt : 5
02-10 15:37:33.779 24799 24857 D io.jxcore.node.JXcoreExtension: stopListeningForAdvertisements
02-10 15:37:33.780 24799 24857 I io.jxcore.node.ConnectionHelper: stop: Stopping only listening for advertisements
02-10 15:37:33.780 24799 24857 V io.jxcore.node.StartStopOperation: isTargetState: Connectivity: RUNNING, discovery: RUNNING_BLE, is discovering: false, is advertising: true - Stop operation: Should affect listening to advertisements only
02-10 15:37:33.780 24799 24857 V io.jxcore.node.StartStopOperationHandler: executeCurrentOperation: The current state already matches the desired outcome of this operation, skipping...
02-10 15:37:33.783 24799 24857 I jxcore-log: ok 84 Should be able to call stopListeningForAdvertisements in teardown
02-10 15:37:33.783 24799 24857 I jxcore-log: 
02-10 15:37:33.785 24799 24857 D io.jxcore.node.JXcoreExtension: stopAdvertisingAndListening
02-10 15:37:33.785 24799 24857 I io.jxcore.node.ConnectionHelper: stop: Stopping all activities and killing connections
02-10 15:37:33.786 24799 24857 V io.jxcore.node.StartStopOperation: isTargetState: Connectivity: RUNNING, discovery: RUNNING_BLE, is discovering: false, is advertising: true - Stop operation: Should start/stop everything
02-10 15:37:33.786 24799 24857 V io.jxcore.node.StartStopOperationHandler: executeCurrentOperation: Executing: Stop operation: Should start/stop everything
02-10 15:37:33.786 24799 24857 I org.thaliproject.p2p.btconnectorlib.ConnectionManager: stopListeningForIncomingConnections
02-10 15:37:33.786 24799 24857 I org.thaliproject.p2p.btconnectorlib.internal.bluetooth.BluetoothConnector: stopListeningForIncomingConnections: Stopping...
02-10 15:37:33.786 24799 24857 D org.thaliproject.p2p.btconnectorlib.internal.bluetooth.BluetoothServerThread: shutdown
02-10 15:37:33.789 24799 24857 D org.thaliproject.p2p.btconnectorlib.internal.bluetooth.BluetoothManager: release: 2 listener(s) left
02-10 15:37:33.789 24799 24884 V org.thaliproject.p2p.btconnectorlib.internal.bluetooth.BluetoothServerThread: closeBluetoothServerSocket: Bluetooth server socket closed
02-10 15:37:33.789 24799 24884 D org.thaliproject.p2p.btconnectorlib.internal.bluetooth.BluetoothServerThread: Exiting thread
02-10 15:37:33.789 24799 24857 D org.thaliproject.p2p.btconnectorlib.ConnectionManager: updateState: mShouldBeStarted :  false, mIsServerStarted:  true
02-10 15:37:33.789 24799 24884 I org.thaliproject.p2p.btconnectorlib.internal.bluetooth.BluetoothConnector: onServerStopped: Was explicitly stopped: true
02-10 15:37:33.789 24799 24857 D org.thaliproject.p2p.btconnectorlib.ConnectionManager: setState: RUNNING -> NOT_STARTED
02-10 15:37:33.789 24799 24857 I org.thaliproject.p2p.btconnectorlib.ConnectionManager: cancelAllConnectionAttempts
02-10 15:37:33.789 24799 24799 I io.jxcore.node.ConnectionHelper: onConnectionManagerStateChanged: NOT_STARTED
02-10 15:37:33.790 24799 24857 I org.thaliproject.p2p.btconnectorlib.DiscoveryManager: stop: Stopping peer discovery...
02-10 15:37:33.790 24799 24857 D org.thaliproject.p2p.btconnectorlib.DiscoveryManager: stopForRestart Current thread: Thread[Thread-1109,5,main], id: 1109
02-10 15:37:33.790 24799 24857 D org.thaliproject.p2p.btconnectorlib.DiscoveryManager: stopForRestart. RUNNING_BLE
02-10 15:37:33.790 24799 24857 D org.thaliproject.p2p.btconnectorlib.internal.BluetoothMacAddressResolutionHelper: stopProvideBluetoothMacAddressMode
02-10 15:37:33.790 24799 24857 D org.thaliproject.p2p.btconnectorlib.internal.bluetooth.le.BlePeerDiscoverer: stopScannerAndAdvertiser: Current thread: Thread[Thread-1109,5,main], id: 1109
02-10 15:37:33.790 24799 24857 D org.thaliproject.p2p.btconnectorlib.internal.bluetooth.le.BlePeerDiscoverer: stopPeerAddressHelperAdvertiser Current thread: Thread[Thread-1109,5,main], id: 1109
02-10 15:37:33.790 24799 24857 D org.thaliproject.p2p.btconnectorlib.internal.bluetooth.le.BlePeerDiscoverer: stopScanner: Current thread: Thread[Thread-1109,5,main], id: 1109
02-10 15:37:33.790 24799 24857 D org.thaliproject.p2p.btconnectorlib.internal.bluetooth.le.BleScanner: stop, Current thread: Thread[Thread-1109,5,main], id: 1109
02-10 15:37:33.793 24799 24857 D BluetoothAdapter: STATE_ON
02-10 15:37:33.793 24799 24857 D org.thaliproject.p2p.btconnectorlib.internal.bluetooth.le.BleScanner: stop: scan results are flushed 
02-10 15:37:33.795 24799 24857 D BluetoothAdapter: STATE_ON
02-10 15:37:33.795 24799 24857 D BluetoothLeScanner: could not find callback wrapper
02-10 15:37:33.795 24799 24857 D org.thaliproject.p2p.btconnectorlib.internal.bluetooth.le.BleScanner: stop: Stopped
02-10 15:37:33.795 24799 24857 D org.thaliproject.p2p.btconnectorlib.internal.bluetooth.le.BleScanner: set state: Current thread: Thread[Thread-1109,5,main], id: 1109
02-10 15:37:33.795 24799 24857 D org.thaliproject.p2p.btconnectorlib.internal.bluetooth.le.BleScanner: stop finished, Current thread: Thread[Thread-1109,5,main], id: 1109
02-10 15:37:33.796 24799 24857 D org.thaliproject.p2p.btconnectorlib.internal.bluetooth.le.BlePeerDiscoverer: stopAdvertiser:Current thread: Thread[Thread-1109,5,main], id: 1109
02-10 15:37:33.796 24799 24857 I org.thaliproject.p2p.btconnectorlib.internal.bluetooth.le.BlePeerDiscoverer: stopAdvertiser: Stopping...
02-10 15:37:33.796 24799 24857 D org.thaliproject.p2p.btconnectorlib.internal.bluetooth.le.BleAdvertiser: stop. Current thread: Thread[Thread-1109,5,main], id: 1109
02-10 15:37:33.798  9440  9458 D BtGatt.AdvertiseManager: message : 1
02-10 15:37:33.799  9440  9458 D BtGatt.AdvertiseManager: stop advertise for client 5
02-10 15:37:33.809  9440  9456 D BtGatt.GattService: onAdvertiseInstanceDisabled() - clientIf=5, status=0
02-10 15:37:33.809  9440  9456 D BtGatt.GattService: Client app is not null!
02-10 15:37:33.810  9440  9467 D BtGatt.GattService: unregisterClient() - clientIf=5
02-10 15:37:33.810 24799 24857 D org.thaliproject.p2p.btconnectorlib.internal.bluetooth.le.BleAdvertiser: stop: Stopped
02-10 15:37:33.811 24799 24857 D org.thaliproject.p2p.btconnectorlib.internal.bluetooth.le.BleAdvertiser: setState: current  = RUNNING, new = NOT_STARTEDCurrent thread: Thread[Thread-1109,5,main], id: 1109
02-10 15:37:33.811 24799 24857 D org.thaliproject.p2p.btconnectorlib.internal.bluetooth.le.BleAdvertiser: setState: State changed from RUNNING to NOT_STARTED
02-10 15:37:33.811 24799 24857 D org.thaliproject.p2p.btconnectorlib.internal.bluetooth.le.BleAdvertiser: notifyAdvertiserStateChanged: started =  false. Current thread: Thread[Thread-1109,5,main], id: 1109
02-10 15:37:33.811 24799 24857 D org.thaliproject.p2p.btconnectorlib.internal.bluetooth.le.BleAdvertiser: setState: finished Current thread: Thread[Thread-1109,5,main], id: 1109
02-10 15:37:33.811 24799 24857 D org.thaliproject.p2p.btconnectorlib.internal.bluetooth.le.BleAdvertiser: stop finished. Current thread: Thread[Thread-1109,5,main], id: 1109
02-10 15:37:33.811 24799 24857 D org.thaliproject.p2p.btconnectorlib.DiscoveryManager: stopBlePeerDiscoverer: Stopped
02-10 15:37:33.811 24799 24857 I org.thaliproject.p2p.btconnectorlib.internal.wifi.WifiDirectManager: release: No more listeners, de-initializing...
02-10 15:37:33.812 24799 24857 D org.thaliproject.p2p.btconnectorlib.internal.bluetooth.BluetoothManager: release: 1 listener(s) left
02-10 15:37:33.812 24799 24857 D org.thaliproject.p2p.btconnectorlib.DiscoveryManager: updateState: Current thread: Thread[Thread-1109,5,main], id: 1109
02-10 15:37:33.813 24799 24857 D org.thaliproject.p2p.btconnectorlib.DiscoveryManager: updateStateInternal Current thread: Thread[Thread-1109,5,main], id: 1109
02-10 15:37:33.813 24799 24857 D org.thaliproject.p2p.btconnectorlib.DiscoveryManager: updateState: State: NOT_STARTED, is discovering: false, is advertising: false
02-10 15:37:33.813 24799 24857 D org.thaliproject.p2p.btconnectorlib.DiscoveryManager: updateStateInternal finished Current thread: Thread[Thread-1109,5,main], id: 1109
02-10 15:37:33.813 24799 24857 D org.thaliproject.p2p.btconnectorlib.DiscoveryManager: updateState finished Current thread: Thread[Thread-1109,5,main], id: 1109
02-10 15:37:33.814 24799 24799 V io.jxcore.node.StartStopOperation: isTargetState: Connectivity: NOT_STARTED, discovery: NOT_STARTED, is discovering: false, is advertising: false - Stop operation: Should start/stop everything
02-10 15:37:33.814 24799 24799 D io.jxcore.node.StartStopOperationHandler: processCurrentOperationStatus: Operation successfully executed
02-10 15:37:33.814 24799 24799 D org.thaliproject.p2p.btconnectorlib.ConnectionManager: onIsServerStartedChanged: false
02-10 15:37:33.814 24799 24799 D org.thaliproject.p2p.btconnectorlib.ConnectionManager: updateState: mShouldBeStarted :  false, mIsServerStarted:  false
02-10 15:37:33.814 24799 24799 I org.thaliproject.p2p.btconnectorlib.DiscoveryManager: start: Discovery mode: BLE, start discovery: false, start advertiser: false
02-10 15:37:33.814 24799 24799 I org.thaliproject.p2p.btconnectorlib.DiscoveryManager: start: Discovery mode: BLE, start discovery: false, start advertiser: false
02-10 15:37:33.814 24799 24799 I org.thaliproject.p2p.btconnectorlib.internal.bluetooth.le.BlePeerDiscoverer: onIsAdvertiserStartedChanged: falseCurrent thread: Thread[main,5,main], id: 1
02-10 15:37:33.814 24799 24799 D org.thaliproject.p2p.btconnectorlib.internal.bluetooth.le.BlePeerDiscoverer: updateState : Current thread: Thread[main,5,main], id: 1
02-10 15:37:33.815 24799 24799 D org.thaliproject.p2p.btconnectorlib.internal.bluetooth.le.BlePeerDiscoverer: updateState: deducedStateSet: [NOT_STARTED]
02-10 15:37:33.815 24799 24799 D org.thaliproject.p2p.btconnectorlib.internal.bluetooth.le.BlePeerDiscoverer: updateState: stateSet: [ADVERTISING]
02-10 15:37:33.815 24799 24799 D org.thaliproject.p2p.btconnectorlib.internal.bluetooth.le.BlePeerDiscoverer: Current thread: Thread[main,5,main], id: 1
02-10 15:37:33.815 24799 24799 D org.thaliproject.p2p.btconnectorlib.internal.bluetooth.le.BlePeerDiscoverer: updateState: State changed from [ADVERTISING] to [NOT_STARTED]Current thread: Thread[main,5,main], id: 1
02-10 15:37:33.815 24799 24799 D org.thaliproject.p2p.btconnectorlib.internal.bluetooth.le.BlePeerDiscoverer: update state finished. Current thread: Thread[main,5,main], id: 1
02-10 15:37:33.815 24799 24799 I io.jxcore.node.ConnectionHelper: onDiscoveryManagerStateChanged: State: NOT_STARTED, is discovering: false, is advertising: false
02-10 15:37:33.815 24799 24857 I jxcore-log: ok 85 Should be able to call stopAdvertisingAndListening in teardown
02-10 15:37:33.815 24799 24857 I jxcore-log: 
02-10 15:37:33.818 24799 24857 I jxcore-log: 2017-02-10 12:37:33 - DEBUG thaliMobileNativeWrapper: 'Method peerAvailabilityChanged registered to native'
02-10 15:37:33.818 24799 24857 I jxcore-log: 
02-10 15:37:33.820 24799 24857 I jxcore-log: 2017-02-10 12:37:33 - DEBUG thaliMobileNativeWrapper: 'Method discoveryAdvertisingStateUpdateNonTCP registered to native'
02-10 15:37:33.820 24799 24857 I jxcore-log: 
02-10 15:37:33.822 24799 24857 I jxcore-log: 2017-02-10 12:37:33 - DEBUG thaliMobileNativeWrapper: 'Method multiConnectResolved registered to native'
02-10 15:37:33.822 24799 24857 I jxcore-log: 
02-10 15:37:33.827 24799 24857 V io.jxcore.node.ConnectivityMonitor: updateConnectivityInfo: FORCED notification:
02-10 15:37:33.827 24799 24857 V io.jxcore.node.ConnectivityMonitor:     - is Wi-Fi Direct supported: true
02-10 15:37:33.827 24799 24857 V io.jxcore.node.ConnectivityMonitor:     - is Bluetooth LE multiple advertisement supported: SUPPORTED
02-10 15:37:33.827 24799 24857 V io.jxcore.node.ConnectivityMonitor:     - is Wi-Fi enabled: true
02-10 15:37:33.827 24799 24857 V io.jxcore.node.ConnectivityMonitor:     - is Bluetooth enabled: true
02-10 15:37:33.827 24799 24857 V io.jxcore.node.ConnectivityMonitor:     - BSSID name: 70:cd:60:ff:5a:07
02-10 15:37:33.827 24799 24857 V io.jxcore.node.ConnectivityMonitor:     - SSID name: "T"
02-10 15:37:33.827 24799 24857 V io.jxcore.node.ConnectivityMonitor:     - is connected/connecting to active network: true
02-10 15:37:33.827 24799 24857 V io.jxcore.node.ConnectivityMonitor:     - active network type is Wi-Fi: true
02-10 15:37:33.829 24799 24857 D io.jxcore.node.JXcoreExtension: notifyNetworkChanged: BLE: ON, Bluetooth: ON, Wi-Fi: ON, cellular: DO_NOT_CARE, BSSID name: 70:cd:60:ff:5a:07, SSID name: "T"
02-10 15:37:33.831 24799 24857 I jxcore-log: 2017-02-10 12:37:33 - DEBUG thaliMobileNativeWrapper: 'Method networkChanged registered to native'
02-10 15:37:33.831 24799 24857 I jxcore-log: 
02-10 15:37:33.833 24799 24857 I jxcore-log: 2017-02-10 12:37:33 - DEBUG thaliMobileNativeWrapper: 'Method multiConnectConnectionFailure registered to native'
02-10 15:37:33.833 24799 24857 I jxcore-log: 
02-10 15:37:33.834 24799 24857 I jxcore-log: 2017-02-10 12:37:33 - DEBUG thaliMobileNativeWrapper: 'Method incomingConnectionToPortNumberFailed registered to native'
02-10 15:37:33.834 24799 24857 I jxcore-log: 
02-10 15:37:33.841 24799 24857 I jxcore-log: # setup
02-10 15:37:33.841 24799 24857 I jxcore-log: 
02-10 15:37:33.842 24799 24857 I jxcore-log: 2017-02-10 12:37:33 - DEBUG thaliMobileNativeWrapper: 'networkChanged: {"bluetoothLowEnergy":"on","bluetooth":"on","wifi":"on","cellular":"doNotCare","bssidName":"70:cd:60:ff:5a:07","ssidName":"T"}'
