02-10 15:37:41.544 30145 30204 I jxcore-log: ok 99 Can call startUpdateAdvertisingAndListening without error
02-10 15:37:41.544 30145 30204 I jxcore-log: 
02-10 15:37:41.547 30145 30204 D io.jxcore.node.JXcoreExtension: startListeningForAdvertisements
02-10 15:37:41.555 30145 30204 I io.jxcore.node.ConnectionHelper: start: Port number: 49239, start advertisements: false
02-10 15:37:41.555 30145 30204 V io.jxcore.node.ConnectivityMonitor: start: Already started
02-10 15:37:41.556 30145 30204 V io.jxcore.node.StartStopOperation: isTargetState: Connectivity: RUNNING, discovery: RUNNING_BLE, is discovering: false, is advertising: true - Start operation: Should affect listening to advertisements only
02-10 15:37:41.556 30145 30204 V io.jxcore.node.StartStopOperationHandler: executeCurrentOperation: Executing: Start operation: Should affect listening to advertisements only
02-10 15:37:41.556 30145 30204 I org.thaliproject.p2p.btconnectorlib.DiscoveryManager: start: Discovery mode: BLE, start discovery: true, start advertiser: true
02-10 15:37:41.559 30145 30204 D org.thaliproject.p2p.btconnectorlib.DiscoveryManager: startBlePeerDiscoverer
02-10 15:37:41.559 30145 30204 V io.jxcore.node.ConnectionHelper: Received a request for permission "android.permission.ACCESS_COARSE_LOCATION", but we are expecting that all the required permissions have already been granted
02-10 15:37:41.570 30145 30204 D org.thaliproject.p2p.btconnectorlib.internal.bluetooth.le.BlePeerDiscoverer: startScannerAndAdvertiser : Current thread: Thread[Thread-3093,7,main], id: 3093
02-10 15:37:41.570 30145 30204 D org.thaliproject.p2p.btconnectorlib.internal.bluetooth.le.BlePeerDiscoverer: startAdvertiser: Current thread: Thread[Thread-3093,7,main], id: 3093
02-10 15:37:41.570 30145 30204 D org.thaliproject.p2p.btconnectorlib.internal.bluetooth.le.BlePeerDiscoverer: stopPeerAddressHelperAdvertiser Current thread: Thread[Thread-3093,7,main], id: 3093
02-10 15:37:41.570 30145 30204 D org.thaliproject.p2p.btconnectorlib.internal.bluetooth.le.BlePeerDiscoverer: createAdvertiseData: createAdvertiseDataToServiceData 
02-10 15:37:41.570 30145 30204 I org.thaliproject.p2p.btconnectorlib.internal.bluetooth.le.PeerAdvertisementFactory: createAdvertiseDataToServiceData: Service UUID: "03f8b3b7-b244-4a2e-8897-ff42889af18d", Bluetooth MAC address: "24:00:BA:F9:9A:9F"
02-10 15:37:41.571 30145 30204 V org.thaliproject.p2p.btconnectorlib.internal.bluetooth.le.PeerAdvertisementFactory: createAdvertiseDataToServiceData: Service data (length is 7 bytes): 04 24 00 BA F9 9A 9F
02-10 15:37:41.571 30145 30204 V org.thaliproject.p2p.btconnectorlib.internal.bluetooth.le.PeerAdvertisementFactory: createAdvertiseDataToServiceData: Created: AdvertiseData [mServiceUuids=[03f8b3b7-b244-4a2e-8897-ff42889af18d], mManufacturerSpecificData={}, mServiceData={03f8b3b7-b244-4a2e-8897-ff42889af18d=[4, 36, 0, -70, -7, -102, -97]}, mIncludeTxPowerLevel=false, mIncludeDeviceName=false]
02-10 15:37:41.571 30145 30204 I org.thaliproject.p2p.btconnectorlib.internal.bluetooth.le.BlePeerDiscoverer: createAdvertiseData: created AdvertiseData [mServiceUuids=[03f8b3b7-b244-4a2e-8897-ff42889af18d], mManufacturerSpecificData={}, mServiceData={03f8b3b7-b244-4a2e-8897-ff42889af18d=[4, 36, 0, -70, -7, -102, -97]}, mIncludeTxPowerLevel=false, mIncludeDeviceName=false]
02-10 15:37:41.571 30145 30204 D org.thaliproject.p2p.btconnectorlib.internal.bluetooth.le.BleAdvertiser: setAdvertiseData: Current thread: Thread[Thread-3093,7,main], id: 3093
02-10 15:37:41.571 30145 30204 D org.thaliproject.p2p.btconnectorlib.internal.bluetooth.le.BleAdvertiser: setAdvertiseData: AdvertiseData [mServiceUuids=[03f8b3b7-b244-4a2e-8897-ff42889af18d], mManufacturerSpecificData={}, mServiceData={03f8b3b7-b244-4a2e-8897-ff42889af18d=[4, 36, 0, -70, -7, -102, -97]}, mIncludeTxPowerLevel=false, mIncludeDeviceName=false]. Current thread: Thread[Thread-3093,7,main], id: 3093
02-10 15:37:41.571 30145 30204 D org.thaliproject.p2p.btconnectorlib.internal.bluetooth.le.BleAdvertiser: setAdvertiseData: was started = true
02-10 15:37:41.571 30145 30204 D org.thaliproject.p2p.btconnectorlib.internal.bluetooth.le.BleAdvertiser: stop. Current thread: Thread[Thread-3093,7,main], id: 3093
02-10 15:37:41.572 31626 31646 D BtGatt.AdvertiseManager: message : 1
02-10 15:37:41.573 31626 31646 D BtGatt.AdvertiseManager: stop advertise for client 5
02-10 15:37:41.582 31626 31643 D BtGatt.GattService: onAdvertiseInstanceDisabled() - clientIf=5, status=0
02-10 15:37:41.583 31626 31643 D BtGatt.GattService: Client app is not null!
02-10 15:37:41.584 31626 31658 D BtGatt.GattService: unregisterClient() - clientIf=5
02-10 15:37:41.585 30145 30204 D org.thaliproject.p2p.btconnectorlib.internal.bluetooth.le.BleAdvertiser: stop: Stopped
02-10 15:37:41.585 30145 30204 D org.thaliproject.p2p.btconnectorlib.internal.bluetooth.le.BleAdvertiser: setState: current  = RUNNING, new = NOT_STARTEDCurrent thread: Thread[Thread-3093,7,main], id: 3093
02-10 15:37:41.585 30145 30204 D org.thaliproject.p2p.btconnectorlib.internal.bluetooth.le.BleAdvertiser: setState: State changed from RUNNING to NOT_STARTED
02-10 15:37:41.586 30145 30204 D org.thaliproject.p2p.btconnectorlib.internal.bluetooth.le.BleAdvertiser: setState: finished Current thread: Thread[Thread-3093,7,main], id: 3093
02-10 15:37:41.586 30145 30204 D org.thaliproject.p2p.btconnectorlib.internal.bluetooth.le.BleAdvertiser: stop finished. Current thread: Thread[Thread-3093,7,main], id: 3093
02-10 15:37:41.586 30145 30204 D org.thaliproject.p2p.btconnectorlib.internal.bluetooth.le.BleAdvertiser: setAdvertiseData: advertiseData = AdvertiseData [mServiceUuids=[03f8b3b7-b244-4a2e-8897-ff42889af18d], mManufacturerSpecificData={}, mServiceData={03f8b3b7-b244-4a2e-8897-ff42889af18d=[4, 36, 0, -70, -7, -102, -97]}, mIncludeTxPowerLevel=false, mIncludeDeviceName=false]
02-10 15:37:41.586 30145 30204 D org.thaliproject.p2p.btconnectorlib.internal.bluetooth.le.BleAdvertiser: start:  state = NOT_STARTEDCurrent thread: Thread[Thread-3093,7,main], id: 3093
02-10 15:37:41.586 30145 30204 I org.thaliproject.p2p.btconnectorlib.internal.bluetooth.le.BleAdvertiser: start: Starting... advertisement data = AdvertiseData [mServiceUuids=[03f8b3b7-b244-4a2e-8897-ff42889af18d], mManufacturerSpecificData={}, mServiceData={03f8b3b7-b244-4a2e-8897-ff42889af18d=[4, 36, 0, -70, -7, -102, -97]}, mIncludeTxPowerLevel=false, mIncludeDeviceName=false], Current thread: Thread[Thread-3093,7,main], id: 3093
02-10 15:37:41.587 30145 30204 D BluetoothAdapter: STATE_ON
02-10 15:37:41.591 31626 31638 D BtGatt.GattService: registerClient() - UUID=5ac13a83-a8cc-4bb8-884c-d75a3a90f0f7
02-10 15:37:41.592 31626 31643 D BtGatt.GattService: onClientRegistered() - UUID=5ac13a83-a8cc-4bb8-884c-d75a3a90f0f7, clientIf=5
02-10 15:37:41.592 30145 30155 D BluetoothLeAdvertiser: onClientRegistered() - status=0 clientIf=5
02-10 15:37:41.595 31626 31646 D BtGatt.AdvertiseManager: message : 0
02-10 15:37:41.603 31626 31646 D BtGatt.AdvertiseManager: starting multi advertising
02-10 15:37:41.615 31626 31643 D BtGatt.GattService: onAdvertiseInstanceEnabled() - clientIf=5, status=0
02-10 15:37:41.622 31626 31643 D BtGatt.GattService: onAdvertiseDataSet() - clientIf=5, status=0
02-10 15:37:41.623 30145 30204 I org.thaliproject.p2p.btconnectorlib.internal.bluetooth.le.BleAdvertiser: start: Started advertisment Current thread: Thread[Thread-3093,7,main], id: 3093
02-10 15:37:41.623 30145 30145 D org.thaliproject.p2p.btconnectorlib.internal.bluetooth.le.BleAdvertiser: onStartSuccess : Current thread: Thread[main,5,main], id: 1
02-10 15:37:41.623 30145 30204 D org.thaliproject.p2p.btconnectorlib.internal.bluetooth.le.BleAdvertiser: setState: current  = NOT_STARTED, new = STARTINGCurrent thread: Thread[Thread-3093,7,main], id: 3093
02-10 15:37:41.623 30145 30204 D org.thaliproject.p2p.btconnectorlib.internal.bluetooth.le.BleAdvertiser: setState: State changed from NOT_STARTED to STARTING
02-10 15:37:41.623 30145 30204 D org.thaliproject.p2p.btconnectorlib.internal.bluetooth.le.BleAdvertiser: setState: onIsAdvertiserStartedChanged default (no call to listener). Current thread: Thread[Thread-3093,7,main], id: 3093
02-10 15:37:41.623 30145 30204 D org.thaliproject.p2p.btconnectorlib.internal.bluetooth.le.BleAdvertiser: setState: finished Current thread: Thread[Thread-3093,7,main], id: 3093
02-10 15:37:41.623 30145 30204 I org.thaliproject.p2p.btconnectorlib.internal.bluetooth.le.BleAdvertiser: start: return, state = STARTINGCurrent thread: Thread[Thread-3093,7,main], id: 3093
02-10 15:37:41.623 30145 30204 D org.thaliproject.p2p.btconnectorlib.internal.bluetooth.le.BleAdvertiser: start returned: Current thread: Thread[Thread-3093,7,main], id: 3093
02-10 15:37:41.623 30145 30204 D org.thaliproject.p2p.btconnectorlib.internal.bluetooth.le.BleAdvertiser: setAdvertiseData finished: Current thread: Thread[Thread-3093,7,main], id: 3093
02-10 15:37:41.623 30145 30204 D org.thaliproject.p2p.btconnectorlib.internal.bluetooth.le.BleAdvertiser: start:  state = STARTINGCurrent thread: Thread[Thread-3093,7,main], id: 3093
02-10 15:37:41.624 30145 30204 D org.thaliproject.p2p.btconnectorlib.internal.bluetooth.le.BleAdvertiser: start: Already running
02-10 15:37:41.624 30145 30204 I org.thaliproject.p2p.btconnectorlib.internal.bluetooth.le.BleAdvertiser: start: return, state = STARTINGCurrent thread: Thread[Thread-3093,7,main], id: 3093
02-10 15:37:41.624 30145 30204 D org.thaliproject.p2p.btconnectorlib.internal.bluetooth.le.BleAdvertiser: start returned: Current thread: Thread[Thread-3093,7,main], id: 3093
02-10 15:37:41.624 30145 30204 D org.thaliproject.p2p.btconnectorlib.internal.bluetooth.le.BlePeerDiscoverer: startAdvertiser started = true Current thread: Thread[Thread-3093,7,main], id: 3093
02-10 15:37:41.624 30145 30145 D org.thaliproject.p2p.btconnectorlib.internal.bluetooth.le.BleAdvertiser: setState: current  = STARTING, new = RUNNINGCurrent thread: Thread[main,5,main], id: 1
02-10 15:37:41.624 30145 30204 D org.thaliproject.p2p.btconnectorlib.internal.bluetooth.le.BlePeerDiscoverer: startScannerAndAdvertiser: advertiser is started. Current thread: Thread[Thread-3093,7,main], id: 3093
02-10 15:37:41.624 30145 30145 D org.thaliproject.p2p.btconnectorlib.internal.bluetooth.le.BleAdvertiser: setState: State changed from STARTING to RUNNING
02-10 15:37:41.624 30145 30204 D org.thaliproject.p2p.btconnectorlib.internal.bluetooth.le.BlePeerDiscoverer: startScanner: Current thread: Thread[Thread-3093,7,main], id: 3093
02-10 15:37:41.624 30145 30145 D org.thaliproject.p2p.btconnectorlib.internal.bluetooth.le.BleAdvertiser: notifyAdvertiserStateChanged: started =  true. Current thread: Thread[main,5,main], id: 1
02-10 15:37:41.624 30145 30204 I org.thaliproject.p2p.btconnectorlib.internal.bluetooth.le.BlePeerDiscoverer: startScanner: Starting...
02-10 15:37:41.624 30145 30204 D org.thaliproject.p2p.btconnectorlib.internal.bluetooth.le.BlePeerDiscoveryUtils: createScanFilter: No service UUID, use manufacturer ID: true
02-10 15:37:41.624 30145 30145 D org.thaliproject.p2p.btconnectorlib.internal.bluetooth.le.BleAdvertiser: setState: finished Current thread: Thread[main,5,main], id: 1
02-10 15:37:41.624 30145 30204 D org.thaliproject.p2p.btconnectorlib.internal.bluetooth.le.BlePeerDiscoveryUtils: manufacturer ID: 36667
02-10 15:37:41.624 30145 30145 I org.thaliproject.p2p.btconnectorlib.internal.bluetooth.le.BlePeerDiscoverer: onIsAdvertiserStartedChanged: trueCurrent thread: Thread[main,5,main], id: 1
02-10 15:37:41.624 30145 30204 D org.thaliproject.p2p.btconnectorlib.internal.bluetooth.le.BlePeerDiscoveryUtils: createScanFilter: BluetoothLeScanFilter [mDeviceName=null, mDeviceAddress=null, mUuid=null, mUuidMask=null, mServiceDataUuid=null, mServiceData=null, mServiceDataMask=null, mManufacturerId=36667, mManufacturerData=null, mManufacturerDataMask=null]
02-10 15:37:41.624 30145 30204 D org.thaliproject.p2p.btconnectorlib.internal.bluetooth.le.BleScanner: start: Current thread: Thread[Thread-3093,7,main], id: 3093
02-10 15:37:41.625 30145 30204 D BluetoothAdapter: STATE_ON
02-10 15:37:41.627 31626 31679 D BtGatt.GattService: registerClient() - UUID=0535834d-47b3-4637-927a-fab076a70ef8
02-10 15:37:41.628 31626 31643 D BtGatt.GattService: onClientRegistered() - UUID=0535834d-47b3-4637-927a-fab076a70ef8, clientIf=6
02-10 15:37:41.628 30145 30155 D BluetoothLeScanner: onClientRegistered() - status=0 clientIf=6
02-10 15:37:41.628 31626 31638 D BtGatt.GattService: start scan with filters
02-10 15:37:41.630 30145 30204 D org.thaliproject.p2p.btconnectorlib.internal.bluetooth.le.BleScanner: start: scan started
02-10 15:37:41.631 31626 31647 D BtGatt.ScanManager: handling starting scan
02-10 15:37:41.631 30145 30204 D org.thaliproject.p2p.btconnectorlib.internal.bluetooth.le.BleScanner: set state: Current thread: Thread[Thread-3093,7,main], id: 3093
02-10 15:37:41.631 30145 30204 D org.thaliproject.p2p.btconnectorlib.internal.bluetooth.le.BleScanner: setState: State changed from NOT_STARTED to RUNNING
02-10 15:37:41.631 30145 30204 D org.thaliproject.p2p.btconnectorlib.internal.bluetooth.le.BleScanner: notifyScannerStateChanged: started =  true. Current thread: Thread[Thread-3093,7,main], id: 3093
02-10 15:37:41.631 30145 30204 I org.thaliproject.p2p.btconnectorlib.internal.bluetooth.le.BlePeerDiscoverer: startScannerAndAdvertiser: adv = true, disc = true
02-10 15:37:41.631 30145 30204 D org.thaliproject.p2p.btconnectorlib.DiscoveryManager: startBlePeerDiscoverer: OK
02-10 15:37:41.631 30145 30145 D org.thaliproject.p2p.btconnectorlib.internal.bluetooth.le.BlePeerDiscoverer: updateState : Current thread: Thread[main,5,main], id: 1
02-10 15:37:41.631 30145 30145 D org.thaliproject.p2p.btconnectorlib.internal.bluetooth.le.BlePeerDiscoverer: updateState: deducedStateSet: [SCANNING, ADVERTISING]
02-10 15:37:41.631 30145 30145 D org.thaliproject.p2p.btconnectorlib.internal.bluetooth.le.BlePeerDiscoverer: updateState: stateSet: [ADVERTISING]
02-10 15:37:41.631 30145 30145 D org.thaliproject.p2p.btconnectorlib.internal.bluetooth.le.BlePeerDiscoverer: Current thread: Thread[main,5,main], id: 1
02-10 15:37:41.632 30145 30145 D org.thaliproject.p2p.btconnectorlib.internal.bluetooth.le.BlePeerDiscoverer: updateState: State changed from [ADVERTISING] to [SCANNING, ADVERTISING]Current thread: Thread[main,5,main], id: 1
02-10 15:37:41.632 30145 30145 D org.thaliproject.p2p.btconnectorlib.internal.bluetooth.le.BlePeerDiscoverer: update state finished. Current thread: Thread[main,5,main], id: 1
02-10 15:37:41.632 30145 30145 I org.thaliproject.p2p.btconnectorlib.internal.bluetooth.le.BlePeerDiscoverer: onIsScannerStartedChanged: trueCurrent thread: Thread[main,5,main], id: 1
02-10 15:37:41.632 30145 30145 D org.thaliproject.p2p.btconnectorlib.internal.bluetooth.le.BlePeerDiscoverer: updateState : Current thread: Thread[main,5,main], id: 1
02-10 15:37:41.632 30145 30145 D org.thaliproject.p2p.btconnectorlib.internal.bluetooth.le.BlePeerDiscoverer: updateState: deducedStateSet: [SCANNING, ADVERTISING]
02-10 15:37:41.632 30145 30145 D org.thaliproject.p2p.btconnectorlib.internal.bluetooth.le.BlePeerDiscoverer: updateState: stateSet: [SCANNING, ADVERTISING]
02-10 15:37:41.632 30145 30145 D org.thaliproject.p2p.btconnectorlib.internal.bluetooth.le.BlePeerDiscoverer: Current thread: Thread[main,5,main], id: 1
02-10 15:37:41.632 30145 30145 D org.thaliproject.p2p.btconnectorlib.internal.bluetooth.le.BlePeerDiscoverer: update state finished. Current thread: Thread[main,5,main], id: 1
02-10 15:37:41.632 30145 30145 I org.thaliproject.p2p.btconnectorlib.DiscoveryManager: onBlePeerDiscovererStateChanged: [ADVERTISING] -> [SCANNING, ADVERTISING] Current thread: Thread[main,5,main], id: 1
02-10 15:37:41.632 30145 30204 I org.thaliproject.p2p.btconnectorlib.DiscoveryManager: start: OK
02-10 15:37:41.633 30145 30204 D org.thaliproject.p2p.btconnectorlib.DiscoveryManager: updateState: Current thread: Thread[Thread-3093,7,main], id: 3093
02-10 15:37:41.635 30145 30204 D org.thaliproject.p2p.btconnectorlib.DiscoveryManager: updateStateInternal Current thread: Thread[Thread-3093,7,main], id: 3093
02-10 15:37:41.636 30145 30204 D org.thaliproject.p2p.btconnectorlib.DiscoveryManager: updateState: State: RUNNING_BLE, is discovering: true, is advertising: true
02-10 15:37:41.636 30145 30204 D org.thaliproject.p2p.btconnectorlib.DiscoveryManager: updateStateInternal finished Current thread: Thread[Thread-3093,7,main], id: 3093
02-10 15:37:41.636 30145 30204 D org.thaliproject.p2p.btconnectorlib.DiscoveryManager: updateState finished Current thread: Thread[Thread-3093,7,main], id: 3093
02-10 15:37:41.636 30145 30204 I io.jxcore.node.ConnectionHelper: start: OK
02-10 15:37:41.636 30145 30145 D org.thaliproject.p2p.btconnectorlib.DiscoveryManager: updateState: Current thread: Thread[main,5,main], id: 1
02-10 15:37:41.637 30145 30204 I jxcore-log: 2017-02-10 12:37:41 - DEBUG thaliMobileNativeWrapper: 'discoveryAdvertisingStateUpdateNonTCP: {"discoveryActive":false,"advertisingActive":true}'
02-10 15:37:41.637 30145 30204 I jxcore-log: 
02-10 15:37:41.638 30145 30204 I jxcore-log: 2017-02-10 12:37:41 - INFO thaliMobile: 'Received state ({"discoveryActive":false,"advertisingActive":true}) did not match with target ({"started":false,"listening":false,"advertising":false,"networkType":"BOTH","startArguments":{"router":null,"pskIdToSecret":null,"networkType":null}})'
02-10 15:37:41.638 30145 30204 I jxcore-log: 
02-10 15:37:41.639 30145 30204 I jxcore-log: 2017-02-10 12:37:41 - INFO thaliMobile: 'Filtered out discoveryAdvertisingStateUpdate (was in stopped state).'
02-10 15:37:41.639 30145 30204 I jxcore-log: 
02-10 15:37:41.639 30145 30145 D org.thaliproject.p2p.btconnectorlib.DiscoveryManager: updateStateInternal Current thread: Thread[main,5,main], id: 1
02-10 15:37:41.639 30145 30145 D org.thaliproject.p2p.btconnectorlib.DiscoveryManager: updateStateInternal finished Current thread: Thread[main,5,main], id: 1
02-10 15:37:41.639 30145 30145 D org.thaliproject.p2p.btconnectorlib.DiscoveryManager: updateState finished Current thread: Thread[main,5,main], id: 1
02-10 15:37:41.639 30145 30145 I io.jxcore.node.ConnectionHelper: onDiscoveryManagerStateChanged: State: RUNNING_BLE, is discovering: true, is advertising: true
02-10 15:37:41.641 31626 31643 D BtGatt.GattService: onScanFilterEnableDisabled() - clientIf=6, status=0, action=1
02-10 15:37:41.641 31626 31643 D BtGatt.ScanManager: callback done for clientIf - 6 status - 0
02-10 15:37:41.641 31626 31647 D BtGatt.ScanManager: configureFilterParamter 1500 10000 4 0
02-10 15:37:41.647 31626 31643 D BtGatt.GattService: onScanFilterParamsConfigured() - clientIf=6, status=0, action=0, availableSpace=31
02-10 15:37:41.647 31626 31643 D BtGatt.ScanManager: callback done for clientIf - 6 status - 0
02-10 15:37:41.648 31626 31647 D BtGatt.ScanManager: Starting BLE batch scan
02-10 15:37:41.648 31626 31647 D BtGatt.ScanManager: configuring batch scan storage, appIf 6
02-10 15:37:41.658 31626 31643 D BtGatt.GattService: onBatchScanStorageConfigured() - clientIf=6, status=0
02-10 15:37:41.659 31626 31643 D BtGatt.ScanManager: callback done for clientIf - 6 status - 0
02-10 15:37:41.664 31626 31643 D BtGatt.GattService: onBatchScanStartStopped() - clientIf=6, status=0, startStopAction=1
02-10 15:37:41.665 31626 31643 D BtGatt.ScanManager: callback done for clientIf - 6 status - 0
02-10 15:37:42.030 29971 29971 I ServiceManager: Waiting for service AtCmdFwd...
02-10 15:37:42.140 30145 30145 V io.jxcore.node.ConnectionHelper: Notifying discovery manager state change: is discovering: true, is advertising: true
02-10 15:37:42.140 30145 30145 V io.jxcore.node.StartStopOperation: isTargetState: Connectivity: RUNNING, discovery: RUNNING_BLE, is discovering: true, is advertising: true - Start operation: Should affect listening to advertisements only
02-10 15:37:42.140 30145 30145 D io.jxcore.node.StartStopOperationHandler: processCurrentOperationStatus: Operation successfully executed
02-10 15:37:42.143 30145 30204 I jxcore-log: ok 100 Can call startListeningForAdvertisements without error
02-10 15:37:42.143 30145 30204 I jxcore-log: 
02-10 15:37:42.146 30145 30204 I jxcore-log: 2017-02-10 12:37:42 - DEBUG thaliMobileNativeWrapper: 'discoveryAdvertisingStateUpdateNonTCP: {"discoveryActive":true,"advertisingActive":true}'
02-10 15:37:42.146 30145 30204 I jxcore-log: 
02-10 15:37:42.148 30145 30204 I jxcore-log: 2017-02-10 12:37:42 - INFO thaliMobile: 'Received state ({"discoveryActive":true,"advertisingActive":true}) did not match with target ({"started":false,"listening":false,"advertising":false,"networkType":"BOTH","startArguments":{"router":null,"pskIdToSecret":null,"networkType":null}})'
02-10 15:37:42.148 30145 30204 I jxcore-log: 
02-10 15:37:42.154 30145 30204 I jxcore-log: 2017-02-10 12:37:42 - INFO thaliMobile: 'Filtered out discoveryAdvertisingStateUpdate (was in stopped state).'
02-10 15:37:42.154 30145 30204 I jxcore-log: 
02-10 15:37:43.031 29971 29971 I ServiceManager: Waiting for service AtCmdFwd...
02-10 15:37:44.032 29971 29971 I ServiceManager: Waiting for service AtCmdFwd...
02-10 15:37:45.033 29971 29971 I ServiceManager: Waiting for service AtCmdFwd...
02-10 15:37:46.034 29971 29971 W Atfwd_Sendcmd: AtCmdFwd service not published, waiting... retryCnt : 5
02-10 15:37:46.668 31626 31626 D BtGatt.ScanManager: awakened up at time 5175639626
02-10 15:37:46.669 31626 31647 D BtGatt.ScanManager: flushPendingBatchResults - clientIf = 6
02-10 15:37:46.698 31626 31643 D BtGatt.GattService: onBatchScanReports() - clientIf=6, status=0, reportType=2, numRecords=7
02-10 15:37:46.698 31626 31643 D BtGatt.ScanManager: callback done for clientIf - 6 status - 0
02-10 15:37:46.699 31626 31643 D BtGatt.GattService: current time is 5175639657746534
02-10 15:37:46.699 31626 31643 D BtGatt.GattService: Batch record : [-117, 4, -40, -30, -128, 121, 1, -128, -66, 98, 0, 29, 17, 7, -115, -15, -102, -120, 66, -1, -105, -120, 46, 74, 68, -78, -73, -77, -8, 3, 10, 22, -73, -77, 4, -68, 117, 116, 58, -68, -8, 0, -8, -68, 58, 116, 117, -68, 0, -128, -68, 7, 0, 29, 17, 7, -115, -15, -102, -120, 66, -1, -105, -120, 46, 74, 68, -78, -73, -77, -8, 3, 10, 22, -73, -77, 4, -68, 117, 116, 58, -68, -8, 0, -22, -64, 9, 54, 0, 77, 1, -128, -63, 98, 0, 29, 17, 7, -115, -15, -102, -120, 66, -1, -105, -120, 46, 74, 68, -78, -73, -77, -8, 3, 10, 22, -73, -77, 4, -68, 117, 116, 58, -67, 15, 0, 15, -67, 58, 116, 117, -68, 0, -128, -61, 1, 0, 29, 17, 7, -115, -15, -102, -120, 66, -1, -105, -120, 46, 74, 68, -78, -73, -77, -8, 3, 10, 22, -73, -77, 4, -68, 117, 116, 58, -67, 15, 0, -39, 87, 3, 118, -16, 40, 0, -128, -98, 66, 0, 11, 2, 1, 6, 7, -1, 76, 0, 16, 2, 11, 0, 0, -67, -90, -97, -78, 20, 84, 1, -128, -60, 1, 0, 29, 17, 7, 9, 110, -45, -120, -12, -15, 20, -65, -33, 68, -111, -33, -83, -71, -4, -9, 10, 22, -83, -71, 13, 8, 33, -17, -126, 42, -106, 0, -103, 20, 57, 123, 93, 109, 1, -128, -63, 0, 0, 29, 17, 7, 9, 110, -45, -120, -12, -15, 20, -65, -33, 68, -111, -33, -83, -71, -4, -9, 10, 22, -83, -71, 13, -40, 91, 42, 78, 125, -6, 0]
02-10 15:37:46.699 31626 31643 D BtGatt.GattService: ScanRecord : [17, 7, -115, -15, -102, -120, 66, -1, -105, -120, 46, 74, 68, -78, -73, -77, -8, 3, 10, 22, -73, -77, 4, -68, 117, 116, 58, -68, -8]
02-10 15:37:46.699 31626 31643 D BtGatt.GattService: ScanRecord : [17, 7, -115, -15, -102, -120, 66, -1, -105, -120, 46, 74, 68, -78, -73, -77, -8, 3, 10, 22, -73, -77, 4, -68, 117, 116, 58, -68, -8]
02-10 15:37:46.700 31626 31643 D BtGatt.GattService: ScanRecord : [17, 7, -115, -15, -102, -120, 66, -1, -105, -120, 46, 74, 68, -78, -73, -77, -8, 3, 10, 22, -73, -77, 4, -68, 117, 116, 58, -67, 15]
02-10 15:37:46.700 31626 31643 D BtGatt.GattService: ScanRecord : [17, 7, -115, -15, -102, -120, 66, -1, -105, -120, 46, 74, 68, -78, -73, -77, -8, 3, 10, 22, -73, -77, 4, -68, 117, 116, 58, -67, 15]
02-10 15:37:46.700 31626 31643 D BtGatt.GattService: ScanRecord : [2, 1, 6, 7, -1, 76, 0, 16, 2, 11, 0]
02-10 15:37:46.700 31626 31643 D BtGatt.GattService: ScanRecord : [17, 7, 9, 110, -45, -120, -12, -15, 20, -65, -33, 68, -111, -33, -83, -71, -4, -9, 10, 22, -83, -71, 13, 8, 33, -17, -126, 42, -106]
02-10 15:37:46.700 31626 31643 D BtGatt.GattService: ScanRecord : [17, 7, 9, 110, -45, -120, -12, -15, 20, -65, -33, 68, -111, -33, -83, -71, -4, -9, 10, 22, -83, -71, 13, -40, 91, 42, 78, 125, -6]
02-10 15:37:46.701 30145 30145 D org.thaliproject.p2p.btconnectorlib.internal.bluetooth.le.BleScanner: onBatchScanResults: results count  = 7. Current thread: Thread[main,5,main], id: 1
02-10 15:37:46.702 30145 30145 D org.thaliproject.p2p.btconnectorlib.internal.bluetooth.le.BlePeerDiscoverer: checkScanResult: ScanResult{mDevice=4D:00:36:09:C0:EA, mScanRecord=ScanRecord [mAdvertiseFlags=-1, mServiceUuids=[03f8b3b7-b244-4a2e-8897-ff42889af18d], mManufacturerSpecificData={}, mServiceData={0000b3b7-0000-1000-8000-00805f9b34fb=[4, -68, 117, 116, 58, -67, 15]}, mTxPowerLevel=-2147483648, mDeviceName=null], mRssi=-63, mTimestampNanos=5175634758101795}
02-10 15:37:46.702 30145 30145 D org.thaliproject.p2p.btconnectorlib.internal.bluetooth.le.BlePeerDiscoverer: checkScanResult: parsedAdvertisement: [UUID = null, bluetoothMacAddress = BC:75:74:3A:BD:0F, provideBluetoothMacAddressRequestId = nullextra info = 4]
02-10 15:37:46.702 30145 30145 V org.thaliproject.p2p.btconnectorlib.internal.bluetooth.le.BlePeerDiscoverer: checkScanResult: Resolved advertisement type: ADVERTISEMENT_PEER_PROPERTIES
02-10 15:37:46.702 30145 30145 D org.thaliproject.p2p.btconnectorlib.internal.bluetooth.le.PeerAdvertisementFactory: Parsed advertisment: [UUID = 03f8b3b7-b244-4a2e-8897-ff42889af18d, bluetoothMacAddress = BC:75:74:3A:BD:0F, provideBluetoothMacAddressRequestId = nullextra info = 4]
02-10 15:37:46.702 30145 30145 D org.thaliproject.p2p.btconnectorlib.internal.bluetooth.le.BlePeerDiscoverer: checkScanResult onPeerDiscovered [BC:75:74:3A:BD:0F 4]
02-10 15:37:46.702 30145 30145 D org.thaliproject.p2p.btconnectorlib.internal.bluetooth.le.BlePeerDiscoverer: checkScanResult: ScanResult{mDevice=79:80:E2:D8:04:8B, mScanRecord=ScanRecord [mAdvertiseFlags=-1, mServiceUuids=[03f8b3b7-b244-4a2e-8897-ff42889af18d], mManufacturerSpecificData={}, mServiceData={0000b3b7-0000-1000-8000-00805f9b34fb=[4, -68, 117, 116, 58, -68, -8]}, mTxPowerLevel=-2147483648, mDeviceName=null], mRssi=-66, mTimestampNanos=5175634758101795}
02-10 15:37:46.702 30145 30145 D org.thaliproject.p2p.btconnectorlib.internal.bluetooth.le.BlePeerDiscoverer: checkScanResult: parsedAdvertisement: [UUID = null, bluetoothMacAddress = BC:75:74:3A:BC:F8, provideBluetoothMacAddressRequestId = nullextra info = 4]
02-10 15:37:46.703 30145 30145 V org.thaliproject.p2p.btconnectorlib.internal.bluetooth.le.BlePeerDiscoverer: checkScanResult: Resolved advertisement type: ADVERTISEMENT_PEER_PROPERTIES
02-10 15:37:46.703 30145 30145 D org.thaliproject.p2p.btconnectorlib.internal.bluetooth.le.PeerAdvertisementFactory: Parsed advertisment: [UUID = 03f8b3b7-b244-4a2e-8897-ff42889af18d, bluetoothMacAddress = BC:75:74:3A:BC:F8, provideBluetoothMacAddressRequestId = nullextra info = 4]
02-10 15:37:46.703 30145 30145 D org.thaliproject.p2p.btconnectorlib.internal.bluetooth.le.BlePeerDiscoverer: checkScanResult onPeerDiscovered [BC:75:74:3A:BC:F8 4]
02-10 15:37:46.703 30145 30145 D org.thaliproject.p2p.btconnectorlib.internal.bluetooth.le.BlePeerDiscoverer: checkScanResult: ScanResult{mDevice=28:F0:76:03:57:D9, mScanRecord=ScanRecord [mAdvertiseFlags=6, mServiceUuids=null, mManufacturerSpecificData={76=[16, 2, 11, 0]}, mServiceData={}, mTxPowerLevel=-2147483648, mDeviceName=null], mRssi=-98, mTimestampNanos=5175636358101795}
02-10 15:37:46.703 30145 30145 D org.thaliproject.p2p.btconnectorlib.internal.bluetooth.le.BlePeerDiscoverer: checkScanResult: ScanResult{mDevice=BC:75:74:3A:BC:F8, mScanRecord=ScanRecord [mAdvertiseFlags=-1, mServiceUuids=[03f8b3b7-b244-4a2e-8897-ff42889af18d], mManufacturerSpecificData={}, mServiceData={0000b3b7-0000-1000-8000-00805f9b34fb=[4, -68, 117, 116, 58, -68, -8]}, mTxPowerLevel=-2147483648, mDeviceName=null], mRssi=-68, mTimestampNanos=5175639308101795}
02-10 15:37:46.703 30145 30145 D org.thaliproject.p2p.btconnectorlib.internal.bluetooth.le.BlePeerDiscoverer: checkScanResult: parsedAdvertisement: [UUID = null, bluetoothMacAddress = BC:75:74:3A:BC:F8, provideBluetoothMacAddressRequestId = nullextra info = 4]
02-10 15:37:46.704 30145 30145 V org.thaliproject.p2p.btconnectorlib.internal.bluetooth.le.BlePeerDiscoverer: checkScanResult: Resolved advertisement type: ADVERTISEMENT_PEER_PROPERTIES
02-10 15:37:46.704 30145 30145 D org.thaliproject.p2p.btconnectorlib.internal.bluetooth.le.PeerAdvertisementFactory: Parsed advertisment: [UUID = 03f8b3b7-b244-4a2e-8897-ff42889af18d, bluetoothMacAddress = BC:75:74:3A:BC:F8, provideBluetoothMacAddressRequestId = nullextra info = 4]
02-10 15:37:46.704 30145 30145 D org.thaliproject.p2p.btconnectorlib.internal.bluetooth.le.BlePeerDiscoverer: checkScanResult onPeerDiscovered [BC:75:74:3A:BC:F8 4]
02-10 15:37:46.704 30145 30145 D org.thaliproject.p2p.btconnectorlib.internal.bluetooth.le.BlePeerDiscoverer: checkScanResult: ScanResult{mDevice=BC:75:74:3A:BD:0F, mScanRecord=ScanRecord [mAdvertiseFlags=-1, mServiceUuids=[03f8b3b7-b244-4a2e-8897-ff42889af18d], mManufacturerSpecificData={}, mServiceData={0000b3b7-0000-1000-8000-00805f9b34fb=[4, -68, 117, 116, 58, -67, 15]}, mTxPowerLevel=-2147483648, mDeviceName=null], mRssi=-61, mTimestampNanos=5175639608101795}
02-10 15:37:46.704 30145 30145 D org.thaliproject.p2p.btconnectorlib.internal.bluetooth.le.BlePeerDiscoverer: checkScanResult: parsedAdvertisement: [UUID = null, bluetoothMacAddress = BC:75:74:3A:BD:0F, provideBluetoothMacAddressRequestId = nullextra info = 4]
02-10 15:37:46.704 30145 30145 V org.thaliproject.p2p.btconnectorlib.internal.bluetooth.le.BlePeerDiscoverer: checkScanResult: Resolved advertisement type: ADVERTISEMENT_PEER_PROPERTIES
02-10 15:37:46.704 30145 30145 D org.thaliproject.p2p.btconnectorlib.internal.bluetooth.le.PeerAdvertisementFactory: Parsed advertisment: [UUID = 03f8b3b7-b244-4a2e-8897-ff42889af18d, bluetoothMacAddress = BC:75:74:3A:BD:0F, provideBluetoothMacAddressRequestId = nullextra info = 4]
02-10 15:37:46.704 30145 30145 D org.thaliproject.p2p.btconnectorlib.internal.bluetooth.le.BlePeerDiscoverer: checkScanResult onPeerDiscovered [BC:75:74:3A:BD:0F 4]
02-10 15:37:46.705 30145 30145 D org.thaliproject.p2p.btconnectorlib.internal.bluetooth.le.BlePeerDiscoverer: checkScanResult: ScanResult{mDevice=54:14:B2:9F:A6:BD, mScanRecord=ScanRecord [mAdvertiseFlags=-1, mServiceUuids=[f7fcb9ad-df91-44df-bf14-f1f488d36e09], mManufacturerSpecificData={}, mServiceData={0000b9ad-0000-1000-8000-00805f9b34fb=[13, 8, 33, -17, -126, 42, -106]}, mTxPowerLevel=-2147483648, mDeviceName=null], mRssi=-60, mTimestampNanos=5175639608101795}
02-10 15:37:46.705 30145 30145 D org.thaliproject.p2p.btconnectorlib.internal.bluetooth.le.BlePeerDiscoverer: checkScanResult: parsedAdvertisement: [UUID = null, bluetoothMacAddress = 08:21:EF:82:2A:96, provideBluetoothMacAddressRequestId = nullextra info = 13]
02-10 15:37:46.705 30145 30145 D org.thaliproject.p2p.btconnectorlib.internal.bluetooth.le.BlePeerDiscoverer: checkScanResult: parsedAdvertisement uuid mismatch
02-10 15:37:46.705 30145 30145 D org.thaliproject.p2p.btconnectorlib.internal.bluetooth.le.BlePeerDiscoverer: checkScanResult: ScanResult{mDevice=6D:5D:7B:39:14:99, mScanRecord=ScanRecord [mAdvertiseFlags=-1, mServiceUuids=[f7fcb9ad-df91-44df-bf14-f1f488d36e09], mManufacturerSpecificData={}, mServiceData={0000b9ad-0000-1000-8000-00805f9b34fb=[13, -40, 91, 42, 78, 125, -6]}, mTxPowerLevel=-2147483648, mDeviceName=null], mRssi=-63, mTimestampNanos=5175639658101795}
02-10 15:37:46.705 30145 30145 D org.thaliproject.p2p.btconnectorlib.internal.bluetooth.le.BlePeerDiscoverer: checkScanResult: parsedAdvertisement: [UUID = null, bluetoothMacAddress = D8:5B:2A:4E:7D:FA, provideBluetoothMacAddressRequestId = nullextra info = 13]
02-10 15:37:46.705 30145 30145 D org.thaliproject.p2p.btconnectorlib.internal.bluetooth.le.BlePeerDiscoverer: checkScanResult: parsedAdvertisement uuid mismatch
02-10 15:37:46.705 30145 30145 D org.thaliproject.p2p.btconnectorlib.DiscoveryManager: onPeerDiscovered: [BC:75:74:3A:BD:0F 4]
02-10 15:37:46.706 30145 30145 V org.thaliproject.p2p.btconnectorlib.utils.PeerModel: addOrUpdateDiscoveredPeer: [BC:75:74:3A:BD:0F 4]
02-10 15:37:46.706 30145 30145 D org.thaliproject.p2p.btconnectorlib.utils.PeerModel: Want to call onPeerAdded. Listeners size = 1
02-10 15:37:46.706 30145 30145 D org.thaliproject.p2p.btconnectorlib.DiscoveryManager: onPeerAdded: [BC:75:74:3A:BD:0F 4]
02-10 15:37:46.706 30145 30145 V org.thaliproject.p2p.btconnectorlib.utils.PeerModel: addOrUpdateDiscoveredPeer: New peer, [BC:75:74:3A:BD:0F 4], added - the peer count is 1
02-10 15:37:46.706 30145 30145 D org.thaliproject.p2p.btconnectorlib.DiscoveryManager: onPeerDiscovered: [BC:75:74:3A:BC:F8 4]
02-10 15:37:46.706 30145 30145 V org.thaliproject.p2p.btconnectorlib.utils.PeerModel: addOrUpdateDiscoveredPeer: [BC:75:74:3A:BC:F8 4]
02-10 15:37:46.706 30145 30145 D org.thaliproject.p2p.btconnectorlib.utils.PeerModel: Want to call onPeerAdded. Listeners size = 1
02-10 15:37:46.706 30145 30145 D org.thaliproject.p2p.btconnectorlib.DiscoveryManager: onPeerAdded: [BC:75:74:3A:BC:F8 4]
02-10 15:37:46.706 30145 30145 V org.thaliproject.p2p.btconnectorlib.utils.PeerModel: addOrUpdateDiscoveredPeer: New peer, [BC:75:74:3A:BC:F8 4], added - the peer count is 2
02-10 15:37:46.706 30145 30145 D org.thaliproject.p2p.btconnectorlib.DiscoveryManager: onPeerDiscovered: [BC:75:74:3A:BC:F8 4]
02-10 15:37:46.706 30145 30145 V org.thaliproject.p2p.btconnectorlib.utils.PeerModel: addOrUpdateDiscoveredPeer: [BC:75:74:3A:BC:F8 4]
02-10 15:37:46.706 30145 30145 D org.thaliproject.p2p.btconnectorlib.utils.PeerModel: has more info: false,  extra info differs: false
02-10 15:37:46.706 30145 30145 V org.thaliproject.p2p.btconnectorlib.utils.PeerModel: addOrUpdateDiscoveredPeer: Timestamp of peer [BC:75:74:3A:BC:F8 4] updated - the peer count is 2
02-10 15:37:46.706 30145 30145 D org.thaliproject.p2p.btconnectorlib.DiscoveryManager: onPeerDiscovered: [BC:75:74:3A:BD:0F 4]
02-10 15:37:46.706 30145 30145 V org.thaliproject.p2p.btconnectorlib.utils.PeerModel: addOrUpdateDiscoveredPeer: [BC:75:74:3A:BD:0F 4]
02-10 15:37:46.706 30145 30145 D org.thaliproject.p2p.btconnectorlib.utils.PeerModel: has more info: false,  extra info differs: false
02-10 15:37:46.707 30145 30145 V org.thaliproject.p2p.btconnectorlib.utils.PeerModel: addOrUpdateDiscoveredPeer: Timestamp of peer [BC:75:74:3A:BD:0F 4] updated - the peer count is 2
02-10 15:37:46.707 30145 30145 I io.jxcore.node.ConnectionHelper: onPeerDiscovered: [BC:75:74:3A:BD:0F 4], Bluetooth address: BC:75:74:3A:BD:0F, device name: 'null', device address: 'null'
02-10 15:37:46.707 30145 30145 I io.jxcore.node.ConnectionHelper: onPeerDiscovered: [BC:75:74:3A:BC:F8 4], Bluetooth address: BC:75:74:3A:BC:F8, device name: 'null', device address: 'null'
02-10 15:37:46.708 30145 30204 I jxcore-log: 2017-02-10 12:37:46 - INFO testThaliMobileNative: 'Received peerAvailabilityChanged with peers: [{"peerIdentifier":"BC:75:74:3A:BD:0F","generation":4,"peerAvailable":true}]'
02-10 15:37:46.708 30145 30204 I jxcore-log: 
02-10 15:37:46.713 30145 30204 D io.jxcore.node.JXcoreExtension: connect: BC:75:74:3A:BD:0F
02-10 15:37:46.714 30145 30204 I io.jxcore.node.ConnectionHelper: connect: Trying to connect to peer with ID BC:75:74:3A:BD:0F
02-10 15:37:46.714 30145 30204 I org.thaliproject.p2p.btconnectorlib.ConnectionManager: connect: [BC:75:74:3A:BD:0F 4]
02-10 15:37:46.716 30145 30204 I org.thaliproject.p2p.btconnectorlib.internal.bluetooth.BluetoothConnector: connect: Trying to start connecting to Nexus 6P in address BC:75:74:3A:BD:0F
02-10 15:37:46.717 30145 30204 I org.thaliproject.p2p.btconnectorlib.internal.bluetooth.BluetoothClientThread: setInsecureRfcommSocketPortNumber: Using port -1
02-10 15:37:46.717 30145 30204 I org.thaliproject.p2p.btconnectorlib.internal.bluetooth.BluetoothClientThread: setMaxNumberOfRetries: 0
02-10 15:37:46.718 30145 30204 I org.thaliproject.p2p.btconnectorlib.ConnectionManager: onConnecting: Nexus 6P BC:75:74:3A:BD:0F
02-10 15:37:46.718 30145 30204 D org.thaliproject.p2p.btconnectorlib.internal.bluetooth.BluetoothConnector: connect: Started connecting to Nexus 6P in address BC:75:74:3A:BD:0F
02-10 15:37:46.718 30145 30204 I io.jxcore.node.ConnectionHelper: connect: Connection process successfully started (peer ID: BC:75:74:3A:BD:0F)
02-10 15:37:46.718 30145 30234 I org.thaliproject.p2p.btconnectorlib.internal.bluetooth.BluetoothClientThread: Trying to connect to peer with address BC:75:74:3A:BD:0F (thread ID: 3098)
02-10 15:37:46.718 30145 30234 D org.thaliproject.p2p.btconnectorlib.internal.bluetooth.BluetoothClientThread: tryToConnect:  socketConnectSucceeded = false, mIsShuttingDown = false
02-10 15:37:46.718 30145 30234 D org.thaliproject.p2p.btconnectorlib.internal.bluetooth.BluetoothClientThread:  createSocketAndConnect: socket closed
02-10 15:37:46.718 30145 30234 D org.thaliproject.p2p.btconnectorlib.internal.bluetooth.BluetoothClientThread:  createSocketAndConnect: SYSTEM_DECIDED_INSECURE_RFCOMM_SOCKET_PORT
02-10 15:37:46.719 30145 30234 E org.thaliproject.p2p.btconnectorlib.internal.bluetooth.BluetoothClientThread:  createSocketAndConnect: connecting
02-10 15:37:46.719 30145 30234 W BluetoothAdapter: getBluetoothService() called with no BluetoothManagerCallback
02-10 15:37:46.721 30145 30204 I jxcore-log: 2017-02-10 12:37:46 - INFO testThaliMobileNative: 'Received peerAvailabilityChanged with peers: [{"peerIdentifier":"BC:75:74:3A:BC:F8","generation":4,"peerAvailable":true}]'
02-10 15:37:46.721 30145 30204 I jxcore-log: 
02-10 15:37:47.202 31626 31626 D BtGatt.ScanManager: awakened up at time 5175640161
02-10 15:37:47.206 31626 31647 D BtGatt.ScanManager: flushPendingBatchResults - clientIf = 6
02-10 15:37:47.220 31626 31643 D BtGatt.GattService: onBatchScanReports() - clientIf=6, status=0, reportType=2, numRecords=0
02-10 15:37:47.220 31626 31643 D BtGatt.ScanManager: callback done for clientIf - 6 status - 0
02-10 15:37:47.221 30145 30145 D org.thaliproject.p2p.btconnectorlib.internal.bluetooth.le.BleScanner: onBatchScanResults: results count  = 0. Current thread: Thread[main,5,main], id: 1
02-10 15:37:48.159 31626 31651 W bt_btif : bta_dm_acl_change info: 0x10
02-10 15:37:48.160 31626 31643 D bt_btif_dm: remote version info [bc:75:74:3a:bd:0f]: 0, 0, 0
02-10 15:37:48.162 31626 31643 E BluetoothRemoteDevices: state12newState0
02-10 15:37:48.166 31626 31626 D BtGatt.ScanManager: awakened up at time 5175641124
02-10 15:37:48.173 31626 31647 D BtGatt.ScanManager: flushPendingBatchResults - clientIf = 6
02-10 15:37:48.176 31626 31643 D BtGatt.GattService: onBatchScanReports() - clientIf=6, status=0, reportType=2, numRecords=0
02-10 15:37:48.176 31626 31643 D BtGatt.ScanManager: callback done for clientIf - 6 status - 0
02-10 15:37:48.178 30145 30145 D org.thaliproject.p2p.btconnectorlib.internal.bluetooth.le.BleScanner: onBatchScanResults: results count  = 0. Current thread: Thread[main,5,main], id: 1
02-10 15:37:48.275 31626 31651 W bt_sdp  : process_service_search_attr_rsp
02-10 15:37:48.643 31626 31651 W bt_btif : new conn_srvc id:26, app_id:1
02-10 15:37:48.644 31626 31651 W bt_btif : bta_dm_pm_ssr conn_srvc id:26, app_id:255
02-10 15:37:48.644 31626 31651 W bt_btif : bta_dm_pm_ssr conn_srvc id:26, app_id:1
02-10 15:37:48.644 31626 31651 W bt_btif : bta_dm_pm_ssr:2, lat:1200
02-10 15:37:48.647 30145 30234 I org.thaliproject.p2p.btconnectorlib.internal.bluetooth.BluetoothClientThread:  createSocketAndConnect: connected
02-10 15:37:48.648 30145 30234 I org.thaliproject.p2p.btconnectorlib.internal.bluetooth.BluetoothConnector: onSocketConnected: [BC:75:74:3A:BD:0F 4] (thread ID: 3098)
02-10 15:37:48.649 30145 30234 I org.thaliproject.p2p.btconnectorlib.internal.bluetooth.BluetoothClientThread: Socket connection succeeded (using system decided port), total number of attempts: 1 (thread ID: 3098)
02-10 15:37:48.649 30145 30234 I org.thaliproject.p2p.btconnectorlib.internal.bluetooth.BluetoothClientThread: socketConnectSucceeded true
02-10 15:37:48.651 30145 30234 D org.thaliproject.p2p.btconnectorlib.internal.bluetooth.BluetoothClientThread: Strating handshake
02-10 15:37:48.654 30145 30234 D org.thaliproject.p2p.btconnectorlib.internal.bluetooth.BluetoothClientThread: onBytesWritten: 46 bytes successfully written (thread ID: 3099)
02-10 15:37:48.654 30145 30235 D org.thaliproject.p2p.btconnectorlib.utils.BluetoothSocketIoThread: Entering thread (ID: 3099)
02-10 15:37:48.655 30145 30234 D org.thaliproject.p2p.btconnectorlib.internal.bluetooth.BluetoothClientThread: onBytesWritten: Peer props = [BC:75:74:3A:BD:0F 4]
02-10 15:37:48.656 30145 30234 D org.thaliproject.p2p.btconnectorlib.internal.bluetooth.BluetoothClientThread: Outgoing connection initialized (*handshake* thread ID: 3099)
02-10 15:37:48.656 30145 30234 I org.thaliproject.p2p.btconnectorlib.internal.bluetooth.BluetoothClientThread: Exiting thread (thread ID: 3098)
02-10 15:37:48.914 30145 30235 D org.thaliproject.p2p.btconnectorlib.internal.bluetooth.BluetoothClientThread: onBytesRead: Read 46 bytes successfully (thread ID: 3099)
02-10 15:37:48.914 30145 30235 D org.thaliproject.p2p.btconnectorlib.internal.bluetooth.BluetoothClientThread: onBytesWritten: Peer props = [BC:75:74:3A:BD:0F 4]
02-10 15:37:48.916 30145 30235 I org.thaliproject.p2p.btconnectorlib.internal.bluetooth.BluetoothClientThread: Handshake succeeded with [BC:75:74:3A:BD:0F 4]
02-10 15:37:48.916 30145 30235 I org.thaliproject.p2p.btconnectorlib.internal.bluetooth.BluetoothConnector: onHandshakeSucceeded: [BC:75:74:3A:BD:0F 4] (thread ID: 3098)
02-10 15:37:48.917 30145 30235 I org.thaliproject.p2p.btconnectorlib.internal.bluetooth.BluetoothConnector: handleSuccessfulClientThread: [BC:75:74:3A:BD:0F 4] (thread ID: 3098)
02-10 15:37:48.918 30145 30235 D org.thaliproject.p2p.btconnectorlib.utils.BluetoothSocketIoThread: Exiting thread (ID: 3099)
02-10 15:37:48.918 30145 30145 D org.thaliproject.p2p.btconnectorlib.internal.bluetooth.BluetoothConnector: handleSuccessfulClientThread run. Current thread: Thread[main,5,main], id: 1
02-10 15:37:48.919 30145 30145 D org.thaliproject.p2p.btconnectorlib.internal.bluetooth.BluetoothConnector: onConnected run. Current thread: Thread[main,5,main], id: 1
02-10 15:37:48.919 30145 30145 I org.thaliproject.p2p.btconnectorlib.ConnectionManager: onConnected: [BC:75:74:3A:BD:0F 4]
02-10 15:37:48.921 30145 30145 I org.thaliproject.p2p.btconnectorlib.ConnectionManager: onConnected run: [BC:75:74:3A:BD:0F 4]. Current thread: Thread[main,5,main], id: 1
02-10 15:37:48.921 30145 30145 I io.jxcore.node.ConnectionHelper: onConnected: Outgoing connection to peer [BC:75:74:3A:BD:0F 4]
02-10 15:37:48.924 30145 30145 I io.jxcore.node.ConnectionHelper: lowerBleDiscoveryPowerAndStartResetTimer: Lowering the power settings
02-10 15:37:48.925 30145 30145 I org.thaliproject.p2p.btconnectorlib.DiscoveryManagerSettings: setAdvertiseScanModeAndTxPowerLevel: Advertise mode: 2 -> 0
02-10 15:37:48.925 30145 30145 I org.thaliproject.p2p.btconnectorlib.DiscoveryManagerSettings: setAdvertiseScanModeAndTxPowerLevel: Advertise TX power level: 3 -> 1
02-10 15:37:48.925 30145 30145 I org.thaliproject.p2p.btconnectorlib.DiscoveryManagerSettings: setAdvertiseScanModeAndTxPowerLevel: Scan mode: 2 -> 0
02-10 15:37:48.926 30145 30145 D org.thaliproject.p2p.btconnectorlib.DiscoveryManager: onAdvertiseScanSettingsChanged: Current thread: Thread[main,5,main], id: 1
02-10 15:37:48.926 30145 30145 I org.thaliproject.p2p.btconnectorlib.internal.bluetooth.le.BlePeerDiscoverer: applySettings:
02-10 15:37:48.926 30145 30145 I org.thaliproject.p2p.btconnectorlib.internal.bluetooth.le.BlePeerDiscoverer:     - Manufacturer ID: 36667
02-10 15:37:48.926 30145 30145 I org.thaliproject.p2p.btconnectorlib.internal.bluetooth.le.BlePeerDiscoverer:     - Beacon ad length and type: 533
02-10 15:37:48.926 30145 30145 I org.thaliproject.p2p.btconnectorlib.internal.bluetooth.le.BlePeerDiscoverer:     - Beacon ad extra information: 4
02-10 15:37:48.926 30145 30145 I org.thaliproject.p2p.btconnectorlib.internal.bluetooth.le.BlePeerDiscoverer:     - Advertisement data type: DO_NOT_CARE
02-10 15:37:48.926 30145 30145 I org.thaliproject.p2p.btconnectorlib.internal.bluetooth.le.BlePeerDiscoverer:     - Advertise mode: 0
02-10 15:37:48.926 30145 30145 I org.thaliproject.p2p.btconnectorlib.internal.bluetooth.le.BlePeerDiscoverer:     - Advertise TX power level: 1
02-10 15:37:48.926 30145 30145 I org.thaliproject.p2p.btconnectorlib.internal.bluetooth.le.BlePeerDiscoverer:     - Scan mode: 0
02-10 15:37:48.926 30145 30145 I org.thaliproject.p2p.btconnectorlib.internal.bluetooth.le.BlePeerDiscoverer:     - Scan report delay in milliseconds: 500
02-10 15:37:48.926 30145 30145 I org.thaliproject.p2p.btconnectorlib.internal.bluetooth.le.BlePeerDiscoverer:     - Current thread: Thread[main,5,main], id: 1
02-10 15:37:48.926 30145 30145 D org.thaliproject.p2p.btconnectorlib.internal.bluetooth.le.BlePeerDiscoverer: Beacon extra: 4
02-10 15:37:48.926 30145 30145 D org.thaliproject.p2p.btconnectorlib.internal.bluetooth.le.BlePeerDiscoverer: applySettings: advertiserWasStarted true Current thread: Thread[main,5,main], id: 1
02-10 15:37:48.927 30145 30145 D org.thaliproject.p2p.btconnectorlib.internal.bluetooth.le.BlePeerDiscoverer: applySettings: stop advertiser Current thread: Thread[main,5,main], id: 1
02-10 15:37:48.927 30145 30145 D org.thaliproject.p2p.btconnectorlib.internal.bluetooth.le.BleAdvertiser: stop. Current thread: Thread[main,5,main], id: 1
02-10 15:37:48.929 31626 31646 D BtGatt.AdvertiseManager: message : 1
02-10 15:37:48.930 31626 31646 D BtGatt.AdvertiseManager: stop advertise for client 5
02-10 15:37:48.934 31626 31643 D BtGatt.GattService: onAdvertiseInstanceDisabled() - clientIf=5, status=0
02-10 15:37:48.935 31626 31643 D BtGatt.GattService: Client app is not null!
02-10 15:37:48.937 31626 31658 D BtGatt.GattService: unregisterClient() - clientIf=5
02-10 15:37:48.937 30145 30145 D org.thaliproject.p2p.btconnectorlib.internal.bluetooth.le.BleAdvertiser: stop: Stopped
02-10 15:37:48.938 30145 30145 D org.thaliproject.p2p.btconnectorlib.internal.bluetooth.le.BleAdvertiser: setState: current  = RUNNING, new = NOT_STARTEDCurrent thread: Thread[main,5,main], id: 1
02-10 15:37:48.938 30145 30145 D org.thaliproject.p2p.btconnectorlib.internal.bluetooth.le.BleAdvertiser: setState: State changed from RUNNING to NOT_STARTED
02-10 15:37:48.938 30145 30145 D org.thaliproject.p2p.btconnectorlib.internal.bluetooth.le.BleAdvertiser: setState: finished Current thread: Thread[main,5,main], id: 1
02-10 15:37:48.938 30145 30145 D org.thaliproject.p2p.btconnectorlib.internal.bluetooth.le.BleAdvertiser: stop finished. Current thread: Thread[main,5,main], id: 1
02-10 15:37:48.938 30145 30145 D org.thaliproject.p2p.btconnectorlib.internal.bluetooth.le.BleAdvertiser: setAdvertiseSettings, Current thread: Thread[main,5,main], id: 1
02-10 15:37:48.938 30145 30145 I org.thaliproject.p2p.btconnectorlib.internal.bluetooth.le.BleAdvertiser: setAdvertiseSettings: Mode: 0, Tx power level: 1, timeout: 0, is connectable: false
02-10 15:37:48.939 30145 30145 D org.thaliproject.p2p.btconnectorlib.internal.bluetooth.le.BlePeerDiscoverer: applySettings: start advertiser Current thread: Thread[main,5,main], id: 1
02-10 15:37:48.939 30145 30145 D org.thaliproject.p2p.btconnectorlib.internal.bluetooth.le.BlePeerDiscoverer: startAdvertiser: Current thread: Thread[main,5,main], id: 1
02-10 15:37:48.939 30145 30145 D org.thaliproject.p2p.btconnectorlib.internal.bluetooth.le.BlePeerDiscoverer: stopPeerAddressHelperAdvertiser Current thread: Thread[main,5,main], id: 1
02-10 15:37:48.939 30145 30145 I org.thaliproject.p2p.btconnectorlib.internal.bluetooth.le.BlePeerDiscoverer: startAdvertiser: Starting...
02-10 15:37:48.939 30145 30145 D org.thaliproject.p2p.btconnectorlib.internal.bluetooth.le.BlePeerDiscoverer: createAdvertiseData: createAdvertiseDataToServiceData 
02-10 15:37:48.939 30145 30145 I org.thaliproject.p2p.btconnectorlib.internal.bluetooth.le.PeerAdvertisementFactory: createAdvertiseDataToServiceData: Service UUID: "03f8b3b7-b244-4a2e-8897-ff42889af18d", Bluetooth MAC address: "24:00:BA:F9:9A:9F"
02-10 15:37:48.939 30145 30145 V org.thaliproject.p2p.btconnectorlib.internal.bluetooth.le.PeerAdvertisementFactory: createAdvertiseDataToServiceData: Service data (length is 7 bytes): 04 24 00 BA F9 9A 9F
02-10 15:37:48.940 30145 30145 V org.thaliproject.p2p.btconnectorlib.internal.bluetooth.le.PeerAdvertisementFactory: createAdvertiseDataToServiceData: Created: AdvertiseData [mServiceUuids=[03f8b3b7-b244-4a2e-8897-ff42889af18d], mManufacturerSpecificData={}, mServiceData={03f8b3b7-b244-4a2e-8897-ff42889af18d=[4, 36, 0, -70, -7, -102, -97]}, mIncludeTxPowerLevel=false, mIncludeDeviceName=false]
02-10 15:37:48.940 30145 30145 I org.thaliproject.p2p.btconnectorlib.internal.bluetooth.le.BlePeerDiscoverer: createAdvertiseData: created AdvertiseData [mServiceUuids=[03f8b3b7-b244-4a2e-8897-ff42889af18d], mManufacturerSpecificData={}, mServiceData={03f8b3b7-b244-4a2e-8897-ff42889af18d=[4, 36, 0, -70, -7, -102, -97]}, mIncludeTxPowerLevel=false, mIncludeDeviceName=false]
02-10 15:37:48.940 30145 30145 D org.thaliproject.p2p.btconnectorlib.internal.bluetooth.le.BleAdvertiser: setAdvertiseData: Current thread: Thread[main,5,main], id: 1
