02-10 16:48:00.425 13627 13695 I jxcore-log: 2017-02-10 13:48:00 - DEBUG thaliMobileNativeWrapper: 'discoveryAdvertisingStateUpdateNonTCP: {"discoveryActive":false,"advertisingActive":false}'
02-10 16:48:00.425 13627 13695 I jxcore-log: 
02-10 16:48:00.425 13627 13695 I jxcore-log: 2017-02-10 13:48:00 - INFO thaliMobile: 'Filtered out discoveryAdvertisingStateUpdate (was in stopped state).'
02-10 16:48:00.425 13627 13695 I jxcore-log: 
02-10 16:48:00.425 13627 13695 I jxcore-log: ok 72 Should be able to call stopAdvertisingAndListening in teardown
02-10 16:48:00.425 13627 13695 I jxcore-log: 
02-10 16:48:00.435 13627 13695 I jxcore-log: 2017-02-10 13:48:00 - DEBUG thaliMobileNativeWrapper: 'Method peerAvailabilityChanged registered to native'
02-10 16:48:00.435 13627 13695 I jxcore-log: 
02-10 16:48:00.435 13627 13695 I jxcore-log: 2017-02-10 13:48:00 - DEBUG thaliMobileNativeWrapper: 'Method discoveryAdvertisingStateUpdateNonTCP registered to native'
02-10 16:48:00.435 13627 13695 I jxcore-log: 
02-10 16:48:00.445 13627 13695 I jxcore-log: 2017-02-10 13:48:00 - DEBUG thaliMobileNativeWrapper: 'Method multiConnectResolved registered to native'
02-10 16:48:00.445 13627 13695 I jxcore-log: 
02-10 16:48:00.455 13627 13695 D BluetoothAdapter: STATE_ON
02-10 16:48:00.455 13627 13695 V io.jxcore.node.ConnectivityMonitor: updateConnectivityInfo: FORCED notification:
02-10 16:48:00.455 13627 13695 V io.jxcore.node.ConnectivityMonitor:     - is Wi-Fi Direct supported: true
02-10 16:48:00.455 13627 13695 V io.jxcore.node.ConnectivityMonitor:     - is Bluetooth LE multiple advertisement supported: SUPPORTED
02-10 16:48:00.455 13627 13695 V io.jxcore.node.ConnectivityMonitor:     - is Wi-Fi enabled: true
02-10 16:48:00.455 13627 13695 V io.jxcore.node.ConnectivityMonitor:     - is Bluetooth enabled: true
02-10 16:48:00.455 13627 13695 V io.jxcore.node.ConnectivityMonitor:     - BSSID name: 70:cd:60:ff:5a:07
02-10 16:48:00.455 13627 13695 V io.jxcore.node.ConnectivityMonitor:     - SSID name: "T"
02-10 16:48:00.455 13627 13695 V io.jxcore.node.ConnectivityMonitor:     - is connected/connecting to active network: true
02-10 16:48:00.455 13627 13695 V io.jxcore.node.ConnectivityMonitor:     - active network type is Wi-Fi: true
02-10 16:48:00.465 13627 13695 D BluetoothAdapter: STATE_ON
02-10 16:48:00.465 13627 13695 D io.jxcore.node.JXcoreExtension: notifyNetworkChanged: BLE: ON, Bluetooth: ON, Wi-Fi: ON, cellular: DO_NOT_CARE, BSSID name: 70:cd:60:ff:5a:07, SSID name: "T"
02-10 16:48:00.465 13627 13695 I jxcore-log: 2017-02-10 13:48:00 - DEBUG thaliMobileNativeWrapper: 'Method networkChanged registered to native'
02-10 16:48:00.465 13627 13695 I jxcore-log: 
02-10 16:48:00.475 13627 13695 I jxcore-log: 2017-02-10 13:48:00 - DEBUG thaliMobileNativeWrapper: 'Method multiConnectConnectionFailure registered to native'
02-10 16:48:00.475 13627 13695 I jxcore-log: 
02-10 16:48:00.475 13627 13695 I jxcore-log: 2017-02-10 13:48:00 - DEBUG thaliMobileNativeWrapper: 'Method incomingConnectionToPortNumberFailed registered to native'
02-10 16:48:00.475 13627 13695 I jxcore-log: 
02-10 16:48:00.485 13627 13695 I jxcore-log: # setup
02-10 16:48:00.485 13627 13695 I jxcore-log: 
02-10 16:48:00.485 13627 13695 I jxcore-log: 2017-02-10 13:48:00 - DEBUG thaliMobileNativeWrapper: 'networkChanged: {"bluetoothLowEnergy":"on","bluetooth":"on","wifi":"on","cellular":"doNotCare","bssidName":"70:cd:60:ff:5a:07","ssidName":"T"}'
02-10 16:48:00.485 13627 13695 I jxcore-log: 
02-10 16:48:00.485 13627 13695 I jxcore-log: 2017-02-10 13:48:00 - INFO thaliMobile: 'Filtered out networkChangedNonTCP (was in stopped state).'
02-10 16:48:00.485 13627 13695 I jxcore-log: 
02-10 16:48:00.665 13627 13695 I jxcore-log: # Calling stopListeningForAdvertisements without calling start is NOT an error
02-10 16:48:00.665 13627 13695 I jxcore-log: 
02-10 16:48:01.725 13627 13695 D io.jxcore.node.JXcoreExtension: stopListeningForAdvertisements
02-10 16:48:01.725 13627 13695 I io.jxcore.node.ConnectionHelper: stop: Stopping only listening for advertisements
02-10 16:48:01.725 13627 13695 V io.jxcore.node.StartStopOperation: isTargetState: Connectivity: NOT_STARTED, discovery: NOT_STARTED, is discovering: false, is advertising: false - Stop operation: Should affect listening to advertisements only
02-10 16:48:01.725 13627 13695 V io.jxcore.node.StartStopOperationHandler: executeCurrentOperation: The current state already matches the desired outcome of this operation, skipping...
02-10 16:48:01.725 13627 13695 I jxcore-log: ok 73 Can call stopListeningForAdvertisements without error
02-10 16:48:01.725 13627 13695 I jxcore-log: 
02-10 16:48:01.725 13627 13695 D io.jxcore.node.JXcoreExtension: stopListeningForAdvertisements
02-10 16:48:01.725 13627 13695 I io.jxcore.node.ConnectionHelper: stop: Stopping only listening for advertisements
02-10 16:48:01.725 13627 13695 V io.jxcore.node.StartStopOperation: isTargetState: Connectivity: NOT_STARTED, discovery: NOT_STARTED, is discovering: false, is advertising: false - Stop operation: Should affect listening to advertisements only
02-10 16:48:01.725 13627 13695 V io.jxcore.node.StartStopOperationHandler: executeCurrentOperation: The current state already matches the desired outcome of this operation, skipping...
02-10 16:48:01.735 13627 13695 I jxcore-log: ok 74 Can call stopListeningForAdvertisements without error
02-10 16:48:01.735 13627 13695 I jxcore-log: 
02-10 16:48:01.735 13627 13695 I jxcore-log: # teardown
02-10 16:48:01.735 13627 13695 I jxcore-log: 
02-10 16:48:01.755 13627 13695 D io.jxcore.node.JXcoreExtension: stopListeningForAdvertisements
02-10 16:48:01.755 13627 13695 I io.jxcore.node.ConnectionHelper: stop: Stopping only listening for advertisements
02-10 16:48:01.755 13627 13695 V io.jxcore.node.StartStopOperation: isTargetState: Connectivity: NOT_STARTED, discovery: NOT_STARTED, is discovering: false, is advertising: false - Stop operation: Should affect listening to advertisements only
02-10 16:48:01.755 13627 13695 V io.jxcore.node.StartStopOperationHandler: executeCurrentOperation: The current state already matches the desired outcome of this operation, skipping...
02-10 16:48:01.755 13627 13695 I jxcore-log: ok 75 Should be able to call stopListeningForAdvertisements in teardown
02-10 16:48:01.755 13627 13695 I jxcore-log: 
02-10 16:48:01.755 13627 13695 D io.jxcore.node.JXcoreExtension: stopAdvertisingAndListening
02-10 16:48:01.755 13627 13695 I io.jxcore.node.ConnectionHelper: stop: Stopping all activities and killing connections
02-10 16:48:01.755 13627 13695 V io.jxcore.node.StartStopOperation: isTargetState: Connectivity: NOT_STARTED, discovery: NOT_STARTED, is discovering: false, is advertising: false - Stop operation: Should start/stop everything
02-10 16:48:01.755 13627 13695 V io.jxcore.node.StartStopOperationHandler: executeCurrentOperation: The current state already matches the desired outcome of this operation, skipping...
02-10 16:48:01.765 13627 13695 I jxcore-log: ok 76 Should be able to call stopAdvertisingAndListening in teardown
02-10 16:48:01.765 13627 13695 I jxcore-log: 
02-10 16:48:01.765 13627 13695 I jxcore-log: 2017-02-10 13:48:01 - DEBUG thaliMobileNativeWrapper: 'Method peerAvailabilityChanged registered to native'
02-10 16:48:01.765 13627 13695 I jxcore-log: 
02-10 16:48:01.765 13627 13695 I jxcore-log: 2017-02-10 13:48:01 - DEBUG thaliMobileNativeWrapper: 'Method discoveryAdvertisingStateUpdateNonTCP registered to native'
02-10 16:48:01.765 13627 13695 I jxcore-log: 
02-10 16:48:01.765 13627 13695 I jxcore-log: 2017-02-10 13:48:01 - DEBUG thaliMobileNativeWrapper: 'Method multiConnectResolved registered to native'
02-10 16:48:01.765 13627 13695 I jxcore-log: 
02-10 16:48:01.775 13627 13695 D BluetoothAdapter: STATE_ON
02-10 16:48:01.785 13627 13695 V io.jxcore.node.ConnectivityMonitor: updateConnectivityInfo: FORCED notification:
02-10 16:48:01.785 13627 13695 V io.jxcore.node.ConnectivityMonitor:     - is Wi-Fi Direct supported: true
02-10 16:48:01.785 13627 13695 V io.jxcore.node.ConnectivityMonitor:     - is Bluetooth LE multiple advertisement supported: SUPPORTED
02-10 16:48:01.785 13627 13695 V io.jxcore.node.ConnectivityMonitor:     - is Wi-Fi enabled: true
02-10 16:48:01.785 13627 13695 V io.jxcore.node.ConnectivityMonitor:     - is Bluetooth enabled: true
02-10 16:48:01.785 13627 13695 V io.jxcore.node.ConnectivityMonitor:     - BSSID name: 70:cd:60:ff:5a:07
02-10 16:48:01.785 13627 13695 V io.jxcore.node.ConnectivityMonitor:     - SSID name: "T"
02-10 16:48:01.785 13627 13695 V io.jxcore.node.ConnectivityMonitor:     - is connected/connecting to active network: true
02-10 16:48:01.785 13627 13695 V io.jxcore.node.ConnectivityMonitor:     - active network type is Wi-Fi: true
02-10 16:48:01.785 13627 13695 D BluetoothAdapter: STATE_ON
02-10 16:48:01.785 13627 13695 D io.jxcore.node.JXcoreExtension: notifyNetworkChanged: BLE: ON, Bluetooth: ON, Wi-Fi: ON, cellular: DO_NOT_CARE, BSSID name: 70:cd:60:ff:5a:07, SSID name: "T"
02-10 16:48:01.785 13627 13695 I jxcore-log: 2017-02-10 13:48:01 - DEBUG thaliMobileNativeWrapper: 'Method networkChanged registered to native'
02-10 16:48:01.785 13627 13695 I jxcore-log: 
02-10 16:48:01.795 13627 13695 I jxcore-log: 2017-02-10 13:48:01 - DEBUG thaliMobileNativeWrapper: 'Method multiConnectConnectionFailure registered to native'
02-10 16:48:01.795 13627 13695 I jxcore-log: 
02-10 16:48:01.795 13627 13695 I jxcore-log: 2017-02-10 13:48:01 - DEBUG thaliMobileNativeWrapper: 'Method incomingConnectionToPortNumberFailed registered to native'
02-10 16:48:01.795 13627 13695 I jxcore-log: 
02-10 16:48:01.805 13627 13695 I jxcore-log: # setup
02-10 16:48:01.805 13627 13695 I jxcore-log: 
02-10 16:48:01.805 13627 13695 I jxcore-log: 2017-02-10 13:48:01 - DEBUG thaliMobileNativeWrapper: 'networkChanged: {"bluetoothLowEnergy":"on","bluetooth":"on","wifi":"on","cellular":"doNotCare","bssidName":"70:cd:60:ff:5a:07","ssidName":"T"}'
02-10 16:48:01.805 13627 13695 I jxcore-log: 
02-10 16:48:01.805 13627 13695 I jxcore-log: 2017-02-10 13:48:01 - INFO thaliMobile: 'Filtered out networkChangedNonTCP (was in stopped state).'
02-10 16:48:01.805 13627 13695 I jxcore-log: 
02-10 16:48:01.945 13627 13695 I jxcore-log: # Can call start/stopUpdateAdvertisingAndListening
02-10 16:48:01.945 13627 13695 I jxcore-log: 
02-10 16:48:03.055 13627 13695 D io.jxcore.node.JXcoreExtension: startUpdateAdvertisingAndListening
02-10 16:48:03.055 13627 13695 D BluetoothAdapter: STATE_ON
02-10 16:48:03.065 13627 13695 I io.jxcore.node.ConnectionHelper: start: Port number: 4242, start advertisements: true
02-10 16:48:03.065 13627 13695 V io.jxcore.node.ConnectivityMonitor: start: Already started
02-10 16:48:03.065 13627 13695 I io.jxcore.node.StartStopOperationHandler: updateBeaconAdExtraInformation: New value: 0
02-10 16:48:03.065 13627 13695 I org.thaliproject.p2p.btconnectorlib.DiscoveryManagerSettings: setBeaconAdExtraInformation: 256 -> 0
02-10 16:48:03.065 13627 13695 I org.thaliproject.p2p.btconnectorlib.internal.AbstractBluetoothConnectivityAgent: clearIdentityString
02-10 16:48:03.065 13627 13695 I org.thaliproject.p2p.btconnectorlib.internal.AbstractBluetoothConnectivityAgent: verifyIdentityString: Identity string created: {"generation":0,"address":"D8:5B:2A:4E:7D:FA"}
02-10 16:48:03.065 13627 13695 D org.thaliproject.p2p.btconnectorlib.internal.bluetooth.BluetoothConnector: setIdentityString: {"generation":0,"address":"D8:5B:2A:4E:7D:FA"}
02-10 16:48:03.065 13627 13695 D org.thaliproject.p2p.btconnectorlib.DiscoveryManager: onAdvertiseScanSettingsChanged: Current thread: Thread[Thread-3482,7,main], id: 3482
02-10 16:48:03.065 13627 13695 I org.thaliproject.p2p.btconnectorlib.internal.AbstractBluetoothConnectivityAgent: clearIdentityString
02-10 16:48:03.075 13627 13695 I org.thaliproject.p2p.btconnectorlib.internal.AbstractBluetoothConnectivityAgent: verifyIdentityString: Identity string created: {"generation":0,"address":"D8:5B:2A:4E:7D:FA"}
02-10 16:48:03.075 13627 13695 D org.thaliproject.p2p.btconnectorlib.internal.bluetooth.BluetoothConnector: setIdentityString: {"generation":0,"address":"D8:5B:2A:4E:7D:FA"}
02-10 16:48:03.075 13627 13695 D org.thaliproject.p2p.btconnectorlib.DiscoveryManager: onAdvertiseScanSettingsChanged: Current thread: Thread[Thread-3482,7,main], id: 3482
02-10 16:48:03.075 13627 13695 I org.thaliproject.p2p.btconnectorlib.internal.AbstractBluetoothConnectivityAgent: clearIdentityString
02-10 16:48:03.075 13627 13695 I org.thaliproject.p2p.btconnectorlib.internal.AbstractBluetoothConnectivityAgent: verifyIdentityString: Identity string created: {"generation":0,"address":"D8:5B:2A:4E:7D:FA"}
02-10 16:48:03.075 13627 13695 D org.thaliproject.p2p.btconnectorlib.internal.bluetooth.BluetoothConnector: setIdentityString: {"generation":0,"address":"D8:5B:2A:4E:7D:FA"}
02-10 16:48:03.075 13627 13695 D org.thaliproject.p2p.btconnectorlib.DiscoveryManager: onAdvertiseScanSettingsChanged: Current thread: Thread[Thread-3482,7,main], id: 3482
02-10 16:48:03.075 13627 13695 V io.jxcore.node.StartStopOperation: isTargetState: Connectivity: NOT_STARTED, discovery: NOT_STARTED, is discovering: false, is advertising: false - Start operation: Should start/stop everything
02-10 16:48:03.075 13627 13695 V io.jxcore.node.StartStopOperationHandler: executeCurrentOperation: Executing: Start operation: Should start/stop everything
02-10 16:48:03.075 13627 13695 D org.thaliproject.p2p.btconnectorlib.ConnectionManager: startListeningForIncomingConnections
02-10 16:48:03.085 13627 13695 I org.thaliproject.p2p.btconnectorlib.internal.bluetooth.BluetoothManager: bind: Binding a new listener
02-10 16:48:03.085 13627 13695 I org.thaliproject.p2p.btconnectorlib.internal.bluetooth.BluetoothConnector: startListeningForIncomingConnections: Starting...
02-10 16:48:03.085 13627 13695 D org.thaliproject.p2p.btconnectorlib.ConnectionManager: onIsServerStartedChanged: true
02-10 16:48:03.085 13627 13695 D org.thaliproject.p2p.btconnectorlib.ConnectionManager: updateState: mShouldBeStarted :  true, mIsServerStarted:  true
02-10 16:48:03.085 13627 13695 D org.thaliproject.p2p.btconnectorlib.ConnectionManager: setState: NOT_STARTED -> RUNNING
02-10 16:48:03.085 13627 13805 D org.thaliproject.p2p.btconnectorlib.internal.bluetooth.BluetoothServerThread: Entering thread
02-10 16:48:03.085 13627 13695 I org.thaliproject.p2p.btconnectorlib.ConnectionManager: startListeningForIncomingConnections: OK
02-10 16:48:03.085 13627 13695 I org.thaliproject.p2p.btconnectorlib.DiscoveryManager: start: Discovery mode: BLE, start discovery: false, start advertiser: true
02-10 16:48:03.085 13627 13627 I io.jxcore.node.ConnectionHelper: onConnectionManagerStateChanged: RUNNING
02-10 16:48:03.085 13627 13695 I org.thaliproject.p2p.btconnectorlib.internal.bluetooth.BluetoothManager: bind: Binding a new listener
02-10 16:48:03.085 13627 13695 I org.thaliproject.p2p.btconnectorlib.internal.wifi.WifiDirectManager: bind: Binding a new listener
02-10 16:48:03.095 13627 13805 D BluetoothSocket: bindListen(): myUserId = 0
02-10 16:48:03.095 13627 13805 W BluetoothAdapter: getBluetoothService() called with no BluetoothManagerCallback
02-10 16:48:03.095 13627 13695 D org.thaliproject.p2p.btconnectorlib.DiscoveryManager: startBlePeerDiscoverer
02-10 16:48:03.095 13627 13695 V io.jxcore.node.ConnectionHelper: Received a request for permission "android.permission.ACCESS_COARSE_LOCATION", but we are expecting that all the required permissions have already been granted
02-10 16:48:03.095 13627 13695 V org.thaliproject.p2p.btconnectorlib.DiscoveryManager: getBlePeerDiscovererInstanceAndCheckBluetoothMacAddress: Constructing...
02-10 16:48:03.095 13627 13695 D BluetoothAdapter: STATE_ON
02-10 16:48:03.095 13627 13805 I org.thaliproject.p2p.btconnectorlib.internal.bluetooth.BluetoothServerThread: Waiting for incoming connections...
02-10 16:48:03.105 13627 13695 D BluetoothAdapter: STATE_ON
02-10 16:48:03.105 13627 13695 D BluetoothAdapter: STATE_ON
02-10 16:48:03.105 13627 13695 D org.thaliproject.p2p.btconnectorlib.internal.bluetooth.le.BleAdvertiser: setAdvertiseSettings, Current thread: Thread[Thread-3482,7,main], id: 3482
02-10 16:48:03.105 13627 13695 I org.thaliproject.p2p.btconnectorlib.internal.bluetooth.le.BleAdvertiser: setAdvertiseSettings: Mode: 2, Tx power level: 3, timeout: 0, is connectable: false
02-10 16:48:03.105 13627 13695 D BluetoothAdapter: STATE_ON
02-10 16:48:03.105 13627 13695 D BluetoothAdapter: STATE_ON
02-10 16:48:03.105 13627 13695 D org.thaliproject.p2p.btconnectorlib.internal.bluetooth.le.BleScanner: applyAdditionalMarshmallowSettings
02-10 16:48:03.105 13627 13695 I org.thaliproject.p2p.btconnectorlib.internal.bluetooth.le.BleScanner: setScanSettings: Mode: 2, report delay in milliseconds: 500, scan result type: 0
02-10 16:48:03.105 13627 13695 D org.thaliproject.p2p.btconnectorlib.internal.bluetooth.le.BlePeerDiscoverer: Beacon extra: 0
02-10 16:48:03.115 13627 13695 D BluetoothAdapter: STATE_ON
02-10 16:48:03.115 13627 13695 D org.thaliproject.p2p.btconnectorlib.internal.bluetooth.le.BlePeerDiscoverer: startAdvertiser: Current thread: Thread[Thread-3482,7,main], id: 3482
02-10 16:48:03.115 13627 13695 D org.thaliproject.p2p.btconnectorlib.internal.bluetooth.le.BlePeerDiscoverer: stopPeerAddressHelperAdvertiser Current thread: Thread[Thread-3482,7,main], id: 3482
02-10 16:48:03.115 13627 13695 I org.thaliproject.p2p.btconnectorlib.internal.bluetooth.le.BlePeerDiscoverer: startAdvertiser: Starting...
02-10 16:48:03.115 13627 13695 D org.thaliproject.p2p.btconnectorlib.internal.bluetooth.le.BlePeerDiscoverer: createAdvertiseData: createAdvertiseDataToServiceData 
02-10 16:48:03.115 13627 13695 I org.thaliproject.p2p.btconnectorlib.internal.bluetooth.le.PeerAdvertisementFactory: createAdvertiseDataToServiceData: Service UUID: "f7fcb9ad-df91-44df-bf14-f1f488d36e09", Bluetooth MAC address: "D8:5B:2A:4E:7D:FA"
02-10 16:48:03.115 13627 13695 V org.thaliproject.p2p.btconnectorlib.internal.bluetooth.le.PeerAdvertisementFactory: createAdvertiseDataToServiceData: Service data (length is 7 bytes): 00 D8 5B 2A 4E 7D FA
02-10 16:48:03.115 13627 13695 V org.thaliproject.p2p.btconnectorlib.internal.bluetooth.le.PeerAdvertisementFactory: createAdvertiseDataToServiceData: Created: AdvertiseData [mServiceUuids=[f7fcb9ad-df91-44df-bf14-f1f488d36e09], mManufacturerSpecificData={}, mServiceData={f7fcb9ad-df91-44df-bf14-f1f488d36e09=[0, -40, 91, 42, 78, 125, -6]}, mIncludeTxPowerLevel=false, mIncludeDeviceName=false]
02-10 16:48:03.115 13627 13695 I org.thaliproject.p2p.btconnectorlib.internal.bluetooth.le.BlePeerDiscoverer: createAdvertiseData: created AdvertiseData [mServiceUuids=[f7fcb9ad-df91-44df-bf14-f1f488d36e09], mManufacturerSpecificData={}, mServiceData={f7fcb9ad-df91-44df-bf14-f1f488d36e09=[0, -40, 91, 42, 78, 125, -6]}, mIncludeTxPowerLevel=false, mIncludeDeviceName=false]
02-10 16:48:03.115 13627 13695 D org.thaliproject.p2p.btconnectorlib.internal.bluetooth.le.BleAdvertiser: setAdvertiseData: Current thread: Thread[Thread-3482,7,main], id: 3482
02-10 16:48:03.115 13627 13695 D org.thaliproject.p2p.btconnectorlib.internal.bluetooth.le.BleAdvertiser: setAdvertiseData: AdvertiseData [mServiceUuids=[f7fcb9ad-df91-44df-bf14-f1f488d36e09], mManufacturerSpecificData={}, mServiceData={f7fcb9ad-df91-44df-bf14-f1f488d36e09=[0, -40, 91, 42, 78, 125, -6]}, mIncludeTxPowerLevel=false, mIncludeDeviceName=false]. Current thread: Thread[Thread-3482,7,main], id: 3482
02-10 16:48:03.115 13627 13695 D org.thaliproject.p2p.btconnectorlib.internal.bluetooth.le.BleAdvertiser: setAdvertiseData: was started = false
02-10 16:48:03.115 13627 13695 D org.thaliproject.p2p.btconnectorlib.internal.bluetooth.le.BleAdvertiser: setAdvertiseData: advertiseData = AdvertiseData [mServiceUuids=[f7fcb9ad-df91-44df-bf14-f1f488d36e09], mManufacturerSpecificData={}, mServiceData={f7fcb9ad-df91-44df-bf14-f1f488d36e09=[0, -40, 91, 42, 78, 125, -6]}, mIncludeTxPowerLevel=false, mIncludeDeviceName=false]
02-10 16:48:03.115 13627 13695 D org.thaliproject.p2p.btconnectorlib.internal.bluetooth.le.BleAdvertiser: setAdvertiseData finished: Current thread: Thread[Thread-3482,7,main], id: 3482
02-10 16:48:03.115 13627 13695 D org.thaliproject.p2p.btconnectorlib.internal.bluetooth.le.BleAdvertiser: start:  state = NOT_STARTEDCurrent thread: Thread[Thread-3482,7,main], id: 3482
02-10 16:48:03.125 13627 13695 I org.thaliproject.p2p.btconnectorlib.internal.bluetooth.le.BleAdvertiser: start: Starting... advertisement data = AdvertiseData [mServiceUuids=[f7fcb9ad-df91-44df-bf14-f1f488d36e09], mManufacturerSpecificData={}, mServiceData={f7fcb9ad-df91-44df-bf14-f1f488d36e09=[0, -40, 91, 42, 78, 125, -6]}, mIncludeTxPowerLevel=false, mIncludeDeviceName=false], Current thread: Thread[Thread-3482,7,main], id: 3482
02-10 16:48:03.125 13627 13695 D BluetoothAdapter: STATE_ON
02-10 16:48:03.125 13627 13695 D BluetoothAdapter: STATE_ON
02-10 16:48:03.125 13627 13695 D BluetoothLeAdvertiser: start advertising
02-10 16:48:03.125 13627 13695 D BluetoothAdapter: STATE_ON
02-10 16:48:03.135 25543 25554 D BtGatt.GattService: registerClient() - UUID=ecf1e3cb-c297-4147-89e8-c5b671d5ce15
02-10 16:48:03.175 25543 25567 D BtGatt.GattService: onClientRegistered() - UUID=ecf1e3cb-c297-4147-89e8-c5b671d5ce15, clientIf=7
02-10 16:48:03.175 13627 13637 D BluetoothLeAdvertiser: onClientRegistered() - status=0 clientIf=7
02-10 16:48:03.175 25543 25660 D BtGatt.GattService: [GSIM LOG]: startMultiAdvertising: 2
02-10 16:48:03.185 25543 25660 D BtGatt.GattService: [GSIM LOG]: getCallingProcessName: com.test.thalitest
02-10 16:48:03.185 25543 25660 D BtGatt.GattService: [GSIM LOG]: getCallingProcessName: com.test.thalitest
02-10 16:48:03.185 25543 25569 D BtGatt.AdvertiseManager: message : 0
02-10 16:48:03.185 25543 25582 E BtGatt.GattService: [GSIM LOG]: gsimLogHandler: com.test.thalitest, msg: MESSAGE_START_ADV
02-10 16:48:03.185 25543 25582 D BtGatt.GattService: [GSIM LOG]: gsimLogHandler: prevDate: 10, currDate: 10
02-10 16:48:03.185 25543 25569 D BtGatt.AdvertiseManager: number of adv instance running = 0
02-10 16:48:03.185 25543 25569 D BtGatt.AdvertiseManager: size of list is =0
02-10 16:48:03.195 25543 25569 D BtGatt.AdvertiseManager: starting advertising
02-10 16:48:03.195 25543 25569 D BtGatt.AdvertiseManager: isStandardAdv = false
02-10 16:48:03.205 25543 25582 D BtGatt.GattService: [GSIM LOG]: increaseAdvCount : com.test.thalitest : 863
02-10 16:48:03.205 25543 25582 D BtGatt.GattService: [GSIM LOG]: setAdvTime : com.test.thalitest@LowLatency : 24778908
02-10 16:48:03.205 25543 25582 D BtGatt.GattService: [GSIM LOG]: setAdvType : com.test.thalitest@LowLatency : 2
02-10 16:48:03.205 25543 25582 D BtGatt.GattService: [GSIM LOG]: updateAdvTime
02-10 16:48:03.205 25543 25582 D BtGatt.GattService: [GSIM LOG]: com.test.thalitest@LowLatency, R time : 50 => 50
02-10 16:48:03.205  3443  4411 V AlarmManager:  remove PendingIntent] PendingIntent{e2d13f0: PendingIntentRecord{bc3dd0c com.android.bluetooth broadcastIntent}}
02-10 16:48:03.215 25543 25567 D BtGatt.GattService: onAdvertiseInstanceEnabled() - clientIf=7, status=0
02-10 16:48:03.215  3443  3859 V AlarmManager:  remove PendingIntent] PendingIntent{e4cd69: PendingIntentRecord{bc3dd0c com.android.bluetooth broadcastIntent}}
02-10 16:48:03.215 25543 25569 D BtGatt.AdvertiseManager: starting multi advertising
02-10 16:48:03.225 25543 25567 D BtGatt.GattService: onAdvertiseDataSet() - clientIf=7, status=0
02-10 16:48:03.225 25543 25569 D BtGatt.AdvertiseManager: logClientsSet() - status: 0
02-10 16:48:03.225 25543 25569 D BtGatt.AdvertiseManager: clientIf: 7, Mode: 2, TxPowerLevel: 3, isConnectable: false, Timeout: 0
02-10 16:48:03.225 25543 25569 D BtGatt.AdvertiseManager: postCallback clientIf = 7 status = 0
02-10 16:48:03.225 25543 25569 D BtGatt.GattService: onMultipleAdvertiseCallback() clientIf=7, status=0, isStart=true
02-10 16:48:03.225 13627 13687 D BluetoothLeAdvertiser: onMultiAdvertiseCallback status = 0 isStart = true
02-10 16:48:03.225 13627 13695 I org.thaliproject.p2p.btconnectorlib.internal.bluetooth.le.BleAdvertiser: start: Started advertisment Current thread: Thread[Thread-3482,7,main], id: 3482
02-10 16:48:03.225  3443  5456 V AlarmManager:  remove PendingIntent] PendingIntent{37a3ee: PendingIntentRecord{bc3dd0c com.android.bluetooth broadcastIntent}}
02-10 16:48:03.225 13627 13695 D org.thaliproject.p2p.btconnectorlib.internal.bluetooth.le.BleAdvertiser: setState: current  = NOT_STARTED, new = STARTINGCurrent thread: Thread[Thread-3482,7,main], id: 3482
02-10 16:48:03.225 13627 13695 D org.thaliproject.p2p.btconnectorlib.internal.bluetooth.le.BleAdvertiser: setState: State changed from NOT_STARTED to STARTING
02-10 16:48:03.225 13627 13695 D org.thaliproject.p2p.btconnectorlib.internal.bluetooth.le.BleAdvertiser: setState: onIsAdvertiserStartedChanged default (no call to listener). Current thread: Thread[Thread-3482,7,main], id: 3482
02-10 16:48:03.225 13627 13695 D org.thaliproject.p2p.btconnectorlib.internal.bluetooth.le.BleAdvertiser: setState: finished Current thread: Thread[Thread-3482,7,main], id: 3482
02-10 16:48:03.225 13627 13695 I org.thaliproject.p2p.btconnectorlib.internal.bluetooth.le.BleAdvertiser: start: return, state = STARTINGCurrent thread: Thread[Thread-3482,7,main], id: 3482
02-10 16:48:03.225 13627 13695 D org.thaliproject.p2p.btconnectorlib.internal.bluetooth.le.BleAdvertiser: start returned: Current thread: Thread[Thread-3482,7,main], id: 3482
02-10 16:48:03.225 13627 13695 D org.thaliproject.p2p.btconnectorlib.internal.bluetooth.le.BlePeerDiscoverer: startAdvertiser started = true Current thread: Thread[Thread-3482,7,main], id: 3482
02-10 16:48:03.225 13627 13695 D org.thaliproject.p2p.btconnectorlib.DiscoveryManager: startBlePeerDiscoverer: OK
02-10 16:48:03.235 13627 13695 I org.thaliproject.p2p.btconnectorlib.DiscoveryManager: start: OK
02-10 16:48:03.235 13627 13695 D org.thaliproject.p2p.btconnectorlib.DiscoveryManager: updateState: Current thread: Thread[Thread-3482,7,main], id: 3482
02-10 16:48:03.235  3443  4554 V AlarmManager:  remove PendingIntent] PendingIntent{3b7808f: PendingIntentRecord{bc3dd0c com.android.bluetooth broadcastIntent}}
02-10 16:48:03.235 13627 13695 E org.thaliproject.p2p.btconnectorlib.DiscoveryManager: seems that updateState call different BlePeerDiscoverer
02-10 16:48:03.235 13627 13695 D org.thaliproject.p2p.btconnectorlib.DiscoveryManager: updateStateInternal Current thread: Thread[Thread-3482,7,main], id: 3482
02-10 16:48:03.235 13627 13695 D org.thaliproject.p2p.btconnectorlib.DiscoveryManager: updateStateInternal finished Current thread: Thread[Thread-3482,7,main], id: 3482
02-10 16:48:03.235 13627 13695 D org.thaliproject.p2p.btconnectorlib.DiscoveryManager: updateState finished Current thread: Thread[Thread-3482,7,main], id: 3482
02-10 16:48:03.235 13627 13695 I io.jxcore.node.ConnectionHelper: start: OK
02-10 16:48:03.235 13627 13627 V io.jxcore.node.StartStopOperation: isTargetState: Connectivity: RUNNING, discovery: NOT_STARTED, is discovering: false, is advertising: false - Start operation: Should start/stop everything
02-10 16:48:03.235 13627 13627 D org.thaliproject.p2p.btconnectorlib.internal.bluetooth.le.BleAdvertiser: onStartSuccess : Current thread: Thread[main,5,main], id: 1
02-10 16:48:03.235 13627 13627 D org.thaliproject.p2p.btconnectorlib.internal.bluetooth.le.BleAdvertiser: setState: current  = STARTING, new = RUNNINGCurrent thread: Thread[main,5,main], id: 1
02-10 16:48:03.235 13627 13627 D org.thaliproject.p2p.btconnectorlib.internal.bluetooth.le.BleAdvertiser: setState: State changed from STARTING to RUNNING
02-10 16:48:03.235 13627 13627 D org.thaliproject.p2p.btconnectorlib.internal.bluetooth.le.BleAdvertiser: notifyAdvertiserStateChanged: started =  true. Current thread: Thread[main,5,main], id: 1
02-10 16:48:03.235 13627 13627 D org.thaliproject.p2p.btconnectorlib.internal.bluetooth.le.BleAdvertiser: setState: finished Current thread: Thread[main,5,main], id: 1
02-10 16:48:03.235 13627 13627 I org.thaliproject.p2p.btconnectorlib.internal.bluetooth.le.BlePeerDiscoverer: onIsAdvertiserStartedChanged: trueCurrent thread: Thread[main,5,main], id: 1
02-10 16:48:03.235 13627 13627 D org.thaliproject.p2p.btconnectorlib.internal.bluetooth.le.BlePeerDiscoverer: updateState : Current thread: Thread[main,5,main], id: 1
02-10 16:48:03.235 13627 13627 D org.thaliproject.p2p.btconnectorlib.internal.bluetooth.le.BlePeerDiscoverer: updateState: deducedStateSet: [ADVERTISING]
02-10 16:48:03.235 13627 13627 D org.thaliproject.p2p.btconnectorlib.internal.bluetooth.le.BlePeerDiscoverer: updateState: stateSet: [NOT_STARTED]
02-10 16:48:03.235 13627 13627 D org.thaliproject.p2p.btconnectorlib.internal.bluetooth.le.BlePeerDiscoverer: Current thread: Thread[main,5,main], id: 1
02-10 16:48:03.235 13627 13627 D org.thaliproject.p2p.btconnectorlib.internal.bluetooth.le.BlePeerDiscoverer: updateState: State changed from [NOT_STARTED] to [ADVERTISING]Current thread: Thread[main,5,main], id: 1
02-10 16:48:03.235 13627 13627 D org.thaliproject.p2p.btconnectorlib.internal.bluetooth.le.BlePeerDiscoverer: update state finished. Current thread: Thread[main,5,main], id: 1
02-10 16:48:03.235 13627 13627 I org.thaliproject.p2p.btconnectorlib.DiscoveryManager: onBlePeerDiscovererStateChanged: [NOT_STARTED] -> [ADVERTISING] Current thread: Thread[main,5,main], id: 1
02-10 16:48:03.235 13627 13627 D org.thaliproject.p2p.btconnectorlib.DiscoveryManager: updateState: Current thread: Thread[main,5,main], id: 1
02-10 16:48:03.245  3443  3461 V AlarmManager:  remove PendingIntent] PendingIntent{be77f1c: PendingIntentRecord{bc3dd0c com.android.bluetooth broadcastIntent}}
02-10 16:48:03.245 13627 13627 D org.thaliproject.p2p.btconnectorlib.DiscoveryManager: updateStateInternal Current thread: Thread[main,5,main], id: 1
02-10 16:48:03.245 13627 13627 D org.thaliproject.p2p.btconnectorlib.DiscoveryManager: updateState: State: RUNNING_BLE, is discovering: false, is advertising: true
02-10 16:48:03.245 13627 13627 D org.thaliproject.p2p.btconnectorlib.DiscoveryManager: updateStateInternal finished Current thread: Thread[main,5,main], id: 1
02-10 16:48:03.245 13627 13627 D org.thaliproject.p2p.btconnectorlib.DiscoveryManager: updateState finished Current thread: Thread[main,5,main], id: 1
02-10 16:48:03.245 13627 13627 I io.jxcore.node.ConnectionHelper: onDiscoveryManagerStateChanged: State: RUNNING_BLE, is discovering: false, is advertising: true
02-10 16:48:03.245  3443  4409 V AlarmManager:  remove PendingIntent] PendingIntent{5f3d725: PendingIntentRecord{bc3dd0c com.android.bluetooth broadcastIntent}}
02-10 16:48:03.255  3443  5456 V AlarmManager:  remove PendingIntent] PendingIntent{ffe10fa: PendingIntentRecord{bc3dd0c com.android.bluetooth broadcastIntent}}
02-10 16:48:03.255  3443  4237 V AlarmManager:  remove PendingIntent] PendingIntent{3b596ab: PendingIntentRecord{bc3dd0c com.android.bluetooth broadcastIntent}}
02-10 16:48:03.745 13627 13627 V io.jxcore.node.ConnectionHelper: Notifying discovery manager state change: is discovering: false, is advertising: true
02-10 16:48:03.745 13627 13627 V io.jxcore.node.StartStopOperation: isTargetState: Connectivity: RUNNING, discovery: RUNNING_BLE, is discovering: false, is advertising: true - Start operation: Should start/stop everything
02-10 16:48:03.745 13627 13627 D io.jxcore.node.StartStopOperationHandler: processCurrentOperationStatus: Operation successfully executed
02-10 16:48:03.745 13627 13695 I jxcore-log: ok 77 Can call startUpdateAdvertisingAndListening without error
02-10 16:48:03.745 13627 13695 I jxcore-log: 
02-10 16:48:03.755 13627 13695 D io.jxcore.node.JXcoreExtension: stopAdvertisingAndListening
02-10 16:48:03.755 13627 13695 I io.jxcore.node.ConnectionHelper: stop: Stopping all activities and killing connections
02-10 16:48:03.755 13627 13695 V io.jxcore.node.StartStopOperation: isTargetState: Connectivity: RUNNING, discovery: RUNNING_BLE, is discovering: false, is advertising: true - Stop operation: Should start/stop everything
02-10 16:48:03.755 13627 13695 V io.jxcore.node.StartStopOperationHandler: executeCurrentOperation: Executing: Stop operation: Should start/stop everything
02-10 16:48:03.755 13627 13695 I org.thaliproject.p2p.btconnectorlib.ConnectionManager: stopListeningForIncomingConnections
02-10 16:48:03.755 13627 13695 I org.thaliproject.p2p.btconnectorlib.internal.bluetooth.BluetoothConnector: stopListeningForIncomingConnections: Stopping...
02-10 16:48:03.755 13627 13695 D org.thaliproject.p2p.btconnectorlib.internal.bluetooth.BluetoothServerThread: shutdown
02-10 16:48:03.755 13627 13695 D org.thaliproject.p2p.btconnectorlib.internal.bluetooth.BluetoothManager: release: 2 listener(s) left
02-10 16:48:03.755 13627 13695 D org.thaliproject.p2p.btconnectorlib.ConnectionManager: updateState: mShouldBeStarted :  false, mIsServerStarted:  true
02-10 16:48:03.755 13627 13805 V org.thaliproject.p2p.btconnectorlib.internal.bluetooth.BluetoothServerThread: closeBluetoothServerSocket: Bluetooth server socket closed
02-10 16:48:03.755 13627 13695 D org.thaliproject.p2p.btconnectorlib.ConnectionManager: setState: RUNNING -> NOT_STARTED
02-10 16:48:03.755 13627 13805 D org.thaliproject.p2p.btconnectorlib.internal.bluetooth.BluetoothServerThread: Exiting thread
02-10 16:48:03.755 13627 13805 I org.thaliproject.p2p.btconnectorlib.internal.bluetooth.BluetoothConnector: onServerStopped: Was explicitly stopped: true
02-10 16:48:03.755 13627 13695 I org.thaliproject.p2p.btconnectorlib.ConnectionManager: cancelAllConnectionAttempts
02-10 16:48:03.755 13627 13695 I org.thaliproject.p2p.btconnectorlib.DiscoveryManager: stop: Stopping peer discovery...
02-10 16:48:03.755 13627 13627 I io.jxcore.node.ConnectionHelper: onConnectionManagerStateChanged: NOT_STARTED
02-10 16:48:03.755 13627 13695 D org.thaliproject.p2p.btconnectorlib.DiscoveryManager: stopForRestart Current thread: Thread[Thread-3482,7,main], id: 3482
02-10 16:48:03.755 13627 13695 D org.thaliproject.p2p.btconnectorlib.DiscoveryManager: stopForRestart. RUNNING_BLE
02-10 16:48:03.755 13627 13695 D org.thaliproject.p2p.btconnectorlib.internal.BluetoothMacAddressResolutionHelper: stopProvideBluetoothMacAddressMode
02-10 16:48:03.755 13627 13695 D org.thaliproject.p2p.btconnectorlib.internal.bluetooth.le.BlePeerDiscoverer: stopScannerAndAdvertiser: Current thread: Thread[Thread-3482,7,main], id: 3482
02-10 16:48:03.755 13627 13695 D org.thaliproject.p2p.btconnectorlib.internal.bluetooth.le.BlePeerDiscoverer: stopPeerAddressHelperAdvertiser Current thread: Thread[Thread-3482,7,main], id: 3482
02-10 16:48:03.755 13627 13695 D org.thaliproject.p2p.btconnectorlib.internal.bluetooth.le.BlePeerDiscoverer: stopScanner: Current thread: Thread[Thread-3482,7,main], id: 3482
02-10 16:48:03.755 13627 13695 D org.thaliproject.p2p.btconnectorlib.internal.bluetooth.le.BleScanner: stop, Current thread: Thread[Thread-3482,7,main], id: 3482
02-10 16:48:03.755 13627 13695 D BluetoothAdapter: STATE_ON
02-10 16:48:03.765 13627 13695 D BluetoothAdapter: STATE_ON
02-10 16:48:03.765 13627 13695 D org.thaliproject.p2p.btconnectorlib.internal.bluetooth.le.BleScanner: stop: scan results are flushed 
02-10 16:48:03.765 13627 13695 D BluetoothAdapter: STATE_ON
02-10 16:48:03.765 13627 13695 D BluetoothAdapter: STATE_ON
02-10 16:48:03.765 13627 13695 D BluetoothLeScanner: could not find callback wrapper
02-10 16:48:03.765 13627 13695 D org.thaliproject.p2p.btconnectorlib.internal.bluetooth.le.BleScanner: stop: Stopped
02-10 16:48:03.765 13627 13695 D org.thaliproject.p2p.btconnectorlib.internal.bluetooth.le.BleScanner: set state: Current thread: Thread[Thread-3482,7,main], id: 3482
02-10 16:48:03.765 13627 13695 D org.thaliproject.p2p.btconnectorlib.internal.bluetooth.le.BleScanner: stop finished, Current thread: Thread[Thread-3482,7,main], id: 3482
02-10 16:48:03.765 13627 13695 D org.thaliproject.p2p.btconnectorlib.internal.bluetooth.le.BlePeerDiscoverer: stopAdvertiser:Current thread: Thread[Thread-3482,7,main], id: 3482
02-10 16:48:03.775 13627 13695 I org.thaliproject.p2p.btconnectorlib.internal.bluetooth.le.BlePeerDiscoverer: stopAdvertiser: Stopping...
02-10 16:48:03.775 13627 13695 D org.thaliproject.p2p.btconnectorlib.internal.bluetooth.le.BleAdvertiser: stop. Current thread: Thread[Thread-3482,7,main], id: 3482
02-10 16:48:03.775 13627 13695 D BluetoothAdapter: STATE_ON
02-10 16:48:03.775 13627 13695 D BluetoothAdapter: STATE_ON
02-10 16:48:03.775 13627 13695 D BluetoothLeAdvertiser: stop advertising
02-10 16:48:03.785 25543 25651 D BtGatt.GattService: [GSIM LOG]: getCallingProcessName: com.test.thalitest
02-10 16:48:03.785 25543 25651 D BtGatt.GattService: [GSIM LOG]: getCallingProcessName: com.test.thalitest
02-10 16:48:03.785 25543 25569 D BtGatt.AdvertiseManager: message : 1
02-10 16:48:03.785 25543 25582 E BtGatt.GattService: [GSIM LOG]: gsimLogHandler: com.test.thalitest, msg: MESSAGE_STOP_ADV
02-10 16:48:03.785 25543 25582 D BtGatt.GattService: [GSIM LOG]: gsimLogHandler: prevDate: 10, currDate: 10
02-10 16:48:03.785 25543 25582 D BtGatt.GattService: [GSIM LOG]: updateAdvTime
02-10 16:48:03.795 25543 25582 D BtGatt.GattService: [GSIM LOG]: com.test.thalitest@LowLatency, R time : 50 => 50
02-10 16:48:03.795 25543 25582 D BtGatt.GattService: [GSIM LOG]: remove : com.test.thalitest@LowLatency at  BLE_ADV_REQUESTED_DB
02-10 16:48:03.795 25543 25569 D BtGatt.AdvertiseManager: stop advertise for client =  7
02-10 16:48:03.795 25543 25569 D BtGatt.AdvertiseManager: stop advertising, standardAdvClientIf = 0 client.clientIf = 7
02-10 16:48:03.795 25543 25569 D BtGatt.AdvertiseManager: logClientsSet() - status: -1
02-10 16:48:03.795 25543 25567 D BtGatt.GattService: onAdvertiseInstanceDisabled() - clientIf=7, status=0
02-10 16:48:03.795  3443  4003 V AlarmManager:  remove PendingIntent] PendingIntent{b7b7108: PendingIntentRecord{bc3dd0c com.android.bluetooth broadcastIntent}}
02-10 16:48:03.795 25543 25567 D BtGatt.GattService: Client app is not null!
02-10 16:48:03.795 13627 13638 D BluetoothLeAdvertiser: onMultiAdvertiseCallback status = 0 isStart = false
02-10 16:48:03.805 25543 21215 D BtGatt.GattService: unregisterClient() - clientIf=7
02-10 16:48:03.805 13627 13695 D org.thaliproject.p2p.btconnectorlib.internal.bluetooth.le.BleAdvertiser: stop: Stopped
02-10 16:48:03.805 13627 13695 D org.thaliproject.p2p.btconnectorlib.internal.bluetooth.le.BleAdvertiser: setState: current  = RUNNING, new = NOT_STARTEDCurrent thread: Thread[Thread-3482,7,main], id: 3482
02-10 16:48:03.805 13627 13695 D org.thaliproject.p2p.btconnectorlib.internal.bluetooth.le.BleAdvertiser: setState: State changed from RUNNING to NOT_STARTED
02-10 16:48:03.805 13627 13695 D org.thaliproject.p2p.btconnectorlib.internal.bluetooth.le.BleAdvertiser: notifyAdvertiserStateChanged: started =  false. Current thread: Thread[Thread-3482,7,main], id: 3482
02-10 16:48:03.805 13627 13695 D org.thaliproject.p2p.btconnectorlib.internal.bluetooth.le.BleAdvertiser: setState: finished Current thread: Thread[Thread-3482,7,main], id: 3482
02-10 16:48:03.805 13627 13695 D org.thaliproject.p2p.btconnectorlib.internal.bluetooth.le.BleAdvertiser: stop finished. Current thread: Thread[Thread-3482,7,main], id: 3482
02-10 16:48:03.805 13627 13695 D org.thaliproject.p2p.btconnectorlib.DiscoveryManager: stopBlePeerDiscoverer: Stopped
02-10 16:48:03.805  3443  4080 V AlarmManager:  remove PendingIntent] PendingIntent{42fc0a1: PendingIntentRecord{bc3dd0c com.android.bluetooth broadcastIntent}}
02-10 16:48:03.805 13627 13695 I org.thaliproject.p2p.btconnectorlib.internal.wifi.WifiDirectManager: release: No more listeners, de-initializing...
02-10 16:48:03.805 13627 13695 D org.thaliproject.p2p.btconnectorlib.internal.bluetooth.BluetoothManager: release: 1 listener(s) left
02-10 16:48:03.805 13627 13695 D org.thaliproject.p2p.btconnectorlib.DiscoveryManager: updateState: Current thread: Thread[Thread-3482,7,main], id: 3482
02-10 16:48:03.815 13627 13695 D org.thaliproject.p2p.btconnectorlib.DiscoveryManager: updateStateInternal Current thread: Thread[Thread-3482,7,main], id: 3482
02-10 16:48:03.815 13627 13695 D org.thaliproject.p2p.btconnectorlib.DiscoveryManager: updateState: State: NOT_STARTED, is discovering: false, is advertising: false
02-10 16:48:03.815 13627 13695 D org.thaliproject.p2p.btconnectorlib.DiscoveryManager: updateStateInternal finished Current thread: Thread[Thread-3482,7,main], id: 3482
02-10 16:48:03.815 13627 13695 D org.thaliproject.p2p.btconnectorlib.DiscoveryManager: updateState finished Current thread: Thread[Thread-3482,7,main], id: 3482
02-10 16:48:03.815 13627 13627 V io.jxcore.node.StartStopOperation: isTargetState: Connectivity: NOT_STARTED, discovery: NOT_STARTED, is discovering: false, is advertising: false - Stop operation: Should start/stop everything
02-10 16:48:03.815 13627 13627 D io.jxcore.node.StartStopOperationHandler: processCurrentOperationStatus: Operation successfully executed
02-10 16:48:03.815 13627 13627 D org.thaliproject.p2p.btconnectorlib.ConnectionManager: onIsServerStartedChanged: false
02-10 16:48:03.815 13627 13627 D org.thaliproject.p2p.btconnectorlib.ConnectionManager: updateState: mShouldBeStarted :  false, mIsServerStarted:  false
02-10 16:48:03.815 13627 13627 I org.thaliproject.p2p.btconnectorlib.DiscoveryManager: start: Discovery mode: BLE, start discovery: false, start advertiser: false
02-10 16:48:03.815 13627 13627 I org.thaliproject.p2p.btconnectorlib.DiscoveryManager: start: Discovery mode: BLE, start discovery: false, start advertiser: false
02-10 16:48:03.815 13627 13627 I org.thaliproject.p2p.btconnectorlib.internal.bluetooth.le.BlePeerDiscoverer: onIsAdvertiserStartedChanged: falseCurrent thread: Thread[main,5,main], id: 1
02-10 16:48:03.815 13627 13627 D org.thaliproject.p2p.btconnectorlib.internal.bluetooth.le.BlePeerDiscoverer: updateState : Current thread: Thread[main,5,main], id: 1
02-10 16:48:03.815 13627 13627 D org.thaliproject.p2p.btconnectorlib.internal.bluetooth.le.BlePeerDiscoverer: updateState: deducedStateSet: [NOT_STARTED]
02-10 16:48:03.815 13627 13627 D org.thaliproject.p2p.btconnectorlib.internal.bluetooth.le.BlePeerDiscoverer: updateState: stateSet: [ADVERTISING]
02-10 16:48:03.815 13627 13627 D org.thaliproject.p2p.btconnectorlib.internal.bluetooth.le.BlePeerDiscoverer: Current thread: Thread[main,5,main], id: 1
02-10 16:48:03.815  3443  4615 V AlarmManager:  remove PendingIntent] PendingIntent{28c42c6: PendingIntentRecord{bc3dd0c com.android.bluetooth broadcastIntent}}
02-10 16:48:03.815 13627 13627 D org.thaliproject.p2p.btconnectorlib.internal.bluetooth.le.BlePeerDiscoverer: updateState: State changed from [ADVERTISING] to [NOT_STARTED]Current thread: Thread[main,5,main], id: 1
02-10 16:48:03.815 13627 13627 D org.thaliproject.p2p.btconnectorlib.internal.bluetooth.le.BlePeerDiscoverer: update state finished. Current thread: Thread[main,5,main], id: 1
02-10 16:48:03.815 13627 13627 I io.jxcore.node.ConnectionHelper: onDiscoveryManagerStateChanged: State: NOT_STARTED, is discovering: false, is advertising: false
02-10 16:48:03.815 13627 13695 I jxcore-log: 2017-02-10 13:48:03 - DEBUG thaliMobileNativeWrapper: 'discoveryAdvertisingStateUpdateNonTCP: {"discoveryActive":false,"advertisingActive":true}'
02-10 16:48:03.815 13627 13695 I jxcore-log: 
02-10 16:48:03.825 13627 13695 I jxcore-log: 2017-02-10 13:48:03 - INFO thaliMobile: 'Received state ({"discoveryActive":false,"advertisingActive":true}) did not match with target ({"started":false,"listening":false,"advertising":false,"networkType":"BOTH","startArguments":{"router":null,"pskIdToSecret":null,"networkType":null}})'
02-10 16:48:03.825 13627 13695 I jxcore-log: 
02-10 16:48:03.825 13627 13695 I jxcore-log: 2017-02-10 13:48:03 - INFO thaliMobile: 'Filtered out discoveryAdvertisingStateUpdate (was in stopped state).'
02-10 16:48:03.825 13627 13695 I jxcore-log: 
02-10 16:48:03.825 13627 13695 I jxcore-log: ok 78 Can call stopAdvertisingAndListening without error
02-10 16:48:03.825 13627 13695 I jxcore-log: 
02-10 16:48:03.825  3443  4319 V AlarmManager:  remove PendingIntent] PendingIntent{d34f287: PendingIntentRecord{bc3dd0c com.android.bluetooth broadcastIntent}}
02-10 16:48:03.835 13627 13695 I jxcore-log: # teardown
02-10 16:48:03.835 13627 13695 I jxcore-log: 
02-10 16:48:03.845  3443  4320 V AlarmManager:  remove PendingIntent] PendingIntent{cda95b4: PendingIntentRecord{bc3dd0c com.android.bluetooth broadcastIntent}}
02-10 16:48:03.845  3443  3462 V AlarmManager:  remove PendingIntent] PendingIntent{fe6c5dd: PendingIntentRecord{bc3dd0c com.android.bluetooth broadcastIntent}}
02-10 16:48:03.855  3443  5457 V AlarmManager:  remove PendingIntent] PendingIntent{b79c552: PendingIntentRecord{bc3dd0c com.android.bluetooth broadcastIntent}}
02-10 16:48:03.855 13627 13695 D io.jxcore.node.JXcoreExtension: stopListeningForAdvertisements
02-10 16:48:03.855 13627 13695 I io.jxcore.node.ConnectionHelper: stop: Stopping only listening for advertisements
02-10 16:48:03.855 13627 13695 V io.jxcore.node.StartStopOperation: isTargetState: Connectivity: NOT_STARTED, discovery: NOT_STARTED, is discovering: false, is advertising: false - Stop operation: Should affect listening to advertisements only
02-10 16:48:03.855 13627 13695 V io.jxcore.node.StartStopOperationHandler: executeCurrentOperation: The current state already matches the desired outcome of this operation, skipping...
02-10 16:48:03.855 13627 13695 I jxcore-log: ok 79 Should be able to call stopListeningForAdvertisements in teardown
02-10 16:48:03.855 13627 13695 I jxcore-log: 
02-10 16:48:03.865 13627 13695 D io.jxcore.node.JXcoreExtension: stopAdvertisingAndListening
02-10 16:48:03.865 13627 13695 I io.jxcore.node.ConnectionHelper: stop: Stopping all activities and killing connections
02-10 16:48:03.865 13627 13695 V io.jxcore.node.StartStopOperation: isTargetState: Connectivity: NOT_STARTED, discovery: NOT_STARTED, is discovering: false, is advertising: false - Stop operation: Should start/stop everything
02-10 16:48:03.865 13627 13695 V io.jxcore.node.StartStopOperationHandler: executeCurrentOperation: The current state already matches the desired outcome of this operation, skipping...
02-10 16:48:03.865 13627 13695 I jxcore-log: ok 80 Should be able to call stopAdvertisingAndListening in teardown
02-10 16:48:03.865 13627 13695 I jxcore-log: 
02-10 16:48:03.865  3443  3461 V AlarmManager:  remove PendingIntent] PendingIntent{c643023: PendingIntentRecord{bc3dd0c com.android.bluetooth broadcastIntent}}
02-10 16:48:03.865 13627 13695 I jxcore-log: 2017-02-10 13:48:03 - DEBUG thaliMobileNativeWrapper: 'Method peerAvailabilityChanged registered to native'
02-10 16:48:03.865 13627 13695 I jxcore-log: 
02-10 16:48:03.865 13627 13695 I jxcore-log: 2017-02-10 13:48:03 - DEBUG thaliMobileNativeWrapper: 'Method discoveryAdvertisingStateUpdateNonTCP registered to native'
02-10 16:48:03.865 13627 13695 I jxcore-log: 
02-10 16:48:03.875 13627 13695 I jxcore-log: 2017-02-10 13:48:03 - DEBUG thaliMobileNativeWrapper: 'Method multiConnectResolved registered to native'
02-10 16:48:03.875 13627 13695 I jxcore-log: 
02-10 16:48:03.875 13627 13695 D BluetoothAdapter: STATE_ON
02-10 16:48:03.885 13627 13695 V io.jxcore.node.ConnectivityMonitor: updateConnectivityInfo: FORCED notification:
02-10 16:48:03.885 13627 13695 V io.jxcore.node.ConnectivityMonitor:     - is Wi-Fi Direct supported: true
02-10 16:48:03.885 13627 13695 V io.jxcore.node.ConnectivityMonitor:     - is Bluetooth LE multiple advertisement supported: SUPPORTED
02-10 16:48:03.885 13627 13695 V io.jxcore.node.ConnectivityMonitor:     - is Wi-Fi enabled: true
02-10 16:48:03.885 13627 13695 V io.jxcore.node.ConnectivityMonitor:     - is Bluetooth enabled: true
02-10 16:48:03.885 13627 13695 V io.jxcore.node.ConnectivityMonitor:     - BSSID name: 70:cd:60:ff:5a:07
02-10 16:48:03.885 13627 13695 V io.jxcore.node.ConnectivityMonitor:     - SSID name: "T"
02-10 16:48:03.885 13627 13695 V io.jxcore.node.ConnectivityMonitor:     - is connected/connecting to active network: true
02-10 16:48:03.885 13627 13695 V io.jxcore.node.ConnectivityMonitor:     - active network type is Wi-Fi: true
02-10 16:48:03.885 13627 13695 D BluetoothAdapter: STATE_ON
02-10 16:48:03.885 13627 13695 D io.jxcore.node.JXcoreExtension: notifyNetworkChanged: BLE: ON, Bluetooth: ON, Wi-Fi: ON, cellular: DO_NOT_CARE, BSSID name: 70:cd:60:ff:5a:07, SSID name: "T"
02-10 16:48:03.885 13627 13695 I jxcore-log: 2017-02-10 13:48:03 - DEBUG thaliMobileNativeWrapper: 'Method networkChanged registered to native'
02-10 16:48:03.885 13627 13695 I jxcore-log: 
02-10 16:48:03.895 13627 13695 I jxcore-log: 2017-02-10 13:48:03 - DEBUG thaliMobileNativeWrapper: 'Method multiConnectConnectionFailure registered to native'
02-10 16:48:03.895 13627 13695 I jxcore-log: 
02-10 16:48:03.895 13627 13695 I jxcore-log: 2017-02-10 13:48:03 - DEBUG thaliMobileNativeWrapper: 'Method incomingConnectionToPortNumberFailed registered to native'
02-10 16:48:03.895 13627 13695 I jxcore-log: 
02-10 16:48:03.895 13627 13695 I jxcore-log: # setup
02-10 16:48:03.895 13627 13695 I jxcore-log: 
02-10 16:48:03.905 13627 13695 I jxcore-log: 2017-02-10 13:48:03 - DEBUG thaliMobileNativeWrapper: 'networkChanged: {"bluetoothLowEnergy":"on","bluetooth":"on","wifi":"on","cellular":"doNotCare","bssidName":"70:cd:60:ff:5a:07","ssidName":"T"}'
02-10 16:48:03.905 13627 13695 I jxcore-log: 
02-10 16:48:03.905 13627 13695 I jxcore-log: 2017-02-10 13:48:03 - INFO thaliMobile: 'Filtered out networkChangedNonTCP (was in stopped state).'
02-10 16:48:03.905 13627 13695 I jxcore-log: 
02-10 16:48:04.065 13627 13695 I jxcore-log: # Calling startUpdateAdvertisingAndListening twice is NOT an error
02-10 16:48:04.065 13627 13695 I jxcore-log: 
