02-10 16:47:45.535 13627 13695 I jxcore-log: ok 37 third
02-10 16:47:45.535 13627 13695 I jxcore-log: 
02-10 16:47:45.535 13627 13695 I jxcore-log: ok 38 thirdPromise - in then
02-10 16:47:45.535 13627 13695 I jxcore-log: 
02-10 16:47:45.535 13627 13695 I jxcore-log: ok 39 testingPromises
02-10 16:47:45.535 13627 13695 I jxcore-log: 
02-10 16:47:45.555 13627 13695 I jxcore-log: # teardown
02-10 16:47:45.555 13627 13695 I jxcore-log: 
02-10 16:47:46.675 13627 13695 I jxcore-log: # setup
02-10 16:47:46.675 13627 13695 I jxcore-log: 
02-10 16:47:46.695 13627 13695 I jxcore-log: # queues handled independently
02-10 16:47:46.695 13627 13695 I jxcore-log: 
02-10 16:47:46.755 13627 13695 I jxcore-log: ok 40 all short operations completed before the long resolves
02-10 16:47:46.755 13627 13695 I jxcore-log: 
02-10 16:47:46.765 13627 13695 I jxcore-log: # teardown
02-10 16:47:46.765 13627 13695 I jxcore-log: 
02-10 16:47:47.935 13627 13695 I jxcore-log: # setup
02-10 16:47:47.935 13627 13695 I jxcore-log: 
02-10 16:47:47.955 13627 13695 I jxcore-log: # basic
02-10 16:47:47.955 13627 13695 I jxcore-log: 
02-10 16:47:49.025 13627 13695 I jxcore-log: ok 41 sane
02-10 16:47:49.025 13627 13695 I jxcore-log: 
02-10 16:47:49.035 13627 13695 I jxcore-log: # teardown
02-10 16:47:49.035 13627 13695 I jxcore-log: 
02-10 16:47:49.065 13627 13695 I jxcore-log: # setup
02-10 16:47:49.065 13627 13695 I jxcore-log: 
02-10 16:47:49.195 13627 13695 I jxcore-log: # another
02-10 16:47:49.195 13627 13695 I jxcore-log: 
02-10 16:47:49.755  3443  6676 D SSRM:n  : SIOP:: AP = 360, PST = 377 (W:14), CP = 311, CUR = -188, LCD = 57
02-10 16:47:49.795  3443  6676 D ConnectivityService: returning getNetworkInfo for network type 1 : [type: WIFI[] - WIFI, state: CONNECTED/CONNECTED, reason: (unspecified), extra: "T", roaming: false, failover: false, isAvailable: true]
02-10 16:47:50.255 13627 13695 I jxcore-log: ok 42 sane
02-10 16:47:50.255 13627 13695 I jxcore-log: 
02-10 16:47:50.265 13627 13695 I jxcore-log: # teardown
02-10 16:47:50.265 13627 13695 I jxcore-log: 
02-10 16:47:50.285 13627 13695 I jxcore-log: # setup
02-10 16:47:50.285 13627 13695 I jxcore-log: 
02-10 16:47:50.315 13627 13695 I jxcore-log: # can pass data in setup
02-10 16:47:50.315 13627 13695 I jxcore-log: 
02-10 16:47:50.335 13627 13695 I jxcore-log: ok 43 test participant has uuid
02-10 16:47:50.335 13627 13695 I jxcore-log: 
02-10 16:47:50.335 13627 13695 I jxcore-log: ok 44 participant data matches
02-10 16:47:50.335 13627 13695 I jxcore-log: 
02-10 16:47:50.335 13627 13695 I jxcore-log: ok 45 test participant has uuid
02-10 16:47:50.335 13627 13695 I jxcore-log: 
02-10 16:47:50.335 13627 13695 I jxcore-log: ok 46 participant data matches
02-10 16:47:50.335 13627 13695 I jxcore-log: 
02-10 16:47:50.335 13627 13695 I jxcore-log: ok 47 test participant has uuid
02-10 16:47:50.335 13627 13695 I jxcore-log: 
02-10 16:47:50.335 13627 13695 I jxcore-log: ok 48 participant data matches
02-10 16:47:50.335 13627 13695 I jxcore-log: 
02-10 16:47:50.345 13627 13695 I jxcore-log: ok 49 own UUID is found from the participants list
02-10 16:47:50.345 13627 13695 I jxcore-log: 
02-10 16:47:50.345 13627 13695 I jxcore-log: # teardown
02-10 16:47:50.345 13627 13695 I jxcore-log: 
02-10 16:47:51.515 13627 13695 I jxcore-log: # setup
02-10 16:47:51.515 13627 13695 I jxcore-log: 
02-10 16:47:51.575 13627 13695 I jxcore-log: # Correctly parses/stringifies USN
02-10 16:47:51.575 13627 13695 I jxcore-log: 
02-10 16:47:51.605 13627 13695 I jxcore-log: ok 50 correctly parses USN string
02-10 16:47:51.605 13627 13695 I jxcore-log: 
02-10 16:47:51.615 13627 13695 I jxcore-log: ok 51 throws if usn has invalid prefix
02-10 16:47:51.615 13627 13695 I jxcore-log: 
02-10 16:47:51.615 13627 13695 I jxcore-log: ok 52 throws if usn has invalid identifier format
02-10 16:47:51.615 13627 13695 I jxcore-log: 
02-10 16:47:51.615 13627 13695 I jxcore-log: ok 53 throws if usn has invalid generation
02-10 16:47:51.615 13627 13695 I jxcore-log: 
02-10 16:47:51.615 13627 13695 I jxcore-log: ok 54 correctly stringifies peer
02-10 16:47:51.615 13627 13695 I jxcore-log: 
02-10 16:47:51.625 13627 13695 I jxcore-log: # teardown
02-10 16:47:51.625 13627 13695 I jxcore-log: 
02-10 16:47:52.815 13627 13695 I jxcore-log: # setup
02-10 16:47:52.815 13627 13695 I jxcore-log: 
02-10 16:47:52.845 13627 13695 I jxcore-log: # onPeerLost calls jxcore
02-10 16:47:52.845 13627 13695 I jxcore-log: 
02-10 16:47:52.865 13627 13695 V org.thaliproject.p2p.btconnectorlib.ConnectionManagerSettings: load: Already loaded
02-10 16:47:52.865 13627 13695 V org.thaliproject.p2p.btconnectorlib.ConnectionManagerSettings: addListener: Listener org.thaliproject.p2p.btconnectorlib.ConnectionManager@c30fa64 added. We now have 2 listener(s)
02-10 16:47:52.865 13627 13695 V org.thaliproject.p2p.btconnectorlib.DiscoveryManagerSettings: addListener: Listener org.thaliproject.p2p.btconnectorlib.ConnectionManager@c30fa64 added. We now have 3 listener(s)
02-10 16:47:52.865 13627 13695 V org.thaliproject.p2p.btconnectorlib.DiscoveryManagerSettings: load: Already loaded
02-10 16:47:52.865 13627 13695 D org.thaliproject.p2p.btconnectorlib.internal.AbstractBluetoothConnectivityAgent: verifyIdentityString: One or more of the following values are invalid: ", Bluetooth MAC address: "D8:5B:2A:4E:7D:FA"Peer extra info: "256
02-10 16:47:52.865 13627 13695 D org.thaliproject.p2p.btconnectorlib.internal.bluetooth.BluetoothConnector: BluetoothConnector: Bluetooth name: Thali_Bluetooth, service record UUID: fa87c0d0-afac-11de-8a39-0800200c9a66
02-10 16:47:52.865 13627 13695 D org.thaliproject.p2p.btconnectorlib.internal.bluetooth.BluetoothConnector: setIdentityString: 
02-10 16:47:52.865 13627 13695 V org.thaliproject.p2p.btconnectorlib.DiscoveryManagerSettings: load: Already loaded
02-10 16:47:52.865 13627 13695 V org.thaliproject.p2p.btconnectorlib.DiscoveryManagerSettings: addListener: Listener org.thaliproject.p2p.btconnectorlib.DiscoveryManager@a7d44cd added. We now have 4 listener(s)
02-10 16:47:52.865 13627 13695 D org.thaliproject.p2p.btconnectorlib.utils.PeerModel: addListener: New listener added - the number of listeners is now 1
02-10 16:47:52.865 13627 13695 I org.thaliproject.p2p.btconnectorlib.DiscoveryManagerSettings: setDiscoveryMode: Discovery mode BLE is supported
02-10 16:47:52.875 13627 13695 I io.jxcore.node.ConnectionHelper: onPeerLost: [11:22:33:22:11:00]
02-10 16:47:52.875 13627 13695 D io.jxcore.node.ConnectionModel: hasConnection: No connection with peer with ID 11:22:33:22:11:00
02-10 16:47:52.875 13627 13695 I jxcore-log: ok 55 onPeerLost
02-10 16:47:52.875 13627 13695 I jxcore-log: 
02-10 16:47:52.885 13627 13695 I jxcore-log: ok 56 There should be exactly one peer
02-10 16:47:52.885 13627 13695 I jxcore-log: 
02-10 16:47:52.885 13627 13695 I jxcore-log: ok 57 check if callback was fired by onPeerLost
02-10 16:47:52.885 13627 13695 I jxcore-log: 
02-10 16:47:52.885 13627 13695 I jxcore-log: ok 58 check if generation is null
02-10 16:47:52.885 13627 13695 I jxcore-log: 
02-10 16:47:52.885 13627 13695 I jxcore-log: ok 59 check if peerAvailable is false
02-10 16:47:52.885 13627 13695 I jxcore-log: 
02-10 16:47:52.895 13627 13695 I jxcore-log: # teardown
02-10 16:47:52.895 13627 13695 I jxcore-log: 
02-10 16:47:54.065 13627 13695 I jxcore-log: 2017-02-10 13:47:54 - DEBUG thaliMobileNativeWrapper: 'Method peerAvailabilityChanged registered to native'
02-10 16:47:54.065 13627 13695 I jxcore-log: 
02-10 16:47:54.075 13627 13695 I jxcore-log: 2017-02-10 13:47:54 - DEBUG thaliMobileNativeWrapper: 'Method discoveryAdvertisingStateUpdateNonTCP registered to native'
02-10 16:47:54.075 13627 13695 I jxcore-log: 
02-10 16:47:54.075 13627 13695 I jxcore-log: 2017-02-10 13:47:54 - DEBUG thaliMobileNativeWrapper: 'Method multiConnectResolved registered to native'
02-10 16:47:54.075 13627 13695 I jxcore-log: 
02-10 16:47:54.085 13627 13695 D BluetoothAdapter: STATE_ON
02-10 16:47:54.085 13627 13695 V io.jxcore.node.ConnectivityMonitor: updateConnectivityInfo: FORCED notification:
02-10 16:47:54.085 13627 13695 V io.jxcore.node.ConnectivityMonitor:     - is Wi-Fi Direct supported: true
02-10 16:47:54.085 13627 13695 V io.jxcore.node.ConnectivityMonitor:     - is Bluetooth LE multiple advertisement supported: SUPPORTED
02-10 16:47:54.085 13627 13695 V io.jxcore.node.ConnectivityMonitor:     - is Wi-Fi enabled: true
02-10 16:47:54.085 13627 13695 V io.jxcore.node.ConnectivityMonitor:     - is Bluetooth enabled: true
02-10 16:47:54.085 13627 13695 V io.jxcore.node.ConnectivityMonitor:     - BSSID name: 70:cd:60:ff:5a:07
02-10 16:47:54.085 13627 13695 V io.jxcore.node.ConnectivityMonitor:     - SSID name: "T"
02-10 16:47:54.085 13627 13695 V io.jxcore.node.ConnectivityMonitor:     - is connected/connecting to active network: true
02-10 16:47:54.085 13627 13695 V io.jxcore.node.ConnectivityMonitor:     - active network type is Wi-Fi: true
02-10 16:47:54.095 13627 13695 D BluetoothAdapter: STATE_ON
02-10 16:47:54.095 13627 13695 D io.jxcore.node.JXcoreExtension: notifyNetworkChanged: BLE: ON, Bluetooth: ON, Wi-Fi: ON, cellular: DO_NOT_CARE, BSSID name: 70:cd:60:ff:5a:07, SSID name: "T"
02-10 16:47:54.095 13627 13695 I jxcore-log: 2017-02-10 13:47:54 - DEBUG thaliMobileNativeWrapper: 'Method networkChanged registered to native'
02-10 16:47:54.095 13627 13695 I jxcore-log: 
02-10 16:47:54.105 13627 13695 I jxcore-log: 2017-02-10 13:47:54 - DEBUG thaliMobileNativeWrapper: 'Method multiConnectConnectionFailure registered to native'
02-10 16:47:54.105 13627 13695 I jxcore-log: 
02-10 16:47:54.105 13627 13695 I jxcore-log: 2017-02-10 13:47:54 - DEBUG thaliMobileNativeWrapper: 'Method incomingConnectionToPortNumberFailed registered to native'
02-10 16:47:54.105 13627 13695 I jxcore-log: 
02-10 16:47:54.115 13627 13695 I jxcore-log: 2017-02-10 13:47:54 - DEBUG thaliMobileNativeWrapper: 'networkChanged: {"bluetoothLowEnergy":"on","bluetooth":"on","wifi":"on","cellular":"doNotCare","bssidName":"70:cd:60:ff:5a:07","ssidName":"T"}'
02-10 16:47:54.115 13627 13695 I jxcore-log: 
02-10 16:47:54.115 13627 13695 I jxcore-log: 2017-02-10 13:47:54 - INFO thaliMobile: 'Filtered out networkChangedNonTCP (was in stopped state).'
02-10 16:47:54.115 13627 13695 I jxcore-log: 
02-10 16:47:54.115 13627 13695 I jxcore-log: # setup
02-10 16:47:54.115 13627 13695 I jxcore-log: 
02-10 16:47:54.155 13627 13695 I jxcore-log: # onPeerDiscovered calls jxcore
02-10 16:47:54.155 13627 13695 I jxcore-log: 
02-10 16:47:55.145  4343  4407 D ContactsProvider_EventLog: contents_sample_state: [ contacts(0) data(0) accounts({}) accounts deleted({}) calls([])  ]
02-10 16:47:55.145  4343  4407 D ContactsProvider_EventLog: contents_sample_state: [ agr({})  ]
02-10 16:47:55.275 13627 13695 V org.thaliproject.p2p.btconnectorlib.ConnectionManagerSettings: load: Already loaded
02-10 16:47:55.275 13627 13695 V org.thaliproject.p2p.btconnectorlib.ConnectionManagerSettings: addListener: Listener org.thaliproject.p2p.btconnectorlib.ConnectionManager@5daf182 added. We now have 3 listener(s)
02-10 16:47:55.275 13627 13695 V org.thaliproject.p2p.btconnectorlib.DiscoveryManagerSettings: addListener: Listener org.thaliproject.p2p.btconnectorlib.ConnectionManager@5daf182 added. We now have 5 listener(s)
02-10 16:47:55.275 13627 13695 V org.thaliproject.p2p.btconnectorlib.DiscoveryManagerSettings: load: Already loaded
02-10 16:47:55.275 13627 13695 D org.thaliproject.p2p.btconnectorlib.internal.AbstractBluetoothConnectivityAgent: verifyIdentityString: One or more of the following values are invalid: ", Bluetooth MAC address: "D8:5B:2A:4E:7D:FA"Peer extra info: "256
02-10 16:47:55.275 13627 13695 D org.thaliproject.p2p.btconnectorlib.internal.bluetooth.BluetoothConnector: BluetoothConnector: Bluetooth name: Thali_Bluetooth, service record UUID: fa87c0d0-afac-11de-8a39-0800200c9a66
02-10 16:47:55.275 13627 13695 D org.thaliproject.p2p.btconnectorlib.internal.bluetooth.BluetoothConnector: setIdentityString: 
02-10 16:47:55.275 13627 13695 V org.thaliproject.p2p.btconnectorlib.DiscoveryManagerSettings: load: Already loaded
02-10 16:47:55.275 13627 13695 V org.thaliproject.p2p.btconnectorlib.DiscoveryManagerSettings: addListener: Listener org.thaliproject.p2p.btconnectorlib.DiscoveryManager@5aa093 added. We now have 6 listener(s)
02-10 16:47:55.275 13627 13695 D org.thaliproject.p2p.btconnectorlib.utils.PeerModel: addListener: New listener added - the number of listeners is now 1
02-10 16:47:55.275 13627 13695 I org.thaliproject.p2p.btconnectorlib.DiscoveryManagerSettings: setDiscoveryMode: Discovery mode BLE is supported
02-10 16:47:55.275 13627 13695 I io.jxcore.node.ConnectionHelper: onPeerDiscovered: [33:44:55:44:33:22 0], Bluetooth address: 33:44:55:44:33:22, device name: 'null', device address: 'null'
02-10 16:47:55.285 13627 13695 I jxcore-log: ok 60 onPeerDiscovered
02-10 16:47:55.285 13627 13695 I jxcore-log: 
02-10 16:47:55.285 13627 13695 I jxcore-log: ok 61 There should be exactly one peer
02-10 16:47:55.285 13627 13695 I jxcore-log: 
02-10 16:47:55.285 13627 13695 I jxcore-log: ok 62 check if callback was fired by onPeerDiscovered
02-10 16:47:55.285 13627 13695 I jxcore-log: 
02-10 16:47:55.285 13627 13695 I jxcore-log: ok 63 check if generation is 0
02-10 16:47:55.285 13627 13695 I jxcore-log: 
02-10 16:47:55.285 13627 13695 I jxcore-log: ok 64 check if peerAvailable is true
02-10 16:47:55.285 13627 13695 I jxcore-log: 
02-10 16:47:55.295 13627 13695 I jxcore-log: # teardown
02-10 16:47:55.295 13627 13695 I jxcore-log: 
02-10 16:47:55.315 13627 13695 I jxcore-log: 2017-02-10 13:47:55 - DEBUG thaliMobileNativeWrapper: 'Method peerAvailabilityChanged registered to native'
02-10 16:47:55.315 13627 13695 I jxcore-log: 
02-10 16:47:55.315 13627 13695 I jxcore-log: 2017-02-10 13:47:55 - DEBUG thaliMobileNativeWrapper: 'Method discoveryAdvertisingStateUpdateNonTCP registered to native'
02-10 16:47:55.315 13627 13695 I jxcore-log: 
02-10 16:47:55.315 13627 13695 I jxcore-log: 2017-02-10 13:47:55 - DEBUG thaliMobileNativeWrapper: 'Method multiConnectResolved registered to native'
02-10 16:47:55.315 13627 13695 I jxcore-log: 
02-10 16:47:55.325 13627 13695 D BluetoothAdapter: STATE_ON
02-10 16:47:55.325 13627 13695 V io.jxcore.node.ConnectivityMonitor: updateConnectivityInfo: FORCED notification:
02-10 16:47:55.325 13627 13695 V io.jxcore.node.ConnectivityMonitor:     - is Wi-Fi Direct supported: true
02-10 16:47:55.325 13627 13695 V io.jxcore.node.ConnectivityMonitor:     - is Bluetooth LE multiple advertisement supported: SUPPORTED
02-10 16:47:55.325 13627 13695 V io.jxcore.node.ConnectivityMonitor:     - is Wi-Fi enabled: true
02-10 16:47:55.325 13627 13695 V io.jxcore.node.ConnectivityMonitor:     - is Bluetooth enabled: true
02-10 16:47:55.325 13627 13695 V io.jxcore.node.ConnectivityMonitor:     - BSSID name: 70:cd:60:ff:5a:07
02-10 16:47:55.325 13627 13695 V io.jxcore.node.ConnectivityMonitor:     - SSID name: "T"
02-10 16:47:55.325 13627 13695 V io.jxcore.node.ConnectivityMonitor:     - is connected/connecting to active network: true
02-10 16:47:55.325 13627 13695 V io.jxcore.node.ConnectivityMonitor:     - active network type is Wi-Fi: true
02-10 16:47:55.335 13627 13695 D BluetoothAdapter: STATE_ON
02-10 16:47:55.335 13627 13695 D io.jxcore.node.JXcoreExtension: notifyNetworkChanged: BLE: ON, Bluetooth: ON, Wi-Fi: ON, cellular: DO_NOT_CARE, BSSID name: 70:cd:60:ff:5a:07, SSID name: "T"
02-10 16:47:55.335 13627 13695 I jxcore-log: 2017-02-10 13:47:55 - DEBUG thaliMobileNativeWrapper: 'Method networkChanged registered to native'
02-10 16:47:55.335 13627 13695 I jxcore-log: 
02-10 16:47:55.335 13627 13695 I jxcore-log: 2017-02-10 13:47:55 - DEBUG thaliMobileNativeWrapper: 'Method multiConnectConnectionFailure registered to native'
02-10 16:47:55.335 13627 13695 I jxcore-log: 
02-10 16:47:55.345 13627 13695 I jxcore-log: 2017-02-10 13:47:55 - DEBUG thaliMobileNativeWrapper: 'Method incomingConnectionToPortNumberFailed registered to native'
02-10 16:47:55.345 13627 13695 I jxcore-log: 
02-10 16:47:55.345 13627 13695 I jxcore-log: 2017-02-10 13:47:55 - DEBUG thaliMobileNativeWrapper: 'networkChanged: {"bluetoothLowEnergy":"on","bluetooth":"on","wifi":"on","cellular":"doNotCare","bssidName":"70:cd:60:ff:5a:07","ssidName":"T"}'
02-10 16:47:55.345 13627 13695 I jxcore-log: 
02-10 16:47:55.345 13627 13695 I jxcore-log: 2017-02-10 13:47:55 - INFO thaliMobile: 'Filtered out networkChangedNonTCP (was in stopped state).'
02-10 16:47:55.345 13627 13695 I jxcore-log: 
02-10 16:47:55.355 13627 13695 I jxcore-log: # setup
02-10 16:47:55.355 13627 13695 I jxcore-log: 
02-10 16:47:55.505 13627 13695 I jxcore-log: # Can call start/stopListeningForAdvertisements
02-10 16:47:55.505 13627 13695 I jxcore-log: 
02-10 16:47:56.555 13627 13695 D io.jxcore.node.JXcoreExtension: startListeningForAdvertisements
02-10 16:47:56.565 13627 13695 D BluetoothAdapter: STATE_ON
02-10 16:47:56.575 13627 13695 I io.jxcore.node.ConnectionHelper: start: Port number: 0, start advertisements: false
02-10 16:47:56.575 13627 13695 V io.jxcore.node.ConnectivityMonitor: start: Already started
02-10 16:47:56.575 13627 13695 V io.jxcore.node.StartStopOperation: isTargetState: Connectivity: NOT_STARTED, discovery: NOT_STARTED, is discovering: false, is advertising: false - Start operation: Should affect listening to advertisements only
02-10 16:47:56.575 13627 13695 V io.jxcore.node.StartStopOperationHandler: executeCurrentOperation: Executing: Start operation: Should affect listening to advertisements only
02-10 16:47:56.575 13627 13695 I org.thaliproject.p2p.btconnectorlib.DiscoveryManager: start: Discovery mode: BLE, start discovery: true, start advertiser: false
02-10 16:47:56.575 13627 13695 I org.thaliproject.p2p.btconnectorlib.internal.bluetooth.BluetoothManager: bind: Binding a new listener
02-10 16:47:56.575 13627 13695 I org.thaliproject.p2p.btconnectorlib.internal.wifi.WifiDirectManager: bind: Binding a new listener
02-10 16:47:56.575 13627 13695 D org.thaliproject.p2p.btconnectorlib.DiscoveryManager: startBlePeerDiscoverer
02-10 16:47:56.575 13627 13695 V io.jxcore.node.ConnectionHelper: Received a request for permission "android.permission.ACCESS_COARSE_LOCATION", but we are expecting that all the required permissions have already been granted
02-10 16:47:56.575 13627 13695 V org.thaliproject.p2p.btconnectorlib.DiscoveryManager: getBlePeerDiscovererInstanceAndCheckBluetoothMacAddress: Constructing...
02-10 16:47:56.585 13627 13695 D BluetoothAdapter: STATE_ON
02-10 16:47:56.585 13627 13695 D BluetoothAdapter: STATE_ON
02-10 16:47:56.585 13627 13695 D BluetoothAdapter: STATE_ON
02-10 16:47:56.595 13627 13695 D org.thaliproject.p2p.btconnectorlib.internal.bluetooth.le.BleAdvertiser: setAdvertiseSettings, Current thread: Thread[Thread-3482,7,main], id: 3482
02-10 16:47:56.595 13627 13695 I org.thaliproject.p2p.btconnectorlib.internal.bluetooth.le.BleAdvertiser: setAdvertiseSettings: Mode: 2, Tx power level: 3, timeout: 0, is connectable: false
02-10 16:47:56.595 13627 13695 D BluetoothAdapter: STATE_ON
02-10 16:47:56.595 13627 13695 D BluetoothAdapter: STATE_ON
02-10 16:47:56.595 13627 13695 D org.thaliproject.p2p.btconnectorlib.internal.bluetooth.le.BleScanner: applyAdditionalMarshmallowSettings
02-10 16:47:56.595 13627 13695 I org.thaliproject.p2p.btconnectorlib.internal.bluetooth.le.BleScanner: setScanSettings: Mode: 2, report delay in milliseconds: 500, scan result type: 0
02-10 16:47:56.595 13627 13695 D org.thaliproject.p2p.btconnectorlib.internal.bluetooth.le.BlePeerDiscoverer: Beacon extra: 256
02-10 16:47:56.605 13627 13695 D BluetoothAdapter: STATE_ON
02-10 16:47:56.605 13627 13695 D BluetoothAdapter: STATE_ON
02-10 16:47:56.605 13627 13695 V org.thaliproject.p2p.btconnectorlib.internal.bluetooth.BluetoothManager: Checking support for offloaded filtering: Storing the value (SUPPORTED) in persistent storage
02-10 16:47:56.605 13627 13695 D BluetoothAdapter: STATE_ON
02-10 16:47:56.615 13627 13695 D BluetoothAdapter: STATE_ON
02-10 16:47:56.615 13627 13695 V org.thaliproject.p2p.btconnectorlib.internal.bluetooth.BluetoothManager: Checking support for offloaded scan batching: Storing the value (SUPPORTED) in persistent storage
02-10 16:47:56.615 13627 13695 D org.thaliproject.p2p.btconnectorlib.internal.bluetooth.le.BlePeerDiscoverer: startScanner: Current thread: Thread[Thread-3482,7,main], id: 3482
02-10 16:47:56.615 13627 13695 I org.thaliproject.p2p.btconnectorlib.internal.bluetooth.le.BlePeerDiscoverer: startScanner: Starting...
02-10 16:47:56.615 13627 13695 D org.thaliproject.p2p.btconnectorlib.internal.bluetooth.le.BlePeerDiscoveryUtils: createScanFilter: No service UUID, use manufacturer ID: true
02-10 16:47:56.615 13627 13695 D org.thaliproject.p2p.btconnectorlib.internal.bluetooth.le.BlePeerDiscoveryUtils: manufacturer ID: 15017
02-10 16:47:56.615 13627 13695 D org.thaliproject.p2p.btconnectorlib.internal.bluetooth.le.BlePeerDiscoveryUtils: createScanFilter: BluetoothLeScanFilter [mDeviceName=null, mDeviceAddress=null, mUuid=null, mUuidMask=null, mServiceDataUuid=null, mServiceData=null, mServiceDataMask=null, mManufacturerId=15017, mManufacturerData=null, mManufacturerDataMask=null]
02-10 16:47:56.615 13627 13695 D org.thaliproject.p2p.btconnectorlib.internal.bluetooth.le.BleScanner: start: Current thread: Thread[Thread-3482,7,main], id: 3482
02-10 16:47:56.615 13627 13695 D BluetoothLeScanner: Start Scan
02-10 16:47:56.615 13627 13695 D BluetoothAdapter: STATE_ON
02-10 16:47:56.615 13627 13695 D BluetoothAdapter: STATE_ON
02-10 16:47:56.625 13627 13695 D BluetoothAdapter: STATE_ON
02-10 16:47:56.625 13627 13695 D BluetoothAdapter: STATE_ON
02-10 16:47:56.625 25543 25660 D BtGatt.GattService: registerClient() - UUID=a1911d4c-cc57-440b-bbf4-4b700ed52c06
02-10 16:47:56.665 25543 25567 D BtGatt.GattService: onClientRegistered() - UUID=a1911d4c-cc57-440b-bbf4-4b700ed52c06, clientIf=7
02-10 16:47:56.665 13627 13687 D BluetoothLeScanner: onClientRegistered() - status=0 clientIf=7
02-10 16:47:56.665 25543 25650 D BtGatt.GattService: start scan with filters
02-10 16:47:56.675 25543 25650 D BtGatt.GattService: getScanSettings
02-10 16:47:56.675 25543 25650 D BtGatt.GattService: Is it foreground application = true
02-10 16:47:56.675 25543 25650 D BtGatt.GattService: not a background application
02-10 16:47:56.675 25543 25650 D BtGatt.GattService: [GSIM LOG]: getActualScanMode (2/100 vs 100/5)
02-10 16:47:56.685 25543 25650 D BtGatt.GattService: [GSIM LOG]: getCallingProcessName: com.test.thalitest
02-10 16:47:56.685 25543 25650 D BtGatt.GattService: [GSIM LOG]: getCallingProcessName: com.test.thalitest
02-10 16:47:56.685 25543 25582 E BtGatt.GattService: [GSIM LOG]: gsimLogHandler: com.test.thalitest, msg: MESSAGE_START_SCAN
02-10 16:47:56.685 25543 25582 D BtGatt.GattService: [GSIM LOG]: gsimLogHandler: prevDate: 10, currDate: 10
02-10 16:47:56.685 25543 25574 D BtGatt.ScanManager: handling starting scan
02-10 16:47:56.685 25543 25574 D BluetoothAdapter: STATE_ON
02-10 16:47:56.685 25543 25574 D BluetoothAdapter: STATE_ON
02-10 16:47:56.685 13627 13695 D org.thaliproject.p2p.btconnectorlib.internal.bluetooth.le.BleScanner: start: scan started
02-10 16:47:56.685 13627 13695 D org.thaliproject.p2p.btconnectorlib.internal.bluetooth.le.BleScanner: set state: Current thread: Thread[Thread-3482,7,main], id: 3482
02-10 16:47:56.685 13627 13695 D org.thaliproject.p2p.btconnectorlib.internal.bluetooth.le.BleScanner: setState: State changed from NOT_STARTED to RUNNING
02-10 16:47:56.685 13627 13695 D org.thaliproject.p2p.btconnectorlib.internal.bluetooth.le.BleScanner: notifyScannerStateChanged: started =  true. Current thread: Thread[Thread-3482,7,main], id: 3482
02-10 16:47:56.685  3443  5456 V AlarmManager:  remove PendingIntent] PendingIntent{978e639: PendingIntentRecord{bc3dd0c com.android.bluetooth broadcastIntent}}
02-10 16:47:56.685 13627 13695 D org.thaliproject.p2p.btconnectorlib.DiscoveryManager: startBlePeerDiscoverer: OK
02-10 16:47:56.685 13627 13627 I org.thaliproject.p2p.btconnectorlib.internal.bluetooth.le.BlePeerDiscoverer: onIsScannerStartedChanged: trueCurrent thread: Thread[main,5,main], id: 1
02-10 16:47:56.685 13627 13627 D org.thaliproject.p2p.btconnectorlib.internal.bluetooth.le.BlePeerDiscoverer: updateState : Current thread: Thread[main,5,main], id: 1
02-10 16:47:56.685 13627 13627 D org.thaliproject.p2p.btconnectorlib.internal.bluetooth.le.BlePeerDiscoverer: updateState: deducedStateSet: [SCANNING]
02-10 16:47:56.685 13627 13627 D org.thaliproject.p2p.btconnectorlib.internal.bluetooth.le.BlePeerDiscoverer: updateState: stateSet: [NOT_STARTED]
02-10 16:47:56.685 13627 13627 D org.thaliproject.p2p.btconnectorlib.internal.bluetooth.le.BlePeerDiscoverer: Current thread: Thread[main,5,main], id: 1
02-10 16:47:56.685 13627 13627 D org.thaliproject.p2p.btconnectorlib.internal.bluetooth.le.BlePeerDiscoverer: updateState: State changed from [NOT_STARTED] to [SCANNING]Current thread: Thread[main,5,main], id: 1
02-10 16:47:56.685 13627 13627 D org.thaliproject.p2p.btconnectorlib.internal.bluetooth.le.BlePeerDiscoverer: update state finished. Current thread: Thread[main,5,main], id: 1
02-10 16:47:56.685 13627 13627 I org.thaliproject.p2p.btconnectorlib.DiscoveryManager: onBlePeerDiscovererStateChanged: [NOT_STARTED] -> [SCANNING] Current thread: Thread[main,5,main], id: 1
02-10 16:47:56.685 13627 13695 I org.thaliproject.p2p.btconnectorlib.DiscoveryManager: start: OK
02-10 16:47:56.685 13627 13695 D org.thaliproject.p2p.btconnectorlib.DiscoveryManager: updateState: Current thread: Thread[Thread-3482,7,main], id: 3482
02-10 16:47:56.695 25543 25567 D BtGatt.GattService: onScanFilterEnableDisabled() - clientIf=7, status=0, action=1
02-10 16:47:56.695 25543 25567 D BtGatt.ScanManager: callback done for clientIf - 7 status - 0
02-10 16:47:56.695 25543 25574 D BtGatt.ScanManager: set filter index= 29 for clientIf= 7
02-10 16:47:56.695 25543 25574 D BtGatt.ScanManager: High Rssi Filter value is = -128
02-10 16:47:56.695 25543 25574 D BtGatt.ScanManager: Low Rssi Filter value is = -128
02-10 16:47:56.695 25543 25574 D BtGatt.ScanManager: configureFilterParamter 1500 10000 4 0highRssiThreshold = -128lowRssiThreshold = -128matchmode is =2
02-10 16:47:56.695 25543 25567 D BtGatt.GattService: onScanFilterParamsConfigured() - clientIf=7, status=0, action=0, availableSpace=27
02-10 16:47:56.695 25543 25567 D BtGatt.ScanManager: callback done for clientIf - 7 status - 0
02-10 16:47:56.695 25543 25574 D BtGatt.ScanManager: Starting BLE batch scan
02-10 16:47:56.695 25543 25574 D BtGatt.ScanManager: configuring batch scan storage, appIf 7
02-10 16:47:56.695  3443  3859 V AlarmManager:  remove PendingIntent] PendingIntent{7b5947e: PendingIntentRecord{bc3dd0c com.android.bluetooth broadcastIntent}}
02-10 16:47:56.695 13627 13695 D org.thaliproject.p2p.btconnectorlib.DiscoveryManager: updateStateInternal Current thread: Thread[Thread-3482,7,main], id: 3482
02-10 16:47:56.695 13627 13695 D org.thaliproject.p2p.btconnectorlib.DiscoveryManager: updateState: State: RUNNING_BLE, is discovering: true, is advertising: false
02-10 16:47:56.695 13627 13695 D org.thaliproject.p2p.btconnectorlib.DiscoveryManager: updateStateInternal finished Current thread: Thread[Thread-3482,7,main], id: 3482
02-10 16:47:56.695 13627 13695 D org.thaliproject.p2p.btconnectorlib.DiscoveryManager: updateState finished Current thread: Thread[Thread-3482,7,main], id: 3482
02-10 16:47:56.695 13627 13695 I io.jxcore.node.ConnectionHelper: start: OK
02-10 16:47:56.695 13627 13627 D org.thaliproject.p2p.btconnectorlib.DiscoveryManager: updateState: Current thread: Thread[main,5,main], id: 1
02-10 16:47:56.695 25543 25582 D BtGatt.GattService: [GSIM LOG]: increaseScanCount : com.test.thalitest : 835
02-10 16:47:56.695 25543 25582 D BtGatt.GattService: [GSIM LOG]: increaseScanCount : com.test.thalitest, com.test.thalitest
02-10 16:47:56.705  3443  3462 V AlarmManager:  remove PendingIntent] PendingIntent{302cddf: PendingIntentRecord{bc3dd0c com.android.bluetooth broadcastIntent}}
02-10 16:47:56.715 13627 13627 D org.thaliproject.p2p.btconnectorlib.DiscoveryManager: updateStateInternal Current thread: Thread[main,5,main], id: 1
02-10 16:47:56.715 13627 13627 D org.thaliproject.p2p.btconnectorlib.DiscoveryManager: updateStateInternal finished Current thread: Thread[main,5,main], id: 1
02-10 16:47:56.715  3443  4554 V AlarmManager:  remove PendingIntent] PendingIntent{c65ca2c: PendingIntentRecord{bc3dd0c com.android.bluetooth broadcastIntent}}
02-10 16:47:56.715 13627 13627 D org.thaliproject.p2p.btconnectorlib.DiscoveryManager: updateState finished Current thread: Thread[main,5,main], id: 1
02-10 16:47:56.715 13627 13627 I io.jxcore.node.ConnectionHelper: onDiscoveryManagerStateChanged: State: RUNNING_BLE, is discovering: true, is advertising: false
02-10 16:47:56.715 25543 25582 D BtGatt.GattService: [GSIM LOG]: increaseScanCount 4 Battery : com.test.thalitest : 1
02-10 16:47:56.715 25543 25582 D BtGatt.GattService: [GSIM LOG]: setScanTime : com.test.thalitest : 24778907
02-10 16:47:56.715 25543 25582 D BtGatt.GattService: [GSIM LOG]: setRequestedScanType : com.test.thalitest : 2
02-10 16:47:56.715 25543 25582 D BtGatt.GattService: [GSIM LOG]: setActualScanType : com.test.thalitest : 2
02-10 16:47:56.715 25543 25582 D BtGatt.GattService: [GSIM LOG]: updateScanTime: 0
02-10 16:47:56.715 25543 25582 D BtGatt.GattService: [GSIM LOG]: com.test.thalitest@LowLatency, R time : 47 => 47
02-10 16:47:56.715 25543 25582 D BtGatt.GattService: [GSIM LOG]: com.test.thalitest@LowLatency, A time : 47 => 47
02-10 16:47:56.715 25543 25582 D BtGatt.GattService: [GSIM LOG]: updateScanTime: 0
02-10 16:47:56.715 25543 25582 D BtGatt.GattService: [GSIM LOG]: com.test.thalitest@LowLatency, R time : 47 => 47
02-10 16:47:56.715 25543 25582 D BtGatt.GattService: [GSIM LOG]: com.test.thalitest@LowLatency, A time : 47 => 47
02-10 16:47:56.715 25543 25582 D BtGatt.GattService: [GSIM LOG]: setActualScanType : com.test.thalitest : 2
02-10 16:47:56.715 25543 25582 D BtGatt.GattService: [GSIM LOG]: updateScanTime: 0
02-10 16:47:56.715 25543 25582 D BtGatt.GattService: [GSIM LOG]: com.test.thalitest@LowLatency, R time : 47 => 47
02-10 16:47:56.715 25543 25582 D BtGatt.GattService: [GSIM LOG]: com.test.thalitest@LowLatency, A time : 47 => 47
02-10 16:47:56.715 25543 25582 D BtGatt.GattService: [GSIM LOG]: setScanTime : com.test.thalitest : 24778907
02-10 16:47:56.715 25543 25582 D BtGatt.GattService: [GSIM LOG]: updateScanTime: 8
02-10 16:47:56.725 25543 25582 D BtGatt.GattService: [GSIM LOG]: com.samsung.android.beaconmanager@Custom, R time : 131 => 139
02-10 16:47:56.725  3443  3461 V AlarmManager:  remove PendingIntent] PendingIntent{4f8acf5: PendingIntentRecord{bc3dd0c com.android.bluetooth broadcastIntent}}
02-10 16:47:56.725  3443  4319 V AlarmManager:  remove PendingIntent] PendingIntent{d127a8a: PendingIntentRecord{bc3dd0c com.android.bluetooth broadcastIntent}}
02-10 16:47:56.735 25543 25582 D BtGatt.GattService: [GSIM LOG]: com.samsung.android.beaconmanager@LowLatency, A time : 50 => 58
02-10 16:47:56.735 25543 25582 D BtGatt.GattService: [GSIM LOG]: setActualScanType : com.samsung.android.beaconmanager : 2
02-10 16:47:56.735 25543 25582 D BtGatt.GattService: [GSIM LOG]: updateScanTime: 0
02-10 16:47:56.735  3443  4000 V AlarmManager:  remove PendingIntent] PendingIntent{2f068fb: PendingIntentRecord{bc3dd0c com.android.bluetooth broadcastIntent}}
02-10 16:47:56.735 25543 25582 D BtGatt.GattService: [GSIM LOG]: com.samsung.android.beaconmanager@Custom, R time : 139 => 139
02-10 16:47:56.735 25543 25582 D BtGatt.GattService: [GSIM LOG]: com.samsung.android.beaconmanager@LowLatency, A time : 58 => 58
02-10 16:47:56.735 25543 25582 D BtGatt.GattService: [GSIM LOG]: setScanTime : com.samsung.android.beaconmanager : 24778907
02-10 16:47:56.735  3443  5070 V AlarmManager:  remove PendingIntent] PendingIntent{d7b5d18: PendingIntentRecord{bc3dd0c com.android.bluetooth broadcastIntent}}
02-10 16:47:56.755  3443  4409 V AlarmManager:  remove PendingIntent] PendingIntent{c742371: PendingIntentRecord{bc3dd0c com.android.bluetooth broadcastIntent}}
02-10 16:47:56.755 25543 25567 D BtGatt.GattService: onBatchScanStorageConfigured() - clientIf=7, status=0
02-10 16:47:56.755 25543 25567 D BtGatt.ScanManager: callback done for clientIf - 7 status - 0
02-10 16:47:56.755 25543 25567 D BtGatt.GattService: onBatchScanStartStopped() - clientIf=7, status=0, startStopAction=1
02-10 16:47:56.755 25543 25567 D BtGatt.ScanManager: callback done for clientIf - 7 status - 0
02-10 16:47:56.755  3443  4237 V AlarmManager:  remove PendingIntent] PendingIntent{aa5b556: PendingIntentRecord{761ebfc com.android.bluetooth broadcastIntent}}
02-10 16:47:56.755  3443  4320 V AlarmManager:  remove PendingIntent] PendingIntent{c5299d7: PendingIntentRecord{bc3dd0c com.android.bluetooth broadcastIntent}}
02-10 16:47:56.765  3443  3859 V AlarmManager:  remove PendingIntent] PendingIntent{d5532c4: PendingIntentRecord{bc3dd0c com.android.bluetooth broadcastIntent}}
02-10 16:47:56.765  3443  4411 V AlarmManager:  remove PendingIntent] PendingIntent{a5685ad: PendingIntentRecord{bc3dd0c com.android.bluetooth broadcastIntent}}
02-10 16:47:56.765  3443  3462 V AlarmManager:  remove PendingIntent] PendingIntent{45fd0e2: PendingIntentRecord{bc3dd0c com.android.bluetooth broadcastIntent}}
02-10 16:47:56.775  3443  4554 V AlarmManager:  remove PendingIntent] PendingIntent{f3cfc73: PendingIntentRecord{bc3dd0c com.android.bluetooth broadcastIntent}}
02-10 16:47:56.925  3443  3826 D TimaService: TIMA: TimaService scheduler is intialized. 
02-10 16:47:56.925  3443  3826 D TimaService: TIMA: checkEvent, operation: 50000 subject: 10000
02-10 16:47:56.925  3443  3825 D TimaService: TimaServiceHandler.handleMessage what =1
02-10 16:47:57.215 13627 13627 V io.jxcore.node.ConnectionHelper: Notifying discovery manager state change: is discovering: true, is advertising: false
02-10 16:47:57.215 13627 13627 V io.jxcore.node.StartStopOperation: isTargetState: Connectivity: NOT_STARTED, discovery: RUNNING_BLE, is discovering: true, is advertising: false - Start operation: Should affect listening to advertisements only
02-10 16:47:57.215 13627 13627 D io.jxcore.node.StartStopOperationHandler: processCurrentOperationStatus: Operation successfully executed
02-10 16:47:57.215 13627 13695 I jxcore-log: ok 65 Can call startListeningForAdvertisements without error
02-10 16:47:57.215 13627 13695 I jxcore-log: 
02-10 16:47:57.215 13627 13695 D io.jxcore.node.JXcoreExtension: stopListeningForAdvertisements
02-10 16:47:57.225 13627 13695 I io.jxcore.node.ConnectionHelper: stop: Stopping only listening for advertisements
02-10 16:47:57.225 13627 13695 V io.jxcore.node.StartStopOperation: isTargetState: Connectivity: NOT_STARTED, discovery: RUNNING_BLE, is discovering: true, is advertising: false - Stop operation: Should affect listening to advertisements only
02-10 16:47:57.225 13627 13695 V io.jxcore.node.StartStopOperationHandler: executeCurrentOperation: Executing: Stop operation: Should affect listening to advertisements only
02-10 16:47:57.225 13627 13695 I org.thaliproject.p2p.btconnectorlib.DiscoveryManager: stopDiscovery
02-10 16:47:57.225 13627 13695 D org.thaliproject.p2p.btconnectorlib.internal.bluetooth.le.BlePeerDiscoverer: stopScanner: Current thread: Thread[Thread-3482,7,main], id: 3482
02-10 16:47:57.225 13627 13695 I org.thaliproject.p2p.btconnectorlib.internal.bluetooth.le.BlePeerDiscoverer: stopScanner: Stopping...
02-10 16:47:57.225 13627 13695 D org.thaliproject.p2p.btconnectorlib.internal.bluetooth.le.BleScanner: stop, Current thread: Thread[Thread-3482,7,main], id: 3482
02-10 16:47:57.225 13627 13695 D BluetoothAdapter: STATE_ON
02-10 16:47:57.225 13627 13695 D BluetoothAdapter: STATE_ON
02-10 16:47:57.235 25543 25554 D BtGatt.GattService: flushPendingBatchResults - clientIf=7, isServer=false
02-10 16:47:57.235 13627 13695 D org.thaliproject.p2p.btconnectorlib.internal.bluetooth.le.BleScanner: stop: scan results are flushed 
02-10 16:47:57.235 25543 25574 D BtGatt.ScanManager: flushPendingBatchResults - clientIf = 7
02-10 16:47:57.235 13627 13695 D BluetoothAdapter: STATE_ON
02-10 16:47:57.235 25543 25567 D BtGatt.GattService: onBatchScanReports() - clientIf=7, status=0, reportType=2, numRecords=2
02-10 16:47:57.235  3443  4411 V AlarmManager:  remove PendingIntent] PendingIntent{5d4b730: PendingIntentRecord{bc3dd0c com.android.bluetooth broadcastIntent}}
02-10 16:47:57.235 25543 25567 D BtGatt.ScanManager: callback done for clientIf - 7 status - 0
02-10 16:47:57.235 25543 25567 D BtGatt.GattService: current time is 623296578070782
02-10 16:47:57.235 25543 25567 D BtGatt.GattService: Batch record : [-118, 52, 54, 109, -52, 86, 1, -128, -91, 0, 0, 23, 2, 1, 6, 19, -1, 76, 0, 12, 14, 8, -97, -108, -104, 83, -68, -78, 124, -36, 47, -120, -57, -38, 121, 0, -39, 87, 3, 118, -16, 40, 0, -128, -91, 3, 0, 11, 2, 1, 6, 7, -1, 76, 0, 16, 2, 11, 0, 0]
02-10 16:47:57.245 25543 25567 D BtGatt.GattService: ScanRecord : [2, 1, 6, 19, -1, 76, 0, 12, 14, 8, -97, -108, -104, 83, -68, -78, 124, -36, 47, -120, -57, -38, 121]
02-10 16:47:57.245 25543 25567 D ScanRecord: parseFromBytes
02-10 16:47:57.245 25543 25567 D ScanRecord: first manudata for manu ID
02-10 16:47:57.245 25543 25567 D BtGatt.GattService: ScanRecord : [2, 1, 6, 7, -1, 76, 0, 16, 2, 11, 0]
02-10 16:47:57.245 25543 25567 D ScanRecord: parseFromBytes
02-10 16:47:57.245 25543 25567 D ScanRecord: first manudata for manu ID
02-10 16:47:57.245 13627 13695 D BluetoothAdapter: STATE_ON
02-10 16:47:57.245 13627 13695 D BluetoothLeScanner: Stop Scan
02-10 16:47:57.245  3443  3462 V AlarmManager:  remove PendingIntent] PendingIntent{a82cfa9: PendingIntentRecord{761ebfc com.android.bluetooth broadcastIntent}}
02-10 16:47:57.245 13627 13638 D ScanRecord: parseFromBytes
02-10 16:47:57.245 13627 13638 D ScanRecord: first manudata for manu ID
02-10 16:47:57.245 13627 13638 D ScanRecord: parseFromBytes
02-10 16:47:57.245 13627 13638 D ScanRecord: first manudata for manu ID
02-10 16:47:57.245 13627 13627 D org.thaliproject.p2p.btconnectorlib.internal.bluetooth.le.BleScanner: onBatchScanResults: results count  = 2. Current thread: Thread[main,5,main], id: 1
02-10 16:47:57.255 13627 13627 D org.thaliproject.p2p.btconnectorlib.internal.bluetooth.le.BlePeerDiscoverer: checkScanResult: ScanResult{mDevice=28:F0:76:03:57:D9, mScanRecord=ScanRecord [mAdvertiseFlags=6, mServiceUuids=null, mManufacturerSpecificData={76=[16, 2, 11, 0]}, mServiceData={}, mTxPowerLevel=-2147483648, mDeviceName=null], mRssi=-91, mTimestampNanos=623296428443667}
02-10 16:47:57.255 13627 13627 D org.thaliproject.p2p.btconnectorlib.internal.bluetooth.le.BlePeerDiscoverer: checkScanResult: ScanResult{mDevice=56:CC:6D:36:34:8A, mScanRecord=ScanRecord [mAdvertiseFlags=6, mServiceUuids=null, mManufacturerSpecificData={76=[12, 14, 8, -97, -108, -104, 83, -68, -78, 124, -36, 47, -120, -57, -38, 121]}, mServiceData={}, mTxPowerLevel=-2147483648, mDeviceName=null], mRssi=-91, mTimestampNanos=623296578443667}
02-10 16:47:57.255 25543 25661 D BtGatt.GattService: [GSIM LOG]: getCallingProcessName: com.test.thalitest
02-10 16:47:57.255 25543 25661 D BtGatt.GattService: [GSIM LOG]: getCallingProcessName: com.test.thalitest
02-10 16:47:57.255 25543 25661 D BtGatt.GattService: stopScan() - queue size =2
02-10 16:47:57.255 25543 25582 E BtGatt.GattService: [GSIM LOG]: gsimLogHandler: com.test.thalitest, msg: MESSAGE_STOP_SCAN
02-10 16:47:57.255 25543 25582 D BtGatt.GattService: [GSIM LOG]: gsimLogHandler: prevDate: 10, currDate: 10
02-10 16:47:57.255 25543 25582 D BtGatt.GattService: [GSIM LOG]: updateScanTime: 0
02-10 16:47:57.255 25543 25582 D BtGatt.GattService: [GSIM LOG]: com.test.thalitest@LowLatency, R time : 47 => 47
02-10 16:47:57.255 25543 25582 D BtGatt.GattService: [GSIM LOG]: com.test.thalitest@LowLatency, A time : 47 => 47
02-10 16:47:57.255 25543 25582 D BtGatt.GattService: [GSIM LOG]: remove : com.test.thalitest at  BLE_SCAN_ACTUAL_DB
02-10 16:47:57.255 25543 25582 D BtGatt.GattService: [GSIM LOG]: remove : com.test.thalitest at  BLE_SCAN_REQUESTED_DB
02-10 16:47:57.255 25543 25553 D BtGatt.GattService: unregisterClient() - clientIf=7
02-10 16:47:57.265 13627 13695 D org.thaliproject.p2p.btconnectorlib.internal.bluetooth.le.BleScanner: stop: Stopped
02-10 16:47:57.265 13627 13695 D org.thaliproject.p2p.btconnectorlib.internal.bluetooth.le.BleScanner: set state: Current thread: Thread[Thread-3482,7,main], id: 3482
02-10 16:47:57.265  3443  5070 V AlarmManager:  remove PendingIntent] PendingIntent{aae192e: PendingIntentRecord{bc3dd0c com.android.bluetooth broadcastIntent}}
02-10 16:47:57.265 13627 13695 D org.thaliproject.p2p.btconnectorlib.internal.bluetooth.le.BleScanner: setState: State changed from RUNNING to NOT_STARTED
02-10 16:47:57.265 13627 13695 D org.thaliproject.p2p.btconnectorlib.internal.bluetooth.le.BleScanner: notifyScannerStateChanged: started =  false. Current thread: Thread[Thread-3482,7,main], id: 3482
02-10 16:47:57.265 13627 13695 D org.thaliproject.p2p.btconnectorlib.internal.bluetooth.le.BleScanner: stop finished, Current thread: Thread[Thread-3482,7,main], id: 3482
02-10 16:47:57.265 13627 13695 I org.thaliproject.p2p.btconnectorlib.DiscoveryManager: stop: Stopping peer discovery...
02-10 16:47:57.265 13627 13627 I org.thaliproject.p2p.btconnectorlib.internal.bluetooth.le.BlePeerDiscoverer: onIsScannerStartedChanged: falseCurrent thread: Thread[main,5,main], id: 1
02-10 16:47:57.265 13627 13627 D org.thaliproject.p2p.btconnectorlib.internal.bluetooth.le.BlePeerDiscoverer: updateState : Current thread: Thread[main,5,main], id: 1
02-10 16:47:57.265 13627 13627 D org.thaliproject.p2p.btconnectorlib.internal.bluetooth.le.BlePeerDiscoverer: updateState: deducedStateSet: [NOT_STARTED]
02-10 16:47:57.265 13627 13627 D org.thaliproject.p2p.btconnectorlib.internal.bluetooth.le.BlePeerDiscoverer: updateState: stateSet: [SCANNING]
02-10 16:47:57.265 13627 13695 D org.thaliproject.p2p.btconnectorlib.DiscoveryManager: stopForRestart Current thread: Thread[Thread-3482,7,main], id: 3482
02-10 16:47:57.265 13627 13627 D org.thaliproject.p2p.btconnectorlib.internal.bluetooth.le.BlePeerDiscoverer: Current thread: Thread[main,5,main], id: 1
02-10 16:47:57.265 13627 13695 D org.thaliproject.p2p.btconnectorlib.DiscoveryManager: stopForRestart. RUNNING_BLE
02-10 16:47:57.265 13627 13627 D org.thaliproject.p2p.btconnectorlib.internal.bluetooth.le.BlePeerDiscoverer: updateState: State changed from [SCANNING] to [NOT_STARTED]Current thread: Thread[main,5,main], id: 1
02-10 16:47:57.265 13627 13695 D org.thaliproject.p2p.btconnectorlib.internal.BluetoothMacAddressResolutionHelper: stopProvideBluetoothMacAddressMode
02-10 16:47:57.265 13627 13627 D org.thaliproject.p2p.btconnectorlib.internal.bluetooth.le.BlePeerDiscoverer: update state finished. Current thread: Thread[main,5,main], id: 1
02-10 16:47:57.265 13627 13627 I org.thaliproject.p2p.btconnectorlib.DiscoveryManager: onBlePeerDiscovererStateChanged: [SCANNING] -> [NOT_STARTED] Current thread: Thread[main,5,main], id: 1
02-10 16:47:57.265 13627 13695 D org.thaliproject.p2p.btconnectorlib.internal.bluetooth.le.BlePeerDiscoverer: stopScannerAndAdvertiser: Current thread: Thread[Thread-3482,7,main], id: 3482
02-10 16:47:57.265 13627 13695 D org.thaliproject.p2p.btconnectorlib.internal.bluetooth.le.BlePeerDiscoverer: stopPeerAddressHelperAdvertiser Current thread: Thread[Thread-3482,7,main], id: 3482
02-10 16:47:57.265 13627 13695 D org.thaliproject.p2p.btconnectorlib.internal.bluetooth.le.BlePeerDiscoverer: stopScanner: Current thread: Thread[Thread-3482,7,main], id: 3482
02-10 16:47:57.265 13627 13695 D org.thaliproject.p2p.btconnectorlib.internal.bluetooth.le.BleScanner: stop, Current thread: Thread[Thread-3482,7,main], id: 3482
02-10 16:47:57.265 13627 13695 D BluetoothAdapter: STATE_ON
02-10 16:47:57.265 13627 13695 D BluetoothAdapter: STATE_ON
02-10 16:47:57.265 25543 25574 D BtGatt.ScanManager: filter size is 1
02-10 16:47:57.265 25543 25574 D BtGatt.ScanManager: delete FilterIndex - 29
02-10 16:47:57.265 13627 13695 D org.thaliproject.p2p.btconnectorlib.internal.bluetooth.le.BleScanner: stop: scan results are flushed 
02-10 16:47:57.275 25543 25567 D BtGatt.GattService: onScanFilterParamsConfigured() - clientIf=7, status=0, action=1, availableSpace=28
02-10 16:47:57.275 25543 25567 D BtGatt.ScanManager: callback done for clientIf - 7 status - 0
02-10 16:47:57.275 25543 25574 D BtGatt.ScanManager: stopping BLe Batch
02-10 16:47:57.275 13627 13695 D BluetoothAdapter: STATE_ON
02-10 16:47:57.275  3443  3462 V AlarmManager:  remove PendingIntent] PendingIntent{f60eccf: PendingIntentRecord{bc3dd0c com.android.bluetooth broadcastIntent}}
02-10 16:47:57.275 13627 13695 D BluetoothAdapter: STATE_ON
02-10 16:47:57.275 25543 25567 D BtGatt.GattService: onBatchScanStartStopped() - clientIf=7, status=0, startStopAction=0
02-10 16:47:57.275 25543 25567 D BtGatt.ScanManager: callback done for clientIf - 7 status - 0
02-10 16:47:57.275 25543 25574 D BtGatt.ScanManager: flushPendingBatchResults - clientIf = 7
02-10 16:47:57.275 13627 13695 D BluetoothLeScanner: could not find callback wrapper
02-10 16:47:57.275 13627 13695 D org.thaliproject.p2p.btconnectorlib.internal.bluetooth.le.BleScanner: stop: Stopped
02-10 16:47:57.275 13627 13695 D org.thaliproject.p2p.btconnectorlib.internal.bluetooth.le.BleScanner: set state: Current thread: Thread[Thread-3482,7,main], id: 3482
02-10 16:47:57.275 13627 13695 D org.thaliproject.p2p.btconnectorlib.internal.bluetooth.le.BleScanner: stop finished, Current thread: Thread[Thread-3482,7,main], id: 3482
02-10 16:47:57.275  3443  4003 V AlarmManager:  remove PendingIntent] PendingIntent{b86165c: PendingIntentRecord{bc3dd0c com.android.bluetooth broadcastIntent}}
02-10 16:47:57.275 13627 13695 D org.thaliproject.p2p.btconnectorlib.internal.bluetooth.le.BlePeerDiscoverer: stopAdvertiser:Current thread: Thread[Thread-3482,7,main], id: 3482
02-10 16:47:57.285 25543 25567 D BtGatt.GattService: onBatchScanReports() - clientIf=7, status=0, reportType=2, numRecords=1
02-10 16:47:57.285 13627 13695 D org.thaliproject.p2p.btconnectorlib.internal.bluetooth.le.BleAdvertiser: stop. Current thread: Thread[Thread-3482,7,main], id: 3482
02-10 16:47:57.285  3443  4000 V AlarmManager:  remove PendingIntent] PendingIntent{a0fbd65: PendingIntentRecord{761ebfc com.android.bluetooth broadcastIntent}}
02-10 16:47:57.285 25543 25567 D BtGatt.ScanManager: callback done for clientIf - 7 status - 0
02-10 16:47:57.285 25543 25567 D BtGatt.GattService: current time is 623296619840397
02-10 16:47:57.285 25543 25567 D BtGatt.GattService: Batch record : [-39, 87, 3, 118, -16, 40, 0, -128, -91, 0, 0, 11, 2, 1, 6, 7, -1, 76, 0, 16, 2, 11, 0, 0]
02-10 16:47:57.285 25543 25567 D BtGatt.GattService: ScanRecord : [2, 1, 6, 7, -1, 76, 0, 16, 2, 11, 0]
02-10 16:47:57.285  3443  4615 V AlarmManager:  remove PendingIntent] PendingIntent{5869a3a: PendingIntentRecord{761ebfc com.android.bluetooth broadcastIntent}}
02-10 16:47:57.285 25543 25567 D ScanRecord: parseFromBytes
02-10 16:47:57.285 25543 25567 D ScanRecord: first manudata for manu ID
02-10 16:47:57.285 13627 13695 D BluetoothAdapter: STATE_ON
02-10 16:47:57.285 13627 13695 D BluetoothAdapter: STATE_ON
02-10 16:47:57.285 13627 13695 D BluetoothLeAdvertiser: stop advertising
02-10 16:47:57.285 13627 13695 D BluetoothLeAdvertiser: wrapper is null
02-10 16:47:57.285 13627 13695 D org.thaliproject.p2p.btconnectorlib.internal.bluetooth.le.BleAdvertiser: stop: Stopped
02-10 16:47:57.285 13627 13695 D org.thaliproject.p2p.btconnectorlib.internal.bluetooth.le.BleAdvertiser: setState: current  = NOT_STARTED, new = NOT_STARTEDCurrent thread: Thread[Thread-3482,7,main], id: 3482
02-10 16:47:57.285 13627 13695 D org.thaliproject.p2p.btconnectorlib.internal.bluetooth.le.BleAdvertiser: setState: finished Current thread: Thread[Thread-3482,7,main], id: 3482
02-10 16:47:57.285  3443  4080 V AlarmManager:  remove PendingIntent] PendingIntent{2986eb: PendingIntentRecord{bc3dd0c com.android.bluetooth broadcastIntent}}
02-10 16:47:57.285 13627 13695 D org.thaliproject.p2p.btconnectorlib.internal.bluetooth.le.BleAdvertiser: stop finished. Current thread: Thread[Thread-3482,7,main], id: 3482
02-10 16:47:57.285 13627 13695 D org.thaliproject.p2p.btconnectorlib.DiscoveryManager: stopBlePeerDiscoverer: Stopped
02-10 16:47:57.285 13627 13695 I org.thaliproject.p2p.btconnectorlib.internal.wifi.WifiDirectManager: release: No more listeners, de-initializing...
02-10 16:47:57.285 13627 13695 D org.thaliproject.p2p.btconnectorlib.internal.bluetooth.BluetoothManager: release: 1 listener(s) left
02-10 16:47:57.285 13627 13695 D org.thaliproject.p2p.btconnectorlib.DiscoveryManager: updateState: Current thread: Thread[Thread-3482,7,main], id: 3482
02-10 16:47:57.295 13627 13695 D org.thaliproject.p2p.btconnectorlib.DiscoveryManager: updateStateInternal Current thread: Thread[Thread-3482,7,main], id: 3482
02-10 16:47:57.295 13627 13695 D org.thaliproject.p2p.btconnectorlib.DiscoveryManager: updateState: State: NOT_STARTED, is discovering: false, is advertising: false
02-10 16:47:57.295 13627 13695 D org.thaliproject.p2p.btconnectorlib.DiscoveryManager: updateStateInternal finished Current thread: Thread[Thread-3482,7,main], id: 3482
02-10 16:47:57.295 13627 13695 D org.thaliproject.p2p.btconnectorlib.DiscoveryManager: updateState finished Current thread: Thread[Thread-3482,7,main], id: 3482
02-10 16:47:57.295 13627 13627 D org.thaliproject.p2p.btconnectorlib.DiscoveryManager: updateState: Current thread: Thread[main,5,main], id: 1
02-10 16:47:57.295 13627 13695 I jxcore-log: 2017-02-10 13:47:57 - DEBUG thaliMobileNativeWrapper: 'discoveryAdvertisingStateUpdateNonTCP: {"discoveryActive":true,"advertisingActive":false}'
