02-10 16:47:58.652 12180 12246 D org.thaliproject.p2p.btconnectorlib.DiscoveryManager: startBlePeerDiscoverer
02-10 16:47:58.652 12180 12246 V io.jxcore.node.ConnectionHelper: Received a request for permission "android.permission.ACCESS_COARSE_LOCATION", but we are expecting that all the required permissions have already been granted
02-10 16:47:58.652 12180 12246 V org.thaliproject.p2p.btconnectorlib.DiscoveryManager: getBlePeerDiscovererInstanceAndCheckBluetoothMacAddress: Constructing...
02-10 16:47:58.652 12180 12246 D BluetoothAdapter: STATE_ON
02-10 16:47:58.662 12180 12246 D BluetoothAdapter: STATE_ON
02-10 16:47:58.662 12180 12246 D BluetoothAdapter: STATE_ON
02-10 16:47:58.662 12180 12246 D org.thaliproject.p2p.btconnectorlib.internal.bluetooth.le.BleAdvertiser: setAdvertiseSettings, Current thread: Thread[Thread-3057,7,main], id: 3057
02-10 16:47:58.662 12180 12246 I org.thaliproject.p2p.btconnectorlib.internal.bluetooth.le.BleAdvertiser: setAdvertiseSettings: Mode: 2, Tx power level: 3, timeout: 0, is connectable: false
02-10 16:47:58.662 12180 12246 D BluetoothAdapter: STATE_ON
02-10 16:47:58.662 12180 12246 D BluetoothAdapter: STATE_ON
02-10 16:47:58.662 12180 12246 D org.thaliproject.p2p.btconnectorlib.internal.bluetooth.le.BleScanner: applyAdditionalMarshmallowSettings
02-10 16:47:58.662 12180 12246 I org.thaliproject.p2p.btconnectorlib.internal.bluetooth.le.BleScanner: setScanSettings: Mode: 2, report delay in milliseconds: 500, scan result type: 0
02-10 16:47:58.662 12180 12246 D org.thaliproject.p2p.btconnectorlib.internal.bluetooth.le.BlePeerDiscoverer: Beacon extra: 256
02-10 16:47:58.662 12180 12246 D BluetoothAdapter: STATE_ON
02-10 16:47:58.672 12180 12246 D BluetoothAdapter: STATE_ON
02-10 16:47:58.672 12180 12246 D BluetoothAdapter: STATE_ON
02-10 16:47:58.672 12180 12246 D BluetoothAdapter: STATE_ON
02-10 16:47:58.672 12180 12246 D org.thaliproject.p2p.btconnectorlib.internal.bluetooth.le.BlePeerDiscoverer: startScanner: Current thread: Thread[Thread-3057,7,main], id: 3057
02-10 16:47:58.672 12180 12246 I org.thaliproject.p2p.btconnectorlib.internal.bluetooth.le.BlePeerDiscoverer: startScanner: Starting...
02-10 16:47:58.672 12180 12246 D org.thaliproject.p2p.btconnectorlib.internal.bluetooth.le.BlePeerDiscoveryUtils: createScanFilter: No service UUID, use manufacturer ID: true
02-10 16:47:58.672 12180 12246 D org.thaliproject.p2p.btconnectorlib.internal.bluetooth.le.BlePeerDiscoveryUtils: manufacturer ID: 15017
02-10 16:47:58.672 12180 12246 D org.thaliproject.p2p.btconnectorlib.internal.bluetooth.le.BlePeerDiscoveryUtils: createScanFilter: BluetoothLeScanFilter [mDeviceName=null, mDeviceAddress=null, mUuid=null, mUuidMask=null, mServiceDataUuid=null, mServiceData=null, mServiceDataMask=null, mManufacturerId=15017, mManufacturerData=null, mManufacturerDataMask=null]
02-10 16:47:58.672 12180 12246 D org.thaliproject.p2p.btconnectorlib.internal.bluetooth.le.BleScanner: start: Current thread: Thread[Thread-3057,7,main], id: 3057
02-10 16:47:58.672 12180 12246 D BluetoothLeScanner: Start Scan
02-10 16:47:58.672 12180 12246 D BluetoothAdapter: STATE_ON
02-10 16:47:58.672 12180 12246 D BluetoothAdapter: STATE_ON
02-10 16:47:58.672 12180 12246 D BluetoothAdapter: STATE_ON
02-10 16:47:58.672 12180 12246 D BluetoothAdapter: STATE_ON
02-10 16:47:58.682 12266 23261 D BtGatt.GattService: registerClient() - UUID=7f1b24c4-0201-4348-848f-a65495601c31
02-10 16:47:58.722 12266 12300 D BtGatt.GattService: onClientRegistered() - UUID=7f1b24c4-0201-4348-848f-a65495601c31, clientIf=8
02-10 16:47:58.722 12180 12190 D BluetoothLeScanner: onClientRegistered() - status=0 clientIf=8
02-10 16:47:58.722 12266 12276 D BtGatt.GattService: start scan with filters
02-10 16:47:58.722 12266 12276 D BtGatt.GattService: getScanSettings
02-10 16:47:58.722 12266 12276 D BtGatt.GattService: Is it foreground application = true
02-10 16:47:58.722 12266 12276 D BtGatt.GattService: not a background application
02-10 16:47:58.732 12266 12276 D BtGatt.GattService: [GSIM LOG]: getActualScanMode (2/100 vs 100/5)
02-10 16:47:58.742 12266 12276 D BtGatt.GattService: [GSIM LOG]: getCallingProcessName: com.test.thalitest
02-10 16:47:58.742 12266 12276 D BtGatt.GattService: [GSIM LOG]: getCallingProcessName: com.test.thalitest
02-10 16:47:58.742 12266 12314 E BtGatt.GattService: [GSIM LOG]: gsimLogHandler: com.test.thalitest, msg: MESSAGE_START_SCAN
02-10 16:47:58.742 12266 12314 D BtGatt.GattService: [GSIM LOG]: gsimLogHandler: prevDate: 10, currDate: 10
02-10 16:47:58.742 12180 12246 D org.thaliproject.p2p.btconnectorlib.internal.bluetooth.le.BleScanner: start: scan started
02-10 16:47:58.742 12266 12304 D BtGatt.ScanManager: handling starting scan
02-10 16:47:58.742 12180 12246 D org.thaliproject.p2p.btconnectorlib.internal.bluetooth.le.BleScanner: set state: Current thread: Thread[Thread-3057,7,main], id: 3057
02-10 16:47:58.742 12266 12304 D BluetoothAdapter: STATE_ON
02-10 16:47:58.742 12180 12246 D org.thaliproject.p2p.btconnectorlib.internal.bluetooth.le.BleScanner: setState: State changed from NOT_STARTED to RUNNING
02-10 16:47:58.742 12180 12246 D org.thaliproject.p2p.btconnectorlib.internal.bluetooth.le.BleScanner: notifyScannerStateChanged: started =  true. Current thread: Thread[Thread-3057,7,main], id: 3057
02-10 16:47:58.742 12180 12246 D org.thaliproject.p2p.btconnectorlib.DiscoveryManager: startBlePeerDiscoverer: OK
02-10 16:47:58.742 12266 12304 D BluetoothAdapter: STATE_ON
02-10 16:47:58.742 12180 12180 I org.thaliproject.p2p.btconnectorlib.internal.bluetooth.le.BlePeerDiscoverer: onIsScannerStartedChanged: trueCurrent thread: Thread[main,5,main], id: 1
02-10 16:47:58.742  3537  5006 V AlarmManager:  remove PendingIntent] PendingIntent{35ae659: PendingIntentRecord{9a4c80c com.android.bluetooth broadcastIntent}}
02-10 16:47:58.742 12180 12180 D org.thaliproject.p2p.btconnectorlib.internal.bluetooth.le.BlePeerDiscoverer: updateState : Current thread: Thread[main,5,main], id: 1
02-10 16:47:58.742 12180 12180 D org.thaliproject.p2p.btconnectorlib.internal.bluetooth.le.BlePeerDiscoverer: updateState: deducedStateSet: [SCANNING]
02-10 16:47:58.742 12180 12180 D org.thaliproject.p2p.btconnectorlib.internal.bluetooth.le.BlePeerDiscoverer: updateState: stateSet: [NOT_STARTED]
02-10 16:47:58.742 12180 12180 D org.thaliproject.p2p.btconnectorlib.internal.bluetooth.le.BlePeerDiscoverer: Current thread: Thread[main,5,main], id: 1
02-10 16:47:58.742 12180 12180 D org.thaliproject.p2p.btconnectorlib.internal.bluetooth.le.BlePeerDiscoverer: updateState: State changed from [NOT_STARTED] to [SCANNING]Current thread: Thread[main,5,main], id: 1
02-10 16:47:58.742 12180 12180 D org.thaliproject.p2p.btconnectorlib.internal.bluetooth.le.BlePeerDiscoverer: update state finished. Current thread: Thread[main,5,main], id: 1
02-10 16:47:58.742 12180 12180 I org.thaliproject.p2p.btconnectorlib.DiscoveryManager: onBlePeerDiscovererStateChanged: [NOT_STARTED] -> [SCANNING] Current thread: Thread[main,5,main], id: 1
02-10 16:47:58.742 12180 12246 I org.thaliproject.p2p.btconnectorlib.DiscoveryManager: start: OK
02-10 16:47:58.742 12180 12246 D org.thaliproject.p2p.btconnectorlib.DiscoveryManager: updateState: Current thread: Thread[Thread-3057,7,main], id: 3057
02-10 16:47:58.752 12266 12300 D BtGatt.GattService: onScanFilterEnableDisabled() - clientIf=8, status=0, action=1
02-10 16:47:58.752 12266 12300 D BtGatt.ScanManager: callback done for clientIf - 8 status - 0
02-10 16:47:58.752 12266 12304 D BtGatt.ScanManager: set filter index= 4 for clientIf= 8
02-10 16:47:58.752 12266 12304 D BtGatt.ScanManager: High Rssi Filter value is = -128
02-10 16:47:58.752 12266 12304 D BtGatt.ScanManager: Low Rssi Filter value is = -128
02-10 16:47:58.752 12266 12304 D BtGatt.ScanManager: configureFilterParamter 1500 10000 4 0highRssiThreshold = -128lowRssiThreshold = -128matchmode is =2
02-10 16:47:58.752 12266 12300 D BtGatt.GattService: onScanFilterParamsConfigured() - clientIf=8, status=0, action=0, availableSpace=27
02-10 16:47:58.752 12266 12314 D BtGatt.GattService: [GSIM LOG]: increaseScanCount : com.test.thalitest : 840
02-10 16:47:58.752 12266 12314 D BtGatt.GattService: [GSIM LOG]: increaseScanCount : com.test.thalitest, com.test.thalitest
02-10 16:47:58.752 12266 12300 D BtGatt.ScanManager: callback done for clientIf - 8 status - 0
02-10 16:47:58.752 12180 12246 D org.thaliproject.p2p.btconnectorlib.DiscoveryManager: updateStateInternal Current thread: Thread[Thread-3057,7,main], id: 3057
02-10 16:47:58.752 12180 12246 D org.thaliproject.p2p.btconnectorlib.DiscoveryManager: updateState: State: RUNNING_BLE, is discovering: true, is advertising: false
02-10 16:47:58.752 12266 12304 D BtGatt.ScanManager: Starting BLE batch scan
02-10 16:47:58.752 12266 12304 D BtGatt.ScanManager: configuring batch scan storage, appIf 8
02-10 16:47:58.752 12180 12246 D org.thaliproject.p2p.btconnectorlib.DiscoveryManager: updateStateInternal finished Current thread: Thread[Thread-3057,7,main], id: 3057
02-10 16:47:58.752 12180 12246 D org.thaliproject.p2p.btconnectorlib.DiscoveryManager: updateState finished Current thread: Thread[Thread-3057,7,main], id: 3057
02-10 16:47:58.752 12180 12180 D org.thaliproject.p2p.btconnectorlib.DiscoveryManager: updateState: Current thread: Thread[main,5,main], id: 1
02-10 16:47:58.752 12180 12246 I io.jxcore.node.ConnectionHelper: start: OK
02-10 16:47:58.762 12266 12300 D BtGatt.GattService: onBatchScanStorageConfigured() - clientIf=8, status=0
02-10 16:47:58.762 12266 12300 D BtGatt.ScanManager: callback done for clientIf - 8 status - 0
02-10 16:47:58.762 12266 12300 D BtGatt.GattService: onBatchScanStartStopped() - clientIf=8, status=0, startStopAction=1
02-10 16:47:58.762 12266 12300 D BtGatt.ScanManager: callback done for clientIf - 8 status - 0
02-10 16:47:58.762 12266 12314 D BtGatt.GattService: [GSIM LOG]: increaseScanCount 4 Battery : com.test.thalitest : 2
02-10 16:47:58.762 12266 12314 D BtGatt.GattService: [GSIM LOG]: setScanTime : com.test.thalitest : 24778907
02-10 16:47:58.772 12266 12314 D BtGatt.GattService: [GSIM LOG]: setRequestedScanType : com.test.thalitest : 2
02-10 16:47:58.772 12266 12314 D BtGatt.GattService: [GSIM LOG]: setActualScanType : com.test.thalitest : 2
02-10 16:47:58.772 12266 12314 D BtGatt.GattService: [GSIM LOG]: updateScanTime: 0
02-10 16:47:58.772 12266 12314 D BtGatt.GattService: [GSIM LOG]: com.test.thalitest@LowLatency, R time : 65 => 65
02-10 16:47:58.772 12266 12314 D BtGatt.GattService: [GSIM LOG]: com.test.thalitest@LowLatency, A time : 65 => 65
02-10 16:47:58.772 12266 12314 D BtGatt.GattService: [GSIM LOG]: updateScanTime: 0
02-10 16:47:58.772 12266 12314 D BtGatt.GattService: [GSIM LOG]: com.test.thalitest@LowLatency, R time : 65 => 65
02-10 16:47:58.772 12266 12314 D BtGatt.GattService: [GSIM LOG]: com.test.thalitest@LowLatency, A time : 65 => 65
02-10 16:47:58.772 12266 12314 D BtGatt.GattService: [GSIM LOG]: setActualScanType : com.test.thalitest : 2
02-10 16:47:58.772 12266 12314 D BtGatt.GattService: [GSIM LOG]: updateScanTime: 0
02-10 16:47:58.772 12266 12314 D BtGatt.GattService: [GSIM LOG]: com.test.thalitest@LowLatency, R time : 65 => 65
02-10 16:47:58.772 12266 12314 D BtGatt.GattService: [GSIM LOG]: com.test.thalitest@LowLatency, A time : 65 => 65
02-10 16:47:58.772 12266 12314 D BtGatt.GattService: [GSIM LOG]: setScanTime : com.test.thalitest : 24778907
02-10 16:47:58.772 12266 12314 D BtGatt.GattService: [GSIM LOG]: updateScanTime: 0
02-10 16:47:58.772 12266 12314 D BtGatt.GattService: [GSIM LOG]: com.samsung.android.beaconmanager@Custom, R time : 107 => 107
02-10 16:47:58.772 12266 12314 D BtGatt.GattService: [GSIM LOG]: com.samsung.android.beaconmanager@LowLatency, A time : 43 => 43
02-10 16:47:58.772 12266 12314 D BtGatt.GattService: [GSIM LOG]: setActualScanType : com.samsung.android.beaconmanager : 2
02-10 16:47:58.772 12266 12314 D BtGatt.GattService: [GSIM LOG]: updateScanTime: 0
02-10 16:47:58.772 12266 12314 D BtGatt.GattService: [GSIM LOG]: com.samsung.android.beaconmanager@Custom, R time : 107 => 107
02-10 16:47:58.772 12266 12314 D BtGatt.GattService: [GSIM LOG]: com.samsung.android.beaconmanager@LowLatency, A time : 43 => 43
02-10 16:47:58.772 12266 12314 D BtGatt.GattService: [GSIM LOG]: setScanTime : com.samsung.android.beaconmanager : 24778907
02-10 16:47:58.772  3537  7084 V AlarmManager:  remove PendingIntent] PendingIntent{9081aff: PendingIntentRecord{9a4c80c com.android.bluetooth broadcastIntent}}
02-10 16:47:58.772  3537  4017 V AlarmManager:  remove PendingIntent] PendingIntent{e760cc: PendingIntentRecord{fecb327 com.android.bluetooth broadcastIntent}}
02-10 16:47:58.782 12180 12180 D org.thaliproject.p2p.btconnectorlib.DiscoveryManager: updateStateInternal Current thread: Thread[main,5,main], id: 1
02-10 16:47:58.782 12180 12180 D org.thaliproject.p2p.btconnectorlib.DiscoveryManager: updateStateInternal finished Current thread: Thread[main,5,main], id: 1
02-10 16:47:58.782 12180 12180 D org.thaliproject.p2p.btconnectorlib.DiscoveryManager: updateState finished Current thread: Thread[main,5,main], id: 1
02-10 16:47:58.782 12180 12180 I io.jxcore.node.ConnectionHelper: onDiscoveryManagerStateChanged: State: RUNNING_BLE, is discovering: true, is advertising: false
02-10 16:47:58.792  3537  4419 V AlarmManager:  remove PendingIntent] PendingIntent{bca8f15: PendingIntentRecord{9a4c80c com.android.bluetooth broadcastIntent}}
02-10 16:47:58.792  3537  5019 V AlarmManager:  remove PendingIntent] PendingIntent{c15822a: PendingIntentRecord{9a4c80c com.android.bluetooth broadcastIntent}}
02-10 16:47:58.792  3537  3885 V AlarmManager:  remove PendingIntent] PendingIntent{94d681b: PendingIntentRecord{9a4c80c com.android.bluetooth broadcastIntent}}
02-10 16:47:58.802  3537  4412 V AlarmManager:  remove PendingIntent] PendingIntent{b8fbdb8: PendingIntentRecord{9a4c80c com.android.bluetooth broadcastIntent}}
02-10 16:47:58.802  3537  3561 V AlarmManager:  remove PendingIntent] PendingIntent{c520791: PendingIntentRecord{9a4c80c com.android.bluetooth broadcastIntent}}
02-10 16:47:58.812  3537  4256 V AlarmManager:  remove PendingIntent] PendingIntent{86196f6: PendingIntentRecord{9a4c80c com.android.bluetooth broadcastIntent}}
02-10 16:47:58.812  3537  7084 V AlarmManager:  remove PendingIntent] PendingIntent{5d06af7: PendingIntentRecord{9a4c80c com.android.bluetooth broadcastIntent}}
02-10 16:47:58.822  3537  4017 V AlarmManager:  remove PendingIntent] PendingIntent{c5efd64: PendingIntentRecord{9a4c80c com.android.bluetooth broadcastIntent}}
02-10 16:47:58.822  3537  4885 V AlarmManager:  remove PendingIntent] PendingIntent{4fe8bcd: PendingIntentRecord{9a4c80c com.android.bluetooth broadcastIntent}}
02-10 16:47:58.832  3537  4254 V AlarmManager:  remove PendingIntent] PendingIntent{c882c82: PendingIntentRecord{9a4c80c com.android.bluetooth broadcastIntent}}
02-10 16:47:58.832  3537  3560 V AlarmManager:  remove PendingIntent] PendingIntent{216bf93: PendingIntentRecord{9a4c80c com.android.bluetooth broadcastIntent}}
02-10 16:47:58.842  3537  4089 V AlarmManager:  remove PendingIntent] PendingIntent{c08bd0: PendingIntentRecord{9a4c80c com.android.bluetooth broadcastIntent}}
02-10 16:47:59.282 12180 12180 V io.jxcore.node.ConnectionHelper: Notifying discovery manager state change: is discovering: true, is advertising: false
02-10 16:47:59.282 12180 12180 V io.jxcore.node.StartStopOperation: isTargetState: Connectivity: NOT_STARTED, discovery: RUNNING_BLE, is discovering: true, is advertising: false - Start operation: Should affect listening to advertisements only
02-10 16:47:59.282 12180 12180 D io.jxcore.node.StartStopOperationHandler: processCurrentOperationStatus: Operation successfully executed
02-10 16:47:59.282 12180 12246 I jxcore-log: ok 69 Can call startListeningForAdvertisements without error
02-10 16:47:59.282 12180 12246 I jxcore-log: 
02-10 16:47:59.282 12180 12246 D io.jxcore.node.JXcoreExtension: startListeningForAdvertisements
02-10 16:47:59.292 12180 12246 D BluetoothAdapter: STATE_ON
02-10 16:47:59.302 12180 12246 I io.jxcore.node.ConnectionHelper: start: Port number: 0, start advertisements: false
02-10 16:47:59.302 12180 12246 V io.jxcore.node.ConnectivityMonitor: start: Already started
02-10 16:47:59.302 12180 12246 V io.jxcore.node.StartStopOperation: isTargetState: Connectivity: NOT_STARTED, discovery: RUNNING_BLE, is discovering: true, is advertising: false - Start operation: Should affect listening to advertisements only
02-10 16:47:59.302 12180 12246 V io.jxcore.node.StartStopOperationHandler: executeCurrentOperation: The current state already matches the desired outcome of this operation, skipping...
02-10 16:47:59.302 12180 12246 I io.jxcore.node.ConnectionHelper: start: OK
02-10 16:47:59.302 12180 12246 I jxcore-log: 2017-02-10 13:47:59 - DEBUG thaliMobileNativeWrapper: 'discoveryAdvertisingStateUpdateNonTCP: {"discoveryActive":true,"advertisingActive":false}'
02-10 16:47:59.302 12180 12246 I jxcore-log: 
02-10 16:47:59.302 12180 12246 I jxcore-log: 2017-02-10 13:47:59 - INFO thaliMobile: 'Received state ({"discoveryActive":true,"advertisingActive":false}) did not match with target ({"started":false,"listening":false,"advertising":false,"networkType":"BOTH","startArguments":{"router":null,"pskIdToSecret":null,"networkType":null}})'
02-10 16:47:59.302 12180 12246 I jxcore-log: 
02-10 16:47:59.312 12180 12246 I jxcore-log: 2017-02-10 13:47:59 - INFO thaliMobile: 'Filtered out discoveryAdvertisingStateUpdate (was in stopped state).'
02-10 16:47:59.312 12180 12246 I jxcore-log: 
02-10 16:47:59.312 12180 12246 I jxcore-log: ok 70 Can call startListeningForAdvertisements twice without error
02-10 16:47:59.312 12180 12246 I jxcore-log: 
02-10 16:47:59.322 12180 12246 I jxcore-log: # teardown
02-10 16:47:59.322 12180 12246 I jxcore-log: 
02-10 16:47:59.782  3537  3845 V AlarmManager: Expired Alarm result :4
02-10 16:47:59.782 12266 12266 D BtGatt.ScanManager: awakened up at time 623307083
02-10 16:47:59.782 12266 12304 D BtGatt.ScanManager: flushPendingBatchResults - clientIf = 8
02-10 16:47:59.792  3537  3560 V AlarmManager:  remove PendingIntent] PendingIntent{908ece: PendingIntentRecord{9a4c80c com.android.bluetooth broadcastIntent}}
02-10 16:47:59.802 12266 12300 D BtGatt.GattService: onBatchScanReports() - clientIf=8, status=0, reportType=2, numRecords=5
02-10 16:47:59.802 12266 12300 D BtGatt.ScanManager: callback done for clientIf - 8 status - 0
02-10 16:47:59.802 12266 12300 D BtGatt.GattService: current time is 623307099689492
02-10 16:47:59.802  3537  4419 V AlarmManager:  remove PendingIntent] PendingIntent{a63c1ef: PendingIntentRecord{fecb327 com.android.bluetooth broadcastIntent}}
02-10 16:47:59.802 12266 12300 D BtGatt.GattService: Batch record : [-39, 87, 3, 118, -16, 40, 0, -128, -95, 0, 0, 11, 2, 1, 6, 7, -1, 76, 0, 16, 2, 11, 0, 0, -118, 52, 54, 109, -52, 86, 1, -128, -96, 11, 0, 23, 2, 1, 6, 19, -1, 76, 0, 12, 14, 8, -97, -108, -104, 83, -68, -78, 124, -36, 47, -120, -57, -38, 121, 0, -118, 52, 54, 109, -52, 86, 1, -128, -94, 0, 0, 23, 2, 1, 6, 19, -1, 76, 0, 12, 14, 8, -96, -108, -99, -40, -48, 9, -33, -62, 77, 31, -111, 96, -100, 0, -118, 52, 54, 109, -52, 86, 1, -128, -95, 0, 0, 23, 2, 1, 6, 19, -1, 76, 0, 12, 14, 8, -96, -108, -99, -40, -48, 9, -33, -62, 77, 31, -111, 96, -100, 0, -39, 87, 3, 118, -16, 40, 0, -128, -96, 0, 0, 11, 2, 1, 6, 7, -1, 76, 0, 16, 2, 11, 0, 0]
02-10 16:47:59.802 12266 12300 D BtGatt.GattService: ScanRecord : [2, 1, 6, 7, -1, 76, 0, 16, 2, 11, 0]
02-10 16:47:59.802 12266 12300 D ScanRecord: parseFromBytes
02-10 16:47:59.802 12266 12300 D ScanRecord: first manudata for manu ID
02-10 16:47:59.802 12266 12300 D BtGatt.GattService: ScanRecord : [2, 1, 6, 19, -1, 76, 0, 12, 14, 8, -97, -108, -104, 83, -68, -78, 124, -36, 47, -120, -57, -38, 121]
02-10 16:47:59.802 12266 12300 D ScanRecord: parseFromBytes
02-10 16:47:59.802 12266 12300 D ScanRecord: first manudata for manu ID
02-10 16:47:59.802 12266 12300 D BtGatt.GattService: ScanRecord : [2, 1, 6, 19, -1, 76, 0, 12, 14, 8, -96, -108, -99, -40, -48, 9, -33, -62, 77, 31, -111, 96, -100]
02-10 16:47:59.802 12266 12300 D ScanRecord: parseFromBytes
02-10 16:47:59.802 12266 12300 D ScanRecord: first manudata for manu ID
02-10 16:47:59.802 12266 12300 D BtGatt.GattService: ScanRecord : [2, 1, 6, 19, -1, 76, 0, 12, 14, 8, -96, -108, -99, -40, -48, 9, -33, -62, 77, 31, -111, 96, -100]
02-10 16:47:59.802 12266 12300 D ScanRecord: parseFromBytes
02-10 16:47:59.802 12266 12300 D ScanRecord: first manudata for manu ID
02-10 16:47:59.802 12266 12300 D BtGatt.GattService: ScanRecord : [2, 1, 6, 7, -1, 76, 0, 16, 2, 11, 0]
02-10 16:47:59.802 12266 12300 D ScanRecord: parseFromBytes
02-10 16:47:59.802 12266 12300 D ScanRecord: first manudata for manu ID
02-10 16:47:59.802 12180 12191 D ScanRecord: parseFromBytes
02-10 16:47:59.802 12180 12191 D ScanRecord: first manudata for manu ID
02-10 16:47:59.802 12180 12191 D ScanRecord: parseFromBytes
02-10 16:47:59.802 12180 12191 D ScanRecord: first manudata for manu ID
02-10 16:47:59.802 12180 12191 D ScanRecord: parseFromBytes
02-10 16:47:59.802 12180 12191 D ScanRecord: first manudata for manu ID
02-10 16:47:59.802 12180 12191 D ScanRecord: parseFromBytes
02-10 16:47:59.802 12180 12191 D ScanRecord: first manudata for manu ID
02-10 16:47:59.802 12180 12191 D ScanRecord: parseFromBytes
02-10 16:47:59.802 12180 12191 D ScanRecord: first manudata for manu ID
02-10 16:47:59.802 12180 12180 D org.thaliproject.p2p.btconnectorlib.internal.bluetooth.le.BleScanner: onBatchScanResults: results count  = 5. Current thread: Thread[main,5,main], id: 1
02-10 16:47:59.802 12180 12180 D org.thaliproject.p2p.btconnectorlib.internal.bluetooth.le.BlePeerDiscoverer: checkScanResult: ScanResult{mDevice=56:CC:6D:36:34:8A, mScanRecord=ScanRecord [mAdvertiseFlags=6, mServiceUuids=null, mManufacturerSpecificData={76=[12, 14, 8, -97, -108, -104, 83, -68, -78, 124, -36, 47, -120, -57, -38, 121]}, mServiceData={}, mTxPowerLevel=-2147483648, mDeviceName=null], mRssi=-96, mTimestampNanos=623306550260377}
02-10 16:47:59.812 12180 12180 D org.thaliproject.p2p.btconnectorlib.internal.bluetooth.le.BlePeerDiscoverer: checkScanResult: ScanResult{mDevice=28:F0:76:03:57:D9, mScanRecord=ScanRecord [mAdvertiseFlags=6, mServiceUuids=null, mManufacturerSpecificData={76=[16, 2, 11, 0]}, mServiceData={}, mTxPowerLevel=-2147483648, mDeviceName=null], mRssi=-95, mTimestampNanos=623307100260377}
02-10 16:47:59.812 12180 12180 D org.thaliproject.p2p.btconnectorlib.internal.bluetooth.le.BlePeerDiscoverer: checkScanResult: ScanResult{mDevice=56:CC:6D:36:34:8A, mScanRecord=ScanRecord [mAdvertiseFlags=6, mServiceUuids=null, mManufacturerSpecificData={76=[12, 14, 8, -96, -108, -99, -40, -48, 9, -33, -62, 77, 31, -111, 96, -100]}, mServiceData={}, mTxPowerLevel=-2147483648, mDeviceName=null], mRssi=-95, mTimestampNanos=623307100260377}
02-10 16:47:59.812 12180 12180 D org.thaliproject.p2p.btconnectorlib.internal.bluetooth.le.BlePeerDiscoverer: checkScanResult: ScanResult{mDevice=56:CC:6D:36:34:8A, mScanRecord=ScanRecord [mAdvertiseFlags=6, mServiceUuids=null, mManufacturerSpecificData={76=[12, 14, 8, -96, -108, -99, -40, -48, 9, -33, -62, 77, 31, -111, 96, -100]}, mServiceData={}, mTxPowerLevel=-2147483648, mDeviceName=null], mRssi=-94, mTimestampNanos=623307100260377}
02-10 16:47:59.812 12180 12180 D org.thaliproject.p2p.btconnectorlib.internal.bluetooth.le.BlePeerDiscoverer: checkScanResult: ScanResult{mDevice=28:F0:76:03:57:D9, mScanRecord=ScanRecord [mAdvertiseFlags=6, mServiceUuids=null, mManufacturerSpecificData={76=[16, 2, 11, 0]}, mServiceData={}, mTxPowerLevel=-2147483648, mDeviceName=null], mRssi=-96, mTimestampNanos=623307100260377}
02-10 16:47:59.812  3537  5019 V AlarmManager:  remove PendingIntent] PendingIntent{f6a94fc: PendingIntentRecord{9a4c80c com.android.bluetooth broadcastIntent}}
02-10 16:47:59.822  3537  4017 V AlarmManager:  remove PendingIntent] PendingIntent{ae6785: PendingIntentRecord{9a4c80c com.android.bluetooth broadcastIntent}}
02-10 16:47:59.842  3537  4412 V AlarmManager:  remove PendingIntent] PendingIntent{3aac9da: PendingIntentRecord{9a4c80c com.android.bluetooth broadcastIntent}}
02-10 16:47:59.842  3537  4755 V AlarmManager:  remove PendingIntent] PendingIntent{1d48e0b: PendingIntentRecord{9a4c80c com.android.bluetooth broadcastIntent}}
02-10 16:47:59.842  3537  3561 V AlarmManager:  remove PendingIntent] PendingIntent{24a04e8: PendingIntentRecord{9a4c80c com.android.bluetooth broadcastIntent}}
02-10 16:47:59.852  3537  7084 V AlarmManager:  remove PendingIntent] PendingIntent{a72f701: PendingIntentRecord{9a4c80c com.android.bluetooth broadcastIntent}}
02-10 16:47:59.852  3537  5006 V AlarmManager:  remove PendingIntent] PendingIntent{5fba9a6: PendingIntentRecord{9a4c80c com.android.bluetooth broadcastIntent}}
02-10 16:47:59.872  3537  3885 V AlarmManager:  remove PendingIntent] PendingIntent{63bffe7: PendingIntentRecord{9a4c80c com.android.bluetooth broadcastIntent}}
02-10 16:47:59.872  3537  4254 V AlarmManager:  remove PendingIntent] PendingIntent{32e8794: PendingIntentRecord{9a4c80c com.android.bluetooth broadcastIntent}}
02-10 16:47:59.882  3537  4419 V AlarmManager:  remove PendingIntent] PendingIntent{897023d: PendingIntentRecord{9a4c80c com.android.bluetooth broadcastIntent}}
02-10 16:47:59.892  3537  4089 V AlarmManager:  remove PendingIntent] PendingIntent{328ba32: PendingIntentRecord{9a4c80c com.android.bluetooth broadcastIntent}}
02-10 16:47:59.992  3537  3845 V AlarmManager: Expired Alarm result :8
02-10 16:48:00.002  3971  3971 D KeyguardUpdateMonitor: received broadcast android.intent.action.TIME_TICK
02-10 16:48:00.002  3971  3971 D KeyguardUpdateMonitor: handleTimeUpdate
02-10 16:48:00.012  3971  3971 D Clock   : received broadcast android.intent.action.TIME_TICK
02-10 16:48:00.072  3971  3971 D DateView: received broadcast android.intent.action.TIME_TICK
02-10 16:48:00.112 10915 10915 D [WeatherWidget(1289)]  WeatherService: {[B73D43639EB27FAA34EF41A6129C1FA74EE523C06D7536E6814BAB417862AF9BA63017AC2C1E20CC004E1F7C09A488FE6E8405EF4D3F04CE1548AAA5BC357D19]}
02-10 16:48:00.122 10915 10915 D [WeatherWidget(1289)]  : {[3AE6950019B083611567B0F9442DB03E46FB6DE766AD55CE2B94B9E5E5C0C8EB]}
02-10 16:48:00.122  3971  3971 D NotificationStackScrollLayout:  scroll range should be extended : 1600
02-10 16:48:00.122 10915 10915 D [WeatherWidget(1289)]  : {[3AE6950019B083611567B0F9442DB03E85B8F60BE8355112F1B596ABA62B74F613528AA469FA96CE9B094AD2226621B3D4CC6CA252EB6143611D87446584E7D81A7727A5CB28E5A00FB7B88F886CC25E]}
02-10 16:48:00.122 10915 10915 D [WeatherWidget(1289)]  : {[3AE6950019B083611567B0F9442DB03E13A540D6B2D66FE2DBCDF656B29228F919B5F10C2624BE066B301A30756A33A6]}
02-10 16:48:00.122 10915 10915 D [WeatherWidget(1289)]  : {[3AE6950019B083611567B0F9442DB03E62AF928DC66D815BCB601DBCF43151B9777840B84436D1417AF4F5121ED650BED8BF34306C39314BEC740EF3960F18A2]}
02-10 16:48:00.122 10915 10915 D [WeatherWidget(1289)]  : {[A1AF0F6A1A65A89C43D705938923D0FE9D71D1E79F916BF028A9BE05C24DCFF6325489ACDDEBE2E457F72259BC6C2EAA55FC899FB6B8D8D3BDC011C9BEC77C9D53AE8EE01C117180B1C599CF4C46C65097073D64E53CD3F3894B6533669933D7F39E72E97D08B4A134763427B5158D4E]}
02-10 16:48:00.132 10915 10915 D [WeatherWidget(1289)]  : {[483B5B7E147A3DD4E13C8EC20B3BDD854E22413F3C9169F664B5925485A18F29]}
02-10 16:48:00.592 12180 12246 D io.jxcore.node.JXcoreExtension: stopListeningForAdvertisements
02-10 16:48:00.592 12180 12246 I io.jxcore.node.ConnectionHelper: stop: Stopping only listening for advertisements
02-10 16:48:00.592 12180 12246 V io.jxcore.node.StartStopOperation: isTargetState: Connectivity: NOT_STARTED, discovery: RUNNING_BLE, is discovering: true, is advertising: false - Stop operation: Should affect listening to advertisements only
02-10 16:48:00.592 12180 12246 V io.jxcore.node.StartStopOperationHandler: executeCurrentOperation: Executing: Stop operation: Should affect listening to advertisements only
02-10 16:48:00.592 12180 12246 I org.thaliproject.p2p.btconnectorlib.DiscoveryManager: stopDiscovery
02-10 16:48:00.592 12180 12246 D org.thaliproject.p2p.btconnectorlib.internal.bluetooth.le.BlePeerDiscoverer: stopScanner: Current thread: Thread[Thread-3057,7,main], id: 3057
02-10 16:48:00.592 12180 12246 I org.thaliproject.p2p.btconnectorlib.internal.bluetooth.le.BlePeerDiscoverer: stopScanner: Stopping...
02-10 16:48:00.592 12180 12246 D org.thaliproject.p2p.btconnectorlib.internal.bluetooth.le.BleScanner: stop, Current thread: Thread[Thread-3057,7,main], id: 3057
02-10 16:48:00.592 12180 12246 D BluetoothAdapter: STATE_ON
02-10 16:48:00.602 12180 12246 D BluetoothAdapter: STATE_ON
02-10 16:48:00.602 12266 31490 D BtGatt.GattService: flushPendingBatchResults - clientIf=8, isServer=false
02-10 16:48:00.602 12180 12246 D org.thaliproject.p2p.btconnectorlib.internal.bluetooth.le.BleScanner: stop: scan results are flushed 
02-10 16:48:00.602 12266 12304 D BtGatt.ScanManager: flushPendingBatchResults - clientIf = 8
02-10 16:48:00.602 12180 12246 D BluetoothAdapter: STATE_ON
02-10 16:48:00.602  3537  4419 V AlarmManager:  remove PendingIntent] PendingIntent{7368900: PendingIntentRecord{9a4c80c com.android.bluetooth broadcastIntent}}
02-10 16:48:00.612 12180 12246 D BluetoothAdapter: STATE_ON
02-10 16:48:00.612 12180 12246 D BluetoothLeScanner: Stop Scan
02-10 16:48:00.612 12266 12300 D BtGatt.GattService: onBatchScanReports() - clientIf=8, status=0, reportType=2, numRecords=3
02-10 16:48:00.612 12266 12300 D BtGatt.ScanManager: callback done for clientIf - 8 status - 0
02-10 16:48:00.612 12266 12300 D BtGatt.GattService: current time is 623307910190415
02-10 16:48:00.612 12266 12300 D BtGatt.GattService: Batch record : [-118, 52, 54, 109, -52, 86, 1, -128, -94, 2, 0, 23, 2, 1, 6, 19, -1, 76, 0, 12, 14, 8, -96, -108, -99, -40, -48, 9, -33, -62, 77, 31, -111, 96, -100, 0, -39, 87, 3, 118, -16, 40, 0, -128, -94, 2, 0, 11, 2, 1, 6, 7, -1, 76, 0, 16, 2, 11, 0, 0, 101, 123, 45, 113, 35, -46, 1, -128, -99, 15, 0, 31, 2, 1, 6, 27, -1, 87, 1, 0, -75, 93, -125, -58, 19, -73, 123, 5, -116, 105, -43, 98, 16, -19, -123, 1, 2, -46, 35, 113, 45, 123, 101, 17, 10, 9, 77, 73, 32, 66, 97, 110, 100, 32, 50, 5, 2, -32, -2, -25, -2]
02-10 16:48:00.612 12266 12300 D BtGatt.GattService: ScanRecord : [2, 1, 6, 19, -1, 76, 0, 12, 14, 8, -96, -108, -99, -40, -48, 9, -33, -62, 77, 31, -111, 96, -100]
02-10 16:48:00.612 12266 12300 D ScanRecord: parseFromBytes
02-10 16:48:00.612 12266 12300 D ScanRecord: first manudata for manu ID
02-10 16:48:00.612 12266 12300 D BtGatt.GattService: ScanRecord : [2, 1, 6, 7, -1, 76, 0, 16, 2, 11, 0]
02-10 16:48:00.612 12266 12300 D ScanRecord: parseFromBytes
02-10 16:48:00.612 12266 12300 D ScanRecord: first manudata for manu ID
02-10 16:48:00.612 12266 12300 D BtGatt.GattService: ScanRecord : [2, 1, 6, 27, -1, 87, 1, 0, -75, 93, -125, -58, 19, -73, 123, 5, -116, 105, -43, 98, 16, -19, -123, 1, 2, -46, 35, 113, 45, 123, 101, 10, 9, 77, 73, 32, 66, 97, 110, 100, 32, 50, 5, 2, -32, -2, -25, -2]
02-10 16:48:00.612 12266 12300 D ScanRecord: parseFromBytes
02-10 16:48:00.612 12266 12300 D ScanRecord: first manudata for manu ID
02-10 16:48:00.612 12180 12190 D ScanRecord: parseFromBytes
02-10 16:48:00.612  3537  7084 V AlarmManager:  remove PendingIntent] PendingIntent{5f68539: PendingIntentRecord{fecb327 com.android.bluetooth broadcastIntent}}
02-10 16:48:00.612 12180 12190 D ScanRecord: first manudata for manu ID
02-10 16:48:00.612 12180 12190 D ScanRecord: parseFromBytes
02-10 16:48:00.612 12180 12190 D ScanRecord: first manudata for manu ID
02-10 16:48:00.612 12180 12190 D ScanRecord: parseFromBytes
02-10 16:48:00.612 12180 12190 D ScanRecord: first manudata for manu ID
02-10 16:48:00.622 12180 12180 D org.thaliproject.p2p.btconnectorlib.internal.bluetooth.le.BleScanner: onBatchScanResults: results count  = 3. Current thread: Thread[main,5,main], id: 1
02-10 16:48:00.622 12266 12409 D BtGatt.GattService: [GSIM LOG]: getCallingProcessName: com.test.thalitest
02-10 16:48:00.622 12266 12409 D BtGatt.GattService: [GSIM LOG]: getCallingProcessName: com.test.thalitest
02-10 16:48:00.622 12180 12180 D org.thaliproject.p2p.btconnectorlib.internal.bluetooth.le.BlePeerDiscoverer: checkScanResult: ScanResult{mDevice=D2:23:71:2D:7B:65, mScanRecord=ScanRecord [mAdvertiseFlags=6, mServiceUuids=[0000fee0-0000-1000-8000-00805f9b34fb, 0000fee7-0000-1000-8000-00805f9b34fb], mManufacturerSpecificData={343=[0, -75, 93, -125, -58, 19, -73, 123, 5, -116, 105, -43, 98, 16, -19, -123, 1, 2, -46, 35, 113, 45, 123, 101]}, mServiceData={}, mTxPowerLevel=-2147483648, mDeviceName=MI Band 2], mRssi=-99, mTimestampNanos=623307160672184}
02-10 16:48:00.622 12266 12409 D BtGatt.GattService: stopScan() - queue size =2
02-10 16:48:00.622 12180 12180 D org.thaliproject.p2p.btconnectorlib.internal.bluetooth.le.BlePeerDiscoverer: checkScanResult: ScanResult{mDevice=56:CC:6D:36:34:8A, mScanRecord=ScanRecord [mAdvertiseFlags=6, mServiceUuids=null, mManufacturerSpecificData={76=[12, 14, 8, -96, -108, -99, -40, -48, 9, -33, -62, 77, 31, -111, 96, -100]}, mServiceData={}, mTxPowerLevel=-2147483648, mDeviceName=null], mRssi=-94, mTimestampNanos=623307810672184}
02-10 16:48:00.622 12180 12180 D org.thaliproject.p2p.btconnectorlib.internal.bluetooth.le.BlePeerDiscoverer: checkScanResult: ScanResult{mDevice=28:F0:76:03:57:D9, mScanRecord=ScanRecord [mAdvertiseFlags=6, mServiceUuids=null, mManufacturerSpecificData={76=[16, 2, 11, 0]}, mServiceData={}, mTxPowerLevel=-2147483648, mDeviceName=null], mRssi=-94, mTimestampNanos=623307810672184}
02-10 16:48:00.622 12266 12314 E BtGatt.GattService: [GSIM LOG]: gsimLogHandler: com.test.thalitest, msg: MESSAGE_STOP_SCAN
02-10 16:48:00.622 12266 12314 D BtGatt.GattService: [GSIM LOG]: gsimLogHandler: prevDate: 10, currDate: 10
02-10 16:48:00.622 12266 12314 D BtGatt.GattService: [GSIM LOG]: updateScanTime: 1
02-10 16:48:00.632 12266 12370 D BtGatt.GattService: unregisterClient() - clientIf=8
02-10 16:48:00.632 12180 12246 D org.thaliproject.p2p.btconnectorlib.internal.bluetooth.le.BleScanner: stop: Stopped
02-10 16:48:00.632 12180 12246 D org.thaliproject.p2p.btconnectorlib.internal.bluetooth.le.BleScanner: set state: Current thread: Thread[Thread-3057,7,main], id: 3057
02-10 16:48:00.632 12180 12246 D org.thaliproject.p2p.btconnectorlib.internal.bluetooth.le.BleScanner: setState: State changed from RUNNING to NOT_STARTED
02-10 16:48:00.632 12180 12246 D org.thaliproject.p2p.btconnectorlib.internal.bluetooth.le.BleScanner: notifyScannerStateChanged: started =  false. Current thread: Thread[Thread-3057,7,main], id: 3057
02-10 16:48:00.632 12180 12246 D org.thaliproject.p2p.btconnectorlib.internal.bluetooth.le.BleScanner: stop finished, Current thread: Thread[Thread-3057,7,main], id: 3057
02-10 16:48:00.632  3537  4254 V AlarmManager:  remove PendingIntent] PendingIntent{9a4477e: PendingIntentRecord{9a4c80c com.android.bluetooth broadcastIntent}}
02-10 16:48:00.632 12180 12246 I org.thaliproject.p2p.btconnectorlib.DiscoveryManager: stop: Stopping peer discovery...
02-10 16:48:00.632 12180 12246 D org.thaliproject.p2p.btconnectorlib.DiscoveryManager: stopForRestart Current thread: Thread[Thread-3057,7,main], id: 3057
02-10 16:48:00.632 12180 12246 D org.thaliproject.p2p.btconnectorlib.DiscoveryManager: stopForRestart. RUNNING_BLE
02-10 16:48:00.632 12180 12180 I org.thaliproject.p2p.btconnectorlib.internal.bluetooth.le.BlePeerDiscoverer: onIsScannerStartedChanged: falseCurrent thread: Thread[main,5,main], id: 1
02-10 16:48:00.632 12180 12246 D org.thaliproject.p2p.btconnectorlib.internal.BluetoothMacAddressResolutionHelper: stopProvideBluetoothMacAddressMode
02-10 16:48:00.632 12180 12180 D org.thaliproject.p2p.btconnectorlib.internal.bluetooth.le.BlePeerDiscoverer: updateState : Current thread: Thread[main,5,main], id: 1
02-10 16:48:00.632 12180 12180 D org.thaliproject.p2p.btconnectorlib.internal.bluetooth.le.BlePeerDiscoverer: updateState: deducedStateSet: [NOT_STARTED]
02-10 16:48:00.632 12180 12180 D org.thaliproject.p2p.btconnectorlib.internal.bluetooth.le.BlePeerDiscoverer: updateState: stateSet: [SCANNING]
02-10 16:48:00.632 12180 12180 D org.thaliproject.p2p.btconnectorlib.internal.bluetooth.le.BlePeerDiscoverer: Current thread: Thread[main,5,main], id: 1
02-10 16:48:00.632 12180 12180 D org.thaliproject.p2p.btconnectorlib.internal.bluetooth.le.BlePeerDiscoverer: updateState: State changed from [SCANNING] to [NOT_STARTED]Current thread: Thread[main,5,main], id: 1
02-10 16:48:00.632 12180 12180 D org.thaliproject.p2p.btconnectorlib.internal.bluetooth.le.BlePeerDiscoverer: update state finished. Current thread: Thread[main,5,main], id: 1
02-10 16:48:00.632 12180 12246 D org.thaliproject.p2p.btconnectorlib.internal.bluetooth.le.BlePeerDiscoverer: stopScannerAndAdvertiser: Current thread: Thread[Thread-3057,7,main], id: 3057
02-10 16:48:00.632 12180 12246 D org.thaliproject.p2p.btconnectorlib.internal.bluetooth.le.BlePeerDiscoverer: stopPeerAddressHelperAdvertiser Current thread: Thread[Thread-3057,7,main], id: 3057
02-10 16:48:00.632 12180 12246 D org.thaliproject.p2p.btconnectorlib.internal.bluetooth.le.BlePeerDiscoverer: stopScanner: Current thread: Thread[Thread-3057,7,main], id: 3057
02-10 16:48:00.632 12180 12246 D org.thaliproject.p2p.btconnectorlib.internal.bluetooth.le.BleScanner: stop, Current thread: Thread[Thread-3057,7,main], id: 3057
02-10 16:48:00.632 12180 12246 D BluetoothAdapter: STATE_ON
02-10 16:48:00.642 12266 12314 D BtGatt.GattService: [GSIM LOG]: com.test.thalitest@LowLatency, R time : 65 => 66
02-10 16:48:00.642 12266 12304 D BtGatt.ScanManager: filter size is 1
02-10 16:48:00.642 12180 12246 D BluetoothAdapter: STATE_ON
02-10 16:48:00.642 12180 12246 D org.thaliproject.p2p.btconnectorlib.internal.bluetooth.le.BleScanner: stop: scan results are flushed 
02-10 16:48:00.642 12266 12304 D BtGatt.ScanManager: delete FilterIndex - 4
02-10 16:48:00.642 12266 12300 D BtGatt.GattService: onScanFilterParamsConfigured() - clientIf=8, status=0, action=1, availableSpace=28
02-10 16:48:00.642 12266 12300 D BtGatt.ScanManager: callback done for clientIf - 8 status - 0
02-10 16:48:00.642 12266 12304 D BtGatt.ScanManager: stopping BLe Batch
02-10 16:48:00.642 12180 12246 D BluetoothAdapter: STATE_ON
02-10 16:48:00.642 12266 12300 D BtGatt.GattService: onBatchScanStartStopped() - clientIf=8, status=0, startStopAction=0
02-10 16:48:00.642 12266 12300 D BtGatt.ScanManager: callback done for clientIf - 8 status - 0
02-10 16:48:00.652  3537  3560 V AlarmManager:  remove PendingIntent] PendingIntent{22f04df: PendingIntentRecord{9a4c80c com.android.bluetooth broadcastIntent}}
02-10 16:48:00.642 12266 12304 D BtGatt.ScanManager: flushPendingBatchResults - clientIf = 8
02-10 16:48:00.652  3537  3561 V AlarmManager:  remove PendingIntent] PendingIntent{4fb352c: PendingIntentRecord{fecb327 com.android.bluetooth broadcastIntent}}
02-10 16:48:00.652 12266 12314 D BtGatt.GattService: [GSIM LOG]: com.test.thalitest@LowLatency, A time : 65 => 66
02-10 16:48:00.652 12266 12314 D BtGatt.GattService: [GSIM LOG]: remove : com.test.thalitest at  BLE_SCAN_ACTUAL_DB
02-10 16:48:00.652 12266 12314 D BtGatt.GattService: [GSIM LOG]: remove : com.test.thalitest at  BLE_SCAN_REQUESTED_DB
02-10 16:48:00.652 12180 12246 D BluetoothAdapter: STATE_ON
02-10 16:48:00.652 12180 12246 D BluetoothLeScanner: could not find callback wrapper
02-10 16:48:00.652 12180 12246 D org.thaliproject.p2p.btconnectorlib.internal.bluetooth.le.BleScanner: stop: Stopped
02-10 16:48:00.652 12180 12246 D org.thaliproject.p2p.btconnectorlib.internal.bluetooth.le.BleScanner: set state: Current thread: Thread[Thread-3057,7,main], id: 3057
02-10 16:48:00.652  3537  4089 V AlarmManager:  remove PendingIntent] PendingIntent{5313bf5: PendingIntentRecord{fecb327 com.android.bluetooth broadcastIntent}}
02-10 16:48:00.652 12180 12246 D org.thaliproject.p2p.btconnectorlib.internal.bluetooth.le.BleScanner: stop finished, Current thread: Thread[Thread-3057,7,main], id: 3057
02-10 16:48:00.652 12180 12246 D org.thaliproject.p2p.btconnectorlib.internal.bluetooth.le.BlePeerDiscoverer: stopAdvertiser:Current thread: Thread[Thread-3057,7,main], id: 3057
02-10 16:48:00.652 12180 12246 D org.thaliproject.p2p.btconnectorlib.internal.bluetooth.le.BleAdvertiser: stop. Current thread: Thread[Thread-3057,7,main], id: 3057
02-10 16:48:00.652 12266 12300 D BtGatt.GattService: onBatchScanReports() - clientIf=8, status=0, reportType=2, numRecords=0
02-10 16:48:00.652 12266 12300 D BtGatt.ScanManager: callback done for clientIf - 8 status - 0
02-10 16:48:00.652 12180 12246 D BluetoothAdapter: STATE_ON
02-10 16:48:00.652 12180 12246 D BluetoothAdapter: STATE_ON
02-10 16:48:00.652 12180 12246 D BluetoothLeAdvertiser: stop advertising
02-10 16:48:00.652 12180 12246 D BluetoothLeAdvertiser: wrapper is null
02-10 16:48:00.652 12180 12246 D org.thaliproject.p2p.btconnectorlib.internal.bluetooth.le.BleAdvertiser: stop: Stopped
02-10 16:48:00.652 12180 12246 D org.thaliproject.p2p.btconnectorlib.internal.bluetooth.le.BleAdvertiser: setState: current  = NOT_STARTED, new = NOT_STARTEDCurrent thread: Thread[Thread-3057,7,main], id: 3057
02-10 16:48:00.652 12180 12246 D org.thaliproject.p2p.btconnectorlib.internal.bluetooth.le.BleAdvertiser: setState: finished Current thread: Thread[Thread-3057,7,main], id: 3057
02-10 16:48:00.652 12180 12246 D org.thaliproject.p2p.btconnectorlib.internal.bluetooth.le.BleAdvertiser: stop finished. Current thread: Thread[Thread-3057,7,main], id: 3057
02-10 16:48:00.652 12180 12246 D org.thaliproject.p2p.btconnectorlib.DiscoveryManager: stopBlePeerDiscoverer: Stopped
02-10 16:48:00.652 12180 12246 I org.thaliproject.p2p.btconnectorlib.internal.wifi.WifiDirectManager: release: No more listeners, de-initializing...
02-10 16:48:00.652 12180 12246 D org.thaliproject.p2p.btconnectorlib.internal.bluetooth.BluetoothManager: release: 1 listener(s) left
02-10 16:48:00.652 12180 12246 D org.thaliproject.p2p.btconnectorlib.DiscoveryManager: updateState: Current thread: Thread[Thread-3057,7,main], id: 3057
02-10 16:48:00.652 12180 12246 D org.thaliproject.p2p.btconnectorlib.DiscoveryManager: updateStateInternal Current thread: Thread[Thread-3057,7,main], id: 3057
02-10 16:48:00.652 12180 12246 D org.thaliproject.p2p.btconnectorlib.DiscoveryManager: updateState: State: NOT_STARTED, is discovering: false, is advertising: false
02-10 16:48:00.652 12180 12246 D org.thaliproject.p2p.btconnectorlib.DiscoveryManager: updateStateInternal finished Current thread: Thread[Thread-3057,7,main], id: 3057
02-10 16:48:00.652 12180 12246 D org.thaliproject.p2p.btconnectorlib.DiscoveryManager: updateState finished Current thread: Thread[Thread-3057,7,main], id: 3057
02-10 16:48:00.652 12180 12180 I org.thaliproject.p2p.btconnectorlib.DiscoveryManager: start: Discovery mode: BLE, start discovery: false, start advertiser: false
02-10 16:48:00.652 12180 12180 I org.thaliproject.p2p.btconnectorlib.DiscoveryManager: start: Discovery mode: BLE, start discovery: false, start advertiser: false
02-10 16:48:00.652 12180 12180 I io.jxcore.node.ConnectionHelper: onDiscoveryManagerStateChanged: State: NOT_STARTED, is discovering: false, is advertising: false
02-10 16:48:00.662  3537  5006 V AlarmManager:  remove PendingIntent] PendingIntent{ab95d8a: PendingIntentRecord{9a4c80c com.android.bluetooth broadcastIntent}}
02-10 16:48:00.662  3537  3560 V AlarmManager:  remove PendingIntent] PendingIntent{e290ffb: PendingIntentRecord{9a4c80c com.android.bluetooth broadcastIntent}}
02-10 16:48:00.672  3537  3561 V AlarmManager:  remove PendingIntent] PendingIntent{17c7818: PendingIntentRecord{9a4c80c com.android.bluetooth broadcastIntent}}
02-10 16:48:00.672  3537  4013 V AlarmManager:  remove PendingIntent] PendingIntent{926a271: PendingIntentRecord{9a4c80c com.android.bluetooth broadcastIntent}}
02-10 16:48:00.672  3537  4343 V AlarmManager:  remove PendingIntent] PendingIntent{f57c856: PendingIntentRecord{9a4c80c com.android.bluetooth broadcastIntent}}
02-10 16:48:00.682  3537  4419 V AlarmManager:  remove PendingIntent] PendingIntent{feeb0d7: PendingIntentRecord{9a4c80c com.android.bluetooth broadcastIntent}}
02-10 16:48:00.682  3537  3885 V AlarmManager:  remove PendingIntent] PendingIntent{fccfdc4: PendingIntentRecord{9a4c80c com.android.bluetooth broadcastIntent}}
02-10 16:48:00.692  3537  7084 V AlarmManager:  remove PendingIntent] PendingIntent{931f4ad: PendingIntentRecord{9a4c80c com.android.bluetooth broadcastIntent}}
02-10 16:48:00.692  3537  4017 V AlarmManager:  remove PendingIntent] PendingIntent{da013e2: PendingIntentRecord{9a4c80c com.android.bluetooth broadcastIntent}}
02-10 16:48:00.702  3537  4089 V AlarmManager:  remove PendingIntent] PendingIntent{6038373: PendingIntentRecord{9a4c80c com.android.bluetooth broadcastIntent}}
02-10 16:48:00.702  3537  4755 V AlarmManager:  remove PendingIntent] PendingIntent{f7e3230: PendingIntentRecord{9a4c80c com.android.bluetooth broadcastIntent}}
02-10 16:48:00.712  3537  4885 V AlarmManager:  remove PendingIntent] PendingIntent{d262ea9: PendingIntentRecord{9a4c80c com.android.bluetooth broadcastIntent}}
02-10 16:48:01.162 12180 12180 V io.jxcore.node.ConnectionHelper: Notifying discovery manager state change: is discovering: false, is advertising: false
02-10 16:48:01.162 12180 12180 V io.jxcore.node.StartStopOperation: isTargetState: Connectivity: NOT_STARTED, discovery: NOT_STARTED, is discovering: false, is advertising: false - Stop operation: Should affect listening to advertisements only
02-10 16:48:01.162 12180 12180 D io.jxcore.node.StartStopOperationHandler: processCurrentOperationStatus: Operation successfully executed
02-10 16:48:01.162 12180 12246 I jxcore-log: ok 71 Should be able to call stopListeningForAdvertisements in teardown
02-10 16:48:01.162 12180 12246 I jxcore-log: 
02-10 16:48:01.162 12180 12246 D io.jxcore.node.JXcoreExtension: stopAdvertisingAndListening
02-10 16:48:01.162 12180 12246 I io.jxcore.node.ConnectionHelper: stop: Stopping all activities and killing connections
02-10 16:48:01.162 12180 12246 V io.jxcore.node.StartStopOperation: isTargetState: Connectivity: NOT_STARTED, discovery: NOT_STARTED, is discovering: false, is advertising: false - Stop operation: Should start/stop everything
02-10 16:48:01.162 12180 12246 V io.jxcore.node.StartStopOperationHandler: executeCurrentOperation: The current state already matches the desired outcome of this operation, skipping...
02-10 16:48:01.172 12180 12246 I jxcore-log: 2017-02-10 13:48:01 - DEBUG thaliMobileNativeWrapper: 'discoveryAdvertisingStateUpdateNonTCP: {"discoveryActive":false,"advertisingActive":false}'
02-10 16:48:01.172 12180 12246 I jxcore-log: 
02-10 16:48:01.172 12180 12246 I jxcore-log: 2017-02-10 13:48:01 - INFO thaliMobile: 'Filtered out discoveryAdvertisingStateUpdate (was in stopped state).'
02-10 16:48:01.172 12180 12246 I jxcore-log: 
02-10 16:48:01.172 12180 12246 I jxcore-log: ok 72 Should be able to call stopAdvertisingAndListening in teardown
02-10 16:48:01.172 12180 12246 I jxcore-log: 
02-10 16:48:01.182 12180 12246 I jxcore-log: 2017-02-10 13:48:01 - DEBUG thaliMobileNativeWrapper: 'Method peerAvailabilityChanged registered to native'
02-10 16:48:01.182 12180 12246 I jxcore-log: 
02-10 16:48:01.182 12180 12246 I jxcore-log: 2017-02-10 13:48:01 - DEBUG thaliMobileNativeWrapper: 'Method discoveryAdvertisingStateUpdateNonTCP registered to native'
02-10 16:48:01.182 12180 12246 I jxcore-log: 
02-10 16:48:01.182 12180 12246 I jxcore-log: 2017-02-10 13:48:01 - DEBUG thaliMobileNativeWrapper: 'Method multiConnectResolved registered to native'
02-10 16:48:01.182 12180 12246 I jxcore-log: 
02-10 16:48:01.202 12180 12246 D BluetoothAdapter: STATE_ON
02-10 16:48:01.202 12180 12246 V io.jxcore.node.ConnectivityMonitor: updateConnectivityInfo: FORCED notification:
02-10 16:48:01.202 12180 12246 V io.jxcore.node.ConnectivityMonitor:     - is Wi-Fi Direct supported: true
02-10 16:48:01.202 12180 12246 V io.jxcore.node.ConnectivityMonitor:     - is Bluetooth LE multiple advertisement supported: SUPPORTED
02-10 16:48:01.202 12180 12246 V io.jxcore.node.ConnectivityMonitor:     - is Wi-Fi enabled: true
02-10 16:48:01.202 12180 12246 V io.jxcore.node.ConnectivityMonitor:     - is Bluetooth enabled: true
02-10 16:48:01.202 12180 12246 V io.jxcore.node.ConnectivityMonitor:     - BSSID name: 70:cd:60:ff:5a:07
02-10 16:48:01.202 12180 12246 V io.jxcore.node.ConnectivityMonitor:     - SSID name: "T"
02-10 16:48:01.202 12180 12246 V io.jxcore.node.ConnectivityMonitor:     - is connected/connecting to active network: true
02-10 16:48:01.202 12180 12246 V io.jxcore.node.ConnectivityMonitor:     - active network type is Wi-Fi: true
02-10 16:48:01.212 12180 12246 D BluetoothAdapter: STATE_ON
02-10 16:48:01.212 12180 12246 D io.jxcore.node.JXcoreExtension: notifyNetworkChanged: BLE: ON, Bluetooth: ON, Wi-Fi: ON, cellular: DO_NOT_CARE, BSSID name: 70:cd:60:ff:5a:07, SSID name: "T"
02-10 16:48:01.212 12180 12246 I jxcore-log: 2017-02-10 13:48:01 - DEBUG thaliMobileNativeWrapper: 'Method networkChanged registered to native'
02-10 16:48:01.212 12180 12246 I jxcore-log: 
02-10 16:48:01.222 12180 12246 I jxcore-log: 2017-02-10 13:48:01 - DEBUG thaliMobileNativeWrapper: 'Method multiConnectConnectionFailure registered to native'
02-10 16:48:01.222 12180 12246 I jxcore-log: 
02-10 16:48:01.222 12180 12246 I jxcore-log: 2017-02-10 13:48:01 - DEBUG thaliMobileNativeWrapper: 'Method incomingConnectionToPortNumberFailed registered to native'
02-10 16:48:01.222 12180 12246 I jxcore-log: 
02-10 16:48:01.232 12180 12246 I jxcore-log: # setup
02-10 16:48:01.232 12180 12246 I jxcore-log: 
02-10 16:48:01.242 12180 12246 I jxcore-log: 2017-02-10 13:48:01 - DEBUG thaliMobileNativeWrapper: 'networkChanged: {"bluetoothLowEnergy":"on","bluetooth":"on","wifi":"on","cellular":"doNotCare","bssidName":"70:cd:60:ff:5a:07","ssidName":"T"}'
02-10 16:48:01.242 12180 12246 I jxcore-log: 
