02-10 16:47:23.392 12180 12243 D org.thaliproject.p2p.btconnectorlib.utils.PeerModel: addListener: New listener added - the number of listeners is now 1
02-10 16:47:23.402 12180 12243 I org.thaliproject.p2p.btconnectorlib.DiscoveryManagerSettings: setDiscoveryMode: Discovery mode BLE is supported
02-10 16:47:23.402 12180 12243 I org.thaliproject.p2p.btconnectorlib.DiscoveryManagerSettings: setManufacturerId: 76 -> 15017
02-10 16:47:23.402 12180 12243 D org.thaliproject.p2p.btconnectorlib.DiscoveryManager: onAdvertiseScanSettingsChanged: Current thread: Thread[JavaBridge,7,main], id: 3054
02-10 16:47:23.402 12180 12243 I org.thaliproject.p2p.btconnectorlib.DiscoveryManagerSettings: setAdvertiseScanModeAndTxPowerLevel: Advertise mode: 1 -> 2
02-10 16:47:23.402 12180 12243 I org.thaliproject.p2p.btconnectorlib.DiscoveryManagerSettings: setAdvertiseScanModeAndTxPowerLevel: Advertise TX power level: 2 -> 3
02-10 16:47:23.402 12180 12243 I org.thaliproject.p2p.btconnectorlib.DiscoveryManagerSettings: setAdvertiseScanModeAndTxPowerLevel: Scan mode: 1 -> 2
02-10 16:47:23.402 12180 12243 D org.thaliproject.p2p.btconnectorlib.DiscoveryManager: onAdvertiseScanSettingsChanged: Current thread: Thread[JavaBridge,7,main], id: 3054
02-10 16:47:23.402 12180 12195 W System.err: remove failed: ENOENT (No such file or directory) : /data/user/0/com.test.thalitest/shared_prefs/com.test.thalitest_preferences.xml.bak
02-10 16:47:23.402 12180 12243 I org.thaliproject.p2p.btconnectorlib.internal.bluetooth.BluetoothManager: bind: Binding a new listener
02-10 16:47:23.402 12180 12243 I org.thaliproject.p2p.btconnectorlib.internal.bluetooth.BluetoothManager: initialize: My bluetooth address is 34:8A:7B:75:6B:43
02-10 16:47:23.402 12180 12243 D BluetoothAdapter: STATE_ON
02-10 16:47:23.402 12180 12243 V org.thaliproject.p2p.btconnectorlib.internal.bluetooth.BluetoothManager: Checking support for multiple advertisement: Storing the value (SUPPORTED) in persistent storage
02-10 16:47:23.402 12180 12243 V io.jxcore.node.ConnectivityMonitor: updateConnectivityInfo: FORCED notification:
02-10 16:47:23.402 12180 12243 V io.jxcore.node.ConnectivityMonitor:     - is Wi-Fi Direct supported: true
02-10 16:47:23.402 12180 12243 V io.jxcore.node.ConnectivityMonitor:     - is Bluetooth LE multiple advertisement supported: SUPPORTED
02-10 16:47:23.402 12180 12243 V io.jxcore.node.ConnectivityMonitor:     - is Wi-Fi enabled: true
02-10 16:47:23.402 12180 12243 V io.jxcore.node.ConnectivityMonitor:     - is Bluetooth enabled: true
02-10 16:47:23.402 12180 12243 V io.jxcore.node.ConnectivityMonitor:     - BSSID name: 70:cd:60:ff:5a:07
02-10 16:47:23.402 12180 12243 V io.jxcore.node.ConnectivityMonitor:     - SSID name: "T"
02-10 16:47:23.402 12180 12243 V io.jxcore.node.ConnectivityMonitor:     - is connected/connecting to active network: true
02-10 16:47:23.402 12180 12243 V io.jxcore.node.ConnectivityMonitor:     - active network type is Wi-Fi: true
02-10 16:47:23.402 12180 12243 D io.jxcore.node.JXcoreExtension: notifyNetworkChanged: Not registered for event "networkChanged" and will not notify, in JS call method "didRegisterToNative" with argument "networkChanged" to register
02-10 16:47:23.402 12180 12243 D io.jxcore.node.ConnectivityMonitor: start: OK
02-10 16:47:23.402 12180 12243 I io.jxcore.node.LifeCycleMonitor: start: OK
02-10 16:47:23.412  3010  3068 I SurfaceFlinger: id=275 Removed uhalitest (5/10)
02-10 16:47:23.412  3010  4492 I SurfaceFlinger: id=275 Removed uhalitest (-2/10)
02-10 16:47:23.422  3971  3971 D ImageWallpaper: onVisibilityChanged:false
02-10 16:47:23.422  3971  3971 D ImageWallpaper: drawFrame:false rotation:0 mLastRotation:0
02-10 16:47:23.422  3971  3971 D ImageWallpaper: drawFrame:[frame.width()]2240[frame.height()]2560
02-10 16:47:23.422  3971  3971 D ImageWallpaper: Suppressed drawFrame since redraw is not needed and offsets have not changed.
02-10 16:47:23.432  3010  3010 D libEGL  : eglTerminate EGLDisplay = 0x7fdc6490c8
02-10 16:47:23.482 12227 12227 I FIPS_bssl: FIPS approved mode (1) | 12227 | app_process
02-10 16:47:23.492 12227 12227 D AndroidRuntime: >>>>>> START com.android.internal.os.RuntimeInit uid 2000 <<<<<<
02-10 16:47:23.492 12227 12227 D AndroidRuntime: CheckJNI is OFF
02-10 16:47:23.492 12227 12227 D AndroidRuntime: readGMSProperty: start
02-10 16:47:23.492 12227 12227 D AndroidRuntime: readGMSProperty: already setted!!
02-10 16:47:23.492 12227 12227 D AndroidRuntime: propertySet: couldn't set property (it is from app)
02-10 16:47:23.492 12227 12227 D AndroidRuntime: readGMSProperty: could not set the property(default)!!
02-10 16:47:23.492 12227 12227 D AndroidRuntime: propertySet: couldn't set property (it is from app)
02-10 16:47:23.492 12227 12227 D AndroidRuntime: readGMSProperty: end
02-10 16:47:23.492 12227 12227 D AndroidRuntime: addProductProperty: start
02-10 16:47:23.522 12227 12227 D ICU     : No timezone override file found: /data/misc/zoneinfo/current/icu/icu_tzdata.dat
02-10 16:47:23.542 12180 12180 V io.jxcore.node.ConnectivityMonitor: updateConnectivityInfo: No relevant state changes
02-10 16:47:23.542 12180 12180 V io.jxcore.node.ConnectivityMonitor: updateConnectivityInfo: No relevant state changes
02-10 16:47:23.542 12227 12227 I Radio-JNI: register_android_hardware_Radio DONE
02-10 16:47:23.542 12180 12180 V io.jxcore.node.ConnectivityMonitor: updateConnectivityInfo: No relevant state changes
02-10 16:47:23.542 12180 12180 D SystemWebChromeClient: file:///android_asset/www/js/index.js: Line 36 : Uncaught TypeError: Cannot read property 'querySelector' of null
02-10 16:47:23.542 12180 12180 I chromium: [INFO:CONSOLE(36)] "Uncaught TypeError: Cannot read property 'querySelector' of null", source: file:///android_asset/www/js/index.js (36)
02-10 16:47:23.542 12227 12227 E AffinityControl: AffinityControl: registerfunction enter
02-10 16:47:23.542  3537  3915 D MdnieScenarioControlService:  packageName : com.test.thalitest    className : com.test.thalitest.MainActivity
02-10 16:47:23.552 12227 12227 D AndroidRuntime: Calling main entry com.android.commands.pm.Pm
02-10 16:47:23.562  3537  3610 D GpsLocationProvider: setRequest ProviderRequest[OFF]
02-10 16:47:23.562  3537  3610 D GpsLocationProvider: stopNavigating
02-10 16:47:23.562 12227 12227 I art     : System.exit called, status: 0
02-10 16:47:23.562 12227 12227 I AndroidRuntime: VM exiting with result code 0.
02-10 16:47:23.562  3537  3610 V AlarmManager:  remove PendingIntent] PendingIntent{de888d0: PendingIntentRecord{691d0c9 android broadcastIntent}}
02-10 16:47:23.562  3537  3610 V AlarmManager:  remove PendingIntent] PendingIntent{e2953ce: PendingIntentRecord{e75a2ef android broadcastIntent}}
02-10 16:47:23.582  3537  3537 D CustomFrequencyManagerService: releaseDVFSLockLocked : Getting Lock type frm List : DVFS_MIN_LIMIT  frequency : 1872000  uid : 1000  pid : 3537  tag : ACTIVITY_RESUME_BOOSTER@9
02-10 16:47:23.642  3537  3915 I MdnieScenarioControlService: mGameModeLauncher : false
02-10 16:47:23.642  3537  3915 I MdnieScenarioControlService: setUIMode
02-10 16:47:23.852 12266 12361 D bt_btm_pm: btm_pm_snd_md_req switching from SNIFF to ACTIVE.
02-10 16:47:23.852  3537  5019 V AlarmManager:  remove PendingIntent] PendingIntent{43a5c12: PendingIntentRecord{6a44d34 com.android.bluetooth broadcastIntent}}
02-10 16:47:23.862  3537  4013 V AlarmManager:  remove PendingIntent] PendingIntent{cd2dfe3: PendingIntentRecord{6a44d34 com.android.bluetooth broadcastIntent}}
02-10 16:47:23.862  3537  4256 V AlarmManager:  remove PendingIntent] PendingIntent{292ade0: PendingIntentRecord{6a44d34 com.android.bluetooth broadcastIntent}}
02-10 16:47:23.912  4058  4058 D Recents : onTaskStackChanged
02-10 16:47:24.042 12180 12246 W jxcore-log: Initializing JXcore engine
02-10 16:47:24.042 12180 12246 W jxcore-log: JXcore engine is ready
02-10 16:47:24.062  5263  5263 E audit   : type=1400 msg=audit(1486734444.062:1170): avc:  denied  { ioctl } for  pid=12246 comm="Thread-3057" path="/sys/kernel/debug/tracing/trace_marker" dev="debugfs" ino=3215 ioctlcmd=5451 scontext=u:r:untrusted_app:s0:c512,c768 tcontext=u:object_r:debugfs:s0 tclass=file permissive=0
02-10 16:47:24.062  5263  5263 E audit   :  SEPF_SECMOBILE_6.0.1_0031
02-10 16:47:24.062  5263  5263 E audit   : type=1300 msg=audit(1486734444.062:1170): arch=40000028 syscall=54 per=8 success=no exit=-13 a0=8 a1=5451 a2=9 a3=d477f3c8 items=0 ppid=3177 pid=12246 auid=4294967295 uid=10288 gid=10288 euid=10288 suid=10288 fsuid=10288 egid=10288 sgid=10288 fsgid=10288 tty=(none) ses=4294967295 comm="Thread-3057" exe="/system/bin/app_process32" subj=u:r:untrusted_app:s0:c512,c768 key=(null)
02-10 16:47:24.062  5263  5263 E audit   : type=1327 msg=audit(1486734444.062:1170): proctitle="com.test.thalitest"
02-10 16:47:24.062  5263  5263 E audit   : type=1320 msg=audit(1486734444.062:1170): 
02-10 16:47:24.062  5263  5263 E audit   : type=1400 msg=audit(1486734444.062:1171): avc:  denied  { ioctl } for  pid=12246 comm="Thread-3057" path="socket:[1654586]" dev="sockfs" ino=1654586 ioctlcmd=5451 scontext=u:r:untrusted_app:s0:c512,c768 tcontext=u:r:surfaceflinger:s0 tclass=unix_stream_socket permissive=0
02-10 16:47:24.062  5263  5263 E audit   :  SEPF_SECMOBILE_6.0.1_0031
02-10 16:47:24.062  5263  5263 E audit   : type=1300 msg=audit(1486734444.062:1171): arch=40000028 syscall=54 per=8 success=no exit=-13 a0=33 a1=5451 a2=9 a3=d477f3c8 items=0 ppid=3177 pid=12246 auid=4294967295 uid=10288 gid=10288 euid=10288 suid=10288 fsuid=10288 egid=10288 sgid=10288 fsgid=10288 tty=(none) ses=4294967295 comm="Thread-3057" exe="/system/bin/app_process32" subj=u:r:untrusted_app:s0:c512,c768 key=(null)
02-10 16:47:24.062  5263  5263 E audit   : type=1327 msg=audit(1486734444.062:1171): proctitle="com.test.thalitest"
02-10 16:47:24.062  5263  5263 E audit   : type=1320 msg=audit(1486734444.062:1171): 
02-10 16:47:24.082 12180 12246 W jxcore-log: Starting JXcore engine
02-10 16:47:24.112 12180 12246 W jxcore-log: Platform android
02-10 16:47:24.112 12180 12246 W jxcore-log: 
02-10 16:47:24.112 12180 12246 W jxcore-log: Process ARCH arm
02-10 16:47:24.112 12180 12246 W jxcore-log: 
02-10 16:47:24.262 12180 12246 I jxcore-log: JXcore Cordova bridge is ready!
02-10 16:47:24.262 12180 12246 I jxcore-log: 
02-10 16:47:24.262 12180 12246 W jxcore-log: JXcore engine is started
02-10 16:47:24.272 12180 12243 I org.thaliproject.p2p.ThaliPermissions: execute: REQUEST_ACCESS_COARSE_LOCATION
02-10 16:47:24.282 12180 12180 D SystemWebChromeClient: file:///android_asset/www/js/thali_main.js: Line 41 : Application has the required permission.
02-10 16:47:24.282 12180 12180 I chromium: [INFO:CONSOLE(41)] "Application has the required permission.", source: file:///android_asset/www/js/thali_main.js (41)
02-10 16:47:24.292 12180 12246 I jxcore-log: 
02-10 16:47:24.292 12180 12246 I jxcore-log: ------------------------------
02-10 16:47:24.292 12180 12246 I jxcore-log: process.jxversion = "v0.3.1.9"
02-10 16:47:24.292 12180 12246 I jxcore-log: ------------------------------
02-10 16:47:24.292 12180 12246 I jxcore-log: 
02-10 16:47:24.352 12266 12361 D bt_btm_pm: btm_pm_proc_mode_change switched from UNKNOWN to ACTIVE.
02-10 16:47:24.362  3537  4755 V AlarmManager:  remove PendingIntent] PendingIntent{4ae7899: PendingIntentRecord{6a44d34 com.android.bluetooth broadcastIntent}}
02-10 16:47:24.362  3537  4343 V AlarmManager:  remove PendingIntent] PendingIntent{65e275e: PendingIntentRecord{6a44d34 com.android.bluetooth broadcastIntent}}
02-10 16:47:25.912  3537  3942 W System.err: remove failed: ENOENT (No such file or directory) : /data/system/recent_tasks/795_task.xml.bak
02-10 16:47:25.962  3537  6511 D GameManagerService: identifyGamePackage. com.test.thalitest
02-10 16:47:28.362  3537  3845 V AlarmManager: Expired Alarm result :4
02-10 16:47:28.382  3537  4089 V AlarmManager:  remove PendingIntent] PendingIntent{5650555: PendingIntentRecord{9a4c80c com.android.bluetooth broadcastIntent}}
02-10 16:47:28.382  3537  3561 V AlarmManager:  remove PendingIntent] PendingIntent{8615b6a: PendingIntentRecord{9a4c80c com.android.bluetooth broadcastIntent}}
02-10 16:47:28.382  3537  5019 V AlarmManager:  remove PendingIntent] PendingIntent{94a685b: PendingIntentRecord{9a4c80c com.android.bluetooth broadcastIntent}}
02-10 16:47:28.452 12266 12361 E bt_btm  : HAL bt_hal_cbacks->log_collector_cb
02-10 16:47:28.452 12266 12361 I bt_btm_sec: btm_sec_disconnected clearing pending flag handle:11 reason:22
02-10 16:47:28.452 12266 12361 E bt_btm  : btm_sec_disconnected :: clear unused flags. p_dev_rec->sm4 : 17
02-10 16:47:28.452 12266 12361 W bt_btif : bta_dm_acl_change(), event : 1
02-10 16:47:28.452 12266 12361 W bt_btif : conn.link_down.is_removed : 0
02-10 16:47:28.452  3537  4419 V AlarmManager:  remove PendingIntent] PendingIntent{1dc58f8: PendingIntentRecord{9a4c80c com.android.bluetooth broadcastIntent}}
02-10 16:47:28.452 12266 12361 W bt_btif : bta_dm_acl_change(), event : 2
02-10 16:47:28.462 12266 12300 E BluetoothRemoteDevices: aclStateChangeCallback: State:DisConnected to Device:D8:5B:2A:4E:7D:XX
02-10 16:47:28.462 12266 12300 D BluetoothUtils: getBtEnabledContainers(): btContainers = []
02-10 16:47:28.472  3971  4164 V BluetoothEventManager: onReceive :: android.bluetooth.device.action.ACL_DISCONNECTED
02-10 16:47:28.472  3971  4164 E BluetoothEventManager: ACTION_ACL_DISCONNECTED
02-10 16:47:28.472  3537  3537 D KnoxKeyguardUpdateMonitor: BroadcastReceiver onReceive
02-10 16:47:28.472  3537  3537 D KnoxKeyguardUpdateMonitor: BroadcastReceiver onReceive action: android.bluetooth.device.action.ACL_DISCONNECTED
02-10 16:47:28.472  3537  3537 D KnoxKeyguardUpdateMonitor: BroadcastReceiver ACTION_ACL_DISCONNECTED
02-10 16:47:28.492 12266 12266 D BleAudioService: onReceive:: INTENT mAobleStateChangeListener got : android.bluetooth.device.action.ACL_DISCONNECTED
02-10 16:47:28.492 12266 12266 D BleAudioService: ACTION_ACL_DISCONNECTED, reason is 22 linktype is 1
02-10 16:47:28.502  3537  3614 V BroadcastQueue: [background] Process cur broadcast BroadcastRecord{5bda1d1 u0 android.bluetooth.device.action.ACL_DISCONNECTED qIdx=4}, state= (APP_RECEIVE) DELIVERED for app ProcessRecord{d6965bb 12266:com.android.bluetooth/1002}
02-10 16:47:28.512 12266 12266 D BluetoothAdapterService: getAdapterService() - returning com.android.bluetooth.btservice.AdapterService@4f6515b
02-10 16:47:28.512 12266 12266 D BtConfig.SecureMode: isSecureModeOn:false
02-10 16:47:28.512  3537  5019 D SecContentProvider: query(), uri = 4 selection = isProfileAuthorizedBySecurityPolicy
02-10 16:47:28.522 12266 12266 I BluetoothPbapService: action: android.bluetooth.device.action.ACL_DISCONNECTED, state: -2147483648
02-10 16:47:28.522 12266 12266 E BluetoothPbapService: Device  D8:5B:2A:4E:7D:FA not waiting for authorization..Skipping cancel dialog...
02-10 16:47:28.532  3537  4412 V BroadcastQueue: [background] Process cur broadcast BroadcastRecord{5bda1d1 u0 android.bluetooth.device.action.ACL_DISCONNECTED qIdx=4}, state= (APP_RECEIVE) DELIVERED for app ProcessRecord{5788feb 10642:com.samsung.fresco.logging/5015}
02-10 16:47:28.542  3537  4013 V BroadcastQueue: [background] Process cur broadcast BroadcastRecord{5bda1d1 u0 android.bluetooth.device.action.ACL_DISCONNECTED qIdx=4}, state= (APP_RECEIVE) DELIVERED for app ProcessRecord{15954f3 10692:com.sec.android.app.shealth:remote/u0a35}
02-10 16:47:28.562  3537  4013 V BroadcastQueue: [background] Process cur broadcast BroadcastRecord{5bda1d1 u0 android.bluetooth.device.action.ACL_DISCONNECTED qIdx=4}, state= (APP_RECEIVE) DELIVERED for app ProcessRecord{2eb6ccb 2847:com.skype.raider/u0a118}
02-10 16:47:28.982  3537  6511 D ConnectivityService: returning getNetworkInfo for network type 1 : [type: WIFI[] - WIFI, state: CONNECTED/CONNECTED, reason: (unspecified), extra: "T", roaming: false, failover: false, isAvailable: true]
02-10 16:47:30.732 12180 12246 I jxcore-log: 2017-02-10 13:47:30 - DEBUG thaliMobileNativeWrapper: 'Method peerAvailabilityChanged registered to native'
02-10 16:47:30.732 12180 12246 I jxcore-log: 
02-10 16:47:30.732 12180 12246 I jxcore-log: 2017-02-10 13:47:30 - DEBUG thaliMobileNativeWrapper: 'Method discoveryAdvertisingStateUpdateNonTCP registered to native'
02-10 16:47:30.732 12180 12246 I jxcore-log: 
02-10 16:47:30.732 12180 12246 I jxcore-log: 2017-02-10 13:47:30 - DEBUG thaliMobileNativeWrapper: 'Method multiConnectResolved registered to native'
02-10 16:47:30.732 12180 12246 I jxcore-log: 
02-10 16:47:30.742 12180 12246 D BluetoothAdapter: STATE_ON
02-10 16:47:30.742 12180 12246 V io.jxcore.node.ConnectivityMonitor: updateConnectivityInfo: FORCED notification:
02-10 16:47:30.742 12180 12246 V io.jxcore.node.ConnectivityMonitor:     - is Wi-Fi Direct supported: true
02-10 16:47:30.742 12180 12246 V io.jxcore.node.ConnectivityMonitor:     - is Bluetooth LE multiple advertisement supported: SUPPORTED
02-10 16:47:30.742 12180 12246 V io.jxcore.node.ConnectivityMonitor:     - is Wi-Fi enabled: true
02-10 16:47:30.742 12180 12246 V io.jxcore.node.ConnectivityMonitor:     - is Bluetooth enabled: true
02-10 16:47:30.742 12180 12246 V io.jxcore.node.ConnectivityMonitor:     - BSSID name: 70:cd:60:ff:5a:07
02-10 16:47:30.742 12180 12246 V io.jxcore.node.ConnectivityMonitor:     - SSID name: "T"
02-10 16:47:30.742 12180 12246 V io.jxcore.node.ConnectivityMonitor:     - is connected/connecting to active network: true
02-10 16:47:30.742 12180 12246 V io.jxcore.node.ConnectivityMonitor:     - active network type is Wi-Fi: true
02-10 16:47:30.752 12180 12246 D BluetoothAdapter: STATE_ON
02-10 16:47:30.762 12180 12246 D io.jxcore.node.JXcoreExtension: notifyNetworkChanged: BLE: ON, Bluetooth: ON, Wi-Fi: ON, cellular: DO_NOT_CARE, BSSID name: 70:cd:60:ff:5a:07, SSID name: "T"
02-10 16:47:30.762 12180 12246 I jxcore-log: 2017-02-10 13:47:30 - DEBUG thaliMobileNativeWrapper: 'Method networkChanged registered to native'
02-10 16:47:30.762 12180 12246 I jxcore-log: 
02-10 16:47:30.762 12180 12246 I jxcore-log: 2017-02-10 13:47:30 - DEBUG thaliMobileNativeWrapper: 'Method multiConnectConnectionFailure registered to native'
02-10 16:47:30.762 12180 12246 I jxcore-log: 
02-10 16:47:30.762 12180 12246 I jxcore-log: 2017-02-10 13:47:30 - DEBUG thaliMobileNativeWrapper: 'Method incomingConnectionToPortNumberFailed registered to native'
02-10 16:47:30.762 12180 12246 I jxcore-log: 
02-10 16:47:30.912 12180 12246 I jxcore-log: 2017-02-10 13:47:30 - DEBUG UnitTest_app: 'My device name is: 'samsung-SM-G930F''
02-10 16:47:30.912 12180 12246 I jxcore-log: 
02-10 16:47:30.912 12180 12246 I jxcore-log: 2017-02-10 13:47:30 - WARN testUtils: 'myNameCallback not set!'
02-10 16:47:30.912 12180 12246 I jxcore-log: 
02-10 16:47:32.232  3537  6511 D SSRM:u  : SIOP:: AP = 440, PST = 351 (W:6), CP = 309, LCD = 57
02-10 16:47:32.242 12180 12246 I jxcore-log: 2017-02-10 13:47:32 - INFO runTests: 'Starting tests. Network type: BOTH. Platform: android'
02-10 16:47:32.242 12180 12246 I jxcore-log: 
02-10 16:47:32.242 12180 12246 I jxcore-log: 2017-02-10 13:47:32 - INFO testLoader: 'loading file: /data/data/com.test.thalitest/files/www/jxcore/bv_tests/testMakeIntoCloseAllServer.js'
02-10 16:47:32.242 12180 12246 I jxcore-log: 
02-10 16:47:32.252 12180 12246 I jxcore-log: 2017-02-10 13:47:32 - INFO testLoader: 'loading file: /data/data/com.test.thalitest/files/www/jxcore/bv_tests/testPouchDBGenerator.js'
02-10 16:47:32.252 12180 12246 I jxcore-log: 
02-10 16:47:32.282 12180 12246 I jxcore-log: 2017-02-10 13:47:32 - INFO testLoader: 'loading file: /data/data/com.test.thalitest/files/www/jxcore/bv_tests/testPromiseQueue.js'
02-10 16:47:32.282 12180 12246 I jxcore-log: 
02-10 16:47:32.292 12180 12246 I jxcore-log: 2017-02-10 13:47:32 - INFO testLoader: 'loading file: /data/data/com.test.thalitest/files/www/jxcore/bv_tests/testTests.js'
02-10 16:47:32.292 12180 12246 I jxcore-log: 
02-10 16:47:32.322 12180 12246 I jxcore-log: 2017-02-10 13:47:32 - INFO testLoader: 'loading file: /data/data/com.test.thalitest/files/www/jxcore/bv_tests/testUsn.js'
02-10 16:47:32.322 12180 12246 I jxcore-log: 
02-10 16:47:32.342 12180 12246 I jxcore-log: 2017-02-10 13:47:32 - INFO testLoader: 'loading file: /data/data/com.test.thalitest/files/www/jxcore/bv_tests/testNativeMethod.js'
02-10 16:47:32.342 12180 12246 I jxcore-log: 
02-10 16:47:32.342 12180 12246 I jxcore-log: 2017-02-10 13:47:32 - INFO testLoader: 'loading file: /data/data/com.test.thalitest/files/www/jxcore/bv_tests/testThaliMobileNative.js'
02-10 16:47:32.342 12180 12246 I jxcore-log: 
02-10 16:47:32.392 12180 12246 I jxcore-log: 2017-02-10 13:47:32 - INFO testLoader: 'loading file: /data/data/com.test.thalitest/files/www/jxcore/bv_tests/testThaliMobileNativeAndroid.js'
02-10 16:47:32.392 12180 12246 I jxcore-log: 
02-10 16:47:32.392 12180 12246 I jxcore-log: 2017-02-10 13:47:32 - INFO testLoader: 'loading file: /data/data/com.test.thalitest/files/www/jxcore/bv_tests/testThaliMobileNativeiOS.js'
02-10 16:47:32.392 12180 12246 I jxcore-log: 
02-10 16:47:32.402 12180 12246 I jxcore-log: 2017-02-10 13:47:32 - INFO testLoader: 'loading file: /data/data/com.test.thalitest/files/www/jxcore/bv_tests/testThaliMobileNativeDiscoveryCoordinated.js'
02-10 16:47:32.402 12180 12246 I jxcore-log: 
02-10 16:47:32.402 12180 12246 I jxcore-log: 2017-02-10 13:47:32 - INFO testLoader: 'loading file: /data/data/com.test.thalitest/files/www/jxcore/bv_tests/testCreateNativeListener.js'
02-10 16:47:32.402 12180 12246 I jxcore-log: 
02-10 16:47:32.422 12180 12246 I jxcore-log: 2017-02-10 13:47:32 - INFO testLoader: 'loading file: /data/data/com.test.thalitest/files/www/jxcore/bv_tests/testCreatePeerListener.js'
02-10 16:47:32.422 12180 12246 I jxcore-log: 
02-10 16:47:32.432 12180 12246 I jxcore-log: 2017-02-10 13:47:32 - INFO testLoader: 'loading file: /data/data/com.test.thalitest/files/www/jxcore/bv_tests/testThaliTcpServersManager.js'
02-10 16:47:32.432 12180 12246 I jxcore-log: 
02-10 16:47:32.492 12180 12246 I jxcore-log: 2017-02-10 13:47:32 - INFO testLoader: 'loading file: /data/data/com.test.thalitest/files/www/jxcore/bv_tests/testThaliMobileNativeWrapper.js'
02-10 16:47:32.492 12180 12246 I jxcore-log: 
02-10 16:47:32.772 12180 12246 I jxcore-log: 2017-02-10 13:47:32 - INFO testLoader: 'loading file: /data/data/com.test.thalitest/files/www/jxcore/bv_tests/testThaliWifiInfrastructure.js'
02-10 16:47:32.772 12180 12246 I jxcore-log: 
02-10 16:47:32.902 12180 12246 I jxcore-log: 2017-02-10 13:47:32 - INFO testLoader: 'loading file: /data/data/com.test.thalitest/files/www/jxcore/bv_tests/testThaliMobile.js'
02-10 16:47:32.902 12180 12246 I jxcore-log: 
02-10 16:47:32.922  3537  3845 V AlarmManager: Expired Alarm result :8
02-10 16:47:32.932 12180 12246 I jxcore-log: 2017-02-10 13:47:32 - INFO testLoader: 'loading file: /data/data/com.test.thalitest/files/www/jxcore/bv_tests/testThaliPeerAction.js'
02-10 16:47:32.932 12180 12246 I jxcore-log: 
02-10 16:47:32.982 12180 12246 I jxcore-log: 2017-02-10 13:47:32 - INFO testLoader: 'loading file: /data/data/com.test.thalitest/files/www/jxcore/bv_tests/testThaliPeerDictionary.js'
02-10 16:47:32.982 12180 12246 I jxcore-log: 
02-10 16:47:33.012 12180 12246 I jxcore-log: 2017-02-10 13:47:33 - INFO testLoader: 'loading file: /data/data/com.test.thalitest/files/www/jxcore/bv_tests/testThaliPeerPoolDefault.js'
02-10 16:47:33.012 12180 12246 I jxcore-log: 
02-10 16:47:33.042 12180 12246 I jxcore-log: 2017-02-10 13:47:33 - INFO testLoader: 'loading file: /data/data/com.test.thalitest/files/www/jxcore/bv_tests/testThaliPeerPoolInterface.js'
02-10 16:47:33.042 12180 12246 I jxcore-log: 
02-10 16:47:33.052 12180 12246 I jxcore-log: 2017-02-10 13:47:33 - INFO testLoader: 'loading file: /data/data/com.test.thalitest/files/www/jxcore/bv_tests/testThaliPeerPoolOneAtATime.js'
02-10 16:47:33.052 12180 12246 I jxcore-log: 
02-10 16:47:33.102 12180 12246 I jxcore-log: 2017-02-10 13:47:33 - INFO testLoader: 'loading file: /data/data/com.test.thalitest/files/www/jxcore/bv_tests/testThaliNotification.js'
02-10 16:47:33.102 12180 12246 I jxcore-log: 
02-10 16:47:33.132 12180 12246 I jxcore-log: 2017-02-10 13:47:33 - INFO testLoader: 'loading file: /data/data/com.test.thalitest/files/www/jxcore/bv_tests/testThaliNotificationAction.js'
02-10 16:47:33.132 12180 12246 I jxcore-log: 
02-10 16:47:33.762 12180 12246 I jxcore-log: 2017-02-10 13:47:33 - INFO testLoader: 'loading file: /data/data/com.test.thalitest/files/www/jxcore/bv_tests/testThaliNotificationBeacons.js'
02-10 16:47:33.762 12180 12246 I jxcore-log: 
02-10 16:47:33.872 12180 12246 I jxcore-log: 2017-02-10 13:47:33 - INFO testLoader: 'loading file: /data/data/com.test.thalitest/files/www/jxcore/bv_tests/testThaliNotificationClient.js'
02-10 16:47:33.872 12180 12246 I jxcore-log: 
02-10 16:47:33.882 12180 12246 I jxcore-log: 2017-02-10 13:47:33 - INFO testLoader: 'loading file: /data/data/com.test.thalitest/files/www/jxcore/bv_tests/testThaliNotificationLocal.js'
02-10 16:47:33.882 12180 12246 I jxcore-log: 
02-10 16:47:33.882 12180 12246 I jxcore-log: 2017-02-10 13:47:33 - INFO testLoader: 'loading file: /data/data/com.test.thalitest/files/www/jxcore/bv_tests/testThaliNotificationServer.js'
02-10 16:47:33.882 12180 12246 I jxcore-log: 
02-10 16:47:33.892 12180 12246 I jxcore-log: 2017-02-10 13:47:33 - INFO testLoader: 'loading file: /data/data/com.test.thalitest/files/www/jxcore/bv_tests/testThaliPullReplicationFromNotification.js'
02-10 16:47:33.892 12180 12246 I jxcore-log: 
02-10 16:47:33.912 12180 12246 I jxcore-log: 2017-02-10 13:47:33 - INFO testLoader: 'loading file: /data/data/com.test.thalitest/files/www/jxcore/bv_tests/testThaliPullReplicationFromNotificationCoordinated.js'
02-10 16:47:33.912 12180 12246 I jxcore-log: 
02-10 16:47:33.922 12180 12246 I jxcore-log: 2017-02-10 13:47:33 - INFO testLoader: 'loading file: /data/data/com.test.thalitest/files/www/jxcore/bv_tests/testThaliReplicationPeerAction.js'
02-10 16:47:33.922 12180 12246 I jxcore-log: 
02-10 16:47:33.932 12180 12246 I jxcore-log: 2017-02-10 13:47:33 - INFO testLoader: 'loading file: /data/data/com.test.thalitest/files/www/jxcore/bv_tests/testThaliReplicationPeerActionCoordinated.js'
02-10 16:47:33.932 12180 12246 I jxcore-log: 
02-10 16:47:33.942 12180 12246 I jxcore-log: 2017-02-10 13:47:33 - INFO testLoader: 'loading file: /data/data/com.test.thalitest/files/www/jxcore/bv_tests/testThaliReplicationUtilities.js'
02-10 16:47:33.942 12180 12246 I jxcore-log: 
02-10 16:47:33.942 12180 12246 I jxcore-log: 2017-02-10 13:47:33 - INFO testLoader: 'loading file: /data/data/com.test.thalitest/files/www/jxcore/bv_tests/testThaliSendNotificationBasedOnReplication.js'
02-10 16:47:33.942 12180 12246 I jxcore-log: 
02-10 16:47:33.962 12180 12246 I jxcore-log: 2017-02-10 13:47:33 - INFO testLoader: 'loading file: /data/data/com.test.thalitest/files/www/jxcore/bv_tests/testLocalSeqManager.js'
02-10 16:47:33.962 12180 12246 I jxcore-log: 
02-10 16:47:33.972 12180 12246 I jxcore-log: 2017-02-10 13:47:33 - INFO testLoader: 'loading file: /data/data/com.test.thalitest/files/www/jxcore/bv_tests/testLocalSeqManagerCoordinated.js'
02-10 16:47:33.972 12180 12246 I jxcore-log: 
02-10 16:47:33.982 12180 12246 I jxcore-log: 2017-02-10 13:47:33 - INFO testLoader: 'loading file: /data/data/com.test.thalitest/files/www/jxcore/bv_tests/testThaliManager.js'
02-10 16:47:33.982 12180 12246 I jxcore-log: 
02-10 16:47:34.062 12180 12246 I jxcore-log: 2017-02-10 13:47:34 - INFO testLoader: 'loading file: /data/data/com.test.thalitest/files/www/jxcore/bv_tests/testThaliManagerCoordinated.js'
02-10 16:47:34.062 12180 12246 I jxcore-log: 
02-10 16:47:34.082 12180 12246 I jxcore-log: 2017-02-10 13:47:34 - INFO testLoader: 'loading file: /data/data/com.test.thalitest/files/www/jxcore/bv_tests/testSSDPServer.js'
02-10 16:47:34.082 12180 12246 I jxcore-log: 
02-10 16:47:34.092 12180 12246 D BluetoothAdapter: STATE_ON
02-10 16:47:34.092 12180 12246 V io.jxcore.node.JXcoreExtension: isBleMultipleAdvertisementSupported: SUPPORTED
02-10 16:47:34.102 12180 12246 I jxcore-log: 2017-02-10 13:47:34 - INFO testUtils: 'BLE multiple advertisement supported'
02-10 16:47:34.102 12180 12246 I jxcore-log: 
02-10 16:47:34.102 12180 12246 I jxcore-log: 2017-02-10 13:47:34 - DEBUG UnitTest_app: 'Unit Test app is loaded'
02-10 16:47:34.102 12180 12246 I jxcore-log: 
02-10 16:47:34.102 12180 12246 I jxcore-log: 2017-02-10 13:47:34 - DEBUG thaliMobileNativeWrapper: 'networkChanged: {"bluetoothLowEnergy":"on","bluetooth":"on","wifi":"on","cellular":"doNotCare","bssidName":"70:cd:60:ff:5a:07","ssidName":"T"}'
02-10 16:47:34.102 12180 12246 I jxcore-log: 
02-10 16:47:34.102 12180 12246 I jxcore-log: 2017-02-10 13:47:34 - INFO thaliMobile: 'Filtered out networkChangedNonTCP (was in stopped state).'
02-10 16:47:34.102 12180 12246 I jxcore-log: 
02-10 16:47:34.112 12180 12180 D SystemWebChromeClient: file:///android_asset/www/js/thali_main.js: Line 68 : UIApp is all set and ready!
02-10 16:47:34.112 12180 12180 I chromium: [INFO:CONSOLE(68)] "UIApp is all set and ready!", source: file:///android_asset/www/js/thali_main.js (68)
02-10 16:47:34.132 12180 12246 I jxcore-log: 2017-02-10 13:47:34 - INFO CoordinatedClient: 'Connecting to coordination server on http://192.168.2.1:9991/'
02-10 16:47:34.132 12180 12246 I jxcore-log: 
02-10 16:47:34.212 12180 12246 I jxcore-log: 2017-02-10 13:47:34 - DEBUG CoordinatedClient: 'connected to the test server'
02-10 16:47:34.212 12180 12246 I jxcore-log: 
02-10 16:47:34.832 12180 12246 I jxcore-log: TAP version 13
02-10 16:47:34.832 12180 12246 I jxcore-log: 
02-10 16:47:34.862 12180 12246 I jxcore-log: # setup
02-10 16:47:34.862 12180 12246 I jxcore-log: 
02-10 16:47:35.042 12180 12246 I jxcore-log: # closeAll can close even when connections open
02-10 16:47:35.042 12180 12246 I jxcore-log: 
02-10 16:47:35.192 12180 12246 I jxcore-log: 2017-02-10 13:47:35 - DEBUG makeIntoCloseAllServer: 'closeAll called on server'
02-10 16:47:35.192 12180 12246 I jxcore-log: 
02-10 16:47:35.222 12180 12246 I jxcore-log: ok 1 not possible to connect to the server anymore
02-10 16:47:35.222 12180 12246 I jxcore-log: 
02-10 16:47:35.232 12180 12246 I jxcore-log: # teardown
02-10 16:47:35.232 12180 12246 I jxcore-log: 
02-10 16:47:35.262 11136 11184 I ReschedulableTimer: [#CMH#] ReschedulableTimer started 
02-10 16:47:36.342 12180 12246 I jxcore-log: # setup
02-10 16:47:36.342 12180 12246 I jxcore-log: 
02-10 16:47:36.402 12180 12246 I jxcore-log: # closeAll with promise
02-10 16:47:36.402 12180 12246 I jxcore-log: 
02-10 16:47:36.552 12180 12246 I jxcore-log: 2017-02-10 13:47:36 - DEBUG makeIntoCloseAllServer: 'closeAll called on server'
02-10 16:47:36.552 12180 12246 I jxcore-log: 
02-10 16:47:36.572 12180 12246 I jxcore-log: ok 2 not possible to connect to the server anymore
02-10 16:47:36.572 12180 12246 I jxcore-log: 
02-10 16:47:36.602 12180 12246 I jxcore-log: # teardown
02-10 16:47:36.602 12180 12246 I jxcore-log: 
02-10 16:47:37.872 12180 12246 I jxcore-log: # setup
02-10 16:47:37.872 12180 12246 I jxcore-log: 
02-10 16:47:37.902 12180 12246 I jxcore-log: # closeAll properly throws when closing a non open server with eatNotRunning set to false
02-10 16:47:37.902 12180 12246 I jxcore-log: 
02-10 16:47:38.042 12180 12246 I jxcore-log: 2017-02-10 13:47:38 - DEBUG makeIntoCloseAllServer: 'closeAll called on server'
02-10 16:47:38.042 12180 12246 I jxcore-log: 
02-10 16:47:38.052 12180 12246 I jxcore-log: ok 3 Got the right error
02-10 16:47:38.052 12180 12246 I jxcore-log: 
02-10 16:47:38.072 12180 12246 I jxcore-log: # teardown
02-10 16:47:38.072 12180 12246 I jxcore-log: 
02-10 16:47:39.212 12180 12246 I jxcore-log: # setup
02-10 16:47:39.212 12180 12246 I jxcore-log: 
02-10 16:47:39.242 12180 12246 I jxcore-log: # closeAll works even with a server that is not listening yet witheatNotRunning set to true
02-10 16:47:39.242 12180 12246 I jxcore-log: 
02-10 16:47:39.372 12180 12246 I jxcore-log: 2017-02-10 13:47:39 - DEBUG makeIntoCloseAllServer: 'closeAll called on server'
02-10 16:47:39.372 12180 12246 I jxcore-log: 
02-10 16:47:39.402 12180 12246 I jxcore-log: # teardown
02-10 16:47:39.402 12180 12246 I jxcore-log: 
02-10 16:47:40.472 12180 12246 I jxcore-log: # setup
02-10 16:47:40.472 12180 12246 I jxcore-log: 
02-10 16:47:40.572 12180 12246 I jxcore-log: # test defaultDirectory
02-10 16:47:40.572 12180 12246 I jxcore-log: 
02-10 16:47:41.672 12180 12246 I jxcore-log: ok 4 should be equal
02-10 16:47:41.672 12180 12246 I jxcore-log: 
02-10 16:47:41.682 12180 12246 I jxcore-log: ok 5 should be equal
02-10 16:47:41.682 12180 12246 I jxcore-log: 
02-10 16:47:41.702 12180 12246 I jxcore-log: ok 6 should be equal
02-10 16:47:41.702 12180 12246 I jxcore-log: 
02-10 16:47:41.712 12180 12246 I jxcore-log: # teardown
02-10 16:47:41.712 12180 12246 I jxcore-log: 
02-10 16:47:41.752 12180 12246 I jxcore-log: # setup
02-10 16:47:41.752 12180 12246 I jxcore-log: 
02-10 16:47:41.942 12180 12246 I jxcore-log: # test defaultAdapter
02-10 16:47:41.942 12180 12246 I jxcore-log: 
02-10 16:47:42.252  3537  6511 D SSRM:u  : SIOP:: AP = 400, PST = 368 (W:14), CP = 320, LCD = 57
02-10 16:47:43.122 12180 12246 I jxcore-log: ok 7 should be equal
02-10 16:47:43.122 12180 12246 I jxcore-log: 
02-10 16:47:43.122 12180 12246 I jxcore-log: ok 8 should be equal
02-10 16:47:43.122 12180 12246 I jxcore-log: 
02-10 16:47:43.122 12180 12246 I jxcore-log: ok 9 should be equal
02-10 16:47:43.122 12180 12246 I jxcore-log: 
02-10 16:47:43.122 12180 12246 I jxcore-log: ok 10 should be equal
02-10 16:47:43.122 12180 12246 I jxcore-log: 
02-10 16:47:43.132 12180 12246 I jxcore-log: ok 11 should be equal
02-10 16:47:43.132 12180 12246 I jxcore-log: 
02-10 16:47:43.142 12180 12246 I jxcore-log: ok 12 should be equal
02-10 16:47:43.142 12180 12246 I jxcore-log: 
02-10 16:47:43.152 12180 12246 I jxcore-log: ok 13 should be equal
02-10 16:47:43.152 12180 12246 I jxcore-log: 
02-10 16:47:43.152 12180 12246 I jxcore-log: ok 14 should be equal
02-10 16:47:43.152 12180 12246 I jxcore-log: 
02-10 16:47:43.162 12180 12246 I jxcore-log: # teardown
02-10 16:47:43.162 12180 12246 I jxcore-log: 
02-10 16:47:43.182 12180 12246 I jxcore-log: # setup
02-10 16:47:43.182 12180 12246 I jxcore-log: 
02-10 16:47:43.362 12180 12246 I jxcore-log: # enqueue and run in order
02-10 16:47:43.362 12180 12246 I jxcore-log: 
02-10 16:47:44.532 12180 12246 I jxcore-log: ok 15 firstPromise setTimeout
02-10 16:47:44.532 12180 12246 I jxcore-log: 
02-10 16:47:44.532 12180 12246 I jxcore-log: ok 16 firstPromise result
02-10 16:47:44.532 12180 12246 I jxcore-log: 
02-10 16:47:44.532 12180 12246 I jxcore-log: ok 17 firstPromise testValue
02-10 16:47:44.532 12180 12246 I jxcore-log: 
02-10 16:47:44.642 12180 12246 I jxcore-log: ok 18 secondPromise setTimeout
02-10 16:47:44.642 12180 12246 I jxcore-log: 
02-10 16:47:44.652 12180 12246 I jxcore-log: ok 19 secondPromise result
02-10 16:47:44.652 12180 12246 I jxcore-log: 
02-10 16:47:44.652 12180 12246 I jxcore-log: ok 20 secondPromise testValue
02-10 16:47:44.652 12180 12246 I jxcore-log: 
02-10 16:47:44.652 12180 12246 I jxcore-log: ok 21 thirdPromise in promise
02-10 16:47:44.652 12180 12246 I jxcore-log: 
02-10 16:47:44.652 12180 12246 I jxcore-log: ok 22 thirdPromise result
02-10 16:47:44.652 12180 12246 I jxcore-log: 
02-10 16:47:44.662 12180 12246 I jxcore-log: ok 23 thirdPromise testValue
02-10 16:47:44.662 12180 12246 I jxcore-log: 
02-10 16:47:44.672 12180 12246 I jxcore-log: # teardown
02-10 16:47:44.672 12180 12246 I jxcore-log: 
02-10 16:47:44.702 12180 12246 I jxcore-log: # setup
02-10 16:47:44.702 12180 12246 I jxcore-log: 
02-10 16:47:44.762 12180 12246 I jxcore-log: # enqueueAtTop and run backwards
02-10 16:47:44.762 12180 12246 I jxcore-log: 
02-10 16:47:45.352  3971  4164 D NetworkController.MobileSignalController(0/2147483643): onSignalStrengthsChanged signalStrength=SignalStrength: 26 99 -26 -200 -26 -200 -1 99 2147483647 2147483647 2147483647 2147483647 2147483647 0x4 gsm|lte level=4
02-10 16:47:45.352  3971  4164 D NetworkController.MobileSignalController(0/2147483643): getMobileIconGroup(): 0
02-10 16:47:45.802 12180 12246 I jxcore-log: ok 24 thirdPromise - first to run
02-10 16:47:45.802 12180 12246 I jxcore-log: 
02-10 16:47:45.802 12180 12246 I jxcore-log: ok 25 thirdPromise - in resolve
02-10 16:47:45.802 12180 12246 I jxcore-log: 
02-10 16:47:45.802 12180 12246 I jxcore-log: ok 26 secondPromise - second to run
02-10 16:47:45.802 12180 12246 I jxcore-log: 
02-10 16:47:45.812 12180 12246 I jxcore-log: ok 27 secondPromise - in catch
02-10 16:47:45.812 12180 12246 I jxcore-log: 
02-10 16:47:45.812 12180 12246 I jxcore-log: ok 28 firstPromise - third to run
02-10 16:47:45.812 12180 12246 I jxcore-log: 
02-10 16:47:45.812 12180 12246 I jxcore-log: ok 29 firstPromise - in then
02-10 16:47:45.812 12180 12246 I jxcore-log: 
02-10 16:47:45.812 12180 12246 I jxcore-log: ok 30 testing promises
02-10 16:47:45.812 12180 12246 I jxcore-log: 
02-10 16:47:45.822 12180 12246 I jxcore-log: # teardown
02-10 16:47:45.822 12180 12246 I jxcore-log: 
02-10 16:47:45.842 12180 12246 I jxcore-log: # setup
02-10 16:47:45.842 12180 12246 I jxcore-log: 
02-10 16:47:46.012 12180 12246 I jxcore-log: # mix enqueue and enqueueAtTop
02-10 16:47:46.012 12180 12246 I jxcore-log: 
02-10 16:47:47.082 12180 12246 I jxcore-log: ok 31 fourth
02-10 16:47:47.082 12180 12246 I jxcore-log: 
02-10 16:47:47.082 12180 12246 I jxcore-log: ok 32 fourth
02-10 16:47:47.082 12180 12246 I jxcore-log: 
02-10 16:47:47.082 12180 12246 I jxcore-log: ok 33 second
02-10 16:47:47.082 12180 12246 I jxcore-log: 
02-10 16:47:47.092 12180 12246 I jxcore-log: ok 34 secondPromise - in then
02-10 16:47:47.092 12180 12246 I jxcore-log: 
02-10 16:47:47.192 12180 12246 I jxcore-log: ok 35 first
02-10 16:47:47.192 12180 12246 I jxcore-log: 
02-10 16:47:47.192 12180 12246 I jxcore-log: ok 36 firstPromise - in catch
02-10 16:47:47.192 12180 12246 I jxcore-log: 
02-10 16:47:47.202 12180 12246 I jxcore-log: ok 37 third
02-10 16:47:47.202 12180 12246 I jxcore-log: 
02-10 16:47:47.202 12180 12246 I jxcore-log: ok 38 thirdPromise - in then
02-10 16:47:47.202 12180 12246 I jxcore-log: 
02-10 16:47:47.202 12180 12246 I jxcore-log: ok 39 testingPromises
02-10 16:47:47.202 12180 12246 I jxcore-log: 
02-10 16:47:47.222 12180 12246 I jxcore-log: # teardown
02-10 16:47:47.222 12180 12246 I jxcore-log: 
02-10 16:47:47.242 12180 12246 I jxcore-log: # setup
02-10 16:47:47.242 12180 12246 I jxcore-log: 
02-10 16:47:47.312 12180 12246 I jxcore-log: # queues handled independently
02-10 16:47:47.312 12180 12246 I jxcore-log: 
02-10 16:47:47.362  3537  4166 E Watchdog: !@Sync 17350 [02-10 16:47:47.370]
02-10 16:47:47.372 12180 12246 I jxcore-log: ok 40 all short operations completed before the long resolves
02-10 16:47:47.372 12180 12246 I jxcore-log: 
02-10 16:47:47.382 12180 12246 I jxcore-log: # teardown
02-10 16:47:47.382 12180 12246 I jxcore-log: 
02-10 16:47:48.522 12180 12246 I jxcore-log: # setup
02-10 16:47:48.522 12180 12246 I jxcore-log: 
02-10 16:47:48.562 12180 12246 I jxcore-log: # basic
02-10 16:47:48.562 12180 12246 I jxcore-log: 
02-10 16:47:48.592 12180 12246 I jxcore-log: ok 41 sane
02-10 16:47:48.592 12180 12246 I jxcore-log: 
02-10 16:47:48.592 12180 12246 I jxcore-log: # teardown
02-10 16:47:48.592 12180 12246 I jxcore-log: 
02-10 16:47:49.772 12180 12246 I jxcore-log: # setup
02-10 16:47:49.772 12180 12246 I jxcore-log: 
02-10 16:47:49.802 12180 12246 I jxcore-log: # another
02-10 16:47:49.802 12180 12246 I jxcore-log: 
02-10 16:47:49.822 12180 12246 I jxcore-log: ok 42 sane
02-10 16:47:49.822 12180 12246 I jxcore-log: 
02-10 16:47:49.832 12180 12246 I jxcore-log: # teardown
02-10 16:47:49.832 12180 12246 I jxcore-log: 
02-10 16:47:50.822  3537  7084 D BatteryService: !@BatteryListener : batteryPropertiesChanged!
02-10 16:47:50.832  3537  7084 D BatteryService: level:100, scale:100, status:5, health:2, present:true, voltage: 4329, temperature: 322, technology: Li-ion, AC powered:false, USB powered:true, POGO powered:false, Wireless powered:false, icon:17303413, invalid charger:0, maxChargingCurrent:0
02-10 16:47:50.832  3537  7084 D BatteryService: online:4, current avg:-72, charge type:0, power sharing:false, high voltage charger:false, capacity:280000, batterySWSelfDischarging:false, current_now:0
02-10 16:47:50.832  3537  3537 D BatteryService: Sending ACTION_BATTERY_CHANGED.
02-10 16:47:50.832  3537  3537 I MotionRecognitionService: Plugged
02-10 16:47:50.832  3537  3537 D MotionRecognitionService:   cableConnection= 1
02-10 16:47:50.832  3537  3537 D MotionRecognitionService: setPowerConnected | current backoffstate  = 1024 , state =1024
02-10 16:47:50.832  3537  3537 D MotionRecognitionService: skip setTransmitPower. 
02-10 16:47:50.842  3537  3895 D WifiController: ApOrStaEnabledState  msg.what= 155652
02-10 16:47:50.842  3971  3971 D KeyguardUpdateMonitor: received broadcast android.intent.action.BATTERY_CHANGED
02-10 16:47:50.842  3971  3971 D KeyguardUpdateMonitor: handleBatteryUpdate
02-10 16:47:50.842  3971  3971 D PowerUI : priorPlugType = 2 mPlugType =  2
02-10 16:47:50.862  4725  4725 D CommonServiceConfiguration: getStringValueSetting
02-10 16:47:50.872 12266 12266 V HeadsetService: HeadsetService - Received Intent.ACTION_BATTERY_CHANGED
02-10 16:47:50.872 12266 12369 D HeadsetStateMachine: Disconnected process message: 10, size: 0
02-10 16:47:50.902  4725  4725 D BatteryMonitor: new battery level: 100
02-10 16:47:50.912  3971  3971 D BatteryMeterView: ACTION_BATTERY_CHANGED : level:100 status:5 health:2
02-10 16:47:50.912 12180 12246 I jxcore-log: # setup
02-10 16:47:50.912 12180 12246 I jxcore-log: 
02-10 16:47:50.912  3971  3971 D BatteryMeterView: ACTION_BATTERY_CHANGED : level:100 status:5 health:2
02-10 16:47:50.932 12180 12246 I jxcore-log: # can pass data in setup
02-10 16:47:50.932 12180 12246 I jxcore-log: 
02-10 16:47:52.002 12180 12246 I jxcore-log: ok 43 test participant has uuid
02-10 16:47:52.002 12180 12246 I jxcore-log: 
02-10 16:47:52.002 12180 12246 I jxcore-log: ok 44 participant data matches
02-10 16:47:52.002 12180 12246 I jxcore-log: 
02-10 16:47:52.002 12180 12246 I jxcore-log: ok 45 test participant has uuid
02-10 16:47:52.002 12180 12246 I jxcore-log: 
02-10 16:47:52.002 12180 12246 I jxcore-log: ok 46 participant data matches
02-10 16:47:52.002 12180 12246 I jxcore-log: 
02-10 16:47:52.002 12180 12246 I jxcore-log: ok 47 test participant has uuid
02-10 16:47:52.002 12180 12246 I jxcore-log: 
02-10 16:47:52.012 12180 12246 I jxcore-log: ok 48 participant data matches
02-10 16:47:52.012 12180 12246 I jxcore-log: 
02-10 16:47:52.012 12180 12246 I jxcore-log: ok 49 own UUID is found from the participants list
02-10 16:47:52.012 12180 12246 I jxcore-log: 
02-10 16:47:52.022 12180 12246 I jxcore-log: # teardown
02-10 16:47:52.022 12180 12246 I jxcore-log: 
02-10 16:47:52.042 12180 12246 I jxcore-log: # setup
02-10 16:47:52.042 12180 12246 I jxcore-log: 
02-10 16:47:52.212 12180 12246 I jxcore-log: # Correctly parses/stringifies USN
02-10 16:47:52.212 12180 12246 I jxcore-log: 
02-10 16:47:52.282  3537  6511 D SSRM:u  : SIOP:: AP = 370, PST = 388 (W:14), CP = 316, CUR = -72, LCD = 57
02-10 16:47:52.322  3537  6511 D ConnectivityService: returning getNetworkInfo for network type 1 : [type: WIFI[] - WIFI, state: CONNECTED/CONNECTED, reason: (unspecified), extra: "T", roaming: false, failover: false, isAvailable: true]
02-10 16:47:53.352 12180 12246 I jxcore-log: ok 50 correctly parses USN string
02-10 16:47:53.352 12180 12246 I jxcore-log: 
02-10 16:47:53.362 12180 12246 I jxcore-log: ok 51 throws if usn has invalid prefix
02-10 16:47:53.362 12180 12246 I jxcore-log: 
02-10 16:47:53.362 12180 12246 I jxcore-log: ok 52 throws if usn has invalid identifier format
02-10 16:47:53.362 12180 12246 I jxcore-log: 
02-10 16:47:53.362 12180 12246 I jxcore-log: ok 53 throws if usn has invalid generation
02-10 16:47:53.362 12180 12246 I jxcore-log: 
02-10 16:47:53.362 12180 12246 I jxcore-log: ok 54 correctly stringifies peer
02-10 16:47:53.362 12180 12246 I jxcore-log: 
02-10 16:47:53.372 12180 12246 I jxcore-log: # teardown
02-10 16:47:53.372 12180 12246 I jxcore-log: 
02-10 16:47:53.392 12180 12246 I jxcore-log: # setup
02-10 16:47:53.392 12180 12246 I jxcore-log: 
02-10 16:47:53.462 12180 12246 I jxcore-log: # onPeerLost calls jxcore
02-10 16:47:53.462 12180 12246 I jxcore-log: 
02-10 16:47:54.552 12180 12246 V org.thaliproject.p2p.btconnectorlib.ConnectionManagerSettings: load: Already loaded
02-10 16:47:54.552 12180 12246 V org.thaliproject.p2p.btconnectorlib.ConnectionManagerSettings: addListener: Listener org.thaliproject.p2p.btconnectorlib.ConnectionManager@bd97b18 added. We now have 2 listener(s)
02-10 16:47:54.552 12180 12246 V org.thaliproject.p2p.btconnectorlib.DiscoveryManagerSettings: addListener: Listener org.thaliproject.p2p.btconnectorlib.ConnectionManager@bd97b18 added. We now have 3 listener(s)
02-10 16:47:54.552 12180 12246 V org.thaliproject.p2p.btconnectorlib.DiscoveryManagerSettings: load: Already loaded
02-10 16:47:54.552 12180 12246 D org.thaliproject.p2p.btconnectorlib.internal.AbstractBluetoothConnectivityAgent: verifyIdentityString: One or more of the following values are invalid: ", Bluetooth MAC address: "34:8A:7B:75:6B:43"Peer extra info: "256
02-10 16:47:54.552 12180 12246 D org.thaliproject.p2p.btconnectorlib.internal.bluetooth.BluetoothConnector: BluetoothConnector: Bluetooth name: Thali_Bluetooth, service record UUID: fa87c0d0-afac-11de-8a39-0800200c9a66
02-10 16:47:54.552 12180 12246 D org.thaliproject.p2p.btconnectorlib.internal.bluetooth.BluetoothConnector: setIdentityString: 
02-10 16:47:54.552 12180 12246 V org.thaliproject.p2p.btconnectorlib.DiscoveryManagerSettings: load: Already loaded
02-10 16:47:54.552 12180 12246 V org.thaliproject.p2p.btconnectorlib.DiscoveryManagerSettings: addListener: Listener org.thaliproject.p2p.btconnectorlib.DiscoveryManager@baae971 added. We now have 4 listener(s)
02-10 16:47:54.552 12180 12246 D org.thaliproject.p2p.btconnectorlib.utils.PeerModel: addListener: New listener added - the number of listeners is now 1
02-10 16:47:54.552 12180 12246 I org.thaliproject.p2p.btconnectorlib.DiscoveryManagerSettings: setDiscoveryMode: Discovery mode BLE is supported
02-10 16:47:54.562 12180 12246 I io.jxcore.node.ConnectionHelper: onPeerLost: [11:22:33:22:11:00]
02-10 16:47:54.562 12180 12246 D io.jxcore.node.ConnectionModel: hasConnection: No connection with peer with ID 11:22:33:22:11:00
02-10 16:47:54.562 12180 12246 I jxcore-log: ok 55 onPeerLost
02-10 16:47:54.562 12180 12246 I jxcore-log: 
02-10 16:47:54.572 12180 12246 I jxcore-log: ok 56 There should be exactly one peer
02-10 16:47:54.572 12180 12246 I jxcore-log: 
02-10 16:47:54.572 12180 12246 I jxcore-log: ok 57 check if callback was fired by onPeerLost
02-10 16:47:54.572 12180 12246 I jxcore-log: 
02-10 16:47:54.572 12180 12246 I jxcore-log: ok 58 check if generation is null
02-10 16:47:54.572 12180 12246 I jxcore-log: 
02-10 16:47:54.572 12180 12246 I jxcore-log: ok 59 check if peerAvailable is false
02-10 16:47:54.572 12180 12246 I jxcore-log: 
02-10 16:47:54.582 12180 12246 I jxcore-log: # teardown
02-10 16:47:54.582 12180 12246 I jxcore-log: 
02-10 16:47:54.602 12180 12246 I jxcore-log: 2017-02-10 13:47:54 - DEBUG thaliMobileNativeWrapper: 'Method peerAvailabilityChanged registered to native'
02-10 16:47:54.602 12180 12246 I jxcore-log: 
02-10 16:47:54.602 12180 12246 I jxcore-log: 2017-02-10 13:47:54 - DEBUG thaliMobileNativeWrapper: 'Method discoveryAdvertisingStateUpdateNonTCP registered to native'
02-10 16:47:54.602 12180 12246 I jxcore-log: 
02-10 16:47:54.602 12180 12246 I jxcore-log: 2017-02-10 13:47:54 - DEBUG thaliMobileNativeWrapper: 'Method multiConnectResolved registered to native'
02-10 16:47:54.602 12180 12246 I jxcore-log: 
02-10 16:47:54.612 12180 12246 D BluetoothAdapter: STATE_ON
02-10 16:47:54.622 12180 12246 V io.jxcore.node.ConnectivityMonitor: updateConnectivityInfo: FORCED notification:
02-10 16:47:54.622 12180 12246 V io.jxcore.node.ConnectivityMonitor:     - is Wi-Fi Direct supported: true
02-10 16:47:54.622 12180 12246 V io.jxcore.node.ConnectivityMonitor:     - is Bluetooth LE multiple advertisement supported: SUPPORTED
02-10 16:47:54.622 12180 12246 V io.jxcore.node.ConnectivityMonitor:     - is Wi-Fi enabled: true
02-10 16:47:54.622 12180 12246 V io.jxcore.node.ConnectivityMonitor:     - is Bluetooth enabled: true
02-10 16:47:54.622 12180 12246 V io.jxcore.node.ConnectivityMonitor:     - BSSID name: 70:cd:60:ff:5a:07
02-10 16:47:54.622 12180 12246 V io.jxcore.node.ConnectivityMonitor:     - SSID name: "T"
02-10 16:47:54.622 12180 12246 V io.jxcore.node.ConnectivityMonitor:     - is connected/connecting to active network: true
02-10 16:47:54.622 12180 12246 V io.jxcore.node.ConnectivityMonitor:     - active network type is Wi-Fi: true
02-10 16:47:54.622 12180 12246 D BluetoothAdapter: STATE_ON
02-10 16:47:54.622 12180 12246 D io.jxcore.node.JXcoreExtension: notifyNetworkChanged: BLE: ON, Bluetooth: ON, Wi-Fi: ON, cellular: DO_NOT_CARE, BSSID name: 70:cd:60:ff:5a:07, SSID name: "T"
02-10 16:47:54.632 12180 12246 I jxcore-log: 2017-02-10 13:47:54 - DEBUG thaliMobileNativeWrapper: 'Method networkChanged registered to native'
02-10 16:47:54.632 12180 12246 I jxcore-log: 
02-10 16:47:54.632 12180 12246 I jxcore-log: 2017-02-10 13:47:54 - DEBUG thaliMobileNativeWrapper: 'Method multiConnectConnectionFailure registered to native'
02-10 16:47:54.632 12180 12246 I jxcore-log: 
02-10 16:47:54.632 12180 12246 I jxcore-log: 2017-02-10 13:47:54 - DEBUG thaliMobileNativeWrapper: 'Method incomingConnectionToPortNumberFailed registered to native'
02-10 16:47:54.632 12180 12246 I jxcore-log: 
