02-10 16:48:09.093 22664 22664 I org.thaliproject.p2p.btconnectorlib.DiscoveryManager: onBlePeerDiscovererStateChanged: [ADVERTISING] -> [SCANNING, ADVERTISING] Current thread: Thread[main,5,main], id: 1
02-10 16:48:09.093 22664 22730 I org.thaliproject.p2p.btconnectorlib.DiscoveryManager: start: OK
02-10 16:48:09.093 22664 22730 D org.thaliproject.p2p.btconnectorlib.DiscoveryManager: updateState: Current thread: Thread[Thread-2514,7,main], id: 2514
02-10 16:48:09.093 15518 15550 D BluetoothAdapter: STATE_ON
02-10 16:48:09.093 15518 15550 D BluetoothAdapter: STATE_ON
02-10 16:48:09.103 15518 15537 D BtGatt.GattService: onScanFilterEnableDisabled() - clientIf=9, status=0, action=1
02-10 16:48:09.103 15518 15559 D BtGatt.GattService: [GSIM LOG]: increaseScanCount : com.test.thalitest : 824
02-10 16:48:09.103 15518 15537 D BtGatt.ScanManager: callback done for clientIf - 9 status - 0
02-10 16:48:09.103 15518 15559 D BtGatt.GattService: [GSIM LOG]: increaseScanCount : com.test.thalitest, com.test.thalitest
02-10 16:48:09.123  3513  5185 V AlarmManager:  remove PendingIntent] PendingIntent{ed4501: PendingIntentRecord{81dbe35 com.android.bluetooth broadcastIntent}}
02-10 16:48:09.103 15518 15550 D BtGatt.ScanManager: set filter index= 26 for clientIf= 9
02-10 16:48:09.103 15518 15550 D BtGatt.ScanManager: High Rssi Filter value is = -128
02-10 16:48:09.103 15518 15550 D BtGatt.ScanManager: Low Rssi Filter value is = -128
02-10 16:48:09.103 15518 15550 D BtGatt.ScanManager: configureFilterParamter 1500 10000 4 0highRssiThreshold = -128lowRssiThreshold = -128matchmode is =2
02-10 16:48:09.103 15518 15537 D BtGatt.GattService: onScanFilterParamsConfigured() - clientIf=9, status=0, action=0, availableSpace=27
02-10 16:48:09.103 15518 15537 D BtGatt.ScanManager: callback done for clientIf - 9 status - 0
02-10 16:48:09.123  3513  4025 V AlarmManager:  remove PendingIntent] PendingIntent{fd2dfa6: PendingIntentRecord{369848 com.android.bluetooth broadcastIntent}}
02-10 16:48:09.103 15518 15550 D BtGatt.ScanManager: Starting BLE batch scan
02-10 16:48:09.103 15518 15550 D BtGatt.ScanManager: configuring batch scan storage, appIf 9
02-10 16:48:09.103 22664 22730 D org.thaliproject.p2p.btconnectorlib.DiscoveryManager: updateStateInternal Current thread: Thread[Thread-2514,7,main], id: 2514
02-10 16:48:09.103 22664 22730 D org.thaliproject.p2p.btconnectorlib.DiscoveryManager: updateState: State: RUNNING_BLE, is discovering: true, is advertising: true
02-10 16:48:09.103 22664 22730 D org.thaliproject.p2p.btconnectorlib.DiscoveryManager: updateStateInternal finished Current thread: Thread[Thread-2514,7,main], id: 2514
02-10 16:48:09.103 22664 22730 D org.thaliproject.p2p.btconnectorlib.DiscoveryManager: updateState finished Current thread: Thread[Thread-2514,7,main], id: 2514
02-10 16:48:09.103 22664 22664 D org.thaliproject.p2p.btconnectorlib.DiscoveryManager: updateState: Current thread: Thread[main,5,main], id: 1
02-10 16:48:09.103 22664 22730 I io.jxcore.node.ConnectionHelper: start: OK
02-10 16:48:09.113 15518 15537 D BtGatt.GattService: onBatchScanStorageConfigured() - clientIf=9, status=0
02-10 16:48:09.113 15518 15537 D BtGatt.ScanManager: callback done for clientIf - 9 status - 0
02-10 16:48:09.113 15518 15537 D BtGatt.GattService: onBatchScanStartStopped() - clientIf=9, status=0, startStopAction=1
02-10 16:48:09.113 15518 15537 D BtGatt.ScanManager: callback done for clientIf - 9 status - 0
02-10 16:48:09.113 22664 22730 I jxcore-log: 2017-02-10 13:48:09 - DEBUG thaliMobileNativeWrapper: 'discoveryAdvertisingStateUpdateNonTCP: {"discoveryActive":false,"advertisingActive":true}'
02-10 16:48:09.113 22664 22730 I jxcore-log: 
02-10 16:48:09.113 15518 15559 D BtGatt.GattService: [GSIM LOG]: increaseScanCount 4 Battery : com.test.thalitest : 69
02-10 16:48:09.113 15518 15559 D BtGatt.GattService: [GSIM LOG]: setScanTime : com.test.thalitest : 24778908
02-10 16:48:09.113 15518 15559 D BtGatt.GattService: [GSIM LOG]: setRequestedScanType : com.test.thalitest : 2
02-10 16:48:09.113 15518 15559 D BtGatt.GattService: [GSIM LOG]: setActualScanType : com.test.thalitest : 2
02-10 16:48:09.113 15518 15559 D BtGatt.GattService: [GSIM LOG]: updateScanTime: 0
02-10 16:48:09.113 15518 15559 D BtGatt.GattService: [GSIM LOG]: com.test.thalitest@LowLatency, R time : 76 => 76
02-10 16:48:09.113 22664 22730 I jxcore-log: 2017-02-10 13:48:09 - INFO thaliMobile: 'Received state ({"discoveryActive":false,"advertisingActive":true}) did not match with target ({"started":false,"listening":false,"advertising":false,"networkType":"BOTH","startArguments":{"router":null,"pskIdToSecret":null,"networkType":null}})'
02-10 16:48:09.113 22664 22730 I jxcore-log: 
02-10 16:48:09.113 15518 15559 D BtGatt.GattService: [GSIM LOG]: com.test.thalitest@LowLatency, A time : 76 => 76
02-10 16:48:09.113 15518 15559 D BtGatt.GattService: [GSIM LOG]: updateScanTime: 0
02-10 16:48:09.133  3513  4557 V AlarmManager:  remove PendingIntent] PendingIntent{d51fde7: PendingIntentRecord{369848 com.android.bluetooth broadcastIntent}}
02-10 16:48:09.113 15518 15559 D BtGatt.GattService: [GSIM LOG]: com.test.thalitest@LowLatency, R time : 76 => 76
02-10 16:48:09.123 15518 15559 D BtGatt.GattService: [GSIM LOG]: com.test.thalitest@LowLatency, A time : 76 => 76
02-10 16:48:09.123 15518 15559 D BtGatt.GattService: [GSIM LOG]: setActualScanType : com.test.thalitest : 2
02-10 16:48:09.123 15518 15559 D BtGatt.GattService: [GSIM LOG]: updateScanTime: 0
02-10 16:48:09.123 22664 22730 I jxcore-log: 2017-02-10 13:48:09 - INFO thaliMobile: 'Filtered out discoveryAdvertisingStateUpdate (was in stopped state).'
02-10 16:48:09.123 22664 22730 I jxcore-log: 
02-10 16:48:09.123 15518 15559 D BtGatt.GattService: [GSIM LOG]: com.test.thalitest@LowLatency, R time : 76 => 76
02-10 16:48:09.123 15518 15559 D BtGatt.GattService: [GSIM LOG]: com.test.thalitest@LowLatency, A time : 76 => 76
02-10 16:48:09.123 15518 15559 D BtGatt.GattService: [GSIM LOG]: setScanTime : com.test.thalitest : 24778908
02-10 16:48:09.123 15518 15559 D BtGatt.GattService: [GSIM LOG]: updateScanTime: 1
02-10 16:48:09.123 22664 22664 D org.thaliproject.p2p.btconnectorlib.DiscoveryManager: updateStateInternal Current thread: Thread[main,5,main], id: 1
02-10 16:48:09.123 22664 22664 D org.thaliproject.p2p.btconnectorlib.DiscoveryManager: updateStateInternal finished Current thread: Thread[main,5,main], id: 1
02-10 16:48:09.123 22664 22664 D org.thaliproject.p2p.btconnectorlib.DiscoveryManager: updateState finished Current thread: Thread[main,5,main], id: 1
02-10 16:48:09.123 22664 22664 I io.jxcore.node.ConnectionHelper: onDiscoveryManagerStateChanged: State: RUNNING_BLE, is discovering: true, is advertising: true
02-10 16:48:09.133 15518 15559 D BtGatt.GattService: [GSIM LOG]: com.samsung.android.beaconmanager@Custom, R time : 184 => 185
02-10 16:48:09.133  3513  3892 V AlarmManager:  remove PendingIntent] PendingIntent{eefad94: PendingIntentRecord{369848 com.android.bluetooth broadcastIntent}}
02-10 16:48:09.143 15518 15559 D BtGatt.GattService: [GSIM LOG]: com.samsung.android.beaconmanager@LowLatency, A time : 104 => 105
02-10 16:48:09.143 15518 15559 D BtGatt.GattService: [GSIM LOG]: setActualScanType : com.samsung.android.beaconmanager : 2
02-10 16:48:09.143 15518 15559 D BtGatt.GattService: [GSIM LOG]: updateScanTime: 0
02-10 16:48:09.143 15518 15559 D BtGatt.GattService: [GSIM LOG]: com.samsung.android.beaconmanager@Custom, R time : 185 => 185
02-10 16:48:09.143 15518 15559 D BtGatt.GattService: [GSIM LOG]: com.samsung.android.beaconmanager@LowLatency, A time : 105 => 105
02-10 16:48:09.143 15518 15559 D BtGatt.GattService: [GSIM LOG]: setScanTime : com.samsung.android.beaconmanager : 24778908
02-10 16:48:09.143  3513  4771 V AlarmManager:  remove PendingIntent] PendingIntent{768303d: PendingIntentRecord{369848 com.android.bluetooth broadcastIntent}}
02-10 16:48:09.143  3513  5185 V AlarmManager:  remove PendingIntent] PendingIntent{23d5032: PendingIntentRecord{369848 com.android.bluetooth broadcastIntent}}
02-10 16:48:09.153  3513  4107 V AlarmManager:  remove PendingIntent] PendingIntent{b369183: PendingIntentRecord{369848 com.android.bluetooth broadcastIntent}}
02-10 16:48:09.153  3513  4279 V AlarmManager:  remove PendingIntent] PendingIntent{4e40f00: PendingIntentRecord{369848 com.android.bluetooth broadcastIntent}}
02-10 16:48:09.163  3513  4204 V AlarmManager:  remove PendingIntent] PendingIntent{bac9339: PendingIntentRecord{369848 com.android.bluetooth broadcastIntent}}
02-10 16:48:09.163  3513  3863 V AlarmManager:  remove PendingIntent] PendingIntent{46c3d7e: PendingIntentRecord{369848 com.android.bluetooth broadcastIntent}}
02-10 16:48:09.173  3513  5186 V AlarmManager:  remove PendingIntent] PendingIntent{a46c2df: PendingIntentRecord{369848 com.android.bluetooth broadcastIntent}}
02-10 16:48:09.173  3513  4025 V AlarmManager:  remove PendingIntent] PendingIntent{6fb1b2c: PendingIntentRecord{369848 com.android.bluetooth broadcastIntent}}
02-10 16:48:09.183  3513  4284 V AlarmManager:  remove PendingIntent] PendingIntent{b3a29f5: PendingIntentRecord{369848 com.android.bluetooth broadcastIntent}}
02-10 16:48:09.183  3513  6656 V AlarmManager:  remove PendingIntent] PendingIntent{90ab38a: PendingIntentRecord{369848 com.android.bluetooth broadcastIntent}}
02-10 16:48:09.623 22664 22664 V io.jxcore.node.ConnectionHelper: Notifying discovery manager state change: is discovering: true, is advertising: true
02-10 16:48:09.623 22664 22664 V io.jxcore.node.StartStopOperation: isTargetState: Connectivity: RUNNING, discovery: RUNNING_BLE, is discovering: true, is advertising: true - Start operation: Should affect listening to advertisements only
02-10 16:48:09.623 22664 22664 D io.jxcore.node.StartStopOperationHandler: processCurrentOperationStatus: Operation successfully executed
02-10 16:48:09.633 22664 22730 I jxcore-log: ok 90 Can call startListeningForAdvertisements without error
02-10 16:48:09.633 22664 22730 I jxcore-log: 
02-10 16:48:09.633 22664 22730 I jxcore-log: 2017-02-10 13:48:09 - DEBUG thaliMobileNativeWrapper: 'discoveryAdvertisingStateUpdateNonTCP: {"discoveryActive":true,"advertisingActive":true}'
02-10 16:48:09.633 22664 22730 I jxcore-log: 
02-10 16:48:09.633 22664 22730 I jxcore-log: 2017-02-10 13:48:09 - INFO thaliMobile: 'Received state ({"discoveryActive":true,"advertisingActive":true}) did not match with target ({"started":false,"listening":false,"advertising":false,"networkType":"BOTH","startArguments":{"router":null,"pskIdToSecret":null,"networkType":null}})'
02-10 16:48:09.633 22664 22730 I jxcore-log: 
02-10 16:48:09.643 22664 22730 I jxcore-log: 2017-02-10 13:48:09 - INFO thaliMobile: 'Filtered out discoveryAdvertisingStateUpdate (was in stopped state).'
02-10 16:48:09.643 22664 22730 I jxcore-log: 
02-10 16:48:10.123  3513  3850 V AlarmManager: Expired Alarm result :4
02-10 16:48:10.123 15518 15518 D BtGatt.ScanManager: awakened up at time 623326219
02-10 16:48:10.133 15518 15550 D BtGatt.ScanManager: flushPendingBatchResults - clientIf = 9
02-10 16:48:10.133  3513  4025 V AlarmManager:  remove PendingIntent] PendingIntent{a94be18: PendingIntentRecord{369848 com.android.bluetooth broadcastIntent}}
02-10 16:48:10.133 15518 15537 D BtGatt.GattService: onBatchScanReports() - clientIf=9, status=0, reportType=2, numRecords=3
02-10 16:48:10.133 15518 15537 D BtGatt.ScanManager: callback done for clientIf - 9 status - 0
02-10 16:48:10.133 15518 15537 D BtGatt.GattService: current time is 623326229322167
02-10 16:48:10.143  3513  4518 V AlarmManager:  remove PendingIntent] PendingIntent{1d07071: PendingIntentRecord{81dbe35 com.android.bluetooth broadcastIntent}}
02-10 16:48:10.133 15518 15537 D BtGatt.GattService: Batch record : [39, 1, -106, -11, -41, 65, 1, -128, -40, 20, 0, 29, 17, 7, 9, 110, -45, -120, -12, -15, 20, -65, -33, 68, -111, -33, -83, -71, -4, -9, 10, 22, -83, -71, 3, 52, -118, 123, 117, 107, 67, 0, 67, 107, 117, 123, -118, 52, 0, -128, -39, 1, 0, 29, 17, 7, 9, 110, -45, -120, -12, -15, 20, -65, -33, 68, -111, -33, -83, -71, -4, -9, 10, 22, -83, -71, 3, 52, -118, 123, 117, 107, 67, 0, 81, -8, 13, -89, 48, 76, 1, -128, -41, 1, 0, 29, 17, 7, 9, 110, -45, -120, -12, -15, 20, -65, -33, 68, -111, -33, -83, -71, -4, -9, 10, 22, -83, -71, 3, -40, 91, 42, 78, 125, -6, 0]
02-10 16:48:10.133 15518 15537 D BtGatt.GattService: ScanRecord : [17, 7, 9, 110, -45, -120, -12, -15, 20, -65, -33, 68, -111, -33, -83, -71, -4, -9, 10, 22, -83, -71, 3, 52, -118, 123, 117, 107, 67]
02-10 16:48:10.143 15518 15537 D ScanRecord: parseFromBytes
02-10 16:48:10.143 15518 15537 D BtGatt.GattService: ScanRecord : [17, 7, 9, 110, -45, -120, -12, -15, 20, -65, -33, 68, -111, -33, -83, -71, -4, -9, 10, 22, -83, -71, 3, 52, -118, 123, 117, 107, 67]
02-10 16:48:10.143 15518 15537 D ScanRecord: parseFromBytes
02-10 16:48:10.143 15518 15537 D BtGatt.GattService: ScanRecord : [17, 7, 9, 110, -45, -120, -12, -15, 20, -65, -33, 68, -111, -33, -83, -71, -4, -9, 10, 22, -83, -71, 3, -40, 91, 42, 78, 125, -6]
02-10 16:48:10.143 15518 15537 D ScanRecord: parseFromBytes
02-10 16:48:10.143 22664 22675 D ScanRecord: parseFromBytes
02-10 16:48:10.143 22664 22675 D ScanRecord: parseFromBytes
02-10 16:48:10.143 22664 22675 D ScanRecord: parseFromBytes
02-10 16:48:10.143 22664 22664 D org.thaliproject.p2p.btconnectorlib.internal.bluetooth.le.BleScanner: onBatchScanResults: results count  = 3. Current thread: Thread[main,5,main], id: 1
02-10 16:48:10.143 22664 22664 D org.thaliproject.p2p.btconnectorlib.internal.bluetooth.le.BlePeerDiscoverer: checkScanResult: ScanResult{mDevice=41:D7:F5:96:01:27, mScanRecord=ScanRecord [mAdvertiseFlags=-1, mServiceUuids=[f7fcb9ad-df91-44df-bf14-f1f488d36e09], mManufacturerSpecificData={}, mServiceData={0000b9ad-0000-1000-8000-00805f9b34fb=[3, 52, -118, 123, 117, 107, 67]}, mTxPowerLevel=-2147483648, mDeviceName=null], mRssi=-40, mTimestampNanos=623325229834628}
02-10 16:48:10.153 22664 22664 D org.thaliproject.p2p.btconnectorlib.internal.bluetooth.le.BlePeerDiscoverer: checkScanResult: parsedAdvertisement: [UUID = null, bluetoothMacAddress = 34:8A:7B:75:6B:43, provideBluetoothMacAddressRequestId = nullextra info = 3]
02-10 16:48:10.153 22664 22664 V org.thaliproject.p2p.btconnectorlib.internal.bluetooth.le.BlePeerDiscoverer: checkScanResult: Resolved advertisement type: ADVERTISEMENT_PEER_PROPERTIES
02-10 16:48:10.153 22664 22664 D org.thaliproject.p2p.btconnectorlib.internal.bluetooth.le.PeerAdvertisementFactory: Parsed advertisment: [UUID = f7fcb9ad-df91-44df-bf14-f1f488d36e09, bluetoothMacAddress = 34:8A:7B:75:6B:43, provideBluetoothMacAddressRequestId = nullextra info = 3]
02-10 16:48:10.153 22664 22664 D org.thaliproject.p2p.btconnectorlib.internal.bluetooth.le.BlePeerDiscoverer: checkScanResult onPeerDiscovered [34:8A:7B:75:6B:43 3]
02-10 16:48:10.153 22664 22664 D org.thaliproject.p2p.btconnectorlib.internal.bluetooth.le.BlePeerDiscoverer: checkScanResult: ScanResult{mDevice=4C:30:A7:0D:F8:51, mScanRecord=ScanRecord [mAdvertiseFlags=-1, mServiceUuids=[f7fcb9ad-df91-44df-bf14-f1f488d36e09], mManufacturerSpecificData={}, mServiceData={0000b9ad-0000-1000-8000-00805f9b34fb=[3, -40, 91, 42, 78, 125, -6]}, mTxPowerLevel=-2147483648, mDeviceName=null], mRssi=-41, mTimestampNanos=623326179834628}
02-10 16:48:10.153 22664 22664 D org.thaliproject.p2p.btconnectorlib.internal.bluetooth.le.BlePeerDiscoverer: checkScanResult: parsedAdvertisement: [UUID = null, bluetoothMacAddress = D8:5B:2A:4E:7D:FA, provideBluetoothMacAddressRequestId = nullextra info = 3]
02-10 16:48:10.153 22664 22664 V org.thaliproject.p2p.btconnectorlib.internal.bluetooth.le.BlePeerDiscoverer: checkScanResult: Resolved advertisement type: ADVERTISEMENT_PEER_PROPERTIES
02-10 16:48:10.153 22664 22664 D org.thaliproject.p2p.btconnectorlib.internal.bluetooth.le.PeerAdvertisementFactory: Parsed advertisment: [UUID = f7fcb9ad-df91-44df-bf14-f1f488d36e09, bluetoothMacAddress = D8:5B:2A:4E:7D:FA, provideBluetoothMacAddressRequestId = nullextra info = 3]
02-10 16:48:10.153 22664 22664 D org.thaliproject.p2p.btconnectorlib.internal.bluetooth.le.BlePeerDiscoverer: checkScanResult onPeerDiscovered [D8:5B:2A:4E:7D:FA 3]
02-10 16:48:10.153 22664 22664 D org.thaliproject.p2p.btconnectorlib.internal.bluetooth.le.BlePeerDiscoverer: checkScanResult: ScanResult{mDevice=34:8A:7B:75:6B:43, mScanRecord=ScanRecord [mAdvertiseFlags=-1, mServiceUuids=[f7fcb9ad-df91-44df-bf14-f1f488d36e09], mManufacturerSpecificData={}, mServiceData={0000b9ad-0000-1000-8000-00805f9b34fb=[3, 52, -118, 123, 117, 107, 67]}, mTxPowerLevel=-2147483648, mDeviceName=null], mRssi=-39, mTimestampNanos=623326179834628}
02-10 16:48:10.153 22664 22664 D org.thaliproject.p2p.btconnectorlib.internal.bluetooth.le.BlePeerDiscoverer: checkScanResult: parsedAdvertisement: [UUID = null, bluetoothMacAddress = 34:8A:7B:75:6B:43, provideBluetoothMacAddressRequestId = nullextra info = 3]
02-10 16:48:10.153  3513  4557 V AlarmManager:  remove PendingIntent] PendingIntent{687e56: PendingIntentRecord{369848 com.android.bluetooth broadcastIntent}}
02-10 16:48:10.153 22664 22664 V org.thaliproject.p2p.btconnectorlib.internal.bluetooth.le.BlePeerDiscoverer: checkScanResult: Resolved advertisement type: ADVERTISEMENT_PEER_PROPERTIES
02-10 16:48:10.153 22664 22664 D org.thaliproject.p2p.btconnectorlib.internal.bluetooth.le.PeerAdvertisementFactory: Parsed advertisment: [UUID = f7fcb9ad-df91-44df-bf14-f1f488d36e09, bluetoothMacAddress = 34:8A:7B:75:6B:43, provideBluetoothMacAddressRequestId = nullextra info = 3]
02-10 16:48:10.153 22664 22664 D org.thaliproject.p2p.btconnectorlib.internal.bluetooth.le.BlePeerDiscoverer: checkScanResult onPeerDiscovered [34:8A:7B:75:6B:43 3]
02-10 16:48:10.153 22664 22664 D org.thaliproject.p2p.btconnectorlib.DiscoveryManager: onPeerDiscovered: [34:8A:7B:75:6B:43 3]
02-10 16:48:10.153 22664 22664 V org.thaliproject.p2p.btconnectorlib.utils.PeerModel: addOrUpdateDiscoveredPeer: [34:8A:7B:75:6B:43 3]
02-10 16:48:10.153 22664 22664 D org.thaliproject.p2p.btconnectorlib.utils.PeerModel: Want to call onPeerAdded. Listeners size = 1
02-10 16:48:10.153 22664 22664 D org.thaliproject.p2p.btconnectorlib.DiscoveryManager: onPeerAdded: [34:8A:7B:75:6B:43 3]
02-10 16:48:10.163 22664 22664 V org.thaliproject.p2p.btconnectorlib.utils.PeerModel: addOrUpdateDiscoveredPeer: New peer, [34:8A:7B:75:6B:43 3], added - the peer count is 1
02-10 16:48:10.163 22664 22664 D org.thaliproject.p2p.btconnectorlib.DiscoveryManager: onPeerDiscovered: [D8:5B:2A:4E:7D:FA 3]
02-10 16:48:10.163 22664 22664 V org.thaliproject.p2p.btconnectorlib.utils.PeerModel: addOrUpdateDiscoveredPeer: [D8:5B:2A:4E:7D:FA 3]
02-10 16:48:10.163 22664 22664 D org.thaliproject.p2p.btconnectorlib.utils.PeerModel: Want to call onPeerAdded. Listeners size = 1
02-10 16:48:10.163 22664 22664 D org.thaliproject.p2p.btconnectorlib.DiscoveryManager: onPeerAdded: [D8:5B:2A:4E:7D:FA 3]
02-10 16:48:10.163 22664 22664 V org.thaliproject.p2p.btconnectorlib.utils.PeerModel: addOrUpdateDiscoveredPeer: New peer, [D8:5B:2A:4E:7D:FA 3], added - the peer count is 2
02-10 16:48:10.163 22664 22664 D org.thaliproject.p2p.btconnectorlib.DiscoveryManager: onPeerDiscovered: [34:8A:7B:75:6B:43 3]
02-10 16:48:10.163 22664 22664 V org.thaliproject.p2p.btconnectorlib.utils.PeerModel: addOrUpdateDiscoveredPeer: [34:8A:7B:75:6B:43 3]
02-10 16:48:10.163 22664 22664 D org.thaliproject.p2p.btconnectorlib.utils.PeerModel: has more info: false,  extra info differs: false
02-10 16:48:10.163 22664 22664 V org.thaliproject.p2p.btconnectorlib.utils.PeerModel: addOrUpdateDiscoveredPeer: Timestamp of peer [34:8A:7B:75:6B:43 3] updated - the peer count is 2
02-10 16:48:10.163 22664 22664 I io.jxcore.node.ConnectionHelper: onPeerDiscovered: [34:8A:7B:75:6B:43 3], Bluetooth address: 34:8A:7B:75:6B:43, device name: 'null', device address: 'null'
02-10 16:48:10.163 22664 22664 I io.jxcore.node.ConnectionHelper: onPeerDiscovered: [D8:5B:2A:4E:7D:FA 3], Bluetooth address: D8:5B:2A:4E:7D:FA, device name: 'null', device address: 'null'
02-10 16:48:10.163 22664 22730 I jxcore-log: ok 91 peers must be an array
02-10 16:48:10.163 22664 22730 I jxcore-log: 
02-10 16:48:10.163 22664 22730 I jxcore-log: ok 92 peers must not be zero-length
02-10 16:48:10.163 22664 22730 I jxcore-log: 
02-10 16:48:10.163  3513  3892 V AlarmManager:  remove PendingIntent] PendingIntent{f802ed7: PendingIntentRecord{369848 com.android.bluetooth broadcastIntent}}
02-10 16:48:10.163 22664 22730 I jxcore-log: ok 93 peer must have only peerIdentifier, peerAvailable and generation properties
02-10 16:48:10.163 22664 22730 I jxcore-log: 
02-10 16:48:10.163 22664 22730 I jxcore-log: ok 94 peerIdentifier must be a string
02-10 16:48:10.163 22664 22730 I jxcore-log: 
02-10 16:48:10.173 22664 22730 I jxcore-log: ok 95 generation must be a number
02-10 16:48:10.173 22664 22730 I jxcore-log: 
02-10 16:48:10.173  3513  4771 V AlarmManager:  remove PendingIntent] PendingIntent{923a3c4: PendingIntentRecord{369848 com.android.bluetooth broadcastIntent}}
02-10 16:48:10.173  3513  5185 V AlarmManager:  remove PendingIntent] PendingIntent{daaa2ad: PendingIntentRecord{369848 com.android.bluetooth broadcastIntent}}
02-10 16:48:10.183  3513  5186 V AlarmManager:  remove PendingIntent] PendingIntent{e0629e2: PendingIntentRecord{369848 com.android.bluetooth broadcastIntent}}
02-10 16:48:10.183 22664 22730 I jxcore-log: # teardown
02-10 16:48:10.183 22664 22730 I jxcore-log: 
02-10 16:48:11.143  3513  3850 V AlarmManager: Expired Alarm result :4
02-10 16:48:11.143 15518 15518 D BtGatt.ScanManager: awakened up at time 623327237
02-10 16:48:11.153 15518 15550 D BtGatt.ScanManager: flushPendingBatchResults - clientIf = 9
02-10 16:48:11.153  3513  4771 V AlarmManager:  remove PendingIntent] PendingIntent{e993830: PendingIntentRecord{369848 com.android.bluetooth broadcastIntent}}
02-10 16:48:11.163 15518 15537 D BtGatt.GattService: onBatchScanReports() - clientIf=9, status=0, reportType=2, numRecords=2
02-10 16:48:11.163 15518 15537 D BtGatt.ScanManager: callback done for clientIf - 9 status - 0
02-10 16:48:11.163 15518 15537 D BtGatt.GattService: current time is 623327253295743
02-10 16:48:11.163  3513  3542 V AlarmManager:  remove PendingIntent] PendingIntent{b7bbca9: PendingIntentRecord{81dbe35 com.android.bluetooth broadcastIntent}}
02-10 16:48:11.163 15518 15537 D BtGatt.GattService: Batch record : [67, 107, 117, 123, -118, 52, 0, -128, -46, 6, 0, 29, 17, 7, 9, 110, -45, -120, -12, -15, 20, -65, -33, 68, -111, -33, -83, -71, -4, -9, 10, 22, -83, -71, 3, 52, -118, 123, 117, 107, 67, 0, 81, -8, 13, -89, 48, 76, 1, -128, -47, 6, 0, 29, 17, 7, 9, 110, -45, -120, -12, -15, 20, -65, -33, 68, -111, -33, -83, -71, -4, -9, 10, 22, -83, -71, 3, -40, 91, 42, 78, 125, -6, 0]
02-10 16:48:11.163 15518 15537 D BtGatt.GattService: ScanRecord : [17, 7, 9, 110, -45, -120, -12, -15, 20, -65, -33, 68, -111, -33, -83, -71, -4, -9, 10, 22, -83, -71, 3, 52, -118, 123, 117, 107, 67]
02-10 16:48:11.163 15518 15537 D ScanRecord: parseFromBytes
02-10 16:48:11.163 15518 15537 D BtGatt.GattService: ScanRecord : [17, 7, 9, 110, -45, -120, -12, -15, 20, -65, -33, 68, -111, -33, -83, -71, -4, -9, 10, 22, -83, -71, 3, -40, 91, 42, 78, 125, -6]
02-10 16:48:11.163 15518 15537 D ScanRecord: parseFromBytes
02-10 16:48:11.163 22664 22674 D ScanRecord: parseFromBytes
02-10 16:48:11.163 22664 22674 D ScanRecord: parseFromBytes
02-10 16:48:11.163 22664 22664 D org.thaliproject.p2p.btconnectorlib.internal.bluetooth.le.BleScanner: onBatchScanResults: results count  = 2. Current thread: Thread[main,5,main], id: 1
02-10 16:48:11.163 22664 22664 D org.thaliproject.p2p.btconnectorlib.internal.bluetooth.le.BlePeerDiscoverer: checkScanResult: ScanResult{mDevice=4C:30:A7:0D:F8:51, mScanRecord=ScanRecord [mAdvertiseFlags=-1, mServiceUuids=[f7fcb9ad-df91-44df-bf14-f1f488d36e09], mManufacturerSpecificData={}, mServiceData={0000b9ad-0000-1000-8000-00805f9b34fb=[3, -40, 91, 42, 78, 125, -6]}, mTxPowerLevel=-2147483648, mDeviceName=null], mRssi=-47, mTimestampNanos=623326953696935}
02-10 16:48:11.163 22664 22664 D org.thaliproject.p2p.btconnectorlib.internal.bluetooth.le.BlePeerDiscoverer: checkScanResult: parsedAdvertisement: [UUID = null, bluetoothMacAddress = D8:5B:2A:4E:7D:FA, provideBluetoothMacAddressRequestId = nullextra info = 3]
02-10 16:48:11.163 22664 22664 V org.thaliproject.p2p.btconnectorlib.internal.bluetooth.le.BlePeerDiscoverer: checkScanResult: Resolved advertisement type: ADVERTISEMENT_PEER_PROPERTIES
02-10 16:48:11.163 22664 22664 D org.thaliproject.p2p.btconnectorlib.internal.bluetooth.le.PeerAdvertisementFactory: Parsed advertisment: [UUID = f7fcb9ad-df91-44df-bf14-f1f488d36e09, bluetoothMacAddress = D8:5B:2A:4E:7D:FA, provideBluetoothMacAddressRequestId = nullextra info = 3]
02-10 16:48:11.173 22664 22664 D org.thaliproject.p2p.btconnectorlib.internal.bluetooth.le.BlePeerDiscoverer: checkScanResult onPeerDiscovered [D8:5B:2A:4E:7D:FA 3]
02-10 16:48:11.173 22664 22664 D org.thaliproject.p2p.btconnectorlib.internal.bluetooth.le.BlePeerDiscoverer: checkScanResult: ScanResult{mDevice=34:8A:7B:75:6B:43, mScanRecord=ScanRecord [mAdvertiseFlags=-1, mServiceUuids=[f7fcb9ad-df91-44df-bf14-f1f488d36e09], mManufacturerSpecificData={}, mServiceData={0000b9ad-0000-1000-8000-00805f9b34fb=[3, 52, -118, 123, 117, 107, 67]}, mTxPowerLevel=-2147483648, mDeviceName=null], mRssi=-46, mTimestampNanos=623326953696935}
02-10 16:48:11.173 22664 22664 D org.thaliproject.p2p.btconnectorlib.internal.bluetooth.le.BlePeerDiscoverer: checkScanResult: parsedAdvertisement: [UUID = null, bluetoothMacAddress = 34:8A:7B:75:6B:43, provideBluetoothMacAddressRequestId = nullextra info = 3]
02-10 16:48:11.173 22664 22664 V org.thaliproject.p2p.btconnectorlib.internal.bluetooth.le.BlePeerDiscoverer: checkScanResult: Resolved advertisement type: ADVERTISEMENT_PEER_PROPERTIES
02-10 16:48:11.173 22664 22664 D org.thaliproject.p2p.btconnectorlib.internal.bluetooth.le.PeerAdvertisementFactory: Parsed advertisment: [UUID = f7fcb9ad-df91-44df-bf14-f1f488d36e09, bluetoothMacAddress = 34:8A:7B:75:6B:43, provideBluetoothMacAddressRequestId = nullextra info = 3]
02-10 16:48:11.173 22664 22664 D org.thaliproject.p2p.btconnectorlib.internal.bluetooth.le.BlePeerDiscoverer: checkScanResult onPeerDiscovered [34:8A:7B:75:6B:43 3]
02-10 16:48:11.173 22664 22664 D org.thaliproject.p2p.btconnectorlib.DiscoveryManager: onPeerDiscovered: [D8:5B:2A:4E:7D:FA 3]
02-10 16:48:11.173 22664 22664 V org.thaliproject.p2p.btconnectorlib.utils.PeerModel: addOrUpdateDiscoveredPeer: [D8:5B:2A:4E:7D:FA 3]
02-10 16:48:11.173 22664 22664 D org.thaliproject.p2p.btconnectorlib.utils.PeerModel: has more info: false,  extra info differs: false
02-10 16:48:11.173 22664 22664 V org.thaliproject.p2p.btconnectorlib.utils.PeerModel: addOrUpdateDiscoveredPeer: Timestamp of peer [D8:5B:2A:4E:7D:FA 3] updated - the peer count is 2
02-10 16:48:11.173 22664 22664 D org.thaliproject.p2p.btconnectorlib.DiscoveryManager: onPeerDiscovered: [34:8A:7B:75:6B:43 3]
02-10 16:48:11.173 22664 22664 V org.thaliproject.p2p.btconnectorlib.utils.PeerModel: addOrUpdateDiscoveredPeer: [34:8A:7B:75:6B:43 3]
02-10 16:48:11.173 22664 22664 D org.thaliproject.p2p.btconnectorlib.utils.PeerModel: has more info: false,  extra info differs: false
02-10 16:48:11.173 22664 22664 V org.thaliproject.p2p.btconnectorlib.utils.PeerModel: addOrUpdateDiscoveredPeer: Timestamp of peer [34:8A:7B:75:6B:43 3] updated - the peer count is 2
02-10 16:48:11.183  3513  4518 V AlarmManager:  remove PendingIntent] PendingIntent{ae1022e: PendingIntentRecord{369848 com.android.bluetooth broadcastIntent}}
02-10 16:48:11.183  3513  4284 V AlarmManager:  remove PendingIntent] PendingIntent{e0c21cf: PendingIntentRecord{369848 com.android.bluetooth broadcastIntent}}
02-10 16:48:11.193  3513  6656 V AlarmManager:  remove PendingIntent] PendingIntent{291a75c: PendingIntentRecord{369848 com.android.bluetooth broadcastIntent}}
02-10 16:48:11.193  3513  4282 V AlarmManager:  remove PendingIntent] PendingIntent{62a7a65: PendingIntentRecord{369848 com.android.bluetooth broadcastIntent}}
02-10 16:48:11.203  3513  3892 V AlarmManager:  remove PendingIntent] PendingIntent{7f133a: PendingIntentRecord{369848 com.android.bluetooth broadcastIntent}}
02-10 16:48:11.303 22664 22730 D io.jxcore.node.JXcoreExtension: stopListeningForAdvertisements
02-10 16:48:11.303 22664 22730 I io.jxcore.node.ConnectionHelper: stop: Stopping only listening for advertisements
02-10 16:48:11.303 22664 22730 V io.jxcore.node.StartStopOperation: isTargetState: Connectivity: RUNNING, discovery: RUNNING_BLE, is discovering: true, is advertising: true - Stop operation: Should affect listening to advertisements only
02-10 16:48:11.303 22664 22730 V io.jxcore.node.StartStopOperationHandler: executeCurrentOperation: Executing: Stop operation: Should affect listening to advertisements only
02-10 16:48:11.303 22664 22730 I org.thaliproject.p2p.btconnectorlib.DiscoveryManager: stopDiscovery
02-10 16:48:11.303 22664 22730 D org.thaliproject.p2p.btconnectorlib.internal.bluetooth.le.BlePeerDiscoverer: stopScanner: Current thread: Thread[Thread-2514,7,main], id: 2514
02-10 16:48:11.303 22664 22730 I org.thaliproject.p2p.btconnectorlib.internal.bluetooth.le.BlePeerDiscoverer: stopScanner: Stopping...
02-10 16:48:11.303 22664 22730 D org.thaliproject.p2p.btconnectorlib.internal.bluetooth.le.BleScanner: stop, Current thread: Thread[Thread-2514,7,main], id: 2514
02-10 16:48:11.313 22664 22730 D BluetoothAdapter: STATE_ON
02-10 16:48:11.313 22664 22730 D BluetoothAdapter: STATE_ON
02-10 16:48:11.313 15518 15530 D BtGatt.GattService: flushPendingBatchResults - clientIf=9, isServer=false
02-10 16:48:11.313 22664 22730 D org.thaliproject.p2p.btconnectorlib.internal.bluetooth.le.BleScanner: stop: scan results are flushed 
02-10 16:48:11.313 15518 15550 D BtGatt.ScanManager: flushPendingBatchResults - clientIf = 9
02-10 16:48:11.313 22664 22730 D BluetoothAdapter: STATE_ON
02-10 16:48:11.313  3513  4279 V AlarmManager:  remove PendingIntent] PendingIntent{6d30beb: PendingIntentRecord{369848 com.android.bluetooth broadcastIntent}}
02-10 16:48:11.313 15518 15537 D BtGatt.GattService: onBatchScanReports() - clientIf=9, status=0, reportType=2, numRecords=0
02-10 16:48:11.313 15518 15537 D BtGatt.ScanManager: callback done for clientIf - 9 status - 0
02-10 16:48:11.323 22664 22730 D BluetoothAdapter: STATE_ON
02-10 16:48:11.323  3513  6656 V AlarmManager:  remove PendingIntent] PendingIntent{83fdd48: PendingIntentRecord{81dbe35 com.android.bluetooth broadcastIntent}}
02-10 16:48:11.323 22664 22730 D BluetoothLeScanner: Stop Scan
02-10 16:48:11.323 22664 22664 D org.thaliproject.p2p.btconnectorlib.internal.bluetooth.le.BleScanner: onBatchScanResults: results count  = 0. Current thread: Thread[main,5,main], id: 1
02-10 16:48:11.323 15518 15528 D BtGatt.GattService: [GSIM LOG]: getCallingProcessName: com.test.thalitest
02-10 16:48:11.323 15518 15528 D BtGatt.GattService: [GSIM LOG]: getCallingProcessName: com.test.thalitest
02-10 16:48:11.323 15518 15528 D BtGatt.GattService: stopScan() - queue size =2
02-10 16:48:11.323 15518 15559 E BtGatt.GattService: [GSIM LOG]: gsimLogHandler: com.test.thalitest, msg: MESSAGE_STOP_SCAN
02-10 16:48:11.333  3513  5186 V AlarmManager:  remove PendingIntent] PendingIntent{64d57e1: PendingIntentRecord{369848 com.android.bluetooth broadcastIntent}}
02-10 16:48:11.323 15518 15559 D BtGatt.GattService: [GSIM LOG]: gsimLogHandler: prevDate: 10, currDate: 10
02-10 16:48:11.323 15518 15559 D BtGatt.GattService: [GSIM LOG]: updateScanTime: 0
02-10 16:48:11.323 15518 15559 D BtGatt.GattService: [GSIM LOG]: com.test.thalitest@LowLatency, R time : 76 => 76
02-10 16:48:11.323 15518 15559 D BtGatt.GattService: [GSIM LOG]: com.test.thalitest@LowLatency, A time : 76 => 76
02-10 16:48:11.323 15518 15559 D BtGatt.GattService: [GSIM LOG]: remove : com.test.thalitest at  BLE_SCAN_ACTUAL_DB
02-10 16:48:11.323 15518 15559 D BtGatt.GattService: [GSIM LOG]: remove : com.test.thalitest at  BLE_SCAN_REQUESTED_DB
02-10 16:48:11.333 15518 15681 D BtGatt.GattService: unregisterClient() - clientIf=9
02-10 16:48:11.333 15518 15550 D BtGatt.ScanManager: filter size is 1
02-10 16:48:11.333 15518 15550 D BtGatt.ScanManager: delete FilterIndex - 26
02-10 16:48:11.333 22664 22730 D org.thaliproject.p2p.btconnectorlib.internal.bluetooth.le.BleScanner: stop: Stopped
02-10 16:48:11.333 15518 15537 D BtGatt.GattService: onScanFilterParamsConfigured() - clientIf=9, status=0, action=1, availableSpace=28
02-10 16:48:11.333 15518 15537 D BtGatt.ScanManager: callback done for clientIf - 9 status - 0
02-10 16:48:11.333 22664 22730 D org.thaliproject.p2p.btconnectorlib.internal.bluetooth.le.BleScanner: set state: Current thread: Thread[Thread-2514,7,main], id: 2514
02-10 16:48:11.333 22664 22730 D org.thaliproject.p2p.btconnectorlib.internal.bluetooth.le.BleScanner: setState: State changed from RUNNING to NOT_STARTED
02-10 16:48:11.333 15518 15550 D BtGatt.ScanManager: stopping BLe Batch
02-10 16:48:11.333 22664 22730 D org.thaliproject.p2p.btconnectorlib.internal.bluetooth.le.BleScanner: notifyScannerStateChanged: started =  false. Current thread: Thread[Thread-2514,7,main], id: 2514
02-10 16:48:11.333 22664 22730 D org.thaliproject.p2p.btconnectorlib.internal.bluetooth.le.BleScanner: stop finished, Current thread: Thread[Thread-2514,7,main], id: 2514
02-10 16:48:11.333 22664 22664 I org.thaliproject.p2p.btconnectorlib.internal.bluetooth.le.BlePeerDiscoverer: onIsScannerStartedChanged: falseCurrent thread: Thread[main,5,main], id: 1
02-10 16:48:11.333 22664 22664 D org.thaliproject.p2p.btconnectorlib.internal.bluetooth.le.BlePeerDiscoverer: updateState : Current thread: Thread[main,5,main], id: 1
02-10 16:48:11.333 22664 22664 D org.thaliproject.p2p.btconnectorlib.internal.bluetooth.le.BlePeerDiscoverer: updateState: deducedStateSet: [ADVERTISING]
02-10 16:48:11.333 22664 22664 D org.thaliproject.p2p.btconnectorlib.internal.bluetooth.le.BlePeerDiscoverer: updateState: stateSet: [SCANNING, ADVERTISING]
02-10 16:48:11.333 22664 22664 D org.thaliproject.p2p.btconnectorlib.internal.bluetooth.le.BlePeerDiscoverer: Current thread: Thread[main,5,main], id: 1
02-10 16:48:11.333 22664 22664 D org.thaliproject.p2p.btconnectorlib.internal.bluetooth.le.BlePeerDiscoverer: updateState: State changed from [SCANNING, ADVERTISING] to [ADVERTISING]Current thread: Thread[main,5,main], id: 1
02-10 16:48:11.333 22664 22664 D org.thaliproject.p2p.btconnectorlib.internal.bluetooth.le.BlePeerDiscoverer: update state finished. Current thread: Thread[main,5,main], id: 1
02-10 16:48:11.333 22664 22664 I org.thaliproject.p2p.btconnectorlib.DiscoveryManager: onBlePeerDiscovererStateChanged: [SCANNING, ADVERTISING] -> [ADVERTISING] Current thread: Thread[main,5,main], id: 1
02-10 16:48:11.333 22664 22664 D org.thaliproject.p2p.btconnectorlib.DiscoveryManager: updateState: Current thread: Thread[main,5,main], id: 1
02-10 16:48:11.333 15518 15537 D BtGatt.GattService: onBatchScanStartStopped() - clientIf=9, status=0, startStopAction=0
02-10 16:48:11.333 15518 15537 D BtGatt.ScanManager: callback done for clientIf - 9 status - 0
02-10 16:48:11.333 15518 15550 D BtGatt.ScanManager: flushPendingBatchResults - clientIf = 9
02-10 16:48:11.343  3513  6656 V AlarmManager:  remove PendingIntent] PendingIntent{8bb2906: PendingIntentRecord{369848 com.android.bluetooth broadcastIntent}}
02-10 16:48:11.343 22664 22664 D org.thaliproject.p2p.btconnectorlib.DiscoveryManager: updateStateInternal Current thread: Thread[main,5,main], id: 1
02-10 16:48:11.343 22664 22664 D org.thaliproject.p2p.btconnectorlib.DiscoveryManager: updateState: State: RUNNING_BLE, is discovering: false, is advertising: true
02-10 16:48:11.343 22664 22664 D org.thaliproject.p2p.btconnectorlib.DiscoveryManager: updateStateInternal finished Current thread: Thread[main,5,main], id: 1
02-10 16:48:11.343 22664 22664 D org.thaliproject.p2p.btconnectorlib.DiscoveryManager: updateState finished Current thread: Thread[main,5,main], id: 1
02-10 16:48:11.343 22664 22664 I io.jxcore.node.ConnectionHelper: onDiscoveryManagerStateChanged: State: RUNNING_BLE, is discovering: false, is advertising: true
02-10 16:48:11.343 15518 15537 D BtGatt.GattService: onBatchScanReports() - clientIf=9, status=0, reportType=2, numRecords=0
02-10 16:48:11.343 15518 15537 D BtGatt.ScanManager: callback done for clientIf - 9 status - 0
02-10 16:48:11.343  3513  4518 V AlarmManager:  remove PendingIntent] PendingIntent{ed47bc7: PendingIntentRecord{81dbe35 com.android.bluetooth broadcastIntent}}
02-10 16:48:11.343  3513  3892 V AlarmManager:  remove PendingIntent] PendingIntent{11985f4: PendingIntentRecord{81dbe35 com.android.bluetooth broadcastIntent}}
02-10 16:48:11.343  3513  5185 V AlarmManager:  remove PendingIntent] PendingIntent{d66911d: PendingIntentRecord{369848 com.android.bluetooth broadcastIntent}}
02-10 16:48:11.353  3513  4107 V AlarmManager:  remove PendingIntent] PendingIntent{e50cf92: PendingIntentRecord{369848 com.android.bluetooth broadcastIntent}}
02-10 16:48:11.353  3513  4279 V AlarmManager:  remove PendingIntent] PendingIntent{4930d63: PendingIntentRecord{369848 com.android.bluetooth broadcastIntent}}
02-10 16:48:11.363  3513  4284 V AlarmManager:  remove PendingIntent] PendingIntent{e430d60: PendingIntentRecord{369848 com.android.bluetooth broadcastIntent}}
02-10 16:48:11.363  3513  4025 V AlarmManager:  remove PendingIntent] PendingIntent{8e02219: PendingIntentRecord{369848 com.android.bluetooth broadcastIntent}}
02-10 16:48:11.373  3513  3892 V AlarmManager:  remove PendingIntent] PendingIntent{a2852de: PendingIntentRecord{369848 com.android.bluetooth broadcastIntent}}
02-10 16:48:11.373  3513  5186 V AlarmManager:  remove PendingIntent] PendingIntent{21f1cbf: PendingIntentRecord{369848 com.android.bluetooth broadcastIntent}}
02-10 16:48:11.383  3513  4204 V AlarmManager:  remove PendingIntent] PendingIntent{cbb9f8c: PendingIntentRecord{369848 com.android.bluetooth broadcastIntent}}
02-10 16:48:11.383  3513  3542 V AlarmManager:  remove PendingIntent] PendingIntent{8c7c6d5: PendingIntentRecord{369848 com.android.bluetooth broadcastIntent}}
02-10 16:48:11.843 22664 22664 V io.jxcore.node.ConnectionHelper: Notifying discovery manager state change: is discovering: false, is advertising: true
02-10 16:48:11.843 22664 22664 V io.jxcore.node.StartStopOperation: isTargetState: Connectivity: RUNNING, discovery: RUNNING_BLE, is discovering: false, is advertising: true - Stop operation: Should affect listening to advertisements only
02-10 16:48:11.843 22664 22664 D io.jxcore.node.StartStopOperationHandler: processCurrentOperationStatus: Operation successfully executed
02-10 16:48:11.843 22664 22730 I jxcore-log: ok 96 Should be able to call stopListeningForAdvertisements in teardown
02-10 16:48:11.843 22664 22730 I jxcore-log: 
02-10 16:48:11.853 22664 22730 D io.jxcore.node.JXcoreExtension: stopAdvertisingAndListening
02-10 16:48:11.853 22664 22730 I io.jxcore.node.ConnectionHelper: stop: Stopping all activities and killing connections
02-10 16:48:11.853 22664 22730 V io.jxcore.node.StartStopOperation: isTargetState: Connectivity: RUNNING, discovery: RUNNING_BLE, is discovering: false, is advertising: true - Stop operation: Should start/stop everything
02-10 16:48:11.853 22664 22730 V io.jxcore.node.StartStopOperationHandler: executeCurrentOperation: Executing: Stop operation: Should start/stop everything
02-10 16:48:11.853 22664 22730 I org.thaliproject.p2p.btconnectorlib.ConnectionManager: stopListeningForIncomingConnections
02-10 16:48:11.853 22664 22730 I org.thaliproject.p2p.btconnectorlib.internal.bluetooth.BluetoothConnector: stopListeningForIncomingConnections: Stopping...
02-10 16:48:11.853 22664 22730 D org.thaliproject.p2p.btconnectorlib.internal.bluetooth.BluetoothServerThread: shutdown
02-10 16:48:11.853 22664 22730 D org.thaliproject.p2p.btconnectorlib.internal.bluetooth.BluetoothManager: release: 2 listener(s) left
02-10 16:48:11.853 22664 22730 D org.thaliproject.p2p.btconnectorlib.ConnectionManager: updateState: mShouldBeStarted :  false, mIsServerStarted:  true
02-10 16:48:11.853 22664 22730 D org.thaliproject.p2p.btconnectorlib.ConnectionManager: setState: RUNNING -> NOT_STARTED
02-10 16:48:11.853 22664 22765 V org.thaliproject.p2p.btconnectorlib.internal.bluetooth.BluetoothServerThread: closeBluetoothServerSocket: Bluetooth server socket closed
02-10 16:48:11.853 22664 22730 I org.thaliproject.p2p.btconnectorlib.ConnectionManager: cancelAllConnectionAttempts
02-10 16:48:11.853 22664 22765 D org.thaliproject.p2p.btconnectorlib.internal.bluetooth.BluetoothServerThread: Exiting thread
02-10 16:48:11.853 22664 22730 I org.thaliproject.p2p.btconnectorlib.DiscoveryManager: stop: Stopping peer discovery...
02-10 16:48:11.853 22664 22765 I org.thaliproject.p2p.btconnectorlib.internal.bluetooth.BluetoothConnector: onServerStopped: Was explicitly stopped: true
02-10 16:48:11.853 22664 22664 I io.jxcore.node.ConnectionHelper: onConnectionManagerStateChanged: NOT_STARTED
02-10 16:48:11.853 22664 22730 D org.thaliproject.p2p.btconnectorlib.DiscoveryManager: stopForRestart Current thread: Thread[Thread-2514,7,main], id: 2514
02-10 16:48:11.853 22664 22730 D org.thaliproject.p2p.btconnectorlib.DiscoveryManager: stopForRestart. RUNNING_BLE
02-10 16:48:11.853 22664 22730 D org.thaliproject.p2p.btconnectorlib.internal.BluetoothMacAddressResolutionHelper: stopProvideBluetoothMacAddressMode
02-10 16:48:11.853 22664 22730 D org.thaliproject.p2p.btconnectorlib.internal.bluetooth.le.BlePeerDiscoverer: stopScannerAndAdvertiser: Current thread: Thread[Thread-2514,7,main], id: 2514
02-10 16:48:11.853 22664 22730 D org.thaliproject.p2p.btconnectorlib.internal.bluetooth.le.BlePeerDiscoverer: stopPeerAddressHelperAdvertiser Current thread: Thread[Thread-2514,7,main], id: 2514
02-10 16:48:11.853 22664 22730 D org.thaliproject.p2p.btconnectorlib.internal.bluetooth.le.BlePeerDiscoverer: stopScanner: Current thread: Thread[Thread-2514,7,main], id: 2514
02-10 16:48:11.853 22664 22730 D org.thaliproject.p2p.btconnectorlib.internal.bluetooth.le.BleScanner: stop, Current thread: Thread[Thread-2514,7,main], id: 2514
02-10 16:48:11.853 22664 22730 D BluetoothAdapter: STATE_ON
02-10 16:48:11.863 22664 22730 D BluetoothAdapter: STATE_ON
02-10 16:48:11.863 22664 22730 D org.thaliproject.p2p.btconnectorlib.internal.bluetooth.le.BleScanner: stop: scan results are flushed 
02-10 16:48:11.863 22664 22730 D BluetoothAdapter: STATE_ON
02-10 16:48:11.863 22664 22730 D BluetoothAdapter: STATE_ON
02-10 16:48:11.863 22664 22730 D BluetoothLeScanner: could not find callback wrapper
02-10 16:48:11.863 22664 22730 D org.thaliproject.p2p.btconnectorlib.internal.bluetooth.le.BleScanner: stop: Stopped
02-10 16:48:11.863 22664 22730 D org.thaliproject.p2p.btconnectorlib.internal.bluetooth.le.BleScanner: set state: Current thread: Thread[Thread-2514,7,main], id: 2514
02-10 16:48:11.863 22664 22730 D org.thaliproject.p2p.btconnectorlib.internal.bluetooth.le.BleScanner: stop finished, Current thread: Thread[Thread-2514,7,main], id: 2514
02-10 16:48:11.863 22664 22730 D org.thaliproject.p2p.btconnectorlib.internal.bluetooth.le.BlePeerDiscoverer: stopAdvertiser:Current thread: Thread[Thread-2514,7,main], id: 2514
02-10 16:48:11.863 22664 22730 I org.thaliproject.p2p.btconnectorlib.internal.bluetooth.le.BlePeerDiscoverer: stopAdvertiser: Stopping...
02-10 16:48:11.863 22664 22730 D org.thaliproject.p2p.btconnectorlib.internal.bluetooth.le.BleAdvertiser: stop. Current thread: Thread[Thread-2514,7,main], id: 2514
02-10 16:48:11.873 22664 22730 D BluetoothAdapter: STATE_ON
02-10 16:48:11.873 22664 22730 D BluetoothAdapter: STATE_ON
02-10 16:48:11.873 22664 22730 D BluetoothLeAdvertiser: stop advertising
02-10 16:48:11.883 15518 15681 D BtGatt.GattService: [GSIM LOG]: getCallingProcessName: com.test.thalitest
02-10 16:48:11.883 15518 15681 D BtGatt.GattService: [GSIM LOG]: getCallingProcessName: com.test.thalitest
02-10 16:48:11.883 15518 15545 D BtGatt.AdvertiseManager: message : 1
02-10 16:48:11.883 15518 15559 E BtGatt.GattService: [GSIM LOG]: gsimLogHandler: com.test.thalitest, msg: MESSAGE_STOP_ADV
02-10 16:48:11.883 15518 15559 D BtGatt.GattService: [GSIM LOG]: gsimLogHandler: prevDate: 10, currDate: 10
02-10 16:48:11.883 15518 15559 D BtGatt.GattService: [GSIM LOG]: updateAdvTime
02-10 16:48:11.883 15518 15559 D BtGatt.GattService: [GSIM LOG]: com.test.thalitest@LowLatency, R time : 74 => 74
02-10 16:48:11.883 15518 15559 D BtGatt.GattService: [GSIM LOG]: remove : com.test.thalitest@LowLatency at  BLE_ADV_REQUESTED_DB
02-10 16:48:11.883 15518 15545 D BtGatt.AdvertiseManager: stop advertise for client =  8
02-10 16:48:11.883 15518 15545 D BtGatt.AdvertiseManager: stop advertising, standardAdvClientIf = 0 client.clientIf = 8
02-10 16:48:11.893 15518 15545 D BtGatt.AdvertiseManager: logClientsSet() - status: -1
02-10 16:48:11.893  3513  4279 V AlarmManager:  remove PendingIntent] PendingIntent{962beea: PendingIntentRecord{369848 com.android.bluetooth broadcastIntent}}
02-10 16:48:11.893 15518 15537 D BtGatt.GattService: onAdvertiseInstanceDisabled() - clientIf=8, status=0
02-10 16:48:11.893 15518 15537 D BtGatt.GattService: Client app is not null!
02-10 16:48:11.893 22664 22722 D BluetoothLeAdvertiser: onMultiAdvertiseCallback status = 0 isStart = false
02-10 16:48:11.893 15518 15586 D BtGatt.GattService: unregisterClient() - clientIf=8
02-10 16:48:11.903 22664 22730 D org.thaliproject.p2p.btconnectorlib.internal.bluetooth.le.BleAdvertiser: stop: Stopped
02-10 16:48:11.903 22664 22730 D org.thaliproject.p2p.btconnectorlib.internal.bluetooth.le.BleAdvertiser: setState: current  = RUNNING, new = NOT_STARTEDCurrent thread: Thread[Thread-2514,7,main], id: 2514
02-10 16:48:11.903 22664 22730 D org.thaliproject.p2p.btconnectorlib.internal.bluetooth.le.BleAdvertiser: setState: State changed from RUNNING to NOT_STARTED
02-10 16:48:11.903  3513  4282 V AlarmManager:  remove PendingIntent] PendingIntent{832c5db: PendingIntentRecord{369848 com.android.bluetooth broadcastIntent}}
02-10 16:48:11.903 22664 22730 D org.thaliproject.p2p.btconnectorlib.internal.bluetooth.le.BleAdvertiser: notifyAdvertiserStateChanged: started =  false. Current thread: Thread[Thread-2514,7,main], id: 2514
02-10 16:48:11.903 22664 22730 D org.thaliproject.p2p.btconnectorlib.internal.bluetooth.le.BleAdvertiser: setState: finished Current thread: Thread[Thread-2514,7,main], id: 2514
02-10 16:48:11.903 22664 22730 D org.thaliproject.p2p.btconnectorlib.internal.bluetooth.le.BleAdvertiser: stop finished. Current thread: Thread[Thread-2514,7,main], id: 2514
02-10 16:48:11.903 22664 22730 D org.thaliproject.p2p.btconnectorlib.DiscoveryManager: stopBlePeerDiscoverer: Stopped
02-10 16:48:11.903 22664 22730 I org.thaliproject.p2p.btconnectorlib.internal.wifi.WifiDirectManager: release: No more listeners, de-initializing...
02-10 16:48:11.903 22664 22730 D org.thaliproject.p2p.btconnectorlib.internal.bluetooth.BluetoothManager: release: 1 listener(s) left
02-10 16:48:11.903 22664 22730 I org.thaliproject.p2p.btconnectorlib.utils.PeerModel: clear
02-10 16:48:11.903 22664 22730 D org.thaliproject.p2p.btconnectorlib.DiscoveryManager: updateState: Current thread: Thread[Thread-2514,7,main], id: 2514
02-10 16:48:11.903 22664 22730 D org.thaliproject.p2p.btconnectorlib.DiscoveryManager: updateStateInternal Current thread: Thread[Thread-2514,7,main], id: 2514
02-10 16:48:11.913 22664 22730 D org.thaliproject.p2p.btconnectorlib.DiscoveryManager: updateState: State: NOT_STARTED, is discovering: false, is advertising: false
02-10 16:48:11.913 22664 22730 D org.thaliproject.p2p.btconnectorlib.DiscoveryManager: updateStateInternal finished Current thread: Thread[Thread-2514,7,main], id: 2514
02-10 16:48:11.913 22664 22730 D org.thaliproject.p2p.btconnectorlib.DiscoveryManager: updateState finished Current thread: Thread[Thread-2514,7,main], id: 2514
02-10 16:48:11.913 22664 22664 V io.jxcore.node.StartStopOperation: isTargetState: Connectivity: NOT_STARTED, discovery: NOT_STARTED, is discovering: false, is advertising: false - Stop operation: Should start/stop everything
02-10 16:48:11.913 22664 22664 D io.jxcore.node.StartStopOperationHandler: processCurrentOperationStatus: Operation successfully executed
02-10 16:48:11.913 22664 22664 D org.thaliproject.p2p.btconnectorlib.ConnectionManager: onIsServerStartedChanged: false
02-10 16:48:11.913 22664 22664 D org.thaliproject.p2p.btconnectorlib.ConnectionManager: updateState: mShouldBeStarted :  false, mIsServerStarted:  false
02-10 16:48:11.913 22664 22664 I org.thaliproject.p2p.btconnectorlib.DiscoveryManager: start: Discovery mode: BLE, start discovery: false, start advertiser: false
02-10 16:48:11.913 22664 22664 I org.thaliproject.p2p.btconnectorlib.DiscoveryManager: start: Discovery mode: BLE, start discovery: false, start advertiser: false
02-10 16:48:11.913 22664 22664 I org.thaliproject.p2p.btconnectorlib.internal.bluetooth.le.BlePeerDiscoverer: onIsAdvertiserStartedChanged: falseCurrent thread: Thread[main,5,main], id: 1
02-10 16:48:11.913  3513  5185 V AlarmManager:  remove PendingIntent] PendingIntent{8492878: PendingIntentRecord{369848 com.android.bluetooth broadcastIntent}}
02-10 16:48:11.913 22664 22664 D org.thaliproject.p2p.btconnectorlib.internal.bluetooth.le.BlePeerDiscoverer: updateState : Current thread: Thread[main,5,main], id: 1
02-10 16:48:11.913 22664 22664 D org.thaliproject.p2p.btconnectorlib.internal.bluetooth.le.BlePeerDiscoverer: updateState: deducedStateSet: [NOT_STARTED]
02-10 16:48:11.913 22664 22664 D org.thaliproject.p2p.btconnectorlib.internal.bluetooth.le.BlePeerDiscoverer: updateState: stateSet: [ADVERTISING]
02-10 16:48:11.913 22664 22664 D org.thaliproject.p2p.btconnectorlib.internal.bluetooth.le.BlePeerDiscoverer: Current thread: Thread[main,5,main], id: 1
