02-10 16:47:57.295 13627 13695 I jxcore-log: 
02-10 16:47:57.295 13627 13627 D org.thaliproject.p2p.btconnectorlib.DiscoveryManager: updateStateInternal Current thread: Thread[main,5,main], id: 1
02-10 16:47:57.295 13627 13627 D org.thaliproject.p2p.btconnectorlib.DiscoveryManager: updateStateInternal finished Current thread: Thread[main,5,main], id: 1
02-10 16:47:57.295 13627 13627 D org.thaliproject.p2p.btconnectorlib.DiscoveryManager: updateState finished Current thread: Thread[main,5,main], id: 1
02-10 16:47:57.295 13627 13627 I org.thaliproject.p2p.btconnectorlib.DiscoveryManager: start: Discovery mode: BLE, start discovery: false, start advertiser: false
02-10 16:47:57.295 13627 13627 I org.thaliproject.p2p.btconnectorlib.DiscoveryManager: start: Discovery mode: BLE, start discovery: false, start advertiser: false
02-10 16:47:57.295 13627 13627 I io.jxcore.node.ConnectionHelper: onDiscoveryManagerStateChanged: State: NOT_STARTED, is discovering: false, is advertising: false
02-10 16:47:57.295  3443  5070 V AlarmManager:  remove PendingIntent] PendingIntent{d8c3c48: PendingIntentRecord{bc3dd0c com.android.bluetooth broadcastIntent}}
02-10 16:47:57.305  3443  5456 V AlarmManager:  remove PendingIntent] PendingIntent{6c3cae1: PendingIntentRecord{bc3dd0c com.android.bluetooth broadcastIntent}}
02-10 16:47:57.305  3443  4320 V AlarmManager:  remove PendingIntent] PendingIntent{4342006: PendingIntentRecord{bc3dd0c com.android.bluetooth broadcastIntent}}
02-10 16:47:57.305 13627 13695 I jxcore-log: 2017-02-10 13:47:57 - INFO thaliMobile: 'Received state ({"discoveryActive":true,"advertisingActive":false}) did not match with target ({"started":false,"listening":false,"advertising":false,"networkType":"BOTH","startArguments":{"router":null,"pskIdToSecret":null,"networkType":null}})'
02-10 16:47:57.305 13627 13695 I jxcore-log: 
02-10 16:47:57.305 13627 13695 I jxcore-log: 2017-02-10 13:47:57 - INFO thaliMobile: 'Filtered out discoveryAdvertisingStateUpdate (was in stopped state).'
02-10 16:47:57.305 13627 13695 I jxcore-log: 
02-10 16:47:57.305  3443  4409 V AlarmManager:  remove PendingIntent] PendingIntent{697a6c7: PendingIntentRecord{bc3dd0c com.android.bluetooth broadcastIntent}}
02-10 16:47:57.315  3443  4319 V AlarmManager:  remove PendingIntent] PendingIntent{84cd4f4: PendingIntentRecord{bc3dd0c com.android.bluetooth broadcastIntent}}
02-10 16:47:57.315  3443  3859 V AlarmManager:  remove PendingIntent] PendingIntent{a51341d: PendingIntentRecord{bc3dd0c com.android.bluetooth broadcastIntent}}
02-10 16:47:57.325  3443  5457 V AlarmManager:  remove PendingIntent] PendingIntent{de23692: PendingIntentRecord{bc3dd0c com.android.bluetooth broadcastIntent}}
02-10 16:47:57.325  3443  4615 V AlarmManager:  remove PendingIntent] PendingIntent{cdde863: PendingIntentRecord{bc3dd0c com.android.bluetooth broadcastIntent}}
02-10 16:47:57.325  3443  4080 V AlarmManager:  remove PendingIntent] PendingIntent{6dc4c60: PendingIntentRecord{bc3dd0c com.android.bluetooth broadcastIntent}}
02-10 16:47:57.335  3443  4237 V AlarmManager:  remove PendingIntent] PendingIntent{d51f519: PendingIntentRecord{bc3dd0c com.android.bluetooth broadcastIntent}}
02-10 16:47:57.335  3443  4554 V AlarmManager:  remove PendingIntent] PendingIntent{ee929de: PendingIntentRecord{bc3dd0c com.android.bluetooth broadcastIntent}}
02-10 16:47:57.345  3443  4000 V AlarmManager:  remove PendingIntent] PendingIntent{3bca7bf: PendingIntentRecord{bc3dd0c com.android.bluetooth broadcastIntent}}
02-10 16:47:57.345  3443  4411 V AlarmManager:  remove PendingIntent] PendingIntent{f29ce8c: PendingIntentRecord{bc3dd0c com.android.bluetooth broadcastIntent}}
02-10 16:47:57.795 13627 13627 V io.jxcore.node.ConnectionHelper: Notifying discovery manager state change: is discovering: false, is advertising: false
02-10 16:47:57.795 13627 13627 V io.jxcore.node.StartStopOperation: isTargetState: Connectivity: NOT_STARTED, discovery: NOT_STARTED, is discovering: false, is advertising: false - Stop operation: Should affect listening to advertisements only
02-10 16:47:57.795 13627 13627 D io.jxcore.node.StartStopOperationHandler: processCurrentOperationStatus: Operation successfully executed
02-10 16:47:57.805 13627 13695 I jxcore-log: ok 66 Can call stopListeningForAdvertisements without error
02-10 16:47:57.805 13627 13695 I jxcore-log: 
02-10 16:47:57.815 13627 13695 I jxcore-log: # teardown
02-10 16:47:57.815 13627 13695 I jxcore-log: 
02-10 16:47:57.825 13627 13695 I jxcore-log: 2017-02-10 13:47:57 - DEBUG thaliMobileNativeWrapper: 'discoveryAdvertisingStateUpdateNonTCP: {"discoveryActive":false,"advertisingActive":false}'
02-10 16:47:57.825 13627 13695 I jxcore-log: 
02-10 16:47:57.825 13627 13695 I jxcore-log: 2017-02-10 13:47:57 - INFO thaliMobile: 'Filtered out discoveryAdvertisingStateUpdate (was in stopped state).'
02-10 16:47:57.825 13627 13695 I jxcore-log: 
02-10 16:47:57.935 13627 13695 D io.jxcore.node.JXcoreExtension: stopListeningForAdvertisements
02-10 16:47:57.935 13627 13695 I io.jxcore.node.ConnectionHelper: stop: Stopping only listening for advertisements
02-10 16:47:57.935 13627 13695 V io.jxcore.node.StartStopOperation: isTargetState: Connectivity: NOT_STARTED, discovery: NOT_STARTED, is discovering: false, is advertising: false - Stop operation: Should affect listening to advertisements only
02-10 16:47:57.935 13627 13695 V io.jxcore.node.StartStopOperationHandler: executeCurrentOperation: The current state already matches the desired outcome of this operation, skipping...
02-10 16:47:57.945 13627 13695 I jxcore-log: ok 67 Should be able to call stopListeningForAdvertisements in teardown
02-10 16:47:57.945 13627 13695 I jxcore-log: 
02-10 16:47:57.945 13627 13695 D io.jxcore.node.JXcoreExtension: stopAdvertisingAndListening
02-10 16:47:57.945 13627 13695 I io.jxcore.node.ConnectionHelper: stop: Stopping all activities and killing connections
02-10 16:47:57.945 13627 13695 V io.jxcore.node.StartStopOperation: isTargetState: Connectivity: NOT_STARTED, discovery: NOT_STARTED, is discovering: false, is advertising: false - Stop operation: Should start/stop everything
02-10 16:47:57.945 13627 13695 V io.jxcore.node.StartStopOperationHandler: executeCurrentOperation: The current state already matches the desired outcome of this operation, skipping...
02-10 16:47:57.945 13627 13695 I jxcore-log: ok 68 Should be able to call stopAdvertisingAndListening in teardown
02-10 16:47:57.945 13627 13695 I jxcore-log: 
02-10 16:47:57.955 13627 13695 I jxcore-log: 2017-02-10 13:47:57 - DEBUG thaliMobileNativeWrapper: 'Method peerAvailabilityChanged registered to native'
02-10 16:47:57.955 13627 13695 I jxcore-log: 
02-10 16:47:57.955 13627 13695 I jxcore-log: 2017-02-10 13:47:57 - DEBUG thaliMobileNativeWrapper: 'Method discoveryAdvertisingStateUpdateNonTCP registered to native'
02-10 16:47:57.955 13627 13695 I jxcore-log: 
02-10 16:47:57.955 13627 13695 I jxcore-log: 2017-02-10 13:47:57 - DEBUG thaliMobileNativeWrapper: 'Method multiConnectResolved registered to native'
02-10 16:47:57.955 13627 13695 I jxcore-log: 
02-10 16:47:57.965 13627 13695 D BluetoothAdapter: STATE_ON
02-10 16:47:57.975 13627 13695 V io.jxcore.node.ConnectivityMonitor: updateConnectivityInfo: FORCED notification:
02-10 16:47:57.975 13627 13695 V io.jxcore.node.ConnectivityMonitor:     - is Wi-Fi Direct supported: true
02-10 16:47:57.975 13627 13695 V io.jxcore.node.ConnectivityMonitor:     - is Bluetooth LE multiple advertisement supported: SUPPORTED
02-10 16:47:57.975 13627 13695 V io.jxcore.node.ConnectivityMonitor:     - is Wi-Fi enabled: true
02-10 16:47:57.975 13627 13695 V io.jxcore.node.ConnectivityMonitor:     - is Bluetooth enabled: true
02-10 16:47:57.975 13627 13695 V io.jxcore.node.ConnectivityMonitor:     - BSSID name: 70:cd:60:ff:5a:07
02-10 16:47:57.975 13627 13695 V io.jxcore.node.ConnectivityMonitor:     - SSID name: "T"
02-10 16:47:57.975 13627 13695 V io.jxcore.node.ConnectivityMonitor:     - is connected/connecting to active network: true
02-10 16:47:57.975 13627 13695 V io.jxcore.node.ConnectivityMonitor:     - active network type is Wi-Fi: true
02-10 16:47:57.975 13627 13695 D BluetoothAdapter: STATE_ON
02-10 16:47:57.975 13627 13695 D io.jxcore.node.JXcoreExtension: notifyNetworkChanged: BLE: ON, Bluetooth: ON, Wi-Fi: ON, cellular: DO_NOT_CARE, BSSID name: 70:cd:60:ff:5a:07, SSID name: "T"
02-10 16:47:57.975 13627 13695 I jxcore-log: 2017-02-10 13:47:57 - DEBUG thaliMobileNativeWrapper: 'Method networkChanged registered to native'
02-10 16:47:57.975 13627 13695 I jxcore-log: 
02-10 16:47:57.985 13627 13695 I jxcore-log: 2017-02-10 13:47:57 - DEBUG thaliMobileNativeWrapper: 'Method multiConnectConnectionFailure registered to native'
02-10 16:47:57.985 13627 13695 I jxcore-log: 
02-10 16:47:57.985 13627 13695 I jxcore-log: 2017-02-10 13:47:57 - DEBUG thaliMobileNativeWrapper: 'Method incomingConnectionToPortNumberFailed registered to native'
02-10 16:47:57.985 13627 13695 I jxcore-log: 
02-10 16:47:57.995 13627 13695 I jxcore-log: # setup
02-10 16:47:57.995 13627 13695 I jxcore-log: 
02-10 16:47:57.995 13627 13695 I jxcore-log: 2017-02-10 13:47:58 - DEBUG thaliMobileNativeWrapper: 'networkChanged: {"bluetoothLowEnergy":"on","bluetooth":"on","wifi":"on","cellular":"doNotCare","bssidName":"70:cd:60:ff:5a:07","ssidName":"T"}'
02-10 16:47:57.995 13627 13695 I jxcore-log: 
02-10 16:47:57.995 13627 13695 I jxcore-log: 2017-02-10 13:47:58 - INFO thaliMobile: 'Filtered out networkChangedNonTCP (was in stopped state).'
02-10 16:47:57.995 13627 13695 I jxcore-log: 
02-10 16:47:58.015 13627 13695 I jxcore-log: # Calling startListeningForAdvertisements twice is NOT an error
02-10 16:47:58.015 13627 13695 I jxcore-log: 
02-10 16:47:59.165 13627 13695 D io.jxcore.node.JXcoreExtension: startListeningForAdvertisements
02-10 16:47:59.175 13627 13695 D BluetoothAdapter: STATE_ON
02-10 16:47:59.175 13627 13695 I io.jxcore.node.ConnectionHelper: start: Port number: 0, start advertisements: false
02-10 16:47:59.175 13627 13695 V io.jxcore.node.ConnectivityMonitor: start: Already started
02-10 16:47:59.175 13627 13695 V io.jxcore.node.StartStopOperation: isTargetState: Connectivity: NOT_STARTED, discovery: NOT_STARTED, is discovering: false, is advertising: false - Start operation: Should affect listening to advertisements only
02-10 16:47:59.175 13627 13695 V io.jxcore.node.StartStopOperationHandler: executeCurrentOperation: Executing: Start operation: Should affect listening to advertisements only
02-10 16:47:59.175 13627 13695 I org.thaliproject.p2p.btconnectorlib.DiscoveryManager: start: Discovery mode: BLE, start discovery: true, start advertiser: false
02-10 16:47:59.175 13627 13695 I org.thaliproject.p2p.btconnectorlib.internal.bluetooth.BluetoothManager: bind: Binding a new listener
02-10 16:47:59.175 13627 13695 I org.thaliproject.p2p.btconnectorlib.internal.wifi.WifiDirectManager: bind: Binding a new listener
02-10 16:47:59.185 13627 13695 D org.thaliproject.p2p.btconnectorlib.DiscoveryManager: startBlePeerDiscoverer
02-10 16:47:59.185 13627 13695 V io.jxcore.node.ConnectionHelper: Received a request for permission "android.permission.ACCESS_COARSE_LOCATION", but we are expecting that all the required permissions have already been granted
02-10 16:47:59.185 13627 13695 V org.thaliproject.p2p.btconnectorlib.DiscoveryManager: getBlePeerDiscovererInstanceAndCheckBluetoothMacAddress: Constructing...
02-10 16:47:59.185 13627 13695 D BluetoothAdapter: STATE_ON
02-10 16:47:59.185 13627 13695 D BluetoothAdapter: STATE_ON
02-10 16:47:59.195 13627 13695 D BluetoothAdapter: STATE_ON
02-10 16:47:59.195 13627 13695 D org.thaliproject.p2p.btconnectorlib.internal.bluetooth.le.BleAdvertiser: setAdvertiseSettings, Current thread: Thread[Thread-3482,7,main], id: 3482
02-10 16:47:59.195 13627 13695 I org.thaliproject.p2p.btconnectorlib.internal.bluetooth.le.BleAdvertiser: setAdvertiseSettings: Mode: 2, Tx power level: 3, timeout: 0, is connectable: false
02-10 16:47:59.195 13627 13695 D BluetoothAdapter: STATE_ON
02-10 16:47:59.195 13627 13695 D BluetoothAdapter: STATE_ON
02-10 16:47:59.195 13627 13695 D org.thaliproject.p2p.btconnectorlib.internal.bluetooth.le.BleScanner: applyAdditionalMarshmallowSettings
02-10 16:47:59.195 13627 13695 I org.thaliproject.p2p.btconnectorlib.internal.bluetooth.le.BleScanner: setScanSettings: Mode: 2, report delay in milliseconds: 500, scan result type: 0
02-10 16:47:59.195 13627 13695 D org.thaliproject.p2p.btconnectorlib.internal.bluetooth.le.BlePeerDiscoverer: Beacon extra: 256
02-10 16:47:59.205 13627 13695 D BluetoothAdapter: STATE_ON
02-10 16:47:59.205 13627 13695 D BluetoothAdapter: STATE_ON
02-10 16:47:59.205 13627 13695 D BluetoothAdapter: STATE_ON
02-10 16:47:59.205 13627 13695 D BluetoothAdapter: STATE_ON
02-10 16:47:59.205 13627 13695 D org.thaliproject.p2p.btconnectorlib.internal.bluetooth.le.BlePeerDiscoverer: startScanner: Current thread: Thread[Thread-3482,7,main], id: 3482
02-10 16:47:59.205 13627 13695 I org.thaliproject.p2p.btconnectorlib.internal.bluetooth.le.BlePeerDiscoverer: startScanner: Starting...
02-10 16:47:59.205 13627 13695 D org.thaliproject.p2p.btconnectorlib.internal.bluetooth.le.BlePeerDiscoveryUtils: createScanFilter: No service UUID, use manufacturer ID: true
02-10 16:47:59.205 13627 13695 D org.thaliproject.p2p.btconnectorlib.internal.bluetooth.le.BlePeerDiscoveryUtils: manufacturer ID: 15017
02-10 16:47:59.205 13627 13695 D org.thaliproject.p2p.btconnectorlib.internal.bluetooth.le.BlePeerDiscoveryUtils: createScanFilter: BluetoothLeScanFilter [mDeviceName=null, mDeviceAddress=null, mUuid=null, mUuidMask=null, mServiceDataUuid=null, mServiceData=null, mServiceDataMask=null, mManufacturerId=15017, mManufacturerData=null, mManufacturerDataMask=null]
02-10 16:47:59.215 13627 13695 D org.thaliproject.p2p.btconnectorlib.internal.bluetooth.le.BleScanner: start: Current thread: Thread[Thread-3482,7,main], id: 3482
02-10 16:47:59.215 13627 13695 D BluetoothLeScanner: Start Scan
02-10 16:47:59.215 13627 13695 D BluetoothAdapter: STATE_ON
02-10 16:47:59.215 13627 13695 D BluetoothAdapter: STATE_ON
02-10 16:47:59.215 13627 13695 D BluetoothAdapter: STATE_ON
02-10 16:47:59.215 13627 13695 D BluetoothAdapter: STATE_ON
02-10 16:47:59.225 25543 21215 D BtGatt.GattService: registerClient() - UUID=80c55750-0d3f-44e7-a13a-3bc72c07114c
02-10 16:47:59.265 25543 25567 D BtGatt.GattService: onClientRegistered() - UUID=80c55750-0d3f-44e7-a13a-3bc72c07114c, clientIf=7
02-10 16:47:59.265 13627 13638 D BluetoothLeScanner: onClientRegistered() - status=0 clientIf=7
02-10 16:47:59.265 25543 25553 D BtGatt.GattService: start scan with filters
02-10 16:47:59.265 25543 25553 D BtGatt.GattService: getScanSettings
02-10 16:47:59.265 25543 25553 D BtGatt.GattService: Is it foreground application = true
02-10 16:47:59.265 25543 25553 D BtGatt.GattService: not a background application
02-10 16:47:59.275 25543 25553 D BtGatt.GattService: [GSIM LOG]: getActualScanMode (2/100 vs 100/5)
02-10 16:47:59.275 25543 25553 D BtGatt.GattService: [GSIM LOG]: getCallingProcessName: com.test.thalitest
02-10 16:47:59.275 25543 25553 D BtGatt.GattService: [GSIM LOG]: getCallingProcessName: com.test.thalitest
02-10 16:47:59.275 25543 25582 E BtGatt.GattService: [GSIM LOG]: gsimLogHandler: com.test.thalitest, msg: MESSAGE_START_SCAN
02-10 16:47:59.275 25543 25582 D BtGatt.GattService: [GSIM LOG]: gsimLogHandler: prevDate: 10, currDate: 10
02-10 16:47:59.275 13627 13695 D org.thaliproject.p2p.btconnectorlib.internal.bluetooth.le.BleScanner: start: scan started
02-10 16:47:59.285  3443  4411 V AlarmManager:  remove PendingIntent] PendingIntent{4eb4778: PendingIntentRecord{bc3dd0c com.android.bluetooth broadcastIntent}}
02-10 16:47:59.275 13627 13695 D org.thaliproject.p2p.btconnectorlib.internal.bluetooth.le.BleScanner: set state: Current thread: Thread[Thread-3482,7,main], id: 3482
02-10 16:47:59.275 13627 13695 D org.thaliproject.p2p.btconnectorlib.internal.bluetooth.le.BleScanner: setState: State changed from NOT_STARTED to RUNNING
02-10 16:47:59.275 13627 13695 D org.thaliproject.p2p.btconnectorlib.internal.bluetooth.le.BleScanner: notifyScannerStateChanged: started =  true. Current thread: Thread[Thread-3482,7,main], id: 3482
02-10 16:47:59.275 13627 13695 D org.thaliproject.p2p.btconnectorlib.DiscoveryManager: startBlePeerDiscoverer: OK
02-10 16:47:59.275 25543 25574 D BtGatt.ScanManager: handling starting scan
02-10 16:47:59.275 13627 13627 I org.thaliproject.p2p.btconnectorlib.internal.bluetooth.le.BlePeerDiscoverer: onIsScannerStartedChanged: trueCurrent thread: Thread[main,5,main], id: 1
02-10 16:47:59.275 13627 13627 D org.thaliproject.p2p.btconnectorlib.internal.bluetooth.le.BlePeerDiscoverer: updateState : Current thread: Thread[main,5,main], id: 1
02-10 16:47:59.275 13627 13627 D org.thaliproject.p2p.btconnectorlib.internal.bluetooth.le.BlePeerDiscoverer: updateState: deducedStateSet: [SCANNING]
02-10 16:47:59.275 13627 13627 D org.thaliproject.p2p.btconnectorlib.internal.bluetooth.le.BlePeerDiscoverer: updateState: stateSet: [NOT_STARTED]
02-10 16:47:59.275 13627 13627 D org.thaliproject.p2p.btconnectorlib.internal.bluetooth.le.BlePeerDiscoverer: Current thread: Thread[main,5,main], id: 1
02-10 16:47:59.275 13627 13627 D org.thaliproject.p2p.btconnectorlib.internal.bluetooth.le.BlePeerDiscoverer: updateState: State changed from [NOT_STARTED] to [SCANNING]Current thread: Thread[main,5,main], id: 1
02-10 16:47:59.275 13627 13627 D org.thaliproject.p2p.btconnectorlib.internal.bluetooth.le.BlePeerDiscoverer: update state finished. Current thread: Thread[main,5,main], id: 1
02-10 16:47:59.285 13627 13627 I org.thaliproject.p2p.btconnectorlib.DiscoveryManager: onBlePeerDiscovererStateChanged: [NOT_STARTED] -> [SCANNING] Current thread: Thread[main,5,main], id: 1
02-10 16:47:59.285 25543 25574 D BluetoothAdapter: STATE_ON
02-10 16:47:59.285 25543 25574 D BluetoothAdapter: STATE_ON
02-10 16:47:59.285 13627 13695 I org.thaliproject.p2p.btconnectorlib.DiscoveryManager: start: OK
02-10 16:47:59.285 13627 13695 D org.thaliproject.p2p.btconnectorlib.DiscoveryManager: updateState: Current thread: Thread[Thread-3482,7,main], id: 3482
02-10 16:47:59.295 25543 25567 D BtGatt.GattService: onScanFilterEnableDisabled() - clientIf=7, status=0, action=1
02-10 16:47:59.295 25543 25567 D BtGatt.ScanManager: callback done for clientIf - 7 status - 0
02-10 16:47:59.295 25543 25574 D BtGatt.ScanManager: set filter index= 30 for clientIf= 7
02-10 16:47:59.295  3443  4237 V AlarmManager:  remove PendingIntent] PendingIntent{6c42e51: PendingIntentRecord{bc3dd0c com.android.bluetooth broadcastIntent}}
02-10 16:47:59.295 25543 25574 D BtGatt.ScanManager: High Rssi Filter value is = -128
02-10 16:47:59.295 25543 25574 D BtGatt.ScanManager: Low Rssi Filter value is = -128
02-10 16:47:59.295 25543 25574 D BtGatt.ScanManager: configureFilterParamter 1500 10000 4 0highRssiThreshold = -128lowRssiThreshold = -128matchmode is =2
02-10 16:47:59.295 25543 25582 D BtGatt.GattService: [GSIM LOG]: increaseScanCount : com.test.thalitest : 836
02-10 16:47:59.295 25543 25582 D BtGatt.GattService: [GSIM LOG]: increaseScanCount : com.test.thalitest, com.test.thalitest
02-10 16:47:59.295 13627 13695 D org.thaliproject.p2p.btconnectorlib.DiscoveryManager: updateStateInternal Current thread: Thread[Thread-3482,7,main], id: 3482
02-10 16:47:59.305  3443  5457 V AlarmManager:  remove PendingIntent] PendingIntent{b4a96b6: PendingIntentRecord{761ebfc com.android.bluetooth broadcastIntent}}
02-10 16:47:59.295 13627 13695 D org.thaliproject.p2p.btconnectorlib.DiscoveryManager: updateState: State: RUNNING_BLE, is discovering: true, is advertising: false
02-10 16:47:59.295 13627 13695 D org.thaliproject.p2p.btconnectorlib.DiscoveryManager: updateStateInternal finished Current thread: Thread[Thread-3482,7,main], id: 3482
02-10 16:47:59.295 13627 13695 D org.thaliproject.p2p.btconnectorlib.DiscoveryManager: updateState finished Current thread: Thread[Thread-3482,7,main], id: 3482
02-10 16:47:59.295 25543 25567 D BtGatt.GattService: onScanFilterParamsConfigured() - clientIf=7, status=0, action=0, availableSpace=27
02-10 16:47:59.295 13627 13695 I io.jxcore.node.ConnectionHelper: start: OK
02-10 16:47:59.295 25543 25567 D BtGatt.ScanManager: callback done for clientIf - 7 status - 0
02-10 16:47:59.295 13627 13627 D org.thaliproject.p2p.btconnectorlib.DiscoveryManager: updateState: Current thread: Thread[main,5,main], id: 1
02-10 16:47:59.295 25543 25574 D BtGatt.ScanManager: Starting BLE batch scan
02-10 16:47:59.295 25543 25574 D BtGatt.ScanManager: configuring batch scan storage, appIf 7
02-10 16:47:59.295 25543 25567 D BtGatt.GattService: onBatchScanStorageConfigured() - clientIf=7, status=0
02-10 16:47:59.295 25543 25567 D BtGatt.ScanManager: callback done for clientIf - 7 status - 0
02-10 16:47:59.305 25543 25567 D BtGatt.GattService: onBatchScanStartStopped() - clientIf=7, status=0, startStopAction=1
02-10 16:47:59.305 25543 25567 D BtGatt.ScanManager: callback done for clientIf - 7 status - 0
02-10 16:47:59.305 13627 13627 D org.thaliproject.p2p.btconnectorlib.DiscoveryManager: updateStateInternal Current thread: Thread[main,5,main], id: 1
02-10 16:47:59.305 13627 13627 D org.thaliproject.p2p.btconnectorlib.DiscoveryManager: updateStateInternal finished Current thread: Thread[main,5,main], id: 1
02-10 16:47:59.305 13627 13627 D org.thaliproject.p2p.btconnectorlib.DiscoveryManager: updateState finished Current thread: Thread[main,5,main], id: 1
02-10 16:47:59.305 13627 13627 I io.jxcore.node.ConnectionHelper: onDiscoveryManagerStateChanged: State: RUNNING_BLE, is discovering: true, is advertising: false
02-10 16:47:59.305  3443  5456 V AlarmManager:  remove PendingIntent] PendingIntent{f71cfb7: PendingIntentRecord{bc3dd0c com.android.bluetooth broadcastIntent}}
02-10 16:47:59.315 25543 25582 D BtGatt.GattService: [GSIM LOG]: increaseScanCount 4 Battery : com.test.thalitest : 2
02-10 16:47:59.315 25543 25582 D BtGatt.GattService: [GSIM LOG]: setScanTime : com.test.thalitest : 24778907
02-10 16:47:59.315 25543 25582 D BtGatt.GattService: [GSIM LOG]: setRequestedScanType : com.test.thalitest : 2
02-10 16:47:59.315 25543 25582 D BtGatt.GattService: [GSIM LOG]: setActualScanType : com.test.thalitest : 2
02-10 16:47:59.315 25543 25582 D BtGatt.GattService: [GSIM LOG]: updateScanTime: 0
02-10 16:47:59.315 25543 25582 D BtGatt.GattService: [GSIM LOG]: com.test.thalitest@LowLatency, R time : 47 => 47
02-10 16:47:59.315 25543 25582 D BtGatt.GattService: [GSIM LOG]: com.test.thalitest@LowLatency, A time : 47 => 47
02-10 16:47:59.315 25543 25582 D BtGatt.GattService: [GSIM LOG]: updateScanTime: 0
02-10 16:47:59.315 25543 25582 D BtGatt.GattService: [GSIM LOG]: com.test.thalitest@LowLatency, R time : 47 => 47
02-10 16:47:59.315 25543 25582 D BtGatt.GattService: [GSIM LOG]: com.test.thalitest@LowLatency, A time : 47 => 47
02-10 16:47:59.315 25543 25582 D BtGatt.GattService: [GSIM LOG]: setActualScanType : com.test.thalitest : 2
02-10 16:47:59.315 25543 25582 D BtGatt.GattService: [GSIM LOG]: updateScanTime: 0
02-10 16:47:59.315 25543 25582 D BtGatt.GattService: [GSIM LOG]: com.test.thalitest@LowLatency, R time : 47 => 47
02-10 16:47:59.315 25543 25582 D BtGatt.GattService: [GSIM LOG]: com.test.thalitest@LowLatency, A time : 47 => 47
02-10 16:47:59.315 25543 25582 D BtGatt.GattService: [GSIM LOG]: setScanTime : com.test.thalitest : 24778907
02-10 16:47:59.315 25543 25582 D BtGatt.GattService: [GSIM LOG]: updateScanTime: 0
02-10 16:47:59.315 25543 25582 D BtGatt.GattService: [GSIM LOG]: com.samsung.android.beaconmanager@Custom, R time : 139 => 139
02-10 16:47:59.315 25543 25582 D BtGatt.GattService: [GSIM LOG]: com.samsung.android.beaconmanager@LowLatency, A time : 58 => 58
02-10 16:47:59.315 25543 25582 D BtGatt.GattService: [GSIM LOG]: setActualScanType : com.samsung.android.beaconmanager : 2
02-10 16:47:59.315 25543 25582 D BtGatt.GattService: [GSIM LOG]: updateScanTime: 0
02-10 16:47:59.315 25543 25582 D BtGatt.GattService: [GSIM LOG]: com.samsung.android.beaconmanager@Custom, R time : 139 => 139
02-10 16:47:59.315 25543 25582 D BtGatt.GattService: [GSIM LOG]: com.samsung.android.beaconmanager@LowLatency, A time : 58 => 58
02-10 16:47:59.315 25543 25582 D BtGatt.GattService: [GSIM LOG]: setScanTime : com.samsung.android.beaconmanager : 24778907
02-10 16:47:59.315  3443  4409 V AlarmManager:  remove PendingIntent] PendingIntent{f496324: PendingIntentRecord{bc3dd0c com.android.bluetooth broadcastIntent}}
02-10 16:47:59.325  3443  3462 V AlarmManager:  remove PendingIntent] PendingIntent{4c5e8d: PendingIntentRecord{bc3dd0c com.android.bluetooth broadcastIntent}}
02-10 16:47:59.325  3443  5070 V AlarmManager:  remove PendingIntent] PendingIntent{3616842: PendingIntentRecord{bc3dd0c com.android.bluetooth broadcastIntent}}
02-10 16:47:59.325  3443  4138 E Watchdog: !@Sync 17349 [02-10 16:47:59.342]
02-10 16:47:59.335  3443  4237 V AlarmManager:  remove PendingIntent] PendingIntent{349b053: PendingIntentRecord{bc3dd0c com.android.bluetooth broadcastIntent}}
02-10 16:47:59.335  3443  4000 V AlarmManager:  remove PendingIntent] PendingIntent{d4b8d90: PendingIntentRecord{bc3dd0c com.android.bluetooth broadcastIntent}}
02-10 16:47:59.345  3443  4411 V AlarmManager:  remove PendingIntent] PendingIntent{bad5689: PendingIntentRecord{bc3dd0c com.android.bluetooth broadcastIntent}}
02-10 16:47:59.345  3443  4080 V AlarmManager:  remove PendingIntent] PendingIntent{21c68e: PendingIntentRecord{bc3dd0c com.android.bluetooth broadcastIntent}}
02-10 16:47:59.345  3443  4319 V AlarmManager:  remove PendingIntent] PendingIntent{8b4feaf: PendingIntentRecord{bc3dd0c com.android.bluetooth broadcastIntent}}
02-10 16:47:59.355  3443  4554 V AlarmManager:  remove PendingIntent] PendingIntent{503f2bc: PendingIntentRecord{bc3dd0c com.android.bluetooth broadcastIntent}}
02-10 16:47:59.355  3443  4615 V AlarmManager:  remove PendingIntent] PendingIntent{bd245: PendingIntentRecord{bc3dd0c com.android.bluetooth broadcastIntent}}
02-10 16:47:59.365  3443  3461 V AlarmManager:  remove PendingIntent] PendingIntent{577bd9a: PendingIntentRecord{bc3dd0c com.android.bluetooth broadcastIntent}}
02-10 16:47:59.805 13627 13627 V io.jxcore.node.ConnectionHelper: Notifying discovery manager state change: is discovering: true, is advertising: false
02-10 16:47:59.805 13627 13627 V io.jxcore.node.StartStopOperation: isTargetState: Connectivity: NOT_STARTED, discovery: RUNNING_BLE, is discovering: true, is advertising: false - Start operation: Should affect listening to advertisements only
02-10 16:47:59.805 13627 13627 D io.jxcore.node.StartStopOperationHandler: processCurrentOperationStatus: Operation successfully executed
02-10 16:47:59.805 13627 13695 I jxcore-log: ok 69 Can call startListeningForAdvertisements without error
02-10 16:47:59.805 13627 13695 I jxcore-log: 
02-10 16:47:59.815 13627 13695 D io.jxcore.node.JXcoreExtension: startListeningForAdvertisements
02-10 16:47:59.815 13627 13695 D BluetoothAdapter: STATE_ON
02-10 16:47:59.825 13627 13695 I io.jxcore.node.ConnectionHelper: start: Port number: 0, start advertisements: false
02-10 16:47:59.825 13627 13695 V io.jxcore.node.ConnectivityMonitor: start: Already started
02-10 16:47:59.825 13627 13695 V io.jxcore.node.StartStopOperation: isTargetState: Connectivity: NOT_STARTED, discovery: RUNNING_BLE, is discovering: true, is advertising: false - Start operation: Should affect listening to advertisements only
02-10 16:47:59.825 13627 13695 V io.jxcore.node.StartStopOperationHandler: executeCurrentOperation: The current state already matches the desired outcome of this operation, skipping...
02-10 16:47:59.825 13627 13695 I io.jxcore.node.ConnectionHelper: start: OK
02-10 16:47:59.825 13627 13695 I jxcore-log: 2017-02-10 13:47:59 - DEBUG thaliMobileNativeWrapper: 'discoveryAdvertisingStateUpdateNonTCP: {"discoveryActive":true,"advertisingActive":false}'
02-10 16:47:59.825 13627 13695 I jxcore-log: 
02-10 16:47:59.835 13627 13695 I jxcore-log: 2017-02-10 13:47:59 - INFO thaliMobile: 'Received state ({"discoveryActive":true,"advertisingActive":false}) did not match with target ({"started":false,"listening":false,"advertising":false,"networkType":"BOTH","startArguments":{"router":null,"pskIdToSecret":null,"networkType":null}})'
02-10 16:47:59.835 13627 13695 I jxcore-log: 
02-10 16:47:59.835 13627 13695 I jxcore-log: 2017-02-10 13:47:59 - INFO thaliMobile: 'Filtered out discoveryAdvertisingStateUpdate (was in stopped state).'
02-10 16:47:59.835 13627 13695 I jxcore-log: 
02-10 16:47:59.835 13627 13695 I jxcore-log: ok 70 Can call startListeningForAdvertisements twice without error
02-10 16:47:59.835 13627 13695 I jxcore-log: 
02-10 16:47:59.845  3443  6676 D SSRM:n  : SIOP:: AP = 350, PST = 378 (W:14), CP = 305, CUR = -188, LCD = 57
02-10 16:47:59.855 13627 13695 I jxcore-log: # teardown
02-10 16:47:59.855 13627 13695 I jxcore-log: 
02-10 16:47:59.875 13627 13695 D io.jxcore.node.JXcoreExtension: stopListeningForAdvertisements
02-10 16:47:59.875 13627 13695 I io.jxcore.node.ConnectionHelper: stop: Stopping only listening for advertisements
02-10 16:47:59.875 13627 13695 V io.jxcore.node.StartStopOperation: isTargetState: Connectivity: NOT_STARTED, discovery: RUNNING_BLE, is discovering: true, is advertising: false - Stop operation: Should affect listening to advertisements only
02-10 16:47:59.875 13627 13695 V io.jxcore.node.StartStopOperationHandler: executeCurrentOperation: Executing: Stop operation: Should affect listening to advertisements only
02-10 16:47:59.875 13627 13695 I org.thaliproject.p2p.btconnectorlib.DiscoveryManager: stopDiscovery
02-10 16:47:59.875 13627 13695 D org.thaliproject.p2p.btconnectorlib.internal.bluetooth.le.BlePeerDiscoverer: stopScanner: Current thread: Thread[Thread-3482,7,main], id: 3482
02-10 16:47:59.875 13627 13695 I org.thaliproject.p2p.btconnectorlib.internal.bluetooth.le.BlePeerDiscoverer: stopScanner: Stopping...
02-10 16:47:59.875 13627 13695 D org.thaliproject.p2p.btconnectorlib.internal.bluetooth.le.BleScanner: stop, Current thread: Thread[Thread-3482,7,main], id: 3482
02-10 16:47:59.875 13627 13695 D BluetoothAdapter: STATE_ON
02-10 16:47:59.875 13627 13695 D BluetoothAdapter: STATE_ON
02-10 16:47:59.875 25543 25554 D BtGatt.GattService: flushPendingBatchResults - clientIf=7, isServer=false
02-10 16:47:59.875 13627 13695 D org.thaliproject.p2p.btconnectorlib.internal.bluetooth.le.BleScanner: stop: scan results are flushed 
02-10 16:47:59.875 25543 25574 D BtGatt.ScanManager: flushPendingBatchResults - clientIf = 7
02-10 16:47:59.875 13627 13695 D BluetoothAdapter: STATE_ON
02-10 16:47:59.885  3443  4615 V AlarmManager:  remove PendingIntent] PendingIntent{edcd6cb: PendingIntentRecord{bc3dd0c com.android.bluetooth broadcastIntent}}
02-10 16:47:59.885 25543 25567 D BtGatt.GattService: onBatchScanReports() - clientIf=7, status=0, reportType=2, numRecords=2
02-10 16:47:59.885 25543 25567 D BtGatt.ScanManager: callback done for clientIf - 7 status - 0
02-10 16:47:59.885 25543 25567 D BtGatt.GattService: current time is 623299220414626
02-10 16:47:59.885  3443  3461 V AlarmManager:  remove PendingIntent] PendingIntent{97b7ea8: PendingIntentRecord{761ebfc com.android.bluetooth broadcastIntent}}
02-10 16:47:59.885 25543 25567 D BtGatt.GattService: Batch record : [-118, 52, 54, 109, -52, 86, 1, -128, -91, 0, 0, 23, 2, 1, 6, 19, -1, 76, 0, 12, 14, 8, -96, -108, -99, -40, -48, 9, -33, -62, 77, 31, -111, 96, -100, 0, -39, 87, 3, 118, -16, 40, 0, -128, -91, 0, 0, 11, 2, 1, 6, 7, -1, 76, 0, 16, 2, 11, 0, 0]
02-10 16:47:59.885 13627 13695 D BluetoothAdapter: STATE_ON
02-10 16:47:59.885 13627 13695 D BluetoothLeScanner: Stop Scan
02-10 16:47:59.885 25543 25567 D BtGatt.GattService: ScanRecord : [2, 1, 6, 19, -1, 76, 0, 12, 14, 8, -96, -108, -99, -40, -48, 9, -33, -62, 77, 31, -111, 96, -100]
02-10 16:47:59.885 25543 25567 D ScanRecord: parseFromBytes
02-10 16:47:59.885 25543 25567 D ScanRecord: first manudata for manu ID
02-10 16:47:59.885 25543 25567 D BtGatt.GattService: ScanRecord : [2, 1, 6, 7, -1, 76, 0, 16, 2, 11, 0]
02-10 16:47:59.885 25543 25567 D ScanRecord: parseFromBytes
02-10 16:47:59.885 25543 25567 D ScanRecord: first manudata for manu ID
02-10 16:47:59.885 25543 25621 D BtGatt.GattService: [GSIM LOG]: getCallingProcessName: com.test.thalitest
02-10 16:47:59.885 25543 25621 D BtGatt.GattService: [GSIM LOG]: getCallingProcessName: com.test.thalitest
02-10 16:47:59.885 25543 25621 D BtGatt.GattService: stopScan() - queue size =2
02-10 16:47:59.885 25543 25582 E BtGatt.GattService: [GSIM LOG]: gsimLogHandler: com.test.thalitest, msg: MESSAGE_STOP_SCAN
02-10 16:47:59.885 25543 25582 D BtGatt.GattService: [GSIM LOG]: gsimLogHandler: prevDate: 10, currDate: 10
02-10 16:47:59.885 25543 25582 D BtGatt.GattService: [GSIM LOG]: updateScanTime: 0
02-10 16:47:59.885 25543 25582 D BtGatt.GattService: [GSIM LOG]: com.test.thalitest@LowLatency, R time : 47 => 47
02-10 16:47:59.885 25543 25582 D BtGatt.GattService: [GSIM LOG]: com.test.thalitest@LowLatency, A time : 47 => 47
02-10 16:47:59.885 25543 25582 D BtGatt.GattService: [GSIM LOG]: remove : com.test.thalitest at  BLE_SCAN_ACTUAL_DB
02-10 16:47:59.885 25543 25582 D BtGatt.GattService: [GSIM LOG]: remove : com.test.thalitest at  BLE_SCAN_REQUESTED_DB
02-10 16:47:59.885 13627 13637 D ScanRecord: parseFromBytes
02-10 16:47:59.885 13627 13637 D ScanRecord: first manudata for manu ID
02-10 16:47:59.885 13627 13637 D ScanRecord: parseFromBytes
02-10 16:47:59.885 13627 13637 D ScanRecord: first manudata for manu ID
02-10 16:47:59.885 13627 13627 D org.thaliproject.p2p.btconnectorlib.internal.bluetooth.le.BleScanner: onBatchScanResults: results count  = 2. Current thread: Thread[main,5,main], id: 1
02-10 16:47:59.885 13627 13627 D org.thaliproject.p2p.btconnectorlib.internal.bluetooth.le.BlePeerDiscoverer: checkScanResult: ScanResult{mDevice=28:F0:76:03:57:D9, mScanRecord=ScanRecord [mAdvertiseFlags=6, mServiceUuids=null, mManufacturerSpecificData={76=[16, 2, 11, 0]}, mServiceData={}, mTxPowerLevel=-2147483648, mDeviceName=null], mRssi=-91, mTimestampNanos=623299220598280}
02-10 16:47:59.885 13627 13627 D org.thaliproject.p2p.btconnectorlib.internal.bluetooth.le.BlePeerDiscoverer: checkScanResult: ScanResult{mDevice=56:CC:6D:36:34:8A, mScanRecord=ScanRecord [mAdvertiseFlags=6, mServiceUuids=null, mManufacturerSpecificData={76=[12, 14, 8, -96, -108, -99, -40, -48, 9, -33, -62, 77, 31, -111, 96, -100]}, mServiceData={}, mTxPowerLevel=-2147483648, mDeviceName=null], mRssi=-91, mTimestampNanos=623299220598280}
02-10 16:47:59.895 25543 25650 D BtGatt.GattService: unregisterClient() - clientIf=7
02-10 16:47:59.895 13627 13695 D org.thaliproject.p2p.btconnectorlib.internal.bluetooth.le.BleScanner: stop: Stopped
02-10 16:47:59.895 13627 13695 D org.thaliproject.p2p.btconnectorlib.internal.bluetooth.le.BleScanner: set state: Current thread: Thread[Thread-3482,7,main], id: 3482
02-10 16:47:59.895 13627 13695 D org.thaliproject.p2p.btconnectorlib.internal.bluetooth.le.BleScanner: setState: State changed from RUNNING to NOT_STARTED
02-10 16:47:59.895 13627 13695 D org.thaliproject.p2p.btconnectorlib.internal.bluetooth.le.BleScanner: notifyScannerStateChanged: started =  false. Current thread: Thread[Thread-3482,7,main], id: 3482
02-10 16:47:59.895 13627 13695 D org.thaliproject.p2p.btconnectorlib.internal.bluetooth.le.BleScanner: stop finished, Current thread: Thread[Thread-3482,7,main], id: 3482
02-10 16:47:59.895  3443  4554 V AlarmManager:  remove PendingIntent] PendingIntent{81c4dc1: PendingIntentRecord{bc3dd0c com.android.bluetooth broadcastIntent}}
02-10 16:47:59.895 13627 13695 I org.thaliproject.p2p.btconnectorlib.DiscoveryManager: stop: Stopping peer discovery...
02-10 16:47:59.895 13627 13695 D org.thaliproject.p2p.btconnectorlib.DiscoveryManager: stopForRestart Current thread: Thread[Thread-3482,7,main], id: 3482
02-10 16:47:59.895 13627 13627 I org.thaliproject.p2p.btconnectorlib.internal.bluetooth.le.BlePeerDiscoverer: onIsScannerStartedChanged: falseCurrent thread: Thread[main,5,main], id: 1
02-10 16:47:59.895 13627 13695 D org.thaliproject.p2p.btconnectorlib.DiscoveryManager: stopForRestart. RUNNING_BLE
02-10 16:47:59.895 13627 13695 D org.thaliproject.p2p.btconnectorlib.internal.BluetoothMacAddressResolutionHelper: stopProvideBluetoothMacAddressMode
02-10 16:47:59.895 13627 13627 D org.thaliproject.p2p.btconnectorlib.internal.bluetooth.le.BlePeerDiscoverer: updateState : Current thread: Thread[main,5,main], id: 1
02-10 16:47:59.895 13627 13627 D org.thaliproject.p2p.btconnectorlib.internal.bluetooth.le.BlePeerDiscoverer: updateState: deducedStateSet: [NOT_STARTED]
02-10 16:47:59.895 13627 13627 D org.thaliproject.p2p.btconnectorlib.internal.bluetooth.le.BlePeerDiscoverer: updateState: stateSet: [SCANNING]
02-10 16:47:59.895 13627 13627 D org.thaliproject.p2p.btconnectorlib.internal.bluetooth.le.BlePeerDiscoverer: Current thread: Thread[main,5,main], id: 1
02-10 16:47:59.895 13627 13627 D org.thaliproject.p2p.btconnectorlib.internal.bluetooth.le.BlePeerDiscoverer: updateState: State changed from [SCANNING] to [NOT_STARTED]Current thread: Thread[main,5,main], id: 1
02-10 16:47:59.895 13627 13627 D org.thaliproject.p2p.btconnectorlib.internal.bluetooth.le.BlePeerDiscoverer: update state finished. Current thread: Thread[main,5,main], id: 1
02-10 16:47:59.895 13627 13695 D org.thaliproject.p2p.btconnectorlib.internal.bluetooth.le.BlePeerDiscoverer: stopScannerAndAdvertiser: Current thread: Thread[Thread-3482,7,main], id: 3482
02-10 16:47:59.895 13627 13695 D org.thaliproject.p2p.btconnectorlib.internal.bluetooth.le.BlePeerDiscoverer: stopPeerAddressHelperAdvertiser Current thread: Thread[Thread-3482,7,main], id: 3482
02-10 16:47:59.895 13627 13695 D org.thaliproject.p2p.btconnectorlib.internal.bluetooth.le.BlePeerDiscoverer: stopScanner: Current thread: Thread[Thread-3482,7,main], id: 3482
02-10 16:47:59.905  3443  4411 V AlarmManager:  remove PendingIntent] PendingIntent{8041966: PendingIntentRecord{bc3dd0c com.android.bluetooth broadcastIntent}}
02-10 16:47:59.895 13627 13695 D org.thaliproject.p2p.btconnectorlib.internal.bluetooth.le.BleScanner: stop, Current thread: Thread[Thread-3482,7,main], id: 3482
02-10 16:47:59.895 25543 25574 D BtGatt.ScanManager: filter size is 1
02-10 16:47:59.895 25543 25574 D BtGatt.ScanManager: delete FilterIndex - 30
02-10 16:47:59.895 13627 13695 D BluetoothAdapter: STATE_ON
02-10 16:47:59.895 25543 25567 D BtGatt.GattService: onScanFilterParamsConfigured() - clientIf=7, status=0, action=1, availableSpace=28
02-10 16:47:59.895 25543 25567 D BtGatt.ScanManager: callback done for clientIf - 7 status - 0
02-10 16:47:59.895 25543 25574 D BtGatt.ScanManager: stopping BLe Batch
02-10 16:47:59.895 13627 13695 D BluetoothAdapter: STATE_ON
02-10 16:47:59.895 13627 13695 D org.thaliproject.p2p.btconnectorlib.internal.bluetooth.le.BleScanner: stop: scan results are flushed 
02-10 16:47:59.905  3443  4237 V AlarmManager:  remove PendingIntent] PendingIntent{35ddd54: PendingIntentRecord{bc3dd0c com.android.bluetooth broadcastIntent}}
02-10 16:47:59.905 13627 13695 D BluetoothAdapter: STATE_ON
02-10 16:47:59.905  3443  5070 V AlarmManager:  remove PendingIntent] PendingIntent{46014a7: PendingIntentRecord{761ebfc com.android.bluetooth broadcastIntent}}
02-10 16:47:59.905 13627 13695 D BluetoothAdapter: STATE_ON
02-10 16:47:59.905 25543 25567 D BtGatt.GattService: onBatchScanStartStopped() - clientIf=7, status=0, startStopAction=0
02-10 16:47:59.915  3443  3462 V AlarmManager:  remove PendingIntent] PendingIntent{b5f04fd: PendingIntentRecord{761ebfc com.android.bluetooth broadcastIntent}}
02-10 16:47:59.905 13627 13695 D BluetoothLeScanner: could not find callback wrapper
02-10 16:47:59.905 13627 13695 D org.thaliproject.p2p.btconnectorlib.internal.bluetooth.le.BleScanner: stop: Stopped
02-10 16:47:59.905 25543 25567 D BtGatt.ScanManager: callback done for clientIf - 7 status - 0
02-10 16:47:59.905 13627 13695 D org.thaliproject.p2p.btconnectorlib.internal.bluetooth.le.BleScanner: set state: Current thread: Thread[Thread-3482,7,main], id: 3482
02-10 16:47:59.905 25543 25574 D BtGatt.ScanManager: flushPendingBatchResults - clientIf = 7
02-10 16:47:59.905 13627 13695 D org.thaliproject.p2p.btconnectorlib.internal.bluetooth.le.BleScanner: stop finished, Current thread: Thread[Thread-3482,7,main], id: 3482
02-10 16:47:59.905 13627 13695 D org.thaliproject.p2p.btconnectorlib.internal.bluetooth.le.BlePeerDiscoverer: stopAdvertiser:Current thread: Thread[Thread-3482,7,main], id: 3482
02-10 16:47:59.905 13627 13695 D org.thaliproject.p2p.btconnectorlib.internal.bluetooth.le.BleAdvertiser: stop. Current thread: Thread[Thread-3482,7,main], id: 3482
02-10 16:47:59.905 13627 13695 D BluetoothAdapter: STATE_ON
02-10 16:47:59.905 25543 25567 D BtGatt.GattService: onBatchScanReports() - clientIf=7, status=0, reportType=2, numRecords=1
02-10 16:47:59.905 25543 25567 D BtGatt.ScanManager: callback done for clientIf - 7 status - 0
02-10 16:47:59.905 25543 25567 D BtGatt.GattService: current time is 623299245570588
02-10 16:47:59.905 25543 25567 D BtGatt.GattService: Batch record : [-118, 52, 54, 109, -52, 86, 1, -128, -91, 1, 0, 23, 2, 1, 6, 19, -1, 76, 0, 12, 14, 8, -96, -108, -99, -40, -48, 9, -33, -62, 77, 31, -111, 96, -100, 0]
02-10 16:47:59.905 25543 25567 D BtGatt.GattService: ScanRecord : [2, 1, 6, 19, -1, 76, 0, 12, 14, 8, -96, -108, -99, -40, -48, 9, -33, -62, 77, 31, -111, 96, -100]
02-10 16:47:59.905 25543 25567 D ScanRecord: parseFromBytes
02-10 16:47:59.905 25543 25567 D ScanRecord: first manudata for manu ID
02-10 16:47:59.905 13627 13695 D BluetoothAdapter: STATE_ON
02-10 16:47:59.905 13627 13695 D BluetoothLeAdvertiser: stop advertising
02-10 16:47:59.905 13627 13695 D BluetoothLeAdvertiser: wrapper is null
02-10 16:47:59.905 13627 13695 D org.thaliproject.p2p.btconnectorlib.internal.bluetooth.le.BleAdvertiser: stop: Stopped
02-10 16:47:59.905 13627 13695 D org.thaliproject.p2p.btconnectorlib.internal.bluetooth.le.BleAdvertiser: setState: current  = NOT_STARTED, new = NOT_STARTEDCurrent thread: Thread[Thread-3482,7,main], id: 3482
02-10 16:47:59.905 13627 13695 D org.thaliproject.p2p.btconnectorlib.internal.bluetooth.le.BleAdvertiser: setState: finished Current thread: Thread[Thread-3482,7,main], id: 3482
02-10 16:47:59.905 13627 13695 D org.thaliproject.p2p.btconnectorlib.internal.bluetooth.le.BleAdvertiser: stop finished. Current thread: Thread[Thread-3482,7,main], id: 3482
02-10 16:47:59.905 13627 13695 D org.thaliproject.p2p.btconnectorlib.DiscoveryManager: stopBlePeerDiscoverer: Stopped
02-10 16:47:59.905 13627 13695 I org.thaliproject.p2p.btconnectorlib.internal.wifi.WifiDirectManager: release: No more listeners, de-initializing...
02-10 16:47:59.905 13627 13695 D org.thaliproject.p2p.btconnectorlib.internal.bluetooth.BluetoothManager: release: 1 listener(s) left
02-10 16:47:59.915  3443  4319 V AlarmManager:  remove PendingIntent] PendingIntent{3a865f2: PendingIntentRecord{bc3dd0c com.android.bluetooth broadcastIntent}}
02-10 16:47:59.905 13627 13695 D org.thaliproject.p2p.btconnectorlib.DiscoveryManager: updateState: Current thread: Thread[Thread-3482,7,main], id: 3482
02-10 16:47:59.915 13627 13695 D org.thaliproject.p2p.btconnectorlib.DiscoveryManager: updateStateInternal Current thread: Thread[Thread-3482,7,main], id: 3482
02-10 16:47:59.915 13627 13695 D org.thaliproject.p2p.btconnectorlib.DiscoveryManager: updateState: State: NOT_STARTED, is discovering: false, is advertising: false
02-10 16:47:59.915 13627 13695 D org.thaliproject.p2p.btconnectorlib.DiscoveryManager: updateStateInternal finished Current thread: Thread[Thread-3482,7,main], id: 3482
02-10 16:47:59.915 13627 13695 D org.thaliproject.p2p.btconnectorlib.DiscoveryManager: updateState finished Current thread: Thread[Thread-3482,7,main], id: 3482
02-10 16:47:59.915 13627 13627 I org.thaliproject.p2p.btconnectorlib.DiscoveryManager: start: Discovery mode: BLE, start discovery: false, start advertiser: false
02-10 16:47:59.915 13627 13627 I org.thaliproject.p2p.btconnectorlib.DiscoveryManager: start: Discovery mode: BLE, start discovery: false, start advertiser: false
02-10 16:47:59.915 13627 13627 I io.jxcore.node.ConnectionHelper: onDiscoveryManagerStateChanged: State: NOT_STARTED, is discovering: false, is advertising: false
02-10 16:47:59.915  3443  4615 V AlarmManager:  remove PendingIntent] PendingIntent{8ef5443: PendingIntentRecord{bc3dd0c com.android.bluetooth broadcastIntent}}
02-10 16:47:59.925  3443  4003 V AlarmManager:  remove PendingIntent] PendingIntent{8657ac0: PendingIntentRecord{bc3dd0c com.android.bluetooth broadcastIntent}}
02-10 16:47:59.925  3443  4554 V AlarmManager:  remove PendingIntent] PendingIntent{f1bf3f9: PendingIntentRecord{bc3dd0c com.android.bluetooth broadcastIntent}}
02-10 16:47:59.935  3443  3462 V AlarmManager:  remove PendingIntent] PendingIntent{ed2ef3e: PendingIntentRecord{bc3dd0c com.android.bluetooth broadcastIntent}}
02-10 16:47:59.935  3443  3859 V AlarmManager:  remove PendingIntent] PendingIntent{ca8f19f: PendingIntentRecord{bc3dd0c com.android.bluetooth broadcastIntent}}
02-10 16:47:59.935  3443  5456 V AlarmManager:  remove PendingIntent] PendingIntent{d8782ec: PendingIntentRecord{bc3dd0c com.android.bluetooth broadcastIntent}}
02-10 16:47:59.945  3443  4237 V AlarmManager:  remove PendingIntent] PendingIntent{b1ed6b5: PendingIntentRecord{bc3dd0c com.android.bluetooth broadcastIntent}}
02-10 16:47:59.945  3443  4320 V AlarmManager:  remove PendingIntent] PendingIntent{68ac14a: PendingIntentRecord{bc3dd0c com.android.bluetooth broadcastIntent}}
02-10 16:47:59.955  3443  4080 V AlarmManager:  remove PendingIntent] PendingIntent{93508bb: PendingIntentRecord{bc3dd0c com.android.bluetooth broadcastIntent}}
02-10 16:47:59.955  3443  3461 V AlarmManager:  remove PendingIntent] PendingIntent{fdfe1d8: PendingIntentRecord{bc3dd0c com.android.bluetooth broadcastIntent}}
02-10 16:47:59.955  3443  4409 V AlarmManager:  remove PendingIntent] PendingIntent{e332931: PendingIntentRecord{bc3dd0c com.android.bluetooth broadcastIntent}}
02-10 16:47:59.965  3443  5070 V AlarmManager:  remove PendingIntent] PendingIntent{f3ba816: PendingIntentRecord{bc3dd0c com.android.bluetooth broadcastIntent}}
02-10 16:47:59.965  3443  4000 V AlarmManager:  remove PendingIntent] PendingIntent{a17597: PendingIntentRecord{bc3dd0c com.android.bluetooth broadcastIntent}}
02-10 16:47:59.985  3443  3834 V AlarmManager: Expired Alarm result :8
02-10 16:47:59.995  3961  3961 D KeyguardUpdateMonitor: received broadcast android.intent.action.TIME_TICK
02-10 16:47:59.995  3961  3961 D KeyguardUpdateMonitor: handleTimeUpdate
02-10 16:48:00.005  3961  3961 D Clock   : received broadcast android.intent.action.TIME_TICK
02-10 16:48:00.055  3961  3961 D DateView: received broadcast android.intent.action.TIME_TICK
02-10 16:48:00.075  3961  3961 D NotificationStackScrollLayout:  scroll range should be extended : 1600
02-10 16:48:00.095  8461  8461 D [WeatherWidget(1240)]  WeatherService: {[EC3334F14841398C8B464A72D0E61AB7C564889C89112557F2146D56794659083956C77974A4825103AB5C5D4AC85EDAA24236388AC138058106446B92A35777]}
02-10 16:48:00.095  8461  8461 D [WeatherWidget(1240)]  : {[3AE6950019B083611567B0F9442DB03EEFA9050249635C043F7E254E316C2550]}
02-10 16:48:00.095  8461  8461 D [WeatherWidget(1240)]  : {[3AE6950019B083611567B0F9442DB03EAB01DC5C99149A39F887E17599325AFBFF089086AA9902184ADA25758C536FE2]}
02-10 16:48:00.095  8461  8461 D [WeatherWidget(1240)]  : {[3AE6950019B083611567B0F9442DB03EFF0B905BDFF72B69FB632A6CB072B41F95D2E6F4F84443284E97F40042D431D8350388453A923ABD8469D82798FA7548]}
02-10 16:48:00.095  8461  8461 D [WeatherWidget(1240)]  : {[A1AF0F6A1A65A89C43D705938923D0FEFB71880C4E84718DA0A3E1F383E54FB27A4284D9BEDF7BAA2ABFFE671EB65C64017CE455463374B2035AEFDEEFE9AF5AF0C9B39163F9C33F058D9E9C402647DCBDA79B0F08BA968A56CE20BB194AEC8D23C916AA5ED1D1F04FC4EAA834A81DD4]}
02-10 16:48:00.095  8461  8461 D [WeatherWidget(1240)]  : {[15C09394A4E9AFE55A5C62F22AB3FC5902EB2A2150B6646A86F2B3102D669614]}
02-10 16:48:00.285  3443  3826 I TLC_TIMA_PKM_measure_kernel: TIMA: response_id = 3
02-10 16:48:00.285  3443  3826 I TLC_TIMA_PKM_measure_kernel: TIMA: response ret = 0, result_ondemand = MSG=Kernel Verification Success;
02-10 16:48:00.285  3443  3826 D TimaService: TIMA MEASUREMENT Result: TIMA_STATUS=0;MSG=Kernel Verification Success;
02-10 16:48:00.285  3443  3826 D TimaService: TIMA MEASUREMENT success status: TIMA_STATUS=0;MSG=Kernel Verification Success;
02-10 16:48:00.415 13627 13627 V io.jxcore.node.ConnectionHelper: Notifying discovery manager state change: is discovering: false, is advertising: false
02-10 16:48:00.415 13627 13627 V io.jxcore.node.StartStopOperation: isTargetState: Connectivity: NOT_STARTED, discovery: NOT_STARTED, is discovering: false, is advertising: false - Stop operation: Should affect listening to advertisements only
02-10 16:48:00.415 13627 13627 D io.jxcore.node.StartStopOperationHandler: processCurrentOperationStatus: Operation successfully executed
02-10 16:48:00.415 13627 13695 I jxcore-log: ok 71 Should be able to call stopListeningForAdvertisements in teardown
02-10 16:48:00.415 13627 13695 I jxcore-log: 
02-10 16:48:00.415 13627 13695 D io.jxcore.node.JXcoreExtension: stopAdvertisingAndListening
02-10 16:48:00.415 13627 13695 I io.jxcore.node.ConnectionHelper: stop: Stopping all activities and killing connections
02-10 16:48:00.415 13627 13695 V io.jxcore.node.StartStopOperation: isTargetState: Connectivity: NOT_STARTED, discovery: NOT_STARTED, is discovering: false, is advertising: false - Stop operation: Should start/stop everything
02-10 16:48:00.415 13627 13695 V io.jxcore.node.StartStopOperationHandler: executeCurrentOperation: The current state already matches the desired outcome of this operation, skipping...
