02-10 16:48:13.153 22664 22730 D org.thaliproject.p2p.btconnectorlib.DiscoveryManager: updateState: Current thread: Thread[Thread-2514,7,main], id: 2514
02-10 16:48:13.153 15518 15550 D BluetoothAdapter: STATE_ON
02-10 16:48:13.153 15518 15550 D BluetoothAdapter: STATE_ON
02-10 16:48:13.153 15518 15537 D BtGatt.GattService: onScanFilterEnableDisabled() - clientIf=9, status=0, action=1
02-10 16:48:13.153  3513  4557 V AlarmManager:  remove PendingIntent] PendingIntent{f247631: PendingIntentRecord{369848 com.android.bluetooth broadcastIntent}}
02-10 16:48:13.153 15518 15537 D BtGatt.ScanManager: callback done for clientIf - 9 status - 0
02-10 16:48:13.153 22664 22730 D org.thaliproject.p2p.btconnectorlib.DiscoveryManager: updateStateInternal Current thread: Thread[Thread-2514,7,main], id: 2514
02-10 16:48:13.153 22664 22730 D org.thaliproject.p2p.btconnectorlib.DiscoveryManager: updateState: State: RUNNING_BLE, is discovering: true, is advertising: true
02-10 16:48:13.153 22664 22730 D org.thaliproject.p2p.btconnectorlib.DiscoveryManager: updateStateInternal finished Current thread: Thread[Thread-2514,7,main], id: 2514
02-10 16:48:13.153 22664 22730 D org.thaliproject.p2p.btconnectorlib.DiscoveryManager: updateState finished Current thread: Thread[Thread-2514,7,main], id: 2514
02-10 16:48:13.153 22664 22730 I io.jxcore.node.ConnectionHelper: start: OK
02-10 16:48:13.163 22664 22664 D org.thaliproject.p2p.btconnectorlib.DiscoveryManager: updateState: Current thread: Thread[main,5,main], id: 1
02-10 16:48:13.163 22664 22730 I jxcore-log: 2017-02-10 13:48:13 - DEBUG thaliMobileNativeWrapper: 'discoveryAdvertisingStateUpdateNonTCP: {"discoveryActive":false,"advertisingActive":true}'
02-10 16:48:13.163 22664 22730 I jxcore-log: 
02-10 16:48:13.163 15518 15550 D BtGatt.ScanManager: set filter index= 27 for clientIf= 9
02-10 16:48:13.163 15518 15550 D BtGatt.ScanManager: High Rssi Filter value is = -128
02-10 16:48:13.163 15518 15550 D BtGatt.ScanManager: Low Rssi Filter value is = -128
02-10 16:48:13.163 15518 15550 D BtGatt.ScanManager: configureFilterParamter 1500 10000 4 0highRssiThreshold = -128lowRssiThreshold = -128matchmode is =2
02-10 16:48:13.163 22664 22730 I jxcore-log: 2017-02-10 13:48:13 - INFO thaliMobile: 'Received state ({"discoveryActive":false,"advertisingActive":true}) did not match with target ({"started":false,"listening":false,"advertising":false,"networkType":"BOTH","startArguments":{"router":null,"pskIdToSecret":null,"networkType":null}})'
02-10 16:48:13.163 22664 22730 I jxcore-log: 
02-10 16:48:13.163 22664 22730 I jxcore-log: 2017-02-10 13:48:13 - INFO thaliMobile: 'Filtered out discoveryAdvertisingStateUpdate (was in stopped state).'
02-10 16:48:13.163 22664 22730 I jxcore-log: 
02-10 16:48:13.163 15518 15559 D BtGatt.GattService: [GSIM LOG]: increaseScanCount : com.test.thalitest : 825
02-10 16:48:13.163 15518 15559 D BtGatt.GattService: [GSIM LOG]: increaseScanCount : com.test.thalitest, com.test.thalitest
02-10 16:48:13.163 15518 15537 D BtGatt.GattService: onScanFilterParamsConfigured() - clientIf=9, status=0, action=0, availableSpace=27
02-10 16:48:13.163 15518 15537 D BtGatt.ScanManager: callback done for clientIf - 9 status - 0
02-10 16:48:13.163 15518 15550 D BtGatt.ScanManager: Starting BLE batch scan
02-10 16:48:13.163 15518 15550 D BtGatt.ScanManager: configuring batch scan storage, appIf 9
02-10 16:48:13.173 15518 15537 D BtGatt.GattService: onBatchScanStorageConfigured() - clientIf=9, status=0
02-10 16:48:13.173 15518 15537 D BtGatt.ScanManager: callback done for clientIf - 9 status - 0
02-10 16:48:13.173 22664 22664 D org.thaliproject.p2p.btconnectorlib.DiscoveryManager: updateStateInternal Current thread: Thread[main,5,main], id: 1
02-10 16:48:13.173  3513  3863 V AlarmManager:  remove PendingIntent] PendingIntent{96f7116: PendingIntentRecord{369848 com.android.bluetooth broadcastIntent}}
02-10 16:48:13.173 22664 22664 D org.thaliproject.p2p.btconnectorlib.DiscoveryManager: updateStateInternal finished Current thread: Thread[main,5,main], id: 1
02-10 16:48:13.173 22664 22664 D org.thaliproject.p2p.btconnectorlib.DiscoveryManager: updateState finished Current thread: Thread[main,5,main], id: 1
02-10 16:48:13.173 22664 22664 I io.jxcore.node.ConnectionHelper: onDiscoveryManagerStateChanged: State: RUNNING_BLE, is discovering: true, is advertising: true
02-10 16:48:13.173 15518 15537 D BtGatt.GattService: onBatchScanStartStopped() - clientIf=9, status=0, startStopAction=1
02-10 16:48:13.173 15518 15537 D BtGatt.ScanManager: callback done for clientIf - 9 status - 0
02-10 16:48:13.173  3513  4282 V AlarmManager:  remove PendingIntent] PendingIntent{5ec0a97: PendingIntentRecord{81dbe35 com.android.bluetooth broadcastIntent}}
02-10 16:48:13.173 15518 15559 D BtGatt.GattService: [GSIM LOG]: increaseScanCount 4 Battery : com.test.thalitest : 70
02-10 16:48:13.173 15518 15559 D BtGatt.GattService: [GSIM LOG]: setScanTime : com.test.thalitest : 24778908
02-10 16:48:13.173 15518 15559 D BtGatt.GattService: [GSIM LOG]: setRequestedScanType : com.test.thalitest : 2
02-10 16:48:13.173 15518 15559 D BtGatt.GattService: [GSIM LOG]: setActualScanType : com.test.thalitest : 2
02-10 16:48:13.173 15518 15559 D BtGatt.GattService: [GSIM LOG]: updateScanTime: 0
02-10 16:48:13.173 15518 15559 D BtGatt.GattService: [GSIM LOG]: com.test.thalitest@LowLatency, R time : 76 => 76
02-10 16:48:13.173 15518 15559 D BtGatt.GattService: [GSIM LOG]: com.test.thalitest@LowLatency, A time : 76 => 76
02-10 16:48:13.173 15518 15559 D BtGatt.GattService: [GSIM LOG]: updateScanTime: 0
02-10 16:48:13.173 15518 15559 D BtGatt.GattService: [GSIM LOG]: com.test.thalitest@LowLatency, R time : 76 => 76
02-10 16:48:13.173 15518 15559 D BtGatt.GattService: [GSIM LOG]: com.test.thalitest@LowLatency, A time : 76 => 76
02-10 16:48:13.173 15518 15559 D BtGatt.GattService: [GSIM LOG]: setActualScanType : com.test.thalitest : 2
02-10 16:48:13.173 15518 15559 D BtGatt.GattService: [GSIM LOG]: updateScanTime: 0
02-10 16:48:13.173 15518 15559 D BtGatt.GattService: [GSIM LOG]: com.test.thalitest@LowLatency, R time : 76 => 76
02-10 16:48:13.173 15518 15559 D BtGatt.GattService: [GSIM LOG]: com.test.thalitest@LowLatency, A time : 76 => 76
02-10 16:48:13.173 15518 15559 D BtGatt.GattService: [GSIM LOG]: setScanTime : com.test.thalitest : 24778908
02-10 16:48:13.183  3513  5186 V AlarmManager:  remove PendingIntent] PendingIntent{884b484: PendingIntentRecord{369848 com.android.bluetooth broadcastIntent}}
02-10 16:48:13.173 15518 15559 D BtGatt.GattService: [GSIM LOG]: updateScanTime: 0
02-10 16:48:13.173 15518 15559 D BtGatt.GattService: [GSIM LOG]: com.samsung.android.beaconmanager@Custom, R time : 185 => 185
02-10 16:48:13.173 15518 15559 D BtGatt.GattService: [GSIM LOG]: com.samsung.android.beaconmanager@LowLatency, A time : 105 => 105
02-10 16:48:13.173 15518 15559 D BtGatt.GattService: [GSIM LOG]: setActualScanType : com.samsung.android.beaconmanager : 2
02-10 16:48:13.173 15518 15559 D BtGatt.GattService: [GSIM LOG]: updateScanTime: 0
02-10 16:48:13.173 15518 15559 D BtGatt.GattService: [GSIM LOG]: com.samsung.android.beaconmanager@Custom, R time : 185 => 185
02-10 16:48:13.183 15518 15559 D BtGatt.GattService: [GSIM LOG]: com.samsung.android.beaconmanager@LowLatency, A time : 105 => 105
02-10 16:48:13.183 15518 15559 D BtGatt.GattService: [GSIM LOG]: setScanTime : com.samsung.android.beaconmanager : 24778908
02-10 16:48:13.183  3513  4557 V AlarmManager:  remove PendingIntent] PendingIntent{199446d: PendingIntentRecord{369848 com.android.bluetooth broadcastIntent}}
02-10 16:48:13.193  3513  5185 V AlarmManager:  remove PendingIntent] PendingIntent{a6988a2: PendingIntentRecord{369848 com.android.bluetooth broadcastIntent}}
02-10 16:48:13.193  3513  3863 V AlarmManager:  remove PendingIntent] PendingIntent{5dcb933: PendingIntentRecord{369848 com.android.bluetooth broadcastIntent}}
02-10 16:48:13.203  3513  3542 V AlarmManager:  remove PendingIntent] PendingIntent{fda94f0: PendingIntentRecord{369848 com.android.bluetooth broadcastIntent}}
02-10 16:48:13.203  3513  4518 V AlarmManager:  remove PendingIntent] PendingIntent{b12ba69: PendingIntentRecord{369848 com.android.bluetooth broadcastIntent}}
02-10 16:48:13.213  3513  4279 V AlarmManager:  remove PendingIntent] PendingIntent{1fb8cee: PendingIntentRecord{369848 com.android.bluetooth broadcastIntent}}
02-10 16:48:13.213  3513  6656 V AlarmManager:  remove PendingIntent] PendingIntent{b1fb58f: PendingIntentRecord{369848 com.android.bluetooth broadcastIntent}}
02-10 16:48:13.213  3513  4107 V AlarmManager:  remove PendingIntent] PendingIntent{16c101c: PendingIntentRecord{369848 com.android.bluetooth broadcastIntent}}
02-10 16:48:13.223  3513  4771 V AlarmManager:  remove PendingIntent] PendingIntent{9939425: PendingIntentRecord{369848 com.android.bluetooth broadcastIntent}}
02-10 16:48:13.223  3513  3892 V AlarmManager:  remove PendingIntent] PendingIntent{49789fa: PendingIntentRecord{369848 com.android.bluetooth broadcastIntent}}
02-10 16:48:13.233  3513  4025 V AlarmManager:  remove PendingIntent] PendingIntent{1ec1bab: PendingIntentRecord{369848 com.android.bluetooth broadcastIntent}}
02-10 16:48:13.673 22664 22664 V io.jxcore.node.ConnectionHelper: Notifying discovery manager state change: is discovering: true, is advertising: true
02-10 16:48:13.673 22664 22664 V io.jxcore.node.StartStopOperation: isTargetState: Connectivity: RUNNING, discovery: RUNNING_BLE, is discovering: true, is advertising: true - Start operation: Should affect listening to advertisements only
02-10 16:48:13.673 22664 22664 D io.jxcore.node.StartStopOperationHandler: processCurrentOperationStatus: Operation successfully executed
02-10 16:48:13.673 22664 22730 I jxcore-log: ok 99 Can call startListeningForAdvertisements without error
02-10 16:48:13.673 22664 22730 I jxcore-log: 
02-10 16:48:13.683 22664 22730 I jxcore-log: 2017-02-10 13:48:13 - DEBUG thaliMobileNativeWrapper: 'discoveryAdvertisingStateUpdateNonTCP: {"discoveryActive":true,"advertisingActive":true}'
02-10 16:48:13.683 22664 22730 I jxcore-log: 
02-10 16:48:13.683 22664 22730 I jxcore-log: 2017-02-10 13:48:13 - INFO thaliMobile: 'Received state ({"discoveryActive":true,"advertisingActive":true}) did not match with target ({"started":false,"listening":false,"advertising":false,"networkType":"BOTH","startArguments":{"router":null,"pskIdToSecret":null,"networkType":null}})'
02-10 16:48:13.683 22664 22730 I jxcore-log: 
02-10 16:48:13.683 22664 22730 I jxcore-log: 2017-02-10 13:48:13 - INFO thaliMobile: 'Filtered out discoveryAdvertisingStateUpdate (was in stopped state).'
02-10 16:48:13.683 22664 22730 I jxcore-log: 
02-10 16:48:14.173  3513  3850 V AlarmManager: Expired Alarm result :4
02-10 16:48:14.183 15518 15518 D BtGatt.ScanManager: awakened up at time 623330272
02-10 16:48:14.183 15518 15550 D BtGatt.ScanManager: flushPendingBatchResults - clientIf = 9
02-10 16:48:14.183  3513  4771 V AlarmManager:  remove PendingIntent] PendingIntent{e8e4da1: PendingIntentRecord{369848 com.android.bluetooth broadcastIntent}}
02-10 16:48:14.193 15518 15537 D BtGatt.GattService: onBatchScanReports() - clientIf=9, status=0, reportType=2, numRecords=6
02-10 16:48:14.193 15518 15537 D BtGatt.ScanManager: callback done for clientIf - 9 status - 0
02-10 16:48:14.193 15518 15537 D BtGatt.GattService: current time is 623330285095741
02-10 16:48:14.193 15518 15537 D BtGatt.GattService: Batch record : [117, -47, -27, -52, -97, 113, 1, -128, -42, 1, 0, 29, 17, 7, 9, 110, -45, -120, -12, -15, 20, -65, -33, 68, -111, -33, -83, -71, -4, -9, 10, 22, -83, -71, 4, -40, 91, 42, 78, 125, -6, 0, -64, 38, -57, 63, -73, 83, 1, -128, -39, 16, 0, 29, 17, 7, 9, 110, -45, -120, -12, -15, 20, -65, -33, 68, -111, -33, -83, -71, -4, -9, 10, 22, -83, -71, 3, 52, -118, 123, 117, 107, 67, 0, 67, 107, 117, 123, -118, 52, 0, -128, -39, 16, 0, 29, 17, 7, 9, 110, -45, -120, -12, -15, 20, -65, -33, 68, -111, -33, -83, -71, -4, -9, 10, 22, -83, -71, 3, 52, -118, 123, 117, 107, 67, 0, 67, 107, 117, 123, -118, 52, 0, -128, -40, 5, 0, 29, 17, 7, 9, 110, -45, -120, -12, -15, 20, -65, -33, 68, -111, -33, -83, -71, -4, -9, 10, 22, -83, -71, 4, 52, -118, 123, 117, 107, 67, 0, 62, -50, -96, 99, 125, 107, 1, -128, -40, 1, 0, 29, 17, 7, 9, 110, -45, -120, -12, -15, 20, -65, -33, 68, -111, -33, -83, -71, -4, -9, 10, 22, -83, -71, 4, 52, -118, 123, 117, 107, 67, 0, 67, 107, 117, 123, -118, 52, 0, -128, -40, 1, 0, 29, 17, 7, 9, 110, -45, -120, -12, -15, 20, -65, -33, 68, -111, -33, -83, -71, -4, -9, 10, 22, -83, -71, 4, 52, -118, 123, 117, 107, 67, 0]
02-10 16:48:14.193  3513  4204 V AlarmManager:  remove PendingIntent] PendingIntent{9c44bc6: PendingIntentRecord{81dbe35 com.android.bluetooth broadcastIntent}}
02-10 16:48:14.193 15518 15537 D BtGatt.GattService: ScanRecord : [17, 7, 9, 110, -45, -120, -12, -15, 20, -65, -33, 68, -111, -33, -83, -71, -4, -9, 10, 22, -83, -71, 4, -40, 91, 42, 78, 125, -6]
02-10 16:48:14.193 15518 15537 D ScanRecord: parseFromBytes
02-10 16:48:14.193 15518 15537 D BtGatt.GattService: ScanRecord : [17, 7, 9, 110, -45, -120, -12, -15, 20, -65, -33, 68, -111, -33, -83, -71, -4, -9, 10, 22, -83, -71, 3, 52, -118, 123, 117, 107, 67]
02-10 16:48:14.193 15518 15537 D ScanRecord: parseFromBytes
02-10 16:48:14.193 15518 15537 D BtGatt.GattService: ScanRecord : [17, 7, 9, 110, -45, -120, -12, -15, 20, -65, -33, 68, -111, -33, -83, -71, -4, -9, 10, 22, -83, -71, 3, 52, -118, 123, 117, 107, 67]
02-10 16:48:14.193 15518 15537 D ScanRecord: parseFromBytes
02-10 16:48:14.193 15518 15537 D BtGatt.GattService: ScanRecord : [17, 7, 9, 110, -45, -120, -12, -15, 20, -65, -33, 68, -111, -33, -83, -71, -4, -9, 10, 22, -83, -71, 4, 52, -118, 123, 117, 107, 67]
02-10 16:48:14.193 15518 15537 D ScanRecord: parseFromBytes
02-10 16:48:14.193 15518 15537 D BtGatt.GattService: ScanRecord : [17, 7, 9, 110, -45, -120, -12, -15, 20, -65, -33, 68, -111, -33, -83, -71, -4, -9, 10, 22, -83, -71, 4, 52, -118, 123, 117, 107, 67]
02-10 16:48:14.193 15518 15537 D ScanRecord: parseFromBytes
02-10 16:48:14.203 15518 15537 D BtGatt.GattService: ScanRecord : [17, 7, 9, 110, -45, -120, -12, -15, 20, -65, -33, 68, -111, -33, -83, -71, -4, -9, 10, 22, -83, -71, 4, 52, -118, 123, 117, 107, 67]
02-10 16:48:14.203 15518 15537 D ScanRecord: parseFromBytes
02-10 16:48:14.203 22664 22674 D ScanRecord: parseFromBytes
02-10 16:48:14.203 22664 22674 D ScanRecord: parseFromBytes
02-10 16:48:14.203 22664 22674 D ScanRecord: parseFromBytes
02-10 16:48:14.203 22664 22674 D ScanRecord: parseFromBytes
02-10 16:48:14.203 22664 22674 D ScanRecord: parseFromBytes
02-10 16:48:14.203 22664 22674 D ScanRecord: parseFromBytes
02-10 16:48:14.203 22664 22664 D org.thaliproject.p2p.btconnectorlib.internal.bluetooth.le.BleScanner: onBatchScanResults: results count  = 6. Current thread: Thread[main,5,main], id: 1
02-10 16:48:14.203 22664 22664 D org.thaliproject.p2p.btconnectorlib.internal.bluetooth.le.BlePeerDiscoverer: checkScanResult: ScanResult{mDevice=53:B7:3F:C7:26:C0, mScanRecord=ScanRecord [mAdvertiseFlags=-1, mServiceUuids=[f7fcb9ad-df91-44df-bf14-f1f488d36e09], mManufacturerSpecificData={}, mServiceData={0000b9ad-0000-1000-8000-00805f9b34fb=[3, 52, -118, 123, 117, 107, 67]}, mTxPowerLevel=-2147483648, mDeviceName=null], mRssi=-39, mTimestampNanos=623329485890087}
02-10 16:48:14.203 22664 22664 D org.thaliproject.p2p.btconnectorlib.internal.bluetooth.le.BlePeerDiscoverer: checkScanResult: parsedAdvertisement: [UUID = null, bluetoothMacAddress = 34:8A:7B:75:6B:43, provideBluetoothMacAddressRequestId = nullextra info = 3]
02-10 16:48:14.203 22664 22664 V org.thaliproject.p2p.btconnectorlib.internal.bluetooth.le.BlePeerDiscoverer: checkScanResult: Resolved advertisement type: ADVERTISEMENT_PEER_PROPERTIES
02-10 16:48:14.203 22664 22664 D org.thaliproject.p2p.btconnectorlib.internal.bluetooth.le.PeerAdvertisementFactory: Parsed advertisment: [UUID = f7fcb9ad-df91-44df-bf14-f1f488d36e09, bluetoothMacAddress = 34:8A:7B:75:6B:43, provideBluetoothMacAddressRequestId = nullextra info = 3]
02-10 16:48:14.203 22664 22664 D org.thaliproject.p2p.btconnectorlib.internal.bluetooth.le.BlePeerDiscoverer: checkScanResult onPeerDiscovered [34:8A:7B:75:6B:43 3]
02-10 16:48:14.203 22664 22664 D org.thaliproject.p2p.btconnectorlib.internal.bluetooth.le.BlePeerDiscoverer: checkScanResult: ScanResult{mDevice=34:8A:7B:75:6B:43, mScanRecord=ScanRecord [mAdvertiseFlags=-1, mServiceUuids=[f7fcb9ad-df91-44df-bf14-f1f488d36e09], mManufacturerSpecificData={}, mServiceData={0000b9ad-0000-1000-8000-00805f9b34fb=[3, 52, -118, 123, 117, 107, 67]}, mTxPowerLevel=-2147483648, mDeviceName=null], mRssi=-39, mTimestampNanos=623329485890087}
02-10 16:48:14.203 22664 22664 D org.thaliproject.p2p.btconnectorlib.internal.bluetooth.le.BlePeerDiscoverer: checkScanResult: parsedAdvertisement: [UUID = null, bluetoothMacAddress = 34:8A:7B:75:6B:43, provideBluetoothMacAddressRequestId = nullextra info = 3]
02-10 16:48:14.203 22664 22664 V org.thaliproject.p2p.btconnectorlib.internal.bluetooth.le.BlePeerDiscoverer: checkScanResult: Resolved advertisement type: ADVERTISEMENT_PEER_PROPERTIES
02-10 16:48:14.203 22664 22664 D org.thaliproject.p2p.btconnectorlib.internal.bluetooth.le.PeerAdvertisementFactory: Parsed advertisment: [UUID = f7fcb9ad-df91-44df-bf14-f1f488d36e09, bluetoothMacAddress = 34:8A:7B:75:6B:43, provideBluetoothMacAddressRequestId = nullextra info = 3]
02-10 16:48:14.213  3513  5186 V AlarmManager:  remove PendingIntent] PendingIntent{8cec787: PendingIntentRecord{369848 com.android.bluetooth broadcastIntent}}
02-10 16:48:14.203 22664 22664 D org.thaliproject.p2p.btconnectorlib.internal.bluetooth.le.BlePeerDiscoverer: checkScanResult onPeerDiscovered [34:8A:7B:75:6B:43 3]
02-10 16:48:14.203 22664 22664 D org.thaliproject.p2p.btconnectorlib.internal.bluetooth.le.BlePeerDiscoverer: checkScanResult: ScanResult{mDevice=34:8A:7B:75:6B:43, mScanRecord=ScanRecord [mAdvertiseFlags=-1, mServiceUuids=[f7fcb9ad-df91-44df-bf14-f1f488d36e09], mManufacturerSpecificData={}, mServiceData={0000b9ad-0000-1000-8000-00805f9b34fb=[4, 52, -118, 123, 117, 107, 67]}, mTxPowerLevel=-2147483648, mDeviceName=null], mRssi=-40, mTimestampNanos=623330035890087}
02-10 16:48:14.203 22664 22664 D org.thaliproject.p2p.btconnectorlib.internal.bluetooth.le.BlePeerDiscoverer: checkScanResult: parsedAdvertisement: [UUID = null, bluetoothMacAddress = 34:8A:7B:75:6B:43, provideBluetoothMacAddressRequestId = nullextra info = 4]
02-10 16:48:14.203 22664 22664 V org.thaliproject.p2p.btconnectorlib.internal.bluetooth.le.BlePeerDiscoverer: checkScanResult: Resolved advertisement type: ADVERTISEMENT_PEER_PROPERTIES
02-10 16:48:14.203 22664 22664 D org.thaliproject.p2p.btconnectorlib.internal.bluetooth.le.PeerAdvertisementFactory: Parsed advertisment: [UUID = f7fcb9ad-df91-44df-bf14-f1f488d36e09, bluetoothMacAddress = 34:8A:7B:75:6B:43, provideBluetoothMacAddressRequestId = nullextra info = 4]
02-10 16:48:14.203 22664 22664 D org.thaliproject.p2p.btconnectorlib.internal.bluetooth.le.BlePeerDiscoverer: checkScanResult onPeerDiscovered [34:8A:7B:75:6B:43 4]
02-10 16:48:14.213 22664 22664 D org.thaliproject.p2p.btconnectorlib.internal.bluetooth.le.BlePeerDiscoverer: checkScanResult: ScanResult{mDevice=6B:7D:63:A0:CE:3E, mScanRecord=ScanRecord [mAdvertiseFlags=-1, mServiceUuids=[f7fcb9ad-df91-44df-bf14-f1f488d36e09], mManufacturerSpecificData={}, mServiceData={0000b9ad-0000-1000-8000-00805f9b34fb=[4, 52, -118, 123, 117, 107, 67]}, mTxPowerLevel=-2147483648, mDeviceName=null], mRssi=-40, mTimestampNanos=623330235890087}
02-10 16:48:14.213 22664 22664 D org.thaliproject.p2p.btconnectorlib.internal.bluetooth.le.BlePeerDiscoverer: checkScanResult: parsedAdvertisement: [UUID = null, bluetoothMacAddress = 34:8A:7B:75:6B:43, provideBluetoothMacAddressRequestId = nullextra info = 4]
02-10 16:48:14.213 22664 22664 V org.thaliproject.p2p.btconnectorlib.internal.bluetooth.le.BlePeerDiscoverer: checkScanResult: Resolved advertisement type: ADVERTISEMENT_PEER_PROPERTIES
02-10 16:48:14.213 22664 22664 D org.thaliproject.p2p.btconnectorlib.internal.bluetooth.le.PeerAdvertisementFactory: Parsed advertisment: [UUID = f7fcb9ad-df91-44df-bf14-f1f488d36e09, bluetoothMacAddress = 34:8A:7B:75:6B:43, provideBluetoothMacAddressRequestId = nullextra info = 4]
02-10 16:48:14.213 22664 22664 D org.thaliproject.p2p.btconnectorlib.internal.bluetooth.le.BlePeerDiscoverer: checkScanResult onPeerDiscovered [34:8A:7B:75:6B:43 4]
02-10 16:48:14.213 22664 22664 D org.thaliproject.p2p.btconnectorlib.internal.bluetooth.le.BlePeerDiscoverer: checkScanResult: ScanResult{mDevice=71:9F:CC:E5:D1:75, mScanRecord=ScanRecord [mAdvertiseFlags=-1, mServiceUuids=[f7fcb9ad-df91-44df-bf14-f1f488d36e09], mManufacturerSpecificData={}, mServiceData={0000b9ad-0000-1000-8000-00805f9b34fb=[4, -40, 91, 42, 78, 125, -6]}, mTxPowerLevel=-2147483648, mDeviceName=null], mRssi=-42, mTimestampNanos=623330235890087}
02-10 16:48:14.213 22664 22664 D org.thaliproject.p2p.btconnectorlib.internal.bluetooth.le.BlePeerDiscoverer: checkScanResult: parsedAdvertisement: [UUID = null, bluetoothMacAddress = D8:5B:2A:4E:7D:FA, provideBluetoothMacAddressRequestId = nullextra info = 4]
02-10 16:48:14.213 22664 22664 V org.thaliproject.p2p.btconnectorlib.internal.bluetooth.le.BlePeerDiscoverer: checkScanResult: Resolved advertisement type: ADVERTISEMENT_PEER_PROPERTIES
02-10 16:48:14.213 22664 22664 D org.thaliproject.p2p.btconnectorlib.internal.bluetooth.le.PeerAdvertisementFactory: Parsed advertisment: [UUID = f7fcb9ad-df91-44df-bf14-f1f488d36e09, bluetoothMacAddress = D8:5B:2A:4E:7D:FA, provideBluetoothMacAddressRequestId = nullextra info = 4]
02-10 16:48:14.213 22664 22664 D org.thaliproject.p2p.btconnectorlib.internal.bluetooth.le.BlePeerDiscoverer: checkScanResult onPeerDiscovered [D8:5B:2A:4E:7D:FA 4]
02-10 16:48:14.213 22664 22664 D org.thaliproject.p2p.btconnectorlib.internal.bluetooth.le.BlePeerDiscoverer: checkScanResult: ScanResult{mDevice=34:8A:7B:75:6B:43, mScanRecord=ScanRecord [mAdvertiseFlags=-1, mServiceUuids=[f7fcb9ad-df91-44df-bf14-f1f488d36e09], mManufacturerSpecificData={}, mServiceData={0000b9ad-0000-1000-8000-00805f9b34fb=[4, 52, -118, 123, 117, 107, 67]}, mTxPowerLevel=-2147483648, mDeviceName=null], mRssi=-40, mTimestampNanos=623330235890087}
02-10 16:48:14.213 22664 22664 D org.thaliproject.p2p.btconnectorlib.internal.bluetooth.le.BlePeerDiscoverer: checkScanResult: parsedAdvertisement: [UUID = null, bluetoothMacAddress = 34:8A:7B:75:6B:43, provideBluetoothMacAddressRequestId = nullextra info = 4]
02-10 16:48:14.213 22664 22664 V org.thaliproject.p2p.btconnectorlib.internal.bluetooth.le.BlePeerDiscoverer: checkScanResult: Resolved advertisement type: ADVERTISEMENT_PEER_PROPERTIES
02-10 16:48:14.213 22664 22664 D org.thaliproject.p2p.btconnectorlib.internal.bluetooth.le.PeerAdvertisementFactory: Parsed advertisment: [UUID = f7fcb9ad-df91-44df-bf14-f1f488d36e09, bluetoothMacAddress = 34:8A:7B:75:6B:43, provideBluetoothMacAddressRequestId = nullextra info = 4]
02-10 16:48:14.213 22664 22664 D org.thaliproject.p2p.btconnectorlib.internal.bluetooth.le.BlePeerDiscoverer: checkScanResult onPeerDiscovered [34:8A:7B:75:6B:43 4]
02-10 16:48:14.213 22664 22664 D org.thaliproject.p2p.btconnectorlib.DiscoveryManager: onPeerDiscovered: [34:8A:7B:75:6B:43 3]
02-10 16:48:14.213 22664 22664 V org.thaliproject.p2p.btconnectorlib.utils.PeerModel: addOrUpdateDiscoveredPeer: [34:8A:7B:75:6B:43 3]
02-10 16:48:14.213 22664 22664 D org.thaliproject.p2p.btconnectorlib.utils.PeerModel: Want to call onPeerAdded. Listeners size = 1
02-10 16:48:14.213  3513  4557 V AlarmManager:  remove PendingIntent] PendingIntent{a4046b4: PendingIntentRecord{369848 com.android.bluetooth broadcastIntent}}
02-10 16:48:14.213 22664 22664 D org.thaliproject.p2p.btconnectorlib.DiscoveryManager: onPeerAdded: [34:8A:7B:75:6B:43 3]
02-10 16:48:14.213 22664 22664 V org.thaliproject.p2p.btconnectorlib.utils.PeerModel: addOrUpdateDiscoveredPeer: New peer, [34:8A:7B:75:6B:43 3], added - the peer count is 1
02-10 16:48:14.213 22664 22664 D org.thaliproject.p2p.btconnectorlib.DiscoveryManager: onPeerDiscovered: [34:8A:7B:75:6B:43 3]
02-10 16:48:14.213 22664 22664 V org.thaliproject.p2p.btconnectorlib.utils.PeerModel: addOrUpdateDiscoveredPeer: [34:8A:7B:75:6B:43 3]
02-10 16:48:14.213 22664 22664 D org.thaliproject.p2p.btconnectorlib.utils.PeerModel: has more info: false,  extra info differs: false
02-10 16:48:14.213 22664 22664 V org.thaliproject.p2p.btconnectorlib.utils.PeerModel: addOrUpdateDiscoveredPeer: Timestamp of peer [34:8A:7B:75:6B:43 3] updated - the peer count is 1
02-10 16:48:14.213 22664 22664 D org.thaliproject.p2p.btconnectorlib.DiscoveryManager: onPeerDiscovered: [34:8A:7B:75:6B:43 4]
02-10 16:48:14.213 22664 22664 V org.thaliproject.p2p.btconnectorlib.utils.PeerModel: addOrUpdateDiscoveredPeer: [34:8A:7B:75:6B:43 4]
02-10 16:48:14.213 22664 22664 D org.thaliproject.p2p.btconnectorlib.utils.PeerModel: has more info: false,  extra info differs: true
02-10 16:48:14.213 22664 22664 D org.thaliproject.p2p.btconnectorlib.utils.PeerModel: Want to call onPeerUpdated. Listeners size = 1
02-10 16:48:14.213 22664 22664 D org.thaliproject.p2p.btconnectorlib.DiscoveryManager: onPeerUpdated: [34:8A:7B:75:6B:43 4]
02-10 16:48:14.213 22664 22664 V org.thaliproject.p2p.btconnectorlib.utils.PeerModel: addOrUpdateDiscoveredPeer: Timestamp of peer [34:8A:7B:75:6B:43 4] updated - the peer count is 1
02-10 16:48:14.213 22664 22664 D org.thaliproject.p2p.btconnectorlib.DiscoveryManager: onPeerDiscovered: [34:8A:7B:75:6B:43 4]
02-10 16:48:14.213 22664 22664 V org.thaliproject.p2p.btconnectorlib.utils.PeerModel: addOrUpdateDiscoveredPeer: [34:8A:7B:75:6B:43 4]
02-10 16:48:14.213 22664 22664 D org.thaliproject.p2p.btconnectorlib.utils.PeerModel: has more info: false,  extra info differs: false
02-10 16:48:14.213 22664 22664 V org.thaliproject.p2p.btconnectorlib.utils.PeerModel: addOrUpdateDiscoveredPeer: Timestamp of peer [34:8A:7B:75:6B:43 4] updated - the peer count is 1
02-10 16:48:14.213 22664 22664 D org.thaliproject.p2p.btconnectorlib.DiscoveryManager: onPeerDiscovered: [D8:5B:2A:4E:7D:FA 4]
02-10 16:48:14.213 22664 22664 V org.thaliproject.p2p.btconnectorlib.utils.PeerModel: addOrUpdateDiscoveredPeer: [D8:5B:2A:4E:7D:FA 4]
02-10 16:48:14.213 22664 22664 D org.thaliproject.p2p.btconnectorlib.utils.PeerModel: Want to call onPeerAdded. Listeners size = 1
02-10 16:48:14.213 22664 22664 D org.thaliproject.p2p.btconnectorlib.DiscoveryManager: onPeerAdded: [D8:5B:2A:4E:7D:FA 4]
02-10 16:48:14.223 22664 22664 V org.thaliproject.p2p.btconnectorlib.utils.PeerModel: addOrUpdateDiscoveredPeer: New peer, [D8:5B:2A:4E:7D:FA 4], added - the peer count is 2
02-10 16:48:14.223 22664 22664 D org.thaliproject.p2p.btconnectorlib.DiscoveryManager: onPeerDiscovered: [34:8A:7B:75:6B:43 4]
02-10 16:48:14.223 22664 22664 V org.thaliproject.p2p.btconnectorlib.utils.PeerModel: addOrUpdateDiscoveredPeer: [34:8A:7B:75:6B:43 4]
02-10 16:48:14.223 22664 22664 D org.thaliproject.p2p.btconnectorlib.utils.PeerModel: has more info: false,  extra info differs: false
02-10 16:48:14.223 22664 22664 V org.thaliproject.p2p.btconnectorlib.utils.PeerModel: addOrUpdateDiscoveredPeer: Timestamp of peer [34:8A:7B:75:6B:43 4] updated - the peer count is 2
02-10 16:48:14.223  3513  5185 V AlarmManager:  remove PendingIntent] PendingIntent{62122dd: PendingIntentRecord{369848 com.android.bluetooth broadcastIntent}}
02-10 16:48:14.223 22664 22664 I io.jxcore.node.ConnectionHelper: onPeerDiscovered: [34:8A:7B:75:6B:43 3], Bluetooth address: 34:8A:7B:75:6B:43, device name: 'null', device address: 'null'
02-10 16:48:14.223 22664 22664 I io.jxcore.node.ConnectionHelper: onPeerUpdated: [34:8A:7B:75:6B:43 4], device name: 'null', device address: 'null'
02-10 16:48:14.223 22664 22664 I io.jxcore.node.ConnectionHelper: onPeerDiscovered: [D8:5B:2A:4E:7D:FA 4], Bluetooth address: D8:5B:2A:4E:7D:FA, device name: 'null', device address: 'null'
02-10 16:48:14.223 22664 22730 I jxcore-log: 2017-02-10 13:48:14 - INFO testThaliMobileNative: 'Received peerAvailabilityChanged with peers: [{"peerIdentifier":"34:8A:7B:75:6B:43","generation":3,"peerAvailable":true}]'
02-10 16:48:14.223 22664 22730 I jxcore-log: 
02-10 16:48:14.223  3513  4204 V AlarmManager:  remove PendingIntent] PendingIntent{8a95e52: PendingIntentRecord{369848 com.android.bluetooth broadcastIntent}}
02-10 16:48:14.233 22664 22730 D BluetoothAdapter: STATE_ON
02-10 16:48:14.233  3513  4279 V AlarmManager:  remove PendingIntent] PendingIntent{465523: PendingIntentRecord{369848 com.android.bluetooth broadcastIntent}}
02-10 16:48:14.233 22664 22730 D io.jxcore.node.JXcoreExtension: connect: 34:8A:7B:75:6B:43
02-10 16:48:14.233 22664 22730 I io.jxcore.node.ConnectionHelper: connect: Trying to connect to peer with ID 34:8A:7B:75:6B:43
02-10 16:48:14.233 22664 22730 I org.thaliproject.p2p.btconnectorlib.ConnectionManager: connect: [34:8A:7B:75:6B:43 4]
02-10 16:48:14.233 22664 22730 I org.thaliproject.p2p.btconnectorlib.internal.bluetooth.BluetoothConnector: connect: Trying to start connecting to Samsung Galaxy S7 in address 34:8A:7B:75:6B:43
02-10 16:48:14.233  3513  4282 V AlarmManager:  remove PendingIntent] PendingIntent{7f51a20: PendingIntentRecord{369848 com.android.bluetooth broadcastIntent}}
02-10 16:48:14.243 22664 22730 I org.thaliproject.p2p.btconnectorlib.internal.bluetooth.BluetoothClientThread: setInsecureRfcommSocketPortNumber: Using port -1
02-10 16:48:14.243 22664 22730 I org.thaliproject.p2p.btconnectorlib.internal.bluetooth.BluetoothClientThread: setMaxNumberOfRetries: 0
02-10 16:48:14.243 22664 22730 I org.thaliproject.p2p.btconnectorlib.ConnectionManager: onConnecting: Samsung Galaxy S7 34:8A:7B:75:6B:43
02-10 16:48:14.243 22664 22730 D org.thaliproject.p2p.btconnectorlib.internal.bluetooth.BluetoothConnector: connect: Started connecting to Samsung Galaxy S7 in address 34:8A:7B:75:6B:43
02-10 16:48:14.243 22664 22730 I io.jxcore.node.ConnectionHelper: connect: Connection process successfully started (peer ID: 34:8A:7B:75:6B:43)
02-10 16:48:14.243 22664 22773 I org.thaliproject.p2p.btconnectorlib.internal.bluetooth.BluetoothClientThread: Trying to connect to peer with address 34:8A:7B:75:6B:43 (thread ID: 2519)
02-10 16:48:14.243 22664 22773 D org.thaliproject.p2p.btconnectorlib.internal.bluetooth.BluetoothClientThread: tryToConnect:  socketConnectSucceeded = false, mIsShuttingDown = false
02-10 16:48:14.243 22664 22773 D org.thaliproject.p2p.btconnectorlib.internal.bluetooth.BluetoothClientThread:  createSocketAndConnect: socket closed
02-10 16:48:14.243 22664 22773 D org.thaliproject.p2p.btconnectorlib.internal.bluetooth.BluetoothClientThread:  createSocketAndConnect: SYSTEM_DECIDED_INSECURE_RFCOMM_SOCKET_PORT
02-10 16:48:14.243 22664 22730 I jxcore-log: 2017-02-10 13:48:14 - INFO testThaliMobileNative: 'Received peerAvailabilityChanged with peers: [{"peerIdentifier":"34:8A:7B:75:6B:43","generation":4,"peerAvailable":true}]'
02-10 16:48:14.243 22664 22730 I jxcore-log: 
02-10 16:48:14.243  3513  3542 V AlarmManager:  remove PendingIntent] PendingIntent{6120fd9: PendingIntentRecord{369848 com.android.bluetooth broadcastIntent}}
02-10 16:48:14.243 22664 22730 I jxcore-log: 2017-02-10 13:48:14 - INFO testThaliMobileNative: 'Received peerAvailabilityChanged with peers: [{"peerIdentifier":"D8:5B:2A:4E:7D:FA","generation":4,"peerAvailable":true}]'
02-10 16:48:14.243 22664 22730 I jxcore-log: 
02-10 16:48:14.253  3513  5185 V AlarmManager:  remove PendingIntent] PendingIntent{15b0d9e: PendingIntentRecord{369848 com.android.bluetooth broadcastIntent}}
02-10 16:48:14.253 22664 22773 E org.thaliproject.p2p.btconnectorlib.internal.bluetooth.BluetoothClientThread:  createSocketAndConnect: connecting
02-10 16:48:14.253 22664 22773 D BluetoothUtils: isSocketAllowedBySecurityPolicy start : device null
02-10 16:48:14.253 22664 22773 D BluetoothSocket: connect(): myUserId = 0
02-10 16:48:14.253 22664 22773 W BluetoothAdapter: getBluetoothService() called with no BluetoothManagerCallback
02-10 16:48:14.263  3513  4282 D SecContentProvider: insert(), uri = 2
02-10 16:48:14.263 15518 15581 D IOP_DB_BT: db_query_create: id EnforceMasterRole :: key KEY_BDADDR, value 34:8a:7b:75:6b:43
02-10 16:48:14.263 15518 15581 D IOP_DB_BT: db_query_add_key: key KEY_LMP_MFCT, value 15
02-10 16:48:14.263 15518 15581 D IOP_DB_BT: db_query_add_key: key KEY_LMP_VER, value 8:24838
02-10 16:48:14.263 15518 15581 D IOP_DB_BT: db_query_add_key: key KEY_DIR_ALL, value 1
02-10 16:48:14.263 15518 15581 D IOP_DB_BT: db_query_execute: result 1
02-10 16:48:14.263 15518 15581 W bt_btif : bta_dm_acl_change(), event : 2
02-10 16:48:14.263  3513  3540 V AlarmManager:  remove PendingIntent] PendingIntent{81f207f: PendingIntentRecord{369848 com.android.bluetooth broadcastIntent}}
02-10 16:48:14.273  3513  4771 V AlarmManager:  remove PendingIntent] PendingIntent{261b84c: PendingIntentRecord{369848 com.android.bluetooth broadcastIntent}}
02-10 16:48:14.273  3513  4518 V AlarmManager:  remove PendingIntent] PendingIntent{8ad095: PendingIntentRecord{369848 com.android.bluetooth broadcastIntent}}
02-10 16:48:15.123 15518 15581 W bt_btm  : btm_acl_created :: remote features already known
02-10 16:48:15.123 15518 15581 E bt_btm  : btm_sec_set_peer_sec_caps :: Set BTM_SM4_TRUE!!!
02-10 16:48:15.133 15518 15581 W bt_btm  : btm_acl_created: pend:0
02-10 16:48:15.133 15518 15581 D IOP_DB_BT: db_query_create: id EnforceMasterRole :: key KEY_BDADDR, value 34:8a:7b:75:6b:43
02-10 16:48:15.133 15518 15581 D IOP_DB_BT: db_query_add_key: key KEY_LMP_MFCT, value 15
02-10 16:48:15.133  3513  6656 V AlarmManager:  remove PendingIntent] PendingIntent{ee665aa: PendingIntentRecord{369848 com.android.bluetooth broadcastIntent}}
02-10 16:48:15.133 15518 15581 D IOP_DB_BT: db_query_add_key: key KEY_LMP_VER, value 8:24838
02-10 16:48:15.133 15518 15581 D IOP_DB_BT: db_query_add_key: key KEY_DIR_ALL, value *
02-10 16:48:15.133 15518 15581 D IOP_DB_BT: db_query_execute: result 1
02-10 16:48:15.133 15518 15581 D IOP_DB_BT: db_query: id SkipSdpInfo :: key KEY_BDADDR, value 34:8a:7b:75:6b:43
02-10 16:48:15.133 15518 15581 D IOP_DB_BT: db_query: result 1
02-10 16:48:15.133 15518 15581 W bt_btm  : Duplicate btm_acl_created: RemBdAddr: 348a7b756b43
02-10 16:48:15.133 15518 15581 W bt_btif : bta_dm_acl_change(), event : 0
02-10 16:48:15.133 15518 15581 W bt_btif : bta_dm_acl_change info: 0x10
02-10 16:48:15.133 15518 15581 W bt_btif : bta_dm_acl_change(), event : 2
02-10 16:48:15.133 15518 15537 D bt_btif_dm: remote version info [34:8a:7b:75:6b:43]: 8, f, 6106
02-10 16:48:15.143  3513  3540 V AlarmManager:  remove PendingIntent] PendingIntent{68f459b: PendingIntentRecord{369848 com.android.bluetooth broadcastIntent}}
02-10 16:48:15.163  3513  3863 V AlarmManager:  remove PendingIntent] PendingIntent{3180d38: PendingIntentRecord{369848 com.android.bluetooth broadcastIntent}}
02-10 16:48:15.183 15518 15537 E BluetoothRemoteDevices: aclStateChangeCallback: State:Connected to Device:34:8A:7B:75:6B:XX, linktype is 1
02-10 16:48:15.183  3513  5185 V AlarmManager:  remove PendingIntent] PendingIntent{694e111: PendingIntentRecord{369848 com.android.bluetooth broadcastIntent}}
02-10 16:48:15.193 15518 15537 D BluetoothUtils: getBtEnabledContainers(): btContainers = []
02-10 16:48:15.193  3513  3513 D KnoxKeyguardUpdateMonitor: BroadcastReceiver onReceive
02-10 16:48:15.193  3513  3513 D KnoxKeyguardUpdateMonitor: BroadcastReceiver onReceive action: android.bluetooth.device.action.ACL_CONNECTED
02-10 16:48:15.193  3513  3513 D KnoxKeyguardUpdateMonitor: BroadcastReceiver ACTION_ACL_CONNECTED
02-10 16:48:15.193  3513  3850 V AlarmManager: Expired Alarm result :4
02-10 16:48:15.203 15518 15518 D BleAudioService: onReceive:: INTENT mAobleStateChangeListener got : android.bluetooth.device.action.ACL_CONNECTED
02-10 16:48:15.203 15518 15518 D BleAudioService: ACTION_ACL_CONNECTED
02-10 16:48:15.213 15518 15581 W bt_sdp  : process_service_search_attr_rsp
02-10 16:48:15.213  3513  3594 V BroadcastQueue: [background] Process cur broadcast BroadcastRecord{512a077 u0 android.bluetooth.device.action.ACL_CONNECTED qIdx=4}, state= (APP_RECEIVE) DELIVERED for app ProcessRecord{ecb832e 9645:com.samsung.fresco.logging/5015}
02-10 16:48:15.223  3978  4214 V BluetoothEventManager: onReceive :: android.bluetooth.device.action.NAME_CHANGED
02-10 16:48:15.223 15518 15537 D BluetoothUtils: getBtEnabledContainers(): btContainers = []
02-10 16:48:15.223  3513  4282 V AlarmManager:  remove PendingIntent] PendingIntent{8dcc4e4: PendingIntentRecord{369848 com.android.bluetooth broadcastIntent}}
02-10 16:48:15.233  3513  4107 V AlarmManager:  remove PendingIntent] PendingIntent{6557d4d: PendingIntentRecord{369848 com.android.bluetooth broadcastIntent}}
02-10 16:48:15.243  3513  6656 V AlarmManager:  remove PendingIntent] PendingIntent{5220002: PendingIntentRecord{369848 com.android.bluetooth broadcastIntent}}
02-10 16:48:15.243  3513  4771 V AlarmManager:  remove PendingIntent] PendingIntent{f06cd13: PendingIntentRecord{369848 com.android.bluetooth broadcastIntent}}
02-10 16:48:15.253  3513  3863 V AlarmManager:  remove PendingIntent] PendingIntent{8134b50: PendingIntentRecord{369848 com.android.bluetooth broadcastIntent}}
02-10 16:48:15.263  3513  5186 V AlarmManager:  remove PendingIntent] PendingIntent{109a149: PendingIntentRecord{369848 com.android.bluetooth broadcastIntent}}
02-10 16:48:15.263  3978  4310 D BluetoothTile: handleUpdateState :  supported = true, enabled = true, enabling = false, connected = false, connecting = false, mController.getLastDeviceName() = null
02-10 16:48:15.263  3513  4771 D StatusBarManagerService: setIcon slot=bluetooth index=18 icon=StatusBarIcon(icon=Icon(typ=RESOURCE pkg=com.android.systemui id=0x7f02049a) visible user=0 )
02-10 16:48:15.263  3513  4518 D StatusBarManagerService: setIconVisibility slot=bluetooth visible=true
02-10 16:48:15.273  3513  3540 V BroadcastQueue: [background] Process cur broadcast BroadcastRecord{512a077 u0 android.bluetooth.device.action.ACL_CONNECTED qIdx=4}, state= (APP_RECEIVE) DELIVERED for app ProcessRecord{320e491 7613:com.sec.android.app.shealth:remote/u0a35}
02-10 16:48:15.283 15518 15581 W bt_btif : new conn_srvc id:26, app_id:1
02-10 16:48:15.283 15518 15581 W bt_btif : bta_dm_pm_ssr conn_srvc id:26, app_id:1
02-10 16:48:15.283 15518 15581 W bt_btif : bta_dm_pm_ssr:2, lat:1200
02-10 16:48:15.283 15518 15682 E BluetoothRemoteDevices: setRfcommConnected true
02-10 16:48:15.303 22664 22773 I org.thaliproject.p2p.btconnectorlib.internal.bluetooth.BluetoothClientThread:  createSocketAndConnect: connected
02-10 16:48:15.303 22664 22773 I org.thaliproject.p2p.btconnectorlib.internal.bluetooth.BluetoothConnector: onSocketConnected: [34:8A:7B:75:6B:43 4] (thread ID: 2519)
02-10 16:48:15.303 22664 22773 I org.thaliproject.p2p.btconnectorlib.internal.bluetooth.BluetoothClientThread: Socket connection succeeded (using system decided port), total number of attempts: 1 (thread ID: 2519)
02-10 16:48:15.303 22664 22773 I org.thaliproject.p2p.btconnectorlib.internal.bluetooth.BluetoothClientThread: socketConnectSucceeded true
02-10 16:48:15.303 22664 22773 D BluetoothSocket: getInputStream(): myUserId = 0
02-10 16:48:15.313 22664 22773 D BluetoothSocket: getOutputStream(): myUserId = 0
02-10 16:48:15.313 22664 22773 D org.thaliproject.p2p.btconnectorlib.internal.bluetooth.BluetoothClientThread: Strating handshake
02-10 16:48:15.313 22664 22773 D org.thaliproject.p2p.btconnectorlib.internal.bluetooth.BluetoothClientThread: onBytesWritten: 46 bytes successfully written (thread ID: 2520)
02-10 16:48:15.313 15518 15581 D IOP_DB_BT: db_query: id DisableSniff :: key KEY_BDADDR, value 34:8a:7b:75:6b:43
02-10 16:48:15.313 22664 22773 D org.thaliproject.p2p.btconnectorlib.internal.bluetooth.BluetoothClientThread: onBytesWritten: Peer props = [34:8A:7B:75:6B:43 4]
02-10 16:48:15.313 22664 22773 D org.thaliproject.p2p.btconnectorlib.internal.bluetooth.BluetoothClientThread: Outgoing connection initialized (*handshake* thread ID: 2520)
02-10 16:48:15.313 22664 22773 I org.thaliproject.p2p.btconnectorlib.internal.bluetooth.BluetoothClientThread: Exiting thread (thread ID: 2519)
02-10 16:48:15.313 15518 15581 D IOP_DB_BT: db_query: result 1
02-10 16:48:15.313 15518 15581 D IOP_DB_BT: db_query: id ExtendSniffTime :: key KEY_BDADDR, value 34:8a:7b:75:6b:43
02-10 16:48:15.313 22664 22775 D org.thaliproject.p2p.btconnectorlib.utils.BluetoothSocketIoThread: Entering thread (ID: 2520)
02-10 16:48:15.313 15518 15581 D IOP_DB_BT: db_query: result 1
02-10 16:48:15.323  3513  4107 V BroadcastQueue: [background] Process cur broadcast BroadcastRecord{512a077 u0 android.bluetooth.device.action.ACL_CONNECTED qIdx=4}, state= (APP_RECEIVE) DELIVERED for app ProcessRecord{8359e3a 12895:com.skype.raider/u0a117}
02-10 16:48:15.343  3513  4279 V BroadcastQueue: [background] Process cur broadcast BroadcastRecord{512a077 u0 android.bluetooth.device.action.ACL_CONNECTED qIdx=4}, state= (APP_RECEIVE) DELIVERED for app ProcessRecord{edf8178 6693:com.google.android.gms.persistent/u0a18}
02-10 16:48:15.353 15518 15518 D BtGatt.ScanManager: awakened up at time 623331449
02-10 16:48:15.363 15518 15550 D BtGatt.ScanManager: flushPendingBatchResults - clientIf = 9
02-10 16:48:15.363 15518 15537 D BtGatt.GattService: onBatchScanReports() - clientIf=9, status=0, reportType=2, numRecords=0
02-10 16:48:15.363 15518 15537 D BtGatt.ScanManager: callback done for clientIf - 9 status - 0
02-10 16:48:15.363 22664 22664 D org.thaliproject.p2p.btconnectorlib.internal.bluetooth.le.BleScanner: onBatchScanResults: results count  = 0. Current thread: Thread[main,5,main], id: 1
02-10 16:48:15.363  3513  5185 V AlarmManager:  remove PendingIntent] PendingIntent{e07276f: PendingIntentRecord{81dbe35 com.android.bluetooth broadcastIntent}}
02-10 16:48:15.393 22664 22775 D org.thaliproject.p2p.btconnectorlib.internal.bluetooth.BluetoothClientThread: onBytesRead: Read 46 bytes successfully (thread ID: 2520)
02-10 16:48:15.393 22664 22775 D org.thaliproject.p2p.btconnectorlib.internal.bluetooth.BluetoothClientThread: onBytesWritten: Peer props = [34:8A:7B:75:6B:43 4]
02-10 16:48:15.393 22664 22775 I org.thaliproject.p2p.btconnectorlib.internal.bluetooth.BluetoothClientThread: Handshake succeeded with [34:8A:7B:75:6B:43 4]
02-10 16:48:15.393 22664 22775 I org.thaliproject.p2p.btconnectorlib.internal.bluetooth.BluetoothConnector: onHandshakeSucceeded: [34:8A:7B:75:6B:43 4] (thread ID: 2519)
02-10 16:48:15.393 22664 22775 I org.thaliproject.p2p.btconnectorlib.internal.bluetooth.BluetoothConnector: handleSuccessfulClientThread: [34:8A:7B:75:6B:43 4] (thread ID: 2519)
02-10 16:48:15.393 22664 22775 D org.thaliproject.p2p.btconnectorlib.utils.BluetoothSocketIoThread: Exiting thread (ID: 2520)
02-10 16:48:15.393 22664 22664 D org.thaliproject.p2p.btconnectorlib.internal.bluetooth.BluetoothConnector: handleSuccessfulClientThread run. Current thread: Thread[main,5,main], id: 1
02-10 16:48:15.393 22664 22664 D org.thaliproject.p2p.btconnectorlib.internal.bluetooth.BluetoothConnector: onConnected run. Current thread: Thread[main,5,main], id: 1
02-10 16:48:15.393 22664 22664 I org.thaliproject.p2p.btconnectorlib.ConnectionManager: onConnected: [34:8A:7B:75:6B:43 4]
02-10 16:48:15.393 22664 22664 I org.thaliproject.p2p.btconnectorlib.ConnectionManager: onConnected run: [34:8A:7B:75:6B:43 4]. Current thread: Thread[main,5,main], id: 1
02-10 16:48:15.393 22664 22664 I io.jxcore.node.ConnectionHelper: onConnected: Outgoing connection to peer [34:8A:7B:75:6B:43 4]
02-10 16:48:15.413 22664 22664 D BluetoothSocket: getInputStream(): myUserId = 0
02-10 16:48:15.423 22664 22664 D BluetoothSocket: getOutputStream(): myUserId = 0
02-10 16:48:15.423 22664 22664 I io.jxcore.node.ConnectionHelper: lowerBleDiscoveryPowerAndStartResetTimer: Lowering the power settings
02-10 16:48:15.423 22664 22664 I org.thaliproject.p2p.btconnectorlib.DiscoveryManagerSettings: setAdvertiseScanModeAndTxPowerLevel: Advertise mode: 2 -> 0
02-10 16:48:15.423 22664 22664 I org.thaliproject.p2p.btconnectorlib.DiscoveryManagerSettings: setAdvertiseScanModeAndTxPowerLevel: Advertise TX power level: 3 -> 1
02-10 16:48:15.423 22664 22664 I org.thaliproject.p2p.btconnectorlib.DiscoveryManagerSettings: setAdvertiseScanModeAndTxPowerLevel: Scan mode: 2 -> 0
02-10 16:48:15.433 22664 22664 D org.thaliproject.p2p.btconnectorlib.DiscoveryManager: onAdvertiseScanSettingsChanged: Current thread: Thread[main,5,main], id: 1
02-10 16:48:15.433 22664 22664 I org.thaliproject.p2p.btconnectorlib.internal.bluetooth.le.BlePeerDiscoverer: applySettings:
02-10 16:48:15.433 22664 22664 I org.thaliproject.p2p.btconnectorlib.internal.bluetooth.le.BlePeerDiscoverer:     - Manufacturer ID: 15017
02-10 16:48:15.433 22664 22664 I org.thaliproject.p2p.btconnectorlib.internal.bluetooth.le.BlePeerDiscoverer:     - Beacon ad length and type: 533
02-10 16:48:15.433 22664 22664 I org.thaliproject.p2p.btconnectorlib.internal.bluetooth.le.BlePeerDiscoverer:     - Beacon ad extra information: 4
02-10 16:48:15.433 22664 22664 I org.thaliproject.p2p.btconnectorlib.internal.bluetooth.le.BlePeerDiscoverer:     - Advertisement data type: DO_NOT_CARE
02-10 16:48:15.433 22664 22664 I org.thaliproject.p2p.btconnectorlib.internal.bluetooth.le.BlePeerDiscoverer:     - Advertise mode: 0
02-10 16:48:15.433 22664 22664 I org.thaliproject.p2p.btconnectorlib.internal.bluetooth.le.BlePeerDiscoverer:     - Advertise TX power level: 1
02-10 16:48:15.433 22664 22664 I org.thaliproject.p2p.btconnectorlib.internal.bluetooth.le.BlePeerDiscoverer:     - Scan mode: 0
02-10 16:48:15.433 22664 22664 I org.thaliproject.p2p.btconnectorlib.internal.bluetooth.le.BlePeerDiscoverer:     - Scan report delay in milliseconds: 500
02-10 16:48:15.433 22664 22664 I org.thaliproject.p2p.btconnectorlib.internal.bluetooth.le.BlePeerDiscoverer:     - Current thread: Thread[main,5,main], id: 1
02-10 16:48:15.433 22664 22664 D org.thaliproject.p2p.btconnectorlib.internal.bluetooth.le.BlePeerDiscoverer: Beacon extra: 4
02-10 16:48:15.433 22664 22664 D org.thaliproject.p2p.btconnectorlib.internal.bluetooth.le.BlePeerDiscoverer: applySettings: advertiserWasStarted true Current thread: Thread[main,5,main], id: 1
02-10 16:48:15.433 22664 22664 D org.thaliproject.p2p.btconnectorlib.internal.bluetooth.le.BlePeerDiscoverer: applySettings: stop advertiser Current thread: Thread[main,5,main], id: 1
02-10 16:48:15.433 22664 22664 D org.thaliproject.p2p.btconnectorlib.