Android device log.
  2017-02-10T13:47:24.015Z
  Device info:
  {
    "id": "ad091603590587540b",
    "type": "device",
    "usb": "3-1.1",
    "product": "heroltexx",
    "model": "SM_G930F",
    "device": "herolte"
}
================================================================================

--------- beginning of main
02-10 16:47:21.392 12266 12314 D BtGatt.GattService: [GSIM LOG]: com.test.thalitest@LowLatency, R time : 57 => 65
02-10 16:47:21.392 12266 12314 D BtGatt.GattService: [GSIM LOG]: com.test.thalitest@LowLatency, A time : 57 => 65
02-10 16:47:21.392 12266 12314 D BtGatt.GattService: [GSIM LOG]: remove : com.test.thalitest at  BLE_SCAN_ACTUAL_DB
02-10 16:47:21.392 12266 12314 D BtGatt.GattService: [GSIM LOG]: remove : com.test.thalitest at  BLE_SCAN_REQUESTED_DB
02-10 16:47:21.392 12266 12314 E BtGatt.GattService: [GSIM LOG]: gsimLogHandler: com.android.bluetooth, msg: MESSAGE_STOP_ADV
02-10 16:47:21.392 12266 12314 D BtGatt.GattService: [GSIM LOG]: gsimLogHandler: prevDate: 10, currDate: 10
02-10 16:47:21.392 12266 12314 D BtGatt.GattService: [GSIM LOG]: updateAdvTime
02-10 16:47:21.392  3160 12155 V audio_hw_primary: start_input_stream: set_hw_echoReference_enable(false)
02-10 16:47:21.392  3160 12155 W audio_hw_primary: start_input_stream echoReference effect is not supported.
--------- beginning of system
02-10 16:47:21.392  3537  4017 V BroadcastQueue: [background] Process cur broadcast BroadcastRecord{6083eb5 u0 android.intent.action.PACKAGE_DATA_CLEARED qIdx=4}, state= (APP_RECEIVE) DELIVERED for app ProcessRecord{8796d47 11238:com.android.documentsui/u0a91}
02-10 16:47:21.392  3537  4017 V BroadcastQueue: [background] Process cur broadcast BroadcastRecord{6083eb5 u0 android.intent.action.PACKAGE_DATA_CLEARED qIdx=4}, state= (APP_RECEIVE) DELIVERED for app ProcessRecord{ffc98e0 11251:com.android.calendar/u0a137}
02-10 16:47:21.402 12266 12314 D BtGatt.GattService: [GSIM LOG]: com.test.thalitest@LowLatency, R time : 56 => 64
02-10 16:47:21.402 12266 12314 D BtGatt.GattService: [GSIM LOG]: remove : com.test.thalitest@LowLatency at  BLE_ADV_REQUESTED_DB
02-10 16:47:21.402 11280 11280 D [WeatherApp(1289)]  : {[210EBC5507306FD4A50F1D40A85780C068F240D41FBB267D51FF013BE0DD2039C2D12A1E8BDFBC0AEF71E0B60AC5CC12435907B7E78238E1136FCD517FD635097C9DC70A1D98F05286C56F8D53FCD8141FF5593B28089BD2D4BF66FECBA2141D3719C414CE41C95AFF2B0570ACF7777632ABFC924A19F4A11731CC28CE1B3B4D]}
02-10 16:47:21.402  3537  4017 V BroadcastQueue: [background] Process cur broadcast BroadcastRecord{6083eb5 u0 android.intent.action.PACKAGE_DATA_CLEARED qIdx=4}, state= (APP_RECEIVE) DELIVERED for app ProcessRecord{2618799 11280:com.samsung.android.weather/u0a158}
02-10 16:47:21.412 10915 10915 D [WeatherWidget(1289)]  ClearDataReceiver: {[2B4A2AC40B5A9FD87A06E8EADDAC90141AB26CE73CEA67D26374843B4F15B9D28BF31589F63FEA9C50720EB2CE1D334889B313A7B382F5698E3DB7FD010EC0B059485832F37580CC302A06C57F0DFBFEB5788A2EC9429B5DF02C557933CF56951EEC08BB89E37D39DAF75C555554CF2C]}
02-10 16:47:21.412  3537  4017 V BroadcastQueue: [background] Process cur broadcast BroadcastRecord{6083eb5 u0 android.intent.action.PACKAGE_DATA_CLEARED qIdx=4}, state= (APP_RECEIVE) DELIVERED for app ProcessRecord{b0b61fd 10915:com.sec.android.daemonapp/u0a159}
02-10 16:47:21.412  3537  5019 V BroadcastQueue: [background] Process cur broadcast BroadcastRecord{6083eb5 u0 android.intent.action.PACKAGE_DATA_CLEARED qIdx=4}, state= (APP_RECEIVE) DELIVERED for app ProcessRecord{c87d33b 5251:com.google.android.gms.persistent/u0a18}
02-10 16:47:21.422  5179 12161 I LocationSettingsChecker: Removing dialog suppression flag for package com.test.thalitest
02-10 16:47:21.432  5179 12163 D Wear_Controller: Received broadcast action=android.intent.action.PACKAGE_DATA_CLEARED and uri=com.test.thalitest
02-10 16:47:21.432  3537  5006 V BroadcastQueue: [background] Process cur broadcast BroadcastRecord{6083eb5 u0 android.intent.action.PACKAGE_DATA_CLEARED qIdx=4}, state= (APP_RECEIVE) DELIVERED for app ProcessRecord{7aa8736 11316:com.facebook.katana/u0a99}
02-10 16:47:21.452  3160 12155 D audio_hw_primary: start_input_stream (0xec41ad20) in->config.rate:48000 in->config.format:0
02-10 16:47:21.452  3160 12155 D PreProcess: new SamsungRecord
02-10 16:47:21.452  3160 12155 D PreProcess: new NS
02-10 16:47:21.452  3160 12155 I samsungRecord: [samsungrecord] SamsungRecInit 
02-10 16:47:21.452  3160 12155 I samsungRecord: [samsungrecordMIC]Use HardCoding Values
02-10 16:47:21.452  3160 12155 I samsungRecord: 1
02-10 16:47:21.452  3160 12155 D SamsungRecord_NS: [SamsungRecord_NS] Init SR 16000
02-10 16:47:21.452  3160 12155 D SamsungRecord_NS: [SamsungRecord_NS] getLevel inputsource 6, ret_level 3
02-10 16:47:21.452  3160 12155 I samsungRecord: [samsungrecord] MicCalonoff 1
02-10 16:47:21.452  3160 12155 I audio_hw_primary: is_voice_wakeup : ret =  0  , wakeup_baby_cry_enabled = 0  ,  wakeup_mic_enabled = 0 
02-10 16:47:21.452  3160 12155 I audio_hw_primary: get_input_snd_device_id device:0xc
02-10 16:47:21.452  3160 12155 V audio_hw_primary: select_devices output_scenario:-1 input_scenario:26 out_snd_device 0x0 in_snd_device:0xc
02-10 16:47:21.452  3160 12155 I audio_route: 
02-10 16:47:21.452  3160 12155 I audio_route: > audio_route_reset :
02-10 16:47:21.452  3160 12155 I audio_route: 
02-10 16:47:21.452  3160 12155 I audio_route: > audio_route_apply_path : "recognition-mic"
02-10 16:47:21.452  3160 12155 V audio_hw_primary: select_devices() input_route "recognition-mic" 
02-10 16:47:21.452  3160 12155 I audio_route: 
02-10 16:47:21.452  3160 12155 I audio_route: > audio_route_apply_path : "gain-recognition-mic"
02-10 16:47:21.452  3160 12155 V audio_hw_primary: select_devices() input_gain "gain-recognition-mic" 
02-10 16:47:21.452  3160 12155 I audio_route: 
02-10 16:47:21.452  3160 12155 I audio_route: > audio_route_update_mixer : +
02-10 16:47:21.452  3160 12155 I audio_route: > audio_route_update_mixer : changed(0) -
02-10 16:47:21.452  3160 12155 I audio_hw_primary: select_devices - 
02-10 16:47:21.452  3160 12155 V audio_hw_primary: start_input_stream -
02-10 16:47:21.462  3537  5006 V BroadcastQueue: [background] Process cur broadcast BroadcastRecord{6083eb5 u0 android.intent.action.PACKAGE_DATA_CLEARED qIdx=4}, state= (APP_RECEIVE) DELIVERED for app ProcessRecord{af3e116 6219:com.google.android.apps.photos/u0a129}
02-10 16:47:21.472  5179  5326 I Icing   : doRemovePackageData com.test.thalitest
02-10 16:47:21.512  3537  3915 D MdnieScenarioControlService:  packageName : com.sec.android.app.launcher    className : com.sec.android.app.launcher.activities.LauncherActivity
02-10 16:47:21.512  3537  3915 I MdnieScenarioControlService: mGameModeLauncher : false
02-10 16:47:21.522  4463  4463 I MicroDetectionWorker: onReady
02-10 16:47:21.522  3537  3915 I MdnieScenarioControlService: setUIMode
02-10 16:47:21.682  3537  3614 D CustomFrequencyManagerService: releaseDVFSLockLocked : Getting Lock type frm List : DVFS_MIN_LIMIT  frequency : 1872000  uid : 1000  pid : 3537  tag : ACTIVITY_RESUME_BOOSTER@3
02-10 16:47:21.682  3537  3614 D ActivityManager: mDVFSHelper.release()
02-10 16:47:21.682  3537  3614 D CustomFrequencyManagerService: acquireDVFSLockLocked : type : DVFS_MIN_LIMIT  frequency : 1872000  uid : 1000  pid : 3537  pkgName : ACTIVITY_RESUME_BOOSTER@9
02-10 16:47:21.742  3537  3635 I Timeline: Timeline: Activity_windows_visible id: ActivityRecord{6aa1354 u0 com.sec.android.app.launcher/.activities.LauncherActivity t737} time:520520108
02-10 16:47:21.752  3537  3635 D KnoxTimeoutHandler: notifyActivityDrawn [MsgParam] userId: 0 fullscreen is true showWhenlocked is false
02-10 16:47:21.752  3537  3537 D KnoxTimeoutHandler: activityDrawn [MsgParam] userId: 0 fullscreen is true showWhenlocked is false
02-10 16:47:21.752  3537  3537 I KnoxTimeoutHandler: SD activityfalse
02-10 16:47:21.982  3537  3537 D CustomFrequencyManagerService: releaseDVFSLockLocked : Getting Lock type frm List : DVFS_MIN_LIMIT  frequency : 1872000  uid : 1000  pid : 3537  tag : ACTIVITY_RESUME_BOOSTER@9
02-10 16:47:22.212  3537  6511 D SSRM:u  : SIOP:: AP = 350, PST = 340 (W:10), CP = 296, LCD = 57
02-10 16:47:22.812 12171 12171 I FIPS_bssl: FIPS approved mode (1) | 12171 | app_process
02-10 16:47:22.822 12171 12171 D AndroidRuntime: >>>>>> START com.android.internal.os.RuntimeInit uid 2000 <<<<<<
02-10 16:47:22.822 12171 12171 D AndroidRuntime: CheckJNI is OFF
02-10 16:47:22.822 12171 12171 D AndroidRuntime: readGMSProperty: start
02-10 16:47:22.822 12171 12171 D AndroidRuntime: readGMSProperty: already setted!!
02-10 16:47:22.822 12171 12171 D AndroidRuntime: propertySet: couldn't set property (it is from app)
02-10 16:47:22.822 12171 12171 D AndroidRuntime: readGMSProperty: could not set the property(default)!!
02-10 16:47:22.822 12171 12171 D AndroidRuntime: propertySet: couldn't set property (it is from app)
02-10 16:47:22.822 12171 12171 D AndroidRuntime: readGMSProperty: end
02-10 16:47:22.822 12171 12171 D AndroidRuntime: addProductProperty: start
02-10 16:47:22.842 12171 12171 D ICU     : No timezone override file found: /data/misc/zoneinfo/current/icu/icu_tzdata.dat
02-10 16:47:22.862 12171 12171 I Radio-JNI: register_android_hardware_Radio DONE
02-10 16:47:22.862 12171 12171 E AffinityControl: AffinityControl: registerfunction enter
02-10 16:47:22.872 12171 12171 D AndroidRuntime: Calling main entry com.android.commands.am.Am
02-10 16:47:22.892  3537  4755 D VirtualScreenPolicy: applyVirtualScreenAttrs attrs=VirtualScreenAttrs{mDisplayId=0, mBaseDisplayId=0, mBaseActivity=false}
02-10 16:47:22.892  3537  4755 D GameManagerService: identifyGamePackage. com.test.thalitest
02-10 16:47:22.892  3537  4755 D MultiWindowPolicy: Gamemode - return 0,  when calling  identifyForegroundApp(com.test.thalitest)
02-10 16:47:22.892  3537  4755 D CustomFrequencyManagerService: acquireDVFSLockLocked : type : DVFS_MIN_LIMIT  frequency : 1872000  uid : 1000  pid : 3537  pkgName : ACTIVITY_RESUME_BOOSTER@3
02-10 16:47:22.892  3537  4755 D ActivityManager: mDVFSHelper.acquire()
02-10 16:47:22.892  3537  4755 D FocusedStackFrame: Set to : 0
02-10 16:47:22.892  3537  4755 V WindowManager: addAppToken: AppWindowToken{d0bf39db4 token=Token{46d1a87 ActivityRecord{6c0ac6 u0 com.test.thalitest/.MainActivity t795}}} to stack=2 task=795 at 0
02-10 16:47:22.902  3537  4755 D InputDispatcher: Focused application set to: xxxx
02-10 16:47:22.902  4328  4328 D Launcher: onPause, Launcher: 1732924
02-10 16:47:22.902  4328  4328 D Launcher.HomeView: onPause
02-10 16:47:22.902  4328  4328 D Launcher.Workspace: exitWidgetResizeMode. isClearResizeFrame is false
02-10 16:47:22.902  3537  4755 D InputDispatcher: Focus left window: 4328
02-10 16:47:22.902  3537  3635 D ViewRootImpl: #1 mView = com.android.internal.policy.PhoneWindow$DecorView{e48ef4c V.E...... R.....ID 0,0-0,0}
02-10 16:47:22.902  3537  3635 D ISSUE_DEBUG: InputChannelName : 5d1f4aa Starting com.test.thalitest
02-10 16:47:22.902 12171 12171 D AndroidRuntime: Shutting down VM
02-10 16:47:22.902  3537  3635 D PointerIcon: setMouseIconStyle1 pointerType: 1001 iconType:101 flag:0 pid:3537 uid:1000
02-10 16:47:22.902  3537  3635 D PointerIcon: setMouseCustomIcon IconType is same.101
02-10 16:47:22.902  3537  3635 D SecWifiDisplayUtil: Metadata value : SecSettings2
02-10 16:47:22.912 12180 12180 E Zygote  : v2
02-10 16:47:22.912 12180 12180 W SELinux : Function: selinux_compare_spd_ram, index[1], priority [2], priority version is VE=SEPF_SECMOBILE_6.0.1_0031
02-10 16:47:22.912 12180 12180 E Zygote  : accessInfo : 0
02-10 16:47:22.912 12180 12180 W SELinux : SELinux: seapp_context_lookup: seinfo=default, level=s0:c512,c768, pkgname=com.test.thalitest 
02-10 16:47:22.912  3010  3010 I SurfaceFlinger: id=275 createSurf (1440x2560),1 flag=404, uhalitest
02-10 16:47:22.912 12180 12180 I libpersona: KNOX_SDCARD checking this for 10288
02-10 16:47:22.912 12180 12180 I libpersona: KNOX_SDCARD not a persona
02-10 16:47:22.912  3537  3885 I ActivityManager: Start proc 12180:com.test.thalitest/u0a288 for activity com.test.thalitest/.MainActivity
02-10 16:47:22.912  3537  3890 D NetworkPolicy: isUidForegroundLocked: 10288, mScreenOn: true, uidstate: -1, mProxSensorScreenOff: false
02-10 16:47:22.922  4463  4474 W SearchService: Abort, client detached.
02-10 16:47:22.922  3537  3635 D ViewRootImpl: MSG_RESIZED_REPORT: ci=Rect(0, 96 - 0, 0) vi=Rect(0, 96 - 0, 0) or=1
02-10 16:47:22.922  4463 12151 I PBSessionCacheImpl: Deleted sessionId[19629968220133968] from persistence.
02-10 16:47:22.922  4463  4463 I MicroDetector: Keeping mic open: false
02-10 16:47:22.922  4463 12153 I DeviceStateChecker: DeviceStateChecker cancelled
02-10 16:47:22.922  4463 12156 I AudioController: internalShutdown
02-10 16:47:22.922  4463 12156 I MicrophoneInputStream: mic_close com.google.android.apps.gsa.speech.audio.af@efec27f
02-10 16:47:22.922  4463 12150 E AudioRecord-JNI: Error -4 during AudioRecord native read
02-10 16:47:22.922  4463  1089 I MicroRecognitionRunner: Stopping hotword detection.
02-10 16:47:22.932 12180 12180 D TimaKeyStoreProvider: TimaSignature is unavailable
02-10 16:47:22.932 12180 12180 D ActivityThread: Added TimaKeyStore provider
02-10 16:47:22.932  3537  5019 V WindowOrientationListener: setCurrentAppOrientation :-1
02-10 16:47:22.932  3537  5019 V WindowManager: rotationForOrientationLw(orient=-1, last=0); user=0 USER_ROTATION_LOCKED sensorRotation=-1 mLidState=-1 mDockMode=0 mHdmiPlugged=false mMobileKeyboardEnabled=false displayId=0
02-10 16:47:22.932  3537  5019 D ActivityManager:  Launching com.test.thalitest, updated priority
02-10 16:47:22.942  3160  4191 I APM::AudioPolicyManager: stopInput() input 61
02-10 16:47:22.942  4463 12152 I MicroRecognitionRunner: Detection finished
02-10 16:47:22.942  3160 12155 I audio_hw_primary: do_in_standby : in->standby 0
02-10 16:47:22.942  3537  3635 V WindowStateAnimator: Finishing drawing window Window{5d1f4aa u0 d0 Starting com.test.thalitest}: mDrawState=DRAW_PENDING
02-10 16:47:22.942  3537  3537 D GameManagerService: NotifyRunnable. pkg: com.test.thalitest, type: 4, isMinimized: false, isTunableApp: false
02-10 16:47:22.942 12180 12180 W ResourcesManager: getTopLevelResources: /data/app/com.test.thalitest-1/base.apk / 1.0 running in com.test.thalitest rsrc of package com.test.thalitest
02-10 16:47:22.952 12180 12180 I InjectionManager: Inside getClassLibPath + mLibMap{0=, 1=}
02-10 16:47:22.952  3010  3010 D libEGL  : eglInitialize EGLDisplay = 0x7fdc648fa8
02-10 16:47:22.952  3160 12155 V audio_hw_primary: select_devices output_scenario:-1 input_scenario:-1 out_snd_device 0x0 in_snd_device:0x0
02-10 16:47:22.952  3160 12155 I audio_route: 
02-10 16:47:22.952  3160 12155 I audio_route: > audio_route_reset :
02-10 16:47:22.952  3160 12155 I audio_route: 
02-10 16:47:22.952  3160 12155 I audio_route: > audio_route_update_mixer : +
02-10 16:47:22.952  3010  3010 D libEGL  : eglInitialize EGLDisplay = 0x7fdc648fa8
02-10 16:47:22.952  3537  3560 I InjectionManagerService -AppFeature: getCoreFeaturePkgList :[]
02-10 16:47:22.952  3537  3614 V MARsPolicyManager: updatePackagesScore PackageInfo name -- com.test.thalitest
02-10 16:47:22.962  3010  3020 D libEGL  : eglTerminate EGLDisplay = 0x7f82a7ee78
02-10 16:47:22.962  3010  3020 D libEGL  : eglTerminate EGLDisplay = 0x7f82a7ee78
02-10 16:47:22.962  3010  4367 I SurfaceFlinger: Modify Choreographer's phase offset to 0
02-10 16:47:22.962  3010  3020 I SurfaceFlinger: Modify SurfaceFlinger's phase offset to 0
02-10 16:47:22.962 12180 12180 I InjectionManager: Inside getClassLibPath caller 
02-10 16:47:22.962  3537  6511 D GameManagerService: identifyGamePackage. com.test.thalitest
02-10 16:47:22.962  3537  6511 D GameManagerService: identifyGamePackage. com.test.thalitest
02-10 16:47:22.962  3537  3615 D StatusBarManagerService: manageDisableList userId=0 what=0x0 pkg=Window{5d1f4aa u0 d0 Starting com.test.thalitest}
02-10 16:47:22.962 12180 12180 D ResourcesManager: For user 0 new overlays fetched Null
02-10 16:47:22.962  3537  6511 D GameManagerService: identifyGamePackage. com.test.thalitest
02-10 16:47:22.962  3537  6511 D GameManagerService: identifyGamePackage. com.test.thalitest
02-10 16:47:22.972 12180 12180 D InjectionManager: InjectionManager
02-10 16:47:22.972 12180 12180 D InjectionManager: fillFeatureStoreMap com.test.thalitest
02-10 16:47:22.972 12180 12180 I InjectionManager: Constructor com.test.thalitest, Feature store :{}
02-10 16:47:22.972 12180 12180 I InjectionManager: featureStore :{}
02-10 16:47:22.972 12180 12180 W ResourcesManager: getTopLevelResources: /data/app/com.test.thalitest-1/base.apk / 1.0 running in com.test.thalitest rsrc of package com.test.thalitest
02-10 16:47:22.982 12180 12180 D RelationGraph: garbageCollect()
02-10 16:47:22.982  3160 12155 I audio_route: > audio_route_update_mixer : changed(5) -
02-10 16:47:22.982  3160 12155 I audio_hw_primary: select_devices - 
02-10 16:47:22.982  3160  5134 V audio_hw_primary: stop_voice_note_recording
02-10 16:47:22.982  3160  5134 E audio_hw_primary: adev_close_input_stream, set jack_in to null
02-10 16:47:22.982 12180 12180 I CordovaLog: Changing log level to DEBUG(3)
02-10 16:47:22.982 12180 12180 I CordovaActivity: Apache Cordova native platform version 6.0.0 is starting
02-10 16:47:22.982 12180 12180 D CordovaActivity: CordovaActivity.onCreate()
02-10 16:47:22.982 12180 12180 D ContextRelationManager: ContextRelationManager() : FEATURE_ENABLED=true
02-10 16:47:22.982 12180 12180 W ResourcesManager: getTopLevelResources: /data/app/com.test.thalitest-1/base.apk / 1.0 running in com.test.thalitest rsrc of package com.test.thalitest
02-10 16:47:22.992 12180 12180 I WebViewFactory: Loading com.google.android.webview version 55.0.2883.91 (code 288309150)
02-10 16:47:23.002 12180 12180 I InjectionManager: Inside getClassLibPath caller 
02-10 16:47:23.002 12180 12180 W ResourcesManager: getTopLevelResources: /data/app/com.google.android.webview-2/base.apk / 1.0 running in com.test.thalitest rsrc of package com.google.android.webview
02-10 16:47:23.002 12180 12180 D ResourcesManager: For user 0 new overlays fetched Null
02-10 16:47:23.012 12180 12180 I art     : Rejecting re-init on previously-failed class java.lang.Class<com.android.webview.chromium.TokenBindingManagerAdapter>
02-10 16:47:23.012 12180 12180 I art     : Rejecting re-init on previously-failed class java.lang.Class<com.android.webview.chromium.TokenBindingManagerAdapter>
02-10 16:47:23.012 12180 12180 I art     : Rejecting re-init on previously-failed class java.lang.Class<com.android.webview.chromium.ServiceWorkerControllerAdapter>
02-10 16:47:23.012 12180 12180 I art     : Rejecting re-init on previously-failed class java.lang.Class<com.android.webview.chromium.ServiceWorkerControllerAdapter>
02-10 16:47:23.022 12180 12180 I cr_LibraryLoader: Time to load native libraries: 1 ms (timestamps 1379-1380)
02-10 16:47:23.022 12180 12180 I cr_LibraryLoader: Expected native library version number "55.0.2883.91", actual native library version number "55.0.2883.91"
02-10 16:47:23.022 12180 12180 I cr_LibraryLoader: Expected native library version number "55.0.2883.91", actual native library version number "55.0.2883.91"
02-10 16:47:23.022 12180 12180 I chromium: [INFO:library_loader_hooks.cc(163)] Chromium logging enabled: level = 0, default verbosity = 0
02-10 16:47:23.032 12180 12195 W System.err: remove failed: ENOENT (No such file or directory) : /data/user/0/com.test.thalitest/shared_prefs/WebViewChromiumPrefs.xml.bak
02-10 16:47:23.032 12180 12180 I cr_BrowserStartup: Initializing chromium process, singleProcess=true
02-10 16:47:23.052 12180 12180 D libEGL  : eglInitialize EGLDisplay = 0xffde8e8c
02-10 16:47:23.072  3537  4254 D ActivityManager: The following uid has registered to recieve broadcast for proxy related updates 10288
02-10 16:47:23.072  3537  4254 W ContextImpl: Calling a method in the system process without a qualified user: android.app.ContextImpl.sendBroadcast:845 com.android.server.am.ActivityManagerService.requestKnoxVpnToSendProxyBroadcast:29767 com.android.server.am.ActivityManagerService.registerReceiver:22632 android.app.ActivityManagerNative.onTransact:431 com.android.server.am.ActivityManagerService.onTransact:3991 
02-10 16:47:23.082 12180 12180 D ConnectivityManager: requestNetwork; getAppId(CallingUid) : 10288, CallingPid : 12180
02-10 16:47:23.092  3537  4256 D ConnectivityService: listenForNetwork for Listen from uid/pid:10288/12180 for NetworkRequest [ id=176, legacyType=-1, [ Capabilities: INTERNET&NOT_RESTRICTED&TRUSTED] ]
02-10 16:47:23.092  3537  3901 D ConnectivityService: rematching NetworkAgentInfo [WIFI () - 556]
02-10 16:47:23.092  3537  3901 D ConnectivityService:  network has: NetworkAgentInfo{ ni{[type: WIFI[] - WIFI, state: CONNECTED/CONNECTED, reason: (unspecified), extra: "T", roaming: false, failover: false, isAvailable: true]}  network{556}  lp{{InterfaceName: wlan0 LinkAddresses: [fe80::2e0e:3dff:fe83:aafd/64,192.168.2.6/24,]  Routes: [fe80::/64 -> :: wlan0,192.168.2.0/24 -> 0.0.0.0 wlan0,0.0.0.0/0 -> 192.168.2.1 wlan0,] DnsAddresses: [192.168.2.1,] Domains:  MTU: 0 TcpBufferSizes: 524288,1048576,2097120,524288,1048576,4194240}}  nc{[ Transports: WIFI Capabilities: INTERNET&NOT_RESTRICTED&TRUSTED&NOT_VPN&VALIDATED LinkUpBandwidth>=1048576Kbps LinkDnBandwidth>=1048576Kbps SignalStrength: -52]}  Score{60}  everValidated{true}  lastValidated{true}  created{true} lingering{false} explicitlySelected{false} acceptUnvalidated{false} everCaptivePortalDetected{false} lastCaptivePortalDetected{false} }
02-10 16:47:23.092  3537  3901 D ConnectivityService:   checking if request is: NetworkRequest [ id=176, legacyType=-1, [ Capabilities: INTERNET&NOT_RESTRICTED&TRUSTED] ] satisfies: true nri.isRequest: false
02-10 16:47:23.092  3537  3901 D ConnectivityService:   checking if request is: NetworkRequest [ id=158, legacyType=-1, [ Capabilities: INTERNET&NOT_RESTRICTED&TRUSTED&NOT_VPN] ] satisfies: true nri.isRequest: false
02-10 16:47:23.092 12180 12180 D SecWifiDisplayUtil: Metadata value : SecSettings2
02-10 16:47:23.092  3537  3901 D ConnectivityService: Network NetworkAgentInfo [WIFI () - 556] was already satisfying request 1. No change.
02-10 16:47:23.092  3537  3901 D ConnectivityService:   checking if request is: NetworkRequest [ id=5, legacyType=-1, [] ] satisfies: true nri.isRequest: false
02-10 16:47:23.092  3537  3901 D ConnectivityService:   checking if request is: NetworkRequest [ id=113, legacyType=-1, [ Capabilities: INTERNET&NOT_RESTRICTED&TRUSTED] ] satisfies: true nri.isRequest: false
02-10 16:47:23.102 12180 12180 D SystemWebViewEngine: CordovaWebView is running on device made by: samsung
02-10 16:47:23.102  3537  3901 D ConnectivityService:   checking if request is: NetworkRequest [ id=4, legacyType=-1, [ Transports: WIFI Capabilities: INTERNET&NOT_RESTRICTED&TRUSTED&NOT_VPN] ] satisfies: true nri.isRequest: false
02-10 16:47:23.102  3537  3901 D ConnectivityService:   checking if request is: NetworkRequest [ id=3, legacyType=-1, [ Transports: CELLULAR Capabilities: INTERNET&NOT_RESTRICTED&TRUSTED&NOT_VPN] ] satisfies: false nri.isRequest: false
02-10 16:47:23.102  3537  3901 D ConnectivityService:   checking if request is: NetworkRequest [ id=6, legacyType=-1, [ Capabilities: NOT_RESTRICTED&TRUSTED&NOT_VPN] ] satisfies: true nri.isRequest: false
02-10 16:47:23.102  3537  3901 D ConnectivityService: sending notification AVAILABLE for NetworkRequest [ id=176, legacyType=-1, [ Capabilities: INTERNET&NOT_RESTRICTED&TRUSTED] ]
02-10 16:47:23.112 12180 12180 D PluginManager: init()
02-10 16:47:23.112 12180 12180 D CordovaWebViewImpl: >>> loadUrl(file:///android_asset/www/index.html)
02-10 16:47:23.122 12180 12180 I cr_Ime  : ImeThread is enabled.
02-10 16:47:23.122 12180 12180 D Activity: performCreate Call Injection manager
02-10 16:47:23.132 12180 12180 D CordovaActivity: Started the activity.
02-10 16:47:23.132 12180 12180 I InjectionManager: dispatchOnViewCreated > Target : com.test.thalitest.MainActivity isFragment :false
02-10 16:47:23.132 12180 12180 D CordovaActivity: Resumed the activity.
02-10 16:47:23.132 12180 12180 D ViewRootImpl: #1 mView = com.android.internal.policy.PhoneWindow$DecorView{9a849be I.E...... R.....ID 0,0-0,0}
02-10 16:47:23.132 12180 12233 D OpenGLRenderer: Use EGL_SWAP_BEHAVIOR_PRESERVED: true
02-10 16:47:23.132 12180 12180 D SecWifiDisplayUtil: Metadata value : SecSettings2
02-10 16:47:23.142  3537  4254 D ISSUE_DEBUG: InputChannelName : fd31c44 com.test.thalitest/com.test.thalitest.MainActivity
02-10 16:47:23.142  3537  4017 D ActivityManager: post active user change for 0 fullscreen true isFloatingActivity() false isHomeActivity() false
02-10 16:47:23.142  3537  4017 D KnoxTimeoutHandler: postActiveUserChange [MsgParam] userId: 0 fullscreen is true showWhenlocked is false
02-10 16:47:23.142  3537  3537 D KnoxTimeoutHandler: handleActiveUserChange [MsgParam] userId: 0 fullscreen is true showWhenlocked is false
02-10 16:47:23.142  3537  3537 I KnoxTimeoutHandler: Shared devices show user statefalse
02-10 16:47:23.142 12180 12180 D ConnectivityManager: requestNetwork; getAppId(CallingUid) : 10288, CallingPid : 12180
02-10 16:47:23.152 12180 12234 E libEGL  : validate_display:255 error 3008 (EGL_BAD_DISPLAY)
02-10 16:47:23.152 12180 12234 D libEGL  : eglInitialize EGLDisplay = 0xda77f354
02-10 16:47:23.152 12180 12234 D libEGL  : eglInitialize EGLDisplay = 0xda77f4bc
02-10 16:47:23.152  3537  4885 D ConnectivityService: listenForNetwork for Listen from uid/pid:10288/12180 for NetworkRequest [ id=177, legacyType=-1, [ Capabilities: INTERNET&NOT_RESTRICTED&TRUSTED] ]
02-10 16:47:23.152  3537  3901 D ConnectivityService: rematching NetworkAgentInfo [WIFI () - 556]
02-10 16:47:23.152  3537  3901 D ConnectivityService:  network has: NetworkAgentInfo{ ni{[type: WIFI[] - WIFI, state: CONNECTED/CONNECTED, reason: (unspecified), extra: "T", roaming: false, failover: false, isAvailable: true]}  network{556}  lp{{InterfaceName: wlan0 LinkAddresses: [fe80::2e0e:3dff:fe83:aafd/64,192.168.2.6/24,]  Routes: [fe80::/64 -> :: wlan0,192.168.2.0/24 -> 0.0.0.0 wlan0,0.0.0.0/0 -> 192.168.2.1 wlan0,] DnsAddresses: [192.168.2.1,] Domains:  MTU: 0 TcpBufferSizes: 524288,1048576,2097120,524288,1048576,4194240}}  nc{[ Transports: WIFI Capabilities: INTERNET&NOT_RESTRICTED&TRUSTED&NOT_VPN&VALIDATED LinkUpBandwidth>=1048576Kbps LinkDnBandwidth>=1048576Kbps SignalStrength: -52]}  Score{60}  everValidated{true}  lastValidated{true}  created{true} lingering{false} explicitlySelected{false} acceptUnvalidated{false} everCaptivePortalDetected{false} lastCaptivePortalDetected{false} }
02-10 16:47:23.152  3537  3901 D ConnectivityService:   checking if request is: NetworkRequest [ id=176, legacyType=-1, [ Capabilities: INTERNET&NOT_RESTRICTED&TRUSTED] ] satisfies: true nri.isRequest: false
02-10 16:47:23.152  3537  3901 D ConnectivityService:   checking if request is: NetworkRequest [ id=158, legacyType=-1, [ Capabilities: INTERNET&NOT_RESTRICTED&TRUSTED&NOT_VPN] ] satisfies: true nri.isRequest: false
02-10 16:47:23.162 12180 12234 W AudioCapabilities: Unsupported mime audio/mpeg-L1
02-10 16:47:23.162 12180 12234 W AudioCapabilities: Unsupported mime audio/mpeg-L2
02-10 16:47:23.162 12180 12234 W AudioCapabilities: Unsupported mime audio/x-ms-wma
02-10 16:47:23.162 12180 12234 W AudioCapabilities: Unsupported mime audio/x-ima
02-10 16:47:23.162  3537  3901 D ConnectivityService: Network NetworkAgentInfo [WIFI () - 556] was already satisfying request 1. No change.
02-10 16:47:23.162  3537  3901 D ConnectivityService:   checking if request is: NetworkRequest [ id=177, legacyType=-1, [ Capabilities: INTERNET&NOT_RESTRICTED&TRUSTED] ] satisfies: true nri.isRequest: false
02-10 16:47:23.162  3537  3901 D ConnectivityService:   checking if request is: NetworkRequest [ id=5, legacyType=-1, [] ] satisfies: true nri.isRequest: false
02-10 16:47:23.162  3537  3901 D ConnectivityService:   checking if request is: NetworkRequest [ id=113, legacyType=-1, [ Capabilities: INTERNET&NOT_RESTRICTED&TRUSTED] ] satisfies: true nri.isRequest: false
02-10 16:47:23.172 12180 12234 W VideoCapabilities: Unrecognized profile/level 32768/2 for video/mp4v-es
02-10 16:47:23.172 12180 12234 W VideoCapabilities: Unrecognized profile 2130706433 for video/avc
02-10 16:47:23.172 12180 12234 W VideoCapabilities: Unrecognized profile 2130706433 for video/avc
02-10 16:47:23.172 12180 12234 W VideoCapabilities: Unrecognized profile 2130706433 for video/avc
02-10 16:47:23.172 12180 12234 W VideoCapabilities: Unrecognized profile 2130706433 for video/avc
02-10 16:47:23.172 12180 12234 W VideoCapabilities: Unrecognized profile 2130706433 for video/avc
02-10 16:47:23.172 12180 12234 W VideoCapabilities: Unrecognized profile 2130706433 for video/avc
02-10 16:47:23.172 12180 12234 W VideoCapabilities: Unrecognized profile 2130706433 for video/avc
02-10 16:47:23.172 12180 12234 W VideoCapabilities: Unrecognized profile 2130706433 for video/avc
02-10 16:47:23.172 12180 12234 W VideoCapabilities: Unrecognized profile 2130706433 for video/avc
02-10 16:47:23.172 12180 12234 W VideoCapabilities: Unrecognized profile 2130706433 for video/avc
02-10 16:47:23.172 12180 12234 W VideoCapabilities: Unrecognized profile 2130706433 for video/avc
02-10 16:47:23.172 12180 12234 W VideoCapabilities: Unrecognized profile 2130706433 for video/avc
02-10 16:47:23.172 12180 12234 W VideoCapabilities: Unrecognized profile 2130706433 for video/avc
02-10 16:47:23.172 12180 12234 W VideoCapabilities: Unrecognized profile 2130706433 for video/avc
02-10 16:47:23.172 12180 12234 W VideoCapabilities: Unrecognized profile 2130706433 for video/avc
02-10 16:47:23.172 12180 12234 W VideoCapabilities: Unrecognized profile 2130706433 for video/avc
02-10 16:47:23.172 12180 12234 W VideoCapabilities: Unrecognized profile 2130706433 for video/avc
02-10 16:47:23.172 12180 12234 W VideoCapabilities: Unrecognized profile 2130706434 for video/avc
02-10 16:47:23.172 12180 12234 W VideoCapabilities: Unrecognized profile 2130706434 for video/avc
02-10 16:47:23.172 12180 12234 W VideoCapabilities: Unrecognized profile 2130706434 for video/avc
02-10 16:47:23.172 12180 12234 W VideoCapabilities: Unrecognized profile 2130706434 for video/avc
02-10 16:47:23.172 12180 12234 W VideoCapabilities: Unrecognized profile 2130706434 for video/avc
02-10 16:47:23.172 12180 12234 W VideoCapabilities: Unrecognized profile 2130706434 for video/avc
02-10 16:47:23.172 12180 12234 W VideoCapabilities: Unrecognized profile 2130706434 for video/avc
02-10 16:47:23.172 12180 12234 W VideoCapabilities: Unrecognized profile 2130706434 for video/avc
02-10 16:47:23.172 12180 12234 W VideoCapabilities: Unrecognized profile 2130706434 for video/avc
02-10 16:47:23.172 12180 12234 W VideoCapabilities: Unrecognized profile 2130706434 for video/avc
02-10 16:47:23.172 12180 12234 W VideoCapabilities: Unrecognized profile 2130706434 for video/avc
02-10 16:47:23.172 12180 12234 W VideoCapabilities: Unrecognized profile 2130706434 for video/avc
02-10 16:47:23.172 12180 12234 W VideoCapabilities: Unrecognized profile 2130706434 for video/avc
02-10 16:47:23.172 12180 12234 W VideoCapabilities: Unrecognized profile 2130706434 for video/avc
02-10 16:47:23.172 12180 12234 W VideoCapabilities: Unrecognized profile 2130706434 for video/avc
02-10 16:47:23.172 12180 12234 W VideoCapabilities: Unrecognized profile 2130706434 for video/avc
02-10 16:47:23.172 12180 12234 W VideoCapabilities: Unrecognized profile 2130706434 for video/avc
02-10 16:47:23.172 12180 12234 W VideoCapabilities: Unrecognized profile 2130706433 for video/avc
02-10 16:47:23.172 12180 12234 W VideoCapabilities: Unrecognized profile 2130706433 for video/avc
02-10 16:47:23.172 12180 12234 W VideoCapabilities: Unrecognized profile 2130706433 for video/avc
02-10 16:47:23.172 12180 12234 W VideoCapabilities: Unrecognized profile 2130706433 for video/avc
02-10 16:47:23.172 12180 12234 W VideoCapabilities: Unrecognized profile 2130706433 for video/avc
02-10 16:47:23.172 12180 12234 W VideoCapabilities: Unrecognized profile 2130706433 for video/avc
02-10 16:47:23.172 12180 12234 W VideoCapabilities: Unrecognized profile 2130706433 for video/avc
02-10 16:47:23.172 12180 12234 W VideoCapabilities: Unrecognized profile 2130706433 for video/avc
02-10 16:47:23.172 12180 12234 W VideoCapabilities: Unrecognized profile 2130706433 for video/avc
02-10 16:47:23.172 12180 12234 W VideoCapabilities: Unrecognized profile 2130706433 for video/avc
02-10 16:47:23.172 12180 12234 W VideoCapabilities: Unrecognized profile 2130706433 for video/avc
02-10 16:47:23.172 12180 12234 W VideoCapabilities: Unrecognized profile 2130706433 for video/avc
02-10 16:47:23.172 12180 12234 W VideoCapabilities: Unrecognized profile 2130706433 for video/avc
02-10 16:47:23.172 12180 12234 W VideoCapabilities: Unrecognized profile 2130706433 for video/avc
02-10 16:47:23.172 12180 12234 W VideoCapabilities: Unrecognized profile 2130706433 for video/avc
02-10 16:47:23.172 12180 12234 W VideoCapabilities: Unrecognized profile 2130706433 for video/avc
02-10 16:47:23.172 12180 12234 W VideoCapabilities: Unrecognized profile 2130706433 for video/avc
02-10 16:47:23.172 12180 12234 W VideoCapabilities: Unrecognized profile 2130706434 for video/avc
02-10 16:47:23.172 12180 12234 W VideoCapabilities: Unrecognized profile 2130706434 for video/avc
02-10 16:47:23.172 12180 12234 W VideoCapabilities: Unrecognized profile 2130706434 for video/avc
02-10 16:47:23.172 12180 12234 W VideoCapabilities: Unrecognized profile 2130706434 for video/avc
02-10 16:47:23.172 12180 12234 W VideoCapabilities: Unrecognized profile 2130706434 for video/avc
02-10 16:47:23.172 12180 12234 W VideoCapabilities: Unrecognized profile 2130706434 for video/avc
02-10 16:47:23.172 12180 12234 W VideoCapabilities: Unrecognized profile 2130706434 for video/avc
02-10 16:47:23.172 12180 12234 W VideoCapabilities: Unrecognized profile 2130706434 for video/avc
02-10 16:47:23.172 12180 12234 W VideoCapabilities: Unrecognized profile 2130706434 for video/avc
02-10 16:47:23.172 12180 12234 W VideoCapabilities: Unrecognized profile 2130706434 for video/avc
02-10 16:47:23.172 12180 12234 W VideoCapabilities: Unrecognized profile 2130706434 for video/avc
02-10 16:47:23.172 12180 12234 W VideoCapabilities: Unrecognized profile 2130706434 for video/avc
02-10 16:47:23.172 12180 12234 W VideoCapabilities: Unrecognized profile 2130706434 for video/avc
02-10 16:47:23.172 12180 12234 W VideoCapabilities: Unrecognized profile 2130706434 for video/avc
02-10 16:47:23.172 12180 12234 W VideoCapabilities: Unrecognized profile 2130706434 for video/avc
02-10 16:47:23.172 12180 12234 W VideoCapabilities: Unrecognized profile 2130706434 for video/avc
02-10 16:47:23.172 12180 12234 W VideoCapabilities: Unrecognized profile 2130706434 for video/avc
02-10 16:47:23.172  3010  3010 I SurfaceFlinger: id=276 createSurf (1440x2560),1 flag=404, NainActivit
02-10 16:47:23.172 12180 12234 W VideoCapabilities: Unsupported mime video/wvc1
02-10 16:47:23.172 12180 12234 W VideoCapabilities: Unsupported mime video/x-ms-wmv
02-10 16:47:23.172  3537  3901 D ConnectivityService:   checking if request is: NetworkRequest [ id=4, legacyType=-1, [ Transports: WIFI Capabilities: INTERNET&NOT_RESTRICTED&TRUSTED&NOT_VPN] ] satisfies: true nri.isRequest: false
02-10 16:47:23.172  3537  3901 D ConnectivityService:   checking if request is: NetworkRequest [ id=3, legacyType=-1, [ Transports: CELLULAR Capabilities: INTERNET&NOT_RESTRICTED&TRUSTED&NOT_VPN] ] satisfies: false nri.isRequest: false
02-10 16:47:23.172  3537  3901 D ConnectivityService:   checking if request is: NetworkRequest [ id=6, legacyType=-1, [ Capabilities: NOT_RESTRICTED&TRUSTED&NOT_VPN] ] satisfies: true nri.isRequest: false
02-10 16:47:23.172  3537  3901 D ConnectivityService: sending notification AVAILABLE for NetworkRequest [ id=177, legacyType=-1, [ Capabilities: INTERNET&NOT_RESTRICTED&TRUSTED] ]
02-10 16:47:23.182  3537  4419 D InputDispatcher: Focus entered window: 12180
02-10 16:47:23.182  3537  3635 D PointerIcon: setMouseIconStyle1 pointerType: 1001 iconType:101 flag:0 pid:3537 uid:1000
02-10 16:47:23.182  3537  3635 D PointerIcon: setMouseCustomIcon IconType is same.101
02-10 16:47:23.182 12180 12233 D libEGL  : eglInitialize EGLDisplay = 0xda9037c4
02-10 16:47:23.182 12180 12233 I OpenGLRenderer: Initialized EGL, version 1.4
02-10 16:47:23.182 12180 12234 W VideoCapabilities: Unrecognized profile/level 32768/2 for video/mp4v-es
02-10 16:47:23.182 12180 12234 W VideoCapabilities: Unsupported mime video/wvc1
02-10 16:47:23.182 12180 12234 W VideoCapabilities: Unsupported mime video/x-ms-wmv
02-10 16:47:23.182 12180 12234 W VideoCapabilities: Unsupported mime video/x-ms-wmv7
02-10 16:47:23.182 12180 12233 D mali_winsys: EGLint new_window_surface(egl_winsys_display*, void*, EGLSurface, EGLConfig, egl_winsys_surface**, egl_color_buffer_format*, EGLBoolean) returns 0x3000,  [1440x2560]-format:1
02-10 16:47:23.182 12180 12234 W VideoCapabilities: Unsupported mime video/x-ms-wmv8
02-10 16:47:23.182 12180 12234 W VideoCapabilities: Unsupported mime video/mp43
02-10 16:47:23.182 12180 12234 W VideoCapabilities: Unrecognized profile 2130706433 for video/avc
02-10 16:47:23.182 12180 12234 W VideoCapabilities: Unrecognized profile 2130706433 for video/avc
02-10 16:47:23.182 12180 12234 W VideoCapabilities: Unrecognized profile 2130706433 for video/avc
02-10 16:47:23.182 12180 12234 W VideoCapabilities: Unrecognized profile 2130706433 for video/avc
02-10 16:47:23.182 12180 12234 W VideoCapabilities: Unrecognized profile 2130706433 for video/avc
02-10 16:47:23.182 12180 12234 W VideoCapabilities: Unrecognized profile 2130706433 for video/avc
02-10 16:47:23.182 12180 12234 W VideoCapabilities: Unrecognized profile 2130706433 for video/avc
02-10 16:47:23.182 12180 12234 W VideoCapabilities: Unrecognized profile 2130706433 for video/avc
02-10 16:47:23.182 12180 12234 W VideoCapabilities: Unrecognized profile 2130706433 for video/avc
02-10 16:47:23.182 12180 12234 W VideoCapabilities: Unrecognized profile 2130706433 for video/avc
02-10 16:47:23.182 12180 12234 W VideoCapabilities: Unrecognized profile 2130706433 for video/avc
02-10 16:47:23.182 12180 12234 W VideoCapabilities: Unrecognized profile 2130706433 for video/avc
02-10 16:47:23.182 12180 12234 W VideoCapabilities: Unrecognized profile 2130706433 for video/avc
02-10 16:47:23.182 12180 12234 W VideoCapabilities: Unrecognized profile 2130706433 for video/avc
02-10 16:47:23.182 12180 12234 W VideoCapabilities: Unrecognized profile 2130706433 for video/avc
02-10 16:47:23.182 12180 12234 W VideoCapabilities: Unrecognized profile 2130706433 for video/avc
02-10 16:47:23.182 12180 12234 W VideoCapabilities: Unrecognized profile 2130706433 for video/avc
02-10 16:47:23.182 12180 12234 W VideoCapabilities: Unrecognized profile 2130706434 for video/avc
02-10 16:47:23.182 12180 12234 W VideoCapabilities: Unrecognized profile 2130706434 for video/avc
02-10 16:47:23.182 12180 12234 W VideoCapabilities: Unrecognized profile 2130706434 for video/avc
02-10 16:47:23.182 12180 12234 W VideoCapabilities: Unrecognized profile 2130706434 for video/avc
02-10 16:47:23.182 12180 12234 W VideoCapabilities: Unrecognized profile 2130706434 for video/avc
02-10 16:47:23.182 12180 12234 W VideoCapabilities: Unrecognized profile 2130706434 for video/avc
02-10 16:47:23.182 12180 12234 W VideoCapabilities: Unrecognized profile 2130706434 for video/avc
02-10 16:47:23.182 12180 12234 W VideoCapabilities: Unrecognized profile 2130706434 for video/avc
02-10 16:47:23.182 12180 12234 W VideoCapabilities: Unrecognized profile 2130706434 for video/avc
02-10 16:47:23.182 12180 12234 W VideoCapabilities: Unrecognized profile 2130706434 for video/avc
02-10 16:47:23.182 12180 12234 W VideoCapabilities: Unrecognized profile 2130706434 for video/avc
02-10 16:47:23.182 12180 12234 W VideoCapabilities: Unrecognized profile 2130706434 for video/avc
02-10 16:47:23.182 12180 12234 W VideoCapabilities: Unrecognized profile 2130706434 for video/avc
02-10 16:47:23.182 12180 12234 W VideoCapabilities: Unrecognized profile 2130706434 for video/avc
02-10 16:47:23.182 12180 12234 W VideoCapabilities: Unrecognized profile 2130706434 for video/avc
02-10 16:47:23.182 12180 12234 W VideoCapabilities: Unrecognized profile 2130706434 for video/avc
02-10 16:47:23.182 12180 12234 W VideoCapabilities: Unrecognized profile 2130706434 for video/avc
02-10 16:47:23.182 12180 12234 W VideoCapabilities: Unrecognized profile/level 32768/2 for video/mp4v-es
02-10 16:47:23.192 12180 12180 E chromium: [ERROR:interface_registry.cc(104)] Failed to locate a binder for interface: autofill::mojom::PasswordManagerDriver
02-10 16:47:23.192 12180 12180 W DisplayListCanvas: DisplayListCanvas is started on unbinded RenderNode (without mOwningView)
02-10 16:47:23.202 12180 12234 I VideoCapabilities: Unsupported profile 4 for video/mp4v-es
02-10 16:47:23.212  3010  3010 D libEGL  : eglInitialize EGLDisplay = 0x7fdc648fa8
02-10 16:47:23.212  3537  3885 V WindowStateAnimator: Finishing drawing window Window{fd31c44 u0 d0 com.test.thalitest/com.test.thalitest.MainActivity}: mDrawState=DRAW_PENDING
02-10 16:47:23.212 12180 12180 D ViewRootImpl: MSG_RESIZED_REPORT: ci=Rect(0, 96 - 0, 0) vi=Rect(0, 96 - 0, 0) or=1
02-10 16:47:23.212  3537  4343 D InputMethodManagerService: windowGainedFocus mCurrentFocusedUserId - 0 and mSecureKeypadEnabled-false
02-10 16:47:23.212  3537  3635 D KnoxTimeoutHandler: notifyActivityDrawn [MsgParam] userId: 0 fullscreen is true showWhenlocked is false
02-10 16:47:23.212  3537  3537 D KnoxTimeoutHandler: activityDrawn [MsgParam] userId: 0 fullscreen is true showWhenlocked is false
02-10 16:47:23.212  3537  3635 I ActivityManager: Displayed com.test.thalitest/.MainActivity: +313ms
02-10 16:47:23.212  3537  3635 D ViewRootImpl: #3 mView = null
02-10 16:47:23.212  3537  3537 I KnoxTimeoutHandler: SD activityfalse
02-10 16:47:23.212  3537  3915 D MdnieScenarioControlService:  packageName : com.test.thalitest    className : com.test.thalitest.MainActivity
02-10 16:47:23.222 12180 12234 W VideoCapabilities: Unsupported mime video/sorenson
02-10 16:47:23.222 12180 12180 D CordovaWebViewImpl: onPageDidNavigate(file:///android_asset/www/index.html)
02-10 16:47:23.222  8878  8878 D SamsungIME: IMPL finishInput
02-10 16:47:23.222  8878  8878 D SamsungIME: SwiftKeyWrapper writeDBdataToFileOnFinishInput
02-10 16:47:23.222  8878  8878 D SamsungIME: saveAndClear +
02-10 16:47:23.222  8878  8878 D SamsungIME: saveAndClear -
02-10 16:47:23.232  3537  4885 V WindowStateAnimator: Finishing drawing window Window{fd31c44 u0 d0 com.test.thalitest/com.test.thalitest.MainActivity}: mDrawState=HAS_DRAWN
02-10 16:47:23.232 12180 12180 I Timeline: Timeline: Activity_idle id: android.os.BinderProxy@19f445e time:520521596
02-10 16:47:23.232 12180 12234 D libGLESv2: DTS_GLAPI : DTS is not allowed for Package : com.test.thalitest
02-10 16:47:23.242  3010  3010 D libEGL  : eglInitialize EGLDisplay = 0x7fdc648fa8
02-10 16:47:23.242 12180 12180 W cr_BindingManager: Cannot call determinedVisibility() - never saw a connection for the pid: 12180
02-10 16:47:23.262  3537  3635 I Timeline: Timeline: Activity_windows_visible id: ActivityRecord{6c0ac6 u0 com.test.thalitest/.MainActivity t795} time:520521625
02-10 16:47:23.262  3537  3635 D CustomFrequencyManagerService: releaseDVFSLockLocked : Getting Lock type frm List : DVFS_MIN_LIMIT  frequency : 1872000  uid : 1000  pid : 3537  tag : ACTIVITY_RESUME_BOOSTER@3
02-10 16:47:23.262  3537  3635 D ActivityManager: mDVFSHelper.release()
02-10 16:47:23.272  4328  4328 D Launcher.HomeView: onStop
02-10 16:47:23.272  4328  4328 D capture : ----destroy
02-10 16:47:23.272  3010  3010 D libEGL  : eglInitialize EGLDisplay = 0x7fdc648fa8
02-10 16:47:23.272  4328  4328 V ActivityThread: updateVisibility : ActivityRecord{19ab668 token=android.os.BinderProxy@f2a474b {com.sec.android.app.launcher/com.sec.android.app.launcher.activities.LauncherActivity}} show : false
02-10 16:47:23.282  3537  3635 D KnoxTimeoutHandler: notifyActivityDrawn [MsgParam] userId: 0 fullscreen is true showWhenlocked is false
02-10 16:47:23.282  3537  3537 D KnoxTimeoutHandler: activityDrawn [MsgParam] userId: 0 fullscreen is true showWhenlocked is false
02-10 16:47:23.282  4328  4328 D Launcher: onTrimMemory. Level: 20
02-10 16:47:23.282  3537  3537 I KnoxTimeoutHandler: SD activityfalse
02-10 16:47:23.282  3537  3614 D CustomFrequencyManagerService: acquireDVFSLockLocked : type : DVFS_MIN_LIMIT  frequency : 1872000  uid : 1000  pid : 3537  pkgName : ACTIVITY_RESUME_BOOSTER@9
02-10 16:47:23.282  3537  3890 D NetworkPolicy: isUidForegroundLocked: 10018, mScreenOn: true, uidstate: 6, mProxSensorScreenOff: false
02-10 16:47:23.292 12180 12180 D JsMessageQueue: Set native->JS mode to EvalBridgeMode
02-10 16:47:23.312 12180 12180 D CordovaWebViewImpl: onPageFinished(file:///android_asset/www/index.html)
02-10 16:47:23.312  3537  3915 I MdnieScenarioControlService: mGameModeLauncher : false
02-10 16:47:23.322  3537  3915 I MdnieScenarioControlService: setUIMode
02-10 16:47:23.332  3010  3018 I SurfaceFlinger: id=274 Removed MauncherAct (3/11)
02-10 16:47:23.332  3010  3020 I SurfaceFlinger: id=274 Removed MauncherAct (-2/11)
02-10 16:47:23.342  3010  3010 D libEGL  : eglTerminate EGLDisplay = 0x7fdc6490c8
02-10 16:47:23.362  3537  3561 V AlarmManager:  remove PendingIntent] PendingIntent{a58fba: PendingIntentRecord{6a44d34 com.android.bluetooth broadcastIntent}}
02-10 16:47:23.362  3537  4017 V AlarmManager:  remove PendingIntent] PendingIntent{c250e6b: PendingIntentRecord{6a44d34 com.android.bluetooth broadcastIntent}}
02-10 16:47:23.382 12180 12243 D jxcore_app_log: JniHelper::setJavaVM(0xf4cb4000), pthread_self() = -703334096
02-10 16:47:23.392 12180 12243 V org.thaliproject.p2p.btconnectorlib.ConnectionManagerSettings: load: 
02-10 16:47:23.392 12180 12243 V org.thaliproject.p2p.btconnectorlib.ConnectionManagerSettings:     - Connection timeout in milliseconds: 15000
02-10 16:47:23.392 12180 12243 V org.thaliproject.p2p.btconnectorlib.ConnectionManagerSettings:     - Insecure RFCOMM socket port number: -1
02-10 16:47:23.392 12180 12243 V org.thaliproject.p2p.btconnectorlib.ConnectionManagerSettings:     - Maximum number of connection attempt retries: 0
02-10 16:47:23.392 12180 12243 V org.thaliproject.p2p.btconnectorlib.ConnectionManagerSettings:     - Handshake required: true
02-10 16:47:23.392 12180 12243 V org.thaliproject.p2p.btconnectorlib.ConnectionManagerSettings: addListener: Listener org.thaliproject.p2p.btconnectorlib.ConnectionManager@774337a added. We now have 1 listener(s)
02-10 16:47:23.392 12180 12243 V org.thaliproject.p2p.btconnectorlib.DiscoveryManagerSettings: addListener: Listener org.thaliproject.p2p.btconnectorlib.ConnectionManager@774337a added. We now have 1 listener(s)
02-10 16:47:23.392 12180 12243 V org.thaliproject.p2p.btconnectorlib.DiscoveryManagerSettings: load: 
02-10 16:47:23.392 12180 12243 V org.thaliproject.p2p.btconnectorlib.DiscoveryManagerSettings:     - Automate Bluetooth MAC address resolution: true
02-10 16:47:23.392 12180 12243 V org.thaliproject.p2p.btconnectorlib.DiscoveryManagerSettings:     - Provide Bluetooth MAC address timeout in milliseconds: 40000
02-10 16:47:23.392 12180 12243 V org.thaliproject.p2p.btconnectorlib.DiscoveryManagerSettings:     - Bluetooth MAC address: null
02-10 16:47:23.392 12180 12243 V org.thaliproject.p2p.btconnectorlib.DiscoveryManagerSettings:     - Discovery mode: BLE
02-10 16:47:23.392 12180 12243 V org.thaliproject.p2p.btconnectorlib.DiscoveryManagerSettings:     - Peer expiration time in milliseconds: 60000
02-10 16:47:23.392 12180 12243 V org.thaliproject.p2p.btconnectorlib.DiscoveryManagerSettings:     - Manufacturer ID: 76
02-10 16:47:23.392 12180 12243 V org.thaliproject.p2p.btconnectorlib.DiscoveryManagerSettings:     - Beacon ad length and type: 533
02-10 16:47:23.392 12180 12243 V org.thaliproject.p2p.btconnectorlib.DiscoveryManagerSettings:     - Beacon ad extra information: 256
02-10 16:47:23.392 12180 12243 V org.thaliproject.p2p.btconnectorlib.DiscoveryManagerSettings:     - Advertisement data type: DO_NOT_CARE
02-10 16:47:23.392 12180 12243 V org.thaliproject.p2p.btconnectorlib.DiscoveryManagerSettings:     - Advertise mode: 1
02-10 16:47:23.392 12180 12243 V org.thaliproject.p2p.btconnectorlib.DiscoveryManagerSettings:     - Advertise TX power level: 2
02-10 16:47:23.392 12180 12243 V org.thaliproject.p2p.btconnectorlib.DiscoveryManagerSettings:     - Scan mode: 1
02-10 16:47:23.392 12180 12243 V org.thaliproject.p2p.btconnectorlib.DiscoveryManagerSettings:     - Scan report delay in milliseconds: 500
02-10 16:47:23.392 12180 12243 I org.thaliproject.p2p.btconnectorlib.DiscoveryManagerSettings: setBluetoothMacAddress: 34:8A:7B:75:6B:43
02-10 16:47:23.392 12180 12243 D org.thaliproject.p2p.btconnectorlib.internal.AbstractBluetoothConnectivityAgent: verifyIdentityString: One or more of the following values are invalid: ", Bluetooth MAC address: "34:8A:7B:75:6B:43"Peer extra info: "256
02-10 16:47:23.392 12180 12243 D org.thaliproject.p2p.btconnectorlib.internal.bluetooth.BluetoothConnector: BluetoothConnector: Bluetooth name: Thali_Bluetooth, service record UUID: fa87c0d0-afac-11de-8a39-0800200c9a66
02-10 16:47:23.392 12180 12243 D org.thaliproject.p2p.btconnectorlib.internal.bluetooth.BluetoothConnector: setIdentityString: 
02-10 16:47:23.392 12180 12243 V org.thaliproject.p2p.btconnectorlib.DiscoveryManagerSettings: load: Already loaded
02-10 16:47:23.392 12180 12243 V org.thaliproject.p2p.btconnectorlib.DiscoveryManagerSettings: addListener: Listener org.thaliproject.p2p.btconnectorlib.DiscoveryManager@48c2521 added. We now have 2 listener(s)
