02-10 16:48:06.883 22664 22730 I jxcore-log: # teardown
02-10 16:48:06.883 22664 22730 I jxcore-log: 
02-10 16:48:06.903 22664 22730 D io.jxcore.node.JXcoreExtension: stopListeningForAdvertisements
02-10 16:48:06.903 22664 22730 I io.jxcore.node.ConnectionHelper: stop: Stopping only listening for advertisements
02-10 16:48:06.903 22664 22730 V io.jxcore.node.StartStopOperation: isTargetState: Connectivity: NOT_STARTED, discovery: NOT_STARTED, is discovering: false, is advertising: false - Stop operation: Should affect listening to advertisements only
02-10 16:48:06.903 22664 22730 V io.jxcore.node.StartStopOperationHandler: executeCurrentOperation: The current state already matches the desired outcome of this operation, skipping...
02-10 16:48:06.903 22664 22730 I jxcore-log: ok 87 Should be able to call stopListeningForAdvertisements in teardown
02-10 16:48:06.903 22664 22730 I jxcore-log: 
02-10 16:48:06.903 22664 22730 D io.jxcore.node.JXcoreExtension: stopAdvertisingAndListening
02-10 16:48:06.903 22664 22730 I io.jxcore.node.ConnectionHelper: stop: Stopping all activities and killing connections
02-10 16:48:06.903 22664 22730 V io.jxcore.node.StartStopOperation: isTargetState: Connectivity: NOT_STARTED, discovery: NOT_STARTED, is discovering: false, is advertising: false - Stop operation: Should start/stop everything
02-10 16:48:06.903 22664 22730 V io.jxcore.node.StartStopOperationHandler: executeCurrentOperation: The current state already matches the desired outcome of this operation, skipping...
02-10 16:48:06.903 22664 22730 I jxcore-log: ok 88 Should be able to call stopAdvertisingAndListening in teardown
02-10 16:48:06.903 22664 22730 I jxcore-log: 
02-10 16:48:06.903 22664 22730 I jxcore-log: 2017-02-10 13:48:06 - DEBUG thaliMobileNativeWrapper: 'Method peerAvailabilityChanged registered to native'
02-10 16:48:06.903 22664 22730 I jxcore-log: 
02-10 16:48:06.903 22664 22730 I jxcore-log: 2017-02-10 13:48:06 - DEBUG thaliMobileNativeWrapper: 'Method discoveryAdvertisingStateUpdateNonTCP registered to native'
02-10 16:48:06.903 22664 22730 I jxcore-log: 
02-10 16:48:06.913 22664 22730 I jxcore-log: 2017-02-10 13:48:06 - DEBUG thaliMobileNativeWrapper: 'Method multiConnectResolved registered to native'
02-10 16:48:06.913 22664 22730 I jxcore-log: 
02-10 16:48:06.913 22664 22730 D BluetoothAdapter: STATE_ON
02-10 16:48:06.923 22664 22730 V io.jxcore.node.ConnectivityMonitor: updateConnectivityInfo: FORCED notification:
02-10 16:48:06.923 22664 22730 V io.jxcore.node.ConnectivityMonitor:     - is Wi-Fi Direct supported: true
02-10 16:48:06.923 22664 22730 V io.jxcore.node.ConnectivityMonitor:     - is Bluetooth LE multiple advertisement supported: SUPPORTED
02-10 16:48:06.923 22664 22730 V io.jxcore.node.ConnectivityMonitor:     - is Wi-Fi enabled: true
02-10 16:48:06.923 22664 22730 V io.jxcore.node.ConnectivityMonitor:     - is Bluetooth enabled: true
02-10 16:48:06.923 22664 22730 V io.jxcore.node.ConnectivityMonitor:     - BSSID name: 70:cd:60:ff:5a:07
02-10 16:48:06.923 22664 22730 V io.jxcore.node.ConnectivityMonitor:     - SSID name: "T"
02-10 16:48:06.923 22664 22730 V io.jxcore.node.ConnectivityMonitor:     - is connected/connecting to active network: true
02-10 16:48:06.923 22664 22730 V io.jxcore.node.ConnectivityMonitor:     - active network type is Wi-Fi: true
02-10 16:48:06.923 22664 22730 D BluetoothAdapter: STATE_ON
02-10 16:48:06.933 22664 22730 D io.jxcore.node.JXcoreExtension: notifyNetworkChanged: BLE: ON, Bluetooth: ON, Wi-Fi: ON, cellular: DO_NOT_CARE, BSSID name: 70:cd:60:ff:5a:07, SSID name: "T"
02-10 16:48:06.933 22664 22730 I jxcore-log: 2017-02-10 13:48:06 - DEBUG thaliMobileNativeWrapper: 'Method networkChanged registered to native'
02-10 16:48:06.933 22664 22730 I jxcore-log: 
02-10 16:48:06.933 22664 22730 I jxcore-log: 2017-02-10 13:48:06 - DEBUG thaliMobileNativeWrapper: 'Method multiConnectConnectionFailure registered to native'
02-10 16:48:06.933 22664 22730 I jxcore-log: 
02-10 16:48:06.933 22664 22730 I jxcore-log: 2017-02-10 13:48:06 - DEBUG thaliMobileNativeWrapper: 'Method incomingConnectionToPortNumberFailed registered to native'
02-10 16:48:06.933 22664 22730 I jxcore-log: 
02-10 16:48:06.943 22664 22730 I jxcore-log: # setup
02-10 16:48:06.943 22664 22730 I jxcore-log: 
02-10 16:48:06.943 22664 22730 I jxcore-log: 2017-02-10 13:48:06 - DEBUG thaliMobileNativeWrapper: 'networkChanged: {"bluetoothLowEnergy":"on","bluetooth":"on","wifi":"on","cellular":"doNotCare","bssidName":"70:cd:60:ff:5a:07","ssidName":"T"}'
02-10 16:48:06.943 22664 22730 I jxcore-log: 
02-10 16:48:06.943 22664 22730 I jxcore-log: 2017-02-10 13:48:06 - INFO thaliMobile: 'Filtered out networkChangedNonTCP (was in stopped state).'
02-10 16:48:06.943 22664 22730 I jxcore-log: 
02-10 16:48:07.023 22664 22730 I jxcore-log: # peerAvailabilityChange is called
02-10 16:48:07.023 22664 22730 I jxcore-log: 
02-10 16:48:07.203  3513  6607 D SSRM:u  : SIOP:: AP = 350, PST = 365 (W:6), CP = 303, CUR = -17, LCD = 57
02-10 16:48:07.303 22664 22664 V io.jxcore.node.ConnectionHelper: Notifying discovery manager state change: is discovering: false, is advertising: false
02-10 16:48:07.313 22664 22730 I jxcore-log: 2017-02-10 13:48:07 - DEBUG thaliMobileNativeWrapper: 'discoveryAdvertisingStateUpdateNonTCP: {"discoveryActive":false,"advertisingActive":false}'
02-10 16:48:07.313 22664 22730 I jxcore-log: 
02-10 16:48:07.313 22664 22730 I jxcore-log: 2017-02-10 13:48:07 - INFO thaliMobile: 'Filtered out discoveryAdvertisingStateUpdate (was in stopped state).'
02-10 16:48:07.313 22664 22730 I jxcore-log: 
02-10 16:48:08.143 22664 22730 D io.jxcore.node.JXcoreExtension: startUpdateAdvertisingAndListening
02-10 16:48:08.143 22664 22730 D BluetoothAdapter: STATE_ON
02-10 16:48:08.153 22664 22730 I io.jxcore.node.ConnectionHelper: start: Port number: 4242, start advertisements: true
02-10 16:48:08.153 22664 22730 V io.jxcore.node.ConnectivityMonitor: start: Already started
02-10 16:48:08.153 22664 22730 I io.jxcore.node.StartStopOperationHandler: updateBeaconAdExtraInformation: New value: 3
02-10 16:48:08.153 22664 22730 I org.thaliproject.p2p.btconnectorlib.DiscoveryManagerSettings: setBeaconAdExtraInformation: 2 -> 3
02-10 16:48:08.153 22664 22730 I org.thaliproject.p2p.btconnectorlib.internal.AbstractBluetoothConnectivityAgent: clearIdentityString
02-10 16:48:08.153 22664 22730 I org.thaliproject.p2p.btconnectorlib.internal.AbstractBluetoothConnectivityAgent: verifyIdentityString: Identity string created: {"generation":3,"address":"08:21:EF:82:2A:96"}
02-10 16:48:08.153 22664 22730 D org.thaliproject.p2p.btconnectorlib.internal.bluetooth.BluetoothConnector: setIdentityString: {"generation":3,"address":"08:21:EF:82:2A:96"}
02-10 16:48:08.153 22664 22730 D org.thaliproject.p2p.btconnectorlib.DiscoveryManager: onAdvertiseScanSettingsChanged: Current thread: Thread[Thread-2514,7,main], id: 2514
02-10 16:48:08.153 22664 22730 I org.thaliproject.p2p.btconnectorlib.internal.AbstractBluetoothConnectivityAgent: clearIdentityString
02-10 16:48:08.153 22664 22730 I org.thaliproject.p2p.btconnectorlib.internal.AbstractBluetoothConnectivityAgent: verifyIdentityString: Identity string created: {"generation":3,"address":"08:21:EF:82:2A:96"}
02-10 16:48:08.153 22664 22730 D org.thaliproject.p2p.btconnectorlib.internal.bluetooth.BluetoothConnector: setIdentityString: {"generation":3,"address":"08:21:EF:82:2A:96"}
02-10 16:48:08.153 22664 22730 D org.thaliproject.p2p.btconnectorlib.DiscoveryManager: onAdvertiseScanSettingsChanged: Current thread: Thread[Thread-2514,7,main], id: 2514
02-10 16:48:08.153 22664 22730 I org.thaliproject.p2p.btconnectorlib.internal.AbstractBluetoothConnectivityAgent: clearIdentityString
02-10 16:48:08.163 22664 22730 I org.thaliproject.p2p.btconnectorlib.internal.AbstractBluetoothConnectivityAgent: verifyIdentityString: Identity string created: {"generation":3,"address":"08:21:EF:82:2A:96"}
02-10 16:48:08.163 22664 22730 D org.thaliproject.p2p.btconnectorlib.internal.bluetooth.BluetoothConnector: setIdentityString: {"generation":3,"address":"08:21:EF:82:2A:96"}
02-10 16:48:08.163 22664 22730 D org.thaliproject.p2p.btconnectorlib.DiscoveryManager: onAdvertiseScanSettingsChanged: Current thread: Thread[Thread-2514,7,main], id: 2514
02-10 16:48:08.163 22664 22730 V io.jxcore.node.StartStopOperation: isTargetState: Connectivity: NOT_STARTED, discovery: NOT_STARTED, is discovering: false, is advertising: false - Start operation: Should start/stop everything
02-10 16:48:08.163 22664 22730 V io.jxcore.node.StartStopOperationHandler: executeCurrentOperation: Executing: Start operation: Should start/stop everything
02-10 16:48:08.163 22664 22730 D org.thaliproject.p2p.btconnectorlib.ConnectionManager: startListeningForIncomingConnections
02-10 16:48:08.163 22664 22730 I org.thaliproject.p2p.btconnectorlib.internal.bluetooth.BluetoothManager: bind: Binding a new listener
02-10 16:48:08.163 22664 22730 I org.thaliproject.p2p.btconnectorlib.internal.bluetooth.BluetoothConnector: startListeningForIncomingConnections: Starting...
02-10 16:48:08.163 22664 22730 D org.thaliproject.p2p.btconnectorlib.ConnectionManager: onIsServerStartedChanged: true
02-10 16:48:08.163 22664 22730 D org.thaliproject.p2p.btconnectorlib.ConnectionManager: updateState: mShouldBeStarted :  true, mIsServerStarted:  true
02-10 16:48:08.163 22664 22730 D org.thaliproject.p2p.btconnectorlib.ConnectionManager: setState: NOT_STARTED -> RUNNING
02-10 16:48:08.163 22664 22730 I org.thaliproject.p2p.btconnectorlib.ConnectionManager: startListeningForIncomingConnections: OK
02-10 16:48:08.163 22664 22730 I org.thaliproject.p2p.btconnectorlib.DiscoveryManager: start: Discovery mode: BLE, start discovery: false, start advertiser: true
02-10 16:48:08.163 22664 22664 I io.jxcore.node.ConnectionHelper: onConnectionManagerStateChanged: RUNNING
02-10 16:48:08.163 22664 22730 I org.thaliproject.p2p.btconnectorlib.internal.bluetooth.BluetoothManager: bind: Binding a new listener
02-10 16:48:08.163 22664 22730 I org.thaliproject.p2p.btconnectorlib.internal.wifi.WifiDirectManager: bind: Binding a new listener
02-10 16:48:08.163 22664 22765 D org.thaliproject.p2p.btconnectorlib.internal.bluetooth.BluetoothServerThread: Entering thread
02-10 16:48:08.173 22664 22765 D BluetoothSocket: bindListen(): myUserId = 0
02-10 16:48:08.173 22664 22765 W BluetoothAdapter: getBluetoothService() called with no BluetoothManagerCallback
02-10 16:48:08.173 22664 22730 D org.thaliproject.p2p.btconnectorlib.DiscoveryManager: startBlePeerDiscoverer
02-10 16:48:08.173 22664 22730 V io.jxcore.node.ConnectionHelper: Received a request for permission "android.permission.ACCESS_COARSE_LOCATION", but we are expecting that all the required permissions have already been granted
02-10 16:48:08.173 22664 22730 V org.thaliproject.p2p.btconnectorlib.DiscoveryManager: getBlePeerDiscovererInstanceAndCheckBluetoothMacAddress: Constructing...
02-10 16:48:08.173 22664 22765 I org.thaliproject.p2p.btconnectorlib.internal.bluetooth.BluetoothServerThread: Waiting for incoming connections...
02-10 16:48:08.173 22664 22730 D BluetoothAdapter: STATE_ON
02-10 16:48:08.183 22664 22730 D BluetoothAdapter: STATE_ON
02-10 16:48:08.183 22664 22730 D BluetoothAdapter: STATE_ON
02-10 16:48:08.183 22664 22730 D org.thaliproject.p2p.btconnectorlib.internal.bluetooth.le.BleAdvertiser: setAdvertiseSettings, Current thread: Thread[Thread-2514,7,main], id: 2514
02-10 16:48:08.183 22664 22730 I org.thaliproject.p2p.btconnectorlib.internal.bluetooth.le.BleAdvertiser: setAdvertiseSettings: Mode: 2, Tx power level: 3, timeout: 0, is connectable: false
02-10 16:48:08.183 22664 22730 D BluetoothAdapter: STATE_ON
02-10 16:48:08.183 22664 22730 D BluetoothAdapter: STATE_ON
02-10 16:48:08.183 22664 22730 D org.thaliproject.p2p.btconnectorlib.internal.bluetooth.le.BleScanner: applyAdditionalMarshmallowSettings
02-10 16:48:08.183 22664 22730 I org.thaliproject.p2p.btconnectorlib.internal.bluetooth.le.BleScanner: setScanSettings: Mode: 2, report delay in milliseconds: 500, scan result type: 0
02-10 16:48:08.183 22664 22730 D org.thaliproject.p2p.btconnectorlib.internal.bluetooth.le.BlePeerDiscoverer: Beacon extra: 3
02-10 16:48:08.193 22664 22730 D BluetoothAdapter: STATE_ON
02-10 16:48:08.193 22664 22730 D org.thaliproject.p2p.btconnectorlib.internal.bluetooth.le.BlePeerDiscoverer: startAdvertiser: Current thread: Thread[Thread-2514,7,main], id: 2514
02-10 16:48:08.193 22664 22730 D org.thaliproject.p2p.btconnectorlib.internal.bluetooth.le.BlePeerDiscoverer: stopPeerAddressHelperAdvertiser Current thread: Thread[Thread-2514,7,main], id: 2514
02-10 16:48:08.193 22664 22730 I org.thaliproject.p2p.btconnectorlib.internal.bluetooth.le.BlePeerDiscoverer: startAdvertiser: Starting...
02-10 16:48:08.193 22664 22730 D org.thaliproject.p2p.btconnectorlib.internal.bluetooth.le.BlePeerDiscoverer: createAdvertiseData: createAdvertiseDataToServiceData 
02-10 16:48:08.193 22664 22730 I org.thaliproject.p2p.btconnectorlib.internal.bluetooth.le.PeerAdvertisementFactory: createAdvertiseDataToServiceData: Service UUID: "f7fcb9ad-df91-44df-bf14-f1f488d36e09", Bluetooth MAC address: "08:21:EF:82:2A:96"
02-10 16:48:08.193 22664 22730 V org.thaliproject.p2p.btconnectorlib.internal.bluetooth.le.PeerAdvertisementFactory: createAdvertiseDataToServiceData: Service data (length is 7 bytes): 03 08 21 EF 82 2A 96
02-10 16:48:08.193 22664 22730 V org.thaliproject.p2p.btconnectorlib.internal.bluetooth.le.PeerAdvertisementFactory: createAdvertiseDataToServiceData: Created: AdvertiseData [mServiceUuids=[f7fcb9ad-df91-44df-bf14-f1f488d36e09], mManufacturerSpecificData={}, mServiceData={f7fcb9ad-df91-44df-bf14-f1f488d36e09=[3, 8, 33, -17, -126, 42, -106]}, mIncludeTxPowerLevel=false, mIncludeDeviceName=false]
02-10 16:48:08.193 22664 22730 I org.thaliproject.p2p.btconnectorlib.internal.bluetooth.le.BlePeerDiscoverer: createAdvertiseData: created AdvertiseData [mServiceUuids=[f7fcb9ad-df91-44df-bf14-f1f488d36e09], mManufacturerSpecificData={}, mServiceData={f7fcb9ad-df91-44df-bf14-f1f488d36e09=[3, 8, 33, -17, -126, 42, -106]}, mIncludeTxPowerLevel=false, mIncludeDeviceName=false]
02-10 16:48:08.193 22664 22730 D org.thaliproject.p2p.btconnectorlib.internal.bluetooth.le.BleAdvertiser: setAdvertiseData: Current thread: Thread[Thread-2514,7,main], id: 2514
02-10 16:48:08.193 22664 22730 D org.thaliproject.p2p.btconnectorlib.internal.bluetooth.le.BleAdvertiser: setAdvertiseData: AdvertiseData [mServiceUuids=[f7fcb9ad-df91-44df-bf14-f1f488d36e09], mManufacturerSpecificData={}, mServiceData={f7fcb9ad-df91-44df-bf14-f1f488d36e09=[3, 8, 33, -17, -126, 42, -106]}, mIncludeTxPowerLevel=false, mIncludeDeviceName=false]. Current thread: Thread[Thread-2514,7,main], id: 2514
02-10 16:48:08.193 22664 22730 D org.thaliproject.p2p.btconnectorlib.internal.bluetooth.le.BleAdvertiser: setAdvertiseData: was started = false
02-10 16:48:08.193 22664 22730 D org.thaliproject.p2p.btconnectorlib.internal.bluetooth.le.BleAdvertiser: setAdvertiseData: advertiseData = AdvertiseData [mServiceUuids=[f7fcb9ad-df91-44df-bf14-f1f488d36e09], mManufacturerSpecificData={}, mServiceData={f7fcb9ad-df91-44df-bf14-f1f488d36e09=[3, 8, 33, -17, -126, 42, -106]}, mIncludeTxPowerLevel=false, mIncludeDeviceName=false]
02-10 16:48:08.193 22664 22730 D org.thaliproject.p2p.btconnectorlib.internal.bluetooth.le.BleAdvertiser: setAdvertiseData finished: Current thread: Thread[Thread-2514,7,main], id: 2514
02-10 16:48:08.193 22664 22730 D org.thaliproject.p2p.btconnectorlib.internal.bluetooth.le.BleAdvertiser: start:  state = NOT_STARTEDCurrent thread: Thread[Thread-2514,7,main], id: 2514
02-10 16:48:08.193 22664 22730 I org.thaliproject.p2p.btconnectorlib.internal.bluetooth.le.BleAdvertiser: start: Starting... advertisement data = AdvertiseData [mServiceUuids=[f7fcb9ad-df91-44df-bf14-f1f488d36e09], mManufacturerSpecificData={}, mServiceData={f7fcb9ad-df91-44df-bf14-f1f488d36e09=[3, 8, 33, -17, -126, 42, -106]}, mIncludeTxPowerLevel=false, mIncludeDeviceName=false], Current thread: Thread[Thread-2514,7,main], id: 2514
02-10 16:48:08.193 22664 22730 D BluetoothAdapter: STATE_ON
02-10 16:48:08.193 22664 22730 D BluetoothAdapter: STATE_ON
02-10 16:48:08.193 22664 22730 D BluetoothLeAdvertiser: start advertising
02-10 16:48:08.203 22664 22730 D BluetoothAdapter: STATE_ON
02-10 16:48:08.203 15518 15682 D BtGatt.GattService: registerClient() - UUID=56a0f7e5-8d87-4123-ab0e-52597700be0d
02-10 16:48:08.243 15518 15537 D BtGatt.GattService: onClientRegistered() - UUID=56a0f7e5-8d87-4123-ab0e-52597700be0d, clientIf=8
02-10 16:48:08.243 22664 22674 D BluetoothLeAdvertiser: onClientRegistered() - status=0 clientIf=8
02-10 16:48:08.253 15518 15530 D BtGatt.GattService: [GSIM LOG]: startMultiAdvertising: 2
02-10 16:48:08.253 15518 15530 D BtGatt.GattService: [GSIM LOG]: getCallingProcessName: com.test.thalitest
02-10 16:48:08.253 15518 15530 D BtGatt.GattService: [GSIM LOG]: getCallingProcessName: com.test.thalitest
02-10 16:48:08.253 15518 15559 E BtGatt.GattService: [GSIM LOG]: gsimLogHandler: com.test.thalitest, msg: MESSAGE_START_ADV
02-10 16:48:08.253 15518 15559 D BtGatt.GattService: [GSIM LOG]: gsimLogHandler: prevDate: 10, currDate: 10
02-10 16:48:08.253 15518 15545 D BtGatt.AdvertiseManager: message : 0
02-10 16:48:08.263 15518 15545 D BtGatt.AdvertiseManager: number of adv instance running = 0
02-10 16:48:08.263 15518 15545 D BtGatt.AdvertiseManager: size of list is =0
02-10 16:48:08.263 15518 15545 D BtGatt.AdvertiseManager: starting advertising
02-10 16:48:08.263 15518 15545 D BtGatt.AdvertiseManager: isStandardAdv = false
02-10 16:48:08.263 15518 15559 D BtGatt.GattService: [GSIM LOG]: increaseAdvCount : com.test.thalitest : 852
02-10 16:48:08.263 15518 15559 D BtGatt.GattService: [GSIM LOG]: setAdvTime : com.test.thalitest@LowLatency : 24778908
02-10 16:48:08.263 15518 15559 D BtGatt.GattService: [GSIM LOG]: setAdvType : com.test.thalitest@LowLatency : 2
02-10 16:48:08.263 15518 15559 D BtGatt.GattService: [GSIM LOG]: updateAdvTime
02-10 16:48:08.263 15518 15559 D BtGatt.GattService: [GSIM LOG]: com.test.thalitest@LowLatency, R time : 74 => 74
02-10 16:48:08.273  3513  4284 V AlarmManager:  remove PendingIntent] PendingIntent{30bc0a0: PendingIntentRecord{369848 com.android.bluetooth broadcastIntent}}
02-10 16:48:08.283 15518 15537 D BtGatt.GattService: onAdvertiseInstanceEnabled() - clientIf=8, status=0
02-10 16:48:08.283  3513  3542 V AlarmManager:  remove PendingIntent] PendingIntent{c71f459: PendingIntentRecord{369848 com.android.bluetooth broadcastIntent}}
02-10 16:48:08.283 15518 15545 D BtGatt.AdvertiseManager: starting multi advertising
02-10 16:48:08.283 15518 15537 D BtGatt.GattService: onAdvertiseDataSet() - clientIf=8, status=0
02-10 16:48:08.283 15518 15545 D BtGatt.AdvertiseManager: logClientsSet() - status: 0
02-10 16:48:08.283 15518 15545 D BtGatt.AdvertiseManager: clientIf: 8, Mode: 2, TxPowerLevel: 3, isConnectable: false, Timeout: 0
02-10 16:48:08.283 15518 15545 D BtGatt.AdvertiseManager: postCallback clientIf = 8 status = 0
02-10 16:48:08.283 15518 15545 D BtGatt.GattService: onMultipleAdvertiseCallback() clientIf=8, status=0, isStart=true
02-10 16:48:08.283 22664 22675 D BluetoothLeAdvertiser: onMultiAdvertiseCallback status = 0 isStart = true
02-10 16:48:08.293 22664 22730 I org.thaliproject.p2p.btconnectorlib.internal.bluetooth.le.BleAdvertiser: start: Started advertisment Current thread: Thread[Thread-2514,7,main], id: 2514
02-10 16:48:08.293 22664 22730 D org.thaliproject.p2p.btconnectorlib.internal.bluetooth.le.BleAdvertiser: setState: current  = NOT_STARTED, new = STARTINGCurrent thread: Thread[Thread-2514,7,main], id: 2514
02-10 16:48:08.293 22664 22730 D org.thaliproject.p2p.btconnectorlib.internal.bluetooth.le.BleAdvertiser: setState: State changed from NOT_STARTED to STARTING
02-10 16:48:08.293 22664 22730 D org.thaliproject.p2p.btconnectorlib.internal.bluetooth.le.BleAdvertiser: setState: onIsAdvertiserStartedChanged default (no call to listener). Current thread: Thread[Thread-2514,7,main], id: 2514
02-10 16:48:08.293 22664 22730 D org.thaliproject.p2p.btconnectorlib.internal.bluetooth.le.BleAdvertiser: setState: finished Current thread: Thread[Thread-2514,7,main], id: 2514
02-10 16:48:08.293 22664 22730 I org.thaliproject.p2p.btconnectorlib.internal.bluetooth.le.BleAdvertiser: start: return, state = STARTINGCurrent thread: Thread[Thread-2514,7,main], id: 2514
02-10 16:48:08.293 22664 22730 D org.thaliproject.p2p.btconnectorlib.internal.bluetooth.le.BleAdvertiser: start returned: Current thread: Thread[Thread-2514,7,main], id: 2514
02-10 16:48:08.293 22664 22730 D org.thaliproject.p2p.btconnectorlib.internal.bluetooth.le.BlePeerDiscoverer: startAdvertiser started = true Current thread: Thread[Thread-2514,7,main], id: 2514
02-10 16:48:08.293  3513  4771 V AlarmManager:  remove PendingIntent] PendingIntent{ace581e: PendingIntentRecord{369848 com.android.bluetooth broadcastIntent}}
02-10 16:48:08.293 22664 22730 D org.thaliproject.p2p.btconnectorlib.DiscoveryManager: startBlePeerDiscoverer: OK
02-10 16:48:08.293 22664 22730 I org.thaliproject.p2p.btconnectorlib.DiscoveryManager: start: OK
02-10 16:48:08.293 22664 22730 D org.thaliproject.p2p.btconnectorlib.DiscoveryManager: updateState: Current thread: Thread[Thread-2514,7,main], id: 2514
02-10 16:48:08.293 22664 22730 E org.thaliproject.p2p.btconnectorlib.DiscoveryManager: seems that updateState call different BlePeerDiscoverer
02-10 16:48:08.293 22664 22730 D org.thaliproject.p2p.btconnectorlib.DiscoveryManager: updateStateInternal Current thread: Thread[Thread-2514,7,main], id: 2514
02-10 16:48:08.293 22664 22730 D org.thaliproject.p2p.btconnectorlib.DiscoveryManager: updateStateInternal finished Current thread: Thread[Thread-2514,7,main], id: 2514
02-10 16:48:08.293 22664 22730 D org.thaliproject.p2p.btconnectorlib.DiscoveryManager: updateState finished Current thread: Thread[Thread-2514,7,main], id: 2514
02-10 16:48:08.293 22664 22730 I io.jxcore.node.ConnectionHelper: start: OK
02-10 16:48:08.293 22664 22664 V io.jxcore.node.StartStopOperation: isTargetState: Connectivity: RUNNING, discovery: NOT_STARTED, is discovering: false, is advertising: false - Start operation: Should start/stop everything
02-10 16:48:08.303 22664 22664 D org.thaliproject.p2p.btconnectorlib.internal.bluetooth.le.BleAdvertiser: onStartSuccess : Current thread: Thread[main,5,main], id: 1
02-10 16:48:08.303 22664 22664 D org.thaliproject.p2p.btconnectorlib.internal.bluetooth.le.BleAdvertiser: setState: current  = STARTING, new = RUNNINGCurrent thread: Thread[main,5,main], id: 1
02-10 16:48:08.303 22664 22664 D org.thaliproject.p2p.btconnectorlib.internal.bluetooth.le.BleAdvertiser: setState: State changed from STARTING to RUNNING
02-10 16:48:08.303 22664 22664 D org.thaliproject.p2p.btconnectorlib.internal.bluetooth.le.BleAdvertiser: notifyAdvertiserStateChanged: started =  true. Current thread: Thread[main,5,main], id: 1
02-10 16:48:08.303 22664 22664 D org.thaliproject.p2p.btconnectorlib.internal.bluetooth.le.BleAdvertiser: setState: finished Current thread: Thread[main,5,main], id: 1
02-10 16:48:08.303 22664 22664 I org.thaliproject.p2p.btconnectorlib.internal.bluetooth.le.BlePeerDiscoverer: onIsAdvertiserStartedChanged: trueCurrent thread: Thread[main,5,main], id: 1
02-10 16:48:08.303 22664 22664 D org.thaliproject.p2p.btconnectorlib.internal.bluetooth.le.BlePeerDiscoverer: updateState : Current thread: Thread[main,5,main], id: 1
02-10 16:48:08.303 22664 22664 D org.thaliproject.p2p.btconnectorlib.internal.bluetooth.le.BlePeerDiscoverer: updateState: deducedStateSet: [ADVERTISING]
02-10 16:48:08.303 22664 22664 D org.thaliproject.p2p.btconnectorlib.internal.bluetooth.le.BlePeerDiscoverer: updateState: stateSet: [NOT_STARTED]
02-10 16:48:08.303 22664 22664 D org.thaliproject.p2p.btconnectorlib.internal.bluetooth.le.BlePeerDiscoverer: Current thread: Thread[main,5,main], id: 1
02-10 16:48:08.303 22664 22664 D org.thaliproject.p2p.btconnectorlib.internal.bluetooth.le.BlePeerDiscoverer: updateState: State changed from [NOT_STARTED] to [ADVERTISING]Current thread: Thread[main,5,main], id: 1
02-10 16:48:08.303  3513  4025 V AlarmManager:  remove PendingIntent] PendingIntent{de8d8ff: PendingIntentRecord{369848 com.android.bluetooth broadcastIntent}}
02-10 16:48:08.303 22664 22664 D org.thaliproject.p2p.btconnectorlib.internal.bluetooth.le.BlePeerDiscoverer: update state finished. Current thread: Thread[main,5,main], id: 1
02-10 16:48:08.303 22664 22664 I org.thaliproject.p2p.btconnectorlib.DiscoveryManager: onBlePeerDiscovererStateChanged: [NOT_STARTED] -> [ADVERTISING] Current thread: Thread[main,5,main], id: 1
02-10 16:48:08.303 22664 22664 D org.thaliproject.p2p.btconnectorlib.DiscoveryManager: updateState: Current thread: Thread[main,5,main], id: 1
02-10 16:48:08.303 22664 22664 D org.thaliproject.p2p.btconnectorlib.DiscoveryManager: updateStateInternal Current thread: Thread[main,5,main], id: 1
02-10 16:48:08.303 22664 22664 D org.thaliproject.p2p.btconnectorlib.DiscoveryManager: updateState: State: RUNNING_BLE, is discovering: false, is advertising: true
02-10 16:48:08.303 22664 22664 D org.thaliproject.p2p.btconnectorlib.DiscoveryManager: updateStateInternal finished Current thread: Thread[main,5,main], id: 1
02-10 16:48:08.303 22664 22664 D org.thaliproject.p2p.btconnectorlib.DiscoveryManager: updateState finished Current thread: Thread[main,5,main], id: 1
02-10 16:48:08.313  3513  3542 V AlarmManager:  remove PendingIntent] PendingIntent{27c46cc: PendingIntentRecord{369848 com.android.bluetooth broadcastIntent}}
02-10 16:48:08.313 22664 22664 I io.jxcore.node.ConnectionHelper: onDiscoveryManagerStateChanged: State: RUNNING_BLE, is discovering: false, is advertising: true
02-10 16:48:08.313  3513  5186 V AlarmManager:  remove PendingIntent] PendingIntent{a447d15: PendingIntentRecord{369848 com.android.bluetooth broadcastIntent}}
02-10 16:48:08.323  3513  4107 V AlarmManager:  remove PendingIntent] PendingIntent{83d82a: PendingIntentRecord{369848 com.android.bluetooth broadcastIntent}}
02-10 16:48:08.323  3513  4204 V AlarmManager:  remove PendingIntent] PendingIntent{e7c061b: PendingIntentRecord{369848 com.android.bluetooth broadcastIntent}}
02-10 16:48:08.813 22664 22664 V io.jxcore.node.ConnectionHelper: Notifying discovery manager state change: is discovering: false, is advertising: true
02-10 16:48:08.813 22664 22664 V io.jxcore.node.StartStopOperation: isTargetState: Connectivity: RUNNING, discovery: RUNNING_BLE, is discovering: false, is advertising: true - Start operation: Should start/stop everything
02-10 16:48:08.813 22664 22664 D io.jxcore.node.StartStopOperationHandler: processCurrentOperationStatus: Operation successfully executed
02-10 16:48:08.813 22664 22730 I jxcore-log: ok 89 Can call startUpdateAdvertisingAndListeningwithout error
02-10 16:48:08.813 22664 22730 I jxcore-log: 
02-10 16:48:08.813 22664 22730 D io.jxcore.node.JXcoreExtension: startListeningForAdvertisements
02-10 16:48:08.823 22664 22730 D BluetoothAdapter: STATE_ON
02-10 16:48:08.833 22664 22730 I io.jxcore.node.ConnectionHelper: start: Port number: 4242, start advertisements: false
02-10 16:48:08.833 22664 22730 V io.jxcore.node.ConnectivityMonitor: start: Already started
02-10 16:48:08.833 22664 22730 V io.jxcore.node.StartStopOperation: isTargetState: Connectivity: RUNNING, discovery: RUNNING_BLE, is discovering: false, is advertising: true - Start operation: Should affect listening to advertisements only
02-10 16:48:08.833 22664 22730 V io.jxcore.node.StartStopOperationHandler: executeCurrentOperation: Executing: Start operation: Should affect listening to advertisements only
02-10 16:48:08.833 22664 22730 I org.thaliproject.p2p.btconnectorlib.DiscoveryManager: start: Discovery mode: BLE, start discovery: true, start advertiser: true
02-10 16:48:08.833 22664 22730 D org.thaliproject.p2p.btconnectorlib.DiscoveryManager: startBlePeerDiscoverer
02-10 16:48:08.833 22664 22730 V io.jxcore.node.ConnectionHelper: Received a request for permission "android.permission.ACCESS_COARSE_LOCATION", but we are expecting that all the required permissions have already been granted
02-10 16:48:08.843 22664 22730 D BluetoothAdapter: STATE_ON
02-10 16:48:08.843 22664 22730 D BluetoothAdapter: STATE_ON
02-10 16:48:08.853 22664 22730 D BluetoothAdapter: STATE_ON
02-10 16:48:08.853 22664 22730 D BluetoothAdapter: STATE_ON
02-10 16:48:08.863 22664 22730 D BluetoothAdapter: STATE_ON
02-10 16:48:08.873 22664 22730 D org.thaliproject.p2p.btconnectorlib.internal.bluetooth.le.BlePeerDiscoverer: startScannerAndAdvertiser : Current thread: Thread[Thread-2514,7,main], id: 2514
02-10 16:48:08.873 22664 22730 D org.thaliproject.p2p.btconnectorlib.internal.bluetooth.le.BlePeerDiscoverer: startAdvertiser: Current thread: Thread[Thread-2514,7,main], id: 2514
02-10 16:48:08.873 22664 22730 D org.thaliproject.p2p.btconnectorlib.internal.bluetooth.le.BlePeerDiscoverer: stopPeerAddressHelperAdvertiser Current thread: Thread[Thread-2514,7,main], id: 2514
02-10 16:48:08.873 22664 22730 D org.thaliproject.p2p.btconnectorlib.internal.bluetooth.le.BlePeerDiscoverer: createAdvertiseData: createAdvertiseDataToServiceData 
02-10 16:48:08.873 22664 22730 I org.thaliproject.p2p.btconnectorlib.internal.bluetooth.le.PeerAdvertisementFactory: createAdvertiseDataToServiceData: Service UUID: "f7fcb9ad-df91-44df-bf14-f1f488d36e09", Bluetooth MAC address: "08:21:EF:82:2A:96"
02-10 16:48:08.873 22664 22730 V org.thaliproject.p2p.btconnectorlib.internal.bluetooth.le.PeerAdvertisementFactory: createAdvertiseDataToServiceData: Service data (length is 7 bytes): 03 08 21 EF 82 2A 96
02-10 16:48:08.873 22664 22730 V org.thaliproject.p2p.btconnectorlib.internal.bluetooth.le.PeerAdvertisementFactory: createAdvertiseDataToServiceData: Created: AdvertiseData [mServiceUuids=[f7fcb9ad-df91-44df-bf14-f1f488d36e09], mManufacturerSpecificData={}, mServiceData={f7fcb9ad-df91-44df-bf14-f1f488d36e09=[3, 8, 33, -17, -126, 42, -106]}, mIncludeTxPowerLevel=false, mIncludeDeviceName=false]
02-10 16:48:08.873 22664 22730 I org.thaliproject.p2p.btconnectorlib.internal.bluetooth.le.BlePeerDiscoverer: createAdvertiseData: created AdvertiseData [mServiceUuids=[f7fcb9ad-df91-44df-bf14-f1f488d36e09], mManufacturerSpecificData={}, mServiceData={f7fcb9ad-df91-44df-bf14-f1f488d36e09=[3, 8, 33, -17, -126, 42, -106]}, mIncludeTxPowerLevel=false, mIncludeDeviceName=false]
02-10 16:48:08.873 22664 22730 D org.thaliproject.p2p.btconnectorlib.internal.bluetooth.le.BleAdvertiser: setAdvertiseData: Current thread: Thread[Thread-2514,7,main], id: 2514
02-10 16:48:08.873 22664 22730 D org.thaliproject.p2p.btconnectorlib.internal.bluetooth.le.BleAdvertiser: setAdvertiseData: AdvertiseData [mServiceUuids=[f7fcb9ad-df91-44df-bf14-f1f488d36e09], mManufacturerSpecificData={}, mServiceData={f7fcb9ad-df91-44df-bf14-f1f488d36e09=[3, 8, 33, -17, -126, 42, -106]}, mIncludeTxPowerLevel=false, mIncludeDeviceName=false]. Current thread: Thread[Thread-2514,7,main], id: 2514
02-10 16:48:08.873 22664 22730 D org.thaliproject.p2p.btconnectorlib.internal.bluetooth.le.BleAdvertiser: setAdvertiseData: was started = true
02-10 16:48:08.883 22664 22730 D org.thaliproject.p2p.btconnectorlib.internal.bluetooth.le.BleAdvertiser: stop. Current thread: Thread[Thread-2514,7,main], id: 2514
02-10 16:48:08.883 22664 22730 D BluetoothAdapter: STATE_ON
02-10 16:48:08.883 22664 22730 D BluetoothAdapter: STATE_ON
02-10 16:48:08.883 22664 22730 D BluetoothLeAdvertiser: stop advertising
02-10 16:48:08.893 15518 15682 D BtGatt.GattService: [GSIM LOG]: getCallingProcessName: com.test.thalitest
02-10 16:48:08.893 15518 15682 D BtGatt.GattService: [GSIM LOG]: getCallingProcessName: com.test.thalitest
02-10 16:48:08.893 15518 15545 D BtGatt.AdvertiseManager: message : 1
02-10 16:48:08.893 15518 15559 E BtGatt.GattService: [GSIM LOG]: gsimLogHandler: com.test.thalitest, msg: MESSAGE_STOP_ADV
02-10 16:48:08.893 15518 15559 D BtGatt.GattService: [GSIM LOG]: gsimLogHandler: prevDate: 10, currDate: 10
02-10 16:48:08.893 15518 15559 D BtGatt.GattService: [GSIM LOG]: updateAdvTime
02-10 16:48:08.893 15518 15559 D BtGatt.GattService: [GSIM LOG]: com.test.thalitest@LowLatency, R time : 74 => 74
02-10 16:48:08.893 15518 15559 D BtGatt.GattService: [GSIM LOG]: remove : com.test.thalitest@LowLatency at  BLE_ADV_REQUESTED_DB
02-10 16:48:08.893 15518 15545 D BtGatt.AdvertiseManager: stop advertise for client =  8
02-10 16:48:08.893 15518 15545 D BtGatt.AdvertiseManager: stop advertising, standardAdvClientIf = 0 client.clientIf = 8
02-10 16:48:08.903 15518 15545 D BtGatt.AdvertiseManager: logClientsSet() - status: -1
02-10 16:48:08.903  3513  6656 V AlarmManager:  remove PendingIntent] PendingIntent{88d03b8: PendingIntentRecord{369848 com.android.bluetooth broadcastIntent}}
02-10 16:48:08.903 15518 15537 D BtGatt.GattService: onAdvertiseInstanceDisabled() - clientIf=8, status=0
02-10 16:48:08.903 15518 15537 D BtGatt.GattService: Client app is not null!
02-10 16:48:08.903 22664 22722 D BluetoothLeAdvertiser: onMultiAdvertiseCallback status = 0 isStart = false
02-10 16:48:08.913 15518 15530 D BtGatt.GattService: unregisterClient() - clientIf=8
02-10 16:48:08.913 22664 22730 D org.thaliproject.p2p.btconnectorlib.internal.bluetooth.le.BleAdvertiser: stop: Stopped
02-10 16:48:08.913 22664 22730 D org.thaliproject.p2p.btconnectorlib.internal.bluetooth.le.BleAdvertiser: setState: current  = RUNNING, new = NOT_STARTEDCurrent thread: Thread[Thread-2514,7,main], id: 2514
02-10 16:48:08.913 22664 22730 D org.thaliproject.p2p.btconnectorlib.internal.bluetooth.le.BleAdvertiser: setState: State changed from RUNNING to NOT_STARTED
02-10 16:48:08.913  3513  4557 V AlarmManager:  remove PendingIntent] PendingIntent{37cd591: PendingIntentRecord{369848 com.android.bluetooth broadcastIntent}}
02-10 16:48:08.913 22664 22730 D org.thaliproject.p2p.btconnectorlib.internal.bluetooth.le.BleAdvertiser: setState: finished Current thread: Thread[Thread-2514,7,main], id: 2514
02-10 16:48:08.913 22664 22730 D org.thaliproject.p2p.btconnectorlib.internal.bluetooth.le.BleAdvertiser: stop finished. Current thread: Thread[Thread-2514,7,main], id: 2514
02-10 16:48:08.913 22664 22730 D org.thaliproject.p2p.btconnectorlib.internal.bluetooth.le.BleAdvertiser: setAdvertiseData: advertiseData = AdvertiseData [mServiceUuids=[f7fcb9ad-df91-44df-bf14-f1f488d36e09], mManufacturerSpecificData={}, mServiceData={f7fcb9ad-df91-44df-bf14-f1f488d36e09=[3, 8, 33, -17, -126, 42, -106]}, mIncludeTxPowerLevel=false, mIncludeDeviceName=false]
02-10 16:48:08.913 22664 22730 D org.thaliproject.p2p.btconnectorlib.internal.bluetooth.le.BleAdvertiser: start:  state = NOT_STARTEDCurrent thread: Thread[Thread-2514,7,main], id: 2514
02-10 16:48:08.913 22664 22730 I org.thaliproject.p2p.btconnectorlib.internal.bluetooth.le.BleAdvertiser: start: Starting... advertisement data = AdvertiseData [mServiceUuids=[f7fcb9ad-df91-44df-bf14-f1f488d36e09], mManufacturerSpecificData={}, mServiceData={f7fcb9ad-df91-44df-bf14-f1f488d36e09=[3, 8, 33, -17, -126, 42, -106]}, mIncludeTxPowerLevel=false, mIncludeDeviceName=false], Current thread: Thread[Thread-2514,7,main], id: 2514
02-10 16:48:08.923 22664 22730 D BluetoothAdapter: STATE_ON
02-10 16:48:08.923 22664 22730 D BluetoothAdapter: STATE_ON
02-10 16:48:08.923 22664 22730 D BluetoothLeAdvertiser: start advertising
02-10 16:48:08.923 22664 22730 D BluetoothAdapter: STATE_ON
02-10 16:48:08.933  3513  6656 V AlarmManager:  remove PendingIntent] PendingIntent{45f4cf6: PendingIntentRecord{369848 com.android.bluetooth broadcastIntent}}
02-10 16:48:08.933 15518 15530 D BtGatt.GattService: registerClient() - UUID=195bf21a-6416-41cf-9205-a956aebcd90a
02-10 16:48:08.943  3513  4557 V AlarmManager:  remove PendingIntent] PendingIntent{24ae8f7: PendingIntentRecord{369848 com.android.bluetooth broadcastIntent}}
02-10 16:48:08.953  3513  3542 V AlarmManager:  remove PendingIntent] PendingIntent{2eaa364: PendingIntentRecord{369848 com.android.bluetooth broadcastIntent}}
02-10 16:48:08.953  3513  4279 V AlarmManager:  remove PendingIntent] PendingIntent{f0839cd: PendingIntentRecord{369848 com.android.bluetooth broadcastIntent}}
02-10 16:48:08.963  3513  4771 V AlarmManager:  remove PendingIntent] PendingIntent{9ab4282: PendingIntentRecord{369848 com.android.bluetooth broadcastIntent}}
02-10 16:48:08.973  3513  6656 V AlarmManager:  remove PendingIntent] PendingIntent{ebb1d93: PendingIntentRecord{369848 com.android.bluetooth broadcastIntent}}
02-10 16:48:08.973 15518 15537 D BtGatt.GattService: onClientRegistered() - UUID=195bf21a-6416-41cf-9205-a956aebcd90a, clientIf=8
02-10 16:48:08.973 22664 22674 D BluetoothLeAdvertiser: onClientRegistered() - status=0 clientIf=8
02-10 16:48:08.983 15518 28239 D BtGatt.GattService: [GSIM LOG]: startMultiAdvertising: 2
02-10 16:48:08.983 15518 28239 D BtGatt.GattService: [GSIM LOG]: getCallingProcessName: com.test.thalitest
02-10 16:48:08.983 15518 28239 D BtGatt.GattService: [GSIM LOG]: getCallingProcessName: com.test.thalitest
02-10 16:48:08.983 15518 15545 D BtGatt.AdvertiseManager: message : 0
02-10 16:48:08.983 15518 15559 E BtGatt.GattService: [GSIM LOG]: gsimLogHandler: com.test.thalitest, msg: MESSAGE_START_ADV
02-10 16:48:08.983 15518 15559 D BtGatt.GattService: [GSIM LOG]: gsimLogHandler: prevDate: 10, currDate: 10
02-10 16:48:08.983 15518 15545 D BtGatt.AdvertiseManager: number of adv instance running = 0
02-10 16:48:08.983 15518 15545 D BtGatt.AdvertiseManager: size of list is =0
02-10 16:48:08.993 15518 15545 D BtGatt.AdvertiseManager: starting advertising
02-10 16:48:08.993 15518 15545 D BtGatt.AdvertiseManager: isStandardAdv = false
02-10 16:48:09.003  3513  4107 V AlarmManager:  remove PendingIntent] PendingIntent{b6091d0: PendingIntentRecord{369848 com.android.bluetooth broadcastIntent}}
02-10 16:48:09.003 15518 15559 D BtGatt.GattService: [GSIM LOG]: increaseAdvCount : com.test.thalitest : 853
02-10 16:48:09.003 15518 15559 D BtGatt.GattService: [GSIM LOG]: setAdvTime : com.test.thalitest@LowLatency : 24778908
02-10 16:48:09.003 15518 15559 D BtGatt.GattService: [GSIM LOG]: setAdvType : com.test.thalitest@LowLatency : 2
02-10 16:48:09.003 15518 15559 D BtGatt.GattService: [GSIM LOG]: updateAdvTime
02-10 16:48:09.003 15518 15559 D BtGatt.GattService: [GSIM LOG]: com.test.thalitest@LowLatency, R time : 74 => 74
02-10 16:48:09.003 15518 15537 D BtGatt.GattService: onAdvertiseInstanceEnabled() - clientIf=8, status=0
02-10 16:48:09.003 15518 15545 D BtGatt.AdvertiseManager: starting multi advertising
02-10 16:48:09.003  3513  3863 V AlarmManager:  remove PendingIntent] PendingIntent{b6ba5c9: PendingIntentRecord{369848 com.android.bluetooth broadcastIntent}}
02-10 16:48:09.013 15518 15537 D BtGatt.GattService: onAdvertiseDataSet() - clientIf=8, status=0
02-10 16:48:09.013 15518 15545 D BtGatt.AdvertiseManager: logClientsSet() - status: 0
02-10 16:48:09.013 15518 15545 D BtGatt.AdvertiseManager: clientIf: 8, Mode: 2, TxPowerLevel: 3, isConnectable: false, Timeout: 0
02-10 16:48:09.013 15518 15545 D BtGatt.AdvertiseManager: postCallback clientIf = 8 status = 0
02-10 16:48:09.013 15518 15545 D BtGatt.GattService: onMultipleAdvertiseCallback() clientIf=8, status=0, isStart=true
02-10 16:48:09.013 22664 22675 D BluetoothLeAdvertiser: onMultiAdvertiseCallback status = 0 isStart = true
02-10 16:48:09.013 22664 22730 I org.thaliproject.p2p.btconnectorlib.internal.bluetooth.le.BleAdvertiser: start: Started advertisment Current thread: Thread[Thread-2514,7,main], id: 2514
02-10 16:48:09.013 22664 22664 D org.thaliproject.p2p.btconnectorlib.internal.bluetooth.le.BleAdvertiser: onStartSuccess : Current thread: Thread[main,5,main], id: 1
02-10 16:48:09.013 22664 22730 D org.thaliproject.p2p.btconnectorlib.internal.bluetooth.le.BleAdvertiser: setState: current  = NOT_STARTED, new = STARTINGCurrent thread: Thread[Thread-2514,7,main], id: 2514
02-10 16:48:09.013 22664 22730 D org.thaliproject.p2p.btconnectorlib.internal.bluetooth.le.BleAdvertiser: setState: State changed from NOT_STARTED to STARTING
02-10 16:48:09.013 22664 22730 D org.thaliproject.p2p.btconnectorlib.internal.bluetooth.le.BleAdvertiser: setState: onIsAdvertiserStartedChanged default (no call to listener). Current thread: Thread[Thread-2514,7,main], id: 2514
02-10 16:48:09.013 22664 22730 D org.thaliproject.p2p.btconnectorlib.internal.bluetooth.le.BleAdvertiser: setState: finished Current thread: Thread[Thread-2514,7,main], id: 2514
02-10 16:48:09.013 22664 22730 I org.thaliproject.p2p.btconnectorlib.internal.bluetooth.le.BleAdvertiser: start: return, state = STARTINGCurrent thread: Thread[Thread-2514,7,main], id: 2514
02-10 16:48:09.013 22664 22730 D org.thaliproject.p2p.btconnectorlib.internal.bluetooth.le.BleAdvertiser: start returned: Current thread: Thread[Thread-2514,7,main], id: 2514
02-10 16:48:09.023  3513  4279 V AlarmManager:  remove PendingIntent] PendingIntent{bcf04ce: PendingIntentRecord{369848 com.android.bluetooth broadcastIntent}}
02-10 16:48:09.013 22664 22730 D org.thaliproject.p2p.btconnectorlib.internal.bluetooth.le.BleAdvertiser: setAdvertiseData finished: Current thread: Thread[Thread-2514,7,main], id: 2514
02-10 16:48:09.013 22664 22730 D org.thaliproject.p2p.btconnectorlib.internal.bluetooth.le.BleAdvertiser: start:  state = STARTINGCurrent thread: Thread[Thread-2514,7,main], id: 2514
02-10 16:48:09.013 22664 22730 D org.thaliproject.p2p.btconnectorlib.internal.bluetooth.le.BleAdvertiser: start: Already running
02-10 16:48:09.013 22664 22730 I org.thaliproject.p2p.btconnectorlib.internal.bluetooth.le.BleAdvertiser: start: return, state = STARTINGCurrent thread: Thread[Thread-2514,7,main], id: 2514
02-10 16:48:09.013 22664 22730 D org.thaliproject.p2p.btconnectorlib.internal.bluetooth.le.BleAdvertiser: start returned: Current thread: Thread[Thread-2514,7,main], id: 2514
02-10 16:48:09.013 22664 22730 D org.thaliproject.p2p.btconnectorlib.internal.bluetooth.le.BlePeerDiscoverer: startAdvertiser started = true Current thread: Thread[Thread-2514,7,main], id: 2514
02-10 16:48:09.013 22664 22664 D org.thaliproject.p2p.btconnectorlib.internal.bluetooth.le.BleAdvertiser: setState: current  = STARTING, new = RUNNINGCurrent thread: Thread[main,5,main], id: 1
02-10 16:48:09.013 22664 22664 D org.thaliproject.p2p.btconnectorlib.internal.bluetooth.le.BleAdvertiser: setState: State changed from STARTING to RUNNING
02-10 16:48:09.013 22664 22730 D org.thaliproject.p2p.btconnectorlib.internal.bluetooth.le.BlePeerDiscoverer: startScannerAndAdvertiser: advertiser is started. Current thread: Thread[Thread-2514,7,main], id: 2514
02-10 16:48:09.013 22664 22730 D org.thaliproject.p2p.btconnectorlib.internal.bluetooth.le.BlePeerDiscoverer: startScanner: Current thread: Thread[Thread-2514,7,main], id: 2514
02-10 16:48:09.013 22664 22664 D org.thaliproject.p2p.btconnectorlib.internal.bluetooth.le.BleAdvertiser: notifyAdvertiserStateChanged: started =  true. Current thread: Thread[main,5,main], id: 1
02-10 16:48:09.013 22664 22730 I org.thaliproject.p2p.btconnectorlib.internal.bluetooth.le.BlePeerDiscoverer: startScanner: Starting...
02-10 16:48:09.013 22664 22730 D org.thaliproject.p2p.btconnectorlib.internal.bluetooth.le.BlePeerDiscoveryUtils: createScanFilter: No service UUID, use manufacturer ID: true
02-10 16:48:09.013 22664 22730 D org.thaliproject.p2p.btconnectorlib.internal.bluetooth.le.BlePeerDiscoveryUtils: manufacturer ID: 15017
02-10 16:48:09.013 22664 22664 D org.thaliproject.p2p.btconnectorlib.internal.bluetooth.le.BleAdvertiser: setState: finished Current thread: Thread[main,5,main], id: 1
02-10 16:48:09.013 22664 22730 D org.thaliproject.p2p.btconnectorlib.internal.bluetooth.le.BlePeerDiscoveryUtils: createScanFilter: BluetoothLeScanFilter [mDeviceName=null, mDeviceAddress=null, mUuid=null, mUuidMask=null, mServiceDataUuid=null, mServiceData=null, mServiceDataMask=null, mManufacturerId=15017, mManufacturerData=null, mManufacturerDataMask=null]
02-10 16:48:09.013 22664 22664 I org.thaliproject.p2p.btconnectorlib.internal.bluetooth.le.BlePeerDiscoverer: onIsAdvertiserStartedChanged: trueCurrent thread: Thread[main,5,main], id: 1
02-10 16:48:09.013 22664 22730 D org.thaliproject.p2p.btconnectorlib.internal.bluetooth.le.BleScanner: start: Current thread: Thread[Thread-2514,7,main], id: 2514
02-10 16:48:09.013 22664 22730 D BluetoothLeScanner: Start Scan
02-10 16:48:09.023  3513  4282 V AlarmManager:  remove PendingIntent] PendingIntent{fefffef: PendingIntentRecord{369848 com.android.bluetooth broadcastIntent}}
02-10 16:48:09.023 22664 22730 D BluetoothAdapter: STATE_ON
02-10 16:48:09.023 22664 22730 D BluetoothAdapter: STATE_ON
02-10 16:48:09.023 22664 22730 D BluetoothAdapter: STATE_ON
02-10 16:48:09.023 22664 22730 D BluetoothAdapter: STATE_ON
02-10 16:48:09.033 15518 15530 D BtGatt.GattService: registerClient() - UUID=b5336bee-3806-4cbc-8f8c-53a070632536
02-10 16:48:09.033  3513  5185 V AlarmManager:  remove PendingIntent] PendingIntent{b04fafc: PendingIntentRecord{369848 com.android.bluetooth broadcastIntent}}
02-10 16:48:09.043  3513  5186 V AlarmManager:  remove PendingIntent] PendingIntent{7fd585: PendingIntentRecord{369848 com.android.bluetooth broadcastIntent}}
02-10 16:48:09.043  3513  4518 V AlarmManager:  remove PendingIntent] PendingIntent{35a9fda: PendingIntentRecord{369848 com.android.bluetooth broadcastIntent}}
02-10 16:48:09.053  3513  4557 V AlarmManager:  remove PendingIntent] PendingIntent{6e6ac0b: PendingIntentRecord{369848 com.android.bluetooth broadcastIntent}}
02-10 16:48:09.073 15518 15537 D BtGatt.GattService: onClientRegistered() - UUID=b5336bee-3806-4cbc-8f8c-53a070632536, clientIf=9
02-10 16:48:09.073 22664 22722 D BluetoothLeScanner: onClientRegistered() - status=0 clientIf=9
02-10 16:48:09.073 15518 28239 D BtGatt.GattService: start scan with filters
02-10 16:48:09.073 15518 28239 D BtGatt.GattService: getScanSettings
02-10 16:48:09.073 15518 28239 D BtGatt.GattService: Is it foreground application = true
02-10 16:48:09.073 15518 28239 D BtGatt.GattService: not a background application
02-10 16:48:09.073 15518 28239 D BtGatt.GattService: [GSIM LOG]: getActualScanMode (2/100 vs 100/5)
02-10 16:48:09.083 15518 28239 D BtGatt.GattService: [GSIM LOG]: getCallingProcessName: com.test.thalitest
02-10 16:48:09.083 15518 28239 D BtGatt.GattService: [GSIM LOG]: getCallingProcessName: com.test.thalitest
02-10 16:48:09.083 15518 15559 E BtGatt.GattService: [GSIM LOG]: gsimLogHandler: com.test.thalitest, msg: MESSAGE_START_SCAN
02-10 16:48:09.083 15518 15559 D BtGatt.GattService: [GSIM LOG]: gsimLogHandler: prevDate: 10, currDate: 10
02-10 16:48:09.083 22664 22730 D org.thaliproject.p2p.btconnectorlib.internal.bluetooth.le.BleScanner: start: scan started
02-10 16:48:09.083 22664 22730 D org.thaliproject.p2p.btconnectorlib.internal.bluetooth.le.BleScanner: set state: Current thread: Thread[Thread-2514,7,main], id: 2514
02-10 16:48:09.083 22664 22730 D org.thaliproject.p2p.btconnectorlib.internal.bluetooth.le.BleScanner: setState: State changed from NOT_STARTED to RUNNING
02-10 16:48:09.083 15518 15550 D BtGatt.ScanManager: handling starting scan
02-10 16:48:09.083 22664 22730 D org.thaliproject.p2p.btconnectorlib.internal.bluetooth.le.BleScanner: notifyScannerStateChanged: started =  true. Current thread: Thread[Thread-2514,7,main], id: 2514
02-10 16:48:09.083 22664 22730 I org.thaliproject.p2p.btconnectorlib.internal.bluetooth.le.BlePeerDiscoverer: startScannerAndAdvertiser: adv = true, disc = true
02-10 16:48:09.083 22664 22730 D org.thaliproject.p2p.btconnectorlib.DiscoveryManager: startBlePeerDiscoverer: OK
02-10 16:48:09.093 22664 22664 D org.thaliproject.p2p.btconnectorlib.internal.bluetooth.le.BlePeerDiscoverer: updateState : Current thread: Thread[main,5,main], id: 1
02-10 16:48:09.093 22664 22664 D org.thaliproject.p2p.btconnectorlib.internal.bluetooth.le.BlePeerDiscoverer: updateState: deducedStateSet: [SCANNING, ADVERTISING]
02-10 16:48:09.093 22664 22664 D org.thaliproject.p2p.btconnectorlib.internal.bluetooth.le.BlePeerDiscoverer: updateState: stateSet: [ADVERTISING]
02-10 16:48:09.093 22664 22664 D org.thaliproject.p2p.btconnectorlib.internal.bluetooth.le.BlePeerDiscoverer: Current thread: Thread[main,5,main], id: 1
02-10 16:48:09.093 22664 22664 D org.thaliproject.p2p.btconnectorlib.internal.bluetooth.le.BlePeerDiscoverer: updateState: State changed from [ADVERTISING] to [SCANNING, ADVERTISING]Current thread: Thread[main,5,main], id: 1
02-10 16:48:09.103  3513  3892 V AlarmManager:  remove PendingIntent] PendingIntent{424cae8: PendingIntentRecord{369848 com.android.bluetooth broadcastIntent}}
02-10 16:48:09.093 22664 22664 D org.thaliproject.p2p.btconnectorlib.internal.bluetooth.le.BlePeerDiscoverer: update state finished. Current thread: Thread[main,5,main], id: 1
02-10 16:48:09.093 22664 22664 I org.thaliproject.p2p.btconnectorlib.internal.bluetooth.le.BlePeerDiscoverer: onIsScannerStartedChanged: trueCurrent thread: Thread[main,5,main], id: 1
02-10 16:48:09.093 22664 22664 D org.thaliproject.p2p.btconnectorlib.internal.bluetooth.le.BlePeerDiscoverer: updateState : Current thread: Thread[main,5,main], id: 1
02-10 16:48:09.093 22664 22664 D org.thaliproject.p2p.btconnectorlib.internal.bluetooth.le.BlePeerDiscoverer: updateState: deducedStateSet: [SCANNING, ADVERTISING]
02-10 16:48:09.093 22664 22664 D org.thaliproject.p2p.btconnectorlib.internal.bluetooth.le.BlePeerDiscoverer: updateState: stateSet: [SCANNING, ADVERTISING]
02-10 16:48:09.093 22664 22664 D org.thaliproject.p2p.btconnectorlib.internal.bluetooth.le.BlePeerDiscoverer: Current thread: Thread[main,5,main], id: 1
02-10 16:48:09.093 22664 22664 D org.thaliproject.p2p.btconnectorlib.internal.bluetooth.le.BlePeerDiscoverer: update state finished. Current thread: Thread[main,5,main], id: 1
