02-10 16:48:12.372 12266 12314 D BtGatt.GattService: [GSIM LOG]: increaseAdvCount : com.test.thalitest : 870
02-10 16:48:12.372 12266 12314 D BtGatt.GattService: [GSIM LOG]: setAdvTime : com.test.thalitest@LowLatency : 24778908
02-10 16:48:12.372 12266 12314 D BtGatt.GattService: [GSIM LOG]: setAdvType : com.test.thalitest@LowLatency : 2
02-10 16:48:12.372 12266 12314 D BtGatt.GattService: [GSIM LOG]: updateAdvTime
02-10 16:48:12.372 12266 12314 D BtGatt.GattService: [GSIM LOG]: com.test.thalitest@LowLatency, R time : 64 => 64
02-10 16:48:12.742 12180 12180 V io.jxcore.node.ConnectionHelper: Notifying discovery manager state change: is discovering: false, is advertising: true
02-10 16:48:12.742 12180 12180 V io.jxcore.node.StartStopOperation: isTargetState: Connectivity: RUNNING, discovery: RUNNING_BLE, is discovering: false, is advertising: true - Start operation: Should start/stop everything
02-10 16:48:12.742 12180 12180 D io.jxcore.node.StartStopOperationHandler: processCurrentOperationStatus: Operation successfully executed
02-10 16:48:12.752 12180 12246 I jxcore-log: ok 98 Can call startUpdateAdvertisingAndListening without error
02-10 16:48:12.752 12180 12246 I jxcore-log: 
02-10 16:48:12.752 12180 12246 D io.jxcore.node.JXcoreExtension: startListeningForAdvertisements
02-10 16:48:12.762 12180 12246 D BluetoothAdapter: STATE_ON
02-10 16:48:12.762 12180 12246 I io.jxcore.node.ConnectionHelper: start: Port number: 39818, start advertisements: false
02-10 16:48:12.762 12180 12246 V io.jxcore.node.ConnectivityMonitor: start: Already started
02-10 16:48:12.762 12180 12246 V io.jxcore.node.StartStopOperation: isTargetState: Connectivity: RUNNING, discovery: RUNNING_BLE, is discovering: false, is advertising: true - Start operation: Should affect listening to advertisements only
02-10 16:48:12.762 12180 12246 V io.jxcore.node.StartStopOperationHandler: executeCurrentOperation: Executing: Start operation: Should affect listening to advertisements only
02-10 16:48:12.762 12180 12246 I org.thaliproject.p2p.btconnectorlib.DiscoveryManager: start: Discovery mode: BLE, start discovery: true, start advertiser: true
02-10 16:48:12.772 12180 12246 D org.thaliproject.p2p.btconnectorlib.DiscoveryManager: startBlePeerDiscoverer
02-10 16:48:12.772 12180 12246 V io.jxcore.node.ConnectionHelper: Received a request for permission "android.permission.ACCESS_COARSE_LOCATION", but we are expecting that all the required permissions have already been granted
02-10 16:48:12.772 12180 12246 D BluetoothAdapter: STATE_ON
02-10 16:48:12.782 12180 12246 D BluetoothAdapter: STATE_ON
02-10 16:48:12.782 12180 12246 D BluetoothAdapter: STATE_ON
02-10 16:48:12.792 12180 12246 D BluetoothAdapter: STATE_ON
02-10 16:48:12.792 12180 12246 D BluetoothAdapter: STATE_ON
02-10 16:48:12.802 12180 12246 D org.thaliproject.p2p.btconnectorlib.internal.bluetooth.le.BlePeerDiscoverer: startScannerAndAdvertiser : Current thread: Thread[Thread-3057,7,main], id: 3057
02-10 16:48:12.802 12180 12246 D org.thaliproject.p2p.btconnectorlib.internal.bluetooth.le.BlePeerDiscoverer: startAdvertiser: Current thread: Thread[Thread-3057,7,main], id: 3057
02-10 16:48:12.802 12180 12246 D org.thaliproject.p2p.btconnectorlib.internal.bluetooth.le.BlePeerDiscoverer: stopPeerAddressHelperAdvertiser Current thread: Thread[Thread-3057,7,main], id: 3057
02-10 16:48:12.802 12180 12246 D org.thaliproject.p2p.btconnectorlib.internal.bluetooth.le.BlePeerDiscoverer: createAdvertiseData: createAdvertiseDataToServiceData 
02-10 16:48:12.802 12180 12246 I org.thaliproject.p2p.btconnectorlib.internal.bluetooth.le.PeerAdvertisementFactory: createAdvertiseDataToServiceData: Service UUID: "f7fcb9ad-df91-44df-bf14-f1f488d36e09", Bluetooth MAC address: "34:8A:7B:75:6B:43"
02-10 16:48:12.802 12180 12246 V org.thaliproject.p2p.btconnectorlib.internal.bluetooth.le.PeerAdvertisementFactory: createAdvertiseDataToServiceData: Service data (length is 7 bytes): 04 34 8A 7B 75 6B 43
02-10 16:48:12.802 12180 12246 V org.thaliproject.p2p.btconnectorlib.internal.bluetooth.le.PeerAdvertisementFactory: createAdvertiseDataToServiceData: Created: AdvertiseData [mServiceUuids=[f7fcb9ad-df91-44df-bf14-f1f488d36e09], mManufacturerSpecificData={}, mServiceData={f7fcb9ad-df91-44df-bf14-f1f488d36e09=[4, 52, -118, 123, 117, 107, 67]}, mIncludeTxPowerLevel=false, mIncludeDeviceName=false]
02-10 16:48:12.802 12180 12246 I org.thaliproject.p2p.btconnectorlib.internal.bluetooth.le.BlePeerDiscoverer: createAdvertiseData: created AdvertiseData [mServiceUuids=[f7fcb9ad-df91-44df-bf14-f1f488d36e09], mManufacturerSpecificData={}, mServiceData={f7fcb9ad-df91-44df-bf14-f1f488d36e09=[4, 52, -118, 123, 117, 107, 67]}, mIncludeTxPowerLevel=false, mIncludeDeviceName=false]
02-10 16:48:12.802 12180 12246 D org.thaliproject.p2p.btconnectorlib.internal.bluetooth.le.BleAdvertiser: setAdvertiseData: Current thread: Thread[Thread-3057,7,main], id: 3057
02-10 16:48:12.802 12180 12246 D org.thaliproject.p2p.btconnectorlib.internal.bluetooth.le.BleAdvertiser: setAdvertiseData: AdvertiseData [mServiceUuids=[f7fcb9ad-df91-44df-bf14-f1f488d36e09], mManufacturerSpecificData={}, mServiceData={f7fcb9ad-df91-44df-bf14-f1f488d36e09=[4, 52, -118, 123, 117, 107, 67]}, mIncludeTxPowerLevel=false, mIncludeDeviceName=false]. Current thread: Thread[Thread-3057,7,main], id: 3057
02-10 16:48:12.802 12180 12246 D org.thaliproject.p2p.btconnectorlib.internal.bluetooth.le.BleAdvertiser: setAdvertiseData: was started = true
02-10 16:48:12.802 12180 12246 D org.thaliproject.p2p.btconnectorlib.internal.bluetooth.le.BleAdvertiser: stop. Current thread: Thread[Thread-3057,7,main], id: 3057
02-10 16:48:12.812 12180 12246 D BluetoothAdapter: STATE_ON
02-10 16:48:12.812 12180 12246 D BluetoothAdapter: STATE_ON
02-10 16:48:12.812 12180 12246 D BluetoothLeAdvertiser: stop advertising
02-10 16:48:12.822 12266 12370 D BtGatt.GattService: [GSIM LOG]: getCallingProcessName: com.test.thalitest
02-10 16:48:12.822 12266 12370 D BtGatt.GattService: [GSIM LOG]: getCallingProcessName: com.test.thalitest
02-10 16:48:12.822 12266 12303 D BtGatt.AdvertiseManager: message : 1
02-10 16:48:12.822 12266 12314 E BtGatt.GattService: [GSIM LOG]: gsimLogHandler: com.test.thalitest, msg: MESSAGE_STOP_ADV
02-10 16:48:12.822 12266 12314 D BtGatt.GattService: [GSIM LOG]: gsimLogHandler: prevDate: 10, currDate: 10
02-10 16:48:12.822 12266 12314 D BtGatt.GattService: [GSIM LOG]: updateAdvTime
02-10 16:48:12.822 12266 12314 D BtGatt.GattService: [GSIM LOG]: com.test.thalitest@LowLatency, R time : 64 => 64
02-10 16:48:12.822 12266 12314 D BtGatt.GattService: [GSIM LOG]: remove : com.test.thalitest@LowLatency at  BLE_ADV_REQUESTED_DB
02-10 16:48:12.822 12266 12303 D BtGatt.AdvertiseManager: stop advertise for client =  8
02-10 16:48:12.822 12266 12303 D BtGatt.AdvertiseManager: stop advertising, standardAdvClientIf = 0 client.clientIf = 8
02-10 16:48:12.832 12266 12303 D BtGatt.AdvertiseManager: logClientsSet() - status: -1
02-10 16:48:12.832  3537  3560 V AlarmManager:  remove PendingIntent] PendingIntent{8158f36: PendingIntentRecord{9a4c80c com.android.bluetooth broadcastIntent}}
02-10 16:48:12.832 12266 12300 D BtGatt.GattService: onAdvertiseInstanceDisabled() - clientIf=8, status=0
02-10 16:48:12.832 12266 12300 D BtGatt.GattService: Client app is not null!
02-10 16:48:12.832 12180 12190 D BluetoothLeAdvertiser: onMultiAdvertiseCallback status = 0 isStart = false
02-10 16:48:12.842 12266 31490 D BtGatt.GattService: unregisterClient() - clientIf=8
02-10 16:48:12.842 12180 12246 D org.thaliproject.p2p.btconnectorlib.internal.bluetooth.le.BleAdvertiser: stop: Stopped
02-10 16:48:12.842 12180 12246 D org.thaliproject.p2p.btconnectorlib.internal.bluetooth.le.BleAdvertiser: setState: current  = RUNNING, new = NOT_STARTEDCurrent thread: Thread[Thread-3057,7,main], id: 3057
02-10 16:48:12.842 12180 12246 D org.thaliproject.p2p.btconnectorlib.internal.bluetooth.le.BleAdvertiser: setState: State changed from RUNNING to NOT_STARTED
02-10 16:48:12.842 12180 12246 D org.thaliproject.p2p.btconnectorlib.internal.bluetooth.le.BleAdvertiser: setState: finished Current thread: Thread[Thread-3057,7,main], id: 3057
02-10 16:48:12.842 12180 12246 D org.thaliproject.p2p.btconnectorlib.internal.bluetooth.le.BleAdvertiser: stop finished. Current thread: Thread[Thread-3057,7,main], id: 3057
02-10 16:48:12.842 12180 12246 D org.thaliproject.p2p.btconnectorlib.internal.bluetooth.le.BleAdvertiser: setAdvertiseData: advertiseData = AdvertiseData [mServiceUuids=[f7fcb9ad-df91-44df-bf14-f1f488d36e09], mManufacturerSpecificData={}, mServiceData={f7fcb9ad-df91-44df-bf14-f1f488d36e09=[4, 52, -118, 123, 117, 107, 67]}, mIncludeTxPowerLevel=false, mIncludeDeviceName=false]
02-10 16:48:12.842 12180 12246 D org.thaliproject.p2p.btconnectorlib.internal.bluetooth.le.BleAdvertiser: start:  state = NOT_STARTEDCurrent thread: Thread[Thread-3057,7,main], id: 3057
02-10 16:48:12.842  3537  4089 V AlarmManager:  remove PendingIntent] PendingIntent{c949e37: PendingIntentRecord{9a4c80c com.android.bluetooth broadcastIntent}}
02-10 16:48:12.842 12180 12246 I org.thaliproject.p2p.btconnectorlib.internal.bluetooth.le.BleAdvertiser: start: Starting... advertisement data = AdvertiseData [mServiceUuids=[f7fcb9ad-df91-44df-bf14-f1f488d36e09], mManufacturerSpecificData={}, mServiceData={f7fcb9ad-df91-44df-bf14-f1f488d36e09=[4, 52, -118, 123, 117, 107, 67]}, mIncludeTxPowerLevel=false, mIncludeDeviceName=false], Current thread: Thread[Thread-3057,7,main], id: 3057
02-10 16:48:12.842 12180 12246 D BluetoothAdapter: STATE_ON
02-10 16:48:12.852 12180 12246 D BluetoothAdapter: STATE_ON
02-10 16:48:12.852 12180 12246 D BluetoothLeAdvertiser: start advertising
02-10 16:48:12.852 12180 12246 D BluetoothAdapter: STATE_ON
02-10 16:48:12.852  3537  4254 V AlarmManager:  remove PendingIntent] PendingIntent{9064fa4: PendingIntentRecord{9a4c80c com.android.bluetooth broadcastIntent}}
02-10 16:48:12.862 12266 12276 D BtGatt.GattService: registerClient() - UUID=7318bf23-7ae1-4877-9b85-b57caa468fca
02-10 16:48:12.862  3537  4089 V AlarmManager:  remove PendingIntent] PendingIntent{cc110d: PendingIntentRecord{9a4c80c com.android.bluetooth broadcastIntent}}
02-10 16:48:12.872  3537  4755 V AlarmManager:  remove PendingIntent] PendingIntent{12368c2: PendingIntentRecord{9a4c80c com.android.bluetooth broadcastIntent}}
02-10 16:48:12.882  3537  4343 V AlarmManager:  remove PendingIntent] PendingIntent{e0ae6d3: PendingIntentRecord{9a4c80c com.android.bluetooth broadcastIntent}}
02-10 16:48:12.892  3537  4013 V AlarmManager:  remove PendingIntent] PendingIntent{72ac210: PendingIntentRecord{9a4c80c com.android.bluetooth broadcastIntent}}
02-10 16:48:12.902  3537  5006 V AlarmManager:  remove PendingIntent] PendingIntent{cb5b109: PendingIntentRecord{9a4c80c com.android.bluetooth broadcastIntent}}
02-10 16:48:12.902 12266 12300 D BtGatt.GattService: onClientRegistered() - UUID=7318bf23-7ae1-4877-9b85-b57caa468fca, clientIf=8
02-10 16:48:12.902 12180 12191 D BluetoothLeAdvertiser: onClientRegistered() - status=0 clientIf=8
02-10 16:48:12.912 12266 12370 D BtGatt.GattService: [GSIM LOG]: startMultiAdvertising: 2
02-10 16:48:12.912 12266 12370 D BtGatt.GattService: [GSIM LOG]: getCallingProcessName: com.test.thalitest
02-10 16:48:12.912 12266 12370 D BtGatt.GattService: [GSIM LOG]: getCallingProcessName: com.test.thalitest
02-10 16:48:12.912 12266 12303 D BtGatt.AdvertiseManager: message : 0
02-10 16:48:12.912 12266 12314 E BtGatt.GattService: [GSIM LOG]: gsimLogHandler: com.test.thalitest, msg: MESSAGE_START_ADV
02-10 16:48:12.912 12266 12314 D BtGatt.GattService: [GSIM LOG]: gsimLogHandler: prevDate: 10, currDate: 10
02-10 16:48:12.922 12266 12303 D BtGatt.AdvertiseManager: number of adv instance running = 0
02-10 16:48:12.922 12266 12303 D BtGatt.AdvertiseManager: size of list is =0
02-10 16:48:12.922 12266 12303 D BtGatt.AdvertiseManager: starting advertising
02-10 16:48:12.932 12266 12303 D BtGatt.AdvertiseManager: isStandardAdv = false
02-10 16:48:12.932 12266 12314 D BtGatt.GattService: [GSIM LOG]: increaseAdvCount : com.test.thalitest : 871
02-10 16:48:12.932 12266 12314 D BtGatt.GattService: [GSIM LOG]: setAdvTime : com.test.thalitest@LowLatency : 24778908
02-10 16:48:12.932 12266 12314 D BtGatt.GattService: [GSIM LOG]: setAdvType : com.test.thalitest@LowLatency : 2
02-10 16:48:12.932 12266 12314 D BtGatt.GattService: [GSIM LOG]: updateAdvTime
02-10 16:48:12.932 12266 12314 D BtGatt.GattService: [GSIM LOG]: com.test.thalitest@LowLatency, R time : 64 => 64
02-10 16:48:12.932  3537  4254 V AlarmManager:  remove PendingIntent] PendingIntent{b434f0e: PendingIntentRecord{9a4c80c com.android.bluetooth broadcastIntent}}
02-10 16:48:12.932 12266 12300 D BtGatt.GattService: onAdvertiseInstanceEnabled() - clientIf=8, status=0
02-10 16:48:12.942 12266 12303 D BtGatt.AdvertiseManager: starting multi advertising
02-10 16:48:12.942 12266 12300 D BtGatt.GattService: onAdvertiseDataSet() - clientIf=8, status=0
02-10 16:48:12.942 12266 12303 D BtGatt.AdvertiseManager: logClientsSet() - status: 0
02-10 16:48:12.942 12266 12303 D BtGatt.AdvertiseManager: clientIf: 8, Mode: 2, TxPowerLevel: 3, isConnectable: false, Timeout: 0
02-10 16:48:12.942 12266 12303 D BtGatt.AdvertiseManager: postCallback clientIf = 8 status = 0
02-10 16:48:12.942 12266 12303 D BtGatt.GattService: onMultipleAdvertiseCallback() clientIf=8, status=0, isStart=true
02-10 16:48:12.942  3537  4419 V AlarmManager:  remove PendingIntent] PendingIntent{931d2f: PendingIntentRecord{9a4c80c com.android.bluetooth broadcastIntent}}
02-10 16:48:12.942 12180 12190 D BluetoothLeAdvertiser: onMultiAdvertiseCallback status = 0 isStart = true
02-10 16:48:12.942 12180 12180 D org.thaliproject.p2p.btconnectorlib.internal.bluetooth.le.BleAdvertiser: onStartSuccess : Current thread: Thread[main,5,main], id: 1
02-10 16:48:12.942 12180 12246 I org.thaliproject.p2p.btconnectorlib.internal.bluetooth.le.BleAdvertiser: start: Started advertisment Current thread: Thread[Thread-3057,7,main], id: 3057
02-10 16:48:12.942 12180 12246 D org.thaliproject.p2p.btconnectorlib.internal.bluetooth.le.BleAdvertiser: setState: current  = NOT_STARTED, new = STARTINGCurrent thread: Thread[Thread-3057,7,main], id: 3057
02-10 16:48:12.942 12180 12246 D org.thaliproject.p2p.btconnectorlib.internal.bluetooth.le.BleAdvertiser: setState: State changed from NOT_STARTED to STARTING
02-10 16:48:12.942 12180 12246 D org.thaliproject.p2p.btconnectorlib.internal.bluetooth.le.BleAdvertiser: setState: onIsAdvertiserStartedChanged default (no call to listener). Current thread: Thread[Thread-3057,7,main], id: 3057
02-10 16:48:12.942 12180 12246 D org.thaliproject.p2p.btconnectorlib.internal.bluetooth.le.BleAdvertiser: setState: finished Current thread: Thread[Thread-3057,7,main], id: 3057
02-10 16:48:12.942 12180 12246 I org.thaliproject.p2p.btconnectorlib.internal.bluetooth.le.BleAdvertiser: start: return, state = STARTINGCurrent thread: Thread[Thread-3057,7,main], id: 3057
02-10 16:48:12.942 12180 12246 D org.thaliproject.p2p.btconnectorlib.internal.bluetooth.le.BleAdvertiser: start returned: Current thread: Thread[Thread-3057,7,main], id: 3057
02-10 16:48:12.942 12180 12246 D org.thaliproject.p2p.btconnectorlib.internal.bluetooth.le.BleAdvertiser: setAdvertiseData finished: Current thread: Thread[Thread-3057,7,main], id: 3057
02-10 16:48:12.942 12180 12246 D org.thaliproject.p2p.btconnectorlib.internal.bluetooth.le.BleAdvertiser: start:  state = STARTINGCurrent thread: Thread[Thread-3057,7,main], id: 3057
02-10 16:48:12.942 12180 12246 D org.thaliproject.p2p.btconnectorlib.internal.bluetooth.le.BleAdvertiser: start: Already running
02-10 16:48:12.942 12180 12246 I org.thaliproject.p2p.btconnectorlib.internal.bluetooth.le.BleAdvertiser: start: return, state = STARTINGCurrent thread: Thread[Thread-3057,7,main], id: 3057
02-10 16:48:12.942 12180 12246 D org.thaliproject.p2p.btconnectorlib.internal.bluetooth.le.BleAdvertiser: start returned: Current thread: Thread[Thread-3057,7,main], id: 3057
02-10 16:48:12.942 12180 12246 D org.thaliproject.p2p.btconnectorlib.internal.bluetooth.le.BlePeerDiscoverer: startAdvertiser started = true Current thread: Thread[Thread-3057,7,main], id: 3057
02-10 16:48:12.942 12180 12246 D org.thaliproject.p2p.btconnectorlib.internal.bluetooth.le.BlePeerDiscoverer: startScannerAndAdvertiser: advertiser is started. Current thread: Thread[Thread-3057,7,main], id: 3057
02-10 16:48:12.942 12180 12180 D org.thaliproject.p2p.btconnectorlib.internal.bluetooth.le.BleAdvertiser: setState: current  = STARTING, new = RUNNINGCurrent thread: Thread[main,5,main], id: 1
02-10 16:48:12.942 12180 12246 D org.thaliproject.p2p.btconnectorlib.internal.bluetooth.le.BlePeerDiscoverer: startScanner: Current thread: Thread[Thread-3057,7,main], id: 3057
02-10 16:48:12.942 12180 12246 I org.thaliproject.p2p.btconnectorlib.internal.bluetooth.le.BlePeerDiscoverer: startScanner: Starting...
02-10 16:48:12.962  3537  4013 V AlarmManager:  remove PendingIntent] PendingIntent{2e1ef3c: PendingIntentRecord{9a4c80c com.android.bluetooth broadcastIntent}}
02-10 16:48:12.942 12180 12180 D org.thaliproject.p2p.btconnectorlib.internal.bluetooth.le.BleAdvertiser: setState: State changed from STARTING to RUNNING
02-10 16:48:12.942 12180 12246 D org.thaliproject.p2p.btconnectorlib.internal.bluetooth.le.BlePeerDiscoveryUtils: createScanFilter: No service UUID, use manufacturer ID: true
02-10 16:48:12.942 12180 12246 D org.thaliproject.p2p.btconnectorlib.internal.bluetooth.le.BlePeerDiscoveryUtils: manufacturer ID: 15017
02-10 16:48:12.952 12180 12246 D org.thaliproject.p2p.btconnectorlib.internal.bluetooth.le.BlePeerDiscoveryUtils: createScanFilter: BluetoothLeScanFilter [mDeviceName=null, mDeviceAddress=null, mUuid=null, mUuidMask=null, mServiceDataUuid=null, mServiceData=null, mServiceDataMask=null, mManufacturerId=15017, mManufacturerData=null, mManufacturerDataMask=null]
02-10 16:48:12.952 12180 12180 D org.thaliproject.p2p.btconnectorlib.internal.bluetooth.le.BleAdvertiser: notifyAdvertiserStateChanged: started =  true. Current thread: Thread[main,5,main], id: 1
02-10 16:48:12.952 12180 12246 D org.thaliproject.p2p.btconnectorlib.internal.bluetooth.le.BleScanner: start: Current thread: Thread[Thread-3057,7,main], id: 3057
02-10 16:48:12.952 12180 12180 D org.thaliproject.p2p.btconnectorlib.internal.bluetooth.le.BleAdvertiser: setState: finished Current thread: Thread[main,5,main], id: 1
02-10 16:48:12.952 12180 12246 D BluetoothLeScanner: Start Scan
02-10 16:48:12.952 12180 12180 I org.thaliproject.p2p.btconnectorlib.internal.bluetooth.le.BlePeerDiscoverer: onIsAdvertiserStartedChanged: trueCurrent thread: Thread[main,5,main], id: 1
02-10 16:48:12.952 12180 12246 D BluetoothAdapter: STATE_ON
02-10 16:48:12.952 12180 12246 D BluetoothAdapter: STATE_ON
02-10 16:48:12.962 12180 12246 D BluetoothAdapter: STATE_ON
02-10 16:48:12.962 12180 12246 D BluetoothAdapter: STATE_ON
02-10 16:48:12.962 12266 12409 D BtGatt.GattService: registerClient() - UUID=0f9ea150-2fb5-499f-974e-5182cf2cff32
02-10 16:48:12.962  3537  4089 V AlarmManager:  remove PendingIntent] PendingIntent{57f54c5: PendingIntentRecord{9a4c80c com.android.bluetooth broadcastIntent}}
02-10 16:48:12.972  3537  5019 V AlarmManager:  remove PendingIntent] PendingIntent{8694e1a: PendingIntentRecord{9a4c80c com.android.bluetooth broadcastIntent}}
02-10 16:48:12.972  3537  3885 V AlarmManager:  remove PendingIntent] PendingIntent{cbe5d4b: PendingIntentRecord{9a4c80c com.android.bluetooth broadcastIntent}}
02-10 16:48:12.982  3537  4755 V AlarmManager:  remove PendingIntent] PendingIntent{7cc328: PendingIntentRecord{9a4c80c com.android.bluetooth broadcastIntent}}
02-10 16:48:12.982  3537  4412 V AlarmManager:  remove PendingIntent] PendingIntent{1857841: PendingIntentRecord{9a4c80c com.android.bluetooth broadcastIntent}}
02-10 16:48:13.002 12266 12300 D BtGatt.GattService: onClientRegistered() - UUID=0f9ea150-2fb5-499f-974e-5182cf2cff32, clientIf=9
02-10 16:48:13.002 12180 12191 D BluetoothLeScanner: onClientRegistered() - status=0 clientIf=9
02-10 16:48:13.002 12266 12276 D BtGatt.GattService: start scan with filters
02-10 16:48:13.012 12266 12276 D BtGatt.GattService: getScanSettings
02-10 16:48:13.012 12266 12276 D BtGatt.GattService: Is it foreground application = true
02-10 16:48:13.012 12266 12276 D BtGatt.GattService: not a background application
02-10 16:48:13.012 12266 12276 D BtGatt.GattService: [GSIM LOG]: getActualScanMode (2/100 vs 100/5)
02-10 16:48:13.022 12266 12276 D BtGatt.GattService: [GSIM LOG]: getCallingProcessName: com.test.thalitest
02-10 16:48:13.022 12266 12276 D BtGatt.GattService: [GSIM LOG]: getCallingProcessName: com.test.thalitest
02-10 16:48:13.022 12266 12314 E BtGatt.GattService: [GSIM LOG]: gsimLogHandler: com.test.thalitest, msg: MESSAGE_START_SCAN
02-10 16:48:13.022 12266 12314 D BtGatt.GattService: [GSIM LOG]: gsimLogHandler: prevDate: 10, currDate: 10
02-10 16:48:13.022 12180 12246 D org.thaliproject.p2p.btconnectorlib.internal.bluetooth.le.BleScanner: start: scan started
02-10 16:48:13.022 12180 12246 D org.thaliproject.p2p.btconnectorlib.internal.bluetooth.le.BleScanner: set state: Current thread: Thread[Thread-3057,7,main], id: 3057
02-10 16:48:13.022 12180 12246 D org.thaliproject.p2p.btconnectorlib.internal.bluetooth.le.BleScanner: setState: State changed from NOT_STARTED to RUNNING
02-10 16:48:13.022 12180 12246 D org.thaliproject.p2p.btconnectorlib.internal.bluetooth.le.BleScanner: notifyScannerStateChanged: started =  true. Current thread: Thread[Thread-3057,7,main], id: 3057
02-10 16:48:13.022 12180 12246 I org.thaliproject.p2p.btconnectorlib.internal.bluetooth.le.BlePeerDiscoverer: startScannerAndAdvertiser: adv = true, disc = true
02-10 16:48:13.022 12180 12246 D org.thaliproject.p2p.btconnectorlib.DiscoveryManager: startBlePeerDiscoverer: OK
02-10 16:48:13.022 12180 12180 D org.thaliproject.p2p.btconnectorlib.internal.bluetooth.le.BlePeerDiscoverer: updateState : Current thread: Thread[main,5,main], id: 1
02-10 16:48:13.022 12180 12180 D org.thaliproject.p2p.btconnectorlib.internal.bluetooth.le.BlePeerDiscoverer: updateState: deducedStateSet: [SCANNING, ADVERTISING]
02-10 16:48:13.022 12180 12180 D org.thaliproject.p2p.btconnectorlib.internal.bluetooth.le.BlePeerDiscoverer: updateState: stateSet: [ADVERTISING]
02-10 16:48:13.022 12180 12180 D org.thaliproject.p2p.btconnectorlib.internal.bluetooth.le.BlePeerDiscoverer: Current thread: Thread[main,5,main], id: 1
02-10 16:48:13.022 12180 12180 D org.thaliproject.p2p.btconnectorlib.internal.bluetooth.le.BlePeerDiscoverer: updateState: State changed from [ADVERTISING] to [SCANNING, ADVERTISING]Current thread: Thread[main,5,main], id: 1
02-10 16:48:13.022 12180 12180 D org.thaliproject.p2p.btconnectorlib.internal.bluetooth.le.BlePeerDiscoverer: update state finished. Current thread: Thread[main,5,main], id: 1
02-10 16:48:13.022 12180 12180 I org.thaliproject.p2p.btconnectorlib.internal.bluetooth.le.BlePeerDiscoverer: onIsScannerStartedChanged: trueCurrent thread: Thread[main,5,main], id: 1
02-10 16:48:13.022 12180 12180 D org.thaliproject.p2p.btconnectorlib.internal.bluetooth.le.BlePeerDiscoverer: updateState : Current thread: Thread[main,5,main], id: 1
02-10 16:48:13.022 12180 12180 D org.thaliproject.p2p.btconnectorlib.internal.bluetooth.le.BlePeerDiscoverer: updateState: deducedStateSet: [SCANNING, ADVERTISING]
02-10 16:48:13.022 12180 12180 D org.thaliproject.p2p.btconnectorlib.internal.bluetooth.le.BlePeerDiscoverer: updateState: stateSet: [SCANNING, ADVERTISING]
02-10 16:48:13.022 12180 12180 D org.thaliproject.p2p.btconnectorlib.internal.bluetooth.le.BlePeerDiscoverer: Current thread: Thread[main,5,main], id: 1
02-10 16:48:13.022 12180 12180 D org.thaliproject.p2p.btconnectorlib.internal.bluetooth.le.BlePeerDiscoverer: update state finished. Current thread: Thread[main,5,main], id: 1
02-10 16:48:13.022 12180 12180 I org.thaliproject.p2p.btconnectorlib.DiscoveryManager: onBlePeerDiscovererStateChanged: [ADVERTISING] -> [SCANNING, ADVERTISING] Current thread: Thread[main,5,main], id: 1
02-10 16:48:13.022 12180 12246 I org.thaliproject.p2p.btconnectorlib.DiscoveryManager: start: OK
02-10 16:48:13.022 12180 12246 D org.thaliproject.p2p.btconnectorlib.DiscoveryManager: updateState: Current thread: Thread[Thread-3057,7,main], id: 3057
02-10 16:48:13.022 12266 12304 D BtGatt.ScanManager: handling starting scan
02-10 16:48:13.022 12266 12304 D BluetoothAdapter: STATE_ON
02-10 16:48:13.032 12266 12304 D BluetoothAdapter: STATE_ON
02-10 16:48:13.032  3537  4089 V AlarmManager:  remove PendingIntent] PendingIntent{3be31e6: PendingIntentRecord{9a4c80c com.android.bluetooth broadcastIntent}}
02-10 16:48:13.032 12266 12300 D BtGatt.GattService: onScanFilterEnableDisabled() - clientIf=9, status=0, action=1
02-10 16:48:13.032 12266 12300 D BtGatt.ScanManager: callback done for clientIf - 9 status - 0
02-10 16:48:13.032 12180 12246 D org.thaliproject.p2p.btconnectorlib.DiscoveryManager: updateStateInternal Current thread: Thread[Thread-3057,7,main], id: 3057
02-10 16:48:13.032 12266 12304 D BtGatt.ScanManager: set filter index= 6 for clientIf= 9
02-10 16:48:13.032 12180 12246 D org.thaliproject.p2p.btconnectorlib.DiscoveryManager: updateState: State: RUNNING_BLE, is discovering: true, is advertising: true
02-10 16:48:13.032 12266 12304 D BtGatt.ScanManager: High Rssi Filter value is = -128
02-10 16:48:13.032 12266 12304 D BtGatt.ScanManager: Low Rssi Filter value is = -128
02-10 16:48:13.032 12266 12304 D BtGatt.ScanManager: configureFilterParamter 1500 10000 4 0highRssiThreshold = -128lowRssiThreshold = -128matchmode is =2
02-10 16:48:13.032 12180 12246 D org.thaliproject.p2p.btconnectorlib.DiscoveryManager: updateStateInternal finished Current thread: Thread[Thread-3057,7,main], id: 3057
02-10 16:48:13.032 12180 12246 D org.thaliproject.p2p.btconnectorlib.DiscoveryManager: updateState finished Current thread: Thread[Thread-3057,7,main], id: 3057
02-10 16:48:13.032 12180 12246 I io.jxcore.node.ConnectionHelper: start: OK
02-10 16:48:13.032 12180 12180 D org.thaliproject.p2p.btconnectorlib.DiscoveryManager: updateState: Current thread: Thread[main,5,main], id: 1
02-10 16:48:13.032 12266 12314 D BtGatt.GattService: [GSIM LOG]: increaseScanCount : com.test.thalitest : 842
02-10 16:48:13.032 12266 12314 D BtGatt.GattService: [GSIM LOG]: increaseScanCount : com.test.thalitest, com.test.thalitest
02-10 16:48:13.032 12180 12246 I jxcore-log: 2017-02-10 13:48:13 - DEBUG thaliMobileNativeWrapper: 'discoveryAdvertisingStateUpdateNonTCP: {"discoveryActive":false,"advertisingActive":true}'
02-10 16:48:13.032 12180 12246 I jxcore-log: 
02-10 16:48:13.032 12266 12300 D BtGatt.GattService: onScanFilterParamsConfigured() - clientIf=9, status=0, action=0, availableSpace=27
02-10 16:48:13.032 12266 12300 D BtGatt.ScanManager: callback done for clientIf - 9 status - 0
02-10 16:48:13.032 12266 12304 D BtGatt.ScanManager: Starting BLE batch scan
02-10 16:48:13.032 12266 12304 D BtGatt.ScanManager: configuring batch scan storage, appIf 9
02-10 16:48:13.042 12180 12246 I jxcore-log: 2017-02-10 13:48:13 - INFO thaliMobile: 'Received state ({"discoveryActive":false,"advertisingActive":true}) did not match with target ({"started":false,"listening":false,"advertising":false,"networkType":"BOTH","startArguments":{"router":null,"pskIdToSecret":null,"networkType":null}})'
02-10 16:48:13.042 12180 12246 I jxcore-log: 
02-10 16:48:13.042 12180 12246 I jxcore-log: 2017-02-10 13:48:13 - INFO thaliMobile: 'Filtered out discoveryAdvertisingStateUpdate (was in stopped state).'
02-10 16:48:13.042 12180 12246 I jxcore-log: 
02-10 16:48:13.042 12266 12314 D BtGatt.GattService: [GSIM LOG]: increaseScanCount 4 Battery : com.test.thalitest : 4
02-10 16:48:13.042 12266 12314 D BtGatt.GattService: [GSIM LOG]: setScanTime : com.test.thalitest : 24778908
02-10 16:48:13.042 12266 12314 D BtGatt.GattService: [GSIM LOG]: setRequestedScanType : com.test.thalitest : 2
02-10 16:48:13.042 12266 12314 D BtGatt.GattService: [GSIM LOG]: setActualScanType : com.test.thalitest : 2
02-10 16:48:13.042 12266 12314 D BtGatt.GattService: [GSIM LOG]: updateScanTime: 0
02-10 16:48:13.042 12266 12314 D BtGatt.GattService: [GSIM LOG]: com.test.thalitest@LowLatency, R time : 66 => 66
02-10 16:48:13.042 12266 12314 D BtGatt.GattService: [GSIM LOG]: com.test.thalitest@LowLatency, A time : 66 => 66
02-10 16:48:13.042 12266 12314 D BtGatt.GattService: [GSIM LOG]: updateScanTime: 0
02-10 16:48:13.042 12266 12314 D BtGatt.GattService: [GSIM LOG]: com.test.thalitest@LowLatency, R time : 66 => 66
02-10 16:48:13.042 12266 12314 D BtGatt.GattService: [GSIM LOG]: com.test.thalitest@LowLatency, A time : 66 => 66
02-10 16:48:13.042 12266 12314 D BtGatt.GattService: [GSIM LOG]: setActualScanType : com.test.thalitest : 2
02-10 16:48:13.042 12266 12314 D BtGatt.GattService: [GSIM LOG]: updateScanTime: 0
02-10 16:48:13.042 12266 12314 D BtGatt.GattService: [GSIM LOG]: com.test.thalitest@LowLatency, R time : 66 => 66
02-10 16:48:13.042 12266 12314 D BtGatt.GattService: [GSIM LOG]: com.test.thalitest@LowLatency, A time : 66 => 66
02-10 16:48:13.042 12266 12314 D BtGatt.GattService: [GSIM LOG]: setScanTime : com.test.thalitest : 24778908
02-10 16:48:13.042 12266 12314 D BtGatt.GattService: [GSIM LOG]: updateScanTime: 0
02-10 16:48:13.042 12266 12314 D BtGatt.GattService: [GSIM LOG]: com.samsung.android.beaconmanager@Custom, R time : 108 => 108
02-10 16:48:13.042 12266 12314 D BtGatt.GattService: [GSIM LOG]: com.samsung.android.beaconmanager@LowLatency, A time : 44 => 44
02-10 16:48:13.042 12266 12314 D BtGatt.GattService: [GSIM LOG]: setActualScanType : com.samsung.android.beaconmanager : 2
02-10 16:48:13.042 12266 12314 D BtGatt.GattService: [GSIM LOG]: updateScanTime: 0
02-10 16:48:13.042 12266 12314 D BtGatt.GattService: [GSIM LOG]: com.samsung.android.beaconmanager@Custom, R time : 108 => 108
02-10 16:48:13.042 12266 12314 D BtGatt.GattService: [GSIM LOG]: com.samsung.android.beaconmanager@LowLatency, A time : 44 => 44
02-10 16:48:13.042 12266 12314 D BtGatt.GattService: [GSIM LOG]: setScanTime : com.samsung.android.beaconmanager : 24778908
02-10 16:48:13.052 12180 12180 D org.thaliproject.p2p.btconnectorlib.DiscoveryManager: updateStateInternal Current thread: Thread[main,5,main], id: 1
02-10 16:48:13.052 12180 12180 D org.thaliproject.p2p.btconnectorlib.DiscoveryManager: updateStateInternal finished Current thread: Thread[main,5,main], id: 1
02-10 16:48:13.052 12180 12180 D org.thaliproject.p2p.btconnectorlib.DiscoveryManager: updateState finished Current thread: Thread[main,5,main], id: 1
02-10 16:48:13.052 12180 12180 I io.jxcore.node.ConnectionHelper: onDiscoveryManagerStateChanged: State: RUNNING_BLE, is discovering: true, is advertising: true
02-10 16:48:13.052  3537  4885 V AlarmManager:  remove PendingIntent] PendingIntent{9138327: PendingIntentRecord{9a4c80c com.android.bluetooth broadcastIntent}}
02-10 16:48:13.062 12266 12300 D BtGatt.GattService: onBatchScanStorageConfigured() - clientIf=9, status=0
02-10 16:48:13.062 12266 12300 D BtGatt.ScanManager: callback done for clientIf - 9 status - 0
02-10 16:48:13.062  3537  4254 V AlarmManager:  remove PendingIntent] PendingIntent{66ee9d4: PendingIntentRecord{9a4c80c com.android.bluetooth broadcastIntent}}
02-10 16:48:13.062 12266 12300 D BtGatt.GattService: onBatchScanStartStopped() - clientIf=9, status=0, startStopAction=1
02-10 16:48:13.062 12266 12300 D BtGatt.ScanManager: callback done for clientIf - 9 status - 0
02-10 16:48:13.062  3537  4755 V AlarmManager:  remove PendingIntent] PendingIntent{670577d: PendingIntentRecord{fecb327 com.android.bluetooth broadcastIntent}}
02-10 16:48:13.062  3537  4089 V AlarmManager:  remove PendingIntent] PendingIntent{2b8672: PendingIntentRecord{9a4c80c com.android.bluetooth broadcastIntent}}
02-10 16:48:13.072  3537  5019 V AlarmManager:  remove PendingIntent] PendingIntent{3ab2ac3: PendingIntentRecord{9a4c80c com.android.bluetooth broadcastIntent}}
02-10 16:48:13.082  3537  7084 V AlarmManager:  remove PendingIntent] PendingIntent{cbacf40: PendingIntentRecord{9a4c80c com.android.bluetooth broadcastIntent}}
02-10 16:48:13.082  3537  4013 V AlarmManager:  remove PendingIntent] PendingIntent{22fee79: PendingIntentRecord{9a4c80c com.android.bluetooth broadcastIntent}}
02-10 16:48:13.092  3537  4412 V AlarmManager:  remove PendingIntent] PendingIntent{3a797be: PendingIntentRecord{9a4c80c com.android.bluetooth broadcastIntent}}
02-10 16:48:13.092  3537  3561 V AlarmManager:  remove PendingIntent] PendingIntent{98bb01f: PendingIntentRecord{9a4c80c com.android.bluetooth broadcastIntent}}
02-10 16:48:13.102  3537  4419 V AlarmManager:  remove PendingIntent] PendingIntent{71d9f6c: PendingIntentRecord{9a4c80c com.android.bluetooth broadcastIntent}}
02-10 16:48:13.102  3537  4343 V AlarmManager:  remove PendingIntent] PendingIntent{7b7f935: PendingIntentRecord{9a4c80c com.android.bluetooth broadcastIntent}}
02-10 16:48:13.112  3537  4017 V AlarmManager:  remove PendingIntent] PendingIntent{b4171ca: PendingIntentRecord{9a4c80c com.android.bluetooth broadcastIntent}}
02-10 16:48:13.122  3537  4412 V AlarmManager:  remove PendingIntent] PendingIntent{7c52f3b: PendingIntentRecord{9a4c80c com.android.bluetooth broadcastIntent}}
02-10 16:48:13.552 12180 12180 V io.jxcore.node.ConnectionHelper: Notifying discovery manager state change: is discovering: true, is advertising: true
02-10 16:48:13.552 12180 12180 V io.jxcore.node.StartStopOperation: isTargetState: Connectivity: RUNNING, discovery: RUNNING_BLE, is discovering: true, is advertising: true - Start operation: Should affect listening to advertisements only
02-10 16:48:13.552 12180 12180 D io.jxcore.node.StartStopOperationHandler: processCurrentOperationStatus: Operation successfully executed
02-10 16:48:13.562 12180 12246 I jxcore-log: ok 99 Can call startListeningForAdvertisements without error
02-10 16:48:13.562 12180 12246 I jxcore-log: 
02-10 16:48:13.562 12180 12246 I jxcore-log: 2017-02-10 13:48:13 - DEBUG thaliMobileNativeWrapper: 'discoveryAdvertisingStateUpdateNonTCP: {"discoveryActive":true,"advertisingActive":true}'
02-10 16:48:13.562 12180 12246 I jxcore-log: 
02-10 16:48:13.562 12180 12246 I jxcore-log: 2017-02-10 13:48:13 - INFO thaliMobile: 'Received state ({"discoveryActive":true,"advertisingActive":true}) did not match with target ({"started":false,"listening":false,"advertising":false,"networkType":"BOTH","startArguments":{"router":null,"pskIdToSecret":null,"networkType":null}})'
02-10 16:48:13.562 12180 12246 I jxcore-log: 
02-10 16:48:13.572 12180 12246 I jxcore-log: 2017-02-10 13:48:13 - INFO thaliMobile: 'Filtered out discoveryAdvertisingStateUpdate (was in stopped state).'
02-10 16:48:13.572 12180 12246 I jxcore-log: 
02-10 16:48:13.912 12266 12361 D IOP_DB_BT: db_query_create: id EnforceMasterRole :: key KEY_BDADDR, value 08:21:ef:82:2a:96
02-10 16:48:13.912 12266 12361 D IOP_DB_BT: db_query_add_key: key KEY_LMP_MFCT, value 15
02-10 16:48:13.912 12266 12361 D IOP_DB_BT: db_query_add_key: key KEY_LMP_VER, value 8:24838
02-10 16:48:13.912 12266 12361 D IOP_DB_BT: db_query_add_key: key KEY_DIR_ALL, value *
02-10 16:48:13.922 12266 12361 D IOP_DB_BT: db_query_execute: result 1
02-10 16:48:13.922 12266 12361 D IOP_DB_BT: db_query_create: id EnforceSlaveRole :: key KEY_BDADDR, value 08:21:ef:82:2a:96
02-10 16:48:13.922 12266 12361 D IOP_DB_BT: db_query_add_key: key KEY_LMP_MFCT, value 15
02-10 16:48:13.922 12266 12361 D IOP_DB_BT: db_query_add_key: key KEY_LMP_VER, value 8:24838
02-10 16:48:13.922 12266 12361 D IOP_DB_BT: db_query_add_key: key KEY_DIR_ALL, value *
02-10 16:48:13.922 12266 12361 D IOP_DB_BT: db_query_execute: result 1
02-10 16:48:13.922  3537  3885 V AlarmManager:  remove PendingIntent] PendingIntent{5fb4658: PendingIntentRecord{9a4c80c com.android.bluetooth broadcastIntent}}
02-10 16:48:13.932  3537  4013 V AlarmManager:  remove PendingIntent] PendingIntent{b7bf3b1: PendingIntentRecord{9a4c80c com.android.bluetooth broadcastIntent}}
02-10 16:48:13.932 12266 12361 W bt_btm  : btm_acl_created :: remote features already known
02-10 16:48:13.932 12266 12361 E bt_btm  : btm_sec_set_peer_sec_caps :: Set BTM_SM4_TRUE!!!
02-10 16:48:13.932 12266 12361 W bt_btm  : btm_acl_created: pend:0
02-10 16:48:13.942  3537  4412 V AlarmManager:  remove PendingIntent] PendingIntent{3ece096: PendingIntentRecord{9a4c80c com.android.bluetooth broadcastIntent}}
02-10 16:48:13.932 12266 12361 D IOP_DB_BT: db_query_create: id EnforceMasterRole :: key KEY_BDADDR, value 08:21:ef:82:2a:96
02-10 16:48:13.932 12266 12361 D IOP_DB_BT: db_query_add_key: key KEY_LMP_MFCT, value 15
02-10 16:48:13.932 12266 12361 D IOP_DB_BT: db_query_add_key: key KEY_LMP_VER, value 8:24838
02-10 16:48:13.932 12266 12361 D IOP_DB_BT: db_query_add_key: key KEY_DIR_ALL, value *
02-10 16:48:13.932 12266 12361 D IOP_DB_BT: db_query_execute: result 1
02-10 16:48:13.932 12266 12361 D IOP_DB_BT: db_query: id SkipSdpInfo :: key KEY_BDADDR, value 08:21:ef:82:2a:96
02-10 16:48:13.952  3537  3561 V AlarmManager:  remove PendingIntent] PendingIntent{24d8417: PendingIntentRecord{9a4c80c com.android.bluetooth broadcastIntent}}
02-10 16:48:13.942 12266 12361 D IOP_DB_BT: db_query: result 1
02-10 16:48:13.942 12266 12361 W bt_btm  : Duplicate btm_acl_created: RemBdAddr: 0821ef822a96
02-10 16:48:13.942 12266 12361 W bt_btif : bta_dm_acl_change(), event : 0
02-10 16:48:13.942 12266 12361 W bt_btif : bta_dm_acl_change info: 0x10
02-10 16:48:13.942 12266 12300 D bt_btif_dm: remote version info [08:21:ef:82:2a:96]: 8, f, 6106
02-10 16:48:13.942 12266 12361 W bt_btif : bta_dm_acl_change(), event : 2
02-10 16:48:13.962  3537  4419 V AlarmManager:  remove PendingIntent] PendingIntent{a0a7004: PendingIntentRecord{9a4c80c com.android.bluetooth broadcastIntent}}
02-10 16:48:13.972  3537  4343 V AlarmManager:  remove PendingIntent] PendingIntent{bab19ed: PendingIntentRecord{9a4c80c com.android.bluetooth broadcastIntent}}
02-10 16:48:13.982 12266 12300 E BluetoothRemoteDevices: aclStateChangeCallback: State:Connected to Device:08:21:EF:82:2A:XX, linktype is 1
02-10 16:48:13.982  3537  4755 V AlarmManager:  remove PendingIntent] PendingIntent{40e7022: PendingIntentRecord{9a4c80c com.android.bluetooth broadcastIntent}}
02-10 16:48:13.982 12266 12300 D BluetoothUtils: getBtEnabledContainers(): btContainers = []
02-10 16:48:13.982  3537  3537 D KnoxKeyguardUpdateMonitor: BroadcastReceiver onReceive
02-10 16:48:13.982  3537  3537 D KnoxKeyguardUpdateMonitor: BroadcastReceiver onReceive action: android.bluetooth.device.action.ACL_CONNECTED
02-10 16:48:13.982  3537  3537 D KnoxKeyguardUpdateMonitor: BroadcastReceiver ACTION_ACL_CONNECTED
02-10 16:48:13.992 12266 12266 D BleAudioService: onReceive:: INTENT mAobleStateChangeListener got : android.bluetooth.device.action.ACL_CONNECTED
02-10 16:48:13.992 12266 12266 D BleAudioService: ACTION_ACL_CONNECTED
02-10 16:48:14.002  3537  3614 V BroadcastQueue: [background] Process cur broadcast BroadcastRecord{c9c4ab3 u0 android.bluetooth.device.action.ACL_CONNECTED qIdx=4}, state= (APP_RECEIVE) DELIVERED for app ProcessRecord{5788feb 10642:com.samsung.fresco.logging/5015}
02-10 16:48:14.002  3971  4164 V BluetoothEventManager: onReceive :: android.bluetooth.device.action.NAME_CHANGED
02-10 16:48:14.012 12266 12300 D BluetoothUtils: getBtEnabledContainers(): btContainers = []
02-10 16:48:14.012  3537  4419 V AlarmManager:  remove PendingIntent] PendingIntent{6c08870: PendingIntentRecord{9a4c80c com.android.bluetooth broadcastIntent}}
02-10 16:48:14.032  3971  4236 D BluetoothTile: handleUpdateState :  supported = true, enabled = true, enabling = false, connected = false, connecting = false, mController.getLastDeviceName() = null
02-10 16:48:14.042  3537  3560 D StatusBarManagerService: setIcon slot=bluetooth index=18 icon=StatusBarIcon(icon=Icon(typ=RESOURCE pkg=com.android.systemui id=0x7f02049a) visible user=0 )
02-10 16:48:14.042  3537  3885 D StatusBarManagerService: setIconVisibility slot=bluetooth visible=true
02-10 16:48:14.062  3537  3845 V AlarmManager: Expired Alarm result :4
02-10 16:48:14.072  3537  4089 V BroadcastQueue: [background] Process cur broadcast BroadcastRecord{c9c4ab3 u0 android.bluetooth.device.action.ACL_CONNECTED qIdx=4}, state= (APP_RECEIVE) DELIVERED for app ProcessRecord{15954f3 10692:com.sec.android.app.shealth:remote/u0a35}
02-10 16:48:14.082 12266 12361 W bt_btif : bta_dm_pm_ssr conn_srvc id:26, app_id:255
02-10 16:48:14.082 12266 12361 W bt_btif : bta_dm_pm_ssr:2, lat:1200
02-10 16:48:14.092 12266 12276 E BluetoothRemoteDevices: setRfcommConnected true
02-10 16:48:14.092 12180 12291 I org.thaliproject.p2p.btconnectorlib.internal.bluetooth.BluetoothServerThread: Incoming connection accepted
02-10 16:48:14.092  3537  4089 V BroadcastQueue: [background] Process cur broadcast BroadcastRecord{c9c4ab3 u0 android.bluetooth.device.action.ACL_CONNECTED qIdx=4}, state= (APP_RECEIVE) DELIVERED for app ProcessRecord{2eb6ccb 2847:com.skype.raider/u0a118}
02-10 16:48:14.102 12180 12291 D BluetoothSocket: getInputStream(): myUserId = 0
02-10 16:48:14.112  3537  4419 V BroadcastQueue: [background] Process cur broadcast BroadcastRecord{c9c4ab3 u0 android.bluetooth.device.action.ACL_CONNECTED qIdx=4}, state= (APP_RECEIVE) DELIVERED for app ProcessRecord{c87d33b 5251:com.google.android.gms.persistent/u0a18}
02-10 16:48:14.132 12180 12291 D BluetoothSocket: getOutputStream(): myUserId = 0
02-10 16:48:14.132 12180 12291 D org.thaliproject.p2p.btconnectorlib.internal.bluetooth.BluetoothServerThread: Incoming connection initialized with handshake (thread ID: 3062)
02-10 16:48:14.132 12180 12301 D org.thaliproject.p2p.btconnectorlib.utils.BluetoothSocketIoThread: Entering thread (ID: 3062)
02-10 16:48:14.132 12180 12291 V org.thaliproject.p2p.btconnectorlib.internal.bluetooth.BluetoothServerThread: closeBluetoothServerSocket: Bluetooth server socket closed
02-10 16:48:14.132 12180 12301 D org.thaliproject.p2p.btconnectorlib.internal.bluetooth.BluetoothServerThread: onBytesRead: Read 46 bytes successfully (thread ID: 3062)
02-10 16:48:14.132 12180 12301 I org.thaliproject.p2p.btconnectorlib.internal.bluetooth.BluetoothServerThread: Got valid identity from [08:21:EF:82:2A:96 4]
02-10 16:48:14.132 12180 12301 D org.thaliproject.p2p.btconnectorlib.internal.bluetooth.BluetoothServerThread: onBytesWritten: 46 bytes successfully written (thread ID: 3062)
02-10 16:48:14.132 12180 12301 D org.thaliproject.p2p.btconnectorlib.internal.bluetooth.BluetoothServerThread: onBytesWritten:  Peer props = [08:21:EF:82:2A:96 4]
02-10 16:48:14.132 12266 12361 D IOP_DB_BT: db_query: id DisableSniff :: key KEY_BDADDR, value 08:21:ef:82:2a:96
02-10 16:48:14.132 12180 12301 D org.thaliproject.p2p.btconnectorlib.internal.bluetooth.BluetoothServerThread: removeThreadFromList: Removing thread with ID 3062
02-10 16:48:14.132 12180 12301 D org.thaliproject.p2p.btconnectorlib.internal.bluetooth.BluetoothServerThread: Handshake thread disposed (thread ID: 3062)
02-10 16:48:14.132 12180 12301 D org.thaliproject.p2p.btconnectorlib.internal.bluetooth.BluetoothServerThread: onIncomingConnectionConnected socket:android.bluetooth.BluetoothSocket@b6673ea, properties: [08:21:EF:82:2A:96 4]
02-10 16:48:14.132 12180 12301 I org.thaliproject.p2p.btconnectorlib.internal.bluetooth.BluetoothConnector: onIncomingConnectionConnected: [08:21:EF:82:2A:96 4]
02-10 16:48:14.132 12266 12361 D IOP_DB_BT: db_query: result 1
02-10 16:48:14.132 12266 12361 D IOP_DB_BT: db_query: id ExtendSniffTime :: key KEY_BDADDR, value 08:21:ef:82:2a:96
02-10 16:48:14.132 12180 12301 I org.thaliproject.p2p.btconnectorlib.internal.bluetooth.BluetoothConnector: onIncomingConnectionConnected: posted = true
02-10 16:48:14.132 12180 12301 D org.thaliproject.p2p.btconnectorlib.utils.BluetoothSocketIoThread: Exiting thread (ID: 3062)
02-10 16:48:14.132 12266 12361 D IOP_DB_BT: db_query: result 1
02-10 16:48:14.132 12180 12180 D org.thaliproject.p2p.btconnectorlib.internal.bluetooth.BluetoothConnector: onIncomingConnectionConnected: bluetoothSocket.isConnected() true
02-10 16:48:14.132 12180 12180 I org.thaliproject.p2p.btconnectorlib.ConnectionManager: onConnected: [08:21:EF:82:2A:96 4]
02-10 16:48:14.132 12180 12180 I org.thaliproject.p2p.btconnectorlib.ConnectionManager: onConnected run: [08:21:EF:82:2A:96 4]. Current thread: Thread[main,5,main], id: 1
02-10 16:48:14.132 12180 12180 I io.jxcore.node.ConnectionHelper: onConnected: Incoming connection to peer [08:21:EF:82:2A:96 4]
02-10 16:48:14.132 12180 12180 I io.jxcore.node.ConnectionHelper: onConnected: This ([08:21:EF:82:2A:96 4]) is a new (undiscovered) peer - add it to the model
02-10 16:48:14.132 12180 12180 V org.thaliproject.p2p.btconnectorlib.utils.PeerModel: addOrUpdateDiscoveredPeer: [08:21:EF:82:2A:96 4]
02-10 16:48:14.132 12180 12180 D org.thaliproject.p2p.btconnectorlib.utils.PeerModel: Want to call onPeerAdded. Listeners size = 1
02-10 16:48:14.132 12180 12180 D org.thaliproject.p2p.btconnectorlib.DiscoveryManager: onPeerAdded: [08:21:EF:82:2A:96 4]
02-10 16:48:14.132 12180 12180 V org.thaliproject.p2p.btconnectorlib.utils.PeerModel: addOrUpdateDiscoveredPeer: New peer, [08:21:EF:82:2A:96 4], added - the peer count is 1
02-10 16:48:14.142 12180 12291 D BluetoothSocket: bindListen(): myUserId = 0
02-10 16:48:14.142 12180 12291 W BluetoothAdapter: getBluetoothService() called with no BluetoothManagerCallback
02-10 16:48:14.142 12266 12266 D BtGatt.ScanManager: awakened up at time 623321443
02-10 16:48:14.142 12266 12304 D BtGatt.ScanManager: flushPendingBatchResults - clientIf = 9
02-10 16:48:14.152 12266 12300 D BtGatt.GattService: onBatchScanReports() - clientIf=9, status=0, reportType=2, numRecords=3
02-10 16:48:14.152 12266 12300 D BtGatt.ScanManager: callback done for clientIf - 9 status - 0
02-10 16:48:14.152 12266 12300 D BtGatt.GattService: current time is 623321448391367
02-10 16:48:14.152 12266 12300 D BtGatt.GattService: Batch record : [31, 95, 41, 87, -93, 67, 1, -128, -43, 6, 0, 29, 17, 7, 9, 110, -45, -120, -12, -15, 20, -65, -33, 68, -111, -33, -83, -71, -4, -9, 10, 22, -83, -71, 4, 8, 33, -17, -126, 42, -106, 0, 117, -47, -27, -52, -97, 113, 1, -128, -43, 20, 0, 29, 17, 7, 9, 110, -45, -120, -12, -15, 20, -65, -33, 68, -111, -33, -83, -71, -4, -9, 10, 22, -83, -71, 4, -40, 91, 42, 78, 125, -6, 0, -6, 125, 78, 42, 91, -40, 0, -128, -43, 7, 0, 29, 17, 7, 9, 110, -45, -120, -12, -15, 20, -65, -33, 68, -111, -33, -83, -71, -4, -9, 10, 22, -83, -71, 4, -40, 91, 42, 78, 125, -6, 0]
02-10 16:48:14.152 12266 12300 D BtGatt.GattService: ScanRecord : [17, 7, 9, 110, -45, -120, -12, -15, 20, -65, -33, 68, -111, -33, -83, -71, -4, -9, 10, 22, -83, -71, 4, 8, 33, -17, -126, 42, -106]
02-10 16:48:14.152 12266 12300 D ScanRecord: parseFromBytes
02-10 