Android device log.
  2017-02-10T13:47:24.023Z
  Device info:
  {
    "id": "ad081603480f209327",
    "type": "device",
    "usb": "1-2",
    "product": "heroltexx",
    "model": "SM_G930F",
    "device": "herolte"
}
================================================================================

--------- beginning of main
02-10 16:47:20.775  8461  8461 D [WeatherWidget(1240)]  ClearDataReceiver: {[2B4A2AC40B5A9FD87A06E8EADDAC90140D0735C4111B00ED5A4BFDD943296A603CF64C72E7F3E6D25FF9ACC8831CFEFAAF9CFCCA971A42420C7C4462190C6970D4522B06ADB15EB3E59FE8EB8A3E9AFDD5D2AB9B31156DE1DDC5944B88E54D0C50672D4927A69A2C51549B7DAC910B05]}
--------- beginning of system
02-10 16:47:20.775  3443  4003 V BroadcastQueue: [background] Process cur broadcast BroadcastRecord{9fa97cb u0 android.intent.action.PACKAGE_DATA_CLEARED qIdx=4}, state= (APP_RECEIVE) DELIVERED for app ProcessRecord{6f92128 8461:com.sec.android.daemonapp/u0a158}
02-10 16:47:20.775  3443  4003 V BroadcastQueue: [background] Process cur broadcast BroadcastRecord{9fa97cb u0 android.intent.action.PACKAGE_DATA_CLEARED qIdx=4}, state= (APP_RECEIVE) DELIVERED for app ProcessRecord{8d2d330 2023:com.google.android.gms.persistent/u0a18}
02-10 16:47:20.785  3157 13603 V audio_hw_primary: start_input_stream: set_hw_echoReference_enable(false)
02-10 16:47:20.785  3157 13603 W audio_hw_primary: start_input_stream echoReference effect is not supported.
02-10 16:47:20.785  3443  4319 V AlarmManager:  remove PendingIntent] PendingIntent{3c4afb5: PendingIntentRecord{d594a6e com.android.bluetooth broadcastIntent}}
02-10 16:47:20.795  2296 13608 I LocationSettingsChecker: Removing dialog suppression flag for package com.test.thalitest
02-10 16:47:20.805  2296 13607 D Wear_Controller: Received broadcast action=android.intent.action.PACKAGE_DATA_CLEARED and uri=com.test.thalitest
02-10 16:47:20.805  3443  3462 V AlarmManager:  remove PendingIntent] PendingIntent{df58084: PendingIntentRecord{d594a6e com.android.bluetooth broadcastIntent}}
02-10 16:47:20.815  2296  2492 I Icing   : doRemovePackageData com.test.thalitest
02-10 16:47:20.815  3443  5070 V BroadcastQueue: [background] Process cur broadcast BroadcastRecord{9fa97cb u0 android.intent.action.PACKAGE_DATA_CLEARED qIdx=4}, state= (APP_RECEIVE) DELIVERED for app ProcessRecord{371cc44 12827:com.facebook.katana/u0a98}
02-10 16:47:20.825  3443  5070 V BroadcastQueue: [background] Process cur broadcast BroadcastRecord{9fa97cb u0 android.intent.action.PACKAGE_DATA_CLEARED qIdx=4}, state= (APP_RECEIVE) DELIVERED for app ProcessRecord{8f666d2 3130:com.google.android.apps.photos/u0a128}
02-10 16:47:20.835  3443  3461 V AlarmManager:  remove PendingIntent] PendingIntent{86534a2: PendingIntentRecord{d594a6e com.android.bluetooth broadcastIntent}}
02-10 16:47:20.845  3443  5070 V BroadcastQueue: [background] Process cur broadcast BroadcastRecord{6cf533 u0 com.android.launcher.action.HOME_MODE_CHANGE qIdx=4}, state= (APP_RECEIVE) DELIVERED for app ProcessRecord{9e1c427 12929:com.sec.android.app.clockpackage/u0a86}
02-10 16:47:20.845  3443  4237 V AlarmManager:  remove PendingIntent] PendingIntent{98c20f0: PendingIntentRecord{d594a6e com.android.bluetooth broadcastIntent}}
02-10 16:47:20.855  3157 13603 D audio_hw_primary: start_input_stream (0xec29a0e0) in->config.rate:48000 in->config.format:0
02-10 16:47:20.855  3157 13603 D PreProcess: new SamsungRecord
02-10 16:47:20.855  3157 13603 D PreProcess: new NS
02-10 16:47:20.855  3157 13603 I samsungRecord: [samsungrecord] SamsungRecInit 
02-10 16:47:20.855  3157 13603 I samsungRecord: [samsungrecordMIC]Use HardCoding Values
02-10 16:47:20.855  3157 13603 I samsungRecord: 1
02-10 16:47:20.855  3157 13603 D SamsungRecord_NS: [SamsungRecord_NS] Init SR 16000
02-10 16:47:20.855  3157 13603 D SamsungRecord_NS: [SamsungRecord_NS] getLevel inputsource 6, ret_level 3
02-10 16:47:20.855  3157 13603 I samsungRecord: [samsungrecord] MicCalonoff 1
02-10 16:47:20.855  3157 13603 I audio_hw_primary: is_voice_wakeup : ret =  0  , wakeup_baby_cry_enabled = 0  ,  wakeup_mic_enabled = 0 
02-10 16:47:20.855  3157 13603 I audio_hw_primary: get_input_snd_device_id device:0xc
02-10 16:47:20.855  3157 13603 V audio_hw_primary: select_devices output_scenario:-1 input_scenario:26 out_snd_device 0x0 in_snd_device:0xc
02-10 16:47:20.855  3157 13603 I audio_route: 
02-10 16:47:20.855  3157 13603 I audio_route: > audio_route_reset :
02-10 16:47:20.855  3157 13603 I audio_route: 
02-10 16:47:20.855  3157 13603 I audio_route: > audio_route_apply_path : "recognition-mic"
02-10 16:47:20.855  3157 13603 V audio_hw_primary: select_devices() input_route "recognition-mic" 
02-10 16:47:20.855  3157 13603 I audio_route: 
02-10 16:47:20.855  3157 13603 I audio_route: > audio_route_apply_path : "gain-recognition-mic"
02-10 16:47:20.855  3157 13603 V audio_hw_primary: select_devices() input_gain "gain-recognition-mic" 
02-10 16:47:20.855  3157 13603 I audio_route: 
02-10 16:47:20.855  3157 13603 I audio_route: > audio_route_update_mixer : +
02-10 16:47:20.855  3157 13603 I audio_route: > audio_route_update_mixer : changed(0) -
02-10 16:47:20.855  3157 13603 I audio_hw_primary: select_devices - 
02-10 16:47:20.855  3157 13603 V audio_hw_primary: start_input_stream -
02-10 16:47:20.855  3443  3859 V AlarmManager:  remove PendingIntent] PendingIntent{c535669: PendingIntentRecord{d594a6e com.android.bluetooth broadcastIntent}}
02-10 16:47:20.855  3443  4615 V BroadcastQueue: [background] Process cur broadcast BroadcastRecord{6cf533 u0 com.android.launcher.action.HOME_MODE_CHANGE qIdx=4}, state= (APP_RECEIVE) DELIVERED for app ProcessRecord{9e1c427 12929:com.sec.android.app.clockpackage/u0a86}
02-10 16:47:20.865  3443  4615 V BroadcastQueue: [background] Process cur broadcast BroadcastRecord{6cf533 u0 com.android.launcher.action.HOME_MODE_CHANGE qIdx=4}, state= (APP_RECEIVE) DELIVERED for app ProcessRecord{9e1c427 12929:com.sec.android.app.clockpackage/u0a86}
02-10 16:47:20.875  3443  4615 V BroadcastQueue: [background] Process cur broadcast BroadcastRecord{6cf533 u0 com.android.launcher.action.HOME_MODE_CHANGE qIdx=4}, state= (APP_RECEIVE) DELIVERED for app ProcessRecord{9e1c427 12929:com.sec.android.app.clockpackage/u0a86}
02-10 16:47:20.875  3443  4554 V AlarmManager:  remove PendingIntent] PendingIntent{205f8ee: PendingIntentRecord{d594a6e com.android.bluetooth broadcastIntent}}
02-10 16:47:20.875  3443  3899 D MdnieScenarioControlService:  packageName : com.sec.android.app.launcher    className : com.sec.android.app.launcher.activities.LauncherActivity
02-10 16:47:20.875  3443  3899 I MdnieScenarioControlService: mGameModeLauncher : false
02-10 16:47:20.875  3443  5457 V AlarmManager:  remove PendingIntent] PendingIntent{477b18f: PendingIntentRecord{d594a6e com.android.bluetooth broadcastIntent}}
02-10 16:47:20.885  3443  4003 V AlarmManager:  remove PendingIntent] PendingIntent{2aa5c1c: PendingIntentRecord{d594a6e com.android.bluetooth broadcastIntent}}
02-10 16:47:20.885  3443  4000 V AlarmManager:  remove PendingIntent] PendingIntent{441f025: PendingIntentRecord{d594a6e com.android.bluetooth broadcastIntent}}
02-10 16:47:20.885  3443  4411 V AlarmManager:  remove PendingIntent] PendingIntent{8dcb5fa: PendingIntentRecord{d594a6e com.android.bluetooth broadcastIntent}}
02-10 16:47:20.885  3443  3859 V AlarmManager:  remove PendingIntent] PendingIntent{ec7d7ab: PendingIntentRecord{d594a6e com.android.bluetooth broadcastIntent}}
02-10 16:47:20.885  3443  5456 V AlarmManager:  remove PendingIntent] PendingIntent{80f1e08: PendingIntentRecord{d594a6e com.android.bluetooth broadcastIntent}}
02-10 16:47:20.885  3443  3899 I MdnieScenarioControlService: setUIMode
02-10 16:47:20.925  1485  1485 I MicroDetectionWorker: onReady
02-10 16:47:21.045  3443  3531 D CustomFrequencyManagerService: releaseDVFSLockLocked : Getting Lock type frm List : DVFS_MIN_LIMIT  frequency : 1872000  uid : 1000  pid : 3443  tag : ACTIVITY_RESUME_BOOSTER@3
02-10 16:47:21.045  3443  3531 D ActivityManager: mDVFSHelper.release()
02-10 16:47:21.045  3443  3531 D CustomFrequencyManagerService: acquireDVFSLockLocked : type : DVFS_MIN_LIMIT  frequency : 1872000  uid : 1000  pid : 3443  pkgName : ACTIVITY_RESUME_BOOSTER@9
02-10 16:47:21.135  3443  3566 I Timeline: Timeline: Activity_windows_visible id: ActivityRecord{13f6982 u0 com.sec.android.app.launcher/.activities.LauncherActivity t1038} time:520476542
02-10 16:47:21.135  3443  3566 D KnoxTimeoutHandler: notifyActivityDrawn [MsgParam] userId: 0 fullscreen is true showWhenlocked is false
02-10 16:47:21.135  3443  3443 D KnoxTimeoutHandler: activityDrawn [MsgParam] userId: 0 fullscreen is true showWhenlocked is false
02-10 16:47:21.135  3443  3443 I KnoxTimeoutHandler: SD activityfalse
02-10 16:47:21.165  3004  3004 D libEGL  : eglInitialize EGLDisplay = 0x7fe16ab3c8
02-10 16:47:21.355  3443  3443 D CustomFrequencyManagerService: releaseDVFSLockLocked : Getting Lock type frm List : DVFS_MIN_LIMIT  frequency : 1872000  uid : 1000  pid : 3443  tag : ACTIVITY_RESUME_BOOSTER@9
02-10 16:47:22.205 13618 13618 I FIPS_bssl: FIPS approved mode (1) | 13618 | app_process
02-10 16:47:22.205 13618 13618 D AndroidRuntime: >>>>>> START com.android.internal.os.RuntimeInit uid 2000 <<<<<<
02-10 16:47:22.215 13618 13618 D AndroidRuntime: CheckJNI is OFF
02-10 16:47:22.215 13618 13618 D AndroidRuntime: readGMSProperty: start
02-10 16:47:22.215 13618 13618 D AndroidRuntime: readGMSProperty: already setted!!
02-10 16:47:22.215 13618 13618 D AndroidRuntime: propertySet: couldn't set property (it is from app)
02-10 16:47:22.215 13618 13618 D AndroidRuntime: readGMSProperty: could not set the property(default)!!
02-10 16:47:22.215 13618 13618 D AndroidRuntime: propertySet: couldn't set property (it is from app)
02-10 16:47:22.215 13618 13618 D AndroidRuntime: readGMSProperty: end
02-10 16:47:22.215 13618 13618 D AndroidRuntime: addProductProperty: start
02-10 16:47:22.225 13618 13618 D ICU     : No timezone override file found: /data/misc/zoneinfo/current/icu/icu_tzdata.dat
02-10 16:47:22.245 13618 13618 I Radio-JNI: register_android_hardware_Radio DONE
02-10 16:47:22.255 13618 13618 E AffinityControl: AffinityControl: registerfunction enter
02-10 16:47:22.255 13618 13618 D AndroidRuntime: Calling main entry com.android.commands.am.Am
02-10 16:47:22.285  3443  4003 D VirtualScreenPolicy: applyVirtualScreenAttrs attrs=VirtualScreenAttrs{mDisplayId=0, mBaseDisplayId=0, mBaseActivity=false}
02-10 16:47:22.285  3443  4003 D InputDispatcher: Focused application set to: xxxx
02-10 16:47:22.285  4307  4307 D Launcher: onPause, Launcher: 53152968
02-10 16:47:22.285  4307  4307 D Launcher.HomeView: onPause
02-10 16:47:22.285  4307  4307 D Launcher.Workspace: exitWidgetResizeMode. isClearResizeFrame is false
02-10 16:47:22.285  3443  4003 D InputDispatcher: Focus left window: 4307
02-10 16:47:22.285 13618 13618 D AndroidRuntime: Shutting down VM
02-10 16:47:22.285  3443  4003 D GameManagerService: identifyGamePackage. com.test.thalitest
02-10 16:47:22.285  3443  4003 D MultiWindowPolicy: Gamemode - return 0,  when calling  identifyForegroundApp(com.test.thalitest)
02-10 16:47:22.285  3443  4003 D CustomFrequencyManagerService: acquireDVFSLockLocked : type : DVFS_MIN_LIMIT  frequency : 1872000  uid : 1000  pid : 3443  pkgName : ACTIVITY_RESUME_BOOSTER@3
02-10 16:47:22.285  3443  4003 D ActivityManager: mDVFSHelper.acquire()
02-10 16:47:22.285  3443  4003 D FocusedStackFrame: Set to : 0
02-10 16:47:22.285  3443  4003 V WindowManager: addAppToken: AppWindowToken{d0daa4387 token=Token{b3037c6 ActivityRecord{bc669a1 u0 com.test.thalitest/.MainActivity t1108}}} to stack=2 task=1108 at 0
02-10 16:47:22.295  3443  3566 D ViewRootImpl: #1 mView = com.android.internal.policy.PhoneWindow$DecorView{56e1c7f V.E...... R.....ID 0,0-0,0}
02-10 16:47:22.295  3443  3566 D ISSUE_DEBUG: InputChannelName : 1882c95 Starting com.test.thalitest
02-10 16:47:22.295  3443  3566 D PointerIcon: setMouseIconStyle1 pointerType: 1001 iconType:101 flag:0 pid:3443 uid:1000
02-10 16:47:22.295  3443  3566 D PointerIcon: setMouseCustomIcon IconType is same.101
02-10 16:47:22.295 13627 13627 E Zygote  : v2
02-10 16:47:22.295  3443  3566 D SecWifiDisplayUtil: Metadata value : SecSettings2
02-10 16:47:22.295 13627 13627 I libpersona: KNOX_SDCARD checking this for 10306
02-10 16:47:22.295 13627 13627 I libpersona: KNOX_SDCARD not a persona
02-10 16:47:22.305 13627 13627 W SELinux : Function: selinux_compare_spd_ram, index[1], priority [2], priority version is VE=SEPF_SECMOBILE_6.0.1_0013
02-10 16:47:22.305 13627 13627 E Zygote  : accessInfo : 0
02-10 16:47:22.305 13627 13627 W SELinux : SELinux: seapp_context_lookup: seinfo=default, level=s0:c512,c768, pkgname=com.test.thalitest 
02-10 16:47:22.305  1485  1588 W SearchService: Abort, client detached.
02-10 16:47:22.305  1485 13598 I PBSessionCacheImpl: Deleted sessionId[6532585701713195] from persistence.
02-10 16:47:22.305  1485  1485 I MicroDetector: Keeping mic open: false
02-10 16:47:22.305  1485 13600 I DeviceStateChecker: DeviceStateChecker cancelled
02-10 16:47:22.305  1485 13602 I AudioController: internalShutdown
02-10 16:47:22.305  1485 13602 I MicrophoneInputStream: mic_close com.google.android.apps.gsa.speech.audio.af@3a8d85b
02-10 16:47:22.305  1485 32608 I MicroRecognitionRunner: Stopping hotword detection.
02-10 16:47:22.305  1485 13597 E AudioRecord-JNI: Error -4 during AudioRecord native read
02-10 16:47:22.305  3004  3004 I SurfaceFlinger: id=352 createSurf (1440x2560),1 flag=404, uhalitest
02-10 16:47:22.305  3443  3566 D ViewRootImpl: MSG_RESIZED_REPORT: ci=Rect(0, 96 - 0, 0) vi=Rect(0, 96 - 0, 0) or=1
02-10 16:47:22.305  3443  5070 I ActivityManager: Start proc 13627:com.test.thalitest/u0a306 for activity com.test.thalitest/.MainActivity
02-10 16:47:22.305  3443  3875 D NetworkPolicy: isUidForegroundLocked: 10306, mScreenOn: true, uidstate: -1, mProxSensorScreenOff: false
02-10 16:47:22.315 13627 13627 D TimaKeyStoreProvider: TimaSignature is unavailable
02-10 16:47:22.315 13627 13627 D ActivityThread: Added TimaKeyStore provider
02-10 16:47:22.315  3443  3462 V WindowOrientationListener: setCurrentAppOrientation :-1
02-10 16:47:22.315  3443  3462 V WindowManager: rotationForOrientationLw(orient=-1, last=0); user=0 USER_ROTATION_LOCKED sensorRotation=-1 mLidState=-1 mDockMode=0 mHdmiPlugged=false mMobileKeyboardEnabled=false displayId=0
02-10 16:47:22.315  3443  3462 D ActivityManager:  Launching com.test.thalitest, updated priority
02-10 16:47:22.325  3157  4489 I APM::AudioPolicyManager: stopInput() input 111
02-10 16:47:22.325  1485 13599 I MicroRecognitionRunner: Detection finished
02-10 16:47:22.325  3157 13603 I audio_hw_primary: do_in_standby : in->standby 0
02-10 16:47:22.325  3443  3443 D GameManagerService: NotifyRunnable. pkg: com.test.thalitest, type: 4, isMinimized: false, isTunableApp: false
02-10 16:47:22.335  3157 13603 V audio_hw_primary: select_devices output_scenario:-1 input_scenario:-1 out_snd_device 0x0 in_snd_device:0x0
02-10 16:47:22.335  3157 13603 I audio_route: 
02-10 16:47:22.335  3157 13603 I audio_route: > audio_route_reset :
02-10 16:47:22.335  3157 13603 I audio_route: 
02-10 16:47:22.335  3157 13603 I audio_route: > audio_route_update_mixer : +
02-10 16:47:22.335  3004  4516 I SurfaceFlinger: Modify Choreographer's phase offset to 0
02-10 16:47:22.335  3004  4156 I SurfaceFlinger: Modify SurfaceFlinger's phase offset to 0
02-10 16:47:22.335  3443  3566 V WindowStateAnimator: Finishing drawing window Window{1882c95 u0 d0 Starting com.test.thalitest}: mDrawState=DRAW_PENDING
02-10 16:47:22.335  3443  3531 V MARsPolicyManager: updatePackagesScore PackageInfo name -- com.test.thalitest
02-10 16:47:22.335  3443  6676 D GameManagerService: identifyGamePackage. com.test.thalitest
02-10 16:47:22.335  3443  6676 D GameManagerService: identifyGamePackage. com.test.thalitest
02-10 16:47:22.335  3443  6676 D GameManagerService: identifyGamePackage. com.test.thalitest
02-10 16:47:22.335  3443  6676 D GameManagerService: identifyGamePackage. com.test.thalitest
02-10 16:47:22.335  3443  6676 D GameManagerService: identifyGamePackage. com.test.thalitest
02-10 16:47:22.335  3443  3533 D StatusBarManagerService: manageDisableList userId=0 what=0x0 pkg=Window{1882c95 u0 d0 Starting com.test.thalitest}
02-10 16:47:22.345 13627 13627 I InjectionManager: Inside getClassLibPath + mLibMap{0=, 1=}
02-10 16:47:22.345  3004  3004 D libEGL  : eglInitialize EGLDisplay = 0x7fe16ab3c8
02-10 16:47:22.345 13627 13627 W ResourcesManager: getTopLevelResources: /data/app/com.test.thalitest-1/base.apk / 1.0 running in com.test.thalitest rsrc of package com.test.thalitest
02-10 16:47:22.345  3443  4409 I InjectionManagerService -AppFeature: getCoreFeaturePkgList :[]
02-10 16:47:22.355 13627 13627 I InjectionManager: Inside getClassLibPath caller 
02-10 16:47:22.355  3004  3015 D libEGL  : eglTerminate EGLDisplay = 0x7f97e3ee78
02-10 16:47:22.355 13627 13627 D ResourcesManager: For user 0 new overlays fetched Null
02-10 16:47:22.365 13627 13627 D InjectionManager: InjectionManager
02-10 16:47:22.365 13627 13627 D InjectionManager: fillFeatureStoreMap com.test.thalitest
02-10 16:47:22.365 13627 13627 I InjectionManager: Constructor com.test.thalitest, Feature store :{}
02-10 16:47:22.365 13627 13627 I InjectionManager: featureStore :{}
02-10 16:47:22.365  3157 13603 I audio_route: > audio_route_update_mixer : changed(5) -
02-10 16:47:22.365  3157 13603 I audio_hw_primary: select_devices - 
02-10 16:47:22.365  3157  4187 V audio_hw_primary: stop_voice_note_recording
02-10 16:47:22.365  3157  4187 E audio_hw_primary: adev_close_input_stream, set jack_in to null
02-10 16:47:22.365 13627 13627 D RelationGraph: garbageCollect()
02-10 16:47:22.365 13627 13627 W ResourcesManager: getTopLevelResources: /data/app/com.test.thalitest-1/base.apk / 1.0 running in com.test.thalitest rsrc of package com.test.thalitest
02-10 16:47:22.365 13627 13627 D ContextRelationManager: ContextRelationManager() : FEATURE_ENABLED=true
02-10 16:47:22.365 13627 13627 W ResourcesManager: getTopLevelResources: /data/app/com.test.thalitest-1/base.apk / 1.0 running in com.test.thalitest rsrc of package com.test.thalitest
02-10 16:47:22.375 13627 13627 I CordovaLog: Changing log level to DEBUG(3)
02-10 16:47:22.375 13627 13627 I CordovaActivity: Apache Cordova native platform version 6.0.0 is starting
02-10 16:47:22.375 13627 13627 D CordovaActivity: CordovaActivity.onCreate()
02-10 16:47:22.375 13627 13627 I WebViewFactory: Loading com.google.android.webview version 55.0.2883.91 (code 288309150)
02-10 16:47:22.395 13627 13627 I InjectionManager: Inside getClassLibPath caller 
02-10 16:47:22.395 13627 13627 I art     : Rejecting re-init on previously-failed class java.lang.Class<com.android.webview.chromium.TokenBindingManagerAdapter>
02-10 16:47:22.395 13627 13627 I art     : Rejecting re-init on previously-failed class java.lang.Class<com.android.webview.chromium.TokenBindingManagerAdapter>
02-10 16:47:22.395 13627 13627 W ResourcesManager: getTopLevelResources: /data/app/com.google.android.webview-2/base.apk / 1.0 running in com.test.thalitest rsrc of package com.google.android.webview
02-10 16:47:22.395 13627 13627 D ResourcesManager: For user 0 new overlays fetched Null
02-10 16:47:22.405 13627 13627 I art     : Rejecting re-init on previously-failed class java.lang.Class<com.android.webview.chromium.ServiceWorkerControllerAdapter>
02-10 16:47:22.405 13627 13627 I art     : Rejecting re-init on previously-failed class java.lang.Class<com.android.webview.chromium.ServiceWorkerControllerAdapter>
02-10 16:47:22.405 13627 13627 I cr_LibraryLoader: Time to load native libraries: 1 ms (timestamps 7815-7816)
02-10 16:47:22.405 13627 13627 I cr_LibraryLoader: Expected native library version number "55.0.2883.91", actual native library version number "55.0.2883.91"
02-10 16:47:22.415 13627 13627 I cr_LibraryLoader: Expected native library version number "55.0.2883.91", actual native library version number "55.0.2883.91"
02-10 16:47:22.415 13627 13627 I chromium: [INFO:library_loader_hooks.cc(163)] Chromium logging enabled: level = 0, default verbosity = 0
02-10 16:47:22.425 13627 13643 W System.err: remove failed: ENOENT (No such file or directory) : /data/user/0/com.test.thalitest/shared_prefs/WebViewChromiumPrefs.xml.bak
02-10 16:47:22.425 13627 13627 I cr_BrowserStartup: Initializing chromium process, singleProcess=true
02-10 16:47:22.435 13627 13627 D libEGL  : eglInitialize EGLDisplay = 0xffcd46ac
02-10 16:47:22.455  3443  4409 D ActivityManager: The following uid has registered to recieve broadcast for proxy related updates 10306
02-10 16:47:22.455  3443  4409 W ContextImpl: Calling a method in the system process without a qualified user: android.app.ContextImpl.sendBroadcast:845 com.android.server.am.ActivityManagerService.requestKnoxVpnToSendProxyBroadcast:29734 com.android.server.am.ActivityManagerService.registerReceiver:22599 android.app.ActivityManagerNative.onTransact:431 com.android.server.am.ActivityManagerService.onTransact:3990 
02-10 16:47:22.475 13627 13627 D ConnectivityManager: requestNetwork; getAppId(CallingUid) : 10306, CallingPid : 13627
02-10 16:47:22.475  3443  4319 D ConnectivityService: listenForNetwork for Listen from uid/pid:10306/13627 for NetworkRequest [ id=190, legacyType=-1, [ Capabilities: INTERNET&NOT_RESTRICTED&TRUSTED] ]
02-10 16:47:22.475  3443  3887 D ConnectivityService: rematching NetworkAgentInfo [WIFI () - 574]
02-10 16:47:22.475  3443  3887 D ConnectivityService:  network has: NetworkAgentInfo{ ni{[type: WIFI[] - WIFI, state: CONNECTED/CONNECTED, reason: (unspecified), extra: "T", roaming: false, failover: false, isAvailable: true]}  network{574}  lp{{InterfaceName: wlan0 LinkAddresses: [fe80::2e0e:3dff:fe63:6764/64,192.168.2.8/24,]  Routes: [fe80::/64 -> :: wlan0,192.168.2.0/24 -> 0.0.0.0 wlan0,0.0.0.0/0 -> 192.168.2.1 wlan0,] DnsAddresses: [192.168.2.1,] Domains:  MTU: 0 TcpBufferSizes: 524288,1048576,2097120,524288,1048576,4194240}}  nc{[ Transports: WIFI Capabilities: INTERNET&NOT_RESTRICTED&TRUSTED&NOT_VPN&VALIDATED LinkUpBandwidth>=1048576Kbps LinkDnBandwidth>=1048576Kbps SignalStrength: -45]}  Score{60}  everValidated{true}  lastValidated{true}  created{true} lingering{false} explicitlySelected{false} acceptUnvalidated{false} everCaptivePortalDetected{false} lastCaptivePortalDetected{false} }
02-10 16:47:22.475  3443  3887 D ConnectivityService: Network NetworkAgentInfo [WIFI () - 574] was already satisfying request 1. No change.
02-10 16:47:22.475 13627 13627 D SecWifiDisplayUtil: Metadata value : SecSettings2
02-10 16:47:22.475  3443  3887 D ConnectivityService:   checking if request is: NetworkRequest [ id=190, legacyType=-1, [ Capabilities: INTERNET&NOT_RESTRICTED&TRUSTED] ] satisfies: true nri.isRequest: false
02-10 16:47:22.475  3443  3887 D ConnectivityService:   checking if request is: NetworkRequest [ id=98, legacyType=-1, [ Capabilities: INTERNET&NOT_RESTRICTED&TRUSTED] ] satisfies: true nri.isRequest: false
02-10 16:47:22.475  3443  3887 D ConnectivityService:   checking if request is: NetworkRequest [ id=5, legacyType=-1, [] ] satisfies: true nri.isRequest: false
02-10 16:47:22.485  3443  3887 D ConnectivityService:   checking if request is: NetworkRequest [ id=4, legacyType=-1, [ Transports: WIFI Capabilities: INTERNET&NOT_RESTRICTED&TRUSTED&NOT_VPN] ] satisfies: true nri.isRequest: false
02-10 16:47:22.485  3443  3887 D ConnectivityService:   checking if request is: NetworkRequest [ id=3, legacyType=-1, [ Transports: CELLULAR Capabilities: INTERNET&NOT_RESTRICTED&TRUSTED&NOT_VPN] ] satisfies: false nri.isRequest: false
02-10 16:47:22.485  3443  3887 D ConnectivityService:   checking if request is: NetworkRequest [ id=172, legacyType=-1, [ Capabilities: INTERNET&NOT_RESTRICTED&TRUSTED&NOT_VPN] ] satisfies: true nri.isRequest: false
02-10 16:47:22.485  3443  3887 D ConnectivityService: sending notification AVAILABLE for NetworkRequest [ id=190, legacyType=-1, [ Capabilities: INTERNET&NOT_RESTRICTED&TRUSTED] ]
02-10 16:47:22.495 13627 13627 D SystemWebViewEngine: CordovaWebView is running on device made by: samsung
02-10 16:47:22.495 13627 13627 D PluginManager: init()
02-10 16:47:22.495 13627 13627 D CordovaWebViewImpl: >>> loadUrl(file:///android_asset/www/index.html)
02-10 16:47:22.505 13627 13627 I cr_Ime  : ImeThread is enabled.
02-10 16:47:22.515 13627 13627 D Activity: performCreate Call Injection manager
02-10 16:47:22.515 13627 13627 D CordovaActivity: Started the activity.
02-10 16:47:22.515 13627 13627 I InjectionManager: dispatchOnViewCreated > Target : com.test.thalitest.MainActivity isFragment :false
02-10 16:47:22.515 13627 13627 D CordovaActivity: Resumed the activity.
02-10 16:47:22.515 13627 13627 D ViewRootImpl: #1 mView = com.android.internal.policy.PhoneWindow$DecorView{674ace0 I.E...... R.....ID 0,0-0,0}
02-10 16:47:22.515 13627 13681 D OpenGLRenderer: Use EGL_SWAP_BEHAVIOR_PRESERVED: true
02-10 16:47:22.515 13627 13627 D SecWifiDisplayUtil: Metadata value : SecSettings2
02-10 16:47:22.525  3443  4003 D ISSUE_DEBUG: InputChannelName : e15144 com.test.thalitest/com.test.thalitest.MainActivity
02-10 16:47:22.525  3443  5070 D ActivityManager: post active user change for 0 fullscreen true isFloatingActivity() false isHomeActivity() false
02-10 16:47:22.525  3443  5070 D KnoxTimeoutHandler: postActiveUserChange [MsgParam] userId: 0 fullscreen is true showWhenlocked is false
02-10 16:47:22.525  3443  3443 D KnoxTimeoutHandler: handleActiveUserChange [MsgParam] userId: 0 fullscreen is true showWhenlocked is false
02-10 16:47:22.525  3443  3443 I KnoxTimeoutHandler: Shared devices show user statefalse
02-10 16:47:22.525 13627 13627 D ConnectivityManager: requestNetwork; getAppId(CallingUid) : 10306, CallingPid : 13627
02-10 16:47:22.525  3443  4080 D ConnectivityService: listenForNetwork for Listen from uid/pid:10306/13627 for NetworkRequest [ id=191, legacyType=-1, [ Capabilities: INTERNET&NOT_RESTRICTED&TRUSTED] ]
02-10 16:47:22.525  3443  3887 D ConnectivityService: rematching NetworkAgentInfo [WIFI () - 574]
02-10 16:47:22.525  3443  3887 D ConnectivityService:  network has: NetworkAgentInfo{ ni{[type: WIFI[] - WIFI, state: CONNECTED/CONNECTED, reason: (unspecified), extra: "T", roaming: false, failover: false, isAvailable: true]}  network{574}  lp{{InterfaceName: wlan0 LinkAddresses: [fe80::2e0e:3dff:fe63:6764/64,192.168.2.8/24,]  Routes: [fe80::/64 -> :: wlan0,192.168.2.0/24 -> 0.0.0.0 wlan0,0.0.0.0/0 -> 192.168.2.1 wlan0,] DnsAddresses: [192.168.2.1,] Domains:  MTU: 0 TcpBufferSizes: 524288,1048576,2097120,524288,1048576,4194240}}  nc{[ Transports: WIFI Capabilities: INTERNET&NOT_RESTRICTED&TRUSTED&NOT_VPN&VALIDATED LinkUpBandwidth>=1048576Kbps LinkDnBandwidth>=1048576Kbps SignalStrength: -45]}  Score{60}  everValidated{true}  lastValidated{true}  created{true} lingering{false} explicitlySelected{false} acceptUnvalidated{false} everCaptivePortalDetected{false} lastCaptivePortalDetected{false} }
02-10 16:47:22.535 13627 13682 E libEGL  : validate_display:255 error 3008 (EGL_BAD_DISPLAY)
02-10 16:47:22.535 13627 13682 D libEGL  : eglInitialize EGLDisplay = 0xda83f354
02-10 16:47:22.535 13627 13627 E chromium: [ERROR:interface_registry.cc(104)] Failed to locate a binder for interface: autofill::mojom::PasswordManagerDriver
02-10 16:47:22.535 13627 13682 D libEGL  : eglInitialize EGLDisplay = 0xda83f4bc
02-10 16:47:22.535  3443  3887 D ConnectivityService: Network NetworkAgentInfo [WIFI () - 574] was already satisfying request 1. No change.
02-10 16:47:22.535  3443  3887 D ConnectivityService:   checking if request is: NetworkRequest [ id=190, legacyType=-1, [ Capabilities: INTERNET&NOT_RESTRICTED&TRUSTED] ] satisfies: true nri.isRequest: false
02-10 16:47:22.545 13627 13682 W AudioCapabilities: Unsupported mime audio/mpeg-L1
02-10 16:47:22.545 13627 13682 W AudioCapabilities: Unsupported mime audio/mpeg-L2
02-10 16:47:22.545 13627 13682 W AudioCapabilities: Unsupported mime audio/x-ms-wma
02-10 16:47:22.545 13627 13682 W AudioCapabilities: Unsupported mime audio/x-ima
02-10 16:47:22.545 13627 13682 W VideoCapabilities: Unrecognized profile/level 32768/2 for video/mp4v-es
02-10 16:47:22.545  3004  3004 I SurfaceFlinger: id=353 createSurf (1440x2560),1 flag=404, NainActivit
02-10 16:47:22.545  3443  3887 D ConnectivityService:   checking if request is: NetworkRequest [ id=98, legacyType=-1, [ Capabilities: INTERNET&NOT_RESTRICTED&TRUSTED] ] satisfies: true nri.isRequest: false
02-10 16:47:22.545  3443  3887 D ConnectivityService:   checking if request is: NetworkRequest [ id=5, legacyType=-1, [] ] satisfies: true nri.isRequest: false
02-10 16:47:22.545  3443  3887 D ConnectivityService:   checking if request is: NetworkRequest [ id=191, legacyType=-1, [ Capabilities: INTERNET&NOT_RESTRICTED&TRUSTED] ] satisfies: true nri.isRequest: false
02-10 16:47:22.545  3443  3887 D ConnectivityService:   checking if request is: NetworkRequest [ id=4, legacyType=-1, [ Transports: WIFI Capabilities: INTERNET&NOT_RESTRICTED&TRUSTED&NOT_VPN] ] satisfies: true nri.isRequest: false
02-10 16:47:22.545  3443  3887 D ConnectivityService:   checking if request is: NetworkRequest [ id=3, legacyType=-1, [ Transports: CELLULAR Capabilities: INTERNET&NOT_RESTRICTED&TRUSTED&NOT_VPN] ] satisfies: false nri.isRequest: false
02-10 16:47:22.555  3443  4237 D InputDispatcher: Focus entered window: 13627
02-10 16:47:22.555 13627 13682 W VideoCapabilities: Unrecognized profile 2130706433 for video/avc
02-10 16:47:22.555 13627 13682 W VideoCapabilities: Unrecognized profile 2130706433 for video/avc
02-10 16:47:22.555 13627 13682 W VideoCapabilities: Unrecognized profile 2130706433 for video/avc
02-10 16:47:22.555 13627 13682 W VideoCapabilities: Unrecognized profile 2130706433 for video/avc
02-10 16:47:22.555 13627 13682 W VideoCapabilities: Unrecognized profile 2130706433 for video/avc
02-10 16:47:22.555 13627 13682 W VideoCapabilities: Unrecognized profile 2130706433 for video/avc
02-10 16:47:22.555 13627 13682 W VideoCapabilities: Unrecognized profile 2130706433 for video/avc
02-10 16:47:22.555 13627 13682 W VideoCapabilities: Unrecognized profile 2130706433 for video/avc
02-10 16:47:22.555 13627 13682 W VideoCapabilities: Unrecognized profile 2130706433 for video/avc
02-10 16:47:22.555 13627 13682 W VideoCapabilities: Unrecognized profile 2130706433 for video/avc
02-10 16:47:22.555 13627 13682 W VideoCapabilities: Unrecognized profile 2130706433 for video/avc
02-10 16:47:22.555 13627 13682 W VideoCapabilities: Unrecognized profile 2130706433 for video/avc
02-10 16:47:22.555 13627 13682 W VideoCapabilities: Unrecognized profile 2130706433 for video/avc
02-10 16:47:22.555 13627 13682 W VideoCapabilities: Unrecognized profile 2130706433 for video/avc
02-10 16:47:22.555 13627 13682 W VideoCapabilities: Unrecognized profile 2130706433 for video/avc
02-10 16:47:22.555 13627 13682 W VideoCapabilities: Unrecognized profile 2130706433 for video/avc
02-10 16:47:22.555 13627 13682 W VideoCapabilities: Unrecognized profile 2130706433 for video/avc
02-10 16:47:22.555 13627 13682 W VideoCapabilities: Unrecognized profile 2130706434 for video/avc
02-10 16:47:22.555 13627 13682 W VideoCapabilities: Unrecognized profile 2130706434 for video/avc
02-10 16:47:22.555 13627 13682 W VideoCapabilities: Unrecognized profile 2130706434 for video/avc
02-10 16:47:22.555 13627 13682 W VideoCapabilities: Unrecognized profile 2130706434 for video/avc
02-10 16:47:22.555 13627 13682 W VideoCapabilities: Unrecognized profile 2130706434 for video/avc
02-10 16:47:22.555 13627 13682 W VideoCapabilities: Unrecognized profile 2130706434 for video/avc
02-10 16:47:22.555 13627 13682 W VideoCapabilities: Unrecognized profile 2130706434 for video/avc
02-10 16:47:22.555 13627 13682 W VideoCapabilities: Unrecognized profile 2130706434 for video/avc
02-10 16:47:22.555 13627 13682 W VideoCapabilities: Unrecognized profile 2130706434 for video/avc
02-10 16:47:22.555 13627 13682 W VideoCapabilities: Unrecognized profile 2130706434 for video/avc
02-10 16:47:22.555 13627 13682 W VideoCapabilities: Unrecognized profile 2130706434 for video/avc
02-10 16:47:22.555 13627 13682 W VideoCapabilities: Unrecognized profile 2130706434 for video/avc
02-10 16:47:22.555 13627 13682 W VideoCapabilities: Unrecognized profile 2130706434 for video/avc
02-10 16:47:22.555 13627 13682 W VideoCapabilities: Unrecognized profile 2130706434 for video/avc
02-10 16:47:22.555 13627 13682 W VideoCapabilities: Unrecognized profile 2130706434 for video/avc
02-10 16:47:22.555 13627 13682 W VideoCapabilities: Unrecognized profile 2130706434 for video/avc
02-10 16:47:22.555 13627 13682 W VideoCapabilities: Unrecognized profile 2130706434 for video/avc
02-10 16:47:22.555  3443  3566 D PointerIcon: setMouseIconStyle1 pointerType: 1001 iconType:101 flag:0 pid:3443 uid:1000
02-10 16:47:22.555  3443  3566 D PointerIcon: setMouseCustomIcon IconType is same.101
02-10 16:47:22.555 13627 13681 D libEGL  : eglInitialize EGLDisplay = 0xda97f7c4
02-10 16:47:22.555 13627 13681 I OpenGLRenderer: Initialized EGL, version 1.4
02-10 16:47:22.555 13627 13682 W VideoCapabilities: Unrecognized profile 2130706433 for video/avc
02-10 16:47:22.555 13627 13682 W VideoCapabilities: Unrecognized profile 2130706433 for video/avc
02-10 16:47:22.555 13627 13682 W VideoCapabilities: Unrecognized profile 2130706433 for video/avc
02-10 16:47:22.555 13627 13682 W VideoCapabilities: Unrecognized profile 2130706433 for video/avc
02-10 16:47:22.555 13627 13682 W VideoCapabilities: Unrecognized profile 2130706433 for video/avc
02-10 16:47:22.555 13627 13682 W VideoCapabilities: Unrecognized profile 2130706433 for video/avc
02-10 16:47:22.555 13627 13682 W VideoCapabilities: Unrecognized profile 2130706433 for video/avc
02-10 16:47:22.555 13627 13682 W VideoCapabilities: Unrecognized profile 2130706433 for video/avc
02-10 16:47:22.555 13627 13682 W VideoCapabilities: Unrecognized profile 2130706433 for video/avc
02-10 16:47:22.555 13627 13682 W VideoCapabilities: Unrecognized profile 2130706433 for video/avc
02-10 16:47:22.555 13627 13682 W VideoCapabilities: Unrecognized profile 2130706433 for video/avc
02-10 16:47:22.555 13627 13682 W VideoCapabilities: Unrecognized profile 2130706433 for video/avc
02-10 16:47:22.555 13627 13682 W VideoCapabilities: Unrecognized profile 2130706433 for video/avc
02-10 16:47:22.555 13627 13682 W VideoCapabilities: Unrecognized profile 2130706433 for video/avc
02-10 16:47:22.555 13627 13682 W VideoCapabilities: Unrecognized profile 2130706433 for video/avc
02-10 16:47:22.555 13627 13682 W VideoCapabilities: Unrecognized profile 2130706433 for video/avc
02-10 16:47:22.555 13627 13682 W VideoCapabilities: Unrecognized profile 2130706433 for video/avc
02-10 16:47:22.555 13627 13682 W VideoCapabilities: Unrecognized profile 2130706434 for video/avc
02-10 16:47:22.555 13627 13682 W VideoCapabilities: Unrecognized profile 2130706434 for video/avc
02-10 16:47:22.555 13627 13682 W VideoCapabilities: Unrecognized profile 2130706434 for video/avc
02-10 16:47:22.555 13627 13682 W VideoCapabilities: Unrecognized profile 2130706434 for video/avc
02-10 16:47:22.555 13627 13682 W VideoCapabilities: Unrecognized profile 2130706434 for video/avc
02-10 16:47:22.555 13627 13682 W VideoCapabilities: Unrecognized profile 2130706434 for video/avc
02-10 16:47:22.555 13627 13682 W VideoCapabilities: Unrecognized profile 2130706434 for video/avc
02-10 16:47:22.555 13627 13682 W VideoCapabilities: Unrecognized profile 2130706434 for video/avc
02-10 16:47:22.555 13627 13682 W VideoCapabilities: Unrecognized profile 2130706434 for video/avc
02-10 16:47:22.555 13627 13682 W VideoCapabilities: Unrecognized profile 2130706434 for video/avc
02-10 16:47:22.555 13627 13682 W VideoCapabilities: Unrecognized profile 2130706434 for video/avc
02-10 16:47:22.555 13627 13682 W VideoCapabilities: Unrecognized profile 2130706434 for video/avc
02-10 16:47:22.555 13627 13682 W VideoCapabilities: Unrecognized profile 2130706434 for video/avc
02-10 16:47:22.555 13627 13682 W VideoCapabilities: Unrecognized profile 2130706434 for video/avc
02-10 16:47:22.555 13627 13682 W VideoCapabilities: Unrecognized profile 2130706434 for video/avc
02-10 16:47:22.555 13627 13682 W VideoCapabilities: Unrecognized profile 2130706434 for video/avc
02-10 16:47:22.555 13627 13682 W VideoCapabilities: Unrecognized profile 2130706434 for video/avc
02-10 16:47:22.555 13627 13681 D mali_winsys: EGLint new_window_surface(egl_winsys_display*, void*, EGLSurface, EGLConfig, egl_winsys_surface**, egl_color_buffer_format*, EGLBoolean) returns 0x3000,  [1440x2560]-format:1
02-10 16:47:22.555 13627 13682 W VideoCapabilities: Unsupported mime video/wvc1
02-10 16:47:22.555 13627 13682 W VideoCapabilities: Unsupported mime video/x-ms-wmv
02-10 16:47:22.555  3443  3887 D ConnectivityService:   checking if request is: NetworkRequest [ id=172, legacyType=-1, [ Capabilities: INTERNET&NOT_RESTRICTED&TRUSTED&NOT_VPN] ] satisfies: true nri.isRequest: false
02-10 16:47:22.555  3443  3887 D ConnectivityService: sending notification AVAILABLE for NetworkRequest [ id=191, legacyType=-1, [ Capabilities: INTERNET&NOT_RESTRICTED&TRUSTED] ]
02-10 16:47:22.565 13627 13627 D CordovaWebViewImpl: onPageDidNavigate(file:///android_asset/www/index.html)
02-10 16:47:22.565 13627 13627 W DisplayListCanvas: DisplayListCanvas is started on unbinded RenderNode (without mOwningView)
02-10 16:47:22.565 13627 13682 W VideoCapabilities: Unrecognized profile/level 32768/2 for video/mp4v-es
02-10 16:47:22.565 13627 13682 W VideoCapabilities: Unsupported mime video/wvc1
02-10 16:47:22.565 13627 13682 W VideoCapabilities: Unsupported mime video/x-ms-wmv
02-10 16:47:22.565 13627 13682 W VideoCapabilities: Unsupported mime video/x-ms-wmv7
02-10 16:47:22.565 13627 13682 W VideoCapabilities: Unsupported mime video/x-ms-wmv8
02-10 16:47:22.565 13627 13682 W VideoCapabilities: Unsupported mime video/mp43
02-10 16:47:22.575 13627 13682 W VideoCapabilities: Unrecognized profile 2130706433 for video/avc
02-10 16:47:22.575 13627 13682 W VideoCapabilities: Unrecognized profile 2130706433 for video/avc
02-10 16:47:22.575 13627 13682 W VideoCapabilities: Unrecognized profile 2130706433 for video/avc
02-10 16:47:22.575 13627 13682 W VideoCapabilities: Unrecognized profile 2130706433 for video/avc
02-10 16:47:22.575 13627 13682 W VideoCapabilities: Unrecognized profile 2130706433 for video/avc
02-10 16:47:22.575 13627 13682 W VideoCapabilities: Unrecognized profile 2130706433 for video/avc
02-10 16:47:22.575 13627 13682 W VideoCapabilities: Unrecognized profile 2130706433 for video/avc
02-10 16:47:22.575 13627 13682 W VideoCapabilities: Unrecognized profile 2130706433 for video/avc
02-10 16:47:22.575 13627 13682 W VideoCapabilities: Unrecognized profile 2130706433 for video/avc
02-10 16:47:22.575 13627 13682 W VideoCapabilities: Unrecognized profile 2130706433 for video/avc
02-10 16:47:22.575 13627 13682 W VideoCapabilities: Unrecognized profile 2130706433 for video/avc
02-10 16:47:22.575 13627 13682 W VideoCapabilities: Unrecognized profile 2130706433 for video/avc
02-10 16:47:22.575 13627 13682 W VideoCapabilities: Unrecognized profile 2130706433 for video/avc
02-10 16:47:22.575 13627 13682 W VideoCapabilities: Unrecognized profile 2130706433 for video/avc
02-10 16:47:22.575 13627 13682 W VideoCapabilities: Unrecognized profile 2130706433 for video/avc
02-10 16:47:22.575 13627 13682 W VideoCapabilities: Unrecognized profile 2130706433 for video/avc
02-10 16:47:22.575 13627 13682 W VideoCapabilities: Unrecognized profile 2130706433 for video/avc
02-10 16:47:22.575 13627 13682 W VideoCapabilities: Unrecognized profile 2130706434 for video/avc
02-10 16:47:22.575 13627 13682 W VideoCapabilities: Unrecognized profile 2130706434 for video/avc
02-10 16:47:22.575 13627 13682 W VideoCapabilities: Unrecognized profile 2130706434 for video/avc
02-10 16:47:22.575 13627 13682 W VideoCapabilities: Unrecognized profile 2130706434 for video/avc
02-10 16:47:22.575 13627 13682 W VideoCapabilities: Unrecognized profile 2130706434 for video/avc
02-10 16:47:22.575 13627 13682 W VideoCapabilities: Unrecognized profile 2130706434 for video/avc
02-10 16:47:22.575 13627 13682 W VideoCapabilities: Unrecognized profile 2130706434 for video/avc
02-10 16:47:22.575 13627 13682 W VideoCapabilities: Unrecognized profile 2130706434 for video/avc
02-10 16:47:22.575 13627 13682 W VideoCapabilities: Unrecognized profile 2130706434 for video/avc
02-10 16:47:22.575 13627 13682 W VideoCapabilities: Unrecognized profile 2130706434 for video/avc
02-10 16:47:22.575 13627 13682 W VideoCapabilities: Unrecognized profile 2130706434 for video/avc
02-10 16:47:22.575 13627 13682 W VideoCapabilities: Unrecognized profile 2130706434 for video/avc
02-10 16:47:22.575 13627 13682 W VideoCapabilities: Unrecognized profile 2130706434 for video/avc
02-10 16:47:22.575 13627 13682 W VideoCapabilities: Unrecognized profile 2130706434 for video/avc
02-10 16:47:22.575 13627 13682 W VideoCapabilities: Unrecognized profile 2130706434 for video/avc
02-10 16:47:22.575 13627 13682 W VideoCapabilities: Unrecognized profile 2130706434 for video/avc
02-10 16:47:22.575 13627 13682 W VideoCapabilities: Unrecognized profile 2130706434 for video/avc
02-10 16:47:22.575 13627 13682 W VideoCapabilities: Unrecognized profile/level 32768/2 for video/mp4v-es
02-10 16:47:22.585  3443  4003 V WindowStateAnimator: Finishing drawing window Window{e15144 u0 d0 com.test.thalitest/com.test.thalitest.MainActivity}: mDrawState=DRAW_PENDING
02-10 16:47:22.585 13627 13627 D ViewRootImpl: MSG_RESIZED_REPORT: ci=Rect(0, 96 - 0, 0) vi=Rect(0, 96 - 0, 0) or=1
02-10 16:47:22.585  3443  4000 D InputMethodManagerService: windowGainedFocus mCurrentFocusedUserId - 0 and mSecureKeypadEnabled-false
02-10 16:47:22.585  3004  3004 D libEGL  : eglInitialize EGLDisplay = 0x7fe16ab3c8
02-10 16:47:22.585 13627 13682 I VideoCapabilities: Unsupported profile 4 for video/mp4v-es
02-10 16:47:22.585  3443  3566 D KnoxTimeoutHandler: notifyActivityDrawn [MsgParam] userId: 0 fullscreen is true showWhenlocked is false
02-10 16:47:22.585  3443  3443 D KnoxTimeoutHandler: activityDrawn [MsgParam] userId: 0 fullscreen is true showWhenlocked is false
02-10 16:47:22.585  3443  3566 I ActivityManager: Displayed com.test.thalitest/.MainActivity: +299ms
02-10 16:47:22.585  3443  3443 I KnoxTimeoutHandler: SD activityfalse
02-10 16:47:22.585  3443  3899 D MdnieScenarioControlService:  packageName : com.test.thalitest    className : com.test.thalitest.MainActivity
02-10 16:47:22.595  3443  3566 D ViewRootImpl: #3 mView = null
02-10 16:47:22.595  8786  8786 D SamsungIME: IMPL finishInput
02-10 16:47:22.595  8786  8786 D SamsungIME: SwiftKeyWrapper writeDBdataToFileOnFinishInput
02-10 16:47:22.595  8786  8786 D SamsungIME: saveAndClear +
02-10 16:47:22.595  8786  8786 D SamsungIME: saveAndClear -
02-10 16:47:22.595  3443  4411 V WindowStateAnimator: Finishing drawing window Window{e15144 u0 d0 com.test.thalitest/com.test.thalitest.MainActivity}: mDrawState=HAS_DRAWN
02-10 16:47:22.595 13627 13627 I Timeline: Timeline: Activity_idle id: android.os.BinderProxy@a27c1bd time:520478007
02-10 16:47:22.605  3004  3004 D libEGL  : eglInitialize EGLDisplay = 0x7fe16ab3c8
02-10 16:47:22.605 13627 13682 W VideoCapabilities: Unsupported mime video/sorenson
02-10 16:47:22.615 13627 13682 D libGLESv2: DTS_GLAPI : DTS is not allowed for Package : com.test.thalitest
02-10 16:47:22.625 13627 13627 W cr_BindingManager: Cannot call determinedVisibility() - never saw a connection for the pid: 13627
02-10 16:47:22.655  3004  3004 D libEGL  : eglInitialize EGLDisplay = 0x7fe16ab3c8
02-10 16:47:22.655  3443  3566 I Timeline: Timeline: Activity_windows_visible id: ActivityRecord{bc669a1 u0 com.test.thalitest/.MainActivity t1108} time:520478064
02-10 16:47:22.655  3443  3566 D CustomFrequencyManagerService: releaseDVFSLockLocked : Getting Lock type frm List : DVFS_MIN_LIMIT  frequency : 1872000  uid : 1000  pid : 3443  tag : ACTIVITY_RESUME_BOOSTER@3
02-10 16:47:22.655  3443  3566 D ActivityManager: mDVFSHelper.release()
02-10 16:47:22.675  4307  4307 D Launcher.HomeView: onStop
02-10 16:47:22.675  4307  4307 D capture : ----destroy
02-10 16:47:22.685  3443  3566 D KnoxTimeoutHandler: notifyActivityDrawn [MsgParam] userId: 0 fullscreen is true showWhenlocked is false
02-10 16:47:22.685  3443  3443 D KnoxTimeoutHandler: activityDrawn [MsgParam] userId: 0 fullscreen is true showWhenlocked is false
02-10 16:47:22.685  4307  4307 D Launcher: onTrimMemory. Level: 20
02-10 16:47:22.685  4307  4307 V ActivityThread: updateVisibility : ActivityRecord{5d3eca0 token=android.os.BinderProxy@f7f1147 {com.sec.android.app.launcher/com.sec.android.app.launcher.activities.LauncherActivity}} show : false
02-10 16:47:22.685  3443  3899 I MdnieScenarioControlService: mGameModeLauncher : false
02-10 16:47:22.695  3443  3443 I KnoxTimeoutHandler: SD activityfalse
02-10 16:47:22.695  3443  3531 D CustomFrequencyManagerService: acquireDVFSLockLocked : type : DVFS_MIN_LIMIT  frequency : 1872000  uid : 1000  pid : 3443  pkgName : ACTIVITY_RESUME_BOOSTER@9
02-10 16:47:22.695  3443  3875 D NetworkPolicy: isUidForegroundLocked: 10067, mScreenOn: true, uidstate: 3, mProxSensorScreenOff: false
02-10 16:47:22.695  3443  3899 I MdnieScenarioControlService: setUIMode
02-10 16:47:22.705 13627 13627 D JsMessageQueue: Set native->JS mode to EvalBridgeMode
02-10 16:47:22.715 13627 13627 D CordovaWebViewImpl: onPageFinished(file:///android_asset/www/index.html)
02-10 16:47:22.725  3004  4156 I SurfaceFlinger: id=351 Removed MauncherAct (3/11)
02-10 16:47:22.725  3004  3013 I SurfaceFlinger: id=351 Removed MauncherAct (-2/11)
02-10 16:47:22.735  3004  3004 D libEGL  : eglTerminate EGLDisplay = 0x7fe16ab4e8
02-10 16:47:22.745  3443  5457 V AlarmManager:  remove PendingIntent] PendingIntent{4b5ecba: PendingIntentRecord{d594a6e com.android.bluetooth broadcastIntent}}
02-10 16:47:22.755  3443  4237 V AlarmManager:  remove PendingIntent] PendingIntent{172a76b: PendingIntentRecord{d594a6e com.android.bluetooth broadcastIntent}}
02-10 16:47:22.785 13627 13692 D jxcore_app_log: JniHelper::setJavaVM(0xf4b34000), pthread_self() = -710411984
02-10 16:47:22.785 13627 13692 V org.thaliproject.p2p.btconnectorlib.ConnectionManagerSettings: load: 
02-10 16:47:22.785 13627 13692 V org.thaliproject.p2p.btconnectorlib.ConnectionManagerSettings:     - Connection timeout in milliseconds: 15000
02-10 16:47:22.785 13627 13692 V org.thaliproject.p2p.btconnectorlib.ConnectionManagerSettings:     - Insecure RFCOMM socket port number: -1
02-10 16:47:22.785 13627 13692 V org.thaliproject.p2p.btconnectorlib.ConnectionManagerSettings:     - Maximum number of connection attempt retries: 0
02-10 16:47:22.785 13627 13692 V org.thaliproject.p2p.btconnectorlib.ConnectionManagerSettings:     - Handshake required: true
02-10 16:47:22.785 13627 13692 V org.thaliproject.p2p.btconnectorlib.ConnectionManagerSettings: addListener: Listener org.thaliproject.p2p.btconnectorlib.ConnectionManager@13c7b0e added. We now have 1 listener(s)
02-10 16:47:22.785 13627 13692 V org.thaliproject.p2p.btconnectorlib.DiscoveryManagerSettings: addListener: Listener org.thaliproject.p2p.btconnectorlib.ConnectionManager@13c7b0e added. We now have 1 listener(s)
02-10 16:47:22.785 13627 13692 V org.thaliproject.p2p.btconnectorlib.DiscoveryManagerSettings: load: 
02-10 16:47:22.785 13627 13692 V org.thaliproject.p2p.btconnectorlib.DiscoveryManagerSettings:     - Automate Bluetooth MAC address resolution: true
02-10 16:47:22.785 13627 13692 V org.thaliproject.p2p.btconnectorlib.DiscoveryManagerSettings:     - Provide Bluetooth MAC address timeout in milliseconds: 40000
02-10 16:47:22.785 13627 13692 V org.thaliproject.p2p.btconnectorlib.DiscoveryManagerSettings:     - Bluetooth MAC address: null
02-10 16:47:22.785 13627 13692 V org.thaliproject.p2p.btconnectorlib.DiscoveryManagerSettings:     - Discovery mode: BLE
02-10 16:47:22.785 13627 13692 V org.thaliproject.p2p.btconnectorlib.DiscoveryManagerSettings:     - Peer expiration time in milliseconds: 60000
02-10 16:47:22.785 13627 13692 V org.thaliproject.p2p.btconnectorlib.DiscoveryManagerSettings:     - Manufacturer ID: 76
02-10 16:47:22.785 13627 13692 V org.thaliproject.p2p.btconnectorlib.DiscoveryManagerSettings:     - Beacon ad length and type: 533
02-10 16:47:22.785 13627 13692 V org.thaliproject.p2p.btconnectorlib.DiscoveryManagerSettings:     - Beacon ad extra information: 256
02-10 16:47:22.785 13627 13692 V org.thaliproject.p2p.btconnectorlib.DiscoveryManagerSettings:     - Advertisement data type: DO_NOT_CARE
02-10 16:47:22.785 13627 13692 V org.thaliproject.p2p.btconnectorlib.DiscoveryManagerSettings:     - Advertise mode: 1
02-10 16:47:22.785 13627 13692 V org.thaliproject.p2p.btconnectorlib.DiscoveryManagerSettings:     - Advertise TX power level: 2
02-10 16:47:22.785 13627 13692 V org.thaliproject.p2p.btconnectorlib.DiscoveryManagerSettings:     - Scan mode: 1
02-10 16:47:22.785 13627 13692 V org.thaliproject.p2p.btconnectorlib.DiscoveryManagerSettings:     - Scan report delay in milliseconds: 500
02-10 16:47:22.785 13627 13692 I org.thaliproject.p2p.btconnectorlib.DiscoveryManagerSettings: setBluetoothMacAddress: D8:5B:2A:4E:7D:FA
02-10 16:47:22.785 13627 13692 D org.thaliproject.p2p.btconnectorlib.internal.AbstractBluetoothConnectivityAgent: verifyIdentityString: One or more of the following values are invalid: ", Bluetooth MAC address: "D8:5B:2A:4E:7D:FA"Peer extra info: "256
02-10 16:47:22.785 13627 13692 D org.thaliproject.p2p.btconnectorlib.internal.bluetooth.BluetoothConnector: BluetoothConnector: Bluetooth name: Thali_Bluetooth, service record UUID: fa87c0d0-afac-11de-8a39-0800200c9a66
02-10 16:47:22.785 13627 13692 D org.thaliproject.p2p.btconnectorlib.internal.bluetooth.BluetoothConnector: setIdentityString: 
