02-10 16:48:03.793 22664 22758 D org.thaliproject.p2p.btconnectorlib.internal.bluetooth.BluetoothServerThread: Entering thread
02-10 16:48:03.793 22664 22730 D org.thaliproject.p2p.btconnectorlib.DiscoveryManager: startBlePeerDiscoverer
02-10 16:48:03.793 22664 22730 V io.jxcore.node.ConnectionHelper: Received a request for permission "android.permission.ACCESS_COARSE_LOCATION", but we are expecting that all the required permissions have already been granted
02-10 16:48:03.793 22664 22730 V org.thaliproject.p2p.btconnectorlib.DiscoveryManager: getBlePeerDiscovererInstanceAndCheckBluetoothMacAddress: Constructing...
02-10 16:48:03.793 22664 22758 D BluetoothSocket: bindListen(): myUserId = 0
02-10 16:48:03.793 22664 22758 W BluetoothAdapter: getBluetoothService() called with no BluetoothManagerCallback
02-10 16:48:03.803 22664 22730 D BluetoothAdapter: STATE_ON
02-10 16:48:03.803 22664 22730 D BluetoothAdapter: STATE_ON
02-10 16:48:03.803 22664 22758 I org.thaliproject.p2p.btconnectorlib.internal.bluetooth.BluetoothServerThread: Waiting for incoming connections...
02-10 16:48:03.803 22664 22730 D BluetoothAdapter: STATE_ON
02-10 16:48:03.803 22664 22730 D org.thaliproject.p2p.btconnectorlib.internal.bluetooth.le.BleAdvertiser: setAdvertiseSettings, Current thread: Thread[Thread-2514,7,main], id: 2514
02-10 16:48:03.803 22664 22730 I org.thaliproject.p2p.btconnectorlib.internal.bluetooth.le.BleAdvertiser: setAdvertiseSettings: Mode: 2, Tx power level: 3, timeout: 0, is connectable: false
02-10 16:48:03.803 22664 22730 D BluetoothAdapter: STATE_ON
02-10 16:48:03.803 22664 22730 D BluetoothAdapter: STATE_ON
02-10 16:48:03.803 22664 22730 D org.thaliproject.p2p.btconnectorlib.internal.bluetooth.le.BleScanner: applyAdditionalMarshmallowSettings
02-10 16:48:03.803 22664 22730 I org.thaliproject.p2p.btconnectorlib.internal.bluetooth.le.BleScanner: setScanSettings: Mode: 2, report delay in milliseconds: 500, scan result type: 0
02-10 16:48:03.803 22664 22730 D org.thaliproject.p2p.btconnectorlib.internal.bluetooth.le.BlePeerDiscoverer: Beacon extra: 0
02-10 16:48:03.813 22664 22730 D BluetoothAdapter: STATE_ON
02-10 16:48:03.813 22664 22730 D org.thaliproject.p2p.btconnectorlib.internal.bluetooth.le.BlePeerDiscoverer: startAdvertiser: Current thread: Thread[Thread-2514,7,main], id: 2514
02-10 16:48:03.813 22664 22730 D org.thaliproject.p2p.btconnectorlib.internal.bluetooth.le.BlePeerDiscoverer: stopPeerAddressHelperAdvertiser Current thread: Thread[Thread-2514,7,main], id: 2514
02-10 16:48:03.813 22664 22730 I org.thaliproject.p2p.btconnectorlib.internal.bluetooth.le.BlePeerDiscoverer: startAdvertiser: Starting...
02-10 16:48:03.813 22664 22730 D org.thaliproject.p2p.btconnectorlib.internal.bluetooth.le.BlePeerDiscoverer: createAdvertiseData: createAdvertiseDataToServiceData 
02-10 16:48:03.813 22664 22730 I org.thaliproject.p2p.btconnectorlib.internal.bluetooth.le.PeerAdvertisementFactory: createAdvertiseDataToServiceData: Service UUID: "f7fcb9ad-df91-44df-bf14-f1f488d36e09", Bluetooth MAC address: "08:21:EF:82:2A:96"
02-10 16:48:03.813 22664 22730 V org.thaliproject.p2p.btconnectorlib.internal.bluetooth.le.PeerAdvertisementFactory: createAdvertiseDataToServiceData: Service data (length is 7 bytes): 00 08 21 EF 82 2A 96
02-10 16:48:03.813 22664 22730 V org.thaliproject.p2p.btconnectorlib.internal.bluetooth.le.PeerAdvertisementFactory: createAdvertiseDataToServiceData: Created: AdvertiseData [mServiceUuids=[f7fcb9ad-df91-44df-bf14-f1f488d36e09], mManufacturerSpecificData={}, mServiceData={f7fcb9ad-df91-44df-bf14-f1f488d36e09=[0, 8, 33, -17, -126, 42, -106]}, mIncludeTxPowerLevel=false, mIncludeDeviceName=false]
02-10 16:48:03.813 22664 22730 I org.thaliproject.p2p.btconnectorlib.internal.bluetooth.le.BlePeerDiscoverer: createAdvertiseData: created AdvertiseData [mServiceUuids=[f7fcb9ad-df91-44df-bf14-f1f488d36e09], mManufacturerSpecificData={}, mServiceData={f7fcb9ad-df91-44df-bf14-f1f488d36e09=[0, 8, 33, -17, -126, 42, -106]}, mIncludeTxPowerLevel=false, mIncludeDeviceName=false]
02-10 16:48:03.813 22664 22730 D org.thaliproject.p2p.btconnectorlib.internal.bluetooth.le.BleAdvertiser: setAdvertiseData: Current thread: Thread[Thread-2514,7,main], id: 2514
02-10 16:48:03.813 22664 22730 D org.thaliproject.p2p.btconnectorlib.internal.bluetooth.le.BleAdvertiser: setAdvertiseData: AdvertiseData [mServiceUuids=[f7fcb9ad-df91-44df-bf14-f1f488d36e09], mManufacturerSpecificData={}, mServiceData={f7fcb9ad-df91-44df-bf14-f1f488d36e09=[0, 8, 33, -17, -126, 42, -106]}, mIncludeTxPowerLevel=false, mIncludeDeviceName=false]. Current thread: Thread[Thread-2514,7,main], id: 2514
02-10 16:48:03.813 22664 22730 D org.thaliproject.p2p.btconnectorlib.internal.bluetooth.le.BleAdvertiser: setAdvertiseData: was started = false
02-10 16:48:03.813 22664 22730 D org.thaliproject.p2p.btconnectorlib.internal.bluetooth.le.BleAdvertiser: setAdvertiseData: advertiseData = AdvertiseData [mServiceUuids=[f7fcb9ad-df91-44df-bf14-f1f488d36e09], mManufacturerSpecificData={}, mServiceData={f7fcb9ad-df91-44df-bf14-f1f488d36e09=[0, 8, 33, -17, -126, 42, -106]}, mIncludeTxPowerLevel=false, mIncludeDeviceName=false]
02-10 16:48:03.813 22664 22730 D org.thaliproject.p2p.btconnectorlib.internal.bluetooth.le.BleAdvertiser: setAdvertiseData finished: Current thread: Thread[Thread-2514,7,main], id: 2514
02-10 16:48:03.813 22664 22730 D org.thaliproject.p2p.btconnectorlib.internal.bluetooth.le.BleAdvertiser: start:  state = NOT_STARTEDCurrent thread: Thread[Thread-2514,7,main], id: 2514
02-10 16:48:03.813 22664 22730 I org.thaliproject.p2p.btconnectorlib.internal.bluetooth.le.BleAdvertiser: start: Starting... advertisement data = AdvertiseData [mServiceUuids=[f7fcb9ad-df91-44df-bf14-f1f488d36e09], mManufacturerSpecificData={}, mServiceData={f7fcb9ad-df91-44df-bf14-f1f488d36e09=[0, 8, 33, -17, -126, 42, -106]}, mIncludeTxPowerLevel=false, mIncludeDeviceName=false], Current thread: Thread[Thread-2514,7,main], id: 2514
02-10 16:48:03.813 22664 22730 D BluetoothAdapter: STATE_ON
02-10 16:48:03.823 22664 22730 D BluetoothAdapter: STATE_ON
02-10 16:48:03.823 22664 22730 D BluetoothLeAdvertiser: start advertising
02-10 16:48:03.823 22664 22730 D BluetoothAdapter: STATE_ON
02-10 16:48:03.823 15518 15589 D BtGatt.GattService: registerClient() - UUID=2374b3d8-e606-4212-a82a-92946ceff026
02-10 16:48:03.873 15518 15537 D BtGatt.GattService: onClientRegistered() - UUID=2374b3d8-e606-4212-a82a-92946ceff026, clientIf=8
02-10 16:48:03.873 22664 22722 D BluetoothLeAdvertiser: onClientRegistered() - status=0 clientIf=8
02-10 16:48:03.873 15518 15586 D BtGatt.GattService: [GSIM LOG]: startMultiAdvertising: 2
02-10 16:48:03.883 15518 15586 D BtGatt.GattService: [GSIM LOG]: getCallingProcessName: com.test.thalitest
02-10 16:48:03.883 15518 15586 D BtGatt.GattService: [GSIM LOG]: getCallingProcessName: com.test.thalitest
02-10 16:48:03.883 15518 15545 D BtGatt.AdvertiseManager: message : 0
02-10 16:48:03.883 15518 15559 E BtGatt.GattService: [GSIM LOG]: gsimLogHandler: com.test.thalitest, msg: MESSAGE_START_ADV
02-10 16:48:03.883 15518 15559 D BtGatt.GattService: [GSIM LOG]: gsimLogHandler: prevDate: 10, currDate: 10
02-10 16:48:03.883 15518 15545 D BtGatt.AdvertiseManager: number of adv instance running = 0
02-10 16:48:03.883 15518 15545 D BtGatt.AdvertiseManager: size of list is =0
02-10 16:48:03.893 15518 15545 D BtGatt.AdvertiseManager: starting advertising
02-10 16:48:03.893 15518 15545 D BtGatt.AdvertiseManager: isStandardAdv = false
02-10 16:48:03.903  3513  3540 V AlarmManager:  remove PendingIntent] PendingIntent{4097a36: PendingIntentRecord{369848 com.android.bluetooth broadcastIntent}}
02-10 16:48:03.903 15518 15537 D BtGatt.GattService: onAdvertiseInstanceEnabled() - clientIf=8, status=0
02-10 16:48:03.903 15518 15545 D BtGatt.AdvertiseManager: starting multi advertising
02-10 16:48:03.913 15518 15559 D BtGatt.GattService: [GSIM LOG]: increaseAdvCount : com.test.thalitest : 849
02-10 16:48:03.913 15518 15537 D BtGatt.GattService: onAdvertiseDataSet() - clientIf=8, status=0
02-10 16:48:03.913  3513  3892 V AlarmManager:  remove PendingIntent] PendingIntent{709ad37: PendingIntentRecord{369848 com.android.bluetooth broadcastIntent}}
02-10 16:48:03.913 15518 15559 D BtGatt.GattService: [GSIM LOG]: setAdvTime : com.test.thalitest@LowLatency : 24778908
02-10 16:48:03.913 15518 15559 D BtGatt.GattService: [GSIM LOG]: setAdvType : com.test.thalitest@LowLatency : 2
02-10 16:48:03.913 15518 15559 D BtGatt.GattService: [GSIM LOG]: updateAdvTime
02-10 16:48:03.913 15518 15559 D BtGatt.GattService: [GSIM LOG]: com.test.thalitest@LowLatency, R time : 74 => 74
02-10 16:48:03.913 15518 15545 D BtGatt.AdvertiseManager: logClientsSet() - status: 0
02-10 16:48:03.913 15518 15545 D BtGatt.AdvertiseManager: clientIf: 8, Mode: 2, TxPowerLevel: 3, isConnectable: false, Timeout: 0
02-10 16:48:03.913 15518 15545 D BtGatt.AdvertiseManager: postCallback clientIf = 8 status = 0
02-10 16:48:03.913 15518 15545 D BtGatt.GattService: onMultipleAdvertiseCallback() clientIf=8, status=0, isStart=true
02-10 16:48:03.913 22664 22675 D BluetoothLeAdvertiser: onMultiAdvertiseCallback status = 0 isStart = true
02-10 16:48:03.913 22664 22730 I org.thaliproject.p2p.btconnectorlib.internal.bluetooth.le.BleAdvertiser: start: Started advertisment Current thread: Thread[Thread-2514,7,main], id: 2514
02-10 16:48:03.913 22664 22730 D org.thaliproject.p2p.btconnectorlib.internal.bluetooth.le.BleAdvertiser: setState: current  = NOT_STARTED, new = STARTINGCurrent thread: Thread[Thread-2514,7,main], id: 2514
02-10 16:48:03.913 22664 22730 D org.thaliproject.p2p.btconnectorlib.internal.bluetooth.le.BleAdvertiser: setState: State changed from NOT_STARTED to STARTING
02-10 16:48:03.913 22664 22730 D org.thaliproject.p2p.btconnectorlib.internal.bluetooth.le.BleAdvertiser: setState: onIsAdvertiserStartedChanged default (no call to listener). Current thread: Thread[Thread-2514,7,main], id: 2514
02-10 16:48:03.913 22664 22730 D org.thaliproject.p2p.btconnectorlib.internal.bluetooth.le.BleAdvertiser: setState: finished Current thread: Thread[Thread-2514,7,main], id: 2514
02-10 16:48:03.913 22664 22730 I org.thaliproject.p2p.btconnectorlib.internal.bluetooth.le.BleAdvertiser: start: return, state = STARTINGCurrent thread: Thread[Thread-2514,7,main], id: 2514
02-10 16:48:03.923 22664 22730 D org.thaliproject.p2p.btconnectorlib.internal.bluetooth.le.BleAdvertiser: start returned: Current thread: Thread[Thread-2514,7,main], id: 2514
02-10 16:48:03.923 22664 22730 D org.thaliproject.p2p.btconnectorlib.internal.bluetooth.le.BlePeerDiscoverer: startAdvertiser started = true Current thread: Thread[Thread-2514,7,main], id: 2514
02-10 16:48:03.923 22664 22730 D org.thaliproject.p2p.btconnectorlib.DiscoveryManager: startBlePeerDiscoverer: OK
02-10 16:48:03.923 22664 22730 I org.thaliproject.p2p.btconnectorlib.DiscoveryManager: start: OK
02-10 16:48:03.923 22664 22730 D org.thaliproject.p2p.btconnectorlib.DiscoveryManager: updateState: Current thread: Thread[Thread-2514,7,main], id: 2514
02-10 16:48:03.923  3513  5186 V AlarmManager:  remove PendingIntent] PendingIntent{16fb2a4: PendingIntentRecord{369848 com.android.bluetooth broadcastIntent}}
02-10 16:48:03.923 22664 22730 E org.thaliproject.p2p.btconnectorlib.DiscoveryManager: seems that updateState call different BlePeerDiscoverer
02-10 16:48:03.923 22664 22730 D org.thaliproject.p2p.btconnectorlib.DiscoveryManager: updateStateInternal Current thread: Thread[Thread-2514,7,main], id: 2514
02-10 16:48:03.923 22664 22730 D org.thaliproject.p2p.btconnectorlib.DiscoveryManager: updateStateInternal finished Current thread: Thread[Thread-2514,7,main], id: 2514
02-10 16:48:03.923 22664 22730 D org.thaliproject.p2p.btconnectorlib.DiscoveryManager: updateState finished Current thread: Thread[Thread-2514,7,main], id: 2514
02-10 16:48:03.923 22664 22730 I io.jxcore.node.ConnectionHelper: start: OK
02-10 16:48:03.923 22664 22664 V io.jxcore.node.StartStopOperation: isTargetState: Connectivity: RUNNING, discovery: NOT_STARTED, is discovering: false, is advertising: false - Start operation: Should start/stop everything
02-10 16:48:03.923 22664 22664 D org.thaliproject.p2p.btconnectorlib.internal.bluetooth.le.BleAdvertiser: onStartSuccess : Current thread: Thread[main,5,main], id: 1
02-10 16:48:03.923 22664 22664 D org.thaliproject.p2p.btconnectorlib.internal.bluetooth.le.BleAdvertiser: setState: current  = STARTING, new = RUNNINGCurrent thread: Thread[main,5,main], id: 1
02-10 16:48:03.923 22664 22664 D org.thaliproject.p2p.btconnectorlib.internal.bluetooth.le.BleAdvertiser: setState: State changed from STARTING to RUNNING
02-10 16:48:03.923 22664 22664 D org.thaliproject.p2p.btconnectorlib.internal.bluetooth.le.BleAdvertiser: notifyAdvertiserStateChanged: started =  true. Current thread: Thread[main,5,main], id: 1
02-10 16:48:03.923 22664 22664 D org.thaliproject.p2p.btconnectorlib.internal.bluetooth.le.BleAdvertiser: setState: finished Current thread: Thread[main,5,main], id: 1
02-10 16:48:03.923 22664 22664 I org.thaliproject.p2p.btconnectorlib.internal.bluetooth.le.BlePeerDiscoverer: onIsAdvertiserStartedChanged: trueCurrent thread: Thread[main,5,main], id: 1
02-10 16:48:03.923 22664 22664 D org.thaliproject.p2p.btconnectorlib.internal.bluetooth.le.BlePeerDiscoverer: updateState : Current thread: Thread[main,5,main], id: 1
02-10 16:48:03.923 22664 22664 D org.thaliproject.p2p.btconnectorlib.internal.bluetooth.le.BlePeerDiscoverer: updateState: deducedStateSet: [ADVERTISING]
02-10 16:48:03.933  3513  4204 V AlarmManager:  remove PendingIntent] PendingIntent{3d5380d: PendingIntentRecord{369848 com.android.bluetooth broadcastIntent}}
02-10 16:48:03.923 22664 22664 D org.thaliproject.p2p.btconnectorlib.internal.bluetooth.le.BlePeerDiscoverer: updateState: stateSet: [NOT_STARTED]
02-10 16:48:03.923 22664 22664 D org.thaliproject.p2p.btconnectorlib.internal.bluetooth.le.BlePeerDiscoverer: Current thread: Thread[main,5,main], id: 1
02-10 16:48:03.923 22664 22664 D org.thaliproject.p2p.btconnectorlib.internal.bluetooth.le.BlePeerDiscoverer: updateState: State changed from [NOT_STARTED] to [ADVERTISING]Current thread: Thread[main,5,main], id: 1
02-10 16:48:03.923 22664 22664 D org.thaliproject.p2p.btconnectorlib.internal.bluetooth.le.BlePeerDiscoverer: update state finished. Current thread: Thread[main,5,main], id: 1
02-10 16:48:03.923 22664 22664 I org.thaliproject.p2p.btconnectorlib.DiscoveryManager: onBlePeerDiscovererStateChanged: [NOT_STARTED] -> [ADVERTISING] Current thread: Thread[main,5,main], id: 1
02-10 16:48:03.923 22664 22664 D org.thaliproject.p2p.btconnectorlib.DiscoveryManager: updateState: Current thread: Thread[main,5,main], id: 1
02-10 16:48:03.933 22664 22664 D org.thaliproject.p2p.btconnectorlib.DiscoveryManager: updateStateInternal Current thread: Thread[main,5,main], id: 1
02-10 16:48:03.933 22664 22664 D org.thaliproject.p2p.btconnectorlib.DiscoveryManager: updateState: State: RUNNING_BLE, is discovering: false, is advertising: true
02-10 16:48:03.933 22664 22664 D org.thaliproject.p2p.btconnectorlib.DiscoveryManager: updateStateInternal finished Current thread: Thread[main,5,main], id: 1
02-10 16:48:03.933 22664 22664 D org.thaliproject.p2p.btconnectorlib.DiscoveryManager: updateState finished Current thread: Thread[main,5,main], id: 1
02-10 16:48:03.933 22664 22664 I io.jxcore.node.ConnectionHelper: onDiscoveryManagerStateChanged: State: RUNNING_BLE, is discovering: false, is advertising: true
02-10 16:48:03.933  3513  3863 V AlarmManager:  remove PendingIntent] PendingIntent{feb03c2: PendingIntentRecord{369848 com.android.bluetooth broadcastIntent}}
02-10 16:48:03.943  3513  5185 V AlarmManager:  remove PendingIntent] PendingIntent{c41e5d3: PendingIntentRecord{369848 com.android.bluetooth broadcastIntent}}
02-10 16:48:03.943  3513  4518 V AlarmManager:  remove PendingIntent] PendingIntent{475510: PendingIntentRecord{369848 com.android.bluetooth broadcastIntent}}
02-10 16:48:03.953  3513  4557 V AlarmManager:  remove PendingIntent] PendingIntent{4aa4809: PendingIntentRecord{369848 com.android.bluetooth broadcastIntent}}
02-10 16:48:04.433 22664 22664 V io.jxcore.node.ConnectionHelper: Notifying discovery manager state change: is discovering: false, is advertising: true
02-10 16:48:04.433 22664 22664 V io.jxcore.node.StartStopOperation: isTargetState: Connectivity: RUNNING, discovery: RUNNING_BLE, is discovering: false, is advertising: true - Start operation: Should start/stop everything
02-10 16:48:04.433 22664 22664 D io.jxcore.node.StartStopOperationHandler: processCurrentOperationStatus: Operation successfully executed
02-10 16:48:04.443 22664 22730 I jxcore-log: ok 77 Can call startUpdateAdvertisingAndListening without error
02-10 16:48:04.443 22664 22730 I jxcore-log: 
02-10 16:48:04.443 22664 22730 D io.jxcore.node.JXcoreExtension: stopAdvertisingAndListening
02-10 16:48:04.443 22664 22730 I io.jxcore.node.ConnectionHelper: stop: Stopping all activities and killing connections
02-10 16:48:04.443 22664 22730 V io.jxcore.node.StartStopOperation: isTargetState: Connectivity: RUNNING, discovery: RUNNING_BLE, is discovering: false, is advertising: true - Stop operation: Should start/stop everything
02-10 16:48:04.443 22664 22730 V io.jxcore.node.StartStopOperationHandler: executeCurrentOperation: Executing: Stop operation: Should start/stop everything
02-10 16:48:04.443 22664 22730 I org.thaliproject.p2p.btconnectorlib.ConnectionManager: stopListeningForIncomingConnections
02-10 16:48:04.443 22664 22730 I org.thaliproject.p2p.btconnectorlib.internal.bluetooth.BluetoothConnector: stopListeningForIncomingConnections: Stopping...
02-10 16:48:04.443 22664 22730 D org.thaliproject.p2p.btconnectorlib.internal.bluetooth.BluetoothServerThread: shutdown
02-10 16:48:04.443 22664 22730 D org.thaliproject.p2p.btconnectorlib.internal.bluetooth.BluetoothManager: release: 2 listener(s) left
02-10 16:48:04.443 22664 22730 D org.thaliproject.p2p.btconnectorlib.ConnectionManager: updateState: mShouldBeStarted :  false, mIsServerStarted:  true
02-10 16:48:04.443 22664 22730 D org.thaliproject.p2p.btconnectorlib.ConnectionManager: setState: RUNNING -> NOT_STARTED
02-10 16:48:04.443 22664 22758 V org.thaliproject.p2p.btconnectorlib.internal.bluetooth.BluetoothServerThread: closeBluetoothServerSocket: Bluetooth server socket closed
02-10 16:48:04.443 22664 22730 I org.thaliproject.p2p.btconnectorlib.ConnectionManager: cancelAllConnectionAttempts
02-10 16:48:04.443 22664 22730 I org.thaliproject.p2p.btconnectorlib.DiscoveryManager: stop: Stopping peer discovery...
02-10 16:48:04.443 22664 22758 D org.thaliproject.p2p.btconnectorlib.internal.bluetooth.BluetoothServerThread: Exiting thread
02-10 16:48:04.443 22664 22730 D org.thaliproject.p2p.btconnectorlib.DiscoveryManager: stopForRestart Current thread: Thread[Thread-2514,7,main], id: 2514
02-10 16:48:04.443 22664 22730 D org.thaliproject.p2p.btconnectorlib.DiscoveryManager: stopForRestart. RUNNING_BLE
02-10 16:48:04.443 22664 22758 I org.thaliproject.p2p.btconnectorlib.internal.bluetooth.BluetoothConnector: onServerStopped: Was explicitly stopped: true
02-10 16:48:04.443 22664 22730 D org.thaliproject.p2p.btconnectorlib.internal.BluetoothMacAddressResolutionHelper: stopProvideBluetoothMacAddressMode
02-10 16:48:04.443 22664 22730 D org.thaliproject.p2p.btconnectorlib.internal.bluetooth.le.BlePeerDiscoverer: stopScannerAndAdvertiser: Current thread: Thread[Thread-2514,7,main], id: 2514
02-10 16:48:04.443 22664 22730 D org.thaliproject.p2p.btconnectorlib.internal.bluetooth.le.BlePeerDiscoverer: stopPeerAddressHelperAdvertiser Current thread: Thread[Thread-2514,7,main], id: 2514
02-10 16:48:04.443 22664 22730 D org.thaliproject.p2p.btconnectorlib.internal.bluetooth.le.BlePeerDiscoverer: stopScanner: Current thread: Thread[Thread-2514,7,main], id: 2514
02-10 16:48:04.443 22664 22730 D org.thaliproject.p2p.btconnectorlib.internal.bluetooth.le.BleScanner: stop, Current thread: Thread[Thread-2514,7,main], id: 2514
02-10 16:48:04.443 22664 22664 I io.jxcore.node.ConnectionHelper: onConnectionManagerStateChanged: NOT_STARTED
02-10 16:48:04.453 22664 22730 D BluetoothAdapter: STATE_ON
02-10 16:48:04.453 22664 22730 D BluetoothAdapter: STATE_ON
02-10 16:48:04.453 22664 22730 D org.thaliproject.p2p.btconnectorlib.internal.bluetooth.le.BleScanner: stop: scan results are flushed 
02-10 16:48:04.453 22664 22730 D BluetoothAdapter: STATE_ON
02-10 16:48:04.453 22664 22730 D BluetoothAdapter: STATE_ON
02-10 16:48:04.453 22664 22730 D BluetoothLeScanner: could not find callback wrapper
02-10 16:48:04.453 22664 22730 D org.thaliproject.p2p.btconnectorlib.internal.bluetooth.le.BleScanner: stop: Stopped
02-10 16:48:04.463 22664 22730 D org.thaliproject.p2p.btconnectorlib.internal.bluetooth.le.BleScanner: set state: Current thread: Thread[Thread-2514,7,main], id: 2514
02-10 16:48:04.463 22664 22730 D org.thaliproject.p2p.btconnectorlib.internal.bluetooth.le.BleScanner: stop finished, Current thread: Thread[Thread-2514,7,main], id: 2514
02-10 16:48:04.463 22664 22730 D org.thaliproject.p2p.btconnectorlib.internal.bluetooth.le.BlePeerDiscoverer: stopAdvertiser:Current thread: Thread[Thread-2514,7,main], id: 2514
02-10 16:48:04.463 22664 22730 I org.thaliproject.p2p.btconnectorlib.internal.bluetooth.le.BlePeerDiscoverer: stopAdvertiser: Stopping...
02-10 16:48:04.463 22664 22730 D org.thaliproject.p2p.btconnectorlib.internal.bluetooth.le.BleAdvertiser: stop. Current thread: Thread[Thread-2514,7,main], id: 2514
02-10 16:48:04.463 22664 22730 D BluetoothAdapter: STATE_ON
02-10 16:48:04.473 22664 22730 D BluetoothAdapter: STATE_ON
02-10 16:48:04.473 22664 22730 D BluetoothLeAdvertiser: stop advertising
02-10 16:48:04.483 15518 28239 D BtGatt.GattService: [GSIM LOG]: getCallingProcessName: com.test.thalitest
02-10 16:48:04.483 15518 28239 D BtGatt.GattService: [GSIM LOG]: getCallingProcessName: com.test.thalitest
02-10 16:48:04.483 15518 15545 D BtGatt.AdvertiseManager: message : 1
02-10 16:48:04.483 15518 15559 E BtGatt.GattService: [GSIM LOG]: gsimLogHandler: com.test.thalitest, msg: MESSAGE_STOP_ADV
02-10 16:48:04.483 15518 15559 D BtGatt.GattService: [GSIM LOG]: gsimLogHandler: prevDate: 10, currDate: 10
02-10 16:48:04.483 15518 15559 D BtGatt.GattService: [GSIM LOG]: updateAdvTime
02-10 16:48:04.483 15518 15559 D BtGatt.GattService: [GSIM LOG]: com.test.thalitest@LowLatency, R time : 74 => 74
02-10 16:48:04.483 15518 15559 D BtGatt.GattService: [GSIM LOG]: remove : com.test.thalitest@LowLatency at  BLE_ADV_REQUESTED_DB
02-10 16:48:04.483 15518 15545 D BtGatt.AdvertiseManager: stop advertise for client =  8
02-10 16:48:04.483 15518 15545 D BtGatt.AdvertiseManager: stop advertising, standardAdvClientIf = 0 client.clientIf = 8
02-10 16:48:04.483 15518 15545 D BtGatt.AdvertiseManager: logClientsSet() - status: -1
02-10 16:48:04.483  3513  6656 V AlarmManager:  remove PendingIntent] PendingIntent{e699a0e: PendingIntentRecord{369848 com.android.bluetooth broadcastIntent}}
02-10 16:48:04.483 15518 15537 D BtGatt.GattService: onAdvertiseInstanceDisabled() - clientIf=8, status=0
02-10 16:48:04.483 15518 15537 D BtGatt.GattService: Client app is not null!
02-10 16:48:04.483 22664 22674 D BluetoothLeAdvertiser: onMultiAdvertiseCallback status = 0 isStart = false
02-10 16:48:04.493 15518 15620 D BtGatt.GattService: unregisterClient() - clientIf=8
02-10 16:48:04.493 22664 22730 D org.thaliproject.p2p.btconnectorlib.internal.bluetooth.le.BleAdvertiser: stop: Stopped
02-10 16:48:04.493 22664 22730 D org.thaliproject.p2p.btconnectorlib.internal.bluetooth.le.BleAdvertiser: setState: current  = RUNNING, new = NOT_STARTEDCurrent thread: Thread[Thread-2514,7,main], id: 2514
02-10 16:48:04.493 22664 22730 D org.thaliproject.p2p.btconnectorlib.internal.bluetooth.le.BleAdvertiser: setState: State changed from RUNNING to NOT_STARTED
02-10 16:48:04.493 22664 22730 D org.thaliproject.p2p.btconnectorlib.internal.bluetooth.le.BleAdvertiser: notifyAdvertiserStateChanged: started =  false. Current thread: Thread[Thread-2514,7,main], id: 2514
02-10 16:48:04.493 22664 22730 D org.thaliproject.p2p.btconnectorlib.internal.bluetooth.le.BleAdvertiser: setState: finished Current thread: Thread[Thread-2514,7,main], id: 2514
02-10 16:48:04.493  3513  4279 V AlarmManager:  remove PendingIntent] PendingIntent{4bb0c2f: PendingIntentRecord{369848 com.android.bluetooth broadcastIntent}}
02-10 16:48:04.493 22664 22730 D org.thaliproject.p2p.btconnectorlib.internal.bluetooth.le.BleAdvertiser: stop finished. Current thread: Thread[Thread-2514,7,main], id: 2514
02-10 16:48:04.493 22664 22730 D org.thaliproject.p2p.btconnectorlib.DiscoveryManager: stopBlePeerDiscoverer: Stopped
02-10 16:48:04.493 22664 22730 I org.thaliproject.p2p.btconnectorlib.internal.wifi.WifiDirectManager: release: No more listeners, de-initializing...
02-10 16:48:04.493 22664 22730 D org.thaliproject.p2p.btconnectorlib.internal.bluetooth.BluetoothManager: release: 1 listener(s) left
02-10 16:48:04.503 22664 22730 D org.thaliproject.p2p.btconnectorlib.DiscoveryManager: updateState: Current thread: Thread[Thread-2514,7,main], id: 2514
02-10 16:48:04.503 22664 22730 D org.thaliproject.p2p.btconnectorlib.DiscoveryManager: updateStateInternal Current thread: Thread[Thread-2514,7,main], id: 2514
02-10 16:48:04.503 22664 22730 D org.thaliproject.p2p.btconnectorlib.DiscoveryManager: updateState: State: NOT_STARTED, is discovering: false, is advertising: false
02-10 16:48:04.503  3513  4518 V AlarmManager:  remove PendingIntent] PendingIntent{cb4b23c: PendingIntentRecord{369848 com.android.bluetooth broadcastIntent}}
02-10 16:48:04.503 22664 22730 D org.thaliproject.p2p.btconnectorlib.DiscoveryManager: updateStateInternal finished Current thread: Thread[Thread-2514,7,main], id: 2514
02-10 16:48:04.503 22664 22730 D org.thaliproject.p2p.btconnectorlib.DiscoveryManager: updateState finished Current thread: Thread[Thread-2514,7,main], id: 2514
02-10 16:48:04.503 22664 22664 V io.jxcore.node.StartStopOperation: isTargetState: Connectivity: NOT_STARTED, discovery: NOT_STARTED, is discovering: false, is advertising: false - Stop operation: Should start/stop everything
02-10 16:48:04.503 22664 22664 D io.jxcore.node.StartStopOperationHandler: processCurrentOperationStatus: Operation successfully executed
02-10 16:48:04.503 22664 22664 I org.thaliproject.p2p.btconnectorlib.DiscoveryManager: start: Discovery mode: BLE, start discovery: false, start advertiser: false
02-10 16:48:04.503 22664 22664 I org.thaliproject.p2p.btconnectorlib.DiscoveryManager: start: Discovery mode: BLE, start discovery: false, start advertiser: false
02-10 16:48:04.503 22664 22664 D org.thaliproject.p2p.btconnectorlib.ConnectionManager: onIsServerStartedChanged: false
02-10 16:48:04.503 22664 22664 D org.thaliproject.p2p.btconnectorlib.ConnectionManager: updateState: mShouldBeStarted :  false, mIsServerStarted:  false
02-10 16:48:04.503 22664 22664 I org.thaliproject.p2p.btconnectorlib.internal.bluetooth.le.BlePeerDiscoverer: onIsAdvertiserStartedChanged: falseCurrent thread: Thread[main,5,main], id: 1
02-10 16:48:04.503 22664 22664 D org.thaliproject.p2p.btconnectorlib.internal.bluetooth.le.BlePeerDiscoverer: updateState : Current thread: Thread[main,5,main], id: 1
02-10 16:48:04.503 22664 22664 D org.thaliproject.p2p.btconnectorlib.internal.bluetooth.le.BlePeerDiscoverer: updateState: deducedStateSet: [NOT_STARTED]
02-10 16:48:04.503 22664 22664 D org.thaliproject.p2p.btconnectorlib.internal.bluetooth.le.BlePeerDiscoverer: updateState: stateSet: [ADVERTISING]
02-10 16:48:04.503 22664 22664 D org.thaliproject.p2p.btconnectorlib.internal.bluetooth.le.BlePeerDiscoverer: Current thread: Thread[main,5,main], id: 1
02-10 16:48:04.503 22664 22664 D org.thaliproject.p2p.btconnectorlib.internal.bluetooth.le.BlePeerDiscoverer: updateState: State changed from [ADVERTISING] to [NOT_STARTED]Current thread: Thread[main,5,main], id: 1
02-10 16:48:04.503 22664 22664 D org.thaliproject.p2p.btconnectorlib.internal.bluetooth.le.BlePeerDiscoverer: update state finished. Current thread: Thread[main,5,main], id: 1
02-10 16:48:04.503 22664 22664 I io.jxcore.node.ConnectionHelper: onDiscoveryManagerStateChanged: State: NOT_STARTED, is discovering: false, is advertising: false
02-10 16:48:04.513 22664 22730 I jxcore-log: 2017-02-10 13:48:04 - DEBUG thaliMobileNativeWrapper: 'discoveryAdvertisingStateUpdateNonTCP: {"discoveryActive":false,"advertisingActive":true}'
02-10 16:48:04.513 22664 22730 I jxcore-log: 
02-10 16:48:04.513 22664 22730 I jxcore-log: 2017-02-10 13:48:04 - INFO thaliMobile: 'Received state ({"discoveryActive":false,"advertisingActive":true}) did not match with target ({"started":false,"listening":false,"advertising":false,"networkType":"BOTH","startArguments":{"router":null,"pskIdToSecret":null,"networkType":null}})'
02-10 16:48:04.513 22664 22730 I jxcore-log: 
02-10 16:48:04.513 22664 22730 I jxcore-log: 2017-02-10 13:48:04 - INFO thaliMobile: 'Filtered out discoveryAdvertisingStateUpdate (was in stopped state).'
02-10 16:48:04.513 22664 22730 I jxcore-log: 
02-10 16:48:04.513  3513  3542 V AlarmManager:  remove PendingIntent] PendingIntent{da65bc5: PendingIntentRecord{369848 com.android.bluetooth broadcastIntent}}
02-10 16:48:04.513 22664 22730 I jxcore-log: ok 78 Can call stopAdvertisingAndListening without error
02-10 16:48:04.513 22664 22730 I jxcore-log: 
02-10 16:48:04.523  3513  4204 V AlarmManager:  remove PendingIntent] PendingIntent{f29491a: PendingIntentRecord{369848 com.android.bluetooth broadcastIntent}}
02-10 16:48:04.523  3513  4284 V AlarmManager:  remove PendingIntent] PendingIntent{cf63c4b: PendingIntentRecord{369848 com.android.bluetooth broadcastIntent}}
02-10 16:48:04.523 22664 22730 I jxcore-log: # teardown
02-10 16:48:04.523 22664 22730 I jxcore-log: 
02-10 16:48:04.533  3513  3863 V AlarmManager:  remove PendingIntent] PendingIntent{838b628: PendingIntentRecord{369848 com.android.bluetooth broadcastIntent}}
02-10 16:48:04.533  3513  4025 V AlarmManager:  remove PendingIntent] PendingIntent{295ef41: PendingIntentRecord{369848 com.android.bluetooth broadcastIntent}}
02-10 16:48:04.643  3513  4279 D BatteryService: !@BatteryListener : batteryPropertiesChanged!
02-10 16:48:04.643  3513  4279 D BatteryService: level:100, scale:100, status:5, health:2, present:true, voltage: 4332, temperature: 323, technology: Li-ion, AC powered:false, USB powered:true, POGO powered:false, Wireless powered:false, icon:17303413, invalid charger:0, maxChargingCurrent:0
02-10 16:48:04.643  3513  4279 D BatteryService: online:4, current avg:-17, charge type:0, power sharing:false, high voltage charger:false, capacity:280000, batterySWSelfDischarging:false, current_now:0
02-10 16:48:04.643  3513  3513 D BatteryService: Sending ACTION_BATTERY_CHANGED.
02-10 16:48:04.643  3513  3513 I MotionRecognitionService: Plugged
02-10 16:48:04.643  3513  3513 D MotionRecognitionService:   cableConnection= 1
02-10 16:48:04.643  3513  3513 D MotionRecognitionService: setPowerConnected | current backoffstate  = 1024 , state =1024
02-10 16:48:04.643  3513  3513 D MotionRecognitionService: skip setTransmitPower. 
02-10 16:48:04.643  3513  3900 D WifiController: ApOrStaEnabledState  msg.what= 155652
02-10 16:48:04.653  3978  3978 D KeyguardUpdateMonitor: received broadcast android.intent.action.BATTERY_CHANGED
02-10 16:48:04.653  3978  3978 D KeyguardUpdateMonitor: handleBatteryUpdate
02-10 16:48:04.653  3978  3978 D PowerUI : priorPlugType = 2 mPlugType =  2
02-10 16:48:04.663  4761  4761 D CommonServiceConfiguration: getStringValueSetting
02-10 16:48:04.673  4761  4761 D BatteryMonitor: new battery level: 100
02-10 16:48:04.673 15518 15518 V HeadsetService: HeadsetService - Received Intent.ACTION_BATTERY_CHANGED
02-10 16:48:04.673 15518 15590 D HeadsetStateMachine: Disconnected process message: 10, size: 0
02-10 16:48:04.673  3978  3978 D BatteryMeterView: ACTION_BATTERY_CHANGED : level:100 status:5 health:2
02-10 16:48:04.673  3978  3978 D BatteryMeterView: ACTION_BATTERY_CHANGED : level:100 status:5 health:2
02-10 16:48:05.013 22664 22664 V io.jxcore.node.ConnectionHelper: Notifying discovery manager state change: is discovering: false, is advertising: false
02-10 16:48:05.013 22664 22730 I jxcore-log: 2017-02-10 13:48:05 - DEBUG thaliMobileNativeWrapper: 'discoveryAdvertisingStateUpdateNonTCP: {"discoveryActive":false,"advertisingActive":false}'
02-10 16:48:05.013 22664 22730 I jxcore-log: 
02-10 16:48:05.013 22664 22730 I jxcore-log: 2017-02-10 13:48:05 - INFO thaliMobile: 'Filtered out discoveryAdvertisingStateUpdate (was in stopped state).'
02-10 16:48:05.013 22664 22730 I jxcore-log: 
02-10 16:48:05.273  3513  4169 E Watchdog: !@Sync 17428 [02-10 16:48:05.281]
02-10 16:48:05.773 22664 22730 D io.jxcore.node.JXcoreExtension: stopListeningForAdvertisements
02-10 16:48:05.773 22664 22730 I io.jxcore.node.ConnectionHelper: stop: Stopping only listening for advertisements
02-10 16:48:05.773 22664 22730 V io.jxcore.node.StartStopOperation: isTargetState: Connectivity: NOT_STARTED, discovery: NOT_STARTED, is discovering: false, is advertising: false - Stop operation: Should affect listening to advertisements only
02-10 16:48:05.773 22664 22730 V io.jxcore.node.StartStopOperationHandler: executeCurrentOperation: The current state already matches the desired outcome of this operation, skipping...
02-10 16:48:05.783 22664 22730 I jxcore-log: ok 79 Should be able to call stopListeningForAdvertisements in teardown
02-10 16:48:05.783 22664 22730 I jxcore-log: 
02-10 16:48:05.783 22664 22730 D io.jxcore.node.JXcoreExtension: stopAdvertisingAndListening
02-10 16:48:05.783 22664 22730 I io.jxcore.node.ConnectionHelper: stop: Stopping all activities and killing connections
02-10 16:48:05.783 22664 22730 V io.jxcore.node.StartStopOperation: isTargetState: Connectivity: NOT_STARTED, discovery: NOT_STARTED, is discovering: false, is advertising: false - Stop operation: Should start/stop everything
02-10 16:48:05.783 22664 22730 V io.jxcore.node.StartStopOperationHandler: executeCurrentOperation: The current state already matches the desired outcome of this operation, skipping...
02-10 16:48:05.783 22664 22730 I jxcore-log: ok 80 Should be able to call stopAdvertisingAndListening in teardown
02-10 16:48:05.783 22664 22730 I jxcore-log: 
02-10 16:48:05.793 22664 22730 I jxcore-log: 2017-02-10 13:48:05 - DEBUG thaliMobileNativeWrapper: 'Method peerAvailabilityChanged registered to native'
02-10 16:48:05.793 22664 22730 I jxcore-log: 
02-10 16:48:05.793 22664 22730 I jxcore-log: 2017-02-10 13:48:05 - DEBUG thaliMobileNativeWrapper: 'Method discoveryAdvertisingStateUpdateNonTCP registered to native'
02-10 16:48:05.793 22664 22730 I jxcore-log: 
02-10 16:48:05.793 22664 22730 I jxcore-log: 2017-02-10 13:48:05 - DEBUG thaliMobileNativeWrapper: 'Method multiConnectResolved registered to native'
02-10 16:48:05.793 22664 22730 I jxcore-log: 
02-10 16:48:05.803 22664 22730 D BluetoothAdapter: STATE_ON
02-10 16:48:05.813 22664 22730 V io.jxcore.node.ConnectivityMonitor: updateConnectivityInfo: FORCED notification:
02-10 16:48:05.813 22664 22730 V io.jxcore.node.ConnectivityMonitor:     - is Wi-Fi Direct supported: true
02-10 16:48:05.813 22664 22730 V io.jxcore.node.ConnectivityMonitor:     - is Bluetooth LE multiple advertisement supported: SUPPORTED
02-10 16:48:05.813 22664 22730 V io.jxcore.node.ConnectivityMonitor:     - is Wi-Fi enabled: true
02-10 16:48:05.813 22664 22730 V io.jxcore.node.ConnectivityMonitor:     - is Bluetooth enabled: true
02-10 16:48:05.813 22664 22730 V io.jxcore.node.ConnectivityMonitor:     - BSSID name: 70:cd:60:ff:5a:07
02-10 16:48:05.813 22664 22730 V io.jxcore.node.ConnectivityMonitor:     - SSID name: "T"
02-10 16:48:05.813 22664 22730 V io.jxcore.node.ConnectivityMonitor:     - is connected/connecting to active network: true
02-10 16:48:05.813 22664 22730 V io.jxcore.node.ConnectivityMonitor:     - active network type is Wi-Fi: true
02-10 16:48:05.813 22664 22730 D BluetoothAdapter: STATE_ON
02-10 16:48:05.823 22664 22730 D io.jxcore.node.JXcoreExtension: notifyNetworkChanged: BLE: ON, Bluetooth: ON, Wi-Fi: ON, cellular: DO_NOT_CARE, BSSID name: 70:cd:60:ff:5a:07, SSID name: "T"
02-10 16:48:05.823 22664 22730 I jxcore-log: 2017-02-10 13:48:05 - DEBUG thaliMobileNativeWrapper: 'Method networkChanged registered to native'
02-10 16:48:05.823 22664 22730 I jxcore-log: 
02-10 16:48:05.823 22664 22730 I jxcore-log: 2017-02-10 13:48:05 - DEBUG thaliMobileNativeWrapper: 'Method multiConnectConnectionFailure registered to native'
02-10 16:48:05.823 22664 22730 I jxcore-log: 
02-10 16:48:05.823 22664 22730 I jxcore-log: 2017-02-10 13:48:05 - DEBUG thaliMobileNativeWrapper: 'Method incomingConnectionToPortNumberFailed registered to native'
02-10 16:48:05.823 22664 22730 I jxcore-log: 
02-10 16:48:05.833 22664 22730 I jxcore-log: # setup
02-10 16:48:05.833 22664 22730 I jxcore-log: 
02-10 16:48:05.843 22664 22730 I jxcore-log: 2017-02-10 13:48:05 - DEBUG thaliMobileNativeWrapper: 'networkChanged: {"bluetoothLowEnergy":"on","bluetooth":"on","wifi":"on","cellular":"doNotCare","bssidName":"70:cd:60:ff:5a:07","ssidName":"T"}'
02-10 16:48:05.843 22664 22730 I jxcore-log: 
02-10 16:48:05.843 22664 22730 I jxcore-log: 2017-02-10 13:48:05 - INFO thaliMobile: 'Filtered out networkChangedNonTCP (was in stopped state).'
02-10 16:48:05.843 22664 22730 I jxcore-log: 
02-10 16:48:05.863 22664 22730 I jxcore-log: # Calling startUpdateAdvertisingAndListening twice is NOT an error
02-10 16:48:05.863 22664 22730 I jxcore-log: 
02-10 16:48:05.893 22664 22730 D io.jxcore.node.JXcoreExtension: startUpdateAdvertisingAndListening
02-10 16:48:05.903 22664 22730 D BluetoothAdapter: STATE_ON
02-10 16:48:05.903 22664 22730 I io.jxcore.node.ConnectionHelper: start: Port number: 4242, start advertisements: true
02-10 16:48:05.903 22664 22730 V io.jxcore.node.ConnectivityMonitor: start: Already started
02-10 16:48:05.903 22664 22730 I io.jxcore.node.StartStopOperationHandler: updateBeaconAdExtraInformation: New value: 1
02-10 16:48:05.903 22664 22730 I org.thaliproject.p2p.btconnectorlib.DiscoveryManagerSettings: setBeaconAdExtraInformation: 0 -> 1
02-10 16:48:05.903 22664 22730 I org.thaliproject.p2p.btconnectorlib.internal.AbstractBluetoothConnectivityAgent: clearIdentityString
02-10 16:48:05.903 22664 22730 I org.thaliproject.p2p.btconnectorlib.internal.AbstractBluetoothConnectivityAgent: verifyIdentityString: Identity string created: {"generation":1,"address":"08:21:EF:82:2A:96"}
02-10 16:48:05.903 22664 22730 D org.thaliproject.p2p.btconnectorlib.internal.bluetooth.BluetoothConnector: setIdentityString: {"generation":1,"address":"08:21:EF:82:2A:96"}
02-10 16:48:05.903 22664 22730 D org.thaliproject.p2p.btconnectorlib.DiscoveryManager: onAdvertiseScanSettingsChanged: Current thread: Thread[Thread-2514,7,main], id: 2514
02-10 16:48:05.903 22664 22730 I org.thaliproject.p2p.btconnectorlib.internal.AbstractBluetoothConnectivityAgent: clearIdentityString
02-10 16:48:05.913 22664 22730 I org.thaliproject.p2p.btconnectorlib.internal.AbstractBluetoothConnectivityAgent: verifyIdentityString: Identity string created: {"generation":1,"address":"08:21:EF:82:2A:96"}
02-10 16:48:05.913 22664 22730 D org.thaliproject.p2p.btconnectorlib.internal.bluetooth.BluetoothConnector: setIdentityString: {"generation":1,"address":"08:21:EF:82:2A:96"}
02-10 16:48:05.913 22664 22730 D org.thaliproject.p2p.btconnectorlib.DiscoveryManager: onAdvertiseScanSettingsChanged: Current thread: Thread[Thread-2514,7,main], id: 2514
02-10 16:48:05.913 22664 22730 I org.thaliproject.p2p.btconnectorlib.internal.AbstractBluetoothConnectivityAgent: clearIdentityString
02-10 16:48:05.913 22664 22730 I org.thaliproject.p2p.btconnectorlib.internal.AbstractBluetoothConnectivityAgent: verifyIdentityString: Identity string created: {"generation":1,"address":"08:21:EF:82:2A:96"}
02-10 16:48:05.913 22664 22730 D org.thaliproject.p2p.btconnectorlib.internal.bluetooth.BluetoothConnector: setIdentityString: {"generation":1,"address":"08:21:EF:82:2A:96"}
02-10 16:48:05.913 22664 22730 D org.thaliproject.p2p.btconnectorlib.DiscoveryManager: onAdvertiseScanSettingsChanged: Current thread: Thread[Thread-2514,7,main], id: 2514
02-10 16:48:05.913 22664 22730 V io.jxcore.node.StartStopOperation: isTargetState: Connectivity: NOT_STARTED, discovery: NOT_STARTED, is discovering: false, is advertising: false - Start operation: Should start/stop everything
02-10 16:48:05.913 22664 22730 V io.jxcore.node.StartStopOperationHandler: executeCurrentOperation: Executing: Start operation: Should start/stop everything
02-10 16:48:05.913 22664 22730 D org.thaliproject.p2p.btconnectorlib.ConnectionManager: startListeningForIncomingConnections
02-10 16:48:05.913 22664 22730 I org.thaliproject.p2p.btconnectorlib.internal.bluetooth.BluetoothManager: bind: Binding a new listener
02-10 16:48:05.913 22664 22730 I org.thaliproject.p2p.btconnectorlib.internal.bluetooth.BluetoothConnector: startListeningForIncomingConnections: Starting...
02-10 16:48:05.923 22664 22730 D org.thaliproject.p2p.btconnectorlib.ConnectionManager: onIsServerStartedChanged: true
02-10 16:48:05.923 22664 22730 D org.thaliproject.p2p.btconnectorlib.ConnectionManager: updateState: mShouldBeStarted :  true, mIsServerStarted:  true
02-10 16:48:05.923 22664 22730 D org.thaliproject.p2p.btconnectorlib.ConnectionManager: setState: NOT_STARTED -> RUNNING
02-10 16:48:05.923 22664 22730 I org.thaliproject.p2p.btconnectorlib.ConnectionManager: startListeningForIncomingConnections: OK
02-10 16:48:05.923 22664 22664 I io.jxcore.node.ConnectionHelper: onConnectionManagerStateChanged: RUNNING
02-10 16:48:05.923 22664 22730 I org.thaliproject.p2p.btconnectorlib.DiscoveryManager: start: Discovery mode: BLE, start discovery: false, start advertiser: true
02-10 16:48:05.923 22664 22730 I org.thaliproject.p2p.btconnectorlib.internal.bluetooth.BluetoothManager: bind: Binding a new listener
02-10 16:48:05.923 22664 22730 I org.thaliproject.p2p.btconnectorlib.internal.wifi.WifiDirectManager: bind: Binding a new listener
02-10 16:48:05.923 22664 22762 D org.thaliproject.p2p.btconnectorlib.internal.bluetooth.BluetoothServerThread: Entering thread
02-10 16:48:05.923 22664 22762 D BluetoothSocket: bindListen(): myUserId = 0
02-10 16:48:05.923 22664 22762 W BluetoothAdapter: getBluetoothService() called with no BluetoothManagerCallback
02-10 16:48:05.933 22664 22730 D org.thaliproject.p2p.btconnectorlib.DiscoveryManager: startBlePeerDiscoverer
02-10 16:48:05.933 22664 22730 V io.jxcore.node.ConnectionHelper: Received a request for permission "android.permission.ACCESS_COARSE_LOCATION", but we are expecting that all the required permissions have already been granted
02-10 16:48:05.933 22664 22730 V org.thaliproject.p2p.btconnectorlib.DiscoveryManager: getBlePeerDiscovererInstanceAndCheckBluetoothMacAddress: Constructing...
02-10 16:48:05.933 22664 22762 I org.thaliproject.p2p.btconnectorlib.internal.bluetooth.BluetoothServerThread: Waiting for incoming connections...
02-10 16:48:05.933 22664 22730 D BluetoothAdapter: STATE_ON
02-10 16:48:05.933 22664 22730 D BluetoothAdapter: STATE_ON
02-10 16:48:05.933 22664 22730 D BluetoothAdapter: STATE_ON
02-10 16:48:05.933 22664 22730 D org.thaliproject.p2p.btconnectorlib.internal.bluetooth.le.BleAdvertiser: setAdvertiseSettings, Current thread: Thread[Thread-2514,7,main], id: 2514
02-10 16:48:05.933 22664 22730 I org.thaliproject.p2p.btconnectorlib.internal.bluetooth.le.BleAdvertiser: setAdvertiseSettings: Mode: 2, Tx power level: 3, timeout: 0, is connectable: false
02-10 16:48:05.943 22664 22730 D BluetoothAdapter: STATE_ON
02-10 16:48:05.943 22664 22730 D BluetoothAdapter: STATE_ON
02-10 16:48:05.943 22664 22730 D org.thaliproject.p2p.btconnectorlib.internal.bluetooth.le.BleScanner: applyAdditionalMarshmallowSettings
02-10 16:48:05.943 22664 22730 I org.thaliproject.p2p.btconnectorlib.internal.bluetooth.le.BleScanner: setScanSettings: Mode: 2, report delay in milliseconds: 500, scan result type: 0
02-10 16:48:05.943 22664 22730 D org.thaliproject.p2p.btconnectorlib.internal.bluetooth.le.BlePeerDiscoverer: Beacon extra: 1
02-10 16:48:05.943 22664 22730 D BluetoothAdapter: STATE_ON
02-10 16:48:05.943 22664 22730 D org.thaliproject.p2p.btconnectorlib.internal.bluetooth.le.BlePeerDiscoverer: startAdvertiser: Current thread: Thread[Thread-2514,7,main], id: 2514
02-10 16:48:05.943 22664 22730 D org.thaliproject.p2p.btconnectorlib.internal.bluetooth.le.BlePeerDiscoverer: stopPeerAddressHelperAdvertiser Current thread: Thread[Thread-2514,7,main], id: 2514
02-10 16:48:05.943 22664 22730 I org.thaliproject.p2p.btconnectorlib.internal.bluetooth.le.BlePeerDiscoverer: startAdvertiser: Starting...
02-10 16:48:05.943 22664 22730 D org.thaliproject.p2p.btconnectorlib.internal.bluetooth.le.BlePeerDiscoverer: createAdvertiseData: createAdvertiseDataToServiceData 
02-10 16:48:05.943 22664 22730 I org.thaliproject.p2p.btconnectorlib.internal.bluetooth.le.PeerAdvertisementFactory: createAdvertiseDataToServiceData: Service UUID: "f7fcb9ad-df91-44df-bf14-f1f488d36e09", Bluetooth MAC address: "08:21:EF:82:2A:96"
02-10 16:48:05.943 22664 22730 V org.thaliproject.p2p.btconnectorlib.internal.bluetooth.le.PeerAdvertisementFactory: createAdvertiseDataToServiceData: Service data (length is 7 bytes): 01 08 21 EF 82 2A 96
02-10 16:48:05.943 22664 22730 V org.thaliproject.p2p.btconnectorlib.internal.bluetooth.le.PeerAdvertisementFactory: createAdvertiseDataToServiceData: Created: AdvertiseData [mServiceUuids=[f7fcb9ad-df91-44df-bf14-f1f488d36e09], mManufacturerSpecificData={}, mServiceData={f7fcb9ad-df91-44df-bf14-f1f488d36e09=[1, 8, 33, -17, -126, 42, -106]}, mIncludeTxPowerLevel=false, mIncludeDeviceName=false]
02-10 16:48:05.943 22664 22730 I org.thaliproject.p2p.btconnectorlib.internal.bluetooth.le.BlePeerDiscoverer: createAdvertiseData: created AdvertiseData [mServiceUuids=[f7fcb9ad-df91-44df-bf14-f1f488d36e09], mManufacturerSpecificData={}, mServiceData={f7fcb9ad-df91-44df-bf14-f1f488d36e09=[1, 8, 33, -17, -126, 42, -106]}, mIncludeTxPowerLevel=false, mIncludeDeviceName=false]
02-10 16:48:05.943 22664 22730 D org.thaliproject.p2p.btconnectorlib.internal.bluetooth.le.BleAdvertiser: setAdvertiseData: Current thread: Thread[Thread-2514,7,main], id: 2514
02-10 16:48:05.943 22664 22730 D org.thaliproject.p2p.btconnectorlib.internal.bluetooth.le.BleAdvertiser: setAdvertiseData: AdvertiseData [mServiceUuids=[f7fcb9ad-df91-44df-bf14-f1f488d36e09], mManufacturerSpecificData={}, mServiceData={f7fcb9ad-df91-44df-bf14-f1f488d36e09=[1, 8, 33, -17, -126, 42, -106]}, mIncludeTxPowerLevel=false, mIncludeDeviceName=false]. Current thread: Thread[Thread-2514,7,main], id: 2514
02-10 16:48:05.943 22664 22730 D org.thaliproject.p2p.btconnectorlib.internal.bluetooth.le.BleAdvertiser: setAdvertiseData: was started = false
02-10 16:48:05.943 22664 22730 D org.thaliproject.p2p.btconnectorlib.internal.bluetooth.le.BleAdvertiser: setAdvertiseData: advertiseData = AdvertiseData [mServiceUuids=[f7fcb9ad-df91-44df-bf14-f1f488d36e09], mManufacturerSpecificData={}, mServiceData={f7fcb9ad-df91-44df-bf14-f1f488d36e09=[1, 8, 33, -17, -126, 42, -106]}, mIncludeTxPowerLevel=false, mIncludeDeviceName=false]
02-10 16:48:05.943 22664 22730 D org.thaliproject.p2p.btconnectorlib.internal.bluetooth.le.BleAdvertiser: setAdvertiseData finished: Current thread: Thread[Thread-2514,7,main], id: 2514
02-10 16:48:05.943 22664 22730 D org.thaliproject.p2p.btconnectorlib.internal.bluetooth.le.BleAdvertiser: start:  state = NOT_STARTEDCurrent thread: Thread[Thread-2514,7,main], id: 2514
02-10 16:48:05.943 22664 22730 I org.thaliproject.p2p.btconnectorlib.internal.bluetooth.le.BleAdvertiser: start: Starting... advertisement data = AdvertiseData [mServiceUuids=[f7fcb9ad-df91-44df-bf14-f1f488d36e09], mManufacturerSpecificData={}, mServiceData={f7fcb9ad-df91-44df-bf14-f1f488d36e09=[1, 8, 33, -17, -126, 42, -106]}, mIncludeTxPowerLevel=false, mIncludeDeviceName=false], Current thread: Thread[Thread-2514,7,main], id: 2514
02-10 16:48:05.943 22664 22730 D BluetoothAdapter: STATE_ON
02-10 16:48:05.953 22664 22730 D BluetoothAdapter: STATE_ON
02-10 16:48:05.953 22664 22730 D BluetoothLeAdvertiser: start advertising
02-10 16:48:05.953 22664 22730 D BluetoothAdapter: STATE_ON
02-10 16:48:05.953 15518 15589 D BtGatt.GattService: registerClient() - UUID=e39cdf3f-04b7-4ff8-98ea-eba06724563a
02-10 16:48:05.993 15518 15537 D BtGatt.GattService: onClientRegistered() - UUID=e39cdf3f-04b7-4ff8-98ea-eba06724563a, clientIf=8
02-10 16:48:05.993 22664 22675 D BluetoothLeAdvertiser: onClientRegistered() - status=0 clientIf=8
02-10 16:48:06.003 15518 15586 D BtGatt.GattService: [GSIM LOG]: startMultiAdvertising: 2
02-10 16:48:06.003 15518 15586 D BtGatt.GattService: [GSIM LOG]: getCallingProcessName: com.test.thalitest
02-10 16:48:06.003 15518 15586 D BtGatt.GattService: [GSIM LOG]: getCallingProcessName: com.test.thalitest
02-10 16:48:06.003 15518 15545 D BtGatt.AdvertiseManager: message : 0
02-10 16:48:06.003 15518 15559 E BtGatt.GattService: [GSIM LOG]: gsimLogHandler: com.test.thalitest, msg: MESSAGE_START_ADV
02-10 16:48:06.003 15518 15559 D BtGatt.GattService: [GSIM LOG]: gsimLogHandler: prevDate: 10, currDate: 10
02-10 16:48:06.003 15518 15545 D BtGatt.AdvertiseManager: number of adv instance running = 0
02-10 16:48:06.003 15518 15545 D BtGatt.AdvertiseManager: size of list is =0
02-10 16:48:06.013 15518 15545 D BtGatt.AdvertiseManager: starting advertising
02-10 16:48:06.013 15518 15545 D BtGatt.AdvertiseManager: isStandardAdv = false
02-10 16:48:06.013  3513  3540 V AlarmManager:  remove PendingIntent] PendingIntent{d913e7d: PendingIntentRecord{369848 com.android.bluetooth broadcastIntent}}
02-10 16:48:06.023 15518 15559 D BtGatt.GattService: [GSIM LOG]: increaseAdvCount : com.test.thalitest : 850
