02-08 19:30:53.001 30644 30705 D org.thaliproject.p2p.btconnectorlib.internal.bluetooth.le.BleAdvertiser: start returned: Current thread: Thread[Thread-5698,5,main], id: 5698
02-08 19:30:53.001 30644 30705 D org.thaliproject.p2p.btconnectorlib.internal.bluetooth.le.BlePeerDiscoverer: startAdvertiser started = true Current thread: Thread[Thread-5698,5,main], id: 5698
02-08 19:30:53.001 30644 30644 D org.thaliproject.p2p.btconnectorlib.internal.bluetooth.le.BleAdvertiser: setState: current  = STARTING, new = RUNNINGCurrent thread: Thread[main,5,main], id: 1
02-08 19:30:53.001 30644 30705 D org.thaliproject.p2p.btconnectorlib.internal.bluetooth.le.BlePeerDiscoverer: applySettings: start advertiser started = true Current thread: Thread[Thread-5698,5,main], id: 5698
02-08 19:30:53.001 30644 30644 D org.thaliproject.p2p.btconnectorlib.internal.bluetooth.le.BleAdvertiser: setState: State changed from STARTING to RUNNING
02-08 19:30:53.001 30644 30705 D org.thaliproject.p2p.btconnectorlib.internal.bluetooth.le.BleScanner: applyAdditionalMarshmallowSettings
02-08 19:30:53.001 30644 30644 D org.thaliproject.p2p.btconnectorlib.internal.bluetooth.le.BleAdvertiser: notifyAdvertiserStateChanged: started =  true. Current thread: Thread[main,5,main], id: 1
02-08 19:30:53.001 30644 30705 D org.thaliproject.p2p.btconnectorlib.internal.bluetooth.le.BlePeerDiscoverer: applySettings: scannerWasStarted true Current thread: Thread[Thread-5698,5,main], id: 5698
02-08 19:30:53.001 30644 30644 D org.thaliproject.p2p.btconnectorlib.internal.bluetooth.le.BleAdvertiser: setState: finished Current thread: Thread[main,5,main], id: 1
02-08 19:30:53.001 30644 30705 D org.thaliproject.p2p.btconnectorlib.internal.bluetooth.le.BlePeerDiscoverer: applySettings: stop scanner Current thread: Thread[Thread-5698,5,main], id: 5698
02-08 19:30:53.002 30644 30644 I org.thaliproject.p2p.btconnectorlib.internal.bluetooth.le.BlePeerDiscoverer: onIsAdvertiserStartedChanged: trueCurrent thread: Thread[main,5,main], id: 1
02-08 19:30:53.002 30644 30644 D org.thaliproject.p2p.btconnectorlib.internal.bluetooth.le.BlePeerDiscoverer: updateState : Current thread: Thread[main,5,main], id: 1
02-08 19:30:53.002 30644 30705 D org.thaliproject.p2p.btconnectorlib.internal.bluetooth.le.BleScanner: stop, Current thread: Thread[Thread-5698,5,main], id: 5698
02-08 19:30:53.002 30644 30644 D org.thaliproject.p2p.btconnectorlib.internal.bluetooth.le.BlePeerDiscoverer: updateState: deducedStateSet: [SCANNING, ADVERTISING]
02-08 19:30:53.002 30644 30644 D org.thaliproject.p2p.btconnectorlib.internal.bluetooth.le.BlePeerDiscoverer: updateState: stateSet: [SCANNING, ADVERTISING]
02-08 19:30:53.002 30644 30644 D org.thaliproject.p2p.btconnectorlib.internal.bluetooth.le.BlePeerDiscoverer: Current thread: Thread[main,5,main], id: 1
02-08 19:30:53.002 30644 30644 D org.thaliproject.p2p.btconnectorlib.internal.bluetooth.le.BlePeerDiscoverer: update state finished. Current thread: Thread[main,5,main], id: 1
02-08 19:30:53.002 30644 30705 D BluetoothAdapter: STATE_ON
02-08 19:30:53.003 18502 15186 D BtGatt.GattService: flushPendingBatchResults - clientIf=5, isServer=false
02-08 19:30:53.003 30644 30705 D org.thaliproject.p2p.btconnectorlib.internal.bluetooth.le.BleScanner: stop: scan results are flushed 
02-08 19:30:53.004 18502 18521 D BtGatt.ScanManager: flushPendingBatchResults - clientIf = 5
02-08 19:30:53.004 30644 30705 D BluetoothAdapter: STATE_ON
02-08 19:30:53.004 18502 18579 D BtGatt.GattService: stopScan() - queue size =1
02-08 19:30:53.005 18502 18512 D BtGatt.GattService: unregisterClient() - clientIf=5
02-08 19:30:53.006 30644 30705 D org.thaliproject.p2p.btconnectorlib.internal.bluetooth.le.BleScanner: stop: Stopped
02-08 19:30:53.006 30644 30705 D org.thaliproject.p2p.btconnectorlib.internal.bluetooth.le.BleScanner: set state: Current thread: Thread[Thread-5698,5,main], id: 5698
02-08 19:30:53.006 30644 30705 D org.thaliproject.p2p.btconnectorlib.internal.bluetooth.le.BleScanner: setState: State changed from RUNNING to NOT_STARTED
02-08 19:30:53.006 30644 30705 D org.thaliproject.p2p.btconnectorlib.internal.bluetooth.le.BleScanner: stop finished, Current thread: Thread[Thread-5698,5,main], id: 5698
02-08 19:30:53.006 30644 30705 I org.thaliproject.p2p.btconnectorlib.internal.bluetooth.le.BleScanner: setScanSettings: Mode: 2, report delay in milliseconds: 500, scan result type: 0
02-08 19:30:53.006 30644 30705 D org.thaliproject.p2p.btconnectorlib.internal.bluetooth.le.BlePeerDiscoverer: applySettings: start scanner Current thread: Thread[Thread-5698,5,main], id: 5698
02-08 19:30:53.006 30644 30705 D org.thaliproject.p2p.btconnectorlib.internal.bluetooth.le.BlePeerDiscoverer: startScanner: Current thread: Thread[Thread-5698,5,main], id: 5698
02-08 19:30:53.006 30644 30705 I org.thaliproject.p2p.btconnectorlib.internal.bluetooth.le.BlePeerDiscoverer: startScanner: Starting...
02-08 19:30:53.007 30644 30705 D org.thaliproject.p2p.btconnectorlib.internal.bluetooth.le.BlePeerDiscoveryUtils: createScanFilter: No service UUID, use manufacturer ID: true
02-08 19:30:53.007 30644 30705 D org.thaliproject.p2p.btconnectorlib.internal.bluetooth.le.BlePeerDiscoveryUtils: manufacturer ID: 61973
02-08 19:30:53.007 30644 30705 D org.thaliproject.p2p.btconnectorlib.internal.bluetooth.le.BlePeerDiscoveryUtils: createScanFilter: BluetoothLeScanFilter [mDeviceName=null, mDeviceAddress=null, mUuid=null, mUuidMask=null, mServiceDataUuid=null, mServiceData=null, mServiceDataMask=null, mManufacturerId=61973, mManufacturerData=null, mManufacturerDataMask=null]
02-08 19:30:53.007 30644 30705 D org.thaliproject.p2p.btconnectorlib.internal.bluetooth.le.BleScanner: start: Current thread: Thread[Thread-5698,5,main], id: 5698
02-08 19:30:53.008 30644 30705 D BluetoothAdapter: STATE_ON
02-08 19:30:53.009 18502 18518 D BtGatt.GattService: onBatchScanReports() - clientIf=5, status=0, reportType=2, numRecords=0
02-08 19:30:53.009 18502 18518 D BtGatt.ScanManager: callback done for clientIf - 5 status - 0
02-08 19:30:53.010 18502 18518 E BtGatt.ContextMap: Context not found for ID 5
02-08 19:30:53.012 18502 18559 D BtGatt.GattService: registerClient() - UUID=12b0274b-ea02-4f46-8858-787f6d649ef1
02-08 19:30:53.012 18502 18518 D BtGatt.GattService: onClientRegistered() - UUID=12b0274b-ea02-4f46-8858-787f6d649ef1, clientIf=5
02-08 19:30:53.013 30644 30657 D BluetoothLeScanner: onClientRegistered() - status=0 clientIf=5
02-08 19:30:53.013 18502 18512 D BtGatt.GattService: start scan with filters
02-08 19:30:53.015 30644 30705 D org.thaliproject.p2p.btconnectorlib.internal.bluetooth.le.BleScanner: start: scan started
02-08 19:30:53.016 30644 30705 D org.thaliproject.p2p.btconnectorlib.internal.bluetooth.le.BleScanner: set state: Current thread: Thread[Thread-5698,5,main], id: 5698
02-08 19:30:53.016 30644 30705 D org.thaliproject.p2p.btconnectorlib.internal.bluetooth.le.BleScanner: setState: State changed from NOT_STARTED to RUNNING
02-08 19:30:53.016 30644 30705 D org.thaliproject.p2p.btconnectorlib.internal.bluetooth.le.BleScanner: notifyScannerStateChanged: started =  true. Current thread: Thread[Thread-5698,5,main], id: 5698
02-08 19:30:53.016 30644 30705 D org.thaliproject.p2p.btconnectorlib.internal.bluetooth.le.BlePeerDiscoverer: applySettings: start scanner started = true Current thread: Thread[Thread-5698,5,main], id: 5698
02-08 19:30:53.016 30644 30705 V io.jxcore.node.StartStopOperation: isTargetState: Connectivity: RUNNING, discovery: RUNNING_BLE, is discovering: true, is advertising: true - Start operation: Should start/stop everything
02-08 19:30:53.016 30644 30705 V io.jxcore.node.StartStopOperationHandler: executeCurrentOperation: The current state already matches the desired outcome of this operation, skipping...
02-08 19:30:53.016 30644 30705 I io.jxcore.node.ConnectionHelper: start: OK
02-08 19:30:53.016 30644 30644 I org.thaliproject.p2p.btconnectorlib.internal.bluetooth.le.BlePeerDiscoverer: onIsScannerStartedChanged: trueCurrent thread: Thread[main,5,main], id: 1
02-08 19:30:53.016 18502 18518 D BtGatt.GattService: onScanFilterParamsConfigured() - clientIf=5, status=0, action=1, availableSpace=32
02-08 19:30:53.016 18502 18518 D BtGatt.ScanManager: callback done for clientIf - 5 status - 0
02-08 19:30:53.016 30644 30644 D org.thaliproject.p2p.btconnectorlib.internal.bluetooth.le.BlePeerDiscoverer: updateState : Current thread: Thread[main,5,main], id: 1
02-08 19:30:53.016 30644 30644 D org.thaliproject.p2p.btconnectorlib.internal.bluetooth.le.BlePeerDiscoverer: updateState: deducedStateSet: [SCANNING, ADVERTISING]
02-08 19:30:53.016 30644 30644 D org.thaliproject.p2p.btconnectorlib.internal.bluetooth.le.BlePeerDiscoverer: updateState: stateSet: [SCANNING, ADVERTISING]
02-08 19:30:53.016 30644 30644 D org.thaliproject.p2p.btconnectorlib.internal.bluetooth.le.BlePeerDiscoverer: Current thread: Thread[main,5,main], id: 1
02-08 19:30:53.016 30644 30644 D org.thaliproject.p2p.btconnectorlib.internal.bluetooth.le.BlePeerDiscoverer: update state finished. Current thread: Thread[main,5,main], id: 1
02-08 19:30:53.016 18502 18521 D BtGatt.ScanManager: stopping BLe Batch
02-08 19:30:53.017 30644 30705 I jxcore-log: ok 2 About to waitForRemoteDocs
02-08 19:30:53.017 30644 30705 I jxcore-log: 
02-08 19:30:53.021 18502 18518 D BtGatt.GattService: onBatchScanStartStopped() - clientIf=5, status=0, startStopAction=0
02-08 19:30:53.021 18502 18518 D BtGatt.ScanManager: callback done for clientIf - 5 status - 0
02-08 19:30:53.022 18502 18521 D BtGatt.ScanManager: flushPendingBatchResults - clientIf = 5
02-08 19:30:53.022 30644 30705 I jxcore-log: 2017-02-08 16:30:53 - DEBUG thaliMobileNativeWrapper: 'Received peerAvailabilityChanged event from native layer [{"peerIdentifier":"BC:75:74:3A:BC:F8","generation":6,"peerAvailable":true}]'
02-08 19:30:53.022 30644 30705 I jxcore-log: 
02-08 19:30:53.022 30644 30705 I jxcore-log: 2017-02-08 16:30:53 - DEBUG thaliMobileNativeWrapper: 'Received peer availability changed event with {"peerIdentifier":"BC:75:74:3A:BC:F8","generation":6,"peerAvailable":true}'
02-08 19:30:53.022 30644 30705 I jxcore-log: 
02-08 19:30:53.023 30644 30705 I jxcore-log: 2017-02-08 16:30:53 - DEBUG thaliMobileNativeWrapper: 'Received peerAvailabilityChanged event from native layer [{"peerIdentifier":"24:00:BA:F9:9A:9F","generation":0,"peerAvailable":true}]'
02-08 19:30:53.023 30644 30705 I jxcore-log: 
02-08 19:30:53.024 30644 30705 I jxcore-log: 2017-02-08 16:30:53 - DEBUG thaliMobileNativeWrapper: 'Received peer availability changed event with {"peerIdentifier":"24:00:BA:F9:9A:9F","generation":0,"peerAvailable":true}'
02-08 19:30:53.024 30644 30705 I jxcore-log: 
02-08 19:30:53.025 30644 30705 I jxcore-log: 2017-02-08 16:30:53 - DEBUG createPeerListener: 'creating new server for BC:75:74:3A:BC:F8'
02-08 19:30:53.025 30644 30705 I jxcore-log: 
02-08 19:30:53.027 30644 30705 I jxcore-log: 2017-02-08 16:30:53 - DEBUG createPeerListener: 'Node TCP/IP listener (server) for BC:75:74:3A:BC:F8 listening on 41360'
02-08 19:30:53.027 30644 30705 I jxcore-log: 
02-08 19:30:53.027 30644 30705 I jxcore-log: 2017-02-08 16:30:53 - DEBUG thaliMobileNativeWrapper: 'handlePeerAvailabilityChanged - Emitting {"peerIdentifier":"BC:75:74:3A:BC:F8","peerAvailable":true,"generation":6,"portNumber":41360}'
02-08 19:30:53.027 30644 30705 I jxcore-log: 
02-08 19:30:53.028 30644 30705 I jxcore-log: 2017-02-08 16:30:53 - DEBUG thaliMobile: 'Emitting peerAvailabilityChanged from handlePeer {"peerIdentifier":"BC:75:74:3A:BC:F8","connectionType":"AndroidBluetooth","peerAvailable":true,"generation":6,"newAddressPort":false}'
02-08 19:30:53.028 30644 30705 I jxcore-log: 
02-08 19:30:53.028 18502 18518 D BtGatt.GattService: onBatchScanReports() - clientIf=5, status=0, reportType=2, numRecords=0
02-08 19:30:53.029 18502 18518 D BtGatt.ScanManager: callback done for clientIf - 5 status - 0
02-08 19:30:53.030 18502 18521 D BtGatt.ScanManager: handling starting scan
02-08 19:30:53.033 30644 30705 I jxcore-log: 2017-02-08 16:30:53 - DEBUG thaliMobileNativeWrapper: 'handlePeerAvailabilityChanged - Emitting {"peerIdentifier":"24:00:BA:F9:9A:9F","peerAvailable":true,"generation":0,"portNumber":37159}'
02-08 19:30:53.033 30644 30705 I jxcore-log: 
02-08 19:30:53.034 30644 30705 I jxcore-log: 2017-02-08 16:30:53 - DEBUG thaliMobile: 'Emitting peerAvailabilityChanged from handlePeer {"peerIdentifier":"24:00:BA:F9:9A:9F","connectionType":"AndroidBluetooth","peerAvailable":true,"generation":0,"newAddressPort":false}'
02-08 19:30:53.034 30644 30705 I jxcore-log: 
02-08 19:30:53.037 18502 18518 D BtGatt.GattService: onScanFilterEnableDisabled() - clientIf=5, status=0, action=1
02-08 19:30:53.037 18502 18518 D BtGatt.ScanManager: callback done for clientIf - 5 status - 0
02-08 19:30:53.037 18502 18521 D BtGatt.ScanManager: configureFilterParamter 1500 10000 4 0
02-08 19:30:53.044 18502 18518 D BtGatt.GattService: onScanFilterParamsConfigured() - clientIf=5, status=0, action=0, availableSpace=31
02-08 19:30:53.044 18502 18518 D BtGatt.ScanManager: callback done for clientIf - 5 status - 0
02-08 19:30:53.044 18502 18521 D BtGatt.ScanManager: Starting BLE batch scan
02-08 19:30:53.045 18502 18521 D BtGatt.ScanManager: configuring batch scan storage, appIf 5
02-08 19:30:53.045 30644 30705 I jxcore-log: 2017-02-08 16:30:53 - INFO nodeSSDPServerLogger: '{ address: 'http://0.0.0.0:1900' } 'SSDP listening''
02-08 19:30:53.045 30644 30705 I jxcore-log: 
02-08 19:30:53.046 30644 30705 I jxcore-log: 2017-02-08 16:30:53 - INFO nodeSSDPServerLogger: 'UDP socket bound'
02-08 19:30:53.046 30644 30705 I jxcore-log: 
02-08 19:30:53.047 30644 30705 I jxcore-log: 2017-02-08 16:30:53 - INFO nodeSSDPServerLogger: 'Socket bound'
02-08 19:30:53.047 30644 30705 I jxcore-log: 
02-08 19:30:53.048 30644 30705 I jxcore-log: 2017-02-08 16:30:53 - DEBUG thaliWifiInfrastructure: 'Emitting wifiPeerAvailabilityChanged {"peerIdentifier":"ffb16151-8335-49bc-a0c8-b1cb5f128557","generation":0,"hostAddress":"192.168.2.2","portNumber":41566}'
02-08 19:30:53.048 30644 30705 I jxcore-log: 
02-08 19:30:53.054 30644 30705 I jxcore-log: 2017-02-08 16:30:53 - DEBUG createPeerListener: 'Issuing callNative for BC:75:74:3A:BC:F8'
02-08 19:30:53.054 30644 30705 I jxcore-log: 
02-08 19:30:53.054 18502 18518 D BtGatt.GattService: onBatchScanStorageConfigured() - clientIf=5, status=0
02-08 19:30:53.054 18502 18518 D BtGatt.ScanManager: callback done for clientIf - 5 status - 0
02-08 19:30:53.056 30644 30705 D io.jxcore.node.JXcoreExtension: connect: BC:75:74:3A:BC:F8
02-08 19:30:53.056 30644 30705 I io.jxcore.node.ConnectionHelper: connect: Trying to connect to peer with ID BC:75:74:3A:BC:F8
02-08 19:30:53.056 30644 30705 I org.thaliproject.p2p.btconnectorlib.ConnectionManager: connect: [BC:75:74:3A:BC:F8 6]
02-08 19:30:53.057 30644 30705 I org.thaliproject.p2p.btconnectorlib.internal.bluetooth.BluetoothConnector: connect: Trying to start connecting to Nexus 6P in address BC:75:74:3A:BC:F8
02-08 19:30:53.057 30644 30705 I org.thaliproject.p2p.btconnectorlib.internal.bluetooth.BluetoothClientThread: setInsecureRfcommSocketPortNumber: Using port -1
02-08 19:30:53.057 30644 30705 I org.thaliproject.p2p.btconnectorlib.internal.bluetooth.BluetoothClientThread: setMaxNumberOfRetries: 0
02-08 19:30:53.057 30644 30705 I org.thaliproject.p2p.btconnectorlib.ConnectionManager: onConnecting: Nexus 6P BC:75:74:3A:BC:F8
02-08 19:30:53.057 30644 30705 D org.thaliproject.p2p.btconnectorlib.internal.bluetooth.BluetoothConnector: connect: Started connecting to Nexus 6P in address BC:75:74:3A:BC:F8
02-08 19:30:53.057 30644 30705 I io.jxcore.node.ConnectionHelper: connect: Connection process successfully started (peer ID: BC:75:74:3A:BC:F8)
02-08 19:30:53.058 30644 30721 I org.thaliproject.p2p.btconnectorlib.internal.bluetooth.BluetoothClientThread: Trying to connect to peer with address BC:75:74:3A:BC:F8 (thread ID: 5701)
02-08 19:30:53.058 30644 30721 D org.thaliproject.p2p.btconnectorlib.internal.bluetooth.BluetoothClientThread: tryToConnect:  socketConnectSucceeded = false, mIsShuttingDown = false
02-08 19:30:53.058 30644 30721 D org.thaliproject.p2p.btconnectorlib.internal.bluetooth.BluetoothClientThread:  createSocketAndConnect: socket closed
02-08 19:30:53.058 30644 30721 D org.thaliproject.p2p.btconnectorlib.internal.bluetooth.BluetoothClientThread:  createSocketAndConnect: SYSTEM_DECIDED_INSECURE_RFCOMM_SOCKET_PORT
02-08 19:30:53.060 18502 18518 D BtGatt.GattService: onBatchScanStartStopped() - clientIf=5, status=0, startStopAction=1
02-08 19:30:53.060 18502 18518 D BtGatt.ScanManager: callback done for clientIf - 5 status - 0
02-08 19:30:53.060 30644 30721 E org.thaliproject.p2p.btconnectorlib.internal.bluetooth.BluetoothClientThread:  createSocketAndConnect: connecting
02-08 19:30:53.060 30644 30721 W BluetoothAdapter: getBluetoothService() called with no BluetoothManagerCallback
02-08 19:30:53.080 30644 30705 I jxcore-log: 2017-02-08 16:30:53 - DEBUG thaliWifiInfrastructure: 'Emitting wifiPeerAvailabilityChanged {"peerIdentifier":"e2b32dbd-7900-4208-b601-49a6e5434ae0","generation":0,"hostAddress":"192.168.2.5","portNumber":44372}'
02-08 19:30:53.080 30644 30705 I jxcore-log: 
02-08 19:30:53.081 30644 30705 I jxcore-log: 2017-02-08 16:30:53 - DEBUG thaliWifiInfrastructure: 'Emitting wifiPeerAvailabilityChanged {"peerIdentifier":"e2b32dbd-7900-4208-b601-49a6e5434ae0","generation":0,"portNumber":null,"hostAddress":null}'
02-08 19:30:53.081 30644 30705 I jxcore-log: 
02-08 19:30:53.082 30644 30705 I jxcore-log: 2017-02-08 16:30:53 - DEBUG thaliMobile: 'Emitting peerAvailabilityChanged from handlePeer {"peerIdentifier":"e2b32dbd-7900-4208-b601-49a6e5434ae0","connectionType":"tcp","peerAvailable":false,"generation":0,"newAddressPort":null}'
02-08 19:30:53.082 30644 30705 I jxcore-log: 
02-08 19:30:53.082 30644 30705 I jxcore-log: 2017-02-08 16:30:53 - WARN thaliNotificationClient: 'peer is not available'
02-08 19:30:53.082 30644 30705 I jxcore-log: 
02-08 19:30:53.083 30644 30705 I jxcore-log: 2017-02-08 16:30:53 - DEBUG thaliWifiInfrastructure: 'Emitting wifiPeerAvailabilityChanged {"peerIdentifier":"e2b32dbd-7900-4208-b601-49a6e5434ae0","generation":1,"hostAddress":"192.168.2.5","portNumber":44372}'
02-08 19:30:53.083 30644 30705 I jxcore-log: 
02-08 19:30:53.083 30644 30705 I jxcore-log: 2017-02-08 16:30:53 - DEBUG thaliMobile: 'Emitting peerAvailabilityChanged from handlePeer {"peerIdentifier":"e2b32dbd-7900-4208-b601-49a6e5434ae0","connectionType":"tcp","peerAvailable":true,"generation":1,"newAddressPort":false}'
02-08 19:30:53.083 30644 30705 I jxcore-log: 
02-08 19:30:53.320 30644 30705 I jxcore-log: 2017-02-08 16:30:53 - DEBUG thaliWifiInfrastructure: 'Emitting wifiPeerAvailabilityChanged {"peerIdentifier":"ffb16151-8335-49bc-a0c8-b1cb5f128557","generation":0,"portNumber":null,"hostAddress":null}'
02-08 19:30:53.320 30644 30705 I jxcore-log: 
02-08 19:30:53.321 30644 30705 I jxcore-log: 2017-02-08 16:30:53 - DEBUG thaliMobile: 'Emitting peerAvailabilityChanged from handlePeer {"peerIdentifier":"ffb16151-8335-49bc-a0c8-b1cb5f128557","connectionType":"tcp","peerAvailable":false,"generation":0,"newAddressPort":null}'
02-08 19:30:53.321 30644 30705 I jxcore-log: 
02-08 19:30:53.322 30644 30705 I jxcore-log: 2017-02-08 16:30:53 - WARN thaliNotificationClient: 'peer is not available'
02-08 19:30:53.322 30644 30705 I jxcore-log: 
02-08 19:30:53.323 30644 30705 I jxcore-log: 2017-02-08 16:30:53 - DEBUG thaliWifiInfrastructure: 'Emitting wifiPeerAvailabilityChanged {"peerIdentifier":"ffb16151-8335-49bc-a0c8-b1cb5f128557","generation":1,"hostAddress":"192.168.2.2","portNumber":41566}'
02-08 19:30:53.323 30644 30705 I jxcore-log: 
02-08 19:30:53.324 30644 30705 I jxcore-log: 2017-02-08 16:30:53 - DEBUG thaliMobile: 'Emitting peerAvailabilityChanged from handlePeer {"peerIdentifier":"ffb16151-8335-49bc-a0c8-b1cb5f128557","connectionType":"tcp","peerAvailable":true,"generation":1,"newAddressPort":false}'
02-08 19:30:53.324 30644 30705 I jxcore-log: 
02-08 19:30:53.382 30644 30705 I jxcore-log: 2017-02-08 16:30:53 - DEBUG thaliManager: 'connected pskIdentity Beacon Please for path /NotificationBeacons'
02-08 19:30:53.382 30644 30705 I jxcore-log: 
02-08 19:30:53.406 30644 30705 I jxcore-log: 2017-02-08 16:30:53 - DEBUG thaliManager: 'connected pskIdentity Beacon Please for path /NotificationBeacons'
02-08 19:30:53.406 30644 30705 I jxcore-log: 
02-08 19:30:53.570 18502 18502 D BtGatt.ScanManager: awakened up at time 5991619528
02-08 19:30:53.573 18502 18521 D BtGatt.ScanManager: flushPendingBatchResults - clientIf = 5
02-08 19:30:53.584 18502 18535 W bt_btif : bta_dm_acl_change info: 0x10
02-08 19:30:53.584 18502 18518 D bt_btif_dm: remote version info [24:00:ba:f9:9a:9f]: 0, 0, 0
02-08 19:30:53.586 18502 18518 E BluetoothRemoteDevices: state12newState0
02-08 19:30:53.602 18502 18518 D BtGatt.GattService: onBatchScanReports() - clientIf=5, status=0, reportType=2, numRecords=4
02-08 19:30:53.602 18502 18518 D BtGatt.ScanManager: callback done for clientIf - 5 status - 0
02-08 19:30:53.602 18502 18518 D BtGatt.GattService: current time is 5991619560540185
02-08 19:30:53.603 18502 18518 D BtGatt.GattService: Batch record : [-37, -20, 78, 100, -54, 112, 1, -128, -65, 9, 0, 29, 17, 7, -112, -75, 1, 68, 117, 5, -46, -118, 48, 73, 103, 39, 36, 33, -34, 59, 10, 22, 36, 33, 1, 36, 0, -70, -7, -102, -97, 0, -97, -102, -7, -70, 0, 36, 0, -128, -65, 4, 0, 29, 17, 7, -112, -75, 1, 68, 117, 5, -46, -118, 48, 73, 103, 39, 36, 33, -34, 59, 10, 22, 36, 33, 1, 36, 0, -70, -7, -102, -97, 0, -89, 103, 10, -63, -32, 92, 1, -128, -63, 8, 0, 29, 17, 7, -112, -75, 1, 68, 117, 5, -46, -118, 48, 73, 103, 39, 36, 33, -34, 59, 10, 22, 36, 33, 1, -68, 117, 116, 58, -68, -8, 0, -8, -68, 58, 116, 117, -68, 0, -128, -62, 4, 0, 29, 17, 7, -112, -75, 1, 68, 117, 5, -46, -118, 48, 73, 103, 39, 36, 33, -34, 59, 10, 22, 36, 33, 1, -68, 117, 116, 58, -68, -8, 0]
02-08 19:30:53.603 18502 18518 D BtGatt.GattService: ScanRecord : [17, 7, -112, -75, 1, 68, 117, 5, -46, -118, 48, 73, 103, 39, 36, 33, -34, 59, 10, 22, 36, 33, 1, 36, 0, -70, -7, -102, -97]
02-08 19:30:53.603 18502 18518 D BtGatt.GattService: ScanRecord : [17, 7, -112, -75, 1, 68, 117, 5, -46, -118, 48, 73, 103, 39, 36, 33, -34, 59, 10, 22, 36, 33, 1, 36, 0, -70, -7, -102, -97]
02-08 19:30:53.603 18502 18518 D BtGatt.GattService: ScanRecord : [17, 7, -112, -75, 1, 68, 117, 5, -46, -118, 48, 73, 103, 39, 36, 33, -34, 59, 10, 22, 36, 33, 1, -68, 117, 116, 58, -68, -8]
02-08 19:30:53.603 18502 18518 D BtGatt.GattService: ScanRecord : [17, 7, -112, -75, 1, 68, 117, 5, -46, -118, 48, 73, 103, 39, 36, 33, -34, 59, 10, 22, 36, 33, 1, -68, 117, 116, 58, -68, -8]
02-08 19:30:53.604 30644 30644 D org.thaliproject.p2p.btconnectorlib.internal.bluetooth.le.BleScanner: onBatchScanResults: results count  = 4. Current thread: Thread[main,5,main], id: 1
02-08 19:30:53.604 30644 30644 D org.thaliproject.p2p.btconnectorlib.internal.bluetooth.le.BlePeerDiscoverer: checkScanResult: ScanResult{mDevice=70:CA:64:4E:EC:DB, mScanRecord=ScanRecord [mAdvertiseFlags=-1, mServiceUuids=[3bde2124-2767-4930-8ad2-05754401b590], mManufacturerSpecificData={}, mServiceData={00002124-0000-1000-8000-00805f9b34fb=[1, 36, 0, -70, -7, -102, -97]}, mTxPowerLevel=-2147483648, mDeviceName=null], mRssi=-65, mTimestampNanos=5991619110714196}
02-08 19:30:53.604 30644 30644 D org.thaliproject.p2p.btconnectorlib.internal.bluetooth.le.BlePeerDiscoverer: checkScanResult: parsedAdvertisement: [UUID = null, bluetoothMacAddress = 24:00:BA:F9:9A:9F, provideBluetoothMacAddressRequestId = nullextra info = 1]
02-08 19:30:53.605 30644 30644 V org.thaliproject.p2p.btconnectorlib.internal.bluetooth.le.BlePeerDiscoverer: checkScanResult: Resolved advertisement type: ADVERTISEMENT_PEER_PROPERTIES
02-08 19:30:53.605 30644 30644 D org.thaliproject.p2p.btconnectorlib.internal.bluetooth.le.PeerAdvertisementFactory: Parsed advertisment: [UUID = 3bde2124-2767-4930-8ad2-05754401b590, bluetoothMacAddress = 24:00:BA:F9:9A:9F, provideBluetoothMacAddressRequestId = nullextra info = 1]
02-08 19:30:53.605 30644 30644 D org.thaliproject.p2p.btconnectorlib.internal.bluetooth.le.BlePeerDiscoverer: checkScanResult onPeerDiscovered [24:00:BA:F9:9A:9F 1]
02-08 19:30:53.605 30644 30644 D org.thaliproject.p2p.btconnectorlib.internal.bluetooth.le.BlePeerDiscoverer: checkScanResult: ScanResult{mDevice=5C:E0:C1:0A:67:A7, mScanRecord=ScanRecord [mAdvertiseFlags=-1, mServiceUuids=[3bde2124-2767-4930-8ad2-05754401b590], mManufacturerSpecificData={}, mServiceData={00002124-0000-1000-8000-00805f9b34fb=[1, -68, 117, 116, 58, -68, -8]}, mTxPowerLevel=-2147483648, mDeviceName=null], mRssi=-63, mTimestampNanos=5991619160714196}
02-08 19:30:53.605 30644 30644 D org.thaliproject.p2p.btconnectorlib.internal.bluetooth.le.BlePeerDiscoverer: checkScanResult: parsedAdvertisement: [UUID = null, bluetoothMacAddress = BC:75:74:3A:BC:F8, provideBluetoothMacAddressRequestId = nullextra info = 1]
02-08 19:30:53.605 30644 30644 V org.thaliproject.p2p.btconnectorlib.internal.bluetooth.le.BlePeerDiscoverer: checkScanResult: Resolved advertisement type: ADVERTISEMENT_PEER_PROPERTIES
02-08 19:30:53.605 30644 30644 D org.thaliproject.p2p.btconnectorlib.internal.bluetooth.le.PeerAdvertisementFactory: Parsed advertisment: [UUID = 3bde2124-2767-4930-8ad2-05754401b590, bluetoothMacAddress = BC:75:74:3A:BC:F8, provideBluetoothMacAddressRequestId = nullextra info = 1]
02-08 19:30:53.605 30644 30644 D org.thaliproject.p2p.btconnectorlib.internal.bluetooth.le.BlePeerDiscoverer: checkScanResult onPeerDiscovered [BC:75:74:3A:BC:F8 1]
02-08 19:30:53.605 30644 30644 D org.thaliproject.p2p.btconnectorlib.internal.bluetooth.le.BlePeerDiscoverer: checkScanResult: ScanResult{mDevice=24:00:BA:F9:9A:9F, mScanRecord=ScanRecord [mAdvertiseFlags=-1, mServiceUuids=[3bde2124-2767-4930-8ad2-05754401b590], mManufacturerSpecificData={}, mServiceData={00002124-0000-1000-8000-00805f9b34fb=[1, 36, 0, -70, -7, -102, -97]}, mTxPowerLevel=-2147483648, mDeviceName=null], mRssi=-65, mTimestampNanos=5991619360714196}
02-08 19:30:53.606 30644 30644 D org.thaliproject.p2p.btconnectorlib.internal.bluetooth.le.BlePeerDiscoverer: checkScanResult: parsedAdvertisement: [UUID = null, bluetoothMacAddress = 24:00:BA:F9:9A:9F, provideBluetoothMacAddressRequestId = nullextra info = 1]
02-08 19:30:53.606 30644 30644 V org.thaliproject.p2p.btconnectorlib.internal.bluetooth.le.BlePeerDiscoverer: checkScanResult: Resolved advertisement type: ADVERTISEMENT_PEER_PROPERTIES
02-08 19:30:53.606 30644 30644 D org.thaliproject.p2p.btconnectorlib.internal.bluetooth.le.PeerAdvertisementFactory: Parsed advertisment: [UUID = 3bde2124-2767-4930-8ad2-05754401b590, bluetoothMacAddress = 24:00:BA:F9:9A:9F, provideBluetoothMacAddressRequestId = nullextra info = 1]
02-08 19:30:53.606 30644 30644 D org.thaliproject.p2p.btconnectorlib.internal.bluetooth.le.BlePeerDiscoverer: checkScanResult onPeerDiscovered [24:00:BA:F9:9A:9F 1]
02-08 19:30:53.606 30644 30644 D org.thaliproject.p2p.btconnectorlib.internal.bluetooth.le.BlePeerDiscoverer: checkScanResult: ScanResult{mDevice=BC:75:74:3A:BC:F8, mScanRecord=ScanRecord [mAdvertiseFlags=-1, mServiceUuids=[3bde2124-2767-4930-8ad2-05754401b590], mManufacturerSpecificData={}, mServiceData={00002124-0000-1000-8000-00805f9b34fb=[1, -68, 117, 116, 58, -68, -8]}, mTxPowerLevel=-2147483648, mDeviceName=null], mRssi=-62, mTimestampNanos=5991619360714196}
02-08 19:30:53.606 30644 30644 D org.thaliproject.p2p.btconnectorlib.internal.bluetooth.le.BlePeerDiscoverer: checkScanResult: parsedAdvertisement: [UUID = null, bluetoothMacAddress = BC:75:74:3A:BC:F8, provideBluetoothMacAddressRequestId = nullextra info = 1]
02-08 19:30:53.606 30644 30644 V org.thaliproject.p2p.btconnectorlib.internal.bluetooth.le.BlePeerDiscoverer: checkScanResult: Resolved advertisement type: ADVERTISEMENT_PEER_PROPERTIES
02-08 19:30:53.606 30644 30644 D org.thaliproject.p2p.btconnectorlib.internal.bluetooth.le.PeerAdvertisementFactory: Parsed advertisment: [UUID = 3bde2124-2767-4930-8ad2-05754401b590, bluetoothMacAddress = BC:75:74:3A:BC:F8, provideBluetoothMacAddressRequestId = nullextra info = 1]
02-08 19:30:53.606 30644 30644 D org.thaliproject.p2p.btconnectorlib.internal.bluetooth.le.BlePeerDiscoverer: checkScanResult onPeerDiscovered [BC:75:74:3A:BC:F8 1]
02-08 19:30:53.607 30644 30644 D org.thaliproject.p2p.btconnectorlib.DiscoveryManager: onPeerDiscovered: [24:00:BA:F9:9A:9F 1]
02-08 19:30:53.607 30644 30644 V org.thaliproject.p2p.btconnectorlib.utils.PeerModel: addOrUpdateDiscoveredPeer: [24:00:BA:F9:9A:9F 1]
02-08 19:30:53.607 30644 30644 D org.thaliproject.p2p.btconnectorlib.utils.PeerModel: has more info: false,  extra info differs: true
02-08 19:30:53.607 30644 30644 D org.thaliproject.p2p.btconnectorlib.utils.PeerModel: Want to call onPeerUpdated. Listeners size = 1
02-08 19:30:53.607 30644 30644 D org.thaliproject.p2p.btconnectorlib.DiscoveryManager: onPeerUpdated: [24:00:BA:F9:9A:9F 1]
02-08 19:30:53.607 30644 30644 V org.thaliproject.p2p.btconnectorlib.utils.PeerModel: addOrUpdateDiscoveredPeer: Timestamp of peer [24:00:BA:F9:9A:9F 1] updated - the peer count is 2
02-08 19:30:53.607 30644 30644 D org.thaliproject.p2p.btconnectorlib.DiscoveryManager: onPeerDiscovered: [BC:75:74:3A:BC:F8 1]
02-08 19:30:53.607 30644 30644 V org.thaliproject.p2p.btconnectorlib.utils.PeerModel: addOrUpdateDiscoveredPeer: [BC:75:74:3A:BC:F8 1]
02-08 19:30:53.607 30644 30644 D org.thaliproject.p2p.btconnectorlib.utils.PeerModel: has more info: false,  extra info differs: true
02-08 19:30:53.607 30644 30644 D org.thaliproject.p2p.btconnectorlib.utils.PeerModel: Want to call onPeerUpdated. Listeners size = 1
02-08 19:30:53.607 30644 30644 D org.thaliproject.p2p.btconnectorlib.DiscoveryManager: onPeerUpdated: [BC:75:74:3A:BC:F8 1]
02-08 19:30:53.607 30644 30644 V org.thaliproject.p2p.btconnectorlib.utils.PeerModel: addOrUpdateDiscoveredPeer: Timestamp of peer [BC:75:74:3A:BC:F8 1] updated - the peer count is 2
02-08 19:30:53.607 30644 30644 D org.thaliproject.p2p.btconnectorlib.DiscoveryManager: onPeerDiscovered: [24:00:BA:F9:9A:9F 1]
02-08 19:30:53.607 30644 30644 V org.thaliproject.p2p.btconnectorlib.utils.PeerModel: addOrUpdateDiscoveredPeer: [24:00:BA:F9:9A:9F 1]
02-08 19:30:53.607 30644 30644 D org.thaliproject.p2p.btconnectorlib.utils.PeerModel: has more info: false,  extra info differs: false
02-08 19:30:53.607 30644 30644 V org.thaliproject.p2p.btconnectorlib.utils.PeerModel: addOrUpdateDiscoveredPeer: Timestamp of peer [24:00:BA:F9:9A:9F 1] updated - the peer count is 2
02-08 19:30:53.607 30644 30644 D org.thaliproject.p2p.btconnectorlib.DiscoveryManager: onPeerDiscovered: [BC:75:74:3A:BC:F8 1]
02-08 19:30:53.607 30644 30644 V org.thaliproject.p2p.btconnectorlib.utils.PeerModel: addOrUpdateDiscoveredPeer: [BC:75:74:3A:BC:F8 1]
02-08 19:30:53.607 30644 30644 D org.thaliproject.p2p.btconnectorlib.utils.PeerModel: has more info: false,  extra info differs: false
02-08 19:30:53.608 30644 30644 V org.thaliproject.p2p.btconnectorlib.utils.PeerModel: addOrUpdateDiscoveredPeer: Timestamp of peer [BC:75:74:3A:BC:F8 1] updated - the peer count is 2
02-08 19:30:53.608 30644 30644 I io.jxcore.node.ConnectionHelper: onPeerUpdated: [24:00:BA:F9:9A:9F 1], device name: 'null', device address: 'null'
02-08 19:30:53.608 30644 30644 I io.jxcore.node.ConnectionHelper: onPeerUpdated: [BC:75:74:3A:BC:F8 1], device name: 'null', device address: 'null'
02-08 19:30:53.612 30644 30705 I jxcore-log: 2017-02-08 16:30:53 - DEBUG thaliWifiInfrastructure: 'Emitting wifiPeerAvailabilityChanged {"peerIdentifier":"e2b32dbd-7900-4208-b601-49a6e5434ae0","generation":1,"hostAddress":"192.168.2.5","portNumber":44372}'
02-08 19:30:53.612 30644 30705 I jxcore-log: 
02-08 19:30:53.612 12843 12843 I BTConnectionReceiver: onReceive(context, Intent { act=android.bluetooth.device.action.ACL_CONNECTED flg=0x4000010 cmp=com.google.android.googlequicksearchbox/com.google.android.search.core.service.BluetoothConnectionReceiver (has extras) }, [BluetoothDevice: address=24:00:BA:F9:9A:9F, alias=null, name=XYZ, majorDeviceClass=512, deviceClass=524]
02-08 19:30:53.614 12843 12843 I BluetoothClassifier: Bluetooth Device Name: XYZ
02-08 19:30:53.616 30644 30705 I jxcore-log: 2017-02-08 16:30:53 - DEBUG thaliMobileNativeWrapper: 'Received peerAvailabilityChanged event from native layer [{"peerIdentifier":"24:00:BA:F9:9A:9F","generation":1,"peerAvailable":true}]'
02-08 19:30:53.616 30644 30705 I jxcore-log: 
02-08 19:30:53.616 30644 30705 I jxcore-log: 2017-02-08 16:30:53 - DEBUG thaliMobileNativeWrapper: 'Received peer availability changed event with {"peerIdentifier":"24:00:BA:F9:9A:9F","generation":1,"peerAvailable":true}'
02-08 19:30:53.616 30644 30705 I jxcore-log: 
02-08 19:30:53.617 30644 30705 I jxcore-log: 2017-02-08 16:30:53 - DEBUG thaliMobileNativeWrapper: 'Received peerAvailabilityChanged event from native layer [{"peerIdentifier":"BC:75:74:3A:BC:F8","generation":1,"peerAvailable":true}]'
02-08 19:30:53.617 30644 30705 I jxcore-log: 
02-08 19:30:53.617 30644 30705 I jxcore-log: 2017-02-08 16:30:53 - DEBUG thaliMobileNativeWrapper: 'Received peer availability changed event with {"peerIdentifier":"BC:75:74:3A:BC:F8","generation":1,"peerAvailable":true}'
02-08 19:30:53.617 30644 30705 I jxcore-log: 
02-08 19:30:53.618 30644 30705 I jxcore-log: 2017-02-08 16:30:53 - DEBUG thaliMobileNativeWrapper: 'handlePeerAvailabilityChanged - Emitting {"peerIdentifier":"24:00:BA:F9:9A:9F","peerAvailable":true,"generation":1,"portNumber":37159}'
02-08 19:30:53.618 30644 30705 I jxcore-log: 
02-08 19:30:53.618 30644 30705 I jxcore-log: 2017-02-08 16:30:53 - DEBUG thaliMobile: 'Emitting peerAvailabilityChanged from handlePeer {"peerIdentifier":"24:00:BA:F9:9A:9F","connectionType":"AndroidBluetooth","peerAvailable":true,"generation":1,"newAddressPort":false}'
02-08 19:30:53.618 30644 30705 I jxcore-log: 
02-08 19:30:53.622 30644 30705 I jxcore-log: 2017-02-08 16:30:53 - DEBUG thaliMobileNativeWrapper: 'handlePeerAvailabilityChanged - Emitting {"peerIdentifier":"BC:75:74:3A:BC:F8","peerAvailable":true,"generation":1,"portNumber":41360}'
02-08 19:30:53.622 30644 30705 I jxcore-log: 
02-08 19:30:53.623 30644 30705 I jxcore-log: 2017-02-08 16:30:53 - DEBUG thaliMobile: 'Emitting peerAvailabilityChanged from handlePeer {"peerIdentifier":"BC:75:74:3A:BC:F8","connectionType":"AndroidBluetooth","peerAvailable":true,"generation":1,"newAddressPort":false}'
02-08 19:30:53.623 30644 30705 I jxcore-log: 
02-08 19:30:53.659 18502 18535 W bt_sdp  : process_service_search_attr_rsp
02-08 19:30:53.661 30644 30705 I jxcore-log: 2017-02-08 16:30:53 - DEBUG thaliManager: 'connected pskIdentity Hz7JcSn--EerCibiHxNnG21mm9_e9iibxelzokLEPv8 for path /db/'
02-08 19:30:53.661 30644 30705 I jxcore-log: 
02-08 19:30:53.698 30644 30705 I jxcore-log: 2017-02-08 16:30:53 - DEBUG thaliManager: 'connected pskIdentity XebbRMX7xtvYG5pmuoEgeS0-wDL9e_2MJwaSi-fbe5A for path /db/'
02-08 19:30:53.698 30644 30705 I jxcore-log: 
02-08 19:30:53.749 30644 30705 I jxcore-log: 2017-02-08 16:30:53 - DEBUG thaliManager: 'connected pskIdentity XebbRMX7xtvYG5pmuoEgeS0-wDL9e_2MJwaSi-fbe5A for path /db/ThaliManagerCoordinated/_changes'
02-08 19:30:53.749 30644 30705 I jxcore-log: 
02-08 19:30:53.766 30644 30705 I jxcore-log: 2017-02-08 16:30:53 - DEBUG thaliManager: 'connected pskIdentity Hz7JcSn--EerCibiHxNnG21mm9_e9iibxelzokLEPv8 for path /db/ThaliManagerCoordinated/_changes'
02-08 19:30:53.766 30644 30705 I jxcore-log: 
02-08 19:30:53.783 30644 30705 I jxcore-log: 2017-02-08 16:30:53 - DEBUG thaliReplicationPeerAction: 'Replication resumed'
02-08 19:30:53.783 30644 30705 I jxcore-log: 
02-08 19:30:53.791 30644 30705 I jxcore-log: 2017-02-08 16:30:53 - DEBUG thaliReplicationPeerAction: 'Replication resumed'
02-08 19:30:53.791 30644 30705 I jxcore-log: 
02-08 19:30:53.817 30644 30705 I jxcore-log: 2017-02-08 16:30:53 - DEBUG thaliReplicationPeerAction: 'Replication resumed'
02-08 19:30:53.817 30644 30705 I jxcore-log: 
02-08 19:30:53.884 30644 30705 I jxcore-log: 2017-02-08 16:30:53 - DEBUG thaliManager: 'connected pskIdentity XebbRMX7xtvYG5pmuoEgeS0-wDL9e_2MJwaSi-fbe5A for path /db/ThaliManagerCoordinated/_changes'
02-08 19:30:53.884 30644 30705 I jxcore-log: 
02-08 19:30:53.955 30644 30705 I jxcore-log: 2017-02-08 16:30:53 - DEBUG thaliManager: 'connected pskIdentity Hz7JcSn--EerCibiHxNnG21mm9_e9iibxelzokLEPv8 for path /db/ThaliManagerCoordinated/_changes'
02-08 19:30:53.955 30644 30705 I jxcore-log: 
02-08 19:30:53.975 30644 30705 I jxcore-log: 2017-02-08 16:30:53 - DEBUG thaliManager: 'connected pskIdentity XebbRMX7xtvYG5pmuoEgeS0-wDL9e_2MJwaSi-fbe5A for path /db/ThaliManagerCoordinated/_all_docs'
02-08 19:30:53.975 30644 30705 I jxcore-log: 
02-08 19:30:53.986 30644 30705 I jxcore-log: 2017-02-08 16:30:53 - DEBUG thaliManager: 'connected pskIdentity XebbRMX7xtvYG5pmuoEgeS0-wDL9e_2MJwaSi-fbe5A for path /db/ThaliManagerCoordinated/_changes'
02-08 19:30:53.986 30644 30705 I jxcore-log: 
02-08 19:30:54.099 30644 30705 I jxcore-log: 2017-02-08 16:30:54 - DEBUG thaliManager: 'connected pskIdentity Hz7JcSn--EerCibiHxNnG21mm9_e9iibxelzokLEPv8 for path /db/ThaliManagerCoordinated/_all_docs'
02-08 19:30:54.099 30644 30705 I jxcore-log: 
02-08 19:30:54.121 30644 30705 I jxcore-log: 2017-02-08 16:30:54 - DEBUG thaliWifiInfrastructure: 'Emitting wifiPeerAvailabilityChanged {"peerIdentifier":"e2b32dbd-7900-4208-b601-49a6e5434ae0","generation":1,"hostAddress":"192.168.2.5","portNumber":44372}'
02-08 19:30:54.121 30644 30705 I jxcore-log: 
02-08 19:30:54.154 30644 30705 I jxcore-log: 2017-02-08 16:30:54 - DEBUG thaliManager: 'connected pskIdentity Hz7JcSn--EerCibiHxNnG21mm9_e9iibxelzokLEPv8 for path /db/ThaliManagerCoordinated/_changes'
02-08 19:30:54.154 30644 30705 I jxcore-log: 
02-08 19:30:54.162 30644 30705 I jxcore-log: 2017-02-08 16:30:54 - DEBUG thaliSendNotificationBasedOnReplication: 'We must have stopped because we are complete -{"status":"cancelled"}'
02-08 19:30:54.162 30644 30705 I jxcore-log: 
02-08 19:30:54.247 30644 30705 D io.jxcore.node.JXcoreExtension: startUpdateAdvertisingAndListening
02-08 19:30:54.249 30644 30705 I io.jxcore.node.ConnectionHelper: start: Port number: 48919, start advertisements: true
02-08 19:30:54.249 30644 30705 V io.jxcore.node.ConnectivityMonitor: start: Already started
02-08 19:30:54.249 30644 30705 I io.jxcore.node.StartStopOperationHandler: updateBeaconAdExtraInformation: New value: 2
02-08 19:30:54.249 30644 30705 I org.thaliproject.p2p.btconnectorlib.DiscoveryManagerSettings: setBeaconAdExtraInformation: 1 -> 2
02-08 19:30:54.250 30644 30705 I org.thaliproject.p2p.btconnectorlib.internal.AbstractBluetoothConnectivityAgent: clearIdentityString
02-08 19:30:54.251 30644 30705 I org.thaliproject.p2p.btconnectorlib.internal.AbstractBluetoothConnectivityAgent: verifyIdentityString: Identity string created: {"generation":2,"address":"BC:75:74:3A:BD:0F"}
02-08 19:30:54.251 30644 30705 D org.thaliproject.p2p.btconnectorlib.internal.bluetooth.BluetoothConnector: setIdentityString: {"generation":2,"address":"BC:75:74:3A:BD:0F"}
02-08 19:30:54.251 30644 30705 D org.thaliproject.p2p.btconnectorlib.DiscoveryManager: onAdvertiseScanSettingsChanged: Current thread: Thread[Thread-5698,5,main], id: 5698
02-08 19:30:54.251 30644 30705 I org.thaliproject.p2p.btconnectorlib.internal.bluetooth.le.BlePeerDiscoverer: applySettings:
02-08 19:30:54.251 30644 30705 I org.thaliproject.p2p.btconnectorlib.internal.bluetooth.le.BlePeerDiscoverer:     - Manufacturer ID: 61973
02-08 19:30:54.251 30644 30705 I org.thaliproject.p2p.btconnectorlib.internal.bluetooth.le.BlePeerDiscoverer:     - Beacon ad length and type: 533
02-08 19:30:54.251 30644 30705 I org.thaliproject.p2p.btconnectorlib.internal.bluetooth.le.BlePeerDiscoverer:     - Beacon ad extra information: 2
02-08 19:30:54.251 30644 30705 I org.thaliproject.p2p.btconnectorlib.internal.bluetooth.le.BlePeerDiscoverer:     - Advertisement data type: DO_NOT_CARE
02-08 19:30:54.251 30644 30705 I org.thaliproject.p2p.btconnectorlib.internal.bluetooth.le.BlePeerDiscoverer:     - Advertise mode: 2
02-08 19:30:54.251 30644 30705 I org.thaliproject.p2p.btconnectorlib.internal.bluetooth.le.BlePeerDiscoverer:     - Advertise TX power level: 3
02-08 19:30:54.251 30644 30705 I org.thaliproject.p2p.btconnectorlib.internal.bluetooth.le.BlePeerDiscoverer:     - Scan mode: 2
02-08 19:30:54.251 30644 30705 I org.thaliproject.p2p.btconnectorlib.internal.bluetooth.le.BlePeerDiscoverer:     - Scan report delay in milliseconds: 500
02-08 19:30:54.251 30644 30705 I org.thaliproject.p2p.btconnectorlib.internal.bluetooth.le.BlePeerDiscoverer:     - Current thread: Thread[Thread-5698,5,main], id: 5698
02-08 19:30:54.251 30644 30705 D org.thaliproject.p2p.btconnectorlib.internal.bluetooth.le.BlePeerDiscoverer: Beacon extra: 2
02-08 19:30:54.251 30644 30705 D org.thaliproject.p2p.btconnectorlib.internal.bluetooth.le.BlePeerDiscoverer: applySettings: advertiserWasStarted true Current thread: Thread[Thread-5698,5,main], id: 5698
02-08 19:30:54.251 30644 30705 D org.thaliproject.p2p.btconnectorlib.internal.bluetooth.le.BlePeerDiscoverer: applySettings: stop advertiser Current thread: Thread[Thread-5698,5,main], id: 5698
02-08 19:30:54.251 30644 30705 D org.thaliproject.p2p.btconnectorlib.internal.bluetooth.le.BleAdvertiser: stop. Current thread: Thread[Thread-5698,5,main], id: 5698
02-08 19:30:54.252 18502 18520 D BtGatt.AdvertiseManager: message : 1
02-08 19:30:54.253 18502 18520 D BtGatt.AdvertiseManager: stop advertise for client 6
02-08 19:30:54.257 18502 18518 D BtGatt.GattService: onAdvertiseInstanceDisabled() - clientIf=6, status=0
02-08 19:30:54.257 18502 18518 D BtGatt.GattService: Client app is not null!
02-08 19:30:54.259 18502 18579 D BtGatt.GattService: unregisterClient() - clientIf=6
02-08 19:30:54.261 30644 30705 D org.thaliproject.p2p.btconnectorlib.internal.bluetooth.le.BleAdvertiser: stop: Stopped
02-08 19:30:54.261 30644 30705 D org.thaliproject.p2p.btconnectorlib.internal.bluetooth.le.BleAdvertiser: setState: current  = RUNNING, new = NOT_STARTEDCurrent thread: Thread[Thread-5698,5,main], id: 5698
02-08 19:30:54.261 30644 30705 D org.thaliproject.p2p.btconnectorlib.internal.bluetooth.le.BleAdvertiser: setState: State changed from RUNNING to NOT_STARTED
02-08 19:30:54.261 30644 30705 D org.thaliproject.p2p.btconnectorlib.internal.bluetooth.le.BleAdvertiser: setState: finished Current thread: Thread[Thread-5698,5,main], id: 5698
02-08 19:30:54.261 30644 30705 D org.thaliproject.p2p.btconnectorlib.internal.bluetooth.le.BleAdvertiser: stop finished. Current thread: Thread[Thread-5698,5,main], id: 5698
02-08 19:30:54.261 30644 30705 D org.thaliproject.p2p.btconnectorlib.internal.bluetooth.le.BleAdvertiser: setAdvertiseSettings, Current thread: Thread[Thread-5698,5,main], id: 5698
02-08 19:30:54.261 30644 30705 I org.thaliproject.p2p.btconnectorlib.internal.bluetooth.le.BleAdvertiser: setAdvertiseSettings: Mode: 2, Tx power level: 3, timeout: 0, is connectable: false
02-08 19:30:54.261 30644 30705 D org.thaliproject.p2p.btconnectorlib.internal.bluetooth.le.BlePeerDiscoverer: applySettings: start advertiser Current thread: Thread[Thread-5698,5,main], id: 5698
02-08 19:30:54.261 30644 30705 D org.thaliproject.p2p.btconnectorlib.internal.bluetooth.le.BlePeerDiscoverer: startAdvertiser: Current thread: Thread[Thread-5698,5,main], id: 5698
02-08 19:30:54.261 30644 30705 D org.thaliproject.p2p.btconnectorlib.internal.bluetooth.le.BlePeerDiscoverer: stopPeerAddressHelperAdvertiser Current thread: Thread[Thread-5698,5,main], id: 5698
02-08 19:30:54.261 30644 30705 I org.thaliproject.p2p.btconnectorlib.internal.bluetooth.le.BlePeerDiscoverer: startAdvertiser: Starting...
02-08 19:30:54.261 30644 30705 D org.thaliproject.p2p.btconnectorlib.internal.bluetooth.le.BlePeerDiscoverer: createAdvertiseData: createAdvertiseDataToServiceData 
02-08 19:30:54.261 30644 30705 I org.thaliproject.p2p.btconnectorlib.internal.bluetooth.le.PeerAdvertisementFactory: createAdvertiseDataToServiceData: Service UUID: "3bde2124-2767-4930-8ad2-05754401b590", Bluetooth MAC address: "BC:75:74:3A:BD:0F"
02-08 19:30:54.262 30644 30705 V org.thaliproject.p2p.btconnectorlib.internal.bluetooth.le.PeerAdvertisementFactory: createAdvertiseDataToServiceData: Service data (length is 7 bytes): 02 BC 75 74 3A BD 0F
02-08 19:30:54.262 30644 30705 V org.thaliproject.p2p.btconnectorlib.internal.bluetooth.le.PeerAdvertisementFactory: createAdvertiseDataToServiceData: Created: AdvertiseData [mServiceUuids=[3bde2124-2767-4930-8ad2-05754401b590], mManufacturerSpecificData={}, mServiceData={3bde2124-2767-4930-8ad2-05754401b590=[2, -68, 117, 116, 58, -67, 15]}, mIncludeTxPowerLevel=false, mIncludeDeviceName=false]
02-08 19:30:54.262 30644 30705 I org.thaliproject.p2p.btconnectorlib.internal.bluetooth.le.BlePeerDiscoverer: createAdvertiseData: created AdvertiseData [mServiceUuids=[3bde2124-2767-4930-8ad2-05754401b590], mManufacturerSpecificData={}, mServiceData={3bde2124-2767-4930-8ad2-05754401b590=[2, -68, 117, 116, 58, -67, 15]}, mIncludeTxPowerLevel=false, mIncludeDeviceName=false]
02-08 19:30:54.262 30644 30705 D org.thaliproject.p2p.btconnectorlib.internal.bluetooth.le.BleAdvertiser: setAdvertiseData: Current thread: Thread[Thread-5698,5,main], id: 5698
02-08 19:30:54.262 30644 30705 D org.thaliproject.p2p.btconnectorlib.internal.bluetooth.le.BleAdvertiser: setAdvertiseData: AdvertiseData [mServiceUuids=[3bde2124-2767-4930-8ad2-05754401b590], mManufacturerSpecificData={}, mServiceData={3bde2124-2767-4930-8ad2-05754401b590=[2, -68, 117, 116, 58, -67, 15]}, mIncludeTxPowerLevel=false, mIncludeDeviceName=false]. Current thread: Thread[Thread-5698,5,main], id: 5698
02-08 19:30:54.262 30644 30705 D org.thaliproject.p2p.btconnectorlib.internal.bluetooth.le.BleAdvertiser: setAdvertiseData: was started = false
02-08 19:30:54.262 30644 30705 D org.thaliproject.p2p.btconnectorlib.internal.bluetooth.le.BleAdvertiser: setAdvertiseData: advertiseData = AdvertiseData [mServiceUuids=[3bde2124-2767-4930-8ad2-05754401b590], mManufacturerSpecificData={}, mServiceData={3bde2124-2767-4930-8ad2-05754401b590=[2, -68, 117, 116, 58, -67, 15]}, mIncludeTxPowerLevel=false, mIncludeDeviceName=false]
02-08 19:30:54.262 30644 30705 D org.thaliproject.p2p.btconnectorlib.internal.bluetooth.le.BleAdvertiser: setAdvertiseData finished: Current thread: Thread[Thread-5698,5,main], id: 5698
02-08 19:30:54.262 30644 30705 D org.thaliproject.p2p.btconnectorlib.internal.bluetooth.le.BleAdvertiser: start:  state = NOT_STARTEDCurrent thread: Thread[Thread-5698,5,main], id: 5698
02-08 19:30:54.262 30644 30705 I org.thaliproject.p2p.btconnectorlib.internal.bluetooth.le.BleAdvertiser: start: Starting... advertisement data = AdvertiseData [mServiceUuids=[3bde2124-2767-4930-8ad2-05754401b590], mManufacturerSpecificData={}, mServiceData={3bde2124-2767-4930-8ad2-05754401b590=[2, -68, 117, 116, 58, -67, 15]}, mIncludeTxPowerLevel=false, mIncludeDeviceName=false], Current thread: Thread[Thread-5698,5,main], id: 5698
02-08 19:30:54.263 30644 30705 D BluetoothAdapter: STATE_ON
02-08 19:30:54.264 18502 18512 D BtGatt.GattService: registerClient() - UUID=b8653b31-39e3-47d0-bc24-7517d5914d93
02-08 19:30:54.265 18502 18518 D BtGatt.GattService: onClientRegistered() - UUID=b8653b31-39e3-47d0-bc24-7517d5914d93, clientIf=6
02-08 19:30:54.266 30644 30657 D BluetoothLeAdvertiser: onClientRegistered() - status=0 clientIf=6
02-08 19:30:54.267 18502 18520 D BtGatt.AdvertiseManager: message : 0
02-08 19:30:54.271 18502 18520 D BtGatt.AdvertiseManager: starting multi advertising
02-08 19:30:54.274 18502 18518 D BtGatt.GattService: onAdvertiseInstanceEnabled() - clientIf=6, status=0
02-08 19:30:54.278 18502 18518 D BtGatt.GattService: onAdvertiseDataSet() - clientIf=6, status=0
02-08 19:30:54.279 30644 30705 I org.thaliproject.p2p.btconnectorlib.internal.bluetooth.le.BleAdvertiser: start: Started advertisment Current thread: Thread[Thread-5698,5,main], id: 5698
02-08 19:30:54.279 30644 30705 D org.thaliproject.p2p.btconnectorlib.internal.bluetooth.le.BleAdvertiser: setState: current  = NOT_STARTED, new = STARTINGCurrent thread: Thread[Thread-5698,5,main], id: 5698
02-08 19:30:54.279 30644 30705 D org.thaliproject.p2p.btconnectorlib.internal.bluetooth.le.BleAdvertiser: setState: State changed from NOT_STARTED to STARTING
02-08 19:30:54.279 30644 30644 D org.thaliproject.p2p.btconnectorlib.internal.bluetooth.le.BleAdvertiser: onStartSuccess : Current thread: Thread[main,5,main], id: 1
02-08 19:30:54.279 30644 30705 D org.thaliproject.p2p.btconnectorlib.internal.bluetooth.le.BleAdvertiser: setState: onIsAdvertiserStartedChanged default (no call to listener). Current thread: Thread[Thread-5698,5,main], id: 5698
02-08 19:30:54.279 30644 30705 D org.thaliproject.p2p.btconnectorlib.internal.bluetooth.le.BleAdvertiser: setState: finished Current thread: Thread[Thread-5698,5,main], id: 5698
02-08 19:30:54.279 30644 30705 I org.thaliproject.p2p.btconnectorlib.internal.bluetooth.le.BleAdvertiser: start: return, state = STARTINGCurrent thread: Thread[Thread-5698,5,main], id: 5698
02-08 19:30:54.279 30644 30705 D org.thaliproject.p2p.btconnectorlib.internal.bluetooth.le.BleAdvertiser: start returned: Current thread: Thread[Thread-5698,5,main], id: 5698
02-08 19:30:54.279 30644 30705 D org.thaliproject.p2p.btconnectorlib.internal.bluetooth.le.BlePeerDiscoverer: startAdvertiser started = true Current thread: Thread[Thread-5698,5,main], id: 5698
02-08 19:30:54.279 30644 30705 D org.thaliproject.p2p.btconnectorlib.internal.bluetooth.le.BlePeerDiscoverer: applySettings: start advertiser started = true Current thread: Thread[Thread-5698,5,main], id: 5698
02-08 19:30:54.279 30644 30705 D org.thaliproject.p2p.btconnectorlib.internal.bluetooth.le.BleScanner: applyAdditionalMarshmallowSettings
