02-08 19:30:51.376 11651 11667 D BtGatt.GattService: onBatchScanReports() - clientIf=5, status=0, reportType=2, numRecords=3
02-08 19:30:51.376 11651 11667 D BtGatt.ScanManager: callback done for clientIf - 5 status - 0
02-08 19:30:51.376 11651 11667 D BtGatt.GattService: current time is 2006208976782448
02-08 19:30:51.377 11651 11667 D BtGatt.GattService: Batch record : [-123, 35, -54, 65, 3, 95, 1, -128, -61, 11, 0, 29, 17, 7, -112, -75, 1, 68, 117, 5, -46, -118, 48, 73, 103, 39, 36, 33, -34, 59, 10, 22, 36, 33, 1, -68, 117, 116, 58, -67, 15, 0, 15, -67, 58, 116, 117, -68, 0, -128, -61, 4, 0, 29, 17, 7, -112, -75, 1, 68, 117, 5, -46, -118, 48, 73, 103, 39, 36, 33, -34, 59, 10, 22, 36, 33, 1, -68, 117, 116, 58, -67, 15, 0, -97, -102, -7, -70, 0, 36, 0, -128, -59, 6, 0, 29, 17, 7, -112, -75, 1, 68, 117, 5, -46, -118, 48, 73, 103, 39, 36, 33, -34, 59, 10, 22, 36, 33, 1, 36, 0, -70, -7, -102, -97, 0]
02-08 19:30:51.377 11651 11667 D BtGatt.GattService: ScanRecord : [17, 7, -112, -75, 1, 68, 117, 5, -46, -118, 48, 73, 103, 39, 36, 33, -34, 59, 10, 22, 36, 33, 1, -68, 117, 116, 58, -67, 15]
02-08 19:30:51.377 25576 25634 D BluetoothAdapter: STATE_ON
02-08 19:30:51.377 11651 11667 D BtGatt.GattService: ScanRecord : [17, 7, -112, -75, 1, 68, 117, 5, -46, -118, 48, 73, 103, 39, 36, 33, -34, 59, 10, 22, 36, 33, 1, -68, 117, 116, 58, -67, 15]
02-08 19:30:51.377 11651 11667 D BtGatt.GattService: ScanRecord : [17, 7, -112, -75, 1, 68, 117, 5, -46, -118, 48, 73, 103, 39, 36, 33, -34, 59, 10, 22, 36, 33, 1, 36, 0, -70, -7, -102, -97]
02-08 19:30:51.378 11651 11667 E BtGatt.ContextMap: Context not found for ID 5
02-08 19:30:51.379 11651 11662 D BtGatt.GattService: registerClient() - UUID=b880c84c-1e53-4bc8-ac8c-63821ebaeb77
02-08 19:30:51.380 11651 11667 D BtGatt.GattService: onClientRegistered() - UUID=b880c84c-1e53-4bc8-ac8c-63821ebaeb77, clientIf=5
02-08 19:30:51.380 25576 25588 D BluetoothLeScanner: onClientRegistered() - status=0 clientIf=5
02-08 19:30:51.381 11651 11699 D BtGatt.GattService: start scan with filters
02-08 19:30:51.383 11651 11667 D BtGatt.GattService: onScanFilterParamsConfigured() - clientIf=5, status=0, action=1, availableSpace=32
02-08 19:30:51.383 11651 11667 D BtGatt.ScanManager: callback done for clientIf - 5 status - 0
02-08 19:30:51.383 11651 11670 D BtGatt.ScanManager: stopping BLe Batch
02-08 19:30:51.384 25576 25634 D org.thaliproject.p2p.btconnectorlib.internal.bluetooth.le.BleScanner: start: scan started
02-08 19:30:51.384 25576 25634 D org.thaliproject.p2p.btconnectorlib.internal.bluetooth.le.BleScanner: set state: Current thread: Thread[Thread-897,5,main], id: 897
02-08 19:30:51.384 25576 25634 D org.thaliproject.p2p.btconnectorlib.internal.bluetooth.le.BleScanner: setState: State changed from NOT_STARTED to RUNNING
02-08 19:30:51.384 25576 25634 D org.thaliproject.p2p.btconnectorlib.internal.bluetooth.le.BleScanner: notifyScannerStateChanged: started =  true. Current thread: Thread[Thread-897,5,main], id: 897
02-08 19:30:51.384 25576 25634 D org.thaliproject.p2p.btconnectorlib.internal.bluetooth.le.BlePeerDiscoverer: applySettings: start scanner started = true Current thread: Thread[Thread-897,5,main], id: 897
02-08 19:30:51.384 25576 25634 V io.jxcore.node.StartStopOperation: isTargetState: Connectivity: RUNNING, discovery: RUNNING_BLE, is discovering: true, is advertising: true - Start operation: Should start/stop everything
02-08 19:30:51.384 25576 25634 V io.jxcore.node.StartStopOperationHandler: executeCurrentOperation: The current state already matches the desired outcome of this operation, skipping...
02-08 19:30:51.384 25576 25634 I io.jxcore.node.ConnectionHelper: start: OK
02-08 19:30:51.384 25576 25576 I org.thaliproject.p2p.btconnectorlib.internal.bluetooth.le.BlePeerDiscoverer: onIsScannerStartedChanged: trueCurrent thread: Thread[main,5,main], id: 1
02-08 19:30:51.384 25576 25576 D org.thaliproject.p2p.btconnectorlib.internal.bluetooth.le.BlePeerDiscoverer: updateState : Current thread: Thread[main,5,main], id: 1
02-08 19:30:51.384 25576 25576 D org.thaliproject.p2p.btconnectorlib.internal.bluetooth.le.BlePeerDiscoverer: updateState: deducedStateSet: [SCANNING, ADVERTISING]
02-08 19:30:51.384 25576 25576 D org.thaliproject.p2p.btconnectorlib.internal.bluetooth.le.BlePeerDiscoverer: updateState: stateSet: [SCANNING, ADVERTISING]
02-08 19:30:51.384 25576 25576 D org.thaliproject.p2p.btconnectorlib.internal.bluetooth.le.BlePeerDiscoverer: Current thread: Thread[main,5,main], id: 1
02-08 19:30:51.385 25576 25576 D org.thaliproject.p2p.btconnectorlib.internal.bluetooth.le.BlePeerDiscoverer: update state finished. Current thread: Thread[main,5,main], id: 1
02-08 19:30:51.385 25529 25529 I ServiceManager: Waiting for service AtCmdFwd...
02-08 19:30:51.385 11651 11667 D BtGatt.GattService: onBatchScanStartStopped() - clientIf=5, status=0, startStopAction=0
02-08 19:30:51.385 11651 11667 D BtGatt.ScanManager: callback done for clientIf - 5 status - 0
02-08 19:30:51.385 11651 11670 D BtGatt.ScanManager: flushPendingBatchResults - clientIf = 5
02-08 19:30:51.386 11651 11667 D BtGatt.GattService: onBatchScanReports() - clientIf=5, status=0, reportType=2, numRecords=0
02-08 19:30:51.386 11651 11667 D BtGatt.ScanManager: callback done for clientIf - 5 status - 0
02-08 19:30:51.388 11651 11670 D BtGatt.ScanManager: handling starting scan
02-08 19:30:51.390 11651 11667 D BtGatt.GattService: onScanFilterEnableDisabled() - clientIf=5, status=0, action=1
02-08 19:30:51.390 11651 11667 D BtGatt.ScanManager: callback done for clientIf - 5 status - 0
02-08 19:30:51.390 11651 11670 D BtGatt.ScanManager: configureFilterParamter 1500 10000 4 0
02-08 19:30:51.392 11651 11667 D BtGatt.GattService: onScanFilterParamsConfigured() - clientIf=5, status=0, action=0, availableSpace=31
02-08 19:30:51.392 11651 11667 D BtGatt.ScanManager: callback done for clientIf - 5 status - 0
02-08 19:30:51.392 11651 11670 D BtGatt.ScanManager: Starting BLE batch scan
02-08 19:30:51.392 11651 11670 D BtGatt.ScanManager: configuring batch scan storage, appIf 5
02-08 19:30:51.393 11651 11667 D BtGatt.GattService: onBatchScanStorageConfigured() - clientIf=5, status=0
02-08 19:30:51.393 11651 11667 D BtGatt.ScanManager: callback done for clientIf - 5 status - 0
02-08 19:30:51.395 11651 11667 D BtGatt.GattService: onBatchScanStartStopped() - clientIf=5, status=0, startStopAction=1
02-08 19:30:51.395 11651 11667 D BtGatt.ScanManager: callback done for clientIf - 5 status - 0
02-08 19:30:51.400 25576 25634 I jxcore-log: 2017-02-08 16:30:51 - DEBUG thaliManager: 'connected pskIdentity 2X0wCdOq8HoYUn8TqH4QuV3oXhR7R1LV0m2WkwD4bLw for path /db/ThaliManagerCoordinated/_changes'
02-08 19:30:51.400 25576 25634 I jxcore-log: 
02-08 19:30:51.415 25576 25634 I jxcore-log: 2017-02-08 16:30:51 - INFO nodeSSDPServerLogger: '{ address: 'http://0.0.0.0:1900' } 'SSDP listening''
02-08 19:30:51.415 25576 25634 I jxcore-log: 
02-08 19:30:51.415 25576 25634 I jxcore-log: 2017-02-08 16:30:51 - INFO nodeSSDPServerLogger: 'UDP socket bound'
02-08 19:30:51.415 25576 25634 I jxcore-log: 
02-08 19:30:51.416 25576 25634 I jxcore-log: 2017-02-08 16:30:51 - INFO nodeSSDPServerLogger: 'Socket bound'
02-08 19:30:51.416 25576 25634 I jxcore-log: 
02-08 19:30:51.417 25576 25634 I jxcore-log: 2017-02-08 16:30:51 - DEBUG thaliWifiInfrastructure: 'Emitting wifiPeerAvailabilityChanged {"peerIdentifier":"732bf25d-774c-4f71-a408-4bb832a55083","generation":1,"hostAddress":"192.168.2.3","portNumber":42122}'
02-08 19:30:51.417 25576 25634 I jxcore-log: 
02-08 19:30:51.471 25576 25634 I jxcore-log: 2017-02-08 16:30:51 - DEBUG thaliManager: 'connected pskIdentity cdZ9RiPHBkBHQ1qUFVnaRpmea2VFoSEkf2D76np2vtQ for path /db/ThaliManagerCoordinated/_local/thali_BLI6y_VxY6EKfQA8JWGREx4m01fheVSXFMKYsbD1UDWlE4Aq6l07qNObCg5ArLDA-nFectdYMUzOJo3EvFfs2o8'
02-08 19:30:51.471 25576 25634 I jxcore-log: 
02-08 19:30:51.475 25576 25634 I jxcore-log: ok 3 OK
02-08 19:30:51.475 25576 25634 I jxcore-log: 
02-08 19:30:51.487 25576 25634 I jxcore-log: # teardown
02-08 19:30:51.487 25576 25634 I jxcore-log: 
02-08 19:30:51.518 25576 25634 I jxcore-log: 2017-02-08 16:30:51 - DEBUG thaliManager: 'connected pskIdentity Beacon Please for path /NotificationBeacons'
02-08 19:30:51.518 25576 25634 I jxcore-log: 
02-08 19:30:51.533 25576 25634 I jxcore-log: 2017-02-08 16:30:51 - DEBUG thaliManager: 'connected pskIdentity cdZ9RiPHBkBHQ1qUFVnaRpmea2VFoSEkf2D76np2vtQ for path /db/ThaliManagerCoordinated/_local/thali_BLI6y_VxY6EKfQA8JWGREx4m01fheVSXFMKYsbD1UDWlE4Aq6l07qNObCg5ArLDA-nFectdYMUzOJo3EvFfs2o8'
02-08 19:30:51.533 25576 25634 I jxcore-log: 
02-08 19:30:51.544 25576 25634 I jxcore-log: 2017-02-08 16:30:51 - DEBUG thaliWifiInfrastructure: 'Emitting wifiPeerAvailabilityChanged {"peerIdentifier":"732bf25d-774c-4f71-a408-4bb832a55083","generation":1,"portNumber":null,"hostAddress":null}'
02-08 19:30:51.544 25576 25634 I jxcore-log: 
02-08 19:30:51.545 25576 25634 I jxcore-log: 2017-02-08 16:30:51 - DEBUG thaliMobile: 'Emitting peerAvailabilityChanged from handlePeer {"peerIdentifier":"732bf25d-774c-4f71-a408-4bb832a55083","connectionType":"tcp","peerAvailable":false,"generation":1,"newAddressPort":null}'
02-08 19:30:51.545 25576 25634 I jxcore-log: 
02-08 19:30:51.545 25576 25634 I jxcore-log: 2017-02-08 16:30:51 - WARN thaliNotificationClient: 'peer is not available'
02-08 19:30:51.545 25576 25634 I jxcore-log: 
02-08 19:30:51.585 25576 25634 I jxcore-log: 2017-02-08 16:30:51 - DEBUG thaliManager: 'connected pskIdentity cdZ9RiPHBkBHQ1qUFVnaRpmea2VFoSEkf2D76np2vtQ for path /db/ThaliManagerCoordinated/_local/1C4qrL2YadoWaYO0i5i2zA%3D%3D'
02-08 19:30:51.585 25576 25634 I jxcore-log: 
02-08 19:30:51.605 25576 25634 I jxcore-log: 2017-02-08 16:30:51 - DEBUG thaliManager: 'connected pskIdentity cdZ9RiPHBkBHQ1qUFVnaRpmea2VFoSEkf2D76np2vtQ for path /db/ThaliManagerCoordinated/_changes'
02-08 19:30:51.605 25576 25634 I jxcore-log: 
02-08 19:30:51.615 25576 25634 I jxcore-log: 2017-02-08 16:30:51 - DEBUG thaliManager: 'connected pskIdentity cdZ9RiPHBkBHQ1qUFVnaRpmea2VFoSEkf2D76np2vtQ for path /db/ThaliManagerCoordinated/_local/1C4qrL2YadoWaYO0i5i2zA%3D%3D'
02-08 19:30:51.615 25576 25634 I jxcore-log: 
02-08 19:30:51.618 25576 25634 I jxcore-log: 2017-02-08 16:30:51 - DEBUG thaliManager: 'connected pskIdentity Beacon Please for path /NotificationBeacons'
02-08 19:30:51.618 25576 25634 I jxcore-log: 
02-08 19:30:51.625 25576 25634 I jxcore-log: 2017-02-08 16:30:51 - DEBUG thaliManager: 'connected pskIdentity cdZ9RiPHBkBHQ1qUFVnaRpmea2VFoSEkf2D76np2vtQ for path /db/ThaliManagerCoordinated/_changes'
02-08 19:30:51.625 25576 25634 I jxcore-log: 
02-08 19:30:51.645 25576 25634 I jxcore-log: 2017-02-08 16:30:51 - DEBUG thaliManager: 'connected pskIdentity eeEXHYdz6XhBqsVe3lY7DpNQYAljlEbhBdL3NVN20-I for path /db/'
02-08 19:30:51.645 25576 25634 I jxcore-log: 
02-08 19:30:51.654 25576 25634 I jxcore-log: 2017-02-08 16:30:51 - DEBUG thaliManager: 'connected pskIdentity 2X0wCdOq8HoYUn8TqH4QuV3oXhR7R1LV0m2WkwD4bLw for path /db/ThaliManagerCoordinated/_local/thali_BDv6espUobl-L2ErgHK90mLRlcNXWF8OWVzHwj2GYMsSQc5cgdotWzk09IgpJGnotO38KxeECoEraXiAGCPZsbU'
02-08 19:30:51.654 25576 25634 I jxcore-log: 
02-08 19:30:51.685 25576 25634 I jxcore-log: 2017-02-08 16:30:51 - DEBUG thaliManager: 'connected pskIdentity eeEXHYdz6XhBqsVe3lY7DpNQYAljlEbhBdL3NVN20-I for path /db/ThaliManagerCoordinated/_local/1C4qrL2YadoWaYO0i5i2zA%3D%3D'
02-08 19:30:51.685 25576 25634 I jxcore-log: 
02-08 19:30:51.749 25576 25634 I jxcore-log: 2017-02-08 16:30:51 - DEBUG thaliWifiInfrastructure: 'Emitting wifiPeerAvailabilityChanged {"peerIdentifier":"e2b32dbd-7900-4208-b601-49a6e5434ae0","generation":1,"hostAddress":"192.168.2.5","portNumber":44372}'
02-08 19:30:51.749 25576 25634 I jxcore-log: 
02-08 19:30:51.778 25576 25634 I jxcore-log: 2017-02-08 16:30:51 - DEBUG thaliManager: 'connected pskIdentity cdZ9RiPHBkBHQ1qUFVnaRpmea2VFoSEkf2D76np2vtQ for path /db/ThaliManagerCoordinated/_local/thali_BLI6y_VxY6EKfQA8JWGREx4m01fheVSXFMKYsbD1UDWlE4Aq6l07qNObCg5ArLDA-nFectdYMUzOJo3EvFfs2o8'
02-08 19:30:51.778 25576 25634 I jxcore-log: 
02-08 19:30:51.809 25576 25634 I jxcore-log: 2017-02-08 16:30:51 - DEBUG thaliManager: 'connected pskIdentity cdZ9RiPHBkBHQ1qUFVnaRpmea2VFoSEkf2D76np2vtQ for path /db/ThaliManagerCoordinated/_local/thali_BLI6y_VxY6EKfQA8JWGREx4m01fheVSXFMKYsbD1UDWlE4Aq6l07qNObCg5ArLDA-nFectdYMUzOJo3EvFfs2o8'
02-08 19:30:51.809 25576 25634 I jxcore-log: 
02-08 19:30:51.825 25576 25634 I jxcore-log: 2017-02-08 16:30:51 - DEBUG thaliManager: 'connected pskIdentity cdZ9RiPHBkBHQ1qUFVnaRpmea2VFoSEkf2D76np2vtQ for path /db/ThaliManagerCoordinated/_local/1C4qrL2YadoWaYO0i5i2zA%3D%3D'
02-08 19:30:51.825 25576 25634 I jxcore-log: 
02-08 19:30:51.876 25576 25634 I jxcore-log: 2017-02-08 16:30:51 - DEBUG thaliManager: 'connected pskIdentity cdZ9RiPHBkBHQ1qUFVnaRpmea2VFoSEkf2D76np2vtQ for path /db/ThaliManagerCoordinated/_local/1C4qrL2YadoWaYO0i5i2zA%3D%3D'
02-08 19:30:51.876 25576 25634 I jxcore-log: 
02-08 19:30:51.924 25576 25634 I jxcore-log: 2017-02-08 16:30:51 - DEBUG thaliManager: 'connected pskIdentity 2X0wCdOq8HoYUn8TqH4QuV3oXhR7R1LV0m2WkwD4bLw for path /db/ThaliManagerCoordinated/_changes'
02-08 19:30:51.924 25576 25634 I jxcore-log: 
02-08 19:30:51.933 25576 25634 I jxcore-log: 2017-02-08 16:30:51 - DEBUG thaliManager: 'connected pskIdentity 2X0wCdOq8HoYUn8TqH4QuV3oXhR7R1LV0m2WkwD4bLw for path /db/ThaliManagerCoordinated/_local/BWYgk9Eft3jLOWLZBrnDhw%3D%3D'
02-08 19:30:51.933 25576 25634 I jxcore-log: 
02-08 19:30:51.939 25576 25634 I jxcore-log: 2017-02-08 16:30:51 - DEBUG thaliManager: 'connected pskIdentity QSNdsSltUhmzIPa1yhY2RY2bZ7ZFBf5gcxIZ0ycFpyQ for path /db/'
02-08 19:30:51.939 25576 25634 I jxcore-log: 
02-08 19:30:51.957 25576 25634 I jxcore-log: 2017-02-08 16:30:51 - DEBUG thaliWifiInfrastructure: 'Emitting wifiPeerAvailabilityChanged {"peerIdentifier":"e2b32dbd-7900-4208-b601-49a6e5434ae0","generation":1,"portNumber":null,"hostAddress":null}'
02-08 19:30:51.957 25576 25634 I jxcore-log: 
02-08 19:30:51.957 25576 25634 I jxcore-log: 2017-02-08 16:30:51 - DEBUG thaliMobile: 'Emitting peerAvailabilityChanged from handlePeer {"peerIdentifier":"e2b32dbd-7900-4208-b601-49a6e5434ae0","connectionType":"tcp","peerAvailable":false,"generation":1,"newAddressPort":null}'
02-08 19:30:51.957 25576 25634 I jxcore-log: 
02-08 19:30:51.958 25576 25634 I jxcore-log: 2017-02-08 16:30:51 - WARN thaliNotificationClient: 'peer is not available'
02-08 19:30:51.958 25576 25634 I jxcore-log: 
02-08 19:30:51.959 25576 25634 I jxcore-log: 2017-02-08 16:30:51 - DEBUG thaliWifiInfrastructure: 'Emitting wifiPeerAvailabilityChanged {"peerIdentifier":"e2b32dbd-7900-4208-b601-49a6e5434ae0","generation":2,"hostAddress":"192.168.2.5","portNumber":44372}'
02-08 19:30:51.959 25576 25634 I jxcore-log: 
02-08 19:30:51.959 25576 25634 I jxcore-log: 2017-02-08 16:30:51 - DEBUG thaliMobile: 'Emitting peerAvailabilityChanged from handlePeer {"peerIdentifier":"e2b32dbd-7900-4208-b601-49a6e5434ae0","connectionType":"tcp","peerAvailable":true,"generation":2,"newAddressPort":false}'
02-08 19:30:51.959 25576 25634 I jxcore-log: 
02-08 19:30:51.970 25576 25634 I jxcore-log: 2017-02-08 16:30:51 - DEBUG thaliManager: 'stopping thaliPeerPoolInterface'
02-08 19:30:51.970 25576 25634 I jxcore-log: 
02-08 19:30:51.997 25576 25634 I jxcore-log: 2017-02-08 16:30:51 - DEBUG localSeqManager: 'Got an error trying to update seq {"code":"ECONNRESET","status":500}'
02-08 19:30:51.997 25576 25634 I jxcore-log: 
02-08 19:30:51.999 25576 25634 I jxcore-log: 2017-02-08 16:30:51 - DEBUG thaliReplicationPeerAction: 'Got error on replication -  500 socket hang up -1'
02-08 19:30:51.999 25576 25634 I jxcore-log: 
02-08 19:30:51.999 25576 25634 I jxcore-log: 2017-02-08 16:30:51 - DEBUG thaliReplicationPeerAction: 'We called _complete with error: socket hang up -1  but we are already killed and so we ignored it'
02-08 19:30:51.999 25576 25634 I jxcore-log: 
02-08 19:30:51.999 25576 25634 I jxcore-log: 2017-02-08 16:30:51 - DEBUG thaliReplicationPeerAction: 'Got error in update: 500 socket hang up -1, but we are already killed and so we ignored it'
02-08 19:30:51.999 25576 25634 I jxcore-log: 
02-08 19:30:52.017 25576 25634 I jxcore-log: 2017-02-08 16:30:52 - DEBUG thaliManager: 'connected pskIdentity QSNdsSltUhmzIPa1yhY2RY2bZ7ZFBf5gcxIZ0ycFpyQ for path /db/ThaliManagerCoordinated/_local/BWYgk9Eft3jLOWLZBrnDhw%3D%3D'
02-08 19:30:52.017 25576 25634 I jxcore-log: 
02-08 19:30:52.053 25576 25634 I jxcore-log: 2017-02-08 16:30:52 - DEBUG thaliManager: 'connected pskIdentity 2X0wCdOq8HoYUn8TqH4QuV3oXhR7R1LV0m2WkwD4bLw for path /db/ThaliManagerCoordinated/_local/thali_BDv6espUobl-L2ErgHK90mLRlcNXWF8OWVzHwj2GYMsSQc5cgdotWzk09IgpJGnotO38KxeECoEraXiAGCPZsbU'
02-08 19:30:52.053 25576 25634 I jxcore-log: 
02-08 19:30:52.058 25576 25634 I jxcore-log: 2017-02-08 16:30:52 - DEBUG thaliWifiInfrastructure: 'Emitting wifiPeerAvailabilityChanged {"peerIdentifier":"732bf25d-774c-4f71-a408-4bb832a55083","generation":2,"hostAddress":"192.168.2.3","portNumber":42122}'
02-08 19:30:52.058 25576 25634 I jxcore-log: 
02-08 19:30:52.058 25576 25634 I jxcore-log: 2017-02-08 16:30:52 - DEBUG thaliMobile: 'Emitting peerAvailabilityChanged from handlePeer {"peerIdentifier":"732bf25d-774c-4f71-a408-4bb832a55083","connectionType":"tcp","peerAvailable":true,"generation":2,"newAddressPort":false}'
02-08 19:30:52.058 25576 25634 I jxcore-log: 
02-08 19:30:52.061 11651 11674 W bt_btif : No ag scb for peer addr
02-08 19:30:52.065 25576 25634 I jxcore-log: 2017-02-08 16:30:52 - WARN thaliNotificationClient: '_createAndEnqueueAction: failed to enqueue an item: we ignored peer action, because we has been already stopped'
02-08 19:30:52.065 25576 25634 I jxcore-log: 
02-08 19:30:52.091 25576 25634 I jxcore-log: 2017-02-08 16:30:52 - DEBUG thaliReplicationPeerAction: 'Got error on replication -  500 read ECONNRESET'
02-08 19:30:52.091 25576 25634 I jxcore-log: 
02-08 19:30:52.093 25576 25634 I jxcore-log: 2017-02-08 16:30:52 - DEBUG thaliReplicationPeerAction: 'We called _complete with error: read ECONNRESET  but we are already killed and so we ignored it'
02-08 19:30:52.093 25576 25634 I jxcore-log: 
02-08 19:30:52.093 25576 25634 I jxcore-log: 2017-02-08 16:30:52 - DEBUG thaliManager: 'stopping thaliPullReplicationFromNotification'
02-08 19:30:52.093 25576 25634 I jxcore-log: 
02-08 19:30:52.094 25576 25634 I jxcore-log: 2017-02-08 16:30:52 - DEBUG thaliManager: 'stopping thaliSendNotificationBasedOnReplication'
02-08 19:30:52.094 25576 25634 I jxcore-log: 
02-08 19:30:52.096 25576 25634 I jxcore-log: 2017-02-08 16:30:52 - DEBUG thaliSendNotificationBasedOnReplication: 'We must have stopped because we are complete -{"status":"cancelled"}'
02-08 19:30:52.096 25576 25634 I jxcore-log: 
02-08 19:30:52.098 25576 25634 I jxcore-log: 2017-02-08 16:30:52 - DEBUG thaliManager: 'stopping advertising and listening'
02-08 19:30:52.098 25576 25634 I jxcore-log: 
02-08 19:30:52.099 25576 25634 D io.jxcore.node.JXcoreExtension: stopAdvertisingAndListening
02-08 19:30:52.099 25576 25634 I io.jxcore.node.ConnectionHelper: stop: Stopping all activities and killing connections
02-08 19:30:52.099 25576 25634 V io.jxcore.node.StartStopOperation: isTargetState: Connectivity: RUNNING, discovery: RUNNING_BLE, is discovering: true, is advertising: true - Stop operation: Should start/stop everything
02-08 19:30:52.099 25576 25634 V io.jxcore.node.StartStopOperationHandler: executeCurrentOperation: Executing: Stop operation: Should start/stop everything
02-08 19:30:52.099 25576 25634 I org.thaliproject.p2p.btconnectorlib.ConnectionManager: stopListeningForIncomingConnections
02-08 19:30:52.099 25576 25634 I org.thaliproject.p2p.btconnectorlib.internal.bluetooth.BluetoothConnector: stopListeningForIncomingConnections: Stopping...
02-08 19:30:52.099 25576 25634 D org.thaliproject.p2p.btconnectorlib.internal.bluetooth.BluetoothServerThread: shutdown
02-08 19:30:52.100 25576 25634 D org.thaliproject.p2p.btconnectorlib.internal.bluetooth.BluetoothManager: release: 2 listener(s) left
02-08 19:30:52.100 25576 25634 D org.thaliproject.p2p.btconnectorlib.ConnectionManager: updateState: mShouldBeStarted :  false, mIsServerStarted:  true
02-08 19:30:52.100 25576 25634 D org.thaliproject.p2p.btconnectorlib.ConnectionManager: setState: RUNNING -> NOT_STARTED
02-08 19:30:52.100 25576 25634 I org.thaliproject.p2p.btconnectorlib.ConnectionManager: cancelAllConnectionAttempts
02-08 19:30:52.100 25576 25634 D org.thaliproject.p2p.btconnectorlib.internal.bluetooth.BluetoothConnector: cancelAllConnectionAttempts: Shutting down 2 client threads
02-08 19:30:52.100 25576 25576 I io.jxcore.node.ConnectionHelper: onConnectionManagerStateChanged: NOT_STARTED
02-08 19:30:52.101 25576 25651 V org.thaliproject.p2p.btconnectorlib.internal.bluetooth.BluetoothServerThread: closeBluetoothServerSocket: Bluetooth server socket closed
02-08 19:30:52.101 25576 25651 D org.thaliproject.p2p.btconnectorlib.internal.bluetooth.BluetoothServerThread: Exiting thread
02-08 19:30:52.101 25576 25634 I org.thaliproject.p2p.btconnectorlib.DiscoveryManager: stop: Stopping peer discovery...
02-08 19:30:52.101 25576 25634 D org.thaliproject.p2p.btconnectorlib.DiscoveryManager: stopForRestart Current thread: Thread[Thread-897,5,main], id: 897
02-08 19:30:52.102 25576 25634 D org.thaliproject.p2p.btconnectorlib.DiscoveryManager: stopForRestart. RUNNING_BLE
02-08 19:30:52.102 25576 25634 D org.thaliproject.p2p.btconnectorlib.internal.BluetoothMacAddressResolutionHelper: stopProvideBluetoothMacAddressMode
02-08 19:30:52.102 25576 25651 I org.thaliproject.p2p.btconnectorlib.internal.bluetooth.BluetoothConnector: onServerStopped: Was explicitly stopped: true
02-08 19:30:52.102 25576 25634 D org.thaliproject.p2p.btconnectorlib.internal.bluetooth.le.BlePeerDiscoverer: stopScannerAndAdvertiser: Current thread: Thread[Thread-897,5,main], id: 897
02-08 19:30:52.102 25576 25634 D org.thaliproject.p2p.btconnectorlib.internal.bluetooth.le.BlePeerDiscoverer: stopPeerAddressHelperAdvertiser Current thread: Thread[Thread-897,5,main], id: 897
02-08 19:30:52.102 25576 25634 D org.thaliproject.p2p.btconnectorlib.internal.bluetooth.le.BlePeerDiscoverer: stopScanner: Current thread: Thread[Thread-897,5,main], id: 897
02-08 19:30:52.102 25576 25634 I org.thaliproject.p2p.btconnectorlib.internal.bluetooth.le.BlePeerDiscoverer: stopScanner: Stopping...
02-08 19:30:52.102 25576 25634 D org.thaliproject.p2p.btconnectorlib.internal.bluetooth.le.BleScanner: stop, Current thread: Thread[Thread-897,5,main], id: 897
02-08 19:30:52.103 25576 25634 D BluetoothAdapter: STATE_ON
02-08 19:30:52.103 11651 11702 D BtGatt.GattService: flushPendingBatchResults - clientIf=5, isServer=false
02-08 19:30:52.103 25576 25634 D org.thaliproject.p2p.btconnectorlib.internal.bluetooth.le.BleScanner: stop: scan results are flushed 
02-08 19:30:52.103 25576 25656 D org.thaliproject.p2p.btconnectorlib.internal.bluetooth.BluetoothClientThread: shutdown: Thread ID: 900
02-08 19:30:52.104 25576 25656 D org.thaliproject.p2p.btconnectorlib.internal.bluetooth.BluetoothClientThread: close
02-08 19:30:52.104 25576 25634 D BluetoothAdapter: STATE_ON
02-08 19:30:52.104 25576 25656 D org.thaliproject.p2p.btconnectorlib.internal.bluetooth.BluetoothClientThread: close: Trying to close the Bluetooth socket... (thread ID: 900)
02-08 19:30:52.104 11651 11661 D BtGatt.GattService: stopScan() - queue size =1
02-08 19:30:52.104 11651 11670 D BtGatt.ScanManager: flushPendingBatchResults - clientIf = 5
02-08 19:30:52.104 25576 25656 D org.thaliproject.p2p.btconnectorlib.internal.bluetooth.BluetoothClientThread: close: Bluetooth socket closed (thread ID: 900)
02-08 19:30:52.104 25576 25653 E org.thaliproject.p2p.btconnectorlib.internal.bluetooth.BluetoothClientThread:  createSocketAndConnect: connect, read failed, socket might closed or timeout, read ret: -1
02-08 19:30:52.104 11651 11676 E bt_btif_sock_rfcomm: btsock_rfc_signaled socket signaled for read while disconnected, slot: 977, channel: -1
02-08 19:30:52.105 11651 11662 D BtGatt.GattService: unregisterClient() - clientIf=5
02-08 19:30:52.105 25576 25653 I org.thaliproject.p2p.btconnectorlib.internal.bluetooth.BluetoothClientThread: socketConnectSucceeded false
02-08 19:30:52.105 25576 25634 D org.thaliproject.p2p.btconnectorlib.internal.bluetooth.le.BleScanner: stop: Stopped
02-08 19:30:52.105 25576 25634 D org.thaliproject.p2p.btconnectorlib.internal.bluetooth.le.BleScanner: set state: Current thread: Thread[Thread-897,5,main], id: 897
02-08 19:30:52.105 25576 25634 D org.thaliproject.p2p.btconnectorlib.internal.bluetooth.le.BleScanner: setState: State changed from RUNNING to NOT_STARTED
02-08 19:30:52.105 25576 25653 I org.thaliproject.p2p.btconnectorlib.internal.bluetooth.BluetoothClientThread: Exiting thread (thread ID: 900)
02-08 19:30:52.105 25576 25634 D org.thaliproject.p2p.btconnectorlib.internal.bluetooth.le.BleScanner: notifyScannerStateChanged: started =  false. Current thread: Thread[Thread-897,5,main], id: 897
02-08 19:30:52.105 25576 25634 D org.thaliproject.p2p.btconnectorlib.internal.bluetooth.le.BleScanner: stop finished, Current thread: Thread[Thread-897,5,main], id: 897
02-08 19:30:52.105 25576 25634 D org.thaliproject.p2p.btconnectorlib.internal.bluetooth.le.BlePeerDiscoverer: stopAdvertiser:Current thread: Thread[Thread-897,5,main], id: 897
02-08 19:30:52.105 25576 25634 I org.thaliproject.p2p.btconnectorlib.internal.bluetooth.le.BlePeerDiscoverer: stopAdvertiser: Stopping...
02-08 19:30:52.105 25576 25634 D org.thaliproject.p2p.btconnectorlib.internal.bluetooth.le.BleAdvertiser: stop. Current thread: Thread[Thread-897,5,main], id: 897
02-08 19:30:52.106 11651 11669 D BtGatt.AdvertiseManager: message : 1
02-08 19:30:52.107 11651 11669 D BtGatt.AdvertiseManager: stop advertise for client 6
02-08 19:30:52.110 11651 11667 D BtGatt.GattService: onBatchScanReports() - clientIf=5, status=0, reportType=2, numRecords=5
02-08 19:30:52.110 11651 11667 D BtGatt.ScanManager: callback done for clientIf - 5 status - 0
02-08 19:30:52.110 11651 11667 D BtGatt.GattService: current time is 2006209710560312
02-08 19:30:52.111 11651 11667 D BtGatt.GattService: Batch record : [-97, -102, -7, -70, 0, 36, 0, -128, -59, 6, 0, 29, 17, 7, -112, -75, 1, 68, 117, 5, -46, -118, 48, 73, 103, 39, 36, 33, -34, 59, 10, 22, 36, 33, 1, 36, 0, -70, -7, -102, -97, 0, 70, -83, -15, 10, -99, 112, 1, -128, -61, 9, 0, 29, 17, 7, -112, -75, 1, 68, 117, 5, -46, -118, 48, 73, 103, 39, 36, 33, -34, 59, 10, 22, 36, 33, 2, -68, 117, 116, 58, -67, 15, 0, 15, -67, 58, 116, 117, -68, 0, -128, -60, 3, 0, 29, 17, 7, -112, -75, 1, 68, 117, 5, -46, -118, 48, 73, 103, 39, 36, 33, -34, 59, 10, 22, 36, 33, 2, -68, 117, 116, 58, -67, 15, 0, -26, -66, -109, -11, 23, 103, 1, -128, -59, 5, 0, 29, 17, 7, -112, -75, 1, 68, 117, 5, -46, -118, 48, 73, 103, 39, 36, 33, -34, 59, 10, 22, 36, 33, 2, 36, 0, -70, -7, -102, -97, 0, -97, -102, -7, -70, 0, 36, 0, -128, -59, 3, 0, 29, 17, 7, -112, -75, 1, 68, 117, 5, -46, -118, 48, 73, 103, 39, 36, 33, -34, 59, 10, 22, 36, 33, 2, 36, 0, -70, -7, -102, -97, 0]
02-08 19:30:52.111 11651 11667 D BtGatt.GattService: ScanRecord : [17, 7, -112, -75, 1, 68, 117, 5, -46, -118, 48, 73, 103, 39, 36, 33, -34, 59, 10, 22, 36, 33, 1, 36, 0, -70, -7, -102, -97]
02-08 19:30:52.111 11651 11667 D BtGatt.GattService: ScanRecord : [17, 7, -112, -75, 1, 68, 117, 5, -46, -118, 48, 73, 103, 39, 36, 33, -34, 59, 10, 22, 36, 33, 2, -68, 117, 116, 58, -67, 15]
02-08 19:30:52.112 11651 11667 D BtGatt.GattService: ScanRecord : [17, 7, -112, -75, 1, 68, 117, 5, -46, -118, 48, 73, 103, 39, 36, 33, -34, 59, 10, 22, 36, 33, 2, -68, 117, 116, 58, -67, 15]
02-08 19:30:52.112 11651 11667 D BtGatt.GattService: ScanRecord : [17, 7, -112, -75, 1, 68, 117, 5, -46, -118, 48, 73, 103, 39, 36, 33, -34, 59, 10, 22, 36, 33, 2, 36, 0, -70, -7, -102, -97]
02-08 19:30:52.113 11651 11667 D BtGatt.GattService: ScanRecord : [17, 7, -112, -75, 1, 68, 117, 5, -46, -118, 48, 73, 103, 39, 36, 33, -34, 59, 10, 22, 36, 33, 2, 36, 0, -70, -7, -102, -97]
02-08 19:30:52.113 11651 11667 E BtGatt.ContextMap: Context not found for ID 5
02-08 19:30:52.113 11651 11667 D BtGatt.GattService: onAdvertiseInstanceDisabled() - clientIf=6, status=0
02-08 19:30:52.113 11651 11667 D BtGatt.GattService: Client app is not null!
02-08 19:30:52.114 11651 11698 D BtGatt.GattService: unregisterClient() - clientIf=6
02-08 19:30:52.115 25576 25655 D org.thaliproject.p2p.btconnectorlib.internal.bluetooth.BluetoothClientThread: shutdown: Thread ID: 899
02-08 19:30:52.115 25576 25655 D org.thaliproject.p2p.btconnectorlib.internal.bluetooth.BluetoothClientThread: close
02-08 19:30:52.115 25576 25655 D org.thaliproject.p2p.btconnectorlib.internal.bluetooth.BluetoothClientThread: close: Trying to close the Bluetooth socket... (thread ID: 899)
02-08 19:30:52.116 11651 11676 E bt_btif_sock_rfcomm: btsock_rfc_signaled socket signaled for read while disconnected, slot: 976, channel: 6
02-08 19:30:52.116 11651 11674 E bt_btif_sock_rfcomm: find_rfc_slot_by_id unable to find RFCOMM slot id: 976
02-08 19:30:52.116 25576 25655 D org.thaliproject.p2p.btconnectorlib.internal.bluetooth.BluetoothClientThread: close: Bluetooth socket closed (thread ID: 899)
02-08 19:30:52.116 25576 25652 E org.thaliproject.p2p.btconnectorlib.internal.bluetooth.BluetoothClientThread:  createSocketAndConnect: connect, read failed, socket might closed or timeout, read ret: -1
02-08 19:30:52.116 25576 25652 I org.thaliproject.p2p.btconnectorlib.internal.bluetooth.BluetoothClientThread: socketConnectSucceeded false
02-08 19:30:52.117 25576 25652 I org.thaliproject.p2p.btconnectorlib.internal.bluetooth.BluetoothClientThread: Exiting thread (thread ID: 899)
02-08 19:30:52.117 25576 25634 D org.thaliproject.p2p.btconnectorlib.internal.bluetooth.le.BleAdvertiser: stop: Stopped
02-08 19:30:52.117 25576 25634 D org.thaliproject.p2p.btconnectorlib.internal.bluetooth.le.BleAdvertiser: setState: current  = RUNNING, new = NOT_STARTEDCurrent thread: Thread[Thread-897,5,main], id: 897
02-08 19:30:52.117 25576 25634 D org.thaliproject.p2p.btconnectorlib.internal.bluetooth.le.BleAdvertiser: setState: State changed from RUNNING to NOT_STARTED
02-08 19:30:52.117 25576 25634 D org.thaliproject.p2p.btconnectorlib.internal.bluetooth.le.BleAdvertiser: notifyAdvertiserStateChanged: started =  false. Current thread: Thread[Thread-897,5,main], id: 897
02-08 19:30:52.117 25576 25634 D org.thaliproject.p2p.btconnectorlib.internal.bluetooth.le.BleAdvertiser: setState: finished Current thread: Thread[Thread-897,5,main], id: 897
02-08 19:30:52.117 25576 25634 D org.thaliproject.p2p.btconnectorlib.internal.bluetooth.le.BleAdvertiser: stop finished. Current thread: Thread[Thread-897,5,main], id: 897
02-08 19:30:52.117 25576 25634 D org.thaliproject.p2p.btconnectorlib.DiscoveryManager: stopBlePeerDiscoverer: Stopped
02-08 19:30:52.117 25576 25634 I org.thaliproject.p2p.btconnectorlib.internal.wifi.WifiDirectManager: release: No more listeners, de-initializing...
02-08 19:30:52.119 25576 25634 D org.thaliproject.p2p.btconnectorlib.internal.bluetooth.BluetoothManager: release: 1 listener(s) left
02-08 19:30:52.119 25576 25634 I org.thaliproject.p2p.btconnectorlib.utils.PeerModel: clear
02-08 19:30:52.119 25576 25634 D org.thaliproject.p2p.btconnectorlib.DiscoveryManager: updateState: Current thread: Thread[Thread-897,5,main], id: 897
02-08 19:30:52.119 25576 25634 D org.thaliproject.p2p.btconnectorlib.DiscoveryManager: updateStateInternal Current thread: Thread[Thread-897,5,main], id: 897
02-08 19:30:52.119 25576 25634 D org.thaliproject.p2p.btconnectorlib.DiscoveryManager: updateState: State: NOT_STARTED, is discovering: false, is advertising: false
02-08 19:30:52.119 25576 25634 D org.thaliproject.p2p.btconnectorlib.DiscoveryManager: updateStateInternal finished Current thread: Thread[Thread-897,5,main], id: 897
02-08 19:30:52.119 25576 25634 D org.thaliproject.p2p.btconnectorlib.DiscoveryManager: updateState finished Current thread: Thread[Thread-897,5,main], id: 897
02-08 19:30:52.120 25576 25576 V io.jxcore.node.StartStopOperation: isTargetState: Connectivity: NOT_STARTED, discovery: NOT_STARTED, is discovering: false, is advertising: false - Stop operation: Should start/stop everything
02-08 19:30:52.120 25576 25576 D io.jxcore.node.StartStopOperationHandler: processCurrentOperationStatus: Operation successfully executed
02-08 19:30:52.121 25576 25576 I org.thaliproject.p2p.btconnectorlib.DiscoveryManager: start: Discovery mode: BLE, start discovery: false, start advertiser: false
02-08 19:30:52.121 25576 25576 I org.thaliproject.p2p.btconnectorlib.DiscoveryManager: start: Discovery mode: BLE, start discovery: false, start advertiser: false
02-08 19:30:52.121 25576 25576 D org.thaliproject.p2p.btconnectorlib.ConnectionManager: onIsServerStartedChanged: false
02-08 19:30:52.121 25576 25576 D org.thaliproject.p2p.btconnectorlib.ConnectionManager: updateState: mShouldBeStarted :  false, mIsServerStarted:  false
02-08 19:30:52.121 25576 25576 I org.thaliproject.p2p.btconnectorlib.internal.bluetooth.le.BlePeerDiscoverer: onIsScannerStartedChanged: falseCurrent thread: Thread[main,5,main], id: 1
02-08 19:30:52.121 25576 25576 D org.thaliproject.p2p.btconnectorlib.internal.bluetooth.le.BlePeerDiscoverer: updateState : Current thread: Thread[main,5,main], id: 1
02-08 19:30:52.121 25576 25576 D org.thaliproject.p2p.btconnectorlib.internal.bluetooth.le.BlePeerDiscoverer: updateState: deducedStateSet: [NOT_STARTED]
02-08 19:30:52.122 25576 25576 D org.thaliproject.p2p.btconnectorlib.internal.bluetooth.le.BlePeerDiscoverer: updateState: stateSet: [SCANNING, ADVERTISING]
02-08 19:30:52.122 25576 25576 D org.thaliproject.p2p.btconnectorlib.internal.bluetooth.le.BlePeerDiscoverer: Current thread: Thread[main,5,main], id: 1
02-08 19:30:52.122 25576 25576 D org.thaliproject.p2p.btconnectorlib.internal.bluetooth.le.BlePeerDiscoverer: updateState: State changed from [SCANNING, ADVERTISING] to [NOT_STARTED]Current thread: Thread[main,5,main], id: 1
02-08 19:30:52.122 25576 25576 D org.thaliproject.p2p.btconnectorlib.internal.bluetooth.le.BlePeerDiscoverer: update state finished. Current thread: Thread[main,5,main], id: 1
02-08 19:30:52.122 25576 25576 I org.thaliproject.p2p.btconnectorlib.internal.bluetooth.le.BlePeerDiscoverer: onIsAdvertiserStartedChanged: falseCurrent thread: Thread[main,5,main], id: 1
02-08 19:30:52.122 25576 25576 D org.thaliproject.p2p.btconnectorlib.internal.bluetooth.le.BlePeerDiscoverer: updateState : Current thread: Thread[main,5,main], id: 1
02-08 19:30:52.122 25576 25576 D org.thaliproject.p2p.btconnectorlib.internal.bluetooth.le.BlePeerDiscoverer: updateState: deducedStateSet: [NOT_STARTED]
02-08 19:30:52.122 25576 25576 D org.thaliproject.p2p.btconnectorlib.internal.bluetooth.le.BlePeerDiscoverer: updateState: stateSet: [NOT_STARTED]
02-08 19:30:52.122 25576 25576 D org.thaliproject.p2p.btconnectorlib.internal.bluetooth.le.BlePeerDiscoverer: Current thread: Thread[main,5,main], id: 1
02-08 19:30:52.123 25576 25576 D org.thaliproject.p2p.btconnectorlib.internal.bluetooth.le.BlePeerDiscoverer: update state finished. Current thread: Thread[main,5,main], id: 1
02-08 19:30:52.123 25576 25576 I io.jxcore.node.ConnectionHelper: onDiscoveryManagerStateChanged: State: NOT_STARTED, is discovering: false, is advertising: false
02-08 19:30:52.123 11651 11667 D BtGatt.GattService: onScanFilterParamsConfigured() - clientIf=5, status=0, action=1, availableSpace=32
02-08 19:30:52.123 11651 11667 D BtGatt.ScanManager: callback done for clientIf - 5 status - 0
02-08 19:30:52.123 11651 11670 D BtGatt.ScanManager: stopping BLe Batch
02-08 19:30:52.125 25576 25634 I jxcore-log: 2017-02-08 16:30:52 - DEBUG makeIntoCloseAllServer: 'closeAll called on server'
02-08 19:30:52.125 25576 25634 I jxcore-log: 
02-08 19:30:52.126 11651 11667 D BtGatt.GattService: onBatchScanStartStopped() - clientIf=5, status=0, startStopAction=0
02-08 19:30:52.126 11651 11667 D BtGatt.ScanManager: callback done for clientIf - 5 status - 0
02-08 19:30:52.126 11651 11670 D BtGatt.ScanManager: flushPendingBatchResults - clientIf = 5
02-08 19:30:52.128 11651 11667 D BtGatt.GattService: onBatchScanReports() - clientIf=5, status=0, reportType=2, numRecords=0
02-08 19:30:52.128 11651 11667 D BtGatt.ScanManager: callback done for clientIf - 5 status - 0
02-08 19:30:52.129 25576 25634 D io.jxcore.node.JXcoreExtension: stopAdvertisingAndListening
02-08 19:30:52.129 25576 25634 I io.jxcore.node.ConnectionHelper: stop: Stopping all activities and killing connections
02-08 19:30:52.129 25576 25634 V io.jxcore.node.StartStopOperation: isTargetState: Connectivity: NOT_STARTED, discovery: NOT_STARTED, is discovering: false, is advertising: false - Stop operation: Should start/stop everything
02-08 19:30:52.129 25576 25634 V io.jxcore.node.StartStopOperationHandler: executeCurrentOperation: The current state already matches the desired outcome of this operation, skipping...
02-08 19:30:52.133 25576 25634 I jxcore-log: 2017-02-08 16:30:52 - DEBUG thaliManager: 'stopping listening for advertisements'
02-08 19:30:52.133 25576 25634 I jxcore-log: 
02-08 19:30:52.135 25576 25634 D io.jxcore.node.JXcoreExtension: stopListeningForAdvertisements
02-08 19:30:52.135 25576 25634 I io.jxcore.node.ConnectionHelper: stop: Stopping only listening for advertisements
02-08 19:30:52.135 25576 25634 V io.jxcore.node.StartStopOperation: isTargetState: Connectivity: NOT_STARTED, discovery: NOT_STARTED, is discovering: false, is advertising: false - Stop operation: Should affect listening to advertisements only
02-08 19:30:52.135 25576 25634 V io.jxcore.node.StartStopOperationHandler: executeCurrentOperation: The current state already matches the desired outcome of this operation, skipping...
02-08 19:30:52.139 25576 25634 I jxcore-log: 2017-02-08 16:30:52 - DEBUG thaliManager: 'stopping ThaliMobile'
02-08 19:30:52.139 25576 25634 I jxcore-log: 
02-08 19:30:52.141 25576 25634 I jxcore-log: 2017-02-08 16:30:52 - DEBUG thaliMobile: 'Emitting peerAvailabilityChanged from emitPeerUnavailable {"peerIdentifier":"24:00:BA:F9:9A:9F","connectionType":"AndroidBluetooth","peerAvailable":false,"generation":null,"newAddressPort":null}'
02-08 19:30:52.141 25576 25634 I jxcore-log: 
02-08 19:30:52.141 25576 25634 I jxcore-log: 2017-02-08 16:30:52 - DEBUG thaliMobile: 'Emitting peerAvailabilityChanged from emitPeerUnavailable {"peerIdentifier":"BC:75:74:3A:BD:0F","connectionType":"AndroidBluetooth","peerAvailable":false,"generation":null,"newAddressPort":null}'
02-08 19:30:52.141 25576 25634 I jxcore-log: 
02-08 19:30:52.141 25576 25634 I jxcore-log: 2017-02-08 16:30:52 - DEBUG thaliMobile: 'Emitting peerAvailabilityChanged from emitPeerUnavailable {"peerIdentifier":"e2b32dbd-7900-4208-b601-49a6e5434ae0","connectionType":"tcp","peerAvailable":false,"generation":null,"newAddressPort":null}'
02-08 19:30:52.141 25576 25634 I jxcore-log: 
02-08 19:30:52.142 25576 25634 I jxcore-log: 2017-02-08 16:30:52 - DEBUG thaliMobile: 'Emitting peerAvailabilityChanged from emitPeerUnavailable {"peerIdentifier":"732bf25d-774c-4f71-a408-4bb832a55083","connectionType":"tcp","peerAvailable":false,"generation":null,"newAddressPort":null}'
02-08 19:30:52.142 25576 25634 I jxcore-log: 
02-08 19:30:52.143 25576 25634 D io.jxcore.node.JXcoreExtension: stopAdvertisingAndListening
02-08 19:30:52.143 25576 25634 I io.jxcore.node.ConnectionHelper: stop: Stopping all activities and killing connections
02-08 19:30:52.143 25576 25634 V io.jxcore.node.StartStopOperation: isTargetState: Connectivity: NOT_STARTED, discovery: NOT_STARTED, is discovering: false, is advertising: false - Stop operation: Should start/stop everything
02-08 19:30:52.143 25576 25634 V io.jxcore.node.StartStopOperationHandler: executeCurrentOperation: The current state already matches the desired outcome of this operation, skipping...
02-08 19:30:52.145 25576 25634 D io.jxcore.node.JXcoreExtension: stopListeningForAdvertisements
02-08 19:30:52.145 25576 25634 I io.jxcore.node.ConnectionHelper: stop: Stopping only listening for advertisements
02-08 19:30:52.145 25576 25634 V io.jxcore.node.StartStopOperation: isTargetState: Connectivity: NOT_STARTED, discovery: NOT_STARTED, is discovering: false, is advertising: false - Stop operation: Should affect listening to advertisements only
02-08 19:30:52.145 25576 25634 V io.jxcore.node.StartStopOperationHandler: executeCurrentOperation: The current state already matches the desired outcome of this operation, skipping...
02-08 19:30:52.146 25576 25634 I jxcore-log: 2017-02-08 16:30:52 - DEBUG makeIntoCloseAllServer: 'closeAll called on server'
02-08 19:30:52.146 25576 25634 I jxcore-log: 
02-08 19:30:52.147 25576 25634 I jxcore-log: 2017-02-08 16:30:52 - DEBUG makeIntoCloseAllServer: 'closeAll called on server'
02-08 19:30:52.147 25576 25634 I jxcore-log: 
02-08 19:30:52.147 25576 25634 I jxcore-log: 2017-02-08 16:30:52 - DEBUG makeIntoCloseAllServer: 'closeAll called on server'
02-08 19:30:52.147 25576 25634 I jxcore-log: 
02-08 19:30:52.148 25576 25634 I jxcore-log: 2017-02-08 16:30:52 - DEBUG createNativeListener: 'Native Server - close'
02-08 19:30:52.148 25576 25634 I jxcore-log: 
02-08 19:30:52.149 25576 25634 I jxcore-log: 2017-02-08 16:30:52 - DEBUG makeIntoCloseAllServer: 'closeAll called on server'
02-08 19:30:52.149 25576 25634 I jxcore-log: 
02-08 19:30:52.165 25576 25634 I jxcore-log: # setup
02-08 19:30:52.165 25576 25634 I jxcore-log: 
02-08 19:30:52.190 11651 11674 W bt_btif : bta_dm_acl_change info: 0x10
02-08 19:30:52.191 11651 11667 D bt_btif_dm: remote version info [bc:75:74:3a:bd:0f]: 0, 0, 0
02-08 19:30:52.193 11651 11667 E BluetoothRemoteDevices: state12newState0
02-08 19:30:52.211 13988 13988 I BTConnectionReceiver: onReceive(context, Intent { act=android.bluetooth.device.action.ACL_CONNECTED flg=0x4000010 cmp=com.google.android.googlequicksearchbox/com.google.android.search.core.service.BluetoothConnectionReceiver (has extras) }, [BluetoothDevice: address=BC:75:74:3A:BD:0F, alias=null, name=Nexus 6P, majorDeviceClass=512, deviceClass=524]
02-08 19:30:52.213 13988 13988 I BluetoothClassifier: Bluetooth Device Name: Nexus 6P
02-08 19:30:52.386 25529 25529 I ServiceManager: Waiting for service AtCmdFwd...
02-08 19:30:52.389 11651 11674 W bt_sdp  : process_service_search_attr_rsp
02-08 19:30:52.451 11651 11674 E bt_btif_sock_rfcomm: find_rfc_slot_by_id unable to find RFCOMM slot id: 977
02-08 19:30:52.624 25576 25576 V io.jxcore.node.ConnectionHelper: Notifying discovery manager state change: is discovering: false, is advertising: false
02-08 19:30:52.629 25576 25634 I jxcore-log: 2017-02-08 16:30:52 - DEBUG thaliMobileNativeWrapper: 'discoveryAdvertisingStateUpdateNonTCP: {"discoveryActive":false,"advertisingActive":false}'
02-08 19:30:52.629 25576 25634 I jxcore-log: 
02-08 19:30:52.631 25576 25634 I jxcore-log: 2017-02-08 16:30:52 - INFO thaliMobile: 'Filtered out discoveryAdvertisingStateUpdate (was in stopped state).'
02-08 19:30:52.631 25576 25634 I jxcore-log: 
02-08 19:30:53.159 11651 11674 E bt_btm  : tBTM_SEC_DEV:0xf3fc44c8 rs_disc_pending=1
02-08 19:30:53.159 11651 11674 W bt_btif : bta_dm_check_av:0
02-08 19:30:53.159 11651 11667 W bt_btif : btif_dm_cback : unhandled event (14)
02-08 19:30:53.224 25576 25634 I jxcore-log: # test repeat write 1
02-08 19:30:53.224 25576 25634 I jxcore-log: 
02-08 19:30:53.388 25529 25529 I ServiceManager: Waiting for service AtCmdFwd...
02-08 19:30:54.378 25576 25634 I jxcore-log: 2017-02-08 16:30:54 - DEBUG thaliManager: 'starting thaliPullReplicationFromNotification'
02-08 19:30:54.378 25576 25634 I jxcore-log: 
02-08 19:30:54.380 25576 25634 I jxcore-log: 2017-02-08 16:30:54 - DEBUG thaliPullReplicationFromNotification: 'starting thaliPeerPoolInterface'
02-08 19:30:54.380 25576 25634 I jxcore-log: 
02-08 19:30:54.380 25576 25634 I jxcore-log: 2017-02-08 16:30:54 - DEBUG thaliManager: 'starting ThaliMobile'
02-08 19:30:54.380 25576 25634 I jxcore-log: 
02-08 19:30:54.389 25529 25529 I ServiceManager: Waiting for service AtCmdFwd...
02-08 19:30:54.394 25576 25634 I jxcore-log: 2017-02-08 16:30:54 - DEBUG thaliMobileNativeWrapper: 'listening 37245'
02-08 19:30:54.394 25576 25634 I jxcore-log: 
02-08 19:30:54.396 25576 25634 I jxcore-log: 2017-02-08 16:30:54 - DEBUG createNativeListener: 'Creating Native Server'
02-08 19:30:54.396 25576 25634 I jxcore-log: 
02-08 19:30:54.399 25576 25634 I jxcore-log: 2017-02-08 16:30:54 - DEBUG createNativeListener: 'listening 46325'
02-08 19:30:54.399 25576 25634 I jxcore-log: 
02-08 19:30:54.401 25576 25634 I jxcore-log: 2017-02-08 16:30:54 - DEBUG thaliManager: 'start listening for advertisements'
02-08 19:30:54.401 25576 25634 I jxcore-log: 
02-08 19:30:54.405 25576 25634 D io.jxcore.node.JXcoreExtension: startListeningForAdvertisements
02-08 19:30:54.408 25576 25634 I io.jxcore.node.ConnectionHelper: start: Port number: 48736, start advertisements: false
02-08 19:30:54.408 25576 25634 V io.jxcore.node.ConnectivityMonitor: start: Already started
02-08 19:30:54.408 25576 25634 V io.jxcore.node.StartStopOperation: isTargetState: Connectivity: NOT_STARTED, discovery: NOT_STARTED, is discovering: false, is advertising: false - Start operation: Should affect listening to advertisements only
02-08 19:30:54.409 25576 25634 V io.jxcore.node.StartStopOperationHandler: executeCurrentOperation: Executing: Start operation: Should affect listening to advertisements only
02-08 19:30:54.409 25576 25634 I org.thaliproject.p2p.btconnectorlib.DiscoveryManager: start: Discovery mode: BLE, start discovery: true, start advertiser: false
02-08 19:30:54.409 25576 25634 I org.thaliproject.p2p.btconnectorlib.internal.bluetooth.BluetoothManager: bind: Binding a new listener
02-08 19:30:54.409 25576 25634 I org.thaliproject.p2p.btconnectorlib.internal.wifi.WifiDirectManager: bind: Binding a new listener
02-08 19:30:54.412 25576 25634 D org.thaliproject.p2p.btconnectorlib.DiscoveryManager: startBlePeerDiscoverer
02-08 19:30:54.412 25576 25634 V io.jxcore.node.ConnectionHelper: Received a request for permission "android.permission.ACCESS_COARSE_LOCATION", but we are expecting that all the required permissions have already been granted
02-08 19:30:54.412 25576 25634 V org.thaliproject.p2p.btconnectorlib.DiscoveryManager: getBlePeerDiscovererInstanceAndCheckBluetoothMacAddress: Constructing...
02-08 19:30:54.415 25576 25634 D org.thaliproject.p2p.btconnectorlib.internal.bluetooth.le.BleAdvertiser: setAdvertiseSettings, Current thread: Thread[Thread-897,5,main], id: 897
02-08 19:30:54.415 25576 25634 I org.thaliproject.p2p.btconnectorlib.internal.bluetooth.le.BleAdvertiser: setAdvertiseSettings: Mode: 2, Tx power level: 3, timeout: 0, is connectable: false
02-08 19:30:54.416 25576 25634 D org.thaliproject.p2p.btconnectorlib.internal.bluetooth.le.BleScanner: applyAdditionalMarshmallowSettings
02-08 19:30:54.416 25576 25634 I org.thaliproject.p2p.btconnectorlib.internal.bluetooth.le.BleScanner: setScanSettings: Mode: 2, report delay in milliseconds: 500, scan result type: 0
02-08 19:30:54.416 25576 25634 D org.thaliproject.p2p.btconnectorlib.internal.bluetooth.le.BlePeerDiscoverer: Beacon extra: 2
02-08 19:30:54.418 25576 25634 D org.thaliproject.p2p.btconnectorlib.internal.bluetooth.le.BlePeerDiscoverer: startScanner: Current thread: Thread[Thread-897,5,main], id: 897
02-08 19:30:54.418 25576 25634 I org.thaliproject.p2p.btconnectorlib.internal.bluetooth.le.BlePeerDiscoverer: startScanner: Starting...
02-08 19:30:54.418 25576 25634 D org.thaliproject.p2p.btconnectorlib.internal.bluetooth.le.BlePeerDiscoveryUtils: createScanFilter: No service UUID, use manufacturer ID: true
02-08 19:30:54.418 25576 25634 D org.thaliproject.p2p.btconnectorlib.internal.bluetooth.le.BlePeerDiscoveryUtils: manufacturer ID: 61973
02-08 19:30:54.419 25576 25634 D org.thaliproject.p2p.btconnectorlib.internal.bluetooth.le.BlePeerDiscoveryUtils: createScanFilter: BluetoothLeScanFilter [mDeviceName=null, mDeviceAddress=null, mUuid=null, mUuidMask=null, mServiceDataUuid=null, mServiceData=null, mServiceDataMask=null, mManufacturerId=61973, mManufacturerData=null, mManufacturerDataMask=null]
02-08 19:30:54.419 25576 25634 D org.thaliproject.p2p.btconnectorlib.internal.bluetooth.le.BleScanner: start: Current thread: Thread[Thread-897,5,main], id: 897
02-08 19:30:54.419 25576 25634 D BluetoothAdapter: STATE_ON
02-08 19:30:54.421 11651 11702 D BtGatt.GattService: registerClient() - UUID=916e35d2-5e42-45c0-bdf6-93bc1e9fbd7f
02-08 19:30:54.421 11651 11667 D BtGatt.GattService: onClientRegistered() - UUID=916e35d2-5e42-45c0-bdf6-93bc1e9fbd7f, clientIf=5
02-08 19:30:54.421 25576 25589 D BluetoothLeScanner: onClientRegistered() - status=0 clientIf=5
02-08 19:30:54.422 11651 11703 D BtGatt.GattService: start scan with filters
02-08 19:30:54.425 25576 25634 D org.thaliproject.p2p.btconnectorlib.internal.bluetooth.le.BleScanner: start: scan started
02-08 19:30:54.425 25576 25634 D org.thaliproject.p2p.btconnectorlib.internal.bluetooth.le.BleScanner: set state: Current thread: Thread[Thread-897,5,main], id: 897
02-08 19:30:54.425 11651 11670 D BtGatt.ScanManager: handling starting scan
02-08 19:30:54.425 25576 25634 D org.thaliproject.p2p.btconnectorlib.internal.bluetooth.le.BleScanner: setState: State changed from NOT_STARTED to RUNNING
02-08 19:30:54.425 25576 25634 D org.thaliproject.p2p.btconnectorlib.internal.bluetooth.le.BleScanner: notifyScannerStateChanged: started =  true. Current thread: Thread[Thread-897,5,main], id: 897
02-08 19:30:54.425 25576 25634 D org.thaliproject.p2p.btconnectorlib.DiscoveryManager: startBlePeerDiscoverer: OK
02-08 19:30:54.426 25576 25576 I org.thaliproject.p2p.btconnectorlib.internal.bluetooth.le.BlePeerDiscoverer: onIsScannerStartedChanged: trueCurrent thread: Thread[main,5,main], id: 1
