02-08 19:30:51.830 19702 19763 D org.thaliproject.p2p.btconnectorlib.internal.bluetooth.le.BleScanner: stop finished, Current thread: Thread[Thread-2845,7,main], id: 2845
02-08 19:30:51.830 19702 19763 D org.thaliproject.p2p.btconnectorlib.internal.bluetooth.le.BlePeerDiscoverer: stopAdvertiser:Current thread: Thread[Thread-2845,7,main], id: 2845
02-08 19:30:51.830 19702 19763 I org.thaliproject.p2p.btconnectorlib.internal.bluetooth.le.BlePeerDiscoverer: stopAdvertiser: Stopping...
02-08 19:30:51.831 19702 19763 D org.thaliproject.p2p.btconnectorlib.internal.bluetooth.le.BleAdvertiser: stop. Current thread: Thread[Thread-2845,7,main], id: 2845
02-08 19:30:51.831 31626 31646 D BtGatt.AdvertiseManager: message : 1
02-08 19:30:51.832 31626 31646 D BtGatt.AdvertiseManager: stop advertise for client 6
02-08 19:30:51.832 31626 31643 D BtGatt.GattService: onScanFilterParamsConfigured() - clientIf=5, status=0, action=1, availableSpace=32
02-08 19:30:51.832 31626 31643 D BtGatt.ScanManager: callback done for clientIf - 5 status - 0
02-08 19:30:51.832 31626 31647 D BtGatt.ScanManager: stopping BLe Batch
02-08 19:30:51.835 31626 31643 D BtGatt.GattService: onBatchScanStartStopped() - clientIf=5, status=0, startStopAction=0
02-08 19:30:51.835 31626 31643 D BtGatt.ScanManager: callback done for clientIf - 5 status - 0
02-08 19:30:51.835 31626 31647 D BtGatt.ScanManager: flushPendingBatchResults - clientIf = 5
02-08 19:30:51.836 31626 31643 D BtGatt.GattService: onAdvertiseInstanceDisabled() - clientIf=6, status=0
02-08 19:30:51.836 31626 31643 D BtGatt.GattService: Client app is not null!
02-08 19:30:51.837 31626 31659 D BtGatt.GattService: unregisterClient() - clientIf=6
02-08 19:30:51.837 19702 19763 D org.thaliproject.p2p.btconnectorlib.internal.bluetooth.le.BleAdvertiser: stop: Stopped
02-08 19:30:51.837 19702 19763 D org.thaliproject.p2p.btconnectorlib.internal.bluetooth.le.BleAdvertiser: setState: current  = RUNNING, new = NOT_STARTEDCurrent thread: Thread[Thread-2845,7,main], id: 2845
02-08 19:30:51.837 19702 19763 D org.thaliproject.p2p.btconnectorlib.internal.bluetooth.le.BleAdvertiser: setState: State changed from RUNNING to NOT_STARTED
02-08 19:30:51.837 19702 19763 D org.thaliproject.p2p.btconnectorlib.internal.bluetooth.le.BleAdvertiser: notifyAdvertiserStateChanged: started =  false. Current thread: Thread[Thread-2845,7,main], id: 2845
02-08 19:30:51.838 19702 19763 D org.thaliproject.p2p.btconnectorlib.internal.bluetooth.le.BleAdvertiser: setState: finished Current thread: Thread[Thread-2845,7,main], id: 2845
02-08 19:30:51.838 19702 19763 D org.thaliproject.p2p.btconnectorlib.internal.bluetooth.le.BleAdvertiser: stop finished. Current thread: Thread[Thread-2845,7,main], id: 2845
02-08 19:30:51.838 19702 19763 D org.thaliproject.p2p.btconnectorlib.DiscoveryManager: stopBlePeerDiscoverer: Stopped
02-08 19:30:51.838 19702 19763 I org.thaliproject.p2p.btconnectorlib.internal.wifi.WifiDirectManager: release: No more listeners, de-initializing...
02-08 19:30:51.838 31626 31643 D BtGatt.GattService: onBatchScanReports() - clientIf=5, status=0, reportType=2, numRecords=0
02-08 19:30:51.838 31626 31643 D BtGatt.ScanManager: callback done for clientIf - 5 status - 0
02-08 19:30:51.839 19702 19763 D org.thaliproject.p2p.btconnectorlib.internal.bluetooth.BluetoothManager: release: 1 listener(s) left
02-08 19:30:51.839 19702 19763 I org.thaliproject.p2p.btconnectorlib.utils.PeerModel: clear
02-08 19:30:51.839 19702 19763 D org.thaliproject.p2p.btconnectorlib.DiscoveryManager: updateState: Current thread: Thread[Thread-2845,7,main], id: 2845
02-08 19:30:51.840 19702 19763 D org.thaliproject.p2p.btconnectorlib.DiscoveryManager: updateStateInternal Current thread: Thread[Thread-2845,7,main], id: 2845
02-08 19:30:51.840 19702 19763 D org.thaliproject.p2p.btconnectorlib.DiscoveryManager: updateState: State: NOT_STARTED, is discovering: false, is advertising: false
02-08 19:30:51.840 19702 19763 D org.thaliproject.p2p.btconnectorlib.DiscoveryManager: updateStateInternal finished Current thread: Thread[Thread-2845,7,main], id: 2845
02-08 19:30:51.840 19702 19763 D org.thaliproject.p2p.btconnectorlib.DiscoveryManager: updateState finished Current thread: Thread[Thread-2845,7,main], id: 2845
02-08 19:30:51.840 19702 19702 V io.jxcore.node.StartStopOperation: isTargetState: Connectivity: NOT_STARTED, discovery: NOT_STARTED, is discovering: false, is advertising: false - Stop operation: Should start/stop everything
02-08 19:30:51.840 19702 19702 D io.jxcore.node.StartStopOperationHandler: processCurrentOperationStatus: Operation successfully executed
02-08 19:30:51.840 19702 19702 D org.thaliproject.p2p.btconnectorlib.ConnectionManager: onIsServerStartedChanged: false
02-08 19:30:51.840 19702 19702 D org.thaliproject.p2p.btconnectorlib.ConnectionManager: updateState: mShouldBeStarted :  false, mIsServerStarted:  false
02-08 19:30:51.840 19702 19702 I org.thaliproject.p2p.btconnectorlib.DiscoveryManager: start: Discovery mode: BLE, start discovery: false, start advertiser: false
02-08 19:30:51.840 19702 19702 I org.thaliproject.p2p.btconnectorlib.DiscoveryManager: start: Discovery mode: BLE, start discovery: false, start advertiser: false
02-08 19:30:51.840 19702 19702 D org.thaliproject.p2p.btconnectorlib.internal.bluetooth.le.BleScanner: onBatchScanResults: results count  = 0. Current thread: Thread[main,5,main], id: 1
02-08 19:30:51.840 19702 19702 I org.thaliproject.p2p.btconnectorlib.internal.bluetooth.le.BlePeerDiscoverer: onIsScannerStartedChanged: falseCurrent thread: Thread[main,5,main], id: 1
02-08 19:30:51.841 19702 19702 D org.thaliproject.p2p.btconnectorlib.internal.bluetooth.le.BlePeerDiscoverer: updateState : Current thread: Thread[main,5,main], id: 1
02-08 19:30:51.841 19702 19702 D org.thaliproject.p2p.btconnectorlib.internal.bluetooth.le.BlePeerDiscoverer: updateState: deducedStateSet: [NOT_STARTED]
02-08 19:30:51.841 19702 19702 D org.thaliproject.p2p.btconnectorlib.internal.bluetooth.le.BlePeerDiscoverer: updateState: stateSet: [SCANNING, ADVERTISING]
02-08 19:30:51.841 19702 19702 D org.thaliproject.p2p.btconnectorlib.internal.bluetooth.le.BlePeerDiscoverer: Current thread: Thread[main,5,main], id: 1
02-08 19:30:51.841 19702 19702 D org.thaliproject.p2p.btconnectorlib.internal.bluetooth.le.BlePeerDiscoverer: updateState: State changed from [SCANNING, ADVERTISING] to [NOT_STARTED]Current thread: Thread[main,5,main], id: 1
02-08 19:30:51.841 19702 19702 D org.thaliproject.p2p.btconnectorlib.internal.bluetooth.le.BlePeerDiscoverer: update state finished. Current thread: Thread[main,5,main], id: 1
02-08 19:30:51.841 19702 19702 I org.thaliproject.p2p.btconnectorlib.internal.bluetooth.le.BlePeerDiscoverer: onIsAdvertiserStartedChanged: falseCurrent thread: Thread[main,5,main], id: 1
02-08 19:30:51.841 19702 19702 D org.thaliproject.p2p.btconnectorlib.internal.bluetooth.le.BlePeerDiscoverer: updateState : Current thread: Thread[main,5,main], id: 1
02-08 19:30:51.841 19702 19702 D org.thaliproject.p2p.btconnectorlib.internal.bluetooth.le.BlePeerDiscoverer: updateState: deducedStateSet: [NOT_STARTED]
02-08 19:30:51.841 19702 19702 D org.thaliproject.p2p.btconnectorlib.internal.bluetooth.le.BlePeerDiscoverer: updateState: stateSet: [NOT_STARTED]
02-08 19:30:51.841 19702 19702 D org.thaliproject.p2p.btconnectorlib.internal.bluetooth.le.BlePeerDiscoverer: Current thread: Thread[main,5,main], id: 1
02-08 19:30:51.841 19702 19702 D org.thaliproject.p2p.btconnectorlib.internal.bluetooth.le.BlePeerDiscoverer: update state finished. Current thread: Thread[main,5,main], id: 1
02-08 19:30:51.841 19702 19702 I io.jxcore.node.ConnectionHelper: onDiscoveryManagerStateChanged: State: NOT_STARTED, is discovering: false, is advertising: false
02-08 19:30:51.861 19702 19763 I jxcore-log: 2017-02-08 16:30:51 - DEBUG makeIntoCloseAllServer: 'closeAll called on server'
02-08 19:30:51.861 19702 19763 I jxcore-log: 
02-08 19:30:51.865 19702 19763 D io.jxcore.node.JXcoreExtension: stopAdvertisingAndListening
02-08 19:30:51.865 19702 19763 I io.jxcore.node.ConnectionHelper: stop: Stopping all activities and killing connections
02-08 19:30:51.865 19702 19763 V io.jxcore.node.StartStopOperation: isTargetState: Connectivity: NOT_STARTED, discovery: NOT_STARTED, is discovering: false, is advertising: false - Stop operation: Should start/stop everything
02-08 19:30:51.865 19702 19763 V io.jxcore.node.StartStopOperationHandler: executeCurrentOperation: The current state already matches the desired outcome of this operation, skipping...
02-08 19:30:51.875 19702 19763 I jxcore-log: 2017-02-08 16:30:51 - DEBUG thaliManager: 'stopping listening for advertisements'
02-08 19:30:51.875 19702 19763 I jxcore-log: 
02-08 19:30:51.879 19702 19763 D io.jxcore.node.JXcoreExtension: stopListeningForAdvertisements
02-08 19:30:51.880 19702 19763 I io.jxcore.node.ConnectionHelper: stop: Stopping only listening for advertisements
02-08 19:30:51.880 19702 19763 V io.jxcore.node.StartStopOperation: isTargetState: Connectivity: NOT_STARTED, discovery: NOT_STARTED, is discovering: false, is advertising: false - Stop operation: Should affect listening to advertisements only
02-08 19:30:51.880 19702 19763 V io.jxcore.node.StartStopOperationHandler: executeCurrentOperation: The current state already matches the desired outcome of this operation, skipping...
02-08 19:30:51.883 19702 19763 I jxcore-log: 2017-02-08 16:30:51 - DEBUG thaliManager: 'stopping ThaliMobile'
02-08 19:30:51.883 19702 19763 I jxcore-log: 
02-08 19:30:51.886 19702 19763 I jxcore-log: 2017-02-08 16:30:51 - DEBUG thaliMobile: 'Emitting peerAvailabilityChanged from emitPeerUnavailable {"peerIdentifier":"BC:75:74:3A:BD:0F","connectionType":"AndroidBluetooth","peerAvailable":false,"generation":null,"newAddressPort":null}'
02-08 19:30:51.886 19702 19763 I jxcore-log: 
02-08 19:30:51.886 19702 19763 I jxcore-log: 2017-02-08 16:30:51 - DEBUG thaliMobile: 'Emitting peerAvailabilityChanged from emitPeerUnavailable {"peerIdentifier":"BC:75:74:3A:BC:F8","connectionType":"AndroidBluetooth","peerAvailable":false,"generation":null,"newAddressPort":null}'
02-08 19:30:51.886 19702 19763 I jxcore-log: 
02-08 19:30:51.889 19702 19763 D io.jxcore.node.JXcoreExtension: stopAdvertisingAndListening
02-08 19:30:51.889 19702 19763 I io.jxcore.node.ConnectionHelper: stop: Stopping all activities and killing connections
02-08 19:30:51.889 19702 19763 V io.jxcore.node.StartStopOperation: isTargetState: Connectivity: NOT_STARTED, discovery: NOT_STARTED, is discovering: false, is advertising: false - Stop operation: Should start/stop everything
02-08 19:30:51.889 19702 19763 V io.jxcore.node.StartStopOperationHandler: executeCurrentOperation: The current state already matches the desired outcome of this operation, skipping...
02-08 19:30:51.891 19702 19763 D io.jxcore.node.JXcoreExtension: stopListeningForAdvertisements
02-08 19:30:51.891 19702 19763 I io.jxcore.node.ConnectionHelper: stop: Stopping only listening for advertisements
02-08 19:30:51.891 19702 19763 V io.jxcore.node.StartStopOperation: isTargetState: Connectivity: NOT_STARTED, discovery: NOT_STARTED, is discovering: false, is advertising: false - Stop operation: Should affect listening to advertisements only
02-08 19:30:51.891 19702 19763 V io.jxcore.node.StartStopOperationHandler: executeCurrentOperation: The current state already matches the desired outcome of this operation, skipping...
02-08 19:30:51.894 19702 19763 I jxcore-log: 2017-02-08 16:30:51 - DEBUG makeIntoCloseAllServer: 'closeAll called on server'
02-08 19:30:51.894 19702 19763 I jxcore-log: 
02-08 19:30:51.894 19702 19763 I jxcore-log: 2017-02-08 16:30:51 - DEBUG makeIntoCloseAllServer: 'closeAll called on server'
02-08 19:30:51.894 19702 19763 I jxcore-log: 
02-08 19:30:51.895 19702 19763 I jxcore-log: 2017-02-08 16:30:51 - DEBUG makeIntoCloseAllServer: 'closeAll called on server'
02-08 19:30:51.895 19702 19763 I jxcore-log: 
02-08 19:30:51.896 19702 19763 I jxcore-log: 2017-02-08 16:30:51 - DEBUG createNativeListener: 'Native Server - close'
02-08 19:30:51.896 19702 19763 I jxcore-log: 
02-08 19:30:51.899 19702 19763 I jxcore-log: 2017-02-08 16:30:51 - DEBUG makeIntoCloseAllServer: 'closeAll called on server'
02-08 19:30:51.899 19702 19763 I jxcore-log: 
02-08 19:30:51.907 19702 19763 I jxcore-log: # setup
02-08 19:30:51.907 19702 19763 I jxcore-log: 
02-08 19:30:51.924 19702 19763 I jxcore-log: # test repeat write 1
02-08 19:30:51.924 19702 19763 I jxcore-log: 
02-08 19:30:52.097 19702 19763 I jxcore-log: 2017-02-08 16:30:52 - DEBUG thaliManager: 'starting thaliPullReplicationFromNotification'
02-08 19:30:52.097 19702 19763 I jxcore-log: 
02-08 19:30:52.098 19702 19763 I jxcore-log: 2017-02-08 16:30:52 - DEBUG thaliPullReplicationFromNotification: 'starting thaliPeerPoolInterface'
02-08 19:30:52.098 19702 19763 I jxcore-log: 
02-08 19:30:52.099 19702 19763 I jxcore-log: 2017-02-08 16:30:52 - DEBUG thaliManager: 'starting ThaliMobile'
02-08 19:30:52.099 19702 19763 I jxcore-log: 
02-08 19:30:52.112 19702 19763 I jxcore-log: 2017-02-08 16:30:52 - DEBUG thaliMobileNativeWrapper: 'listening 49698'
02-08 19:30:52.112 19702 19763 I jxcore-log: 
02-08 19:30:52.114 19702 19763 I jxcore-log: 2017-02-08 16:30:52 - DEBUG createNativeListener: 'Creating Native Server'
02-08 19:30:52.114 19702 19763 I jxcore-log: 
02-08 19:30:52.117 19702 19763 I jxcore-log: 2017-02-08 16:30:52 - DEBUG createNativeListener: 'listening 47900'
02-08 19:30:52.117 19702 19763 I jxcore-log: 
02-08 19:30:52.120 19702 19763 I jxcore-log: 2017-02-08 16:30:52 - DEBUG thaliManager: 'start listening for advertisements'
02-08 19:30:52.120 19702 19763 I jxcore-log: 
02-08 19:30:52.124 19702 19763 D io.jxcore.node.JXcoreExtension: startListeningForAdvertisements
02-08 19:30:52.127 19702 19763 I io.jxcore.node.ConnectionHelper: start: Port number: 47227, start advertisements: false
02-08 19:30:52.128 19702 19763 V io.jxcore.node.ConnectivityMonitor: start: Already started
02-08 19:30:52.128 19702 19763 V io.jxcore.node.StartStopOperation: isTargetState: Connectivity: NOT_STARTED, discovery: NOT_STARTED, is discovering: false, is advertising: false - Start operation: Should affect listening to advertisements only
02-08 19:30:52.128 19702 19763 V io.jxcore.node.StartStopOperationHandler: executeCurrentOperation: Executing: Start operation: Should affect listening to advertisements only
02-08 19:30:52.128 19702 19763 I org.thaliproject.p2p.btconnectorlib.DiscoveryManager: start: Discovery mode: BLE, start discovery: true, start advertiser: false
02-08 19:30:52.128 19702 19763 I org.thaliproject.p2p.btconnectorlib.internal.bluetooth.BluetoothManager: bind: Binding a new listener
02-08 19:30:52.128 19702 19763 I org.thaliproject.p2p.btconnectorlib.internal.wifi.WifiDirectManager: bind: Binding a new listener
02-08 19:30:52.132 19702 19763 D org.thaliproject.p2p.btconnectorlib.DiscoveryManager: startBlePeerDiscoverer
02-08 19:30:52.132 19702 19763 V io.jxcore.node.ConnectionHelper: Received a request for permission "android.permission.ACCESS_COARSE_LOCATION", but we are expecting that all the required permissions have already been granted
02-08 19:30:52.132 19702 19763 V org.thaliproject.p2p.btconnectorlib.DiscoveryManager: getBlePeerDiscovererInstanceAndCheckBluetoothMacAddress: Constructing...
02-08 19:30:52.137 19702 19763 D org.thaliproject.p2p.btconnectorlib.internal.bluetooth.le.BleAdvertiser: setAdvertiseSettings, Current thread: Thread[Thread-2845,7,main], id: 2845
02-08 19:30:52.137 19702 19763 I org.thaliproject.p2p.btconnectorlib.internal.bluetooth.le.BleAdvertiser: setAdvertiseSettings: Mode: 2, Tx power level: 3, timeout: 0, is connectable: false
02-08 19:30:52.137 19702 19763 D org.thaliproject.p2p.btconnectorlib.internal.bluetooth.le.BleScanner: applyAdditionalMarshmallowSettings
02-08 19:30:52.137 19702 19763 I org.thaliproject.p2p.btconnectorlib.internal.bluetooth.le.BleScanner: setScanSettings: Mode: 2, report delay in milliseconds: 500, scan result type: 0
02-08 19:30:52.137 19702 19763 D org.thaliproject.p2p.btconnectorlib.internal.bluetooth.le.BlePeerDiscoverer: Beacon extra: 3
02-08 19:30:52.140 19702 19763 D org.thaliproject.p2p.btconnectorlib.internal.bluetooth.le.BlePeerDiscoverer: startScanner: Current thread: Thread[Thread-2845,7,main], id: 2845
02-08 19:30:52.140 19702 19763 I org.thaliproject.p2p.btconnectorlib.internal.bluetooth.le.BlePeerDiscoverer: startScanner: Starting...
02-08 19:30:52.140 19702 19763 D org.thaliproject.p2p.btconnectorlib.internal.bluetooth.le.BlePeerDiscoveryUtils: createScanFilter: No service UUID, use manufacturer ID: true
02-08 19:30:52.140 19702 19763 D org.thaliproject.p2p.btconnectorlib.internal.bluetooth.le.BlePeerDiscoveryUtils: manufacturer ID: 61973
02-08 19:30:52.140 19702 19763 D org.thaliproject.p2p.btconnectorlib.internal.bluetooth.le.BlePeerDiscoveryUtils: createScanFilter: BluetoothLeScanFilter [mDeviceName=null, mDeviceAddress=null, mUuid=null, mUuidMask=null, mServiceDataUuid=null, mServiceData=null, mServiceDataMask=null, mManufacturerId=61973, mManufacturerData=null, mManufacturerDataMask=null]
02-08 19:30:52.140 19702 19763 D org.thaliproject.p2p.btconnectorlib.internal.bluetooth.le.BleScanner: start: Current thread: Thread[Thread-2845,7,main], id: 2845
02-08 19:30:52.141 19702 19763 D BluetoothAdapter: STATE_ON
02-08 19:30:52.142 31626 31637 D BtGatt.GattService: registerClient() - UUID=cc3b61e4-9708-4397-944b-48ccae2cbd5d
02-08 19:30:52.143 31626 31643 D BtGatt.GattService: onClientRegistered() - UUID=cc3b61e4-9708-4397-944b-48ccae2cbd5d, clientIf=5
02-08 19:30:52.143 19702 19765 D BluetoothLeScanner: onClientRegistered() - status=0 clientIf=5
02-08 19:30:52.143 31626 31658 D BtGatt.GattService: start scan with filters
02-08 19:30:52.145 19702 19763 D org.thaliproject.p2p.btconnectorlib.internal.bluetooth.le.BleScanner: start: scan started
02-08 19:30:52.145 19702 19763 D org.thaliproject.p2p.btconnectorlib.internal.bluetooth.le.BleScanner: set state: Current thread: Thread[Thread-2845,7,main], id: 2845
02-08 19:30:52.145 31626 31647 D BtGatt.ScanManager: handling starting scan
02-08 19:30:52.145 19702 19763 D org.thaliproject.p2p.btconnectorlib.internal.bluetooth.le.BleScanner: setState: State changed from NOT_STARTED to RUNNING
02-08 19:30:52.145 19702 19763 D org.thaliproject.p2p.btconnectorlib.internal.bluetooth.le.BleScanner: notifyScannerStateChanged: started =  true. Current thread: Thread[Thread-2845,7,main], id: 2845
02-08 19:30:52.146 19702 19763 D org.thaliproject.p2p.btconnectorlib.DiscoveryManager: startBlePeerDiscoverer: OK
02-08 19:30:52.146 19702 19702 I org.thaliproject.p2p.btconnectorlib.internal.bluetooth.le.BlePeerDiscoverer: onIsScannerStartedChanged: trueCurrent thread: Thread[main,5,main], id: 1
02-08 19:30:52.146 19702 19702 D org.thaliproject.p2p.btconnectorlib.internal.bluetooth.le.BlePeerDiscoverer: updateState : Current thread: Thread[main,5,main], id: 1
02-08 19:30:52.146 19702 19702 D org.thaliproject.p2p.btconnectorlib.internal.bluetooth.le.BlePeerDiscoverer: updateState: deducedStateSet: [SCANNING]
02-08 19:30:52.146 19702 19702 D org.thaliproject.p2p.btconnectorlib.internal.bluetooth.le.BlePeerDiscoverer: updateState: stateSet: [NOT_STARTED]
02-08 19:30:52.146 19702 19702 D org.thaliproject.p2p.btconnectorlib.internal.bluetooth.le.BlePeerDiscoverer: Current thread: Thread[main,5,main], id: 1
02-08 19:30:52.146 19702 19702 D org.thaliproject.p2p.btconnectorlib.internal.bluetooth.le.BlePeerDiscoverer: updateState: State changed from [NOT_STARTED] to [SCANNING]Current thread: Thread[main,5,main], id: 1
02-08 19:30:52.147 19702 19702 D org.thaliproject.p2p.btconnectorlib.internal.bluetooth.le.BlePeerDiscoverer: update state finished. Current thread: Thread[main,5,main], id: 1
02-08 19:30:52.147 19702 19763 I org.thaliproject.p2p.btconnectorlib.DiscoveryManager: start: OK
02-08 19:30:52.147 19702 19702 I org.thaliproject.p2p.btconnectorlib.DiscoveryManager: onBlePeerDiscovererStateChanged: [SCANNING, ADVERTISING] -> [SCANNING] Current thread: Thread[main,5,main], id: 1
02-08 19:30:52.147 19702 19763 D org.thaliproject.p2p.btconnectorlib.DiscoveryManager: updateState: Current thread: Thread[Thread-2845,7,main], id: 2845
02-08 19:30:52.149 31626 31643 D BtGatt.GattService: onScanFilterEnableDisabled() - clientIf=5, status=0, action=1
02-08 19:30:52.149 31626 31643 D BtGatt.ScanManager: callback done for clientIf - 5 status - 0
02-08 19:30:52.149 19702 19763 D org.thaliproject.p2p.btconnectorlib.DiscoveryManager: updateStateInternal Current thread: Thread[Thread-2845,7,main], id: 2845
02-08 19:30:52.149 19702 19763 D org.thaliproject.p2p.btconnectorlib.DiscoveryManager: updateState: State: RUNNING_BLE, is discovering: true, is advertising: false
02-08 19:30:52.149 19702 19763 D org.thaliproject.p2p.btconnectorlib.DiscoveryManager: updateStateInternal finished Current thread: Thread[Thread-2845,7,main], id: 2845
02-08 19:30:52.149 31626 31647 D BtGatt.ScanManager: configureFilterParamter 1500 10000 4 0
02-08 19:30:52.149 19702 19763 D org.thaliproject.p2p.btconnectorlib.DiscoveryManager: updateState finished Current thread: Thread[Thread-2845,7,main], id: 2845
02-08 19:30:52.149 19702 19763 I io.jxcore.node.ConnectionHelper: start: OK
02-08 19:30:52.150 19702 19702 D org.thaliproject.p2p.btconnectorlib.DiscoveryManager: updateState: Current thread: Thread[main,5,main], id: 1
02-08 19:30:52.151 31626 31643 D BtGatt.GattService: onScanFilterParamsConfigured() - clientIf=5, status=0, action=0, availableSpace=31
02-08 19:30:52.151 31626 31643 D BtGatt.ScanManager: callback done for clientIf - 5 status - 0
02-08 19:30:52.152 31626 31647 D BtGatt.ScanManager: Starting BLE batch scan
02-08 19:30:52.152 31626 31647 D BtGatt.ScanManager: configuring batch scan storage, appIf 5
02-08 19:30:52.153 19702 19763 I jxcore-log: 2017-02-08 16:30:52 - INFO nodeSSDPClientLogger: '{ address: 'http://0.0.0.0:1900' } 'SSDP listening''
02-08 19:30:52.153 19702 19763 I jxcore-log: 
02-08 19:30:52.153 19702 19702 D org.thaliproject.p2p.btconnectorlib.DiscoveryManager: updateStateInternal Current thread: Thread[main,5,main], id: 1
02-08 19:30:52.154 19702 19702 D org.thaliproject.p2p.btconnectorlib.DiscoveryManager: updateStateInternal finished Current thread: Thread[main,5,main], id: 1
02-08 19:30:52.154 19702 19702 D org.thaliproject.p2p.btconnectorlib.DiscoveryManager: updateState finished Current thread: Thread[main,5,main], id: 1
02-08 19:30:52.154 19702 19702 I io.jxcore.node.ConnectionHelper: onDiscoveryManagerStateChanged: State: RUNNING_BLE, is discovering: true, is advertising: false
02-08 19:30:52.154 31626 31643 D BtGatt.GattService: onBatchScanStorageConfigured() - clientIf=5, status=0
02-08 19:30:52.154 19702 19763 I jxcore-log: 2017-02-08 16:30:52 - INFO nodeSSDPClientLogger: 'Socket bound'
02-08 19:30:52.154 19702 19763 I jxcore-log: 
02-08 19:30:52.154 31626 31643 D BtGatt.ScanManager: callback done for clientIf - 5 status - 0
02-08 19:30:52.156 31626 31643 D BtGatt.GattService: onBatchScanStartStopped() - clientIf=5, status=0, startStopAction=1
02-08 19:30:52.156 31626 31643 D BtGatt.ScanManager: callback done for clientIf - 5 status - 0
02-08 19:30:52.517   918  3733 I AccountManagerService: getTypesVisibleToCaller: isPermitted? true
02-08 19:30:52.523   918  3736 I AccountManagerService: getTypesVisibleToCaller: isPermitted? true
02-08 19:30:52.527  3702  4293 W ctxmgr  : [ContextSpecificAclFactory]LocationConsent failed, ULR opt-in status is: false, account#-1643878644#
02-08 19:30:52.527  3702  4293 W ctxmgr  : [AclManager]No 2 for (accnt=account#-1643878644#, com.google.android.gms(10012):UserLocationProducer, vrsn=10084000, 0, 3pPkg = null ,  3pMdlId = null). Was: 2 for 1, account#-1643878644#
02-08 19:30:52.529   918  3377 I AccountManagerService: getTypesVisibleToCaller: isPermitted? true
02-08 19:30:52.655 19702 19702 V io.jxcore.node.ConnectionHelper: Notifying discovery manager state change: is discovering: true, is advertising: false
02-08 19:30:52.656 19702 19702 V io.jxcore.node.StartStopOperation: isTargetState: Connectivity: NOT_STARTED, discovery: RUNNING_BLE, is discovering: true, is advertising: false - Start operation: Should affect listening to advertisements only
02-08 19:30:52.656 19702 19702 D io.jxcore.node.StartStopOperationHandler: processCurrentOperationStatus: Operation successfully executed
02-08 19:30:52.666 19702 19763 I jxcore-log: 2017-02-08 16:30:52 - DEBUG thaliManager: 'start update advertising and listening'
02-08 19:30:52.666 19702 19763 I jxcore-log: 
02-08 19:30:52.683 19702 19763 D io.jxcore.node.JXcoreExtension: startUpdateAdvertisingAndListening
02-08 19:30:52.687 19702 19763 I io.jxcore.node.ConnectionHelper: start: Port number: 47900, start advertisements: true
02-08 19:30:52.687 19702 19763 V io.jxcore.node.ConnectivityMonitor: start: Already started
02-08 19:30:52.687 19702 19763 I io.jxcore.node.StartStopOperationHandler: updateBeaconAdExtraInformation: New value: 4
02-08 19:30:52.687 19702 19763 I org.thaliproject.p2p.btconnectorlib.DiscoveryManagerSettings: setBeaconAdExtraInformation: 3 -> 4
02-08 19:30:52.688 19702 19763 I org.thaliproject.p2p.btconnectorlib.internal.AbstractBluetoothConnectivityAgent: clearIdentityString
02-08 19:30:52.692 19702 19763 I org.thaliproject.p2p.btconnectorlib.internal.AbstractBluetoothConnectivityAgent: verifyIdentityString: Identity string created: {"generation":4,"address":"24:00:BA:F9:9A:9F"}
02-08 19:30:52.692 19702 19763 D org.thaliproject.p2p.btconnectorlib.internal.bluetooth.BluetoothConnector: setIdentityString: {"generation":4,"address":"24:00:BA:F9:9A:9F"}
02-08 19:30:52.692 19702 19763 D org.thaliproject.p2p.btconnectorlib.DiscoveryManager: onAdvertiseScanSettingsChanged: Current thread: Thread[Thread-2845,7,main], id: 2845
02-08 19:30:52.693 19702 19763 I org.thaliproject.p2p.btconnectorlib.internal.bluetooth.le.BlePeerDiscoverer: applySettings:
02-08 19:30:52.693 19702 19763 I org.thaliproject.p2p.btconnectorlib.internal.bluetooth.le.BlePeerDiscoverer:     - Manufacturer ID: 61973
02-08 19:30:52.693 19702 19763 I org.thaliproject.p2p.btconnectorlib.internal.bluetooth.le.BlePeerDiscoverer:     - Beacon ad length and type: 533
02-08 19:30:52.693 19702 19763 I org.thaliproject.p2p.btconnectorlib.internal.bluetooth.le.BlePeerDiscoverer:     - Beacon ad extra information: 4
02-08 19:30:52.693 19702 19763 I org.thaliproject.p2p.btconnectorlib.internal.bluetooth.le.BlePeerDiscoverer:     - Advertisement data type: DO_NOT_CARE
02-08 19:30:52.693 19702 19763 I org.thaliproject.p2p.btconnectorlib.internal.bluetooth.le.BlePeerDiscoverer:     - Advertise mode: 2
02-08 19:30:52.693 19702 19763 I org.thaliproject.p2p.btconnectorlib.internal.bluetooth.le.BlePeerDiscoverer:     - Advertise TX power level: 3
02-08 19:30:52.693 19702 19763 I org.thaliproject.p2p.btconnectorlib.internal.bluetooth.le.BlePeerDiscoverer:     - Scan mode: 2
02-08 19:30:52.693 19702 19763 I org.thaliproject.p2p.btconnectorlib.internal.bluetooth.le.BlePeerDiscoverer:     - Scan report delay in milliseconds: 500
02-08 19:30:52.693 19702 19763 I org.thaliproject.p2p.btconnectorlib.internal.bluetooth.le.BlePeerDiscoverer:     - Current thread: Thread[Thread-2845,7,main], id: 2845
02-08 19:30:52.693 19702 19763 D org.thaliproject.p2p.btconnectorlib.internal.bluetooth.le.BlePeerDiscoverer: Beacon extra: 4
02-08 19:30:52.693 19702 19763 D org.thaliproject.p2p.btconnectorlib.internal.bluetooth.le.BlePeerDiscoverer: applySettings: advertiserWasStarted false Current thread: Thread[Thread-2845,7,main], id: 2845
02-08 19:30:52.693 19702 19763 D org.thaliproject.p2p.btconnectorlib.internal.bluetooth.le.BleAdvertiser: setAdvertiseSettings, Current thread: Thread[Thread-2845,7,main], id: 2845
02-08 19:30:52.693 19702 19763 I org.thaliproject.p2p.btconnectorlib.internal.bluetooth.le.BleAdvertiser: setAdvertiseSettings: Mode: 2, Tx power level: 3, timeout: 0, is connectable: false
02-08 19:30:52.693 19702 19763 D org.thaliproject.p2p.btconnectorlib.internal.bluetooth.le.BleScanner: applyAdditionalMarshmallowSettings
02-08 19:30:52.694 19702 19763 D org.thaliproject.p2p.btconnectorlib.internal.bluetooth.le.BlePeerDiscoverer: applySettings: scannerWasStarted true Current thread: Thread[Thread-2845,7,main], id: 2845
02-08 19:30:52.694 19702 19763 D org.thaliproject.p2p.btconnectorlib.internal.bluetooth.le.BlePeerDiscoverer: applySettings: stop scanner Current thread: Thread[Thread-2845,7,main], id: 2845
02-08 19:30:52.694 19702 19763 D org.thaliproject.p2p.btconnectorlib.internal.bluetooth.le.BleScanner: stop, Current thread: Thread[Thread-2845,7,main], id: 2845
02-08 19:30:52.695 19702 19763 D BluetoothAdapter: STATE_ON
02-08 19:30:52.696 31626 31679 D BtGatt.GattService: flushPendingBatchResults - clientIf=5, isServer=false
02-08 19:30:52.697 19702 19763 D org.thaliproject.p2p.btconnectorlib.internal.bluetooth.le.BleScanner: stop: scan results are flushed 
02-08 19:30:52.697 31626 31647 D BtGatt.ScanManager: flushPendingBatchResults - clientIf = 5
02-08 19:30:52.698 19702 19763 D BluetoothAdapter: STATE_ON
02-08 19:30:52.699 31626 31659 D BtGatt.GattService: stopScan() - queue size =1
02-08 19:30:52.699 31626 31643 D BtGatt.GattService: onBatchScanReports() - clientIf=5, status=0, reportType=2, numRecords=0
02-08 19:30:52.699 31626 31643 D BtGatt.ScanManager: callback done for clientIf - 5 status - 0
02-08 19:30:52.700 19702 19702 D org.thaliproject.p2p.btconnectorlib.internal.bluetooth.le.BleScanner: onBatchScanResults: results count  = 0. Current thread: Thread[main,5,main], id: 1
02-08 19:30:52.700 31626 31637 D BtGatt.GattService: unregisterClient() - clientIf=5
02-08 19:30:52.700 19702 19763 D org.thaliproject.p2p.btconnectorlib.internal.bluetooth.le.BleScanner: stop: Stopped
02-08 19:30:52.700 19702 19763 D org.thaliproject.p2p.btconnectorlib.internal.bluetooth.le.BleScanner: set state: Current thread: Thread[Thread-2845,7,main], id: 2845
02-08 19:30:52.700 19702 19763 D org.thaliproject.p2p.btconnectorlib.internal.bluetooth.le.BleScanner: setState: State changed from RUNNING to NOT_STARTED
02-08 19:30:52.701 19702 19763 D org.thaliproject.p2p.btconnectorlib.internal.bluetooth.le.BleScanner: stop finished, Current thread: Thread[Thread-2845,7,main], id: 2845
02-08 19:30:52.701 19702 19763 I org.thaliproject.p2p.btconnectorlib.internal.bluetooth.le.BleScanner: setScanSettings: Mode: 2, report delay in milliseconds: 500, scan result type: 0
02-08 19:30:52.701 19702 19763 D org.thaliproject.p2p.btconnectorlib.internal.bluetooth.le.BlePeerDiscoverer: applySettings: start scanner Current thread: Thread[Thread-2845,7,main], id: 2845
02-08 19:30:52.701 19702 19763 D org.thaliproject.p2p.btconnectorlib.internal.bluetooth.le.BlePeerDiscoverer: startScanner: Current thread: Thread[Thread-2845,7,main], id: 2845
02-08 19:30:52.701 19702 19763 I org.thaliproject.p2p.btconnectorlib.internal.bluetooth.le.BlePeerDiscoverer: startScanner: Starting...
02-08 19:30:52.701 19702 19763 D org.thaliproject.p2p.btconnectorlib.internal.bluetooth.le.BlePeerDiscoveryUtils: createScanFilter: No service UUID, use manufacturer ID: true
02-08 19:30:52.701 19702 19763 D org.thaliproject.p2p.btconnectorlib.internal.bluetooth.le.BlePeerDiscoveryUtils: manufacturer ID: 61973
02-08 19:30:52.701 19702 19763 D org.thaliproject.p2p.btconnectorlib.internal.bluetooth.le.BlePeerDiscoveryUtils: createScanFilter: BluetoothLeScanFilter [mDeviceName=null, mDeviceAddress=null, mUuid=null, mUuidMask=null, mServiceDataUuid=null, mServiceData=null, mServiceDataMask=null, mManufacturerId=61973, mManufacturerData=null, mManufacturerDataMask=null]
02-08 19:30:52.701 19702 19763 D org.thaliproject.p2p.btconnectorlib.internal.bluetooth.le.BleScanner: start: Current thread: Thread[Thread-2845,7,main], id: 2845
02-08 19:30:52.703 19702 19763 D BluetoothAdapter: STATE_ON
02-08 19:30:52.704 31626 31643 D BtGatt.GattService: onScanFilterParamsConfigured() - clientIf=5, status=0, action=1, availableSpace=32
02-08 19:30:52.704 31626 31643 D BtGatt.ScanManager: callback done for clientIf - 5 status - 0
02-08 19:30:52.704 31626 31647 D BtGatt.ScanManager: stopping BLe Batch
02-08 19:30:52.707 31626 31658 D BtGatt.GattService: registerClient() - UUID=22445f6f-4a6a-44bd-a358-622ced6dbb7b
02-08 19:30:52.707 31626 31643 D BtGatt.GattService: onClientRegistered() - UUID=22445f6f-4a6a-44bd-a358-622ced6dbb7b, clientIf=5
02-08 19:30:52.708 31626 31643 D BtGatt.GattService: onBatchScanStartStopped() - clientIf=5, status=0, startStopAction=0
02-08 19:30:52.708 31626 31643 D BtGatt.ScanManager: callback done for clientIf - 5 status - 0
02-08 19:30:52.708 19702 19713 D BluetoothLeScanner: onClientRegistered() - status=0 clientIf=5
02-08 19:30:52.709 31626 31659 D BtGatt.GattService: start scan with filters
02-08 19:30:52.712 31626 31647 D BtGatt.ScanManager: flushPendingBatchResults - clientIf = 5
02-08 19:30:52.713 19702 19763 D org.thaliproject.p2p.btconnectorlib.internal.bluetooth.le.BleScanner: start: scan started
02-08 19:30:52.713 19702 19763 D org.thaliproject.p2p.btconnectorlib.internal.bluetooth.le.BleScanner: set state: Current thread: Thread[Thread-2845,7,main], id: 2845
02-08 19:30:52.713 19702 19763 D org.thaliproject.p2p.btconnectorlib.internal.bluetooth.le.BleScanner: setState: State changed from NOT_STARTED to RUNNING
02-08 19:30:52.713 19702 19763 D org.thaliproject.p2p.btconnectorlib.internal.bluetooth.le.BleScanner: notifyScannerStateChanged: started =  true. Current thread: Thread[Thread-2845,7,main], id: 2845
02-08 19:30:52.713 19702 19763 D org.thaliproject.p2p.btconnectorlib.internal.bluetooth.le.BlePeerDiscoverer: applySettings: start scanner started = true Current thread: Thread[Thread-2845,7,main], id: 2845
02-08 19:30:52.713 19702 19702 I org.thaliproject.p2p.btconnectorlib.internal.bluetooth.le.BlePeerDiscoverer: onIsScannerStartedChanged: trueCurrent thread: Thread[main,5,main], id: 1
02-08 19:30:52.713 19702 19763 V io.jxcore.node.StartStopOperation: isTargetState: Connectivity: NOT_STARTED, discovery: RUNNING_BLE, is discovering: true, is advertising: false - Start operation: Should start/stop everything
02-08 19:30:52.714 19702 19702 D org.thaliproject.p2p.btconnectorlib.internal.bluetooth.le.BlePeerDiscoverer: updateState : Current thread: Thread[main,5,main], id: 1
02-08 19:30:52.714 19702 19763 V io.jxcore.node.StartStopOperationHandler: executeCurrentOperation: Executing: Start operation: Should start/stop everything
02-08 19:30:52.714 19702 19763 D org.thaliproject.p2p.btconnectorlib.ConnectionManager: startListeningForIncomingConnections
02-08 19:30:52.714 19702 19702 D org.thaliproject.p2p.btconnectorlib.internal.bluetooth.le.BlePeerDiscoverer: updateState: deducedStateSet: [SCANNING]
02-08 19:30:52.714 19702 19763 I org.thaliproject.p2p.btconnectorlib.internal.bluetooth.BluetoothManager: bind: Binding a new listener
02-08 19:30:52.714 19702 19702 D org.thaliproject.p2p.btconnectorlib.internal.bluetooth.le.BlePeerDiscoverer: updateState: stateSet: [SCANNING]
02-08 19:30:52.714 19702 19702 D org.thaliproject.p2p.btconnectorlib.internal.bluetooth.le.BlePeerDiscoverer: Current thread: Thread[main,5,main], id: 1
02-08 19:30:52.714 19702 19702 D org.thaliproject.p2p.btconnectorlib.internal.bluetooth.le.BlePeerDiscoverer: update state finished. Current thread: Thread[main,5,main], id: 1
02-08 19:30:52.714 31626 31643 D BtGatt.GattService: onBatchScanReports() - clientIf=5, status=0, reportType=2, numRecords=0
02-08 19:30:52.714 31626 31643 D BtGatt.ScanManager: callback done for clientIf - 5 status - 0
02-08 19:30:52.715 19702 19763 I org.thaliproject.p2p.btconnectorlib.internal.bluetooth.BluetoothConnector: startListeningForIncomingConnections: Starting...
02-08 19:30:52.716 19702 19763 D org.thaliproject.p2p.btconnectorlib.ConnectionManager: onIsServerStartedChanged: true
02-08 19:30:52.716 19702 19763 D org.thaliproject.p2p.btconnectorlib.ConnectionManager: updateState: mShouldBeStarted :  true, mIsServerStarted:  true
02-08 19:30:52.716 19702 19763 D org.thaliproject.p2p.btconnectorlib.ConnectionManager: setState: NOT_STARTED -> RUNNING
02-08 19:30:52.716 19702 19763 I org.thaliproject.p2p.btconnectorlib.ConnectionManager: startListeningForIncomingConnections: OK
02-08 19:30:52.716 19702 19702 I io.jxcore.node.ConnectionHelper: onConnectionManagerStateChanged: RUNNING
02-08 19:30:52.716 19702 19763 I org.thaliproject.p2p.btconnectorlib.DiscoveryManager: start: Discovery mode: BLE, start discovery: true, start advertiser: true
02-08 19:30:52.716 19702 19788 D org.thaliproject.p2p.btconnectorlib.internal.bluetooth.BluetoothServerThread: Entering thread
02-08 19:30:52.717 19702 19788 W BluetoothAdapter: getBluetoothService() called with no BluetoothManagerCallback
02-08 19:30:52.718 31626 31647 D BtGatt.ScanManager: handling starting scan
02-08 19:30:52.718 19702 19763 D org.thaliproject.p2p.btconnectorlib.DiscoveryManager: startBlePeerDiscoverer
02-08 19:30:52.718 19702 19763 V io.jxcore.node.ConnectionHelper: Received a request for permission "android.permission.ACCESS_COARSE_LOCATION", but we are expecting that all the required permissions have already been granted
02-08 19:30:52.719 19702 19788 I org.thaliproject.p2p.btconnectorlib.internal.bluetooth.BluetoothServerThread: Waiting for incoming connections...
02-08 19:30:52.719 31626 31643 D BtGatt.GattService: onScanFilterEnableDisabled() - clientIf=5, status=0, action=1
02-08 19:30:52.720 31626 31643 D BtGatt.ScanManager: callback done for clientIf - 5 status - 0
02-08 19:30:52.720 31626 31647 D BtGatt.ScanManager: configureFilterParamter 1500 10000 4 0
02-08 19:30:52.721 31626 31643 D BtGatt.GattService: onScanFilterParamsConfigured() - clientIf=5, status=0, action=0, availableSpace=31
02-08 19:30:52.721 31626 31643 D BtGatt.ScanManager: callback done for clientIf - 5 status - 0
02-08 19:30:52.721 31626 31647 D BtGatt.ScanManager: Starting BLE batch scan
02-08 19:30:52.721 31626 31647 D BtGatt.ScanManager: configuring batch scan storage, appIf 5
02-08 19:30:52.724 31626 31643 D BtGatt.GattService: onBatchScanStorageConfigured() - clientIf=5, status=0
02-08 19:30:52.724 31626 31643 D BtGatt.ScanManager: callback done for clientIf - 5 status - 0
02-08 19:30:52.725 31626 31643 D BtGatt.GattService: onBatchScanStartStopped() - clientIf=5, status=0, startStopAction=1
02-08 19:30:52.725 31626 31643 D BtGatt.ScanManager: callback done for clientIf - 5 status - 0
02-08 19:30:52.727 19702 19763 D org.thaliproject.p2p.btconnectorlib.internal.bluetooth.le.BlePeerDiscoverer: startScannerAndAdvertiser : Current thread: Thread[Thread-2845,7,main], id: 2845
02-08 19:30:52.727 19702 19763 D org.thaliproject.p2p.btconnectorlib.internal.bluetooth.le.BlePeerDiscoverer: startAdvertiser: Current thread: Thread[Thread-2845,7,main], id: 2845
02-08 19:30:52.727 19702 19763 D org.thaliproject.p2p.btconnectorlib.internal.bluetooth.le.BlePeerDiscoverer: stopPeerAddressHelperAdvertiser Current thread: Thread[Thread-2845,7,main], id: 2845
02-08 19:30:52.727 19702 19763 I org.thaliproject.p2p.btconnectorlib.internal.bluetooth.le.BlePeerDiscoverer: startAdvertiser: Starting...
02-08 19:30:52.727 19702 19763 D org.thaliproject.p2p.btconnectorlib.internal.bluetooth.le.BlePeerDiscoverer: createAdvertiseData: createAdvertiseDataToServiceData 
02-08 19:30:52.727 19702 19763 I org.thaliproject.p2p.btconnectorlib.internal.bluetooth.le.PeerAdvertisementFactory: createAdvertiseDataToServiceData: Service UUID: "3bde2124-2767-4930-8ad2-05754401b590", Bluetooth MAC address: "24:00:BA:F9:9A:9F"
02-08 19:30:52.727 19702 19763 V org.thaliproject.p2p.btconnectorlib.internal.bluetooth.le.PeerAdvertisementFactory: createAdvertiseDataToServiceData: Service data (length is 7 bytes): 04 24 00 BA F9 9A 9F
02-08 19:30:52.728 19702 19763 V org.thaliproject.p2p.btconnectorlib.internal.bluetooth.le.PeerAdvertisementFactory: createAdvertiseDataToServiceData: Created: AdvertiseData [mServiceUuids=[3bde2124-2767-4930-8ad2-05754401b590], mManufacturerSpecificData={}, mServiceData={3bde2124-2767-4930-8ad2-05754401b590=[4, 36, 0, -70, -7, -102, -97]}, mIncludeTxPowerLevel=false, mIncludeDeviceName=false]
02-08 19:30:52.728 19702 19763 I org.thaliproject.p2p.btconnectorlib.internal.bluetooth.le.BlePeerDiscoverer: createAdvertiseData: created AdvertiseData [mServiceUuids=[3bde2124-2767-4930-8ad2-05754401b590], mManufacturerSpecificData={}, mServiceData={3bde2124-2767-4930-8ad2-05754401b590=[4, 36, 0, -70, -7, -102, -97]}, mIncludeTxPowerLevel=false, mIncludeDeviceName=false]
02-08 19:30:52.728 19702 19763 D org.thaliproject.p2p.btconnectorlib.internal.bluetooth.le.BleAdvertiser: setAdvertiseData: Current thread: Thread[Thread-2845,7,main], id: 2845
02-08 19:30:52.728 19702 19763 D org.thaliproject.p2p.btconnectorlib.internal.bluetooth.le.BleAdvertiser: setAdvertiseData: AdvertiseData [mServiceUuids=[3bde2124-2767-4930-8ad2-05754401b590], mManufacturerSpecificData={}, mServiceData={3bde2124-2767-4930-8ad2-05754401b590=[4, 36, 0, -70, -7, -102, -97]}, mIncludeTxPowerLevel=false, mIncludeDeviceName=false]. Current thread: Thread[Thread-2845,7,main], id: 2845
02-08 19:30:52.728 19702 19763 D org.thaliproject.p2p.btconnectorlib.internal.bluetooth.le.BleAdvertiser: setAdvertiseData: was started = false
02-08 19:30:52.728 19702 19763 D org.thaliproject.p2p.btconnectorlib.internal.bluetooth.le.BleAdvertiser: setAdvertiseData: advertiseData = AdvertiseData [mServiceUuids=[3bde2124-2767-4930-8ad2-05754401b590], mManufacturerSpecificData={}, mServiceData={3bde2124-2767-4930-8ad2-05754401b590=[4, 36, 0, -70, -7, -102, -97]}, mIncludeTxPowerLevel=false, mIncludeDeviceName=false]
02-08 19:30:52.728 19702 19763 D org.thaliproject.p2p.btconnectorlib.internal.bluetooth.le.BleAdvertiser: setAdvertiseData finished: Current thread: Thread[Thread-2845,7,main], id: 2845
02-08 19:30:52.728 19702 19763 D org.thaliproject.p2p.btconnectorlib.internal.bluetooth.le.BleAdvertiser: start:  state = NOT_STARTEDCurrent thread: Thread[Thread-2845,7,main], id: 2845
02-08 19:30:52.728 19702 19763 I org.thaliproject.p2p.btconnectorlib.internal.bluetooth.le.BleAdvertiser: start: Starting... advertisement data = AdvertiseData [mServiceUuids=[3bde2124-2767-4930-8ad2-05754401b590], mManufacturerSpecificData={}, mServiceData={3bde2124-2767-4930-8ad2-05754401b590=[4, 36, 0, -70, -7, -102, -97]}, mIncludeTxPowerLevel=false, mIncludeDeviceName=false], Current thread: Thread[Thread-2845,7,main], id: 2845
02-08 19:30:52.729 19702 19763 D BluetoothAdapter: STATE_ON
02-08 19:30:52.732 31626 31638 D BtGatt.GattService: registerClient() - UUID=d3f5d159-5aa5-493c-a162-49b97dca0a62
02-08 19:30:52.732 31626 31643 D BtGatt.GattService: onClientRegistered() - UUID=d3f5d159-5aa5-493c-a162-49b97dca0a62, clientIf=6
02-08 19:30:52.733 19702 19765 D BluetoothLeAdvertiser: onClientRegistered() - status=0 clientIf=6
02-08 19:30:52.734 31626 31646 D BtGatt.AdvertiseManager: message : 0
02-08 19:30:52.736 31626 31646 D BtGatt.AdvertiseManager: starting multi advertising
02-08 19:30:52.739 31626 31643 D BtGatt.GattService: onAdvertiseInstanceEnabled() - clientIf=6, status=0
02-08 19:30:52.742 31626 31643 D BtGatt.GattService: onAdvertiseDataSet() - clientIf=6, status=0
02-08 19:30:52.743 19702 19763 I org.thaliproject.p2p.btconnectorlib.internal.bluetooth.le.BleAdvertiser: start: Started advertisment Current thread: Thread[Thread-2845,7,main], id: 2845
02-08 19:30:52.743 19702 19763 D org.thaliproject.p2p.btconnectorlib.internal.bluetooth.le.BleAdvertiser: setState: current  = NOT_STARTED, new = STARTINGCurrent thread: Thread[Thread-2845,7,main], id: 2845
02-08 19:30:52.743 19702 19763 D org.thaliproject.p2p.btconnectorlib.internal.bluetooth.le.BleAdvertiser: setState: State changed from NOT_STARTED to STARTING
02-08 19:30:52.743 19702 19763 D org.thaliproject.p2p.btconnectorlib.internal.bluetooth.le.BleAdvertiser: setState: onIsAdvertiserStartedChanged default (no call to listener). Current thread: Thread[Thread-2845,7,main], id: 2845
02-08 19:30:52.743 19702 19763 D org.thaliproject.p2p.btconnectorlib.internal.bluetooth.le.BleAdvertiser: setState: finished Current thread: Thread[Thread-2845,7,main], id: 2845
02-08 19:30:52.743 19702 19763 I org.thaliproject.p2p.btconnectorlib.internal.bluetooth.le.BleAdvertiser: start: return, state = STARTINGCurrent thread: Thread[Thread-2845,7,main], id: 2845
02-08 19:30:52.743 19702 19763 D org.thaliproject.p2p.btconnectorlib.internal.bluetooth.le.BleAdvertiser: start returned: Current thread: Thread[Thread-2845,7,main], id: 2845
02-08 19:30:52.743 19702 19763 D org.thaliproject.p2p.btconnectorlib.internal.bluetooth.le.BlePeerDiscoverer: startAdvertiser started = true Current thread: Thread[Thread-2845,7,main], id: 2845
02-08 19:30:52.743 19702 19763 D org.thaliproject.p2p.btconnectorlib.internal.bluetooth.le.BlePeerDiscoverer: startScannerAndAdvertiser: advertiser is started. Current thread: Thread[Thread-2845,7,main], id: 2845
02-08 19:30:52.743 19702 19763 D org.thaliproject.p2p.btconnectorlib.internal.bluetooth.le.BlePeerDiscoverer: startScanner: Current thread: Thread[Thread-2845,7,main], id: 2845
02-08 19:30:52.743 19702 19763 D org.thaliproject.p2p.btconnectorlib.internal.bluetooth.le.BleScanner: start: Current thread: Thread[Thread-2845,7,main], id: 2845
02-08 19:30:52.743 19702 19763 D org.thaliproject.p2p.btconnectorlib.internal.bluetooth.le.BleScanner: start: Already running
02-08 19:30:52.744 19702 19763 I org.thaliproject.p2p.btconnectorlib.internal.bluetooth.le.BlePeerDiscoverer: startScannerAndAdvertiser: adv = true, disc = true
02-08 19:30:52.744 19702 19763 D org.thaliproject.p2p.btconnectorlib.DiscoveryManager: startBlePeerDiscoverer: OK
02-08 19:30:52.745 19702 19763 I org.thaliproject.p2p.btconnectorlib.DiscoveryManager: start: OK
02-08 19:30:52.745 19702 19763 D org.thaliproject.p2p.btconnectorlib.DiscoveryManager: updateState: Current thread: Thread[Thread-2845,7,main], id: 2845
02-08 19:30:52.748 19702 19763 D org.thaliproject.p2p.btconnectorlib.DiscoveryManager: updateStateInternal Current thread: Thread[Thread-2845,7,main], id: 2845
02-08 19:30:52.748 19702 19763 D org.thaliproject.p2p.btconnectorlib.DiscoveryManager: updateStateInternal finished Current thread: Thread[Thread-2845,7,main], id: 2845
02-08 19:30:52.748 19702 19763 D org.thaliproject.p2p.btconnectorlib.DiscoveryManager: updateState finished Current thread: Thread[Thread-2845,7,main], id: 2845
02-08 19:30:52.748 19702 19763 I io.jxcore.node.ConnectionHelper: start: OK
02-08 19:30:52.748 19702 19702 V io.jxcore.node.StartStopOperation: isTargetState: Connectivity: RUNNING, discovery: RUNNING_BLE, is discovering: true, is advertising: false - Start operation: Should start/stop everything
02-08 19:30:52.748 19702 19702 D org.thaliproject.p2p.btconnectorlib.internal.bluetooth.le.BleAdvertiser: onStartSuccess : Current thread: Thread[main,5,main], id: 1
02-08 19:30:52.749 19702 19702 D org.thaliproject.p2p.btconnectorlib.internal.bluetooth.le.BleAdvertiser: setState: current  = STARTING, new = RUNNINGCurrent thread: Thread[main,5,main], id: 1
02-08 19:30:52.749 19702 19702 D org.thaliproject.p2p.btconnectorlib.internal.bluetooth.le.BleAdvertiser: setState: State changed from STARTING to RUNNING
02-08 19:30:52.749 19702 19702 D org.thaliproject.p2p.btconnectorlib.internal.bluetooth.le.BleAdvertiser: notifyAdvertiserStateChanged: started =  true. Current thread: Thread[main,5,main], id: 1
02-08 19:30:52.749 19702 19702 D org.thaliproject.p2p.btconnectorlib.internal.bluetooth.le.BleAdvertiser: setState: finished Current thread: Thread[main,5,main], id: 1
02-08 19:30:52.749 19702 19702 I org.thaliproject.p2p.btconnectorlib.internal.bluetooth.le.BlePeerDiscoverer: onIsAdvertiserStartedChanged: trueCurrent thread: Thread[main,5,main], id: 1
02-08 19:30:52.749 19702 19702 D org.thaliproject.p2p.btconnectorlib.internal.bluetooth.le.BlePeerDiscoverer: updateState : Current thread: Thread[main,5,main], id: 1
02-08 19:30:52.749 19702 19702 D org.thaliproject.p2p.btconnectorlib.internal.bluetooth.le.BlePeerDiscoverer: updateState: deducedStateSet: [SCANNING, ADVERTISING]
02-08 19:30:52.749 19702 19702 D org.thaliproject.p2p.btconnectorlib.internal.bluetooth.le.BlePeerDiscoverer: updateState: stateSet: [SCANNING]
02-08 19:30:52.749 19702 19702 D org.thaliproject.p2p.btconnectorlib.internal.bluetooth.le.BlePeerDiscoverer: Current thread: Thread[main,5,main], id: 1
02-08 19:30:52.749 19702 19702 D org.thaliproject.p2p.btconnectorlib.internal.bluetooth.le.BlePeerDiscoverer: updateState: State changed from [SCANNING] to [SCANNING, ADVERTISING]Current thread: Thread[main,5,main], id: 1
02-08 19:30:52.749 19702 19702 D org.thaliproject.p2p.btconnectorlib.internal.bluetooth.le.BlePeerDiscoverer: update state finished. Current thread: Thread[main,5,main], id: 1
02-08 19:30:52.749 19702 19702 I org.thaliproject.p2p.btconnectorlib.DiscoveryManager: onBlePeerDiscovererStateChanged: [SCANNING] -> [SCANNING, ADVERTISING] Current thread: Thread[main,5,main], id: 1
02-08 19:30:52.749 19702 19702 D org.thaliproject.p2p.btconnectorlib.DiscoveryManager: updateState: Current thread: Thread[main,5,main], id: 1
02-08 19:30:52.750 19702 19763 I jxcore-log: 2017-02-08 16:30:52 - DEBUG thaliWifiInfrastructure: 'listening 47656'
02-08 19:30:52.750 19702 19763 I jxcore-log: 
02-08 19:30:52.752 19702 19763 I jxcore-log: 2017-02-08 16:30:52 - INFO nodeSSDPServerLogger: '{ address: 'http://0.0.0.0:1900' } 'SSDP listening''
02-08 19:30:52.752 19702 19763 I jxcore-log: 
02-08 19:30:52.752 19702 19702 D org.thaliproject.p2p.btconnectorlib.DiscoveryManager: updateStateInternal Current thread: Thread[main,5,main], id: 1
02-08 19:30:52.752 19702 19702 D org.thaliproject.p2p.btconnectorlib.DiscoveryManager: updateState: State: RUNNING_BLE, is discovering: true, is advertising: true
