02-08 19:30:50.671 19702 19763 D org.thaliproject.p2p.btconnectorlib.internal.bluetooth.le.BlePeerDiscoverer: startAdvertiser started = true Current thread: Thread[Thread-2845,7,main], id: 2845
02-08 19:30:50.671 19702 19763 D org.thaliproject.p2p.btconnectorlib.internal.bluetooth.le.BlePeerDiscoverer: applySettings: start advertiser started = true Current thread: Thread[Thread-2845,7,main], id: 2845
02-08 19:30:50.671 19702 19702 D org.thaliproject.p2p.btconnectorlib.internal.bluetooth.le.BleAdvertiser: setState: current  = STARTING, new = RUNNINGCurrent thread: Thread[main,5,main], id: 1
02-08 19:30:50.671 19702 19763 D org.thaliproject.p2p.btconnectorlib.internal.bluetooth.le.BleScanner: applyAdditionalMarshmallowSettings
02-08 19:30:50.671 19702 19702 D org.thaliproject.p2p.btconnectorlib.internal.bluetooth.le.BleAdvertiser: setState: State changed from STARTING to RUNNING
02-08 19:30:50.671 19702 19763 D org.thaliproject.p2p.btconnectorlib.internal.bluetooth.le.BlePeerDiscoverer: applySettings: scannerWasStarted true Current thread: Thread[Thread-2845,7,main], id: 2845
02-08 19:30:50.671 19702 19763 D org.thaliproject.p2p.btconnectorlib.internal.bluetooth.le.BlePeerDiscoverer: applySettings: stop scanner Current thread: Thread[Thread-2845,7,main], id: 2845
02-08 19:30:50.671 19702 19702 D org.thaliproject.p2p.btconnectorlib.internal.bluetooth.le.BleAdvertiser: notifyAdvertiserStateChanged: started =  true. Current thread: Thread[main,5,main], id: 1
02-08 19:30:50.671 19702 19763 D org.thaliproject.p2p.btconnectorlib.internal.bluetooth.le.BleScanner: stop, Current thread: Thread[Thread-2845,7,main], id: 2845
02-08 19:30:50.671 19702 19702 D org.thaliproject.p2p.btconnectorlib.internal.bluetooth.le.BleAdvertiser: setState: finished Current thread: Thread[main,5,main], id: 1
02-08 19:30:50.671 19702 19702 I org.thaliproject.p2p.btconnectorlib.internal.bluetooth.le.BlePeerDiscoverer: onIsAdvertiserStartedChanged: trueCurrent thread: Thread[main,5,main], id: 1
02-08 19:30:50.671 19702 19702 D org.thaliproject.p2p.btconnectorlib.internal.bluetooth.le.BlePeerDiscoverer: updateState : Current thread: Thread[main,5,main], id: 1
02-08 19:30:50.671 19702 19763 D BluetoothAdapter: STATE_ON
02-08 19:30:50.671 19702 19702 D org.thaliproject.p2p.btconnectorlib.internal.bluetooth.le.BlePeerDiscoverer: updateState: deducedStateSet: [SCANNING, ADVERTISING]
02-08 19:30:50.671 31626 31659 D BtGatt.GattService: flushPendingBatchResults - clientIf=5, isServer=false
02-08 19:30:50.671 19702 19702 D org.thaliproject.p2p.btconnectorlib.internal.bluetooth.le.BlePeerDiscoverer: updateState: stateSet: [SCANNING, ADVERTISING]
02-08 19:30:50.672 19702 19702 D org.thaliproject.p2p.btconnectorlib.internal.bluetooth.le.BlePeerDiscoverer: Current thread: Thread[main,5,main], id: 1
02-08 19:30:50.672 19702 19763 D org.thaliproject.p2p.btconnectorlib.internal.bluetooth.le.BleScanner: stop: scan results are flushed 
02-08 19:30:50.672 19702 19702 D org.thaliproject.p2p.btconnectorlib.internal.bluetooth.le.BlePeerDiscoverer: update state finished. Current thread: Thread[main,5,main], id: 1
02-08 19:30:50.672 31626 31647 D BtGatt.ScanManager: flushPendingBatchResults - clientIf = 5
02-08 19:30:50.672 19702 19763 D BluetoothAdapter: STATE_ON
02-08 19:30:50.673 31626 31643 D BtGatt.GattService: onBatchScanReports() - clientIf=5, status=0, reportType=2, numRecords=0
02-08 19:30:50.673 31626 31658 D BtGatt.GattService: stopScan() - queue size =1
02-08 19:30:50.673 31626 31643 D BtGatt.ScanManager: callback done for clientIf - 5 status - 0
02-08 19:30:50.674 19702 19702 D org.thaliproject.p2p.btconnectorlib.internal.bluetooth.le.BleScanner: onBatchScanResults: results count  = 0. Current thread: Thread[main,5,main], id: 1
02-08 19:30:50.674 31626 31679 D BtGatt.GattService: unregisterClient() - clientIf=5
02-08 19:30:50.674 19702 19763 D org.thaliproject.p2p.btconnectorlib.internal.bluetooth.le.BleScanner: stop: Stopped
02-08 19:30:50.674 19702 19763 D org.thaliproject.p2p.btconnectorlib.internal.bluetooth.le.BleScanner: set state: Current thread: Thread[Thread-2845,7,main], id: 2845
02-08 19:30:50.675 19702 19763 D org.thaliproject.p2p.btconnectorlib.internal.bluetooth.le.BleScanner: setState: State changed from RUNNING to NOT_STARTED
02-08 19:30:50.675 19702 19763 D org.thaliproject.p2p.btconnectorlib.internal.bluetooth.le.BleScanner: stop finished, Current thread: Thread[Thread-2845,7,main], id: 2845
02-08 19:30:50.675 19702 19763 I org.thaliproject.p2p.btconnectorlib.internal.bluetooth.le.BleScanner: setScanSettings: Mode: 2, report delay in milliseconds: 500, scan result type: 0
02-08 19:30:50.675 19702 19763 D org.thaliproject.p2p.btconnectorlib.internal.bluetooth.le.BlePeerDiscoverer: applySettings: start scanner Current thread: Thread[Thread-2845,7,main], id: 2845
02-08 19:30:50.675 19702 19763 D org.thaliproject.p2p.btconnectorlib.internal.bluetooth.le.BlePeerDiscoverer: startScanner: Current thread: Thread[Thread-2845,7,main], id: 2845
02-08 19:30:50.675 19702 19763 I org.thaliproject.p2p.btconnectorlib.internal.bluetooth.le.BlePeerDiscoverer: startScanner: Starting...
02-08 19:30:50.675 19702 19763 D org.thaliproject.p2p.btconnectorlib.internal.bluetooth.le.BlePeerDiscoveryUtils: createScanFilter: No service UUID, use manufacturer ID: true
02-08 19:30:50.675 19702 19763 D org.thaliproject.p2p.btconnectorlib.internal.bluetooth.le.BlePeerDiscoveryUtils: manufacturer ID: 61973
02-08 19:30:50.675 19702 19763 D org.thaliproject.p2p.btconnectorlib.internal.bluetooth.le.BlePeerDiscoveryUtils: createScanFilter: BluetoothLeScanFilter [mDeviceName=null, mDeviceAddress=null, mUuid=null, mUuidMask=null, mServiceDataUuid=null, mServiceData=null, mServiceDataMask=null, mManufacturerId=61973, mManufacturerData=null, mManufacturerDataMask=null]
02-08 19:30:50.675 19702 19763 D org.thaliproject.p2p.btconnectorlib.internal.bluetooth.le.BleScanner: start: Current thread: Thread[Thread-2845,7,main], id: 2845
02-08 19:30:50.676 19702 19763 D BluetoothAdapter: STATE_ON
02-08 19:30:50.676 31626 31643 D BtGatt.GattService: onScanFilterParamsConfigured() - clientIf=5, status=0, action=1, availableSpace=32
02-08 19:30:50.676 31626 31643 D BtGatt.ScanManager: callback done for clientIf - 5 status - 0
02-08 19:30:50.676 31626 31647 D BtGatt.ScanManager: stopping BLe Batch
02-08 19:30:50.677 31626 31637 D BtGatt.GattService: registerClient() - UUID=1e04c3e3-f619-4b22-8649-48a265554339
02-08 19:30:50.677 31626 31643 D BtGatt.GattService: onClientRegistered() - UUID=1e04c3e3-f619-4b22-8649-48a265554339, clientIf=5
02-08 19:30:50.678 31626 31643 D BtGatt.GattService: onBatchScanStartStopped() - clientIf=5, status=0, startStopAction=0
02-08 19:30:50.678 31626 31643 D BtGatt.ScanManager: callback done for clientIf - 5 status - 0
02-08 19:30:50.678 19702 19712 D BluetoothLeScanner: onClientRegistered() - status=0 clientIf=5
02-08 19:30:50.678 31626 31647 D BtGatt.ScanManager: flushPendingBatchResults - clientIf = 5
02-08 19:30:50.678 31626 31658 D BtGatt.GattService: start scan with filters
02-08 19:30:50.679 31626 31643 D BtGatt.GattService: onBatchScanReports() - clientIf=5, status=0, reportType=2, numRecords=0
02-08 19:30:50.679 31626 31643 D BtGatt.ScanManager: callback done for clientIf - 5 status - 0
02-08 19:30:50.681 19702 19763 D org.thaliproject.p2p.btconnectorlib.internal.bluetooth.le.BleScanner: start: scan started
02-08 19:30:50.681 19702 19763 D org.thaliproject.p2p.btconnectorlib.internal.bluetooth.le.BleScanner: set state: Current thread: Thread[Thread-2845,7,main], id: 2845
02-08 19:30:50.681 19702 19763 D org.thaliproject.p2p.btconnectorlib.internal.bluetooth.le.BleScanner: setState: State changed from NOT_STARTED to RUNNING
02-08 19:30:50.681 19702 19763 D org.thaliproject.p2p.btconnectorlib.internal.bluetooth.le.BleScanner: notifyScannerStateChanged: started =  true. Current thread: Thread[Thread-2845,7,main], id: 2845
02-08 19:30:50.681 19702 19763 D org.thaliproject.p2p.btconnectorlib.internal.bluetooth.le.BlePeerDiscoverer: applySettings: start scanner started = true Current thread: Thread[Thread-2845,7,main], id: 2845
02-08 19:30:50.681 19702 19763 V io.jxcore.node.StartStopOperation: isTargetState: Connectivity: RUNNING, discovery: RUNNING_BLE, is discovering: true, is advertising: true - Start operation: Should start/stop everything
02-08 19:30:50.681 19702 19763 V io.jxcore.node.StartStopOperationHandler: executeCurrentOperation: The current state already matches the desired outcome of this operation, skipping...
02-08 19:30:50.681 19702 19763 I io.jxcore.node.ConnectionHelper: start: OK
02-08 19:30:50.681 19702 19702 I org.thaliproject.p2p.btconnectorlib.internal.bluetooth.le.BlePeerDiscoverer: onIsScannerStartedChanged: trueCurrent thread: Thread[main,5,main], id: 1
02-08 19:30:50.681 19702 19702 D org.thaliproject.p2p.btconnectorlib.internal.bluetooth.le.BlePeerDiscoverer: updateState : Current thread: Thread[main,5,main], id: 1
02-08 19:30:50.681 19702 19702 D org.thaliproject.p2p.btconnectorlib.internal.bluetooth.le.BlePeerDiscoverer: updateState: deducedStateSet: [SCANNING, ADVERTISING]
02-08 19:30:50.681 19702 19702 D org.thaliproject.p2p.btconnectorlib.internal.bluetooth.le.BlePeerDiscoverer: updateState: stateSet: [SCANNING, ADVERTISING]
02-08 19:30:50.681 19702 19702 D org.thaliproject.p2p.btconnectorlib.internal.bluetooth.le.BlePeerDiscoverer: Current thread: Thread[main,5,main], id: 1
02-08 19:30:50.682 19702 19702 D org.thaliproject.p2p.btconnectorlib.internal.bluetooth.le.BlePeerDiscoverer: update state finished. Current thread: Thread[main,5,main], id: 1
02-08 19:30:50.682 31626 31647 D BtGatt.ScanManager: handling starting scan
02-08 19:30:50.684 31626 31643 D BtGatt.GattService: onScanFilterEnableDisabled() - clientIf=5, status=0, action=1
02-08 19:30:50.684 31626 31643 D BtGatt.ScanManager: callback done for clientIf - 5 status - 0
02-08 19:30:50.685 31626 31647 D BtGatt.ScanManager: configureFilterParamter 1500 10000 4 0
02-08 19:30:50.686 31626 31643 D BtGatt.GattService: onScanFilterParamsConfigured() - clientIf=5, status=0, action=0, availableSpace=31
02-08 19:30:50.686 31626 31643 D BtGatt.ScanManager: callback done for clientIf - 5 status - 0
02-08 19:30:50.686 31626 31647 D BtGatt.ScanManager: Starting BLE batch scan
02-08 19:30:50.687 31626 31647 D BtGatt.ScanManager: configuring batch scan storage, appIf 5
02-08 19:30:50.688 31626 31643 D BtGatt.GattService: onBatchScanStorageConfigured() - clientIf=5, status=0
02-08 19:30:50.688 31626 31643 D BtGatt.ScanManager: callback done for clientIf - 5 status - 0
02-08 19:30:50.690 31626 31643 D BtGatt.GattService: onBatchScanStartStopped() - clientIf=5, status=0, startStopAction=1
02-08 19:30:50.690 31626 31643 D BtGatt.ScanManager: callback done for clientIf - 5 status - 0
02-08 19:30:50.705 19702 19763 I jxcore-log: 2017-02-08 16:30:50 - INFO nodeSSDPServerLogger: '{ address: 'http://0.0.0.0:1900' } 'SSDP listening''
02-08 19:30:50.705 19702 19763 I jxcore-log: 
02-08 19:30:50.705 19702 19763 I jxcore-log: 2017-02-08 16:30:50 - INFO nodeSSDPServerLogger: 'UDP socket bound'
02-08 19:30:50.705 19702 19763 I jxcore-log: 
02-08 19:30:50.706 19702 19763 I jxcore-log: 2017-02-08 16:30:50 - INFO nodeSSDPServerLogger: 'Socket bound'
02-08 19:30:50.706 19702 19763 I jxcore-log: 
02-08 19:30:50.738 19702 19763 I jxcore-log: ok 3 OK
02-08 19:30:50.738 19702 19763 I jxcore-log: 
02-08 19:30:50.759 19702 19763 I jxcore-log: 2017-02-08 16:30:50 - DEBUG thaliWifiInfrastructure: 'Emitting wifiPeerAvailabilityChanged {"peerIdentifier":"ffb16151-8335-49bc-a0c8-b1cb5f128557","generation":2,"hostAddress":"192.168.2.2","portNumber":41566}'
02-08 19:30:50.759 19702 19763 I jxcore-log: 
02-08 19:30:50.774 31626 31651 E bt_btm  : tBTM_SEC_DEV:0xe902e8a0 rs_disc_pending=1
02-08 19:30:50.774 31626 31651 W bt_btif : bta_dm_check_av:0
02-08 19:30:50.774 31626 31643 W bt_btif : btif_dm_cback : unhandled event (14)
02-08 19:30:50.781 19702 19763 I jxcore-log: # teardown
02-08 19:30:50.781 19702 19763 I jxcore-log: 
02-08 19:30:50.858 19702 19763 I jxcore-log: 2017-02-08 16:30:50 - DEBUG thaliWifiInfrastructure: 'Emitting wifiPeerAvailabilityChanged {"peerIdentifier":"732bf25d-774c-4f71-a408-4bb832a55083","generation":2,"hostAddress":"192.168.2.3","portNumber":42122}'
02-08 19:30:50.858 19702 19763 I jxcore-log: 
02-08 19:30:50.892 19702 19763 I jxcore-log: 2017-02-08 16:30:50 - DEBUG thaliReplicationPeerAction: 'Got error on replication -  500 socket hang up'
02-08 19:30:50.892 19702 19763 I jxcore-log: 
02-08 19:30:50.893 19702 19763 I jxcore-log: 2017-02-08 16:30:50 - DEBUG thaliReplicationPeerAction: 'We called _complete with error: socket hang up  and it caused us to complete'
02-08 19:30:50.893 19702 19763 I jxcore-log: 
02-08 19:30:50.896 19702 19763 I jxcore-log: 2017-02-08 16:30:50 - DEBUG thaliPeerPoolDefault: 'Got err  500 Could establish TCP connection but couldn't keep it running'
02-08 19:30:50.896 19702 19763 I jxcore-log: 
02-08 19:30:50.914 19702 19763 I jxcore-log: 2017-02-08 16:30:50 - DEBUG localSeqManager: 'Got an error trying to update seq {"code":"ECONNREFUSED","errno":"ECONNREFUSED","syscall":"connect","status":500}'
02-08 19:30:50.914 19702 19763 I jxcore-log: 
02-08 19:30:50.915 19702 19763 I jxcore-log: 2017-02-08 16:30:50 - DEBUG thaliReplicationPeerAction: 'Got error in update: 500 connect ECONNREFUSED, but we are already killed and so we ignored it'
02-08 19:30:50.915 19702 19763 I jxcore-log: 
02-08 19:30:50.965 19702 19763 I jxcore-log: 2017-02-08 16:30:50 - DEBUG localSeqManager: 'Got an error trying to update seq {"code":"ECONNRESET","status":500}'
02-08 19:30:50.965 19702 19763 I jxcore-log: 
02-08 19:30:50.966 19702 19763 I jxcore-log: 2017-02-08 16:30:50 - DEBUG thaliReplicationPeerAction: 'Got error in update: 500 socket hang up -1, waiting for main loop to detect and handle'
02-08 19:30:50.966 19702 19763 I jxcore-log: 
02-08 19:30:50.967 19702 19763 I jxcore-log: 2017-02-08 16:30:50 - DEBUG thaliReplicationPeerAction: 'Got error on replication -  500 connect ECONNREFUSED'
02-08 19:30:50.967 19702 19763 I jxcore-log: 
02-08 19:30:50.967 19702 19763 I jxcore-log: 2017-02-08 16:30:50 - DEBUG thaliReplicationPeerAction: 'We called _complete with error: connect ECONNREFUSED  and it caused us to complete'
02-08 19:30:50.967 19702 19763 I jxcore-log: 
02-08 19:30:50.969 19702 19763 I jxcore-log: 2017-02-08 16:30:50 - DEBUG thaliPeerPoolDefault: 'Got err  500 Could not establish TCP connection'
02-08 19:30:50.969 19702 19763 I jxcore-log: 
02-08 19:30:50.973 19702 19763 I jxcore-log: 2017-02-08 16:30:50 - DEBUG thaliWifiInfrastructure: 'Emitting wifiPeerAvailabilityChanged {"peerIdentifier":"732bf25d-774c-4f71-a408-4bb832a55083","generation":2,"portNumber":null,"hostAddress":null}'
02-08 19:30:50.973 19702 19763 I jxcore-log: 
02-08 19:30:50.974 19702 19763 I jxcore-log: 2017-02-08 16:30:50 - DEBUG thaliMobile: 'Emitting peerAvailabilityChanged from handlePeer {"peerIdentifier":"732bf25d-774c-4f71-a408-4bb832a55083","connectionType":"tcp","peerAvailable":false,"generation":2,"newAddressPort":null}'
02-08 19:30:50.974 19702 19763 I jxcore-log: 
02-08 19:30:50.974 19702 19763 I jxcore-log: 2017-02-08 16:30:50 - WARN thaliNotificationClient: 'peer is not available'
02-08 19:30:50.974 19702 19763 I jxcore-log: 
02-08 19:30:50.977 19702 19763 I jxcore-log: 2017-02-08 16:30:50 - DEBUG thaliWifiInfrastructure: 'Emitting wifiPeerAvailabilityChanged {"peerIdentifier":"ffb16151-8335-49bc-a0c8-b1cb5f128557","generation":2,"portNumber":null,"hostAddress":null}'
02-08 19:30:50.977 19702 19763 I jxcore-log: 
02-08 19:30:50.977 19702 19763 I jxcore-log: 2017-02-08 16:30:50 - DEBUG thaliMobile: 'Emitting peerAvailabilityChanged from handlePeer {"peerIdentifier":"ffb16151-8335-49bc-a0c8-b1cb5f128557","connectionType":"tcp","peerAvailable":false,"generation":2,"newAddressPort":null}'
02-08 19:30:50.977 19702 19763 I jxcore-log: 
02-08 19:30:50.977 19702 19763 I jxcore-log: 2017-02-08 16:30:50 - WARN thaliNotificationClient: 'peer is not available'
02-08 19:30:50.977 19702 19763 I jxcore-log: 
02-08 19:30:50.979 19702 19763 I jxcore-log: 2017-02-08 16:30:50 - DEBUG thaliReplicationPeerAction: 'Got error on replication -  500 connect ECONNREFUSED'
02-08 19:30:50.979 19702 19763 I jxcore-log: 
02-08 19:30:50.979 19702 19763 I jxcore-log: 2017-02-08 16:30:50 - DEBUG thaliReplicationPeerAction: 'We called _complete with error: connect ECONNREFUSED  and it caused us to complete'
02-08 19:30:50.979 19702 19763 I jxcore-log: 
02-08 19:30:50.981 19702 19763 I jxcore-log: 2017-02-08 16:30:50 - DEBUG thaliPeerPoolDefault: 'Got err  500 Could not establish TCP connection'
02-08 19:30:50.981 19702 19763 I jxcore-log: 
02-08 19:30:50.984 19702 19763 I jxcore-log: 2017-02-08 16:30:50 - DEBUG thaliReplicationPeerAction: 'Got error on replication -  500 connect ECONNREFUSED'
02-08 19:30:50.984 19702 19763 I jxcore-log: 
02-08 19:30:50.985 19702 19763 I jxcore-log: 2017-02-08 16:30:50 - DEBUG thaliReplicationPeerAction: 'We called _complete with error: connect ECONNREFUSED  and it caused us to complete'
02-08 19:30:50.985 19702 19763 I jxcore-log: 
02-08 19:30:50.986 19702 19763 I jxcore-log: 2017-02-08 16:30:50 - DEBUG thaliPeerPoolDefault: 'Got err  500 Could not establish TCP connection'
02-08 19:30:50.986 19702 19763 I jxcore-log: 
02-08 19:30:51.606 19702 19763 I jxcore-log: 2017-02-08 16:30:51 - DEBUG thaliSendNotificationBasedOnReplication: 'We must have stopped because we are complete -{"status":"cancelled"}'
02-08 19:30:51.606 19702 19763 I jxcore-log: 
02-08 19:30:51.733 19702 19763 D io.jxcore.node.JXcoreExtension: startUpdateAdvertisingAndListening
02-08 19:30:51.737 19702 19763 I io.jxcore.node.ConnectionHelper: start: Port number: 47227, start advertisements: true
02-08 19:30:51.737 19702 19763 V io.jxcore.node.ConnectivityMonitor: start: Already started
02-08 19:30:51.737 19702 19763 I io.jxcore.node.StartStopOperationHandler: updateBeaconAdExtraInformation: New value: 3
02-08 19:30:51.737 19702 19763 I org.thaliproject.p2p.btconnectorlib.DiscoveryManagerSettings: setBeaconAdExtraInformation: 2 -> 3
02-08 19:30:51.737 19702 19763 I org.thaliproject.p2p.btconnectorlib.internal.AbstractBluetoothConnectivityAgent: clearIdentityString
02-08 19:30:51.739 19702 19763 I org.thaliproject.p2p.btconnectorlib.internal.AbstractBluetoothConnectivityAgent: verifyIdentityString: Identity string created: {"generation":3,"address":"24:00:BA:F9:9A:9F"}
02-08 19:30:51.739 19702 19763 D org.thaliproject.p2p.btconnectorlib.internal.bluetooth.BluetoothConnector: setIdentityString: {"generation":3,"address":"24:00:BA:F9:9A:9F"}
02-08 19:30:51.739 19702 19763 D org.thaliproject.p2p.btconnectorlib.DiscoveryManager: onAdvertiseScanSettingsChanged: Current thread: Thread[Thread-2845,7,main], id: 2845
02-08 19:30:51.739 19702 19763 I org.thaliproject.p2p.btconnectorlib.internal.bluetooth.le.BlePeerDiscoverer: applySettings:
02-08 19:30:51.739 19702 19763 I org.thaliproject.p2p.btconnectorlib.internal.bluetooth.le.BlePeerDiscoverer:     - Manufacturer ID: 61973
02-08 19:30:51.739 19702 19763 I org.thaliproject.p2p.btconnectorlib.internal.bluetooth.le.BlePeerDiscoverer:     - Beacon ad length and type: 533
02-08 19:30:51.739 19702 19763 I org.thaliproject.p2p.btconnectorlib.internal.bluetooth.le.BlePeerDiscoverer:     - Beacon ad extra information: 3
02-08 19:30:51.739 19702 19763 I org.thaliproject.p2p.btconnectorlib.internal.bluetooth.le.BlePeerDiscoverer:     - Advertisement data type: DO_NOT_CARE
02-08 19:30:51.739 19702 19763 I org.thaliproject.p2p.btconnectorlib.internal.bluetooth.le.BlePeerDiscoverer:     - Advertise mode: 2
02-08 19:30:51.739 19702 19763 I org.thaliproject.p2p.btconnectorlib.internal.bluetooth.le.BlePeerDiscoverer:     - Advertise TX power level: 3
02-08 19:30:51.739 19702 19763 I org.thaliproject.p2p.btconnectorlib.internal.bluetooth.le.BlePeerDiscoverer:     - Scan mode: 2
02-08 19:30:51.739 19702 19763 I org.thaliproject.p2p.btconnectorlib.internal.bluetooth.le.BlePeerDiscoverer:     - Scan report delay in milliseconds: 500
02-08 19:30:51.739 19702 19763 I org.thaliproject.p2p.btconnectorlib.internal.bluetooth.le.BlePeerDiscoverer:     - Current thread: Thread[Thread-2845,7,main], id: 2845
02-08 19:30:51.740 19702 19763 D org.thaliproject.p2p.btconnectorlib.internal.bluetooth.le.BlePeerDiscoverer: Beacon extra: 3
02-08 19:30:51.740 19702 19763 D org.thaliproject.p2p.btconnectorlib.internal.bluetooth.le.BlePeerDiscoverer: applySettings: advertiserWasStarted true Current thread: Thread[Thread-2845,7,main], id: 2845
02-08 19:30:51.740 19702 19763 D org.thaliproject.p2p.btconnectorlib.internal.bluetooth.le.BlePeerDiscoverer: applySettings: stop advertiser Current thread: Thread[Thread-2845,7,main], id: 2845
02-08 19:30:51.740 19702 19763 D org.thaliproject.p2p.btconnectorlib.internal.bluetooth.le.BleAdvertiser: stop. Current thread: Thread[Thread-2845,7,main], id: 2845
02-08 19:30:51.740 31626 31646 D BtGatt.AdvertiseManager: message : 1
02-08 19:30:51.741 31626 31646 D BtGatt.AdvertiseManager: stop advertise for client 6
02-08 19:30:51.743 31626 31643 D BtGatt.GattService: onAdvertiseInstanceDisabled() - clientIf=6, status=0
02-08 19:30:51.743 31626 31643 D BtGatt.GattService: Client app is not null!
02-08 19:30:51.744 31626 31637 D BtGatt.GattService: unregisterClient() - clientIf=6
02-08 19:30:51.745 19702 19763 D org.thaliproject.p2p.btconnectorlib.internal.bluetooth.le.BleAdvertiser: stop: Stopped
02-08 19:30:51.745 19702 19763 D org.thaliproject.p2p.btconnectorlib.internal.bluetooth.le.BleAdvertiser: setState: current  = RUNNING, new = NOT_STARTEDCurrent thread: Thread[Thread-2845,7,main], id: 2845
02-08 19:30:51.745 19702 19763 D org.thaliproject.p2p.btconnectorlib.internal.bluetooth.le.BleAdvertiser: setState: State changed from RUNNING to NOT_STARTED
02-08 19:30:51.745 19702 19763 D org.thaliproject.p2p.btconnectorlib.internal.bluetooth.le.BleAdvertiser: setState: finished Current thread: Thread[Thread-2845,7,main], id: 2845
02-08 19:30:51.745 19702 19763 D org.thaliproject.p2p.btconnectorlib.internal.bluetooth.le.BleAdvertiser: stop finished. Current thread: Thread[Thread-2845,7,main], id: 2845
02-08 19:30:51.745 19702 19763 D org.thaliproject.p2p.btconnectorlib.internal.bluetooth.le.BleAdvertiser: setAdvertiseSettings, Current thread: Thread[Thread-2845,7,main], id: 2845
02-08 19:30:51.745 19702 19763 I org.thaliproject.p2p.btconnectorlib.internal.bluetooth.le.BleAdvertiser: setAdvertiseSettings: Mode: 2, Tx power level: 3, timeout: 0, is connectable: false
02-08 19:30:51.745 19702 19763 D org.thaliproject.p2p.btconnectorlib.internal.bluetooth.le.BlePeerDiscoverer: applySettings: start advertiser Current thread: Thread[Thread-2845,7,main], id: 2845
02-08 19:30:51.745 19702 19763 D org.thaliproject.p2p.btconnectorlib.internal.bluetooth.le.BlePeerDiscoverer: startAdvertiser: Current thread: Thread[Thread-2845,7,main], id: 2845
02-08 19:30:51.745 19702 19763 D org.thaliproject.p2p.btconnectorlib.internal.bluetooth.le.BlePeerDiscoverer: stopPeerAddressHelperAdvertiser Current thread: Thread[Thread-2845,7,main], id: 2845
02-08 19:30:51.745 19702 19763 I org.thaliproject.p2p.btconnectorlib.internal.bluetooth.le.BlePeerDiscoverer: startAdvertiser: Starting...
02-08 19:30:51.746 19702 19763 D org.thaliproject.p2p.btconnectorlib.internal.bluetooth.le.BlePeerDiscoverer: createAdvertiseData: createAdvertiseDataToServiceData 
02-08 19:30:51.746 19702 19763 I org.thaliproject.p2p.btconnectorlib.internal.bluetooth.le.PeerAdvertisementFactory: createAdvertiseDataToServiceData: Service UUID: "3bde2124-2767-4930-8ad2-05754401b590", Bluetooth MAC address: "24:00:BA:F9:9A:9F"
02-08 19:30:51.746 19702 19763 V org.thaliproject.p2p.btconnectorlib.internal.bluetooth.le.PeerAdvertisementFactory: createAdvertiseDataToServiceData: Service data (length is 7 bytes): 03 24 00 BA F9 9A 9F
02-08 19:30:51.746 19702 19763 V org.thaliproject.p2p.btconnectorlib.internal.bluetooth.le.PeerAdvertisementFactory: createAdvertiseDataToServiceData: Created: AdvertiseData [mServiceUuids=[3bde2124-2767-4930-8ad2-05754401b590], mManufacturerSpecificData={}, mServiceData={3bde2124-2767-4930-8ad2-05754401b590=[3, 36, 0, -70, -7, -102, -97]}, mIncludeTxPowerLevel=false, mIncludeDeviceName=false]
02-08 19:30:51.746 19702 19763 I org.thaliproject.p2p.btconnectorlib.internal.bluetooth.le.BlePeerDiscoverer: createAdvertiseData: created AdvertiseData [mServiceUuids=[3bde2124-2767-4930-8ad2-05754401b590], mManufacturerSpecificData={}, mServiceData={3bde2124-2767-4930-8ad2-05754401b590=[3, 36, 0, -70, -7, -102, -97]}, mIncludeTxPowerLevel=false, mIncludeDeviceName=false]
02-08 19:30:51.746 19702 19763 D org.thaliproject.p2p.btconnectorlib.internal.bluetooth.le.BleAdvertiser: setAdvertiseData: Current thread: Thread[Thread-2845,7,main], id: 2845
02-08 19:30:51.746 19702 19763 D org.thaliproject.p2p.btconnectorlib.internal.bluetooth.le.BleAdvertiser: setAdvertiseData: AdvertiseData [mServiceUuids=[3bde2124-2767-4930-8ad2-05754401b590], mManufacturerSpecificData={}, mServiceData={3bde2124-2767-4930-8ad2-05754401b590=[3, 36, 0, -70, -7, -102, -97]}, mIncludeTxPowerLevel=false, mIncludeDeviceName=false]. Current thread: Thread[Thread-2845,7,main], id: 2845
02-08 19:30:51.746 19702 19763 D org.thaliproject.p2p.btconnectorlib.internal.bluetooth.le.BleAdvertiser: setAdvertiseData: was started = false
02-08 19:30:51.746 19702 19763 D org.thaliproject.p2p.btconnectorlib.internal.bluetooth.le.BleAdvertiser: setAdvertiseData: advertiseData = AdvertiseData [mServiceUuids=[3bde2124-2767-4930-8ad2-05754401b590], mManufacturerSpecificData={}, mServiceData={3bde2124-2767-4930-8ad2-05754401b590=[3, 36, 0, -70, -7, -102, -97]}, mIncludeTxPowerLevel=false, mIncludeDeviceName=false]
02-08 19:30:51.746 19702 19763 D org.thaliproject.p2p.btconnectorlib.internal.bluetooth.le.BleAdvertiser: setAdvertiseData finished: Current thread: Thread[Thread-2845,7,main], id: 2845
02-08 19:30:51.746 19702 19763 D org.thaliproject.p2p.btconnectorlib.internal.bluetooth.le.BleAdvertiser: start:  state = NOT_STARTEDCurrent thread: Thread[Thread-2845,7,main], id: 2845
02-08 19:30:51.747 19702 19763 I org.thaliproject.p2p.btconnectorlib.internal.bluetooth.le.BleAdvertiser: start: Starting... advertisement data = AdvertiseData [mServiceUuids=[3bde2124-2767-4930-8ad2-05754401b590], mManufacturerSpecificData={}, mServiceData={3bde2124-2767-4930-8ad2-05754401b590=[3, 36, 0, -70, -7, -102, -97]}, mIncludeTxPowerLevel=false, mIncludeDeviceName=false], Current thread: Thread[Thread-2845,7,main], id: 2845
02-08 19:30:51.747 19702 19763 D BluetoothAdapter: STATE_ON
02-08 19:30:51.749 31626 31638 D BtGatt.GattService: registerClient() - UUID=3b979f31-6d2b-4006-bbf9-86ce619bc2fa
02-08 19:30:51.749 31626 31643 D BtGatt.GattService: onClientRegistered() - UUID=3b979f31-6d2b-4006-bbf9-86ce619bc2fa, clientIf=6
02-08 19:30:51.750 19702 19765 D BluetoothLeAdvertiser: onClientRegistered() - status=0 clientIf=6
02-08 19:30:51.750 31626 31646 D BtGatt.AdvertiseManager: message : 0
02-08 19:30:51.753 31626 31646 D BtGatt.AdvertiseManager: starting multi advertising
02-08 19:30:51.755 31626 31643 D BtGatt.GattService: onAdvertiseInstanceEnabled() - clientIf=6, status=0
02-08 19:30:51.758 31626 31643 D BtGatt.GattService: onAdvertiseDataSet() - clientIf=6, status=0
02-08 19:30:51.758 19702 19702 D org.thaliproject.p2p.btconnectorlib.internal.bluetooth.le.BleAdvertiser: onStartSuccess : Current thread: Thread[main,5,main], id: 1
02-08 19:30:51.758 19702 19763 I org.thaliproject.p2p.btconnectorlib.internal.bluetooth.le.BleAdvertiser: start: Started advertisment Current thread: Thread[Thread-2845,7,main], id: 2845
02-08 19:30:51.758 19702 19763 D org.thaliproject.p2p.btconnectorlib.internal.bluetooth.le.BleAdvertiser: setState: current  = NOT_STARTED, new = STARTINGCurrent thread: Thread[Thread-2845,7,main], id: 2845
02-08 19:30:51.758 19702 19763 D org.thaliproject.p2p.btconnectorlib.internal.bluetooth.le.BleAdvertiser: setState: State changed from NOT_STARTED to STARTING
02-08 19:30:51.759 19702 19763 D org.thaliproject.p2p.btconnectorlib.internal.bluetooth.le.BleAdvertiser: setState: onIsAdvertiserStartedChanged default (no call to listener). Current thread: Thread[Thread-2845,7,main], id: 2845
02-08 19:30:51.759 19702 19763 D org.thaliproject.p2p.btconnectorlib.internal.bluetooth.le.BleAdvertiser: setState: finished Current thread: Thread[Thread-2845,7,main], id: 2845
02-08 19:30:51.759 19702 19763 I org.thaliproject.p2p.btconnectorlib.internal.bluetooth.le.BleAdvertiser: start: return, state = STARTINGCurrent thread: Thread[Thread-2845,7,main], id: 2845
02-08 19:30:51.759 19702 19763 D org.thaliproject.p2p.btconnectorlib.internal.bluetooth.le.BleAdvertiser: start returned: Current thread: Thread[Thread-2845,7,main], id: 2845
02-08 19:30:51.759 19702 19763 D org.thaliproject.p2p.btconnectorlib.internal.bluetooth.le.BlePeerDiscoverer: startAdvertiser started = true Current thread: Thread[Thread-2845,7,main], id: 2845
02-08 19:30:51.759 19702 19702 D org.thaliproject.p2p.btconnectorlib.internal.bluetooth.le.BleAdvertiser: setState: current  = STARTING, new = RUNNINGCurrent thread: Thread[main,5,main], id: 1
02-08 19:30:51.759 19702 19702 D org.thaliproject.p2p.btconnectorlib.internal.bluetooth.le.BleAdvertiser: setState: State changed from STARTING to RUNNING
02-08 19:30:51.759 19702 19702 D org.thaliproject.p2p.btconnectorlib.internal.bluetooth.le.BleAdvertiser: notifyAdvertiserStateChanged: started =  true. Current thread: Thread[main,5,main], id: 1
02-08 19:30:51.759 19702 19763 D org.thaliproject.p2p.btconnectorlib.internal.bluetooth.le.BlePeerDiscoverer: applySettings: start advertiser started = true Current thread: Thread[Thread-2845,7,main], id: 2845
02-08 19:30:51.759 19702 19763 D org.thaliproject.p2p.btconnectorlib.internal.bluetooth.le.BleScanner: applyAdditionalMarshmallowSettings
02-08 19:30:51.759 19702 19702 D org.thaliproject.p2p.btconnectorlib.internal.bluetooth.le.BleAdvertiser: setState: finished Current thread: Thread[main,5,main], id: 1
02-08 19:30:51.759 19702 19763 D org.thaliproject.p2p.btconnectorlib.internal.bluetooth.le.BlePeerDiscoverer: applySettings: scannerWasStarted true Current thread: Thread[Thread-2845,7,main], id: 2845
02-08 19:30:51.759 19702 19702 I org.thaliproject.p2p.btconnectorlib.internal.bluetooth.le.BlePeerDiscoverer: onIsAdvertiserStartedChanged: trueCurrent thread: Thread[main,5,main], id: 1
02-08 19:30:51.759 19702 19763 D org.thaliproject.p2p.btconnectorlib.internal.bluetooth.le.BlePeerDiscoverer: applySettings: stop scanner Current thread: Thread[Thread-2845,7,main], id: 2845
02-08 19:30:51.759 19702 19702 D org.thaliproject.p2p.btconnectorlib.internal.bluetooth.le.BlePeerDiscoverer: updateState : Current thread: Thread[main,5,main], id: 1
02-08 19:30:51.759 19702 19763 D org.thaliproject.p2p.btconnectorlib.internal.bluetooth.le.BleScanner: stop, Current thread: Thread[Thread-2845,7,main], id: 2845
02-08 19:30:51.759 19702 19702 D org.thaliproject.p2p.btconnectorlib.internal.bluetooth.le.BlePeerDiscoverer: updateState: deducedStateSet: [SCANNING, ADVERTISING]
02-08 19:30:51.759 19702 19702 D org.thaliproject.p2p.btconnectorlib.internal.bluetooth.le.BlePeerDiscoverer: updateState: stateSet: [SCANNING, ADVERTISING]
02-08 19:30:51.759 19702 19702 D org.thaliproject.p2p.btconnectorlib.internal.bluetooth.le.BlePeerDiscoverer: Current thread: Thread[main,5,main], id: 1
02-08 19:30:51.760 19702 19702 D org.thaliproject.p2p.btconnectorlib.internal.bluetooth.le.BlePeerDiscoverer: update state finished. Current thread: Thread[main,5,main], id: 1
02-08 19:30:51.760 19702 19763 D BluetoothAdapter: STATE_ON
02-08 19:30:51.761 31626 31658 D BtGatt.GattService: flushPendingBatchResults - clientIf=5, isServer=false
02-08 19:30:51.761 19702 19763 D org.thaliproject.p2p.btconnectorlib.internal.bluetooth.le.BleScanner: stop: scan results are flushed 
02-08 19:30:51.761 31626 31647 D BtGatt.ScanManager: flushPendingBatchResults - clientIf = 5
02-08 19:30:51.762 19702 19763 D BluetoothAdapter: STATE_ON
02-08 19:30:51.763 31626 31638 D BtGatt.GattService: stopScan() - queue size =1
02-08 19:30:51.764 31626 31659 D BtGatt.GattService: unregisterClient() - clientIf=5
02-08 19:30:51.764 31626 31643 D BtGatt.GattService: onBatchScanReports() - clientIf=5, status=0, reportType=2, numRecords=2
02-08 19:30:51.764 31626 31643 D BtGatt.ScanManager: callback done for clientIf - 5 status - 0
02-08 19:30:51.764 31626 31643 D BtGatt.GattService: current time is 5016824723484409
02-08 19:30:51.764 19702 19763 D org.thaliproject.p2p.btconnectorlib.internal.bluetooth.le.BleScanner: stop: Stopped
02-08 19:30:51.764 31626 31643 D BtGatt.GattService: Batch record : [110, -90, 64, 77, -96, 70, 1, -128, -61, 18, 0, 29, 17, 7, -112, -75, 1, 68, 117, 5, -46, -118, 48, 73, 103, 39, 36, 33, -34, 59, 10, 22, 36, 33, 2, -68, 117, 116, 58, -68, -8, 0, -8, -68, 58, 116, 117, -68, 0, -128, -61, 18, 0, 29, 17, 7, -112, -75, 1, 68, 117, 5, -46, -118, 48, 73, 103, 39, 36, 33, -34, 59, 10, 22, 36, 33, 2, -68, 117, 116, 58, -68, -8, 0]
02-08 19:30:51.764 19702 19763 D org.thaliproject.p2p.btconnectorlib.internal.bluetooth.le.BleScanner: set state: Current thread: Thread[Thread-2845,7,main], id: 2845
02-08 19:30:51.765 19702 19763 D org.thaliproject.p2p.btconnectorlib.internal.bluetooth.le.BleScanner: setState: State changed from RUNNING to NOT_STARTED
02-08 19:30:51.765 31626 31643 D BtGatt.GattService: ScanRecord : [17, 7, -112, -75, 1, 68, 117, 5, -46, -118, 48, 73, 103, 39, 36, 33, -34, 59, 10, 22, 36, 33, 2, -68, 117, 116, 58, -68, -8]
02-08 19:30:51.765 19702 19763 D org.thaliproject.p2p.btconnectorlib.internal.bluetooth.le.BleScanner: stop finished, Current thread: Thread[Thread-2845,7,main], id: 2845
02-08 19:30:51.765 19702 19763 I org.thaliproject.p2p.btconnectorlib.internal.bluetooth.le.BleScanner: setScanSettings: Mode: 2, report delay in milliseconds: 500, scan result type: 0
02-08 19:30:51.765 31626 31643 D BtGatt.GattService: ScanRecord : [17, 7, -112, -75, 1, 68, 117, 5, -46, -118, 48, 73, 103, 39, 36, 33, -34, 59, 10, 22, 36, 33, 2, -68, 117, 116, 58, -68, -8]
02-08 19:30:51.765 19702 19763 D org.thaliproject.p2p.btconnectorlib.internal.bluetooth.le.BlePeerDiscoverer: applySettings: start scanner Current thread: Thread[Thread-2845,7,main], id: 2845
02-08 19:30:51.765 19702 19763 D org.thaliproject.p2p.btconnectorlib.internal.bluetooth.le.BlePeerDiscoverer: startScanner: Current thread: Thread[Thread-2845,7,main], id: 2845
02-08 19:30:51.765 31626 31643 E BtGatt.ContextMap: Context not found for ID 5
02-08 19:30:51.765 19702 19763 I org.thaliproject.p2p.btconnectorlib.internal.bluetooth.le.BlePeerDiscoverer: startScanner: Starting...
02-08 19:30:51.765 19702 19763 D org.thaliproject.p2p.btconnectorlib.internal.bluetooth.le.BlePeerDiscoveryUtils: createScanFilter: No service UUID, use manufacturer ID: true
02-08 19:30:51.765 19702 19763 D org.thaliproject.p2p.btconnectorlib.internal.bluetooth.le.BlePeerDiscoveryUtils: manufacturer ID: 61973
02-08 19:30:51.765 19702 19763 D org.thaliproject.p2p.btconnectorlib.internal.bluetooth.le.BlePeerDiscoveryUtils: createScanFilter: BluetoothLeScanFilter [mDeviceName=null, mDeviceAddress=null, mUuid=null, mUuidMask=null, mServiceDataUuid=null, mServiceData=null, mServiceDataMask=null, mManufacturerId=61973, mManufacturerData=null, mManufacturerDataMask=null]
02-08 19:30:51.765 19702 19763 D org.thaliproject.p2p.btconnectorlib.internal.bluetooth.le.BleScanner: start: Current thread: Thread[Thread-2845,7,main], id: 2845
02-08 19:30:51.766 19702 19763 D BluetoothAdapter: STATE_ON
02-08 19:30:51.768 31626 31643 D BtGatt.GattService: onScanFilterParamsConfigured() - clientIf=5, status=0, action=1, availableSpace=32
02-08 19:30:51.768 31626 31643 D BtGatt.ScanManager: callback done for clientIf - 5 status - 0
02-08 19:30:51.768 31626 31647 D BtGatt.ScanManager: stopping BLe Batch
02-08 19:30:51.768 31626 31679 D BtGatt.GattService: registerClient() - UUID=858167c5-dfd1-41b7-ad5d-3d519a121c7b
02-08 19:30:51.768 31626 31643 D BtGatt.GattService: onClientRegistered() - UUID=858167c5-dfd1-41b7-ad5d-3d519a121c7b, clientIf=5
02-08 19:30:51.769 19702 19713 D BluetoothLeScanner: onClientRegistered() - status=0 clientIf=5
02-08 19:30:51.769 31626 31638 D BtGatt.GattService: start scan with filters
02-08 19:30:51.770 31626 31643 D BtGatt.GattService: onBatchScanStartStopped() - clientIf=5, status=0, startStopAction=0
02-08 19:30:51.770 31626 31643 D BtGatt.ScanManager: callback done for clientIf - 5 status - 0
02-08 19:30:51.770 31626 31647 D BtGatt.ScanManager: flushPendingBatchResults - clientIf = 5
02-08 19:30:51.770 19702 19763 D org.thaliproject.p2p.btconnectorlib.internal.bluetooth.le.BleScanner: start: scan started
02-08 19:30:51.770 19702 19763 D org.thaliproject.p2p.btconnectorlib.internal.bluetooth.le.BleScanner: set state: Current thread: Thread[Thread-2845,7,main], id: 2845
02-08 19:30:51.770 19702 19763 D org.thaliproject.p2p.btconnectorlib.internal.bluetooth.le.BleScanner: setState: State changed from NOT_STARTED to RUNNING
02-08 19:30:51.771 19702 19763 D org.thaliproject.p2p.btconnectorlib.internal.bluetooth.le.BleScanner: notifyScannerStateChanged: started =  true. Current thread: Thread[Thread-2845,7,main], id: 2845
02-08 19:30:51.771 19702 19763 D org.thaliproject.p2p.btconnectorlib.internal.bluetooth.le.BlePeerDiscoverer: applySettings: start scanner started = true Current thread: Thread[Thread-2845,7,main], id: 2845
02-08 19:30:51.771 19702 19702 I org.thaliproject.p2p.btconnectorlib.internal.bluetooth.le.BlePeerDiscoverer: onIsScannerStartedChanged: trueCurrent thread: Thread[main,5,main], id: 1
02-08 19:30:51.771 19702 19702 D org.thaliproject.p2p.btconnectorlib.internal.bluetooth.le.BlePeerDiscoverer: updateState : Current thread: Thread[main,5,main], id: 1
02-08 19:30:51.771 19702 19763 V io.jxcore.node.StartStopOperation: isTargetState: Connectivity: RUNNING, discovery: RUNNING_BLE, is discovering: true, is advertising: true - Start operation: Should start/stop everything
02-08 19:30:51.771 19702 19763 V io.jxcore.node.StartStopOperationHandler: executeCurrentOperation: The current state already matches the desired outcome of this operation, skipping...
02-08 19:30:51.771 19702 19702 D org.thaliproject.p2p.btconnectorlib.internal.bluetooth.le.BlePeerDiscoverer: updateState: deducedStateSet: [SCANNING, ADVERTISING]
02-08 19:30:51.771 19702 19702 D org.thaliproject.p2p.btconnectorlib.internal.bluetooth.le.BlePeerDiscoverer: updateState: stateSet: [SCANNING, ADVERTISING]
02-08 19:30:51.771 19702 19702 D org.thaliproject.p2p.btconnectorlib.internal.bluetooth.le.BlePeerDiscoverer: Current thread: Thread[main,5,main], id: 1
02-08 19:30:51.771 19702 19763 I io.jxcore.node.ConnectionHelper: start: OK
02-08 19:30:51.771 19702 19702 D org.thaliproject.p2p.btconnectorlib.internal.bluetooth.le.BlePeerDiscoverer: update state finished. Current thread: Thread[main,5,main], id: 1
02-08 19:30:51.771 31626 31643 D BtGatt.GattService: onBatchScanReports() - clientIf=5, status=0, reportType=2, numRecords=0
02-08 19:30:51.771 31626 31643 D BtGatt.ScanManager: callback done for clientIf - 5 status - 0
02-08 19:30:51.773 31626 31647 D BtGatt.ScanManager: handling starting scan
02-08 19:30:51.774 31626 31643 D BtGatt.GattService: onScanFilterEnableDisabled() - clientIf=5, status=0, action=1
02-08 19:30:51.774 31626 31643 D BtGatt.ScanManager: callback done for clientIf - 5 status - 0
02-08 19:30:51.774 31626 31647 D BtGatt.ScanManager: configureFilterParamter 1500 10000 4 0
02-08 19:30:51.776 31626 31643 D BtGatt.GattService: onScanFilterParamsConfigured() - clientIf=5, status=0, action=0, availableSpace=31
02-08 19:30:51.776 31626 31643 D BtGatt.ScanManager: callback done for clientIf - 5 status - 0
02-08 19:30:51.776 31626 31647 D BtGatt.ScanManager: Starting BLE batch scan
02-08 19:30:51.776 31626 31647 D BtGatt.ScanManager: configuring batch scan storage, appIf 5
02-08 19:30:51.778 19702 19763 I jxcore-log: 2017-02-08 16:30:51 - INFO nodeSSDPServerLogger: '{ address: 'http://0.0.0.0:1900' } 'SSDP listening''
02-08 19:30:51.778 19702 19763 I jxcore-log: 
02-08 19:30:51.779 19702 19763 I jxcore-log: 2017-02-08 16:30:51 - INFO nodeSSDPServerLogger: 'UDP socket bound'
02-08 19:30:51.779 19702 19763 I jxcore-log: 
02-08 19:30:51.781 19702 19763 I jxcore-log: 2017-02-08 16:30:51 - INFO nodeSSDPServerLogger: 'Socket bound'
02-08 19:30:51.781 19702 19763 I jxcore-log: 
02-08 19:30:51.786 31626 31643 D BtGatt.GattService: onBatchScanStorageConfigured() - clientIf=5, status=0
02-08 19:30:51.786 31626 31643 D BtGatt.ScanManager: callback done for clientIf - 5 status - 0
02-08 19:30:51.787 31626 31643 D BtGatt.GattService: onBatchScanStartStopped() - clientIf=5, status=0, startStopAction=1
02-08 19:30:51.787 31626 31643 D BtGatt.ScanManager: callback done for clientIf - 5 status - 0
02-08 19:30:51.797 31626 31651 E bt_btm  : tBTM_SEC_DEV:0xe902e8a0 rs_disc_pending=0
02-08 19:30:51.797 19702 19763 I jxcore-log: 2017-02-08 16:30:51 - DEBUG thaliManager: 'stopping thaliPeerPoolInterface'
02-08 19:30:51.797 19702 19763 I jxcore-log: 
02-08 19:30:51.797 31626 31651 W bt_btif : bta_dm_check_av:0
02-08 19:30:51.797 31626 31643 W bt_btif : btif_dm_cback : unhandled event (14)
02-08 19:30:51.808 19702 19763 I jxcore-log: 2017-02-08 16:30:51 - DEBUG thaliManager: 'stopping thaliPullReplicationFromNotification'
02-08 19:30:51.808 19702 19763 I jxcore-log: 
02-08 19:30:51.811 19702 19763 I jxcore-log: 2017-02-08 16:30:51 - DEBUG thaliManager: 'stopping thaliSendNotificationBasedOnReplication'
02-08 19:30:51.811 19702 19763 I jxcore-log: 
02-08 19:30:51.815 19702 19763 I jxcore-log: 2017-02-08 16:30:51 - DEBUG thaliSendNotificationBasedOnReplication: 'We must have stopped because we are complete -{"status":"cancelled"}'
02-08 19:30:51.815 19702 19763 I jxcore-log: 
02-08 19:30:51.818 19702 19763 I jxcore-log: 2017-02-08 16:30:51 - DEBUG thaliManager: 'stopping advertising and listening'
02-08 19:30:51.818 19702 19763 I jxcore-log: 
02-08 19:30:51.820 19702 19763 D io.jxcore.node.JXcoreExtension: stopAdvertisingAndListening
02-08 19:30:51.821 19702 19763 I io.jxcore.node.ConnectionHelper: stop: Stopping all activities and killing connections
02-08 19:30:51.821 19702 19763 V io.jxcore.node.StartStopOperation: isTargetState: Connectivity: RUNNING, discovery: RUNNING_BLE, is discovering: true, is advertising: true - Stop operation: Should start/stop everything
02-08 19:30:51.821 19702 19763 V io.jxcore.node.StartStopOperationHandler: executeCurrentOperation: Executing: Stop operation: Should start/stop everything
02-08 19:30:51.821 19702 19763 I org.thaliproject.p2p.btconnectorlib.ConnectionManager: stopListeningForIncomingConnections
02-08 19:30:51.821 19702 19763 I org.thaliproject.p2p.btconnectorlib.internal.bluetooth.BluetoothConnector: stopListeningForIncomingConnections: Stopping...
02-08 19:30:51.822 19702 19763 D org.thaliproject.p2p.btconnectorlib.internal.bluetooth.BluetoothServerThread: shutdown
02-08 19:30:51.822 19702 19782 V org.thaliproject.p2p.btconnectorlib.internal.bluetooth.BluetoothServerThread: closeBluetoothServerSocket: Bluetooth server socket closed
02-08 19:30:51.822 19702 19763 D org.thaliproject.p2p.btconnectorlib.internal.bluetooth.BluetoothManager: release: 2 listener(s) left
02-08 19:30:51.822 19702 19782 D org.thaliproject.p2p.btconnectorlib.internal.bluetooth.BluetoothServerThread: Exiting thread
02-08 19:30:51.822 19702 19763 D org.thaliproject.p2p.btconnectorlib.ConnectionManager: updateState: mShouldBeStarted :  false, mIsServerStarted:  true
02-08 19:30:51.822 19702 19782 I org.thaliproject.p2p.btconnectorlib.internal.bluetooth.BluetoothConnector: onServerStopped: Was explicitly stopped: true
02-08 19:30:51.822 19702 19763 D org.thaliproject.p2p.btconnectorlib.ConnectionManager: setState: RUNNING -> NOT_STARTED
02-08 19:30:51.822 19702 19763 I org.thaliproject.p2p.btconnectorlib.ConnectionManager: cancelAllConnectionAttempts
02-08 19:30:51.822 19702 19702 I io.jxcore.node.ConnectionHelper: onConnectionManagerStateChanged: NOT_STARTED
02-08 19:30:51.822 19702 19763 D org.thaliproject.p2p.btconnectorlib.internal.bluetooth.BluetoothConnector: cancelAllConnectionAttempts: Shutting down 2 client threads
02-08 19:30:51.824 19702 19763 I org.thaliproject.p2p.btconnectorlib.DiscoveryManager: stop: Stopping peer discovery...
02-08 19:30:51.824 19702 19763 D org.thaliproject.p2p.btconnectorlib.DiscoveryManager: stopForRestart Current thread: Thread[Thread-2845,7,main], id: 2845
02-08 19:30:51.824 19702 19763 D org.thaliproject.p2p.btconnectorlib.DiscoveryManager: stopForRestart. RUNNING_BLE
02-08 19:30:51.824 19702 19763 D org.thaliproject.p2p.btconnectorlib.internal.BluetoothMacAddressResolutionHelper: stopProvideBluetoothMacAddressMode
02-08 19:30:51.824 19702 19786 D org.thaliproject.p2p.btconnectorlib.internal.bluetooth.BluetoothClientThread: shutdown: Thread ID: 2848
02-08 19:30:51.825 19702 19787 D org.thaliproject.p2p.btconnectorlib.internal.bluetooth.BluetoothClientThread: shutdown: Thread ID: 2849
02-08 19:30:51.825 19702 19786 D org.thaliproject.p2p.btconnectorlib.internal.bluetooth.BluetoothClientThread: close
02-08 19:30:51.825 19702 19787 D org.thaliproject.p2p.btconnectorlib.internal.bluetooth.BluetoothClientThread: close
02-08 19:30:51.825 19702 19763 D org.thaliproject.p2p.btconnectorlib.internal.bluetooth.le.BlePeerDiscoverer: stopScannerAndAdvertiser: Current thread: Thread[Thread-2845,7,main], id: 2845
02-08 19:30:51.825 19702 19786 D org.thaliproject.p2p.btconnectorlib.internal.bluetooth.BluetoothClientThread: close: Trying to close the Bluetooth socket... (thread ID: 2848)
02-08 19:30:51.825 19702 19787 D org.thaliproject.p2p.btconnectorlib.internal.bluetooth.BluetoothClientThread: close: Trying to close the Bluetooth socket... (thread ID: 2849)
02-08 19:30:51.825 19702 19763 D org.thaliproject.p2p.btconnectorlib.internal.bluetooth.le.BlePeerDiscoverer: stopPeerAddressHelperAdvertiser Current thread: Thread[Thread-2845,7,main], id: 2845
02-08 19:30:51.825 31626 31654 E bt_btif_sock_rfcomm: btsock_rfc_signaled socket signaled for read while disconnected, slot: 5904, channel: 6
02-08 19:30:51.825 19702 19784 E org.thaliproject.p2p.btconnectorlib.internal.bluetooth.BluetoothClientThread:  createSocketAndConnect: connect, read failed, socket might closed or timeout, read ret: -1
02-08 19:30:51.825 19702 19786 D org.thaliproject.p2p.btconnectorlib.internal.bluetooth.BluetoothClientThread: close: Bluetooth socket closed (thread ID: 2848)
02-08 19:30:51.825 19702 19787 D org.thaliproject.p2p.btconnectorlib.internal.bluetooth.BluetoothClientThread: close: Bluetooth socket closed (thread ID: 2849)
02-08 19:30:51.825 19702 19763 D org.thaliproject.p2p.btconnectorlib.internal.bluetooth.le.BlePeerDiscoverer: stopScanner: Current thread: Thread[Thread-2845,7,main], id: 2845
02-08 19:30:51.825 19702 19784 I org.thaliproject.p2p.btconnectorlib.internal.bluetooth.BluetoothClientThread: socketConnectSucceeded false
02-08 19:30:51.825 19702 19784 I org.thaliproject.p2p.btconnectorlib.internal.bluetooth.BluetoothClientThread: Exiting thread (thread ID: 2849)
02-08 19:30:51.825 19702 19763 I org.thaliproject.p2p.btconnectorlib.internal.bluetooth.le.BlePeerDiscoverer: stopScanner: Stopping...
02-08 19:30:51.825 31626 31651 E bt_btif_sock_rfcomm: find_rfc_slot_by_id unable to find RFCOMM slot id: 5904
02-08 19:30:51.825 19702 19763 D org.thaliproject.p2p.btconnectorlib.internal.bluetooth.le.BleScanner: stop, Current thread: Thread[Thread-2845,7,main], id: 2845
02-08 19:30:51.825 31626 31654 E bt_btif_sock_rfcomm: btsock_rfc_signaled socket signaled for read while disconnected, slot: 5903, channel: 6
02-08 19:30:51.826 31626 31651 E bt_btif_sock_rfcomm: find_rfc_slot_by_id unable to find RFCOMM slot id: 5903
02-08 19:30:51.826 19702 19783 E org.thaliproject.p2p.btconnectorlib.internal.bluetooth.BluetoothClientThread:  createSocketAndConnect: connect, read failed, socket might closed or timeout, read ret: -1
02-08 19:30:51.826 19702 19783 I org.thaliproject.p2p.btconnectorlib.internal.bluetooth.BluetoothClientThread: socketConnectSucceeded false
02-08 19:30:51.826 19702 19783 I org.thaliproject.p2p.btconnectorlib.internal.bluetooth.BluetoothClientThread: Exiting thread (thread ID: 2848)
02-08 19:30:51.826 19702 19763 D BluetoothAdapter: STATE_ON
02-08 19:30:51.827 31626 31637 D BtGatt.GattService: flushPendingBatchResults - clientIf=5, isServer=false
02-08 19:30:51.827 19702 19763 D org.thaliproject.p2p.btconnectorlib.internal.bluetooth.le.BleScanner: stop: scan results are flushed 
02-08 19:30:51.827 31626 31647 D BtGatt.ScanManager: flushPendingBatchResults - clientIf = 5
02-08 19:30:51.828 19702 19763 D BluetoothAdapter: STATE_ON
02-08 19:30:51.828 31626 31644 D BtGatt.GattService: stopScan() - queue size =1
02-08 19:30:51.829 31626 31643 D BtGatt.GattService: onBatchScanReports() - clientIf=5, status=0, reportType=2, numRecords=0
02-08 19:30:51.829 31626 31643 D BtGatt.ScanManager: callback done for clientIf - 5 status - 0
02-08 19:30:51.829 31626 31679 D BtGatt.GattService: unregisterClient() - clientIf=5
02-08 19:30:51.830 19702 19763 D org.thaliproject.p2p.btconnectorlib.internal.bluetooth.le.BleScanner: stop: Stopped
02-08 19:30:51.830 19702 19763 D org.thaliproject.p2p.btconnectorlib.internal.bluetooth.le.BleScanner: set state: Current thread: Thread[Thread-2845,7,main], id: 2845
02-08 19:30:51.830 19702 19763 D org.thaliproject.p2p.btconnectorlib.internal.bluetooth.le.BleScanner: setState: State changed from RUNNING to NOT_STARTED
02-08 19:30:51.830 19702 19763 D org.thaliproject.p2p.btconnectorlib.internal.bluetooth.le.BleScanner: notifyScannerStateChanged: started =  false. Current thread: Thread[Thread-2845,7,main], id: 2845
