02-08 19:30:55.014 25576 25576 D org.thaliproject.p2p.btconnectorlib.DiscoveryManager: updateState finished Current thread: Thread[main,5,main], id: 1
02-08 19:30:55.014 25576 25634 I jxcore-log: 2017-02-08 16:30:55 - INFO nodeSSDPServerLogger: 'UDP socket bound'
02-08 19:30:55.014 25576 25634 I jxcore-log: 
02-08 19:30:55.014 25576 25576 I io.jxcore.node.ConnectionHelper: onDiscoveryManagerStateChanged: State: RUNNING_BLE, is discovering: true, is advertising: true
02-08 19:30:55.019 25576 25634 I jxcore-log: 2017-02-08 16:30:55 - INFO nodeSSDPServerLogger: 'Socket bound'
02-08 19:30:55.019 25576 25634 I jxcore-log: 
02-08 19:30:55.032 25576 25634 I jxcore-log: 2017-02-08 16:30:55 - DEBUG thaliMobileNativeWrapper: 'Received peerAvailabilityChanged event from native layer [{"peerIdentifier":"BC:75:74:3A:BD:0F","generation":3,"peerAvailable":true}]'
02-08 19:30:55.032 25576 25634 I jxcore-log: 
02-08 19:30:55.033 25576 25634 I jxcore-log: 2017-02-08 16:30:55 - DEBUG thaliMobileNativeWrapper: 'Received peer availability changed event with {"peerIdentifier":"BC:75:74:3A:BD:0F","generation":3,"peerAvailable":true}'
02-08 19:30:55.033 25576 25634 I jxcore-log: 
02-08 19:30:55.034 25576 25634 I jxcore-log: 2017-02-08 16:30:55 - DEBUG thaliMobileNativeWrapper: 'Received peerAvailabilityChanged event from native layer [{"peerIdentifier":"BC:75:74:3A:BD:0F","generation":4,"peerAvailable":true}]'
02-08 19:30:55.034 25576 25634 I jxcore-log: 
02-08 19:30:55.034 25576 25634 I jxcore-log: 2017-02-08 16:30:55 - DEBUG thaliMobileNativeWrapper: 'Received peer availability changed event with {"peerIdentifier":"BC:75:74:3A:BD:0F","generation":4,"peerAvailable":true}'
02-08 19:30:55.034 25576 25634 I jxcore-log: 
02-08 19:30:55.036 25576 25634 I jxcore-log: 2017-02-08 16:30:55 - DEBUG thaliMobileNativeWrapper: 'Received peerAvailabilityChanged event from native layer [{"peerIdentifier":"24:00:BA:F9:9A:9F","generation":5,"peerAvailable":true}]'
02-08 19:30:55.036 25576 25634 I jxcore-log: 
02-08 19:30:55.036 25576 25634 I jxcore-log: 2017-02-08 16:30:55 - DEBUG thaliMobileNativeWrapper: 'Received peer availability changed event with {"peerIdentifier":"24:00:BA:F9:9A:9F","generation":5,"peerAvailable":true}'
02-08 19:30:55.036 25576 25634 I jxcore-log: 
02-08 19:30:55.037 25576 25634 I jxcore-log: 2017-02-08 16:30:55 - DEBUG createPeerListener: 'creating new server for BC:75:74:3A:BD:0F'
02-08 19:30:55.037 25576 25634 I jxcore-log: 
02-08 19:30:55.040 25576 25634 I jxcore-log: 2017-02-08 16:30:55 - DEBUG createPeerListener: 'Node TCP/IP listener (server) for BC:75:74:3A:BD:0F listening on 39950'
02-08 19:30:55.040 25576 25634 I jxcore-log: 
02-08 19:30:55.041 25576 25634 I jxcore-log: 2017-02-08 16:30:55 - DEBUG thaliMobileNativeWrapper: 'handlePeerAvailabilityChanged - Emitting {"peerIdentifier":"BC:75:74:3A:BD:0F","peerAvailable":true,"generation":3,"portNumber":39950}'
02-08 19:30:55.041 25576 25634 I jxcore-log: 
02-08 19:30:55.042 25576 25634 I jxcore-log: 2017-02-08 16:30:55 - DEBUG thaliMobile: 'Emitting peerAvailabilityChanged from handlePeer {"peerIdentifier":"BC:75:74:3A:BD:0F","connectionType":"AndroidBluetooth","peerAvailable":true,"generation":3,"newAddressPort":false}'
02-08 19:30:55.042 25576 25634 I jxcore-log: 
02-08 19:30:55.051 25576 25634 I jxcore-log: 2017-02-08 16:30:55 - DEBUG thaliMobileNativeWrapper: 'handlePeerAvailabilityChanged - Emitting {"peerIdentifier":"BC:75:74:3A:BD:0F","peerAvailable":true,"generation":4,"portNumber":39950}'
02-08 19:30:55.051 25576 25634 I jxcore-log: 
02-08 19:30:55.052 25576 25634 I jxcore-log: 2017-02-08 16:30:55 - DEBUG thaliMobile: 'Emitting peerAvailabilityChanged from handlePeer {"peerIdentifier":"BC:75:74:3A:BD:0F","connectionType":"AndroidBluetooth","peerAvailable":true,"generation":4,"newAddressPort":false}'
02-08 19:30:55.052 25576 25634 I jxcore-log: 
02-08 19:30:55.055 25576 25634 I jxcore-log: 2017-02-08 16:30:55 - DEBUG createPeerListener: 'creating new server for 24:00:BA:F9:9A:9F'
02-08 19:30:55.055 25576 25634 I jxcore-log: 
02-08 19:30:55.062 25576 25634 I jxcore-log: 2017-02-08 16:30:55 - DEBUG createPeerListener: 'Node TCP/IP listener (server) for 24:00:BA:F9:9A:9F listening on 41833'
02-08 19:30:55.062 25576 25634 I jxcore-log: 
02-08 19:30:55.065 25576 25634 I jxcore-log: 2017-02-08 16:30:55 - DEBUG thaliMobileNativeWrapper: 'handlePeerAvailabilityChanged - Emitting {"peerIdentifier":"24:00:BA:F9:9A:9F","peerAvailable":true,"generation":5,"portNumber":41833}'
02-08 19:30:55.065 25576 25634 I jxcore-log: 
02-08 19:30:55.066 25576 25634 I jxcore-log: 2017-02-08 16:30:55 - DEBUG thaliMobile: 'Emitting peerAvailabilityChanged from handlePeer {"peerIdentifier":"24:00:BA:F9:9A:9F","connectionType":"AndroidBluetooth","peerAvailable":true,"generation":5,"newAddressPort":false}'
02-08 19:30:55.066 25576 25634 I jxcore-log: 
02-08 19:30:55.095 25576 25634 I jxcore-log: 2017-02-08 16:30:55 - DEBUG createPeerListener: 'Issuing callNative for BC:75:74:3A:BD:0F'
02-08 19:30:55.095 25576 25634 I jxcore-log: 
02-08 19:30:55.098 25576 25634 D io.jxcore.node.JXcoreExtension: connect: BC:75:74:3A:BD:0F
02-08 19:30:55.098 25576 25634 I io.jxcore.node.ConnectionHelper: connect: Trying to connect to peer with ID BC:75:74:3A:BD:0F
02-08 19:30:55.098 25576 25634 I org.thaliproject.p2p.btconnectorlib.ConnectionManager: connect: [BC:75:74:3A:BD:0F 4]
02-08 19:30:55.099 25576 25634 I org.thaliproject.p2p.btconnectorlib.internal.bluetooth.BluetoothConnector: connect: Trying to start connecting to Nexus 6P in address BC:75:74:3A:BD:0F
02-08 19:30:55.099 25576 25634 I org.thaliproject.p2p.btconnectorlib.internal.bluetooth.BluetoothClientThread: setInsecureRfcommSocketPortNumber: Using port -1
02-08 19:30:55.099 25576 25634 I org.thaliproject.p2p.btconnectorlib.internal.bluetooth.BluetoothClientThread: setMaxNumberOfRetries: 0
02-08 19:30:55.099 25576 25634 I org.thaliproject.p2p.btconnectorlib.ConnectionManager: onConnecting: Nexus 6P BC:75:74:3A:BD:0F
02-08 19:30:55.099 25576 25634 D org.thaliproject.p2p.btconnectorlib.internal.bluetooth.BluetoothConnector: connect: Started connecting to Nexus 6P in address BC:75:74:3A:BD:0F
02-08 19:30:55.099 25576 25634 I io.jxcore.node.ConnectionHelper: connect: Connection process successfully started (peer ID: BC:75:74:3A:BD:0F)
02-08 19:30:55.099 25576 25659 I org.thaliproject.p2p.btconnectorlib.internal.bluetooth.BluetoothClientThread: Trying to connect to peer with address BC:75:74:3A:BD:0F (thread ID: 904)
02-08 19:30:55.099 25576 25659 D org.thaliproject.p2p.btconnectorlib.internal.bluetooth.BluetoothClientThread: tryToConnect:  socketConnectSucceeded = false, mIsShuttingDown = false
02-08 19:30:55.099 25576 25659 D org.thaliproject.p2p.btconnectorlib.internal.bluetooth.BluetoothClientThread:  createSocketAndConnect: socket closed
02-08 19:30:55.100 25576 25659 D org.thaliproject.p2p.btconnectorlib.internal.bluetooth.BluetoothClientThread:  createSocketAndConnect: SYSTEM_DECIDED_INSECURE_RFCOMM_SOCKET_PORT
02-08 19:30:55.100 25576 25659 E org.thaliproject.p2p.btconnectorlib.internal.bluetooth.BluetoothClientThread:  createSocketAndConnect: connecting
02-08 19:30:55.100 25576 25659 W BluetoothAdapter: getBluetoothService() called with no BluetoothManagerCallback
02-08 19:30:55.101 25576 25634 I jxcore-log: 2017-02-08 16:30:55 - DEBUG createPeerListener: 'Issuing callNative for 24:00:BA:F9:9A:9F'
02-08 19:30:55.101 25576 25634 I jxcore-log: 
02-08 19:30:55.102 25576 25634 D io.jxcore.node.JXcoreExtension: connect: 24:00:BA:F9:9A:9F
02-08 19:30:55.102 25576 25634 I io.jxcore.node.ConnectionHelper: connect: Trying to connect to peer with ID 24:00:BA:F9:9A:9F
02-08 19:30:55.102 25576 25634 I org.thaliproject.p2p.btconnectorlib.ConnectionManager: connect: [24:00:BA:F9:9A:9F 5]
02-08 19:30:55.103 25576 25634 I org.thaliproject.p2p.btconnectorlib.internal.bluetooth.BluetoothConnector: connect: Trying to start connecting to XYZ in address 24:00:BA:F9:9A:9F
02-08 19:30:55.103 25576 25634 I org.thaliproject.p2p.btconnectorlib.internal.bluetooth.BluetoothClientThread: setInsecureRfcommSocketPortNumber: Using port -1
02-08 19:30:55.103 25576 25634 I org.thaliproject.p2p.btconnectorlib.internal.bluetooth.BluetoothClientThread: setMaxNumberOfRetries: 0
02-08 19:30:55.103 25576 25634 I org.thaliproject.p2p.btconnectorlib.ConnectionManager: onConnecting: XYZ 24:00:BA:F9:9A:9F
02-08 19:30:55.104 25576 25634 D org.thaliproject.p2p.btconnectorlib.internal.bluetooth.BluetoothConnector: connect: Started connecting to XYZ in address 24:00:BA:F9:9A:9F
02-08 19:30:55.104 25576 25634 I io.jxcore.node.ConnectionHelper: connect: Connection process successfully started (peer ID: 24:00:BA:F9:9A:9F)
02-08 19:30:55.104 25576 25660 I org.thaliproject.p2p.btconnectorlib.internal.bluetooth.BluetoothClientThread: Trying to connect to peer with address 24:00:BA:F9:9A:9F (thread ID: 905)
02-08 19:30:55.104 25576 25660 D org.thaliproject.p2p.btconnectorlib.internal.bluetooth.BluetoothClientThread: tryToConnect:  socketConnectSucceeded = false, mIsShuttingDown = false
02-08 19:30:55.104 25576 25660 D org.thaliproject.p2p.btconnectorlib.internal.bluetooth.BluetoothClientThread:  createSocketAndConnect: socket closed
02-08 19:30:55.104 25576 25660 D org.thaliproject.p2p.btconnectorlib.internal.bluetooth.BluetoothClientThread:  createSocketAndConnect: SYSTEM_DECIDED_INSECURE_RFCOMM_SOCKET_PORT
02-08 19:30:55.105 25576 25660 E org.thaliproject.p2p.btconnectorlib.internal.bluetooth.BluetoothClientThread:  createSocketAndConnect: connecting
02-08 19:30:55.106 25576 25660 W BluetoothAdapter: getBluetoothService() called with no BluetoothManagerCallback
02-08 19:30:55.228 25576 25634 I jxcore-log: 2017-02-08 16:30:55 - DEBUG thaliWifiInfrastructure: 'Emitting wifiPeerAvailabilityChanged {"peerIdentifier":"31be25d7-1d26-4a5f-959b-169f18909c37","generation":1,"hostAddress":"192.168.2.3","portNumber":49441}'
02-08 19:30:55.228 25576 25634 I jxcore-log: 
02-08 19:30:55.272 25576 25634 I jxcore-log: 2017-02-08 16:30:55 - DEBUG thaliReplicationPeerAction: 'Replication resumed'
02-08 19:30:55.272 25576 25634 I jxcore-log: 
02-08 19:30:55.347 25576 25634 I jxcore-log: 2017-02-08 16:30:55 - DEBUG thaliReplicationPeerAction: 'Replication resumed'
02-08 19:30:55.347 25576 25634 I jxcore-log: 
02-08 19:30:55.389 25529 25529 I ServiceManager: Waiting for service AtCmdFwd...
02-08 19:30:55.468 11651 11674 W bt_sdp  : process_service_search_attr_rsp
02-08 19:30:55.508 25576 25634 I jxcore-log: 2017-02-08 16:30:55 - DEBUG thaliReplicationPeerAction: 'Replication resumed'
02-08 19:30:55.508 25576 25634 I jxcore-log: 
02-08 19:30:55.515 25576 25576 V io.jxcore.node.ConnectionHelper: Notifying discovery manager state change: is discovering: true, is advertising: true
02-08 19:30:55.515 25576 25576 V io.jxcore.node.StartStopOperation: isTargetState: Connectivity: RUNNING, discovery: RUNNING_BLE, is discovering: true, is advertising: true - Start operation: Should start/stop everything
02-08 19:30:55.516 25576 25576 D io.jxcore.node.StartStopOperationHandler: processCurrentOperationStatus: Operation successfully executed
02-08 19:30:55.544 25576 25634 I jxcore-log: 2017-02-08 16:30:55 - DEBUG thaliMobileNativeWrapper: 'discoveryAdvertisingStateUpdateNonTCP: {"discoveryActive":true,"advertisingActive":true}'
02-08 19:30:55.544 25576 25634 I jxcore-log: 
02-08 19:30:55.547 25576 25634 I jxcore-log: 2017-02-08 16:30:55 - DEBUG thaliManager: 'starting thaliSendNotificationBasedOnReplication'
02-08 19:30:55.547 25576 25634 I jxcore-log: 
02-08 19:30:55.658 25576 25634 D io.jxcore.node.JXcoreExtension: startUpdateAdvertisingAndListening
02-08 19:30:55.660 25576 25634 I io.jxcore.node.ConnectionHelper: start: Port number: 46325, start advertisements: true
02-08 19:30:55.660 25576 25634 V io.jxcore.node.ConnectivityMonitor: start: Already started
02-08 19:30:55.660 25576 25634 I io.jxcore.node.StartStopOperationHandler: updateBeaconAdExtraInformation: New value: 4
02-08 19:30:55.660 25576 25634 I org.thaliproject.p2p.btconnectorlib.DiscoveryManagerSettings: setBeaconAdExtraInformation: 3 -> 4
02-08 19:30:55.661 25576 25634 I org.thaliproject.p2p.btconnectorlib.internal.AbstractBluetoothConnectivityAgent: clearIdentityString
02-08 19:30:55.662 25576 25634 I org.thaliproject.p2p.btconnectorlib.internal.AbstractBluetoothConnectivityAgent: verifyIdentityString: Identity string created: {"generation":4,"address":"BC:75:74:3A:BC:F8"}
02-08 19:30:55.662 25576 25634 D org.thaliproject.p2p.btconnectorlib.internal.bluetooth.BluetoothConnector: setIdentityString: {"generation":4,"address":"BC:75:74:3A:BC:F8"}
02-08 19:30:55.662 25576 25634 D org.thaliproject.p2p.btconnectorlib.DiscoveryManager: onAdvertiseScanSettingsChanged: Current thread: Thread[Thread-897,5,main], id: 897
02-08 19:30:55.662 25576 25634 I org.thaliproject.p2p.btconnectorlib.internal.bluetooth.le.BlePeerDiscoverer: applySettings:
02-08 19:30:55.662 25576 25634 I org.thaliproject.p2p.btconnectorlib.internal.bluetooth.le.BlePeerDiscoverer:     - Manufacturer ID: 61973
02-08 19:30:55.662 25576 25634 I org.thaliproject.p2p.btconnectorlib.internal.bluetooth.le.BlePeerDiscoverer:     - Beacon ad length and type: 533
02-08 19:30:55.662 25576 25634 I org.thaliproject.p2p.btconnectorlib.internal.bluetooth.le.BlePeerDiscoverer:     - Beacon ad extra information: 4
02-08 19:30:55.662 25576 25634 I org.thaliproject.p2p.btconnectorlib.internal.bluetooth.le.BlePeerDiscoverer:     - Advertisement data type: DO_NOT_CARE
02-08 19:30:55.662 25576 25634 I org.thaliproject.p2p.btconnectorlib.internal.bluetooth.le.BlePeerDiscoverer:     - Advertise mode: 2
02-08 19:30:55.662 25576 25634 I org.thaliproject.p2p.btconnectorlib.internal.bluetooth.le.BlePeerDiscoverer:     - Advertise TX power level: 3
02-08 19:30:55.662 25576 25634 I org.thaliproject.p2p.btconnectorlib.internal.bluetooth.le.BlePeerDiscoverer:     - Scan mode: 2
02-08 19:30:55.662 25576 25634 I org.thaliproject.p2p.btconnectorlib.internal.bluetooth.le.BlePeerDiscoverer:     - Scan report delay in milliseconds: 500
02-08 19:30:55.662 25576 25634 I org.thaliproject.p2p.btconnectorlib.internal.bluetooth.le.BlePeerDiscoverer:     - Current thread: Thread[Thread-897,5,main], id: 897
02-08 19:30:55.662 25576 25634 D org.thaliproject.p2p.btconnectorlib.internal.bluetooth.le.BlePeerDiscoverer: Beacon extra: 4
02-08 19:30:55.662 25576 25634 D org.thaliproject.p2p.btconnectorlib.internal.bluetooth.le.BlePeerDiscoverer: applySettings: advertiserWasStarted true Current thread: Thread[Thread-897,5,main], id: 897
02-08 19:30:55.662 25576 25634 D org.thaliproject.p2p.btconnectorlib.internal.bluetooth.le.BlePeerDiscoverer: applySettings: stop advertiser Current thread: Thread[Thread-897,5,main], id: 897
02-08 19:30:55.662 25576 25634 D org.thaliproject.p2p.btconnectorlib.internal.bluetooth.le.BleAdvertiser: stop. Current thread: Thread[Thread-897,5,main], id: 897
02-08 19:30:55.663 11651 11669 D BtGatt.AdvertiseManager: message : 1
02-08 19:30:55.664 11651 11669 D BtGatt.AdvertiseManager: stop advertise for client 6
02-08 19:30:55.673 11651 11667 D BtGatt.GattService: onAdvertiseInstanceDisabled() - clientIf=6, status=0
02-08 19:30:55.673 11651 11667 D BtGatt.GattService: Client app is not null!
02-08 19:30:55.675 11651 11699 D BtGatt.GattService: unregisterClient() - clientIf=6
02-08 19:30:55.675 25576 25634 D org.thaliproject.p2p.btconnectorlib.internal.bluetooth.le.BleAdvertiser: stop: Stopped
02-08 19:30:55.676 25576 25634 D org.thaliproject.p2p.btconnectorlib.internal.bluetooth.le.BleAdvertiser: setState: current  = RUNNING, new = NOT_STARTEDCurrent thread: Thread[Thread-897,5,main], id: 897
02-08 19:30:55.676 25576 25634 D org.thaliproject.p2p.btconnectorlib.internal.bluetooth.le.BleAdvertiser: setState: State changed from RUNNING to NOT_STARTED
02-08 19:30:55.676 25576 25634 D org.thaliproject.p2p.btconnectorlib.internal.bluetooth.le.BleAdvertiser: setState: finished Current thread: Thread[Thread-897,5,main], id: 897
02-08 19:30:55.676 25576 25634 D org.thaliproject.p2p.btconnectorlib.internal.bluetooth.le.BleAdvertiser: stop finished. Current thread: Thread[Thread-897,5,main], id: 897
02-08 19:30:55.676 25576 25634 D org.thaliproject.p2p.btconnectorlib.internal.bluetooth.le.BleAdvertiser: setAdvertiseSettings, Current thread: Thread[Thread-897,5,main], id: 897
02-08 19:30:55.676 25576 25634 I org.thaliproject.p2p.btconnectorlib.internal.bluetooth.le.BleAdvertiser: setAdvertiseSettings: Mode: 2, Tx power level: 3, timeout: 0, is connectable: false
02-08 19:30:55.676 25576 25634 D org.thaliproject.p2p.btconnectorlib.internal.bluetooth.le.BlePeerDiscoverer: applySettings: start advertiser Current thread: Thread[Thread-897,5,main], id: 897
02-08 19:30:55.676 25576 25634 D org.thaliproject.p2p.btconnectorlib.internal.bluetooth.le.BlePeerDiscoverer: startAdvertiser: Current thread: Thread[Thread-897,5,main], id: 897
02-08 19:30:55.676 25576 25634 D org.thaliproject.p2p.btconnectorlib.internal.bluetooth.le.BlePeerDiscoverer: stopPeerAddressHelperAdvertiser Current thread: Thread[Thread-897,5,main], id: 897
02-08 19:30:55.676 25576 25634 I org.thaliproject.p2p.btconnectorlib.internal.bluetooth.le.BlePeerDiscoverer: startAdvertiser: Starting...
02-08 19:30:55.676 25576 25634 D org.thaliproject.p2p.btconnectorlib.internal.bluetooth.le.BlePeerDiscoverer: createAdvertiseData: createAdvertiseDataToServiceData 
02-08 19:30:55.676 25576 25634 I org.thaliproject.p2p.btconnectorlib.internal.bluetooth.le.PeerAdvertisementFactory: createAdvertiseDataToServiceData: Service UUID: "3bde2124-2767-4930-8ad2-05754401b590", Bluetooth MAC address: "BC:75:74:3A:BC:F8"
02-08 19:30:55.676 25576 25634 V org.thaliproject.p2p.btconnectorlib.internal.bluetooth.le.PeerAdvertisementFactory: createAdvertiseDataToServiceData: Service data (length is 7 bytes): 04 BC 75 74 3A BC F8
02-08 19:30:55.676 25576 25634 V org.thaliproject.p2p.btconnectorlib.internal.bluetooth.le.PeerAdvertisementFactory: createAdvertiseDataToServiceData: Created: AdvertiseData [mServiceUuids=[3bde2124-2767-4930-8ad2-05754401b590], mManufacturerSpecificData={}, mServiceData={3bde2124-2767-4930-8ad2-05754401b590=[4, -68, 117, 116, 58, -68, -8]}, mIncludeTxPowerLevel=false, mIncludeDeviceName=false]
02-08 19:30:55.676 25576 25634 I org.thaliproject.p2p.btconnectorlib.internal.bluetooth.le.BlePeerDiscoverer: createAdvertiseData: created AdvertiseData [mServiceUuids=[3bde2124-2767-4930-8ad2-05754401b590], mManufacturerSpecificData={}, mServiceData={3bde2124-2767-4930-8ad2-05754401b590=[4, -68, 117, 116, 58, -68, -8]}, mIncludeTxPowerLevel=false, mIncludeDeviceName=false]
02-08 19:30:55.676 25576 25634 D org.thaliproject.p2p.btconnectorlib.internal.bluetooth.le.BleAdvertiser: setAdvertiseData: Current thread: Thread[Thread-897,5,main], id: 897
02-08 19:30:55.677 25576 25634 D org.thaliproject.p2p.btconnectorlib.internal.bluetooth.le.BleAdvertiser: setAdvertiseData: AdvertiseData [mServiceUuids=[3bde2124-2767-4930-8ad2-05754401b590], mManufacturerSpecificData={}, mServiceData={3bde2124-2767-4930-8ad2-05754401b590=[4, -68, 117, 116, 58, -68, -8]}, mIncludeTxPowerLevel=false, mIncludeDeviceName=false]. Current thread: Thread[Thread-897,5,main], id: 897
02-08 19:30:55.677 25576 25634 D org.thaliproject.p2p.btconnectorlib.internal.bluetooth.le.BleAdvertiser: setAdvertiseData: was started = false
02-08 19:30:55.677 25576 25634 D org.thaliproject.p2p.btconnectorlib.internal.bluetooth.le.BleAdvertiser: setAdvertiseData: advertiseData = AdvertiseData [mServiceUuids=[3bde2124-2767-4930-8ad2-05754401b590], mManufacturerSpecificData={}, mServiceData={3bde2124-2767-4930-8ad2-05754401b590=[4, -68, 117, 116, 58, -68, -8]}, mIncludeTxPowerLevel=false, mIncludeDeviceName=false]
02-08 19:30:55.677 25576 25634 D org.thaliproject.p2p.btconnectorlib.internal.bluetooth.le.BleAdvertiser: setAdvertiseData finished: Current thread: Thread[Thread-897,5,main], id: 897
02-08 19:30:55.677 25576 25634 D org.thaliproject.p2p.btconnectorlib.internal.bluetooth.le.BleAdvertiser: start:  state = NOT_STARTEDCurrent thread: Thread[Thread-897,5,main], id: 897
02-08 19:30:55.677 25576 25634 I org.thaliproject.p2p.btconnectorlib.internal.bluetooth.le.BleAdvertiser: start: Starting... advertisement data = AdvertiseData [mServiceUuids=[3bde2124-2767-4930-8ad2-05754401b590], mManufacturerSpecificData={}, mServiceData={3bde2124-2767-4930-8ad2-05754401b590=[4, -68, 117, 116, 58, -68, -8]}, mIncludeTxPowerLevel=false, mIncludeDeviceName=false], Current thread: Thread[Thread-897,5,main], id: 897
02-08 19:30:55.677 25576 25634 D BluetoothAdapter: STATE_ON
02-08 19:30:55.679 11651 11662 D BtGatt.GattService: registerClient() - UUID=d7ab374f-24ca-4660-b956-6c9990a1b054
02-08 19:30:55.680 11651 11667 D BtGatt.GattService: onClientRegistered() - UUID=d7ab374f-24ca-4660-b956-6c9990a1b054, clientIf=6
02-08 19:30:55.680 25576 25588 D BluetoothLeAdvertiser: onClientRegistered() - status=0 clientIf=6
02-08 19:30:55.682 11651 11669 D BtGatt.AdvertiseManager: message : 0
02-08 19:30:55.685 11651 11669 D BtGatt.AdvertiseManager: starting multi advertising
02-08 19:30:55.687 11651 11667 D BtGatt.GattService: onAdvertiseInstanceEnabled() - clientIf=6, status=0
02-08 19:30:55.690 11651 11667 D BtGatt.GattService: onAdvertiseDataSet() - clientIf=6, status=0
02-08 19:30:55.691 25576 25634 I org.thaliproject.p2p.btconnectorlib.internal.bluetooth.le.BleAdvertiser: start: Started advertisment Current thread: Thread[Thread-897,5,main], id: 897
02-08 19:30:55.691 25576 25576 D org.thaliproject.p2p.btconnectorlib.internal.bluetooth.le.BleAdvertiser: onStartSuccess : Current thread: Thread[main,5,main], id: 1
02-08 19:30:55.691 25576 25634 D org.thaliproject.p2p.btconnectorlib.internal.bluetooth.le.BleAdvertiser: setState: current  = NOT_STARTED, new = STARTINGCurrent thread: Thread[Thread-897,5,main], id: 897
02-08 19:30:55.691 25576 25634 D org.thaliproject.p2p.btconnectorlib.internal.bluetooth.le.BleAdvertiser: setState: State changed from NOT_STARTED to STARTING
02-08 19:30:55.691 25576 25634 D org.thaliproject.p2p.btconnectorlib.internal.bluetooth.le.BleAdvertiser: setState: onIsAdvertiserStartedChanged default (no call to listener). Current thread: Thread[Thread-897,5,main], id: 897
02-08 19:30:55.691 25576 25634 D org.thaliproject.p2p.btconnectorlib.internal.bluetooth.le.BleAdvertiser: setState: finished Current thread: Thread[Thread-897,5,main], id: 897
02-08 19:30:55.691 25576 25634 I org.thaliproject.p2p.btconnectorlib.internal.bluetooth.le.BleAdvertiser: start: return, state = STARTINGCurrent thread: Thread[Thread-897,5,main], id: 897
02-08 19:30:55.691 25576 25634 D org.thaliproject.p2p.btconnectorlib.internal.bluetooth.le.BleAdvertiser: start returned: Current thread: Thread[Thread-897,5,main], id: 897
02-08 19:30:55.691 25576 25634 D org.thaliproject.p2p.btconnectorlib.internal.bluetooth.le.BlePeerDiscoverer: startAdvertiser started = true Current thread: Thread[Thread-897,5,main], id: 897
02-08 19:30:55.691 25576 25634 D org.thaliproject.p2p.btconnectorlib.internal.bluetooth.le.BlePeerDiscoverer: applySettings: start advertiser started = true Current thread: Thread[Thread-897,5,main], id: 897
02-08 19:30:55.691 25576 25576 D org.thaliproject.p2p.btconnectorlib.internal.bluetooth.le.BleAdvertiser: setState: current  = STARTING, new = RUNNINGCurrent thread: Thread[main,5,main], id: 1
02-08 19:30:55.691 25576 25634 D org.thaliproject.p2p.btconnectorlib.internal.bluetooth.le.BleScanner: applyAdditionalMarshmallowSettings
02-08 19:30:55.692 25576 25634 D org.thaliproject.p2p.btconnectorlib.internal.bluetooth.le.BlePeerDiscoverer: applySettings: scannerWasStarted true Current thread: Thread[Thread-897,5,main], id: 897
02-08 19:30:55.691 25576 25576 D org.thaliproject.p2p.btconnectorlib.internal.bluetooth.le.BleAdvertiser: setState: State changed from STARTING to RUNNING
02-08 19:30:55.692 25576 25634 D org.thaliproject.p2p.btconnectorlib.internal.bluetooth.le.BlePeerDiscoverer: applySettings: stop scanner Current thread: Thread[Thread-897,5,main], id: 897
02-08 19:30:55.692 25576 25634 D org.thaliproject.p2p.btconnectorlib.internal.bluetooth.le.BleScanner: stop, Current thread: Thread[Thread-897,5,main], id: 897
02-08 19:30:55.692 25576 25576 D org.thaliproject.p2p.btconnectorlib.internal.bluetooth.le.BleAdvertiser: notifyAdvertiserStateChanged: started =  true. Current thread: Thread[main,5,main], id: 1
02-08 19:30:55.692 25576 25576 D org.thaliproject.p2p.btconnectorlib.internal.bluetooth.le.BleAdvertiser: setState: finished Current thread: Thread[main,5,main], id: 1
02-08 19:30:55.692 25576 25576 I org.thaliproject.p2p.btconnectorlib.internal.bluetooth.le.BlePeerDiscoverer: onIsAdvertiserStartedChanged: trueCurrent thread: Thread[main,5,main], id: 1
02-08 19:30:55.692 25576 25576 D org.thaliproject.p2p.btconnectorlib.internal.bluetooth.le.BlePeerDiscoverer: updateState : Current thread: Thread[main,5,main], id: 1
02-08 19:30:55.692 25576 25634 D BluetoothAdapter: STATE_ON
02-08 19:30:55.692 25576 25576 D org.thaliproject.p2p.btconnectorlib.internal.bluetooth.le.BlePeerDiscoverer: updateState: deducedStateSet: [SCANNING, ADVERTISING]
02-08 19:30:55.692 25576 25576 D org.thaliproject.p2p.btconnectorlib.internal.bluetooth.le.BlePeerDiscoverer: updateState: stateSet: [SCANNING, ADVERTISING]
02-08 19:30:55.692 11651 11703 D BtGatt.GattService: flushPendingBatchResults - clientIf=5, isServer=false
02-08 19:30:55.692 25576 25576 D org.thaliproject.p2p.btconnectorlib.internal.bluetooth.le.BlePeerDiscoverer: Current thread: Thread[main,5,main], id: 1
02-08 19:30:55.692 25576 25634 D org.thaliproject.p2p.btconnectorlib.internal.bluetooth.le.BleScanner: stop: scan results are flushed 
02-08 19:30:55.693 25576 25576 D org.thaliproject.p2p.btconnectorlib.internal.bluetooth.le.BlePeerDiscoverer: update state finished. Current thread: Thread[main,5,main], id: 1
02-08 19:30:55.693 11651 11670 D BtGatt.ScanManager: flushPendingBatchResults - clientIf = 5
02-08 19:30:55.694 25576 25634 D BluetoothAdapter: STATE_ON
02-08 19:30:55.694 11651 11698 D BtGatt.GattService: stopScan() - queue size =1
02-08 19:30:55.695 11651 11662 D BtGatt.GattService: unregisterClient() - clientIf=5
02-08 19:30:55.696 25576 25634 D org.thaliproject.p2p.btconnectorlib.internal.bluetooth.le.BleScanner: stop: Stopped
02-08 19:30:55.696 25576 25634 D org.thaliproject.p2p.btconnectorlib.internal.bluetooth.le.BleScanner: set state: Current thread: Thread[Thread-897,5,main], id: 897
02-08 19:30:55.696 25576 25634 D org.thaliproject.p2p.btconnectorlib.internal.bluetooth.le.BleScanner: setState: State changed from RUNNING to NOT_STARTED
02-08 19:30:55.696 25576 25634 D org.thaliproject.p2p.btconnectorlib.internal.bluetooth.le.BleScanner: stop finished, Current thread: Thread[Thread-897,5,main], id: 897
02-08 19:30:55.696 25576 25634 I org.thaliproject.p2p.btconnectorlib.internal.bluetooth.le.BleScanner: setScanSettings: Mode: 2, report delay in milliseconds: 500, scan result type: 0
02-08 19:30:55.697 25576 25634 D org.thaliproject.p2p.btconnectorlib.internal.bluetooth.le.BlePeerDiscoverer: applySettings: start scanner Current thread: Thread[Thread-897,5,main], id: 897
02-08 19:30:55.697 25576 25634 D org.thaliproject.p2p.btconnectorlib.internal.bluetooth.le.BlePeerDiscoverer: startScanner: Current thread: Thread[Thread-897,5,main], id: 897
02-08 19:30:55.697 25576 25634 I org.thaliproject.p2p.btconnectorlib.internal.bluetooth.le.BlePeerDiscoverer: startScanner: Starting...
02-08 19:30:55.697 25576 25634 D org.thaliproject.p2p.btconnectorlib.internal.bluetooth.le.BlePeerDiscoveryUtils: createScanFilter: No service UUID, use manufacturer ID: true
02-08 19:30:55.697 25576 25634 D org.thaliproject.p2p.btconnectorlib.internal.bluetooth.le.BlePeerDiscoveryUtils: manufacturer ID: 61973
02-08 19:30:55.697 25576 25634 D org.thaliproject.p2p.btconnectorlib.internal.bluetooth.le.BlePeerDiscoveryUtils: createScanFilter: BluetoothLeScanFilter [mDeviceName=null, mDeviceAddress=null, mUuid=null, mUuidMask=null, mServiceDataUuid=null, mServiceData=null, mServiceDataMask=null, mManufacturerId=61973, mManufacturerData=null, mManufacturerDataMask=null]
02-08 19:30:55.697 25576 25634 D org.thaliproject.p2p.btconnectorlib.internal.bluetooth.le.BleScanner: start: Current thread: Thread[Thread-897,5,main], id: 897
02-08 19:30:55.698 25576 25634 D BluetoothAdapter: STATE_ON
02-08 19:30:55.699 11651 11667 D BtGatt.GattService: onBatchScanReports() - clientIf=5, status=0, reportType=2, numRecords=6
02-08 19:30:55.700 11651 11667 D BtGatt.ScanManager: callback done for clientIf - 5 status - 0
02-08 19:30:55.700 11651 11667 D BtGatt.GattService: current time is 2006213299982602
02-08 19:30:55.700 11651 11667 D BtGatt.GattService: Batch record : [15, -67, 58, 116, 117, -68, 0, -128, -61, 10, 0, 29, 17, 7, -112, -75, 1, 68, 117, 5, -46, -118, 48, 73, 103, 39, 36, 33, -34, 59, 10, 22, 36, 33, 4, -68, 117, 116, 58, -67, 15, 0, -97, -102, -7, -70, 0, 36, 0, -128, -58, 5, 0, 29, 17, 7, -112, -75, 1, 68, 117, 5, -46, -118, 48, 73, 103, 39, 36, 33, -34, 59, 10, 22, 36, 33, 5, 36, 0, -70, -7, -102, -97, 0, 100, 75, -63, -90, -74, 74, 1, -128, -61, 3, 0, 29, 17, 7, -112, -75, 1, 68, 117, 5, -46, -118, 48, 73, 103, 39, 36, 33, -34, 59, 10, 22, 36, 33, 5, -68, 117, 116, 58, -67, 15, 0, 15, -67, 58, 116, 117, -68, 0, -128, -60, 1, 0, 29, 17, 7, -112, -75, 1, 68, 117, 5, -46, -118, 48, 73, 103, 39, 36, 33, -34, 59, 10, 22, 36, 33, 5, -68, 117, 116, 58, -67, 15, 0, -99, 126, -28, -111, -12, 110, 1, -128, -58, 3, 0, 29, 17, 7, -112, -75, 1, 68, 117, 5, -46, -118, 48, 73, 103, 39, 36, 33, -34, 59, 10, 22, 36, 33, 6, 36, 0, -70, -7, -102, -97, 0, -97, -102, -7, -70, 0, 36, 0, -128, -58, 3, 0, 29, 17, 7, -112, -75, 1, 68, 117, 5, -46, -118, 48, 73, 103, 39, 36, 33, -34, 59, 10, 22, 36, 33, 6, 36, 0, -70, -7, -102, -97, 0]
02-08 19:30:55.700 11651 11661 D BtGatt.GattService: registerClient() - UUID=5922bce7-c1a0-443a-bea2-b787fbb6228e
02-08 19:30:55.700 11651 11667 D BtGatt.GattService: ScanRecord : [17, 7, -112, -75, 1, 68, 117, 5, -46, -118, 48, 73, 103, 39, 36, 33, -34, 59, 10, 22, 36, 33, 4, -68, 117, 116, 58, -67, 15]
02-08 19:30:55.700 11651 11667 D BtGatt.GattService: ScanRecord : [17, 7, -112, -75, 1, 68, 117, 5, -46, -118, 48, 73, 103, 39, 36, 33, -34, 59, 10, 22, 36, 33, 5, 36, 0, -70, -7, -102, -97]
02-08 19:30:55.701 11651 11667 D BtGatt.GattService: ScanRecord : [17, 7, -112, -75, 1, 68, 117, 5, -46, -118, 48, 73, 103, 39, 36, 33, -34, 59, 10, 22, 36, 33, 5, -68, 117, 116, 58, -67, 15]
02-08 19:30:55.701 11651 11667 D BtGatt.GattService: ScanRecord : [17, 7, -112, -75, 1, 68, 117, 5, -46, -118, 48, 73, 103, 39, 36, 33, -34, 59, 10, 22, 36, 33, 5, -68, 117, 116, 58, -67, 15]
02-08 19:30:55.701 11651 11667 D BtGatt.GattService: ScanRecord : [17, 7, -112, -75, 1, 68, 117, 5, -46, -118, 48, 73, 103, 39, 36, 33, -34, 59, 10, 22, 36, 33, 6, 36, 0, -70, -7, -102, -97]
02-08 19:30:55.701 11651 11667 D BtGatt.GattService: ScanRecord : [17, 7, -112, -75, 1, 68, 117, 5, -46, -118, 48, 73, 103, 39, 36, 33, -34, 59, 10, 22, 36, 33, 6, 36, 0, -70, -7, -102, -97]
02-08 19:30:55.701 11651 11667 E BtGatt.ContextMap: Context not found for ID 5
02-08 19:30:55.702 11651 11667 D BtGatt.GattService: onClientRegistered() - UUID=5922bce7-c1a0-443a-bea2-b787fbb6228e, clientIf=5
02-08 19:30:55.702 25576 25588 D BluetoothLeScanner: onClientRegistered() - status=0 clientIf=5
02-08 19:30:55.703 11651 11698 D BtGatt.GattService: start scan with filters
02-08 19:30:55.704 11651 11667 D BtGatt.GattService: onScanFilterParamsConfigured() - clientIf=5, status=0, action=1, availableSpace=32
02-08 19:30:55.704 11651 11667 D BtGatt.ScanManager: callback done for clientIf - 5 status - 0
02-08 19:30:55.704 11651 11670 D BtGatt.ScanManager: stopping BLe Batch
02-08 19:30:55.705 25576 25634 D org.thaliproject.p2p.btconnectorlib.internal.bluetooth.le.BleScanner: start: scan started
02-08 19:30:55.705 25576 25634 D org.thaliproject.p2p.btconnectorlib.internal.bluetooth.le.BleScanner: set state: Current thread: Thread[Thread-897,5,main], id: 897
02-08 19:30:55.705 25576 25634 D org.thaliproject.p2p.btconnectorlib.internal.bluetooth.le.BleScanner: setState: State changed from NOT_STARTED to RUNNING
02-08 19:30:55.705 25576 25634 D org.thaliproject.p2p.btconnectorlib.internal.bluetooth.le.BleScanner: notifyScannerStateChanged: started =  true. Current thread: Thread[Thread-897,5,main], id: 897
02-08 19:30:55.706 25576 25634 D org.thaliproject.p2p.btconnectorlib.internal.bluetooth.le.BlePeerDiscoverer: applySettings: start scanner started = true Current thread: Thread[Thread-897,5,main], id: 897
02-08 19:30:55.706 25576 25634 V io.jxcore.node.StartStopOperation: isTargetState: Connectivity: RUNNING, discovery: RUNNING_BLE, is discovering: true, is advertising: true - Start operation: Should start/stop everything
02-08 19:30:55.706 25576 25576 I org.thaliproject.p2p.btconnectorlib.internal.bluetooth.le.BlePeerDiscoverer: onIsScannerStartedChanged: trueCurrent thread: Thread[main,5,main], id: 1
02-08 19:30:55.706 25576 25634 V io.jxcore.node.StartStopOperationHandler: executeCurrentOperation: The current state already matches the desired outcome of this operation, skipping...
02-08 19:30:55.706 25576 25576 D org.thaliproject.p2p.btconnectorlib.internal.bluetooth.le.BlePeerDiscoverer: updateState : Current thread: Thread[main,5,main], id: 1
02-08 19:30:55.706 25576 25634 I io.jxcore.node.ConnectionHelper: start: OK
02-08 19:30:55.706 25576 25576 D org.thaliproject.p2p.btconnectorlib.internal.bluetooth.le.BlePeerDiscoverer: updateState: deducedStateSet: [SCANNING, ADVERTISING]
02-08 19:30:55.706 25576 25576 D org.thaliproject.p2p.btconnectorlib.internal.bluetooth.le.BlePeerDiscoverer: updateState: stateSet: [SCANNING, ADVERTISING]
02-08 19:30:55.706 25576 25576 D org.thaliproject.p2p.btconnectorlib.internal.bluetooth.le.BlePeerDiscoverer: Current thread: Thread[main,5,main], id: 1
02-08 19:30:55.706 11651 11667 D BtGatt.GattService: onBatchScanStartStopped() - clientIf=5, status=0, startStopAction=0
02-08 19:30:55.706 25576 25576 D org.thaliproject.p2p.btconnectorlib.internal.bluetooth.le.BlePeerDiscoverer: update state finished. Current thread: Thread[main,5,main], id: 1
02-08 19:30:55.706 11651 11667 D BtGatt.ScanManager: callback done for clientIf - 5 status - 0
02-08 19:30:55.707 11651 11670 D BtGatt.ScanManager: flushPendingBatchResults - clientIf = 5
02-08 19:30:55.708 11651 11667 D BtGatt.GattService: onBatchScanReports() - clientIf=5, status=0, reportType=2, numRecords=0
02-08 19:30:55.708 11651 11667 D BtGatt.ScanManager: callback done for clientIf - 5 status - 0
02-08 19:30:55.710 25576 25634 I jxcore-log: 2017-02-08 16:30:55 - DEBUG thaliWifiInfrastructure: 'Emitting wifiPeerAvailabilityChanged {"peerIdentifier":"31be25d7-1d26-4a5f-959b-169f18909c37","generation":1,"portNumber":null,"hostAddress":null}'
02-08 19:30:55.710 25576 25634 I jxcore-log: 
02-08 19:30:55.711 25576 25634 I jxcore-log: 2017-02-08 16:30:55 - DEBUG thaliMobile: 'Emitting peerAvailabilityChanged from handlePeer {"peerIdentifier":"31be25d7-1d26-4a5f-959b-169f18909c37","connectionType":"tcp","peerAvailable":false,"generation":1,"newAddressPort":null}'
02-08 19:30:55.711 25576 25634 I jxcore-log: 
02-08 19:30:55.711 11651 11670 D BtGatt.ScanManager: handling starting scan
02-08 19:30:55.712 25576 25634 I jxcore-log: 2017-02-08 16:30:55 - WARN thaliNotificationClient: 'peer is not available'
02-08 19:30:55.712 25576 25634 I jxcore-log: 
02-08 19:30:55.713 25576 25634 I jxcore-log: 2017-02-08 16:30:55 - DEBUG thaliWifiInfrastructure: 'Emitting wifiPeerAvailabilityChanged {"peerIdentifier":"31be25d7-1d26-4a5f-959b-169f18909c37","generation":2,"hostAddress":"192.168.2.3","portNumber":49441}'
02-08 19:30:55.713 25576 25634 I jxcore-log: 
02-08 19:30:55.714 25576 25634 I jxcore-log: 2017-02-08 16:30:55 - DEBUG thaliMobile: 'Emitting peerAvailabilityChanged from handlePeer {"peerIdentifier":"31be25d7-1d26-4a5f-959b-169f18909c37","connectionType":"tcp","peerAvailable":true,"generation":2,"newAddressPort":false}'
02-08 19:30:55.714 25576 25634 I jxcore-log: 
02-08 19:30:55.714 11651 11667 D BtGatt.GattService: onScanFilterEnableDisabled() - clientIf=5, status=0, action=1
02-08 19:30:55.715 11651 11667 D BtGatt.ScanManager: callback done for clientIf - 5 status - 0
02-08 19:30:55.715 11651 11670 D BtGatt.ScanManager: configureFilterParamter 1500 10000 4 0
02-08 19:30:55.716 11651 11667 D BtGatt.GattService: onScanFilterParamsConfigured() - clientIf=5, status=0, action=0, availableSpace=31
02-08 19:30:55.716 11651 11667 D BtGatt.ScanManager: callback done for clientIf - 5 status - 0
02-08 19:30:55.716 11651 11670 D BtGatt.ScanManager: Starting BLE batch scan
02-08 19:30:55.717 11651 11670 D BtGatt.ScanManager: configuring batch scan storage, appIf 5
02-08 19:30:55.719 11651 11667 D BtGatt.GattService: onBatchScanStorageConfigured() - clientIf=5, status=0
02-08 19:30:55.719 11651 11667 D BtGatt.ScanManager: callback done for clientIf - 5 status - 0
02-08 19:30:55.720 11651 11667 D BtGatt.GattService: onBatchScanStartStopped() - clientIf=5, status=0, startStopAction=1
02-08 19:30:55.720 11651 11667 D BtGatt.ScanManager: callback done for clientIf - 5 status - 0
02-08 19:30:55.722 25576 25634 I jxcore-log: 2017-02-08 16:30:55 - DEBUG thaliWifiInfrastructure: 'Emitting wifiPeerAvailabilityChanged {"peerIdentifier":"203786f9-638b-44da-9de4-e087fbc6a0d7","generation":1,"portNumber":null,"hostAddress":null}'
02-08 19:30:55.722 25576 25634 I jxcore-log: 
02-08 19:30:55.723 25576 25634 I jxcore-log: 2017-02-08 16:30:55 - DEBUG thaliMobile: 'Emitting peerAvailabilityChanged from handlePeer {"peerIdentifier":"203786f9-638b-44da-9de4-e087fbc6a0d7","connectionType":"tcp","peerAvailable":false,"generation":1,"newAddressPort":null}'
02-08 19:30:55.723 25576 25634 I jxcore-log: 
02-08 19:30:55.724 25576 25634 I jxcore-log: 2017-02-08 16:30:55 - WARN thaliNotificationClient: 'peer is not available'
02-08 19:30:55.724 25576 25634 I jxcore-log: 
02-08 19:30:55.745 25576 25634 I jxcore-log: 2017-02-08 16:30:55 - INFO nodeSSDPServerLogger: '{ address: 'http://0.0.0.0:1900' } 'SSDP listening''
02-08 19:30:55.745 25576 25634 I jxcore-log: 
02-08 19:30:55.745 25576 25634 I jxcore-log: 2017-02-08 16:30:55 - INFO nodeSSDPServerLogger: 'UDP socket bound'
02-08 19:30:55.745 25576 25634 I jxcore-log: 
02-08 19:30:55.746 25576 25634 I jxcore-log: 2017-02-08 16:30:55 - INFO nodeSSDPServerLogger: 'Socket bound'
02-08 19:30:55.746 25576 25634 I jxcore-log: 
02-08 19:30:55.771 25576 25634 I jxcore-log: 2017-02-08 16:30:55 - DEBUG thaliWifiInfrastructure: 'Emitting wifiPeerAvailabilityChanged {"peerIdentifier":"203786f9-638b-44da-9de4-e087fbc6a0d7","generation":2,"hostAddress":"192.168.2.5","portNumber":47656}'
02-08 19:30:55.771 25576 25634 I jxcore-log: 
02-08 19:30:55.771 25576 25634 I jxcore-log: 2017-02-08 16:30:55 - DEBUG thaliMobile: 'Emitting peerAvailabilityChanged from handlePeer {"peerIdentifier":"203786f9-638b-44da-9de4-e087fbc6a0d7","connectionType":"tcp","peerAvailable":true,"generation":2,"newAddressPort":false}'
02-08 19:30:55.771 25576 25634 I jxcore-log: 
02-08 19:30:55.820 25576 25634 I jxcore-log: 2017-02-08 16:30:55 - DEBUG thaliManager: 'connected pskIdentity Beacon Please for path /NotificationBeacons'
02-08 19:30:55.820 25576 25634 I jxcore-log: 
02-08 19:30:55.844 25576 25634 I jxcore-log: 2017-02-08 16:30:55 - DEBUG thaliManager: 'connected pskIdentity Beacon Please for path /NotificationBeacons'
02-08 19:30:55.844 25576 25634 I jxcore-log: 
02-08 19:30:55.957 25576 25634 I jxcore-log: 2017-02-08 16:30:55 - DEBUG thaliManager: 'connected pskIdentity Beacon Please for path /NotificationBeacons'
02-08 19:30:55.957 25576 25634 I jxcore-log: 
02-08 19:30:55.971 25576 25634 I jxcore-log: 2017-02-08 16:30:55 - DEBUG thaliManager: 'connected pskIdentity Beacon Please for path /NotificationBeacons'
02-08 19:30:55.971 25576 25634 I jxcore-log: 
02-08 19:30:55.977 25576 25634 I jxcore-log: 2017-02-08 16:30:55 - DEBUG thaliManager: 'connected pskIdentity N4Co1KLQ8q11QJKT9ynP9TzJ-jlvWPzCARSO91L2-gs for path /db/'
02-08 19:30:55.977 25576 25634 I jxcore-log: 
02-08 19:30:56.019 11651 11674 W bt_sdp  : process_service_search_attr_rsp
02-08 19:30:56.037 25576 25634 I jxcore-log: 2017-02-08 16:30:56 - DEBUG thaliManager: 'connected pskIdentity kCk07AyPSHJyO2w3Riy24w_j6wg-Dv8QWVQWLUsgtGc for path /db/'
02-08 19:30:56.037 25576 25634 I jxcore-log: 
02-08 19:30:56.051 25576 25634 I jxcore-log: 2017-02-08 16:30:56 - DEBUG thaliManager: 'connected pskIdentity N4Co1KLQ8q11QJKT9ynP9TzJ-jlvWPzCARSO91L2-gs for path /db/ThaliManagerCoordinated/_changes'
02-08 19:30:56.051 25576 25634 I jxcore-log: 
02-08 19:30:56.059 25576 25634 I jxcore-log: 2017-02-08 16:30:56 - DEBUG thaliManager: 'connected pskIdentity kCk07AyPSHJyO2w3Riy24w_j6wg-Dv8QWVQWLUsgtGc for path /db/ThaliManagerCoordinated/_changes'
02-08 19:30:56.059 25576 25634 I jxcore-log: 
02-08 19:30:56.081 25576 25634 I jxcore-log: 2017-02-08 16:30:56 - DEBUG thaliManager: 'connected pskIdentity N4Co1KLQ8q11QJKT9ynP9TzJ-jlvWPzCARSO91L2-gs for path /db/'
02-08 19:30:56.081 25576 25634 I jxcore-log: 
02-08 19:30:56.134 25576 25634 I jxcore-log: 2017-02-08 16:30:56 - DEBUG thaliManager: 'connected pskIdentity N4Co1KLQ8q11QJKT9ynP9TzJ-jlvWPzCARSO91L2-gs for path /db/ThaliManagerCoordinated/_changes'
02-08 19:30:56.134 25576 25634 I jxcore-log: 
02-08 19:30:56.139 25576 25634 I jxcore-log: 2017-02-08 16:30:56 - DEBUG thaliManager: 'connected pskIdentity kCk07AyPSHJyO2w3Riy24w_j6wg-Dv8QWVQWLUsgtGc for path /db/ThaliManagerCoordinated/_changes'
02-08 19:30:56.139 25576 25634 I jxcore-log: 
02-08 19:30:56.147 25576 25634 I jxcore-log: 2017-02-08 16:30:56 - DEBUG thaliManager: 'connected pskIdentity N4Co1KLQ8q11QJKT9ynP9TzJ-jlvWPzCARSO91L2-gs for path /db/ThaliManagerCoordinated/_changes'
02-08 19:30:56.147 25576 25634 I jxcore-log: 
02-08 19:30:56.165 25576 25634 I jxcore-log: 2017-02-08 16:30:56 - DEBUG thaliReplicationPeerAction: 'Got paused with -  '
02-08 19:30:56.165 25576 25634 I jxcore-log: 
02-08 19:30:56.166 25576 25634 I jxcore-log: 2017-02-08 16:30:56 - DEBUG thaliWifiInfrastructure: 'Emitting wifiPeerAvailabilityChanged {"peerIdentifier":"31be25d7-1d26-4a5f-959b-169f18909c37","generation":2,"hostAddress":"192.168.2.3","portNumber":49441}'
02-08 19:30:56.166 25576 25634 I jxcore-log: 
02-08 19:30:56.197 25576 25634 I jxcore-log: 2017-02-08 16:30:56 - DEBUG thaliManager: 'connected pskIdentity kCk07AyPSHJyO2w3Riy24w_j6wg-Dv8QWVQWLUsgtGc for path /db/ThaliManagerCoordinated/_bulk_get'
02-08 19:30:56.197 25576 25634 I jxcore-log: 
02-08 19:30:56.212 25576 25634 I jxcore-log: 2017-02-08 16:30:56 - DEBUG thaliManager: 'connected pskIdentity N4Co1KLQ8q11QJKT9ynP9TzJ-jlvWPzCARSO91L2-gs for path /db/ThaliManagerCoordinated/_bulk_get'
02-08 19:30:56.212 25576 25634 I jxcore-log: 
02-08 19:30:56.312 25576 25634 I jxcore-log: 2017-02-08 16:30:56 - DEBUG thaliManager: 'connected pskIdentity kCk07AyPSHJyO2w3Riy24w_j6wg-Dv8QWVQWLUsgtGc for path /db/ThaliManagerCoordinated/_changes'
02-08 19:30:56.312 25576 25634 I jxcore-log: 
02-08 19:30:56.318 25576 25634 I jxcore-log: 2017-02-08 16:30:56 - DEBUG thaliManager: 'connected pskIdentity N4Co1KLQ8q11QJKT9ynP9TzJ-jlvWPzCARSO91L2-gs for path /db/ThaliManagerCoordinated/_changes'
02-08 19:30:56.318 25576 25634 I jxcore-log: 
02-08 19:30:56.321 11651 11674 W bt_rfcomm: port_rfc_closed RFCOMM connection in state 1 closed: Closed (res: 19)
02-08 19:30:56.321 25576 25660 E org.thaliproject.p2p.btconnectorlib.internal.bluetooth.BluetoothClientThread:  createSocketAndConnect: connect, read failed, socket might closed or timeout, read ret: -1
02-08 19:30:56.321 11651 11676 E bt_btif_sock_rfcomm: find_rfc_slot_by_id unable to find RFCOMM slot id: 980
02-08 19:30:56.321 25576 25660 D org.thaliproject.p2p.btconnectorlib.internal.bluetooth.BluetoothClientThread: Failed to connect (tried 1 time(s)): read failed, socket might closed or timeout, read ret: -1 (thread ID: 905)
02-08 19:30:56.322 25576 25660 D org.thaliproject.p2p.btconnectorlib.internal.bluetooth.BluetoothClientThread: Maximum number of allowed retries (0) reached, giving up... (thread ID: 905)
02-08 19:30:56.322 25576 25660 E org.thaliproject.p2p.btconnectorlib.internal.bluetooth.BluetoothConnector: onConnectionFailed: Failed to connect (tried 1 time(s)): read failed, socket might closed or timeout, read ret: -1 (thread ID: 905)
02-08 19:30:56.323 25576 25660 I org.thaliproject.p2p.btconnectorlib.internal.bluetooth.BluetoothConnector: removeAndShutdownBluetoothClientThread: Thread ID: 905
02-08 19:30:56.323 25576 25576 W org.thaliproject.p2p.btconnectorlib.ConnectionManager: onConnectionFailed: Failed to connect to peer [24:00:BA:F9:9A:9F 5]: Failed to connect (tried 1 time(s)): read failed, socket might closed or timeout, read ret: -1
02-08 19:30:56.324 25576 25576 E io.jxcore.node.ConnectionHelper: onConnectionFailed: Peer properties: [24:00:BA:F9:9A:9F 5], error message: Failed to connect (tried 1 time(s)): read failed, socket might closed or timeout, read ret: -1
02-08 19:30:56.325 25576 25660 D org.thaliproject.p2p.btconnectorlib.internal.bluetooth.BluetoothConnector: shutdownBluetoothClientThread: Thread ID: 905
02-08 19:30:56.327 25576 25576 D io.jxcore.node.ConnectionModel: removeOutgoingConnectionCallback: Callback associated with Bluetooth MAC address "24:00:BA:F9:9A:9F" removed
02-08 19:30:56.327 25576 25576 I org.thaliproject.p2p.btconnectorlib.ConnectionManagerSettings: setInsecureRfcommSocketPortNumber: Will use port 1 when trying to connect
02-08 19:30:56.328 25576 25576 V org.thaliproject.p2p.btconnectorlib.internal.bluetooth.BluetoothConnector: setInsecureRfcommSocketPort: -1 -> 1
02-08 19:30:56.329 25576 25660 I org.thaliproject.p2p.btconnectorlib.internal.bluetooth.BluetoothClientThread: socketConnectSucceeded false
02-08 19:30:56.329 25576 25660 I org.thaliproject.p2p.btconnectorlib.internal.bluetooth.BluetoothClientThread: Exiting thread (thread ID: 905)
02-08 19:30:56.331 25576 25661 D org.thaliproject.p2p.btconnectorlib.internal.bluetooth.BluetoothClientThread: shutdown: Thread ID: 905
02-08 19:30:56.331 25576 25661 D org.thaliproject.p2p.btconnectorlib.internal.bluetooth.BluetoothClientThread: close
02-08 19:30:56.331 25576 25661 D org.thaliproject.p2p.btconnectorlib.internal.bluetooth.BluetoothClientThread: close: Trying to close the Bluetooth socket... (thread ID: 905)
02-08 19:30:56.332 25576 25661 D org.thaliproject.p2p.btconnectorlib.internal.bluetooth.BluetoothClientThread: close: Bluetooth socket closed (thread ID: 905)
02-08 19:30:56.332 11651 11651 D BtGatt.ScanManager: awakened up at time 2006213932
02-08 19:30:56.332 25576 25634 I jxcore-log: 2017-02-08 16:30:56 - WARN createPeerListener: 'callNative for 24:00:BA:F9:9A:9F failed with Connection to peer [24:00:BA:F9:9A:9F 5] failed: Failed to connect (tried 1 time(s)): read failed, socket might closed or timeout, read ret: -1'
02-08 19:30:56.332 25576 25634 I jxcore-log: 
02-08 19:30:56.333 25576 25634 I jxcore-log: 2017-02-08 16:30:56 - DEBUG makeIntoCloseAllServer: 'closeAll called on server'
02-08 19:30:56.333 25576 25634 I jxcore-log: 
02-08 19:30:56.334 25576 25634 I jxcore-log: 2017-02-08 16:30:56 - DEBUG createPeerListener: 'We are emitting failedConnection with error "Error: Connection to peer [24:00:BA:F9:9A:9F 5] failed: Failed to connect (tried 1 time(s)): read failed, socket might closed or timeout, read ret: -1" and peerIdentifier "24:00:BA:F9:9A:9F"'
02-08 19:30:56.334 25576 25634 I jxcore-log: 
02-08 19:30:56.334 25576 25634 I jxcore-log: 2017-02-08 16:30:56 - DEBUG thaliMobileNativeWrapper: 'Received peer availability changed event with {"peerIdentifier":"24:00:BA:F9:9A:9F","peerAvailable":false,"portNumber":null,"recreated":true}'
02-08 19:30:56.334 25576 25634 I jxcore-log: 
02-08 19:30:56.334 11651 11670 D BtGatt.ScanManager: flushPendingBatchResults - clientIf = 5
02-08 19:30:56.334 25576 25634 I jxcore-log: 2017-02-08 16:30:56 - DEBUG createPeerListener: 'Will try to recreate server for 24:00:BA:F9:9A:9F'
02-08 19:30:56.334 25576 25634 I jxcore-log: 
02-08 19:30:56.335 25576 25634 I jxcore-log: 2017-02-08 16:30:56 - DEBUG thaliMobileNativeWrapper: 'handlePeerUnavailable - Emitting {"peerIdentifier":"24:00:BA:F9:9A:9F","peerAvailable":false,"generation":null,"portNumber":null,"recreated":true}'
02-08 19:30:56.335 25576 25634 I jxcore-log: 
02-08 19:30:56.336 25576 25634 I jxcore-log: 2017-02-08 16:30:56 - DEBUG thaliMobile: 'Emitting peerAvailabilityChanged from handleRecreatedPeer {"peerIdentifier":"24:00:BA:F9:9A:9F","connectionType":"AndroidBluetooth","peerAvailable":false,"generation":null,"newAddressPort":null}'
02-08 19:30:56.336 25576 25634 I jxcore-log: 
02-08 19:30:56.336 25576 25634 I jxcore-log: 2017-02-08 16:30:56 - WARN thaliNotificationClient: 'peer is not available'
02-08 19:30:56.336 25576 25634 I jxcore-log: 
02-08 19:30:56.338 25576 25634 I jxcore-log: 2017-02-08 16:30:56 - DEBUG createPeerListener: 'creating new server for 24:00:BA:F9:9A:9F'
02-08 19:30:56.338 25576 25634 I jxcore-log: 
02-08 19:30:56.341 11651 11667 D BtGatt.GattService: onBatchScanReports() - clientIf=5, status=0, reportType=2, numRecords=2
02-08 19:30:56.341 25576 25634 I jxcore-log: 2017-02-08 16:30:56 - DEBUG createPeerListener: 'Node TCP/IP listener (server) for 24:00:BA:F9:9A:9F listening on 47518'
02-08 19:30:56.341 25576 25634 I jxcore-log: 
02-08 19:30:56.341 11651 11667 D BtGatt.ScanManager: callback done for clientIf - 5 status - 0
02-08 19:30:56.341 11651 11667 D BtGatt.GattService: current time is 2006213941238383
