02-08 19:30:52.752 19702 19702 D org.thaliproject.p2p.btconnectorlib.DiscoveryManager: updateStateInternal finished Current thread: Thread[main,5,main], id: 1
02-08 19:30:52.752 19702 19702 D org.thaliproject.p2p.btconnectorlib.DiscoveryManager: updateState finished Current thread: Thread[main,5,main], id: 1
02-08 19:30:52.753 19702 19702 I io.jxcore.node.ConnectionHelper: onDiscoveryManagerStateChanged: State: RUNNING_BLE, is discovering: true, is advertising: true
02-08 19:30:52.753 19702 19763 I jxcore-log: 2017-02-08 16:30:52 - INFO nodeSSDPServerLogger: 'UDP socket bound'
02-08 19:30:52.753 19702 19763 I jxcore-log: 
02-08 19:30:52.755 19702 19763 I jxcore-log: 2017-02-08 16:30:52 - INFO nodeSSDPServerLogger: 'Socket bound'
02-08 19:30:52.755 19702 19763 I jxcore-log: 
02-08 19:30:52.756 19702 19763 I jxcore-log: 2017-02-08 16:30:52 - DEBUG thaliMobileNativeWrapper: 'discoveryAdvertisingStateUpdateNonTCP: {"discoveryActive":true,"advertisingActive":false}'
02-08 19:30:52.756 19702 19763 I jxcore-log: 
02-08 19:30:52.757 19702 19763 I jxcore-log: 2017-02-08 16:30:52 - INFO thaliMobile: 'Received state ({"discoveryActive":true,"advertisingActive":false}) did not match with target ({"started":true,"listening":true,"advertising":true,"networkType":"BOTH","startArguments":{"networkType":"BOTH"}})'
02-08 19:30:52.757 19702 19763 I jxcore-log: 
02-08 19:30:52.800 19702 19763 I jxcore-log: 2017-02-08 16:30:52 - DEBUG thaliWifiInfrastructure: 'Emitting wifiPeerAvailabilityChanged {"peerIdentifier":"31be25d7-1d26-4a5f-959b-169f18909c37","generation":0,"hostAddress":"192.168.2.3","portNumber":49441}'
02-08 19:30:52.800 19702 19763 I jxcore-log: 
02-08 19:30:52.802 19702 19763 I jxcore-log: 2017-02-08 16:30:52 - DEBUG thaliMobile: 'Emitting peerAvailabilityChanged from handlePeer {"peerIdentifier":"31be25d7-1d26-4a5f-959b-169f18909c37","connectionType":"tcp","peerAvailable":true,"generation":0,"newAddressPort":false}'
02-08 19:30:52.802 19702 19763 I jxcore-log: 
02-08 19:30:52.878 19702 19763 I jxcore-log: 2017-02-08 16:30:52 - DEBUG thaliPeerPoolDefault: 'Got err   Could not establish TCP connection'
02-08 19:30:52.878 19702 19763 I jxcore-log: 
02-08 19:30:53.061 19702 19763 I jxcore-log: 2017-02-08 16:30:53 - DEBUG thaliPeerPoolDefault: 'Got err   Could not establish TCP connection'
02-08 19:30:53.061 19702 19763 I jxcore-log: 
02-08 19:30:53.253 19702 19702 V io.jxcore.node.ConnectionHelper: Notifying discovery manager state change: is discovering: true, is advertising: true
02-08 19:30:53.254 19702 19702 V io.jxcore.node.StartStopOperation: isTargetState: Connectivity: RUNNING, discovery: RUNNING_BLE, is discovering: true, is advertising: true - Start operation: Should start/stop everything
02-08 19:30:53.254 19702 19702 D io.jxcore.node.StartStopOperationHandler: processCurrentOperationStatus: Operation successfully executed
02-08 19:30:53.264 19702 19763 I jxcore-log: 2017-02-08 16:30:53 - DEBUG thaliMobileNativeWrapper: 'discoveryAdvertisingStateUpdateNonTCP: {"discoveryActive":true,"advertisingActive":true}'
02-08 19:30:53.264 19702 19763 I jxcore-log: 
02-08 19:30:53.271 19702 19763 I jxcore-log: 2017-02-08 16:30:53 - DEBUG thaliManager: 'starting thaliSendNotificationBasedOnReplication'
02-08 19:30:53.271 19702 19763 I jxcore-log: 
02-08 19:30:53.366 19702 19763 D io.jxcore.node.JXcoreExtension: startUpdateAdvertisingAndListening
02-08 19:30:53.369 19702 19763 I io.jxcore.node.ConnectionHelper: start: Port number: 47900, start advertisements: true
02-08 19:30:53.369 19702 19763 V io.jxcore.node.ConnectivityMonitor: start: Already started
02-08 19:30:53.369 19702 19763 I io.jxcore.node.StartStopOperationHandler: updateBeaconAdExtraInformation: New value: 5
02-08 19:30:53.369 19702 19763 I org.thaliproject.p2p.btconnectorlib.DiscoveryManagerSettings: setBeaconAdExtraInformation: 4 -> 5
02-08 19:30:53.369 19702 19763 I org.thaliproject.p2p.btconnectorlib.internal.AbstractBluetoothConnectivityAgent: clearIdentityString
02-08 19:30:53.371 19702 19763 I org.thaliproject.p2p.btconnectorlib.internal.AbstractBluetoothConnectivityAgent: verifyIdentityString: Identity string created: {"generation":5,"address":"24:00:BA:F9:9A:9F"}
02-08 19:30:53.371 19702 19763 D org.thaliproject.p2p.btconnectorlib.internal.bluetooth.BluetoothConnector: setIdentityString: {"generation":5,"address":"24:00:BA:F9:9A:9F"}
02-08 19:30:53.371 19702 19763 D org.thaliproject.p2p.btconnectorlib.DiscoveryManager: onAdvertiseScanSettingsChanged: Current thread: Thread[Thread-2845,7,main], id: 2845
02-08 19:30:53.372 19702 19763 I org.thaliproject.p2p.btconnectorlib.internal.bluetooth.le.BlePeerDiscoverer: applySettings:
02-08 19:30:53.372 19702 19763 I org.thaliproject.p2p.btconnectorlib.internal.bluetooth.le.BlePeerDiscoverer:     - Manufacturer ID: 61973
02-08 19:30:53.372 19702 19763 I org.thaliproject.p2p.btconnectorlib.internal.bluetooth.le.BlePeerDiscoverer:     - Beacon ad length and type: 533
02-08 19:30:53.372 19702 19763 I org.thaliproject.p2p.btconnectorlib.internal.bluetooth.le.BlePeerDiscoverer:     - Beacon ad extra information: 5
02-08 19:30:53.372 19702 19763 I org.thaliproject.p2p.btconnectorlib.internal.bluetooth.le.BlePeerDiscoverer:     - Advertisement data type: DO_NOT_CARE
02-08 19:30:53.372 19702 19763 I org.thaliproject.p2p.btconnectorlib.internal.bluetooth.le.BlePeerDiscoverer:     - Advertise mode: 2
02-08 19:30:53.372 19702 19763 I org.thaliproject.p2p.btconnectorlib.internal.bluetooth.le.BlePeerDiscoverer:     - Advertise TX power level: 3
02-08 19:30:53.372 19702 19763 I org.thaliproject.p2p.btconnectorlib.internal.bluetooth.le.BlePeerDiscoverer:     - Scan mode: 2
02-08 19:30:53.372 19702 19763 I org.thaliproject.p2p.btconnectorlib.internal.bluetooth.le.BlePeerDiscoverer:     - Scan report delay in milliseconds: 500
02-08 19:30:53.372 19702 19763 I org.thaliproject.p2p.btconnectorlib.internal.bluetooth.le.BlePeerDiscoverer:     - Current thread: Thread[Thread-2845,7,main], id: 2845
02-08 19:30:53.372 19702 19763 D org.thaliproject.p2p.btconnectorlib.internal.bluetooth.le.BlePeerDiscoverer: Beacon extra: 5
02-08 19:30:53.372 19702 19763 D org.thaliproject.p2p.btconnectorlib.internal.bluetooth.le.BlePeerDiscoverer: applySettings: advertiserWasStarted true Current thread: Thread[Thread-2845,7,main], id: 2845
02-08 19:30:53.372 19702 19763 D org.thaliproject.p2p.btconnectorlib.internal.bluetooth.le.BlePeerDiscoverer: applySettings: stop advertiser Current thread: Thread[Thread-2845,7,main], id: 2845
02-08 19:30:53.372 19702 19763 D org.thaliproject.p2p.btconnectorlib.internal.bluetooth.le.BleAdvertiser: stop. Current thread: Thread[Thread-2845,7,main], id: 2845
02-08 19:30:53.373 31626 31646 D BtGatt.AdvertiseManager: message : 1
02-08 19:30:53.374 31626 31646 D BtGatt.AdvertiseManager: stop advertise for client 6
02-08 19:30:53.377 31626 31643 D BtGatt.GattService: onAdvertiseInstanceDisabled() - clientIf=6, status=0
02-08 19:30:53.377 31626 31643 D BtGatt.GattService: Client app is not null!
02-08 19:30:53.378 31626 31659 D BtGatt.GattService: unregisterClient() - clientIf=6
02-08 19:30:53.379 19702 19763 D org.thaliproject.p2p.btconnectorlib.internal.bluetooth.le.BleAdvertiser: stop: Stopped
02-08 19:30:53.379 19702 19763 D org.thaliproject.p2p.btconnectorlib.internal.bluetooth.le.BleAdvertiser: setState: current  = RUNNING, new = NOT_STARTEDCurrent thread: Thread[Thread-2845,7,main], id: 2845
02-08 19:30:53.379 19702 19763 D org.thaliproject.p2p.btconnectorlib.internal.bluetooth.le.BleAdvertiser: setState: State changed from RUNNING to NOT_STARTED
02-08 19:30:53.379 19702 19763 D org.thaliproject.p2p.btconnectorlib.internal.bluetooth.le.BleAdvertiser: setState: finished Current thread: Thread[Thread-2845,7,main], id: 2845
02-08 19:30:53.379 19702 19763 D org.thaliproject.p2p.btconnectorlib.internal.bluetooth.le.BleAdvertiser: stop finished. Current thread: Thread[Thread-2845,7,main], id: 2845
02-08 19:30:53.379 19702 19763 D org.thaliproject.p2p.btconnectorlib.internal.bluetooth.le.BleAdvertiser: setAdvertiseSettings, Current thread: Thread[Thread-2845,7,main], id: 2845
02-08 19:30:53.379 19702 19763 I org.thaliproject.p2p.btconnectorlib.internal.bluetooth.le.BleAdvertiser: setAdvertiseSettings: Mode: 2, Tx power level: 3, timeout: 0, is connectable: false
02-08 19:30:53.379 19702 19763 D org.thaliproject.p2p.btconnectorlib.internal.bluetooth.le.BlePeerDiscoverer: applySettings: start advertiser Current thread: Thread[Thread-2845,7,main], id: 2845
02-08 19:30:53.379 19702 19763 D org.thaliproject.p2p.btconnectorlib.internal.bluetooth.le.BlePeerDiscoverer: startAdvertiser: Current thread: Thread[Thread-2845,7,main], id: 2845
02-08 19:30:53.379 19702 19763 D org.thaliproject.p2p.btconnectorlib.internal.bluetooth.le.BlePeerDiscoverer: stopPeerAddressHelperAdvertiser Current thread: Thread[Thread-2845,7,main], id: 2845
02-08 19:30:53.379 19702 19763 I org.thaliproject.p2p.btconnectorlib.internal.bluetooth.le.BlePeerDiscoverer: startAdvertiser: Starting...
02-08 19:30:53.379 19702 19763 D org.thaliproject.p2p.btconnectorlib.internal.bluetooth.le.BlePeerDiscoverer: createAdvertiseData: createAdvertiseDataToServiceData 
02-08 19:30:53.380 19702 19763 I org.thaliproject.p2p.btconnectorlib.internal.bluetooth.le.PeerAdvertisementFactory: createAdvertiseDataToServiceData: Service UUID: "3bde2124-2767-4930-8ad2-05754401b590", Bluetooth MAC address: "24:00:BA:F9:9A:9F"
02-08 19:30:53.380 19702 19763 V org.thaliproject.p2p.btconnectorlib.internal.bluetooth.le.PeerAdvertisementFactory: createAdvertiseDataToServiceData: Service data (length is 7 bytes): 05 24 00 BA F9 9A 9F
02-08 19:30:53.380 19702 19763 V org.thaliproject.p2p.btconnectorlib.internal.bluetooth.le.PeerAdvertisementFactory: createAdvertiseDataToServiceData: Created: AdvertiseData [mServiceUuids=[3bde2124-2767-4930-8ad2-05754401b590], mManufacturerSpecificData={}, mServiceData={3bde2124-2767-4930-8ad2-05754401b590=[5, 36, 0, -70, -7, -102, -97]}, mIncludeTxPowerLevel=false, mIncludeDeviceName=false]
02-08 19:30:53.380 19702 19763 I org.thaliproject.p2p.btconnectorlib.internal.bluetooth.le.BlePeerDiscoverer: createAdvertiseData: created AdvertiseData [mServiceUuids=[3bde2124-2767-4930-8ad2-05754401b590], mManufacturerSpecificData={}, mServiceData={3bde2124-2767-4930-8ad2-05754401b590=[5, 36, 0, -70, -7, -102, -97]}, mIncludeTxPowerLevel=false, mIncludeDeviceName=false]
02-08 19:30:53.380 19702 19763 D org.thaliproject.p2p.btconnectorlib.internal.bluetooth.le.BleAdvertiser: setAdvertiseData: Current thread: Thread[Thread-2845,7,main], id: 2845
02-08 19:30:53.380 19702 19763 D org.thaliproject.p2p.btconnectorlib.internal.bluetooth.le.BleAdvertiser: setAdvertiseData: AdvertiseData [mServiceUuids=[3bde2124-2767-4930-8ad2-05754401b590], mManufacturerSpecificData={}, mServiceData={3bde2124-2767-4930-8ad2-05754401b590=[5, 36, 0, -70, -7, -102, -97]}, mIncludeTxPowerLevel=false, mIncludeDeviceName=false]. Current thread: Thread[Thread-2845,7,main], id: 2845
02-08 19:30:53.380 19702 19763 D org.thaliproject.p2p.btconnectorlib.internal.bluetooth.le.BleAdvertiser: setAdvertiseData: was started = false
02-08 19:30:53.381 19702 19763 D org.thaliproject.p2p.btconnectorlib.internal.bluetooth.le.BleAdvertiser: setAdvertiseData: advertiseData = AdvertiseData [mServiceUuids=[3bde2124-2767-4930-8ad2-05754401b590], mManufacturerSpecificData={}, mServiceData={3bde2124-2767-4930-8ad2-05754401b590=[5, 36, 0, -70, -7, -102, -97]}, mIncludeTxPowerLevel=false, mIncludeDeviceName=false]
02-08 19:30:53.381 19702 19763 D org.thaliproject.p2p.btconnectorlib.internal.bluetooth.le.BleAdvertiser: setAdvertiseData finished: Current thread: Thread[Thread-2845,7,main], id: 2845
02-08 19:30:53.381 19702 19763 D org.thaliproject.p2p.btconnectorlib.internal.bluetooth.le.BleAdvertiser: start:  state = NOT_STARTEDCurrent thread: Thread[Thread-2845,7,main], id: 2845
02-08 19:30:53.381 19702 19763 I org.thaliproject.p2p.btconnectorlib.internal.bluetooth.le.BleAdvertiser: start: Starting... advertisement data = AdvertiseData [mServiceUuids=[3bde2124-2767-4930-8ad2-05754401b590], mManufacturerSpecificData={}, mServiceData={3bde2124-2767-4930-8ad2-05754401b590=[5, 36, 0, -70, -7, -102, -97]}, mIncludeTxPowerLevel=false, mIncludeDeviceName=false], Current thread: Thread[Thread-2845,7,main], id: 2845
02-08 19:30:53.381 19702 19763 D BluetoothAdapter: STATE_ON
02-08 19:30:53.383 31626 31638 D BtGatt.GattService: registerClient() - UUID=cc59def4-b23b-4592-84a3-21ee9d1ad7e8
02-08 19:30:53.384 31626 31643 D BtGatt.GattService: onClientRegistered() - UUID=cc59def4-b23b-4592-84a3-21ee9d1ad7e8, clientIf=6
02-08 19:30:53.385 19702 19765 D BluetoothLeAdvertiser: onClientRegistered() - status=0 clientIf=6
02-08 19:30:53.386 31626 31646 D BtGatt.AdvertiseManager: message : 0
02-08 19:30:53.388 31626 31646 D BtGatt.AdvertiseManager: starting multi advertising
02-08 19:30:53.391 31626 31643 D BtGatt.GattService: onAdvertiseInstanceEnabled() - clientIf=6, status=0
02-08 19:30:53.394 31626 31643 D BtGatt.GattService: onAdvertiseDataSet() - clientIf=6, status=0
02-08 19:30:53.394 19702 19763 I org.thaliproject.p2p.btconnectorlib.internal.bluetooth.le.BleAdvertiser: start: Started advertisment Current thread: Thread[Thread-2845,7,main], id: 2845
02-08 19:30:53.394 19702 19702 D org.thaliproject.p2p.btconnectorlib.internal.bluetooth.le.BleAdvertiser: onStartSuccess : Current thread: Thread[main,5,main], id: 1
02-08 19:30:53.394 19702 19763 D org.thaliproject.p2p.btconnectorlib.internal.bluetooth.le.BleAdvertiser: setState: current  = NOT_STARTED, new = STARTINGCurrent thread: Thread[Thread-2845,7,main], id: 2845
02-08 19:30:53.394 19702 19763 D org.thaliproject.p2p.btconnectorlib.internal.bluetooth.le.BleAdvertiser: setState: State changed from NOT_STARTED to STARTING
02-08 19:30:53.394 19702 19763 D org.thaliproject.p2p.btconnectorlib.internal.bluetooth.le.BleAdvertiser: setState: onIsAdvertiserStartedChanged default (no call to listener). Current thread: Thread[Thread-2845,7,main], id: 2845
02-08 19:30:53.395 19702 19763 D org.thaliproject.p2p.btconnectorlib.internal.bluetooth.le.BleAdvertiser: setState: finished Current thread: Thread[Thread-2845,7,main], id: 2845
02-08 19:30:53.395 19702 19763 I org.thaliproject.p2p.btconnectorlib.internal.bluetooth.le.BleAdvertiser: start: return, state = STARTINGCurrent thread: Thread[Thread-2845,7,main], id: 2845
02-08 19:30:53.395 19702 19763 D org.thaliproject.p2p.btconnectorlib.internal.bluetooth.le.BleAdvertiser: start returned: Current thread: Thread[Thread-2845,7,main], id: 2845
02-08 19:30:53.395 19702 19763 D org.thaliproject.p2p.btconnectorlib.internal.bluetooth.le.BlePeerDiscoverer: startAdvertiser started = true Current thread: Thread[Thread-2845,7,main], id: 2845
02-08 19:30:53.395 19702 19702 D org.thaliproject.p2p.btconnectorlib.internal.bluetooth.le.BleAdvertiser: setState: current  = STARTING, new = RUNNINGCurrent thread: Thread[main,5,main], id: 1
02-08 19:30:53.395 19702 19763 D org.thaliproject.p2p.btconnectorlib.internal.bluetooth.le.BlePeerDiscoverer: applySettings: start advertiser started = true Current thread: Thread[Thread-2845,7,main], id: 2845
02-08 19:30:53.395 19702 19702 D org.thaliproject.p2p.btconnectorlib.internal.bluetooth.le.BleAdvertiser: setState: State changed from STARTING to RUNNING
02-08 19:30:53.395 19702 19763 D org.thaliproject.p2p.btconnectorlib.internal.bluetooth.le.BleScanner: applyAdditionalMarshmallowSettings
02-08 19:30:53.395 19702 19702 D org.thaliproject.p2p.btconnectorlib.internal.bluetooth.le.BleAdvertiser: notifyAdvertiserStateChanged: started =  true. Current thread: Thread[main,5,main], id: 1
02-08 19:30:53.395 19702 19763 D org.thaliproject.p2p.btconnectorlib.internal.bluetooth.le.BlePeerDiscoverer: applySettings: scannerWasStarted true Current thread: Thread[Thread-2845,7,main], id: 2845
02-08 19:30:53.395 19702 19763 D org.thaliproject.p2p.btconnectorlib.internal.bluetooth.le.BlePeerDiscoverer: applySettings: stop scanner Current thread: Thread[Thread-2845,7,main], id: 2845
02-08 19:30:53.395 19702 19702 D org.thaliproject.p2p.btconnectorlib.internal.bluetooth.le.BleAdvertiser: setState: finished Current thread: Thread[main,5,main], id: 1
02-08 19:30:53.395 19702 19763 D org.thaliproject.p2p.btconnectorlib.internal.bluetooth.le.BleScanner: stop, Current thread: Thread[Thread-2845,7,main], id: 2845
02-08 19:30:53.395 19702 19702 I org.thaliproject.p2p.btconnectorlib.internal.bluetooth.le.BlePeerDiscoverer: onIsAdvertiserStartedChanged: trueCurrent thread: Thread[main,5,main], id: 1
02-08 19:30:53.395 19702 19702 D org.thaliproject.p2p.btconnectorlib.internal.bluetooth.le.BlePeerDiscoverer: updateState : Current thread: Thread[main,5,main], id: 1
02-08 19:30:53.395 19702 19702 D org.thaliproject.p2p.btconnectorlib.internal.bluetooth.le.BlePeerDiscoverer: updateState: deducedStateSet: [SCANNING, ADVERTISING]
02-08 19:30:53.395 19702 19702 D org.thaliproject.p2p.btconnectorlib.internal.bluetooth.le.BlePeerDiscoverer: updateState: stateSet: [SCANNING, ADVERTISING]
02-08 19:30:53.395 19702 19702 D org.thaliproject.p2p.btconnectorlib.internal.bluetooth.le.BlePeerDiscoverer: Current thread: Thread[main,5,main], id: 1
02-08 19:30:53.396 19702 19702 D org.thaliproject.p2p.btconnectorlib.internal.bluetooth.le.BlePeerDiscoverer: update state finished. Current thread: Thread[main,5,main], id: 1
02-08 19:30:53.396 19702 19763 D BluetoothAdapter: STATE_ON
02-08 19:30:53.396 31626 31637 D BtGatt.GattService: flushPendingBatchResults - clientIf=5, isServer=false
02-08 19:30:53.396 19702 19763 D org.thaliproject.p2p.btconnectorlib.internal.bluetooth.le.BleScanner: stop: scan results are flushed 
02-08 19:30:53.396 19702 19763 D BluetoothAdapter: STATE_ON
02-08 19:30:53.396 31626 31647 D BtGatt.ScanManager: flushPendingBatchResults - clientIf = 5
02-08 19:30:53.397 31626 31679 D BtGatt.GattService: stopScan() - queue size =1
02-08 19:30:53.398 31626 31638 D BtGatt.GattService: unregisterClient() - clientIf=5
02-08 19:30:53.398 19702 19763 D org.thaliproject.p2p.btconnectorlib.internal.bluetooth.le.BleScanner: stop: Stopped
02-08 19:30:53.398 19702 19763 D org.thaliproject.p2p.btconnectorlib.internal.bluetooth.le.BleScanner: set state: Current thread: Thread[Thread-2845,7,main], id: 2845
02-08 19:30:53.398 19702 19763 D org.thaliproject.p2p.btconnectorlib.internal.bluetooth.le.BleScanner: setState: State changed from RUNNING to NOT_STARTED
02-08 19:30:53.398 19702 19763 D org.thaliproject.p2p.btconnectorlib.internal.bluetooth.le.BleScanner: stop finished, Current thread: Thread[Thread-2845,7,main], id: 2845
02-08 19:30:53.398 19702 19763 I org.thaliproject.p2p.btconnectorlib.internal.bluetooth.le.BleScanner: setScanSettings: Mode: 2, report delay in milliseconds: 500, scan result type: 0
02-08 19:30:53.398 19702 19763 D org.thaliproject.p2p.btconnectorlib.internal.bluetooth.le.BlePeerDiscoverer: applySettings: start scanner Current thread: Thread[Thread-2845,7,main], id: 2845
02-08 19:30:53.398 19702 19763 D org.thaliproject.p2p.btconnectorlib.internal.bluetooth.le.BlePeerDiscoverer: startScanner: Current thread: Thread[Thread-2845,7,main], id: 2845
02-08 19:30:53.398 19702 19763 I org.thaliproject.p2p.btconnectorlib.internal.bluetooth.le.BlePeerDiscoverer: startScanner: Starting...
02-08 19:30:53.398 19702 19763 D org.thaliproject.p2p.btconnectorlib.internal.bluetooth.le.BlePeerDiscoveryUtils: createScanFilter: No service UUID, use manufacturer ID: true
02-08 19:30:53.398 19702 19763 D org.thaliproject.p2p.btconnectorlib.internal.bluetooth.le.BlePeerDiscoveryUtils: manufacturer ID: 61973
02-08 19:30:53.398 19702 19763 D org.thaliproject.p2p.btconnectorlib.internal.bluetooth.le.BlePeerDiscoveryUtils: createScanFilter: BluetoothLeScanFilter [mDeviceName=null, mDeviceAddress=null, mUuid=null, mUuidMask=null, mServiceDataUuid=null, mServiceData=null, mServiceDataMask=null, mManufacturerId=61973, mManufacturerData=null, mManufacturerDataMask=null]
02-08 19:30:53.398 31626 31643 D BtGatt.GattService: onBatchScanReports() - clientIf=5, status=0, reportType=2, numRecords=2
02-08 19:30:53.398 19702 19763 D org.thaliproject.p2p.btconnectorlib.internal.bluetooth.le.BleScanner: start: Current thread: Thread[Thread-2845,7,main], id: 2845
02-08 19:30:53.398 31626 31643 D BtGatt.ScanManager: callback done for clientIf - 5 status - 0
02-08 19:30:53.399 31626 31643 D BtGatt.GattService: current time is 5016826357764252
02-08 19:30:53.399 31626 31643 D BtGatt.GattService: Batch record : [44, -17, -90, 119, -121, 121, 1, -128, -66, 12, 0, 29, 17, 7, -112, -75, 1, 68, 117, 5, -46, -118, 48, 73, 103, 39, 36, 33, -34, 59, 10, 22, 36, 33, 3, -68, 117, 116, 58, -67, 15, 0, 15, -67, 58, 116, 117, -68, 0, -128, -66, 1, 0, 29, 17, 7, -112, -75, 1, 68, 117, 5, -46, -118, 48, 73, 103, 39, 36, 33, -34, 59, 10, 22, 36, 33, 3, -68, 117, 116, 58, -67, 15, 0]
02-08 19:30:53.399 31626 31643 D BtGatt.GattService: ScanRecord : [17, 7, -112, -75, 1, 68, 117, 5, -46, -118, 48, 73, 103, 39, 36, 33, -34, 59, 10, 22, 36, 33, 3, -68, 117, 116, 58, -67, 15]
02-08 19:30:53.399 31626 31643 D BtGatt.GattService: ScanRecord : [17, 7, -112, -75, 1, 68, 117, 5, -46, -118, 48, 73, 103, 39, 36, 33, -34, 59, 10, 22, 36, 33, 3, -68, 117, 116, 58, -67, 15]
02-08 19:30:53.399 31626 31643 E BtGatt.ContextMap: Context not found for ID 5
02-08 19:30:53.400 19702 19763 D BluetoothAdapter: STATE_ON
02-08 19:30:53.401 31626 31643 D BtGatt.GattService: onScanFilterParamsConfigured() - clientIf=5, status=0, action=1, availableSpace=32
02-08 19:30:53.401 31626 31643 D BtGatt.ScanManager: callback done for clientIf - 5 status - 0
02-08 19:30:53.402 31626 31647 D BtGatt.ScanManager: stopping BLe Batch
02-08 19:30:53.402 31626 31644 D BtGatt.GattService: registerClient() - UUID=1f966ab1-e1b8-467f-bc9f-2f17ba706aff
02-08 19:30:53.402 31626 31643 D BtGatt.GattService: onClientRegistered() - UUID=1f966ab1-e1b8-467f-bc9f-2f17ba706aff, clientIf=5
02-08 19:30:53.402 19702 19713 D BluetoothLeScanner: onClientRegistered() - status=0 clientIf=5
02-08 19:30:53.403 31626 31679 D BtGatt.GattService: start scan with filters
02-08 19:30:53.403 31626 31643 D BtGatt.GattService: onBatchScanStartStopped() - clientIf=5, status=0, startStopAction=0
02-08 19:30:53.403 31626 31643 D BtGatt.ScanManager: callback done for clientIf - 5 status - 0
02-08 19:30:53.404 31626 31647 D BtGatt.ScanManager: flushPendingBatchResults - clientIf = 5
02-08 19:30:53.404 19702 19763 D org.thaliproject.p2p.btconnectorlib.internal.bluetooth.le.BleScanner: start: scan started
02-08 19:30:53.405 19702 19763 D org.thaliproject.p2p.btconnectorlib.internal.bluetooth.le.BleScanner: set state: Current thread: Thread[Thread-2845,7,main], id: 2845
02-08 19:30:53.405 19702 19763 D org.thaliproject.p2p.btconnectorlib.internal.bluetooth.le.BleScanner: setState: State changed from NOT_STARTED to RUNNING
02-08 19:30:53.405 19702 19763 D org.thaliproject.p2p.btconnectorlib.internal.bluetooth.le.BleScanner: notifyScannerStateChanged: started =  true. Current thread: Thread[Thread-2845,7,main], id: 2845
02-08 19:30:53.405 19702 19763 D org.thaliproject.p2p.btconnectorlib.internal.bluetooth.le.BlePeerDiscoverer: applySettings: start scanner started = true Current thread: Thread[Thread-2845,7,main], id: 2845
02-08 19:30:53.405 19702 19763 V io.jxcore.node.StartStopOperation: isTargetState: Connectivity: RUNNING, discovery: RUNNING_BLE, is discovering: true, is advertising: true - Start operation: Should start/stop everything
02-08 19:30:53.405 19702 19763 V io.jxcore.node.StartStopOperationHandler: executeCurrentOperation: The current state already matches the desired outcome of this operation, skipping...
02-08 19:30:53.405 19702 19763 I io.jxcore.node.ConnectionHelper: start: OK
02-08 19:30:53.406 19702 19702 I org.thaliproject.p2p.btconnectorlib.internal.bluetooth.le.BlePeerDiscoverer: onIsScannerStartedChanged: trueCurrent thread: Thread[main,5,main], id: 1
02-08 19:30:53.406 19702 19702 D org.thaliproject.p2p.btconnectorlib.internal.bluetooth.le.BlePeerDiscoverer: updateState : Current thread: Thread[main,5,main], id: 1
02-08 19:30:53.406 19702 19702 D org.thaliproject.p2p.btconnectorlib.internal.bluetooth.le.BlePeerDiscoverer: updateState: deducedStateSet: [SCANNING, ADVERTISING]
02-08 19:30:53.406 19702 19702 D org.thaliproject.p2p.btconnectorlib.internal.bluetooth.le.BlePeerDiscoverer: updateState: stateSet: [SCANNING, ADVERTISING]
02-08 19:30:53.406 19702 19702 D org.thaliproject.p2p.btconnectorlib.internal.bluetooth.le.BlePeerDiscoverer: Current thread: Thread[main,5,main], id: 1
02-08 19:30:53.406 19702 19702 D org.thaliproject.p2p.btconnectorlib.internal.bluetooth.le.BlePeerDiscoverer: update state finished. Current thread: Thread[main,5,main], id: 1
02-08 19:30:53.407 31626 31643 D BtGatt.GattService: onBatchScanReports() - clientIf=5, status=0, reportType=2, numRecords=0
02-08 19:30:53.407 31626 31643 D BtGatt.ScanManager: callback done for clientIf - 5 status - 0
02-08 19:30:53.408 31626 31647 D BtGatt.ScanManager: handling starting scan
02-08 19:30:53.410 31626 31643 D BtGatt.GattService: onScanFilterEnableDisabled() - clientIf=5, status=0, action=1
02-08 19:30:53.410 31626 31643 D BtGatt.ScanManager: callback done for clientIf - 5 status - 0
02-08 19:30:53.410 31626 31647 D BtGatt.ScanManager: configureFilterParamter 1500 10000 4 0
02-08 19:30:53.411 31626 31643 D BtGatt.GattService: onScanFilterParamsConfigured() - clientIf=5, status=0, action=0, availableSpace=31
02-08 19:30:53.411 31626 31643 D BtGatt.ScanManager: callback done for clientIf - 5 status - 0
02-08 19:30:53.411 31626 31647 D BtGatt.ScanManager: Starting BLE batch scan
02-08 19:30:53.411 31626 31647 D BtGatt.ScanManager: configuring batch scan storage, appIf 5
02-08 19:30:53.416 31626 31643 D BtGatt.GattService: onBatchScanStorageConfigured() - clientIf=5, status=0
02-08 19:30:53.416 31626 31643 D BtGatt.ScanManager: callback done for clientIf - 5 status - 0
02-08 19:30:53.417 31626 31643 D BtGatt.GattService: onBatchScanStartStopped() - clientIf=5, status=0, startStopAction=1
02-08 19:30:53.418 31626 31643 D BtGatt.ScanManager: callback done for clientIf - 5 status - 0
02-08 19:30:53.424 19702 19763 I jxcore-log: 2017-02-08 16:30:53 - INFO nodeSSDPServerLogger: '{ address: 'http://0.0.0.0:1900' } 'SSDP listening''
02-08 19:30:53.424 19702 19763 I jxcore-log: 
02-08 19:30:53.424 19702 19763 I jxcore-log: 2017-02-08 16:30:53 - INFO nodeSSDPServerLogger: 'UDP socket bound'
02-08 19:30:53.424 19702 19763 I jxcore-log: 
02-08 19:30:53.426 19702 19763 I jxcore-log: 2017-02-08 16:30:53 - INFO nodeSSDPServerLogger: 'Socket bound'
02-08 19:30:53.426 19702 19763 I jxcore-log: 
02-08 19:30:53.487 19702 19763 I jxcore-log: 2017-02-08 16:30:53 - DEBUG thaliManager: 'connected pskIdentity Beacon Please for path /NotificationBeacons'
02-08 19:30:53.487 19702 19763 I jxcore-log: 
02-08 19:30:53.501 19702 19763 I jxcore-log: 2017-02-08 16:30:53 - DEBUG thaliManager: 'connected pskIdentity Beacon Please for path /NotificationBeacons'
02-08 19:30:53.501 19702 19763 I jxcore-log: 
02-08 19:30:53.517 19702 19763 I jxcore-log: 2017-02-08 16:30:53 - DEBUG thaliWifiInfrastructure: 'Emitting wifiPeerAvailabilityChanged {"peerIdentifier":"31be25d7-1d26-4a5f-959b-169f18909c37","generation":0,"hostAddress":"192.168.2.3","portNumber":49441}'
02-08 19:30:53.517 19702 19763 I jxcore-log: 
02-08 19:30:53.518 19702 19763 I jxcore-log: 2017-02-08 16:30:53 - DEBUG thaliWifiInfrastructure: 'Emitting wifiPeerAvailabilityChanged {"peerIdentifier":"31be25d7-1d26-4a5f-959b-169f18909c37","generation":0,"portNumber":null,"hostAddress":null}'
02-08 19:30:53.518 19702 19763 I jxcore-log: 
02-08 19:30:53.518 19702 19763 I jxcore-log: 2017-02-08 16:30:53 - DEBUG thaliMobile: 'Emitting peerAvailabilityChanged from handlePeer {"peerIdentifier":"31be25d7-1d26-4a5f-959b-169f18909c37","connectionType":"tcp","peerAvailable":false,"generation":0,"newAddressPort":null}'
02-08 19:30:53.518 19702 19763 I jxcore-log: 
02-08 19:30:53.519 19702 19763 I jxcore-log: 2017-02-08 16:30:53 - WARN thaliNotificationClient: 'peer is not available'
02-08 19:30:53.519 19702 19763 I jxcore-log: 
02-08 19:30:53.524 19702 19763 I jxcore-log: 2017-02-08 16:30:53 - DEBUG thaliWifiInfrastructure: 'Emitting wifiPeerAvailabilityChanged {"peerIdentifier":"31be25d7-1d26-4a5f-959b-169f18909c37","generation":1,"hostAddress":"192.168.2.3","portNumber":49441}'
02-08 19:30:53.524 19702 19763 I jxcore-log: 
02-08 19:30:53.524 19702 19763 I jxcore-log: 2017-02-08 16:30:53 - DEBUG thaliMobile: 'Emitting peerAvailabilityChanged from handlePeer {"peerIdentifier":"31be25d7-1d26-4a5f-959b-169f18909c37","connectionType":"tcp","peerAvailable":true,"generation":1,"newAddressPort":false}'
02-08 19:30:53.524 19702 19763 I jxcore-log: 
02-08 19:30:53.608 19702 19763 I jxcore-log: 2017-02-08 16:30:53 - DEBUG thaliManager: 'connected pskIdentity Beacon Please for path /NotificationBeacons'
02-08 19:30:53.608 19702 19763 I jxcore-log: 
02-08 19:30:53.649 19702 19763 I jxcore-log: 2017-02-08 16:30:53 - DEBUG thaliManager: 'connected pskIdentity T6jUW9bHCY_9C3W5QzFcpCCl8CeZO4tln-HwlJZAxMM for path /db/'
02-08 19:30:53.649 19702 19763 I jxcore-log: 
02-08 19:30:53.749 19702 19763 I jxcore-log: 2017-02-08 16:30:53 - DEBUG thaliManager: 'connected pskIdentity T6jUW9bHCY_9C3W5QzFcpCCl8CeZO4tln-HwlJZAxMM for path /db/ThaliManagerCoordinated/_changes'
02-08 19:30:53.749 19702 19763 I jxcore-log: 
02-08 19:30:53.773 19702 19763 I jxcore-log: 2017-02-08 16:30:53 - DEBUG thaliManager: 'connected pskIdentity T6jUW9bHCY_9C3W5QzFcpCCl8CeZO4tln-HwlJZAxMM for path /db/'
02-08 19:30:53.773 19702 19763 I jxcore-log: 
02-08 19:30:53.804 19702 19763 I jxcore-log: 2017-02-08 16:30:53 - DEBUG thaliManager: 'connected pskIdentity T6jUW9bHCY_9C3W5QzFcpCCl8CeZO4tln-HwlJZAxMM for path /db/ThaliManagerCoordinated/_changes'
02-08 19:30:53.804 19702 19763 I jxcore-log: 
02-08 19:30:53.826 19702 19763 I jxcore-log: 2017-02-08 16:30:53 - DEBUG thaliManager: 'connected pskIdentity T6jUW9bHCY_9C3W5QzFcpCCl8CeZO4tln-HwlJZAxMM for path /db/ThaliManagerCoordinated/_changes'
02-08 19:30:53.826 19702 19763 I jxcore-log: 
02-08 19:30:53.830 19702 19763 I jxcore-log: 2017-02-08 16:30:53 - DEBUG thaliManager: 'connected pskIdentity 6BWed5rsoqY86oJQbKmJdThXjroxzwU7PYFV2rRd-7c for path /db/'
02-08 19:30:53.830 19702 19763 I jxcore-log: 
02-08 19:30:53.876 19702 19763 I jxcore-log: 2017-02-08 16:30:53 - DEBUG thaliReplicationPeerAction: 'Replication resumed'
02-08 19:30:53.876 19702 19763 I jxcore-log: 
02-08 19:30:53.889 19702 19763 I jxcore-log: 2017-02-08 16:30:53 - DEBUG thaliManager: 'connected pskIdentity T6jUW9bHCY_9C3W5QzFcpCCl8CeZO4tln-HwlJZAxMM for path /db/ThaliManagerCoordinated/_bulk_get'
02-08 19:30:53.889 19702 19763 I jxcore-log: 
02-08 19:30:53.898 19702 19763 I jxcore-log: 2017-02-08 16:30:53 - DEBUG thaliManager: 'connected pskIdentity Beacon Please for path /NotificationBeacons'
02-08 19:30:53.898 19702 19763 I jxcore-log: 
02-08 19:30:53.921 31626 31626 D BtGatt.ScanManager: awakened up at time 5016826879
02-08 19:30:53.923 31626 31647 D BtGatt.ScanManager: flushPendingBatchResults - clientIf = 5
02-08 19:30:53.929 19702 19763 I jxcore-log: 2017-02-08 16:30:53 - DEBUG thaliWifiInfrastructure: 'Emitting wifiPeerAvailabilityChanged {"peerIdentifier":"7e12296e-69aa-4ea5-9b9e-22d945b58be9","generation":0,"hostAddress":"192.168.2.2","portNumber":46457}'
02-08 19:30:53.929 19702 19763 I jxcore-log: 
02-08 19:30:53.930 19702 19763 I jxcore-log: 2017-02-08 16:30:53 - DEBUG thaliMobile: 'Emitting peerAvailabilityChanged from handlePeer {"peerIdentifier":"7e12296e-69aa-4ea5-9b9e-22d945b58be9","connectionType":"tcp","peerAvailable":true,"generation":0,"newAddressPort":false}'
02-08 19:30:53.930 19702 19763 I jxcore-log: 
02-08 19:30:53.939   918 31388 I AccountManagerService: getTypesVisibleToCaller: isPermitted? true
02-08 19:30:53.946   918  5589 I AccountManagerService: getTypesVisibleToCaller: isPermitted? true
02-08 19:30:53.948  3702  4293 W ctxmgr  : [ContextSpecificAclFactory]LocationConsent failed, ULR opt-in status is: false, account#-1643878644#
02-08 19:30:53.948  3702  4293 W ctxmgr  : [AclManager]No 2 for (accnt=account#-1643878644#, com.google.android.gms(10012):UserLocationProducer, vrsn=10084000, 0, 3pPkg = null ,  3pMdlId = null). Was: 2 for 1, account#-1643878644#
02-08 19:30:53.949 31626 31651 W bt_l2cap: L2CAP - no CCB for conn rsp, LCID: 68 RCID: 78
02-08 19:30:53.949 31626 31643 D BtGatt.GattService: onBatchScanReports() - clientIf=5, status=0, reportType=2, numRecords=5
02-08 19:30:53.949 31626 31643 D BtGatt.ScanManager: callback done for clientIf - 5 status - 0
02-08 19:30:53.949 31626 31643 D BtGatt.GattService: current time is 5016826908359200
02-08 19:30:53.949 31626 31643 D BtGatt.GattService: Batch record : [-18, -67, 51, 72, -13, 91, 1, -128, -66, 6, 0, 29, 17, 7, -112, -75, 1, 68, 117, 5, -46, -118, 48, 73, 103, 39, 36, 33, -34, 59, 10, 22, 36, 33, 4, -68, 117, 116, 58, -67, 15, 0, 15, -67, 58, 116, 117, -68, 0, -128, -66, 0, 0, 29, 17, 7, -112, -75, 1, 68, 117, 5, -46, -118, 48, 73, 103, 39, 36, 33, -34, 59, 10, 22, 36, 33, 4, -68, 117, 116, 58, -67, 15, 0, 117, 125, -121, 5, 59, 84, 1, -128, -61, 2, 0, 29, 17, 7, -112, -75, 1, 68, 117, 5, -46, -118, 48, 73, 103, 39, 36, 33, -34, 59, 10, 22, 36, 33, 2, -68, 117, 116, 58, -68, -8, 0, -8, -68, 58, 116, 117, -68, 0, -128, -61, 2, 0, 29, 17, 7, -112, -75, 1, 68, 117, 5, -46, -118, 48, 73, 103, 39, 36, 33, -34, 59, 10, 22, 36, 33, 2, -68, 117, 116, 58, -68, -8, 0, -8, -68, 58, 116, 117, -68, 0, -128, -61, 0, 0, 29, 17, 7, -112, -75, 1, 68, 117, 5, -46, -118, 48, 73, 103, 39, 36, 33, -34, 59, 10, 22, 36, 33, 3, -68, 117, 116, 58, -68, -8, 0]
02-08 19:30:53.950   918  5348 I AccountManagerService: getTypesVisibleToCaller: isPermitted? true
02-08 19:30:53.950 31626 31643 D BtGatt.GattService: ScanRecord : [17, 7, -112, -75, 1, 68, 117, 5, -46, -118, 48, 73, 103, 39, 36, 33, -34, 59, 10, 22, 36, 33, 4, -68, 117, 116, 58, -67, 15]
02-08 19:30:53.950 31626 31643 D BtGatt.GattService: ScanRecord : [17, 7, -112, -75, 1, 68, 117, 5, -46, -118, 48, 73, 103, 39, 36, 33, -34, 59, 10, 22, 36, 33, 4, -68, 117, 116, 58, -67, 15]
02-08 19:30:53.951 31626 31643 D BtGatt.GattService: ScanRecord : [17, 7, -112, -75, 1, 68, 117, 5, -46, -118, 48, 73, 103, 39, 36, 33, -34, 59, 10, 22, 36, 33, 2, -68, 117, 116, 58, -68, -8]
02-08 19:30:53.951 31626 31643 D BtGatt.GattService: ScanRecord : [17, 7, -112, -75, 1, 68, 117, 5, -46, -118, 48, 73, 103, 39, 36, 33, -34, 59, 10, 22, 36, 33, 2, -68, 117, 116, 58, -68, -8]
02-08 19:30:53.951 31626 31643 D BtGatt.GattService: ScanRecord : [17, 7, -112, -75, 1, 68, 117, 5, -46, -118, 48, 73, 103, 39, 36, 33, -34, 59, 10, 22, 36, 33, 3, -68, 117, 116, 58, -68, -8]
02-08 19:30:53.952 19702 19702 D org.thaliproject.p2p.btconnectorlib.internal.bluetooth.le.BleScanner: onBatchScanResults: results count  = 5. Current thread: Thread[main,5,main], id: 1
02-08 19:30:53.952 19702 19702 D org.thaliproject.p2p.btconnectorlib.internal.bluetooth.le.BlePeerDiscoverer: checkScanResult: ScanResult{mDevice=5B:F3:48:33:BD:EE, mScanRecord=ScanRecord [mAdvertiseFlags=-1, mServiceUuids=[3bde2124-2767-4930-8ad2-05754401b590], mManufacturerSpecificData={}, mServiceData={00002124-0000-1000-8000-00805f9b34fb=[4, -68, 117, 116, 58, -67, 15]}, mTxPowerLevel=-2147483648, mDeviceName=null], mRssi=-66, mTimestampNanos=5016826608665085}
02-08 19:30:53.953 19702 19702 D org.thaliproject.p2p.btconnectorlib.internal.bluetooth.le.BlePeerDiscoverer: checkScanResult: parsedAdvertisement: [UUID = null, bluetoothMacAddress = BC:75:74:3A:BD:0F, provideBluetoothMacAddressRequestId = nullextra info = 4]
02-08 19:30:53.953 19702 19702 V org.thaliproject.p2p.btconnectorlib.internal.bluetooth.le.BlePeerDiscoverer: checkScanResult: Resolved advertisement type: ADVERTISEMENT_PEER_PROPERTIES
02-08 19:30:53.953 19702 19702 D org.thaliproject.p2p.btconnectorlib.internal.bluetooth.le.PeerAdvertisementFactory: Parsed advertisment: [UUID = 3bde2124-2767-4930-8ad2-05754401b590, bluetoothMacAddress = BC:75:74:3A:BD:0F, provideBluetoothMacAddressRequestId = nullextra info = 4]
02-08 19:30:53.953 19702 19702 D org.thaliproject.p2p.btconnectorlib.internal.bluetooth.le.BlePeerDiscoverer: checkScanResult onPeerDiscovered [BC:75:74:3A:BD:0F 4]
02-08 19:30:53.953 19702 19702 D org.thaliproject.p2p.btconnectorlib.internal.bluetooth.le.BlePeerDiscoverer: checkScanResult: ScanResult{mDevice=54:3B:05:87:7D:75, mScanRecord=ScanRecord [mAdvertiseFlags=-1, mServiceUuids=[3bde2124-2767-4930-8ad2-05754401b590], mManufacturerSpecificData={}, mServiceData={00002124-0000-1000-8000-00805f9b34fb=[2, -68, 117, 116, 58, -68, -8]}, mTxPowerLevel=-2147483648, mDeviceName=null], mRssi=-61, mTimestampNanos=5016826808665085}
02-08 19:30:53.953 19702 19702 D org.thaliproject.p2p.btconnectorlib.internal.bluetooth.le.BlePeerDiscoverer: checkScanResult: parsedAdvertisement: [UUID = null, bluetoothMacAddress = BC:75:74:3A:BC:F8, provideBluetoothMacAddressRequestId = nullextra info = 2]
02-08 19:30:53.953 19702 19702 V org.thaliproject.p2p.btconnectorlib.internal.bluetooth.le.BlePeerDiscoverer: checkScanResult: Resolved advertisement type: ADVERTISEMENT_PEER_PROPERTIES
02-08 19:30:53.953 19702 19702 D org.thaliproject.p2p.btconnectorlib.internal.bluetooth.le.PeerAdvertisementFactory: Parsed advertisment: [UUID = 3bde2124-2767-4930-8ad2-05754401b590, bluetoothMacAddress = BC:75:74:3A:BC:F8, provideBluetoothMacAddressRequestId = nullextra info = 2]
02-08 19:30:53.953 19702 19702 D org.thaliproject.p2p.btconnectorlib.internal.bluetooth.le.BlePeerDiscoverer: checkScanResult onPeerDiscovered [BC:75:74:3A:BC:F8 2]
02-08 19:30:53.954 19702 19702 D org.thaliproject.p2p.btconnectorlib.internal.bluetooth.le.BlePeerDiscoverer: checkScanResult: ScanResult{mDevice=BC:75:74:3A:BC:F8, mScanRecord=ScanRecord [mAdvertiseFlags=-1, mServiceUuids=[3bde2124-2767-4930-8ad2-05754401b590], mManufacturerSpecificData={}, mServiceData={00002124-0000-1000-8000-00805f9b34fb=[2, -68, 117, 116, 58, -68, -8]}, mTxPowerLevel=-2147483648, mDeviceName=null], mRssi=-61, mTimestampNanos=5016826808665085}
02-08 19:30:53.954 19702 19702 D org.thaliproject.p2p.btconnectorlib.internal.bluetooth.le.BlePeerDiscoverer: checkScanResult: parsedAdvertisement: [UUID = null, bluetoothMacAddress = BC:75:74:3A:BC:F8, provideBluetoothMacAddressRequestId = nullextra info = 2]
02-08 19:30:53.954 19702 19702 V org.thaliproject.p2p.btconnectorlib.internal.bluetooth.le.BlePeerDiscoverer: checkScanResult: Resolved advertisement type: ADVERTISEMENT_PEER_PROPERTIES
02-08 19:30:53.954 19702 19702 D org.thaliproject.p2p.btconnectorlib.internal.bluetooth.le.PeerAdvertisementFactory: Parsed advertisment: [UUID = 3bde2124-2767-4930-8ad2-05754401b590, bluetoothMacAddress = BC:75:74:3A:BC:F8, provideBluetoothMacAddressRequestId = nullextra info = 2]
02-08 19:30:53.954 19702 19702 D org.thaliproject.p2p.btconnectorlib.internal.bluetooth.le.BlePeerDiscoverer: checkScanResult onPeerDiscovered [BC:75:74:3A:BC:F8 2]
02-08 19:30:53.954 19702 19702 D org.thaliproject.p2p.btconnectorlib.internal.bluetooth.le.BlePeerDiscoverer: checkScanResult: ScanResult{mDevice=BC:75:74:3A:BC:F8, mScanRecord=ScanRecord [mAdvertiseFlags=-1, mServiceUuids=[3bde2124-2767-4930-8ad2-05754401b590], mManufacturerSpecificData={}, mServiceData={00002124-0000-1000-8000-00805f9b34fb=[3, -68, 117, 116, 58, -68, -8]}, mTxPowerLevel=-2147483648, mDeviceName=null], mRssi=-61, mTimestampNanos=5016826908665085}
02-08 19:30:53.954 19702 19702 D org.thaliproject.p2p.btconnectorlib.internal.bluetooth.le.BlePeerDiscoverer: checkScanResult: parsedAdvertisement: [UUID = null, bluetoothMacAddress = BC:75:74:3A:BC:F8, provideBluetoothMacAddressRequestId = nullextra info = 3]
02-08 19:30:53.955 19702 19702 V org.thaliproject.p2p.btconnectorlib.internal.bluetooth.le.BlePeerDiscoverer: checkScanResult: Resolved advertisement type: ADVERTISEMENT_PEER_PROPERTIES
02-08 19:30:53.955 19702 19702 D org.thaliproject.p2p.btconnectorlib.internal.bluetooth.le.PeerAdvertisementFactory: Parsed advertisment: [UUID = 3bde2124-2767-4930-8ad2-05754401b590, bluetoothMacAddress = BC:75:74:3A:BC:F8, provideBluetoothMacAddressRequestId = nullextra info = 3]
02-08 19:30:53.955 19702 19702 D org.thaliproject.p2p.btconnectorlib.internal.bluetooth.le.BlePeerDiscoverer: checkScanResult onPeerDiscovered [BC:75:74:3A:BC:F8 3]
02-08 19:30:53.955 19702 19702 D org.thaliproject.p2p.btconnectorlib.internal.bluetooth.le.BlePeerDiscoverer: checkScanResult: ScanResult{mDevice=BC:75:74:3A:BD:0F, mScanRecord=ScanRecord [mAdvertiseFlags=-1, mServiceUuids=[3bde2124-2767-4930-8ad2-05754401b590], mManufacturerSpecificData={}, mServiceData={00002124-0000-1000-8000-00805f9b34fb=[4, -68, 117, 116, 58, -67, 15]}, mTxPowerLevel=-2147483648, mDeviceName=null], mRssi=-66, mTimestampNanos=5016826908665085}
02-08 19:30:53.955 19702 19702 D org.thaliproject.p2p.btconnectorlib.internal.bluetooth.le.BlePeerDiscoverer: checkScanResult: parsedAdvertisement: [UUID = null, bluetoothMacAddress = BC:75:74:3A:BD:0F, provideBluetoothMacAddressRequestId = nullextra info = 4]
02-08 19:30:53.955 19702 19702 V org.thaliproject.p2p.btconnectorlib.internal.bluetooth.le.BlePeerDiscoverer: checkScanResult: Resolved advertisement type: ADVERTISEMENT_PEER_PROPERTIES
02-08 19:30:53.955 19702 19702 D org.thaliproject.p2p.btconnectorlib.internal.bluetooth.le.PeerAdvertisementFactory: Parsed advertisment: [UUID = 3bde2124-2767-4930-8ad2-05754401b590, bluetoothMacAddress = BC:75:74:3A:BD:0F, provideBluetoothMacAddressRequestId = nullextra info = 4]
02-08 19:30:53.955 19702 19702 D org.thaliproject.p2p.btconnectorlib.internal.bluetooth.le.BlePeerDiscoverer: checkScanResult onPeerDiscovered [BC:75:74:3A:BD:0F 4]
02-08 19:30:53.956 19702 19702 D org.thaliproject.p2p.btconnectorlib.DiscoveryManager: onPeerDiscovered: [BC:75:74:3A:BD:0F 4]
02-08 19:30:53.956 19702 19702 V org.thaliproject.p2p.btconnectorlib.utils.PeerModel: addOrUpdateDiscoveredPeer: [BC:75:74:3A:BD:0F 4]
02-08 19:30:53.956 19702 19702 D org.thaliproject.p2p.btconnectorlib.utils.PeerModel: Want to call onPeerAdded. Listeners size = 1
02-08 19:30:53.956 19702 19702 D org.thaliproject.p2p.btconnectorlib.DiscoveryManager: onPeerAdded: [BC:75:74:3A:BD:0F 4]
02-08 19:30:53.956 19702 19702 V org.thaliproject.p2p.btconnectorlib.utils.PeerModel: addOrUpdateDiscoveredPeer: New peer, [BC:75:74:3A:BD:0F 4], added - the peer count is 1
02-08 19:30:53.956 19702 19702 D org.thaliproject.p2p.btconnectorlib.DiscoveryManager: onPeerDiscovered: [BC:75:74:3A:BC:F8 2]
02-08 19:30:53.956 19702 19702 V org.thaliproject.p2p.btconnectorlib.utils.PeerModel: addOrUpdateDiscoveredPeer: [BC:75:74:3A:BC:F8 2]
02-08 19:30:53.956 19702 19702 D org.thaliproject.p2p.btconnectorlib.utils.PeerModel: Want to call onPeerAdded. Listeners size = 1
02-08 19:30:53.956 19702 19702 D org.thaliproject.p2p.btconnectorlib.DiscoveryManager: onPeerAdded: [BC:75:74:3A:BC:F8 2]
02-08 19:30:53.956 19702 19702 V org.thaliproject.p2p.btconnectorlib.utils.PeerModel: addOrUpdateDiscoveredPeer: New peer, [BC:75:74:3A:BC:F8 2], added - the peer count is 2
02-08 19:30:53.956 19702 19763 I jxcore-log: 2017-02-08 16:30:53 - DEBUG thaliManager: 'connected pskIdentity T6jUW9bHCY_9C3W5QzFcpCCl8CeZO4tln-HwlJZAxMM for path /db/ThaliManagerCoordinated/_changes'
02-08 19:30:53.956 19702 19763 I jxcore-log: 
02-08 19:30:53.956 19702 19702 D org.thaliproject.p2p.btconnectorlib.DiscoveryManager: onPeerDiscovered: [BC:75:74:3A:BC:F8 2]
02-08 19:30:53.956 19702 19702 V org.thaliproject.p2p.btconnectorlib.utils.PeerModel: addOrUpdateDiscoveredPeer: [BC:75:74:3A:BC:F8 2]
02-08 19:30:53.957 19702 19702 D org.thaliproject.p2p.btconnectorlib.utils.PeerModel: has more info: false,  extra info differs: false
02-08 19:30:53.957 19702 19702 V org.thaliproject.p2p.btconnectorlib.utils.PeerModel: addOrUpdateDiscoveredPeer: Timestamp of peer [BC:75:74:3A:BC:F8 2] updated - the peer count is 2
02-08 19:30:53.957 19702 19702 D org.thaliproject.p2p.btconnectorlib.DiscoveryManager: onPeerDiscovered: [BC:75:74:3A:BC:F8 3]
02-08 19:30:53.957 19702 19702 V org.thaliproject.p2p.btconnectorlib.utils.PeerModel: addOrUpdateDiscoveredPeer: [BC:75:74:3A:BC:F8 3]
02-08 19:30:53.957 19702 19702 D org.thaliproject.p2p.btconnectorlib.utils.PeerModel: has more info: false,  extra info differs: true
02-08 19:30:53.957 19702 19702 D org.thaliproject.p2p.btconnectorlib.utils.PeerModel: Want to call onPeerUpdated. Listeners size = 1
02-08 19:30:53.957 19702 19702 D org.thaliproject.p2p.btconnectorlib.DiscoveryManager: onPeerUpdated: [BC:75:74:3A:BC:F8 3]
02-08 19:30:53.957 19702 19702 V org.thaliproject.p2p.btconnectorlib.utils.PeerModel: addOrUpdateDiscoveredPeer: Timestamp of peer [BC:75:74:3A:BC:F8 3] updated - the peer count is 2
02-08 19:30:53.957 19702 19702 D org.thaliproject.p2p.btconnectorlib.DiscoveryManager: onPeerDiscovered: [BC:75:74:3A:BD:0F 4]
02-08 19:30:53.957 19702 19702 V org.thaliproject.p2p.btconnectorlib.utils.PeerModel: addOrUpdateDiscoveredPeer: [BC:75:74:3A:BD:0F 4]
02-08 19:30:53.957 19702 19702 D org.thaliproject.p2p.btconnectorlib.utils.PeerModel: has more info: false,  extra info differs: false
02-08 19:30:53.957 19702 19702 V org.thaliproject.p2p.btconnectorlib.utils.PeerModel: addOrUpdateDiscoveredPeer: Timestamp of peer [BC:75:74:3A:BD:0F 4] updated - the peer count is 2
02-08 19:30:53.957 19702 19702 I io.jxcore.node.ConnectionHelper: onPeerDiscovered: [BC:75:74:3A:BD:0F 4], Bluetooth address: BC:75:74:3A:BD:0F, device name: 'null', device address: 'null'
02-08 19:30:53.958 19702 19702 I io.jxcore.node.ConnectionHelper: onPeerDiscovered: [BC:75:74:3A:BC:F8 2], Bluetooth address: BC:75:74:3A:BC:F8, device name: 'null', device address: 'null'
02-08 19:30:53.958 19702 19702 I io.jxcore.node.ConnectionHelper: onPeerUpdated: [BC:75:74:3A:BC:F8 3], device name: 'null', device address: 'null'
02-08 19:30:53.961 19702 19763 I jxcore-log: 2017-02-08 16:30:53 - DEBUG thaliManager: 'connected pskIdentity T6jUW9bHCY_9C3W5QzFcpCCl8CeZO4tln-HwlJZAxMM for path /db/ThaliManagerCoordinated/_changes'
02-08 19:30:53.961 19702 19763 I jxcore-log: 
02-08 19:30:53.964 19702 19763 I jxcore-log: 2017-02-08 16:30:53 - DEBUG thaliManager: 'connected pskIdentity 6BWed5rsoqY86oJQbKmJdThXjroxzwU7PYFV2rRd-7c for path /db/ThaliManagerCoordinated/_changes'
02-08 19:30:53.964 19702 19763 I jxcore-log: 
02-08 19:30:53.966 19702 19763 I jxcore-log: 2017-02-08 16:30:53 - DEBUG thaliMobileNativeWrapper: 'Received peerAvailabilityChanged event from native layer [{"peerIdentifier":"BC:75:74:3A:BD:0F","generation":4,"peerAvailable":true}]'
02-08 19:30:53.966 19702 19763 I jxcore-log: 
02-08 19:30:53.967 19702 19763 I jxcore-log: 2017-02-08 16:30:53 - DEBUG thaliMobileNativeWrapper: 'Received peer availability changed event with {"peerIdentifier":"BC:75:74:3A:BD:0F","generation":4,"peerAvailable":true}'
02-08 19:30:53.967 19702 19763 I jxcore-log: 
02-08 19:30:53.967 19702 19763 I jxcore-log: 2017-02-08 16:30:53 - DEBUG thaliMobileNativeWrapper: 'Received peerAvailabilityChanged event from native layer [{"peerIdentifier":"BC:75:74:3A:BC:F8","generation":2,"peerAvailable":true}]'
02-08 19:30:53.967 19702 19763 I jxcore-log: 
02-08 19:30:53.967 19702 19763 I jxcore-log: 2017-02-08 16:30:53 - DEBUG thaliMobileNativeWrapper: 'Received peer availability changed event with {"peerIdentifier":"BC:75:74:3A:BC:F8","generation":2,"peerAvailable":true}'
02-08 19:30:53.967 19702 19763 I jxcore-log: 
02-08 19:30:53.968 19702 19763 I jxcore-log: 2017-02-08 16:30:53 - DEBUG thaliMobileNativeWrapper: 'Received peerAvailabilityChanged event from native layer [{"peerIdentifier":"BC:75:74:3A:BC:F8","generation":3,"peerAvailable":true}]'
02-08 19:30:53.968 19702 19763 I jxcore-log: 
02-08 19:30:53.968 19702 19763 I jxcore-log: 2017-02-08 16:30:53 - DEBUG thaliMobileNativeWrapper: 'Received peer availability changed event with {"peerIdentifier":"BC:75:74:3A:BC:F8","generation":3,"peerAvailable":true}'
02-08 19:30:53.968 19702 19763 I jxcore-log: 
02-08 19:30:53.969 19702 19763 I jxcore-log: 2017-02-08 16:30:53 - DEBUG createPeerListener: 'creating new server for BC:75:74:3A:BD:0F'
02-08 19:30:53.969 19702 19763 I jxcore-log: 
02-08 19:30:53.970 19702 19763 I jxcore-log: 2017-02-08 16:30:53 - DEBUG createPeerListener: 'Node TCP/IP listener (server) for BC:75:74:3A:BD:0F listening on 45621'
02-08 19:30:53.970 19702 19763 I jxcore-log: 
02-08 19:30:53.971 19702 19763 I jxcore-log: 2017-02-08 16:30:53 - DEBUG thaliMobileNativeWrapper: 'handlePeerAvailabilityChanged - Emitting {"peerIdentifier":"BC:75:74:3A:BD:0F","peerAvailable":true,"generation":4,"portNumber":45621}'
02-08 19:30:53.971 19702 19763 I jxcore-log: 
02-08 19:30:53.971 19702 19763 I jxcore-log: 2017-02-08 16:30:53 - DEBUG thaliMobile: 'Emitting peerAvailabilityChanged from handlePeer {"peerIdentifier":"BC:75:74:3A:BD:0F","connectionType":"AndroidBluetooth","peerAvailable":true,"generation":4,"newAddressPort":false}'
02-08 19:30:53.971 19702 19763 I jxcore-log: 
02-08 19:30:53.972 19702 19763 I jxcore-log: 2017-02-08 16:30:53 - DEBUG createPeerListener: 'creating new server for BC:75:74:3A:BC:F8'
02-08 19:30:53.972 19702 19763 I jxcore-log: 
02-08 19:30:53.975 19702 19763 I jxcore-log: 2017-02-08 16:30:53 - DEBUG createPeerListener: 'Node TCP/IP listener (server) for BC:75:74:3A:BC:F8 listening on 45567'
02-08 19:30:53.975 19702 19763 I jxcore-log: 
02-08 19:30:53.977 19702 19763 I jxcore-log: 2017-02-08 16:30:53 - DEBUG thaliMobileNativeWrapper: 'handlePeerAvailabilityChanged - Emitting {"peerIdentifier":"BC:75:74:3A:BC:F8","peerAvailable":true,"generation":2,"portNumber":45567}'
02-08 19:30:53.977 19702 19763 I jxcore-log: 
