Android device log.
  2017-02-08T16:30:30.220Z
  Device info:
  {
    "id": "ENU7N16425000206",
    "type": "device",
    "usb": "1-1",
    "product": "angler",
    "model": "Nexus_6P",
    "device": "angler"
}
================================================================================

--------- beginning of main
02-08 19:30:30.785 12843 30622 I MicroRecognitionRnrImpl: Starting detection.
02-08 19:30:30.791 12843 30623 I MicrophoneInputStream: mic_starting com.google.android.apps.gsa.speech.audio.x@ee04762
02-08 19:30:30.793   510 30625 I AudioFlinger: AudioFlinger's thread 0xf2400000 ready to run
02-08 19:30:30.795 18502 18535 D bt_btm_pm: btm_pm_proc_mode_change switched from UNKNOWN to ACTIVE.
02-08 19:30:30.795 18502 18535 D bt_btm_pm: btm_pm_snd_md_req switching from UNKNOWN to ACTIVE.
02-08 19:30:30.800   510  3103 I SoundTriggerHwService::Module: void android::SoundTriggerHwService::Module::onCallbackEvent(const android::sp<android::SoundTriggerHwService::CallbackEvent>&) mClient == 0
02-08 19:30:30.800 18502 18535 W bt_btif : bta_jv_rfc_port_to_cb(port_handle:0x12):jv handle:0x0 not FOUND
02-08 19:30:30.800 18502 18535 W bt_rfcomm: port_rfc_closed RFCOMM connection in state 3 closed: Closed (res: 19)
02-08 19:30:30.801 12843 30623 I MicrophoneInputStream: mic_started com.google.android.apps.gsa.speech.audio.x@ee04762
02-08 19:30:30.804 18502 18535 W bt_btif : bta_jv_rfc_port_to_cb(port_handle:0xf):jv handle:0x0 not FOUND
02-08 19:30:30.805 18502 18535 E bt_btif : bta_jv_port_mgmt_sr_cback, p_cb:0x0, p_cb->p_cback0x0
02-08 19:30:30.805 18502 18535 W bt_rfcomm: port_rfc_closed RFCOMM connection in state 3 closed: Closed (res: 19)
02-08 19:30:30.805 18502 18535 D bt_btm_pm: btm_pm_proc_mode_change switched from UNKNOWN to ACTIVE.
02-08 19:30:30.811   510 30625 D audio_hw_primary: select_devices: out_snd_device(0: none) in_snd_device(61: voice-rec-mic)
02-08 19:30:30.811   510 30625 D msm8974_platform: platform_send_audio_calibration: sending audio calibration for snd_device(61) acdb_id(62)
02-08 19:30:30.812   510 30625 I ACDB-LOADER: ACDB AFE returned = -19
02-08 19:30:30.812   510 30625 I soundtrigger: audio_extn_sound_trigger_update_device_status: device 0x3d of type 1 for Event 1
02-08 19:30:30.812   510 30625 D sound_trigger_platform: platform_stdev_check_and_update_concurrency: concurrency active 0, tx 1, rx 0, concurrency session_allowed 0
02-08 19:30:30.812   510 30625 D audio_hw_primary: enable_snd_device: snd_device(61: voice-rec-mic)
02-08 19:30:30.819   510 30625 D audio_hw_primary: enable_audio_route: apply and update mixer path: audio-record
--------- beginning of system
02-08 19:30:30.852   920  3710 D WifiService: acquireWifiLockLocked: WifiLock{NlpWifiLock type=2 binder=android.os.BinderProxy@5bacb3e}
02-08 19:30:30.853   920  3152 D wifi    : Initialized common fields 10000, 25, 100, 10
02-08 19:30:30.854   920  3152 D wifi    : bucket[0] = 2:3:10000:2
02-08 19:30:30.871   920   930 D WifiService: releaseWifiLockLocked: WifiLock{NlpWifiLock type=2 binder=android.os.BinderProxy@5bacb3e}
02-08 19:30:30.916 12843 12843 I HotwordWorkerImpl: onReady
02-08 19:30:31.163 18502 18535 E bt_btm  : tBTM_SEC_DEV:0xf3d6a2d8 rs_disc_pending=0
02-08 19:30:31.164 18502 18535 W bt_btif : bta_dm_check_av:0
02-08 19:30:31.164 18502 18518 W bt_btif : btif_dm_cback : unhandled event (14)
02-08 19:30:31.183 18502 18535 W bt_btif : bta_jv_rfc_port_to_cb(port_handle:0x15):jv handle:0x0 not FOUND
02-08 19:30:31.184 18502 18535 E bt_btif : bta_jv_port_mgmt_sr_cback, p_cb:0x0, p_cb->p_cback0x0
02-08 19:30:31.184 18502 18535 W bt_rfcomm: port_rfc_closed RFCOMM connection in state 3 closed: Closed (res: 19)
02-08 19:30:31.185 18502 18535 W bt_btif : bta_jv_rfc_port_to_cb(port_handle:0x1a):jv handle:0x0 not FOUND
02-08 19:30:31.185 18502 18535 W bt_rfcomm: port_rfc_closed RFCOMM connection in state 3 closed: Closed (res: 19)
02-08 19:30:31.259  3691  3958 W OpenGLRenderer: Incorrectly called buildLayer on View: ShortcutAndWidgetContainer, destroying layer...
02-08 19:30:32.251 30635 30635 D AndroidRuntime: >>>>>> START com.android.internal.os.RuntimeInit uid 2000 <<<<<<
02-08 19:30:32.257 30635 30635 D AndroidRuntime: CheckJNI is OFF
02-08 19:30:32.280 30635 30635 D ICU     : No timezone override file found: /data/misc/zoneinfo/current/icu/icu_tzdata.dat
02-08 19:30:32.310 30635 30635 I Radio-JNI: register_android_hardware_Radio DONE
02-08 19:30:32.325 30635 30635 D AndroidRuntime: Calling main entry com.android.commands.am.Am
02-08 19:30:32.330   920  6030 I ActivityManager: START u0 {flg=0x10000000 cmp=com.test.thalitest/.MainActivity} from uid 2000 on display 0
02-08 19:30:32.361 12843 12853 W SearchService: Abort, client detached.
02-08 19:30:32.365 12843 12843 I HotwordDetector: Closing mic
02-08 19:30:32.365 30635 30635 D AndroidRuntime: Shutting down VM
02-08 19:30:32.366 12843 13719 I MicrophoneInputStream: mic_close com.google.android.apps.gsa.speech.audio.x@ee04762
02-08 19:30:32.366 12843 30623 E AudioRecord-JNI: Error -4 during AudioRecord native read
02-08 19:30:32.388   920 30152 I ActivityManager: Start proc 30644:com.test.thalitest/u0a474 for activity com.test.thalitest/.MainActivity
02-08 19:30:32.432   920  3709 D WifiService: acquireWifiLockLocked: WifiLock{NlpWifiLock type=2 binder=android.os.BinderProxy@5bacb3e}
02-08 19:30:32.450   510 30625 D audio_hw_primary: disable_audio_route: reset and update mixer path: audio-record
02-08 19:30:32.452   510 30625 D audio_hw_primary: disable_snd_device: snd_device(61: voice-rec-mic)
02-08 19:30:32.452   920  3709 D WifiService: releaseWifiLockLocked: WifiLock{NlpWifiLock type=2 binder=android.os.BinderProxy@5bacb3e}
02-08 19:30:32.457   510 30625 I soundtrigger: audio_extn_sound_trigger_update_device_status: device 0x3d of type 1 for Event 0
02-08 19:30:32.457   510 30625 D sound_trigger_platform: platform_stdev_check_and_update_concurrency: concurrency active 0, tx 0, rx 0, concurrency session_allowed 1
02-08 19:30:32.458   510  3103 I SoundTriggerHwService::Module: void android::SoundTriggerHwService::Module::onCallbackEvent(const android::sp<android::SoundTriggerHwService::CallbackEvent>&) mClient == 0
02-08 19:30:32.461 12843 13720 I MicroRecognitionRnrImpl: Stopping hotword detection.
02-08 19:30:32.462 12843 30622 I MicroRecognitionRnrImpl: Detection finished
02-08 19:30:32.485 30644 30644 I CordovaLog: Changing log level to DEBUG(3)
02-08 19:30:32.485 30644 30644 I CordovaActivity: Apache Cordova native platform version 6.0.0 is starting
02-08 19:30:32.485 30644 30644 D CordovaActivity: CordovaActivity.onCreate()
02-08 19:30:32.488 30644 30644 I WebViewFactory: Loading com.google.android.webview version 44.0.2403.117 (code 246011750)
02-08 19:30:32.504 30644 30644 W System  : ClassLoader referenced unknown path: /system/app/WebViewGoogle/lib/arm
02-08 19:30:32.510 30644 30644 I LibraryLoader: Time to load native libraries: 3 ms (timestamps 4765-4768)
02-08 19:30:32.510 30644 30644 I LibraryLoader: Expected native library version number "",actual native library version number ""
02-08 19:30:32.520 30644 30644 V WebViewChromiumFactoryProvider: Binding Chromium to main looper Looper (main, tid 1) {e0636a9}
02-08 19:30:32.520 30644 30644 I LibraryLoader: Expected native library version number "",actual native library version number ""
02-08 19:30:32.520 30644 30644 I chromium: [INFO:library_loader_hooks.cc(120)] Chromium logging enabled: level = 0, default verbosity = 0
02-08 19:30:32.523 30644 30644 I BrowserStartupController: Initializing chromium process, singleProcess=true
02-08 19:30:32.524 30644 30644 E SysUtils: ApplicationContext is null in ApplicationStatus
02-08 19:30:32.538 30644 30644 W chromium: [WARNING:resource_bundle.cc(285)] locale_file_path.empty()
02-08 19:30:32.546 30644 30644 E libEGL  : validate_display:255 error 3008 (EGL_BAD_DISPLAY)
02-08 19:30:32.546 30644 30644 E libEGL  : validate_display:255 error 3008 (EGL_BAD_DISPLAY)
02-08 19:30:32.546 30644 30644 I Adreno  : QUALCOMM build                   : 63c06b2, I8366cd0437
02-08 19:30:32.546 30644 30644 I Adreno  : Build Date                       : 10/21/15
02-08 19:30:32.546 30644 30644 I Adreno  : OpenGL ES Shader Compiler Version: XE031.05.13.02
02-08 19:30:32.546 30644 30644 I Adreno  : Local Branch                     : 
02-08 19:30:32.546 30644 30644 I Adreno  : Remote Branch                    : quic/LA.BF64.1.2.9_v2
02-08 19:30:32.546 30644 30644 I Adreno  : Remote Branch                    : NONE
02-08 19:30:32.546 30644 30644 I Adreno  : Reconstruct Branch               : NOTHING
02-08 19:30:32.589   920   937 D BluetoothManagerService: Added callback: android.bluetooth.IBluetoothManagerCallback$Stub$Proxy@5e51b4:true
02-08 19:30:32.636 30644 30644 W AwContents: onDetachedFromWindow called when already detached. Ignoring
02-08 19:30:32.644 30644 30644 D SystemWebViewEngine: CordovaWebView is running on device made by: Huawei
02-08 19:30:32.647 30644 30644 D PluginManager: init()
02-08 19:30:32.650 30644 30644 D CordovaWebViewImpl: >>> loadUrl(file:///android_asset/www/index.html)
02-08 19:30:32.665 30644 30644 D CordovaActivity: Started the activity.
02-08 19:30:32.665 30644 30644 D CordovaActivity: Resumed the activity.
02-08 19:30:32.672 30644 30685 D OpenGLRenderer: Use EGL_SWAP_BEHAVIOR_PRESERVED: true
02-08 19:30:32.678 30644 30670 W chromium: [WARNING:data_reduction_proxy_config.cc(423)] SPDY proxy OFF at startup
02-08 19:30:32.698 30644 30685 I OpenGLRenderer: Initialized EGL, version 1.4
02-08 19:30:32.776   920   938 I ActivityManager: Displayed com.test.thalitest/.MainActivity: +411ms
02-08 19:30:32.779  3525  3525 I Keyboard.Facilitator: onFinishInput()
02-08 19:30:32.785 30644 30644 D CordovaWebViewImpl: onPageDidNavigate(file:///android_asset/www/index.html)
02-08 19:30:32.803 30644 30644 W BindingManager: Cannot call determinedVisibility() - never saw a connection for the pid: 30644
02-08 19:30:32.885 30644 30644 D JsMessageQueue: Set native->JS mode to EvalBridgeMode
02-08 19:30:32.918 30676 30676 D AndroidRuntime: >>>>>> START com.android.internal.os.RuntimeInit uid 2000 <<<<<<
02-08 19:30:32.923 30676 30676 D AndroidRuntime: CheckJNI is OFF
02-08 19:30:32.949 30676 30676 D ICU     : No timezone override file found: /data/misc/zoneinfo/current/icu/icu_tzdata.dat
02-08 19:30:32.973 30676 30676 I Radio-JNI: register_android_hardware_Radio DONE
02-08 19:30:32.989 30676 30676 D AndroidRuntime: Calling main entry com.android.commands.pm.Pm
02-08 19:30:32.992 30676 30676 I art     : System.exit called, status: 0
02-08 19:30:32.992 30676 30676 I AndroidRuntime: VM exiting with result code 0.
02-08 19:30:32.992  3878  4048 V GmsNetworkLocationProvi: onSetRequest: ProviderRequestUnbundled, reportLocation is true and interval is 86400000
02-08 19:30:32.993  3878  3878 V GmsNetworkLocationProvi: SET-REQUEST
02-08 19:30:32.993  3878  3878 V GmsNetworkLocationProvi: in Handler: ProviderRequestUnbundled, reportLocation is true and interval is 86400000
02-08 19:30:33.090 30644 30687 D jxcore_app_log: JniHelper::setJavaVM(0xf4f7c000), pthread_self() = -566490832
02-08 19:30:33.097 30644 30687 V org.thaliproject.p2p.btconnectorlib.ConnectionManagerSettings: load: 
02-08 19:30:33.097 30644 30687 V org.thaliproject.p2p.btconnectorlib.ConnectionManagerSettings:     - Connection timeout in milliseconds: 15000
02-08 19:30:33.097 30644 30687 V org.thaliproject.p2p.btconnectorlib.ConnectionManagerSettings:     - Insecure RFCOMM socket port number: -1
02-08 19:30:33.097 30644 30687 V org.thaliproject.p2p.btconnectorlib.ConnectionManagerSettings:     - Maximum number of connection attempt retries: 0
02-08 19:30:33.097 30644 30687 V org.thaliproject.p2p.btconnectorlib.ConnectionManagerSettings:     - Handshake required: true
02-08 19:30:33.097 30644 30687 V org.thaliproject.p2p.btconnectorlib.ConnectionManagerSettings: addListener: Listener org.thaliproject.p2p.btconnectorlib.ConnectionManager@56c7cdd added. We now have 1 listener(s)
02-08 19:30:33.098 30644 30687 V org.thaliproject.p2p.btconnectorlib.DiscoveryManagerSettings: addListener: Listener org.thaliproject.p2p.btconnectorlib.ConnectionManager@56c7cdd added. We now have 1 listener(s)
02-08 19:30:33.098 30644 30687 V org.thaliproject.p2p.btconnectorlib.DiscoveryManagerSettings: load: 
02-08 19:30:33.098 30644 30687 V org.thaliproject.p2p.btconnectorlib.DiscoveryManagerSettings:     - Automate Bluetooth MAC address resolution: true
02-08 19:30:33.098 30644 30687 V org.thaliproject.p2p.btconnectorlib.DiscoveryManagerSettings:     - Provide Bluetooth MAC address timeout in milliseconds: 40000
02-08 19:30:33.098 30644 30687 V org.thaliproject.p2p.btconnectorlib.DiscoveryManagerSettings:     - Bluetooth MAC address: null
02-08 19:30:33.098 30644 30687 V org.thaliproject.p2p.btconnectorlib.DiscoveryManagerSettings:     - Discovery mode: BLE
02-08 19:30:33.098 30644 30687 V org.thaliproject.p2p.btconnectorlib.DiscoveryManagerSettings:     - Peer expiration time in milliseconds: 60000
02-08 19:30:33.098 30644 30687 V org.thaliproject.p2p.btconnectorlib.DiscoveryManagerSettings:     - Manufacturer ID: 76
02-08 19:30:33.098 30644 30687 V org.thaliproject.p2p.btconnectorlib.DiscoveryManagerSettings:     - Beacon ad length and type: 533
02-08 19:30:33.098 30644 30687 V org.thaliproject.p2p.btconnectorlib.DiscoveryManagerSettings:     - Beacon ad extra information: 256
02-08 19:30:33.098 30644 30687 V org.thaliproject.p2p.btconnectorlib.DiscoveryManagerSettings:     - Advertisement data type: DO_NOT_CARE
02-08 19:30:33.098 30644 30687 V org.thaliproject.p2p.btconnectorlib.DiscoveryManagerSettings:     - Advertise mode: 1
02-08 19:30:33.098 30644 30687 V org.thaliproject.p2p.btconnectorlib.DiscoveryManagerSettings:     - Advertise TX power level: 2
02-08 19:30:33.098 30644 30687 V org.thaliproject.p2p.btconnectorlib.DiscoveryManagerSettings:     - Scan mode: 1
02-08 19:30:33.098 30644 30687 V org.thaliproject.p2p.btconnectorlib.DiscoveryManagerSettings:     - Scan report delay in milliseconds: 500
02-08 19:30:33.100 30644 30687 I org.thaliproject.p2p.btconnectorlib.DiscoveryManagerSettings: setBluetoothMacAddress: BC:75:74:3A:BD:0F
02-08 19:30:33.100 30644 30687 D org.thaliproject.p2p.btconnectorlib.internal.AbstractBluetoothConnectivityAgent: verifyIdentityString: One or more of the following values are invalid: ", Bluetooth MAC address: "BC:75:74:3A:BD:0F"Peer extra info: "256
02-08 19:30:33.101 30644 30687 D org.thaliproject.p2p.btconnectorlib.internal.bluetooth.BluetoothConnector: BluetoothConnector: Bluetooth name: Thali_Bluetooth, service record UUID: fa87c0d0-afac-11de-8a39-0800200c9a66
02-08 19:30:33.101 30644 30687 D org.thaliproject.p2p.btconnectorlib.internal.bluetooth.BluetoothConnector: setIdentityString: 
02-08 19:30:33.103 30644 30687 V org.thaliproject.p2p.btconnectorlib.DiscoveryManagerSettings: load: Already loaded
02-08 19:30:33.103 30644 30687 V org.thaliproject.p2p.btconnectorlib.DiscoveryManagerSettings: addListener: Listener org.thaliproject.p2p.btconnectorlib.DiscoveryManager@53bc20 added. We now have 2 listener(s)
02-08 19:30:33.104 30644 30687 D org.thaliproject.p2p.btconnectorlib.utils.PeerModel: addListener: New listener added - the number of listeners is now 1
02-08 19:30:33.110   920  3048 D WifiService: New client listening to asynchronous messages
02-08 19:30:33.110 30644 30687 I org.thaliproject.p2p.btconnectorlib.DiscoveryManagerSettings: setDiscoveryMode: Discovery mode BLE is supported
02-08 19:30:33.110 30644 30687 I org.thaliproject.p2p.btconnectorlib.DiscoveryManagerSettings: setManufacturerId: 76 -> 61973
02-08 19:30:33.110 30644 30687 D org.thaliproject.p2p.btconnectorlib.DiscoveryManager: onAdvertiseScanSettingsChanged: Current thread: Thread[JavaBridge,5,main], id: 5691
02-08 19:30:33.111 30644 30687 I org.thaliproject.p2p.btconnectorlib.DiscoveryManagerSettings: setAdvertiseScanModeAndTxPowerLevel: Advertise mode: 1 -> 2
02-08 19:30:33.111 30644 30687 I org.thaliproject.p2p.btconnectorlib.DiscoveryManagerSettings: setAdvertiseScanModeAndTxPowerLevel: Advertise TX power level: 2 -> 3
02-08 19:30:33.111 30644 30687 I org.thaliproject.p2p.btconnectorlib.DiscoveryManagerSettings: setAdvertiseScanModeAndTxPowerLevel: Scan mode: 1 -> 2
02-08 19:30:33.111 30644 30687 D org.thaliproject.p2p.btconnectorlib.DiscoveryManager: onAdvertiseScanSettingsChanged: Current thread: Thread[JavaBridge,5,main], id: 5691
02-08 19:30:33.113 30644 30687 I org.thaliproject.p2p.btconnectorlib.internal.bluetooth.BluetoothManager: bind: Binding a new listener
02-08 19:30:33.113 30644 30687 I org.thaliproject.p2p.btconnectorlib.internal.bluetooth.BluetoothManager: initialize: My bluetooth address is BC:75:74:3A:BD:0F
02-08 19:30:33.124 30644 30687 V org.thaliproject.p2p.btconnectorlib.internal.bluetooth.BluetoothManager: Checking support for multiple advertisement: Storing the value (SUPPORTED) in persistent storage
02-08 19:30:33.124 30644 30687 V io.jxcore.node.ConnectivityMonitor: updateConnectivityInfo: FORCED notification:
02-08 19:30:33.124 30644 30687 V io.jxcore.node.ConnectivityMonitor:     - is Wi-Fi Direct supported: true
02-08 19:30:33.124 30644 30687 V io.jxcore.node.ConnectivityMonitor:     - is Bluetooth LE multiple advertisement supported: SUPPORTED
02-08 19:30:33.124 30644 30687 V io.jxcore.node.ConnectivityMonitor:     - is Wi-Fi enabled: true
02-08 19:30:33.124 30644 30687 V io.jxcore.node.ConnectivityMonitor:     - is Bluetooth enabled: true
02-08 19:30:33.124 30644 30687 V io.jxcore.node.ConnectivityMonitor:     - BSSID name: 70:cd:60:ff:5a:07
02-08 19:30:33.124 30644 30687 V io.jxcore.node.ConnectivityMonitor:     - SSID name: "T"
02-08 19:30:33.124 30644 30687 V io.jxcore.node.ConnectivityMonitor:     - is connected/connecting to active network: true
02-08 19:30:33.124 30644 30687 V io.jxcore.node.ConnectivityMonitor:     - active network type is Wi-Fi: true
02-08 19:30:33.124 30644 30687 D io.jxcore.node.JXcoreExtension: notifyNetworkChanged: Not registered for event "networkChanged" and will not notify, in JS call method "didRegisterToNative" with argument "networkChanged" to register
02-08 19:30:33.124 30644 30687 D io.jxcore.node.ConnectivityMonitor: start: OK
02-08 19:30:33.125 30644 30687 I io.jxcore.node.LifeCycleMonitor: start: OK
02-08 19:30:33.134 30644 30644 V io.jxcore.node.ConnectivityMonitor: updateConnectivityInfo: No relevant state changes
02-08 19:30:33.139 30644 30644 V io.jxcore.node.ConnectivityMonitor: updateConnectivityInfo: No relevant state changes
02-08 19:30:33.144 30644 30644 V io.jxcore.node.ConnectivityMonitor: updateConnectivityInfo: No relevant state changes
02-08 19:30:33.149 30644 30644 D CordovaWebViewImpl: onPageFinished(file:///android_asset/www/index.html)
02-08 19:30:33.153 30644 30644 D SystemWebChromeClient: file:///android_asset/www/js/index.js: Line 36 : Uncaught TypeError: Cannot read property 'querySelector' of null
02-08 19:30:33.154 30644 30644 I chromium: [INFO:CONSOLE(36)] "Uncaught TypeError: Cannot read property 'querySelector' of null", source: file:///android_asset/www/js/index.js (36)
02-08 19:30:33.540 30644 30654 I art     : Background partial concurrent mark sweep GC freed 65458(6MB) AllocSpace objects, 12(496KB) LOS objects, 38% free, 25MB/41MB, paused 1.515ms total 227.828ms
02-08 19:30:33.932 30644 30705 W jxcore-log: Initializing JXcore engine
02-08 19:30:33.932 30644 30705 W jxcore-log: JXcore engine is ready
02-08 19:30:33.949 30705 30705 W Thread-5698: type=1400 audit(0.0:17549): avc: denied { ioctl } for path="/dev/pmsg0" dev="tmpfs" ino=12556 ioctlcmd=5451 scontext=u:r:untrusted_app:s0:c512,c768 tcontext=u:object_r:pmsg_device:s0 tclass=chr_file permissive=0
02-08 19:30:33.949 30705 30705 W Thread-5698: type=1400 audit(0.0:17550): avc: denied { ioctl } for path="socket:[16393]" dev="sockfs" ino=16393 ioctlcmd=5451 scontext=u:r:untrusted_app:s0:c512,c768 tcontext=u:r:zygote:s0 tclass=unix_dgram_socket permissive=0
02-08 19:30:33.949 30705 30705 W Thread-5698: type=1400 audit(0.0:17551): avc: denied { ioctl } for path="/sys/kernel/debug/tracing/trace_marker" dev="debugfs" ino=5964 ioctlcmd=5451 scontext=u:r:untrusted_app:s0:c512,c768 tcontext=u:object_r:debugfs:s0 tclass=file permissive=0
02-08 19:30:33.949 30705 30705 W Thread-5698: type=1400 audit(0.0:17552): avc: denied { ioctl } for path="socket:[8180112]" dev="sockfs" ino=8180112 ioctlcmd=5451 scontext=u:r:untrusted_app:s0:c512,c768 tcontext=u:r:surfaceflinger:s0 tclass=unix_stream_socket permissive=0
02-08 19:30:33.964 30644 30705 W jxcore-log: Starting JXcore engine
02-08 19:30:34.014 30644 30705 W jxcore-log: Platform android
02-08 19:30:34.014 30644 30705 W jxcore-log: 
02-08 19:30:34.014 30644 30705 W jxcore-log: Process ARCH arm
02-08 19:30:34.014 30644 30705 W jxcore-log: 
02-08 19:30:34.208 30644 30705 I jxcore-log: JXcore Cordova bridge is ready!
02-08 19:30:34.208 30644 30705 I jxcore-log: 
02-08 19:30:34.208 30644 30705 W jxcore-log: JXcore engine is started
02-08 19:30:34.216 30644 30687 I org.thaliproject.p2p.ThaliPermissions: execute: REQUEST_ACCESS_COARSE_LOCATION
02-08 19:30:34.223 30644 30644 D SystemWebChromeClient: file:///android_asset/www/js/thali_main.js: Line 41 : Application has the required permission.
02-08 19:30:34.223 30644 30644 I chromium: [INFO:CONSOLE(41)] "Application has the required permission.", source: file:///android_asset/www/js/thali_main.js (41)
02-08 19:30:34.241 30644 30705 I jxcore-log: 
02-08 19:30:34.241 30644 30705 I jxcore-log: ------------------------------
02-08 19:30:34.241 30644 30705 I jxcore-log: process.jxversion = "v0.3.1.9"
02-08 19:30:34.241 30644 30705 I jxcore-log: ------------------------------
02-08 19:30:34.241 30644 30705 I jxcore-log: 
02-08 19:30:35.812   920 25998 D NetlinkSocketObserver: NeighborEvent{elapsedMs=5991601769, 192.168.2.1, [129ADDB5B164], RTM_NEWNEIGH, NUD_STALE}
02-08 19:30:38.218 18502 18535 D bt_btm_pm: btm_pm_snd_md_req switching from ACTIVE to SNIFF.
02-08 19:30:41.612 26587 26587 I ServiceManager: Waiting for service AtCmdFwd...
02-08 19:30:42.435 12843 30709 W CronetSyncConnectionRcs: Upload content type not set.
02-08 19:30:42.612 26587 26587 I ServiceManager: Waiting for service AtCmdFwd...
02-08 19:30:43.309 18502 18535 I bt_btm_sec: btm_sec_disconnected clearing pending flag handle:11 reason:8
02-08 19:30:43.312 18502 18518 E BluetoothRemoteDevices: state12newState1
02-08 19:30:43.318 18502 18502 D BluetoothMapService: onReceive
02-08 19:30:43.318 18502 18502 D BluetoothMapService: onReceive: android.bluetooth.device.action.ACL_DISCONNECTED
02-08 19:30:43.337 12843 12843 I BTConnectionReceiver: onReceive(context, Intent { act=android.bluetooth.device.action.ACL_DISCONNECTED flg=0x4000010 cmp=com.google.android.googlequicksearchbox/com.google.android.search.core.service.BluetoothConnectionReceiver (has extras) }, [BluetoothDevice: address=BC:75:74:3A:BC:F8, alias=null, name=Nexus 6P, majorDeviceClass=512, deviceClass=524]
02-08 19:30:43.339 12843 12843 I BluetoothClassifier: Bluetooth Device Name: Nexus 6P
02-08 19:30:43.388 18502 18535 I bt_btm_sec: btm_sec_disconnected clearing pending flag handle:12 reason:8
02-08 19:30:43.390 18502 18518 E BluetoothRemoteDevices: state12newState1
02-08 19:30:43.395 18502 18502 D BluetoothMapService: onReceive
02-08 19:30:43.395 18502 18502 D BluetoothMapService: onReceive: android.bluetooth.device.action.ACL_DISCONNECTED
02-08 19:30:43.412 12843 12843 I BTConnectionReceiver: onReceive(context, Intent { act=android.bluetooth.device.action.ACL_DISCONNECTED flg=0x4000010 cmp=com.google.android.googlequicksearchbox/com.google.android.search.core.service.BluetoothConnectionReceiver (has extras) }, [BluetoothDevice: address=24:00:BA:F9:9A:9F, alias=null, name=XYZ, majorDeviceClass=512, deviceClass=524]
02-08 19:30:43.415 12843 12843 I BluetoothClassifier: Bluetooth Device Name: XYZ
02-08 19:30:43.613 26587 26587 I ServiceManager: Waiting for service AtCmdFwd...
02-08 19:30:44.236 30644 30705 I jxcore-log: 2017-02-08 16:30:44 - DEBUG thaliMobileNativeWrapper: 'Method peerAvailabilityChanged registered to native'
02-08 19:30:44.236 30644 30705 I jxcore-log: 
02-08 19:30:44.239 30644 30705 I jxcore-log: 2017-02-08 16:30:44 - DEBUG thaliMobileNativeWrapper: 'Method discoveryAdvertisingStateUpdateNonTCP registered to native'
02-08 19:30:44.239 30644 30705 I jxcore-log: 
02-08 19:30:44.239 30644 30705 I jxcore-log: 2017-02-08 16:30:44 - DEBUG thaliMobileNativeWrapper: 'Method multiConnectResolved registered to native'
02-08 19:30:44.239 30644 30705 I jxcore-log: 
02-08 19:30:44.246 30644 30705 V io.jxcore.node.ConnectivityMonitor: updateConnectivityInfo: FORCED notification:
02-08 19:30:44.246 30644 30705 V io.jxcore.node.ConnectivityMonitor:     - is Wi-Fi Direct supported: true
02-08 19:30:44.246 30644 30705 V io.jxcore.node.ConnectivityMonitor:     - is Bluetooth LE multiple advertisement supported: SUPPORTED
02-08 19:30:44.246 30644 30705 V io.jxcore.node.ConnectivityMonitor:     - is Wi-Fi enabled: true
02-08 19:30:44.246 30644 30705 V io.jxcore.node.ConnectivityMonitor:     - is Bluetooth enabled: true
02-08 19:30:44.246 30644 30705 V io.jxcore.node.ConnectivityMonitor:     - BSSID name: 70:cd:60:ff:5a:07
02-08 19:30:44.246 30644 30705 V io.jxcore.node.ConnectivityMonitor:     - SSID name: "T"
02-08 19:30:44.246 30644 30705 V io.jxcore.node.ConnectivityMonitor:     - is connected/connecting to active network: true
02-08 19:30:44.246 30644 30705 V io.jxcore.node.ConnectivityMonitor:     - active network type is Wi-Fi: true
02-08 19:30:44.251 30644 30705 D io.jxcore.node.JXcoreExtension: notifyNetworkChanged: BLE: ON, Bluetooth: ON, Wi-Fi: ON, cellular: DO_NOT_CARE, BSSID name: 70:cd:60:ff:5a:07, SSID name: "T"
02-08 19:30:44.253 30644 30705 I jxcore-log: 2017-02-08 16:30:44 - DEBUG thaliMobileNativeWrapper: 'Method networkChanged registered to native'
02-08 19:30:44.253 30644 30705 I jxcore-log: 
02-08 19:30:44.254 30644 30705 I jxcore-log: 2017-02-08 16:30:44 - DEBUG thaliMobileNativeWrapper: 'Method multiConnectConnectionFailure registered to native'
02-08 19:30:44.254 30644 30705 I jxcore-log: 
02-08 19:30:44.255 30644 30705 I jxcore-log: 2017-02-08 16:30:44 - DEBUG thaliMobileNativeWrapper: 'Method incomingConnectionToPortNumberFailed registered to native'
02-08 19:30:44.255 30644 30705 I jxcore-log: 
02-08 19:30:44.494 30644 30705 I jxcore-log: 2017-02-08 16:30:44 - DEBUG UnitTest_app: 'My device name is: 'Huawei-Nexus 6P''
02-08 19:30:44.494 30644 30705 I jxcore-log: 
02-08 19:30:44.495 30644 30705 I jxcore-log: 2017-02-08 16:30:44 - WARN testUtils: 'myNameCallback not set!'
02-08 19:30:44.495 30644 30705 I jxcore-log: 
02-08 19:30:44.615 26587 26587 I ServiceManager: Waiting for service AtCmdFwd...
02-08 19:30:45.616 26587 26587 I ServiceManager: Waiting for service AtCmdFwd...
02-08 19:30:46.617 26587 26587 W Atfwd_Sendcmd: AtCmdFwd service not published, waiting... retryCnt : 5
02-08 19:30:46.718 30644 30705 I jxcore-log: 2017-02-08 16:30:46 - INFO runTests: 'Starting tests. Network type: BOTH. Platform: android'
02-08 19:30:46.718 30644 30705 I jxcore-log: 
02-08 19:30:46.718 30644 30705 I jxcore-log: 2017-02-08 16:30:46 - INFO testLoader: 'loading file: /data/data/com.test.thalitest/files/www/jxcore/bv_tests/testThaliManagerCoordinated.js'
02-08 19:30:46.718 30644 30705 I jxcore-log: 
02-08 19:30:47.116 30644 30705 V io.jxcore.node.JXcoreExtension: isBleMultipleAdvertisementSupported: SUPPORTED
02-08 19:30:47.118 30644 30705 I jxcore-log: 2017-02-08 16:30:47 - INFO testUtils: 'BLE multiple advertisement supported'
02-08 19:30:47.118 30644 30705 I jxcore-log: 
02-08 19:30:47.121 30644 30705 I jxcore-log: 2017-02-08 16:30:47 - DEBUG UnitTest_app: 'Unit Test app is loaded'
02-08 19:30:47.121 30644 30705 I jxcore-log: 
02-08 19:30:47.134 30644 30705 I jxcore-log: 2017-02-08 16:30:47 - DEBUG thaliMobileNativeWrapper: 'networkChanged: {"bluetoothLowEnergy":"on","bluetooth":"on","wifi":"on","cellular":"doNotCare","bssidName":"70:cd:60:ff:5a:07","ssidName":"T"}'
02-08 19:30:47.134 30644 30705 I jxcore-log: 
02-08 19:30:47.134 30644 30705 I jxcore-log: 2017-02-08 16:30:47 - INFO thaliMobile: 'Filtered out networkChangedNonTCP (was in stopped state).'
02-08 19:30:47.134 30644 30705 I jxcore-log: 
02-08 19:30:47.140 30644 30644 D SystemWebChromeClient: file:///android_asset/www/js/thali_main.js: Line 68 : UIApp is all set and ready!
02-08 19:30:47.140 30644 30644 I chromium: [INFO:CONSOLE(68)] "UIApp is all set and ready!", source: file:///android_asset/www/js/thali_main.js (68)
02-08 19:30:47.143 30644 30705 I jxcore-log: 2017-02-08 16:30:47 - INFO CoordinatedClient: 'Connecting to coordination server on http://192.168.2.1:3000/'
02-08 19:30:47.143 30644 30705 I jxcore-log: 
02-08 19:30:47.223 30644 30705 I jxcore-log: 2017-02-08 16:30:47 - DEBUG CoordinatedClient: 'connected to the test server'
02-08 19:30:47.223 30644 30705 I jxcore-log: 
02-08 19:30:47.442   920 25998 D NetlinkSocketObserver: NeighborEvent{elapsedMs=5991613399, 192.168.2.1, [129ADDB5B164], RTM_NEWNEIGH, NUD_REACHABLE}
02-08 19:30:49.467 30644 30705 I jxcore-log: TAP version 13
02-08 19:30:49.467 30644 30705 I jxcore-log: 
02-08 19:30:49.471 30644 30705 I jxcore-log: # setup
02-08 19:30:49.471 30644 30705 I jxcore-log: 
02-08 19:30:50.751 30644 30705 I jxcore-log: # test write
02-08 19:30:50.751 30644 30705 I jxcore-log: 
02-08 19:30:51.009 30644 30705 I jxcore-log: ok 1 About to start thali manager
02-08 19:30:51.009 30644 30705 I jxcore-log: 
02-08 19:30:51.044 30644 30705 I jxcore-log: 2017-02-08 16:30:51 - DEBUG thaliManager: 'creating ThaliSendNotificationBasedOnReplication instance'
02-08 19:30:51.044 30644 30705 I jxcore-log: 
02-08 19:30:51.047 30644 30705 I jxcore-log: 2017-02-08 16:30:51 - DEBUG thaliManager: 'creating ThaliPullReplicationFromNotification instance'
02-08 19:30:51.047 30644 30705 I jxcore-log: 
02-08 19:30:51.048 30644 30705 I jxcore-log: 2017-02-08 16:30:51 - DEBUG thaliManager: 'creating express pouchdb instance'
02-08 19:30:51.048 30644 30705 I jxcore-log: 
02-08 19:30:51.616 30644 30705 I jxcore-log: 2017-02-08 16:30:51 - DEBUG thaliManager: 'starting thaliPullReplicationFromNotification'
02-08 19:30:51.616 30644 30705 I jxcore-log: 
02-08 19:30:51.617 30644 30705 I jxcore-log: 2017-02-08 16:30:51 - DEBUG thaliPullReplicationFromNotification: 'starting thaliPeerPoolInterface'
02-08 19:30:51.617 30644 30705 I jxcore-log: 
02-08 19:30:51.618 30644 30705 I jxcore-log: 2017-02-08 16:30:51 - DEBUG thaliManager: 'starting ThaliMobile'
02-08 19:30:51.618 30644 30705 I jxcore-log: 
02-08 19:30:51.653 30644 30705 I jxcore-log: 2017-02-08 16:30:51 - DEBUG thaliMobileNativeWrapper: 'listening 40347'
02-08 19:30:51.653 30644 30705 I jxcore-log: 
02-08 19:30:51.654 30644 30705 I jxcore-log: 2017-02-08 16:30:51 - DEBUG createNativeListener: 'Creating Native Server'
02-08 19:30:51.654 30644 30705 I jxcore-log: 
02-08 19:30:51.657 30644 30705 I jxcore-log: 2017-02-08 16:30:51 - DEBUG createNativeListener: 'listening 48919'
02-08 19:30:51.657 30644 30705 I jxcore-log: 
02-08 19:30:51.658 30644 30705 I jxcore-log: 2017-02-08 16:30:51 - DEBUG thaliManager: 'start listening for advertisements'
02-08 19:30:51.658 30644 30705 I jxcore-log: 
02-08 19:30:51.661 30644 30705 D io.jxcore.node.JXcoreExtension: startListeningForAdvertisements
02-08 19:30:51.667 30644 30705 I io.jxcore.node.ConnectionHelper: start: Port number: 0, start advertisements: false
02-08 19:30:51.667 30644 30705 V io.jxcore.node.ConnectivityMonitor: start: Already started
02-08 19:30:51.668 30644 30705 V io.jxcore.node.StartStopOperation: isTargetState: Connectivity: NOT_STARTED, discovery: NOT_STARTED, is discovering: false, is advertising: false - Start operation: Should affect listening to advertisements only
02-08 19:30:51.668 30644 30705 V io.jxcore.node.StartStopOperationHandler: executeCurrentOperation: Executing: Start operation: Should affect listening to advertisements only
02-08 19:30:51.669 30644 30705 I org.thaliproject.p2p.btconnectorlib.DiscoveryManager: start: Discovery mode: BLE, start discovery: true, start advertiser: false
02-08 19:30:51.669 30644 30705 I org.thaliproject.p2p.btconnectorlib.internal.bluetooth.BluetoothManager: bind: Binding a new listener
02-08 19:30:51.669 30644 30705 I org.thaliproject.p2p.btconnectorlib.internal.wifi.WifiDirectManager: bind: Binding a new listener
02-08 19:30:51.678 30644 30705 D org.thaliproject.p2p.btconnectorlib.DiscoveryManager: startBlePeerDiscoverer
02-08 19:30:51.678 30644 30705 V io.jxcore.node.ConnectionHelper: Received a request for permission "android.permission.ACCESS_COARSE_LOCATION", but we are expecting that all the required permissions have already been granted
02-08 19:30:51.678 30644 30705 V org.thaliproject.p2p.btconnectorlib.DiscoveryManager: getBlePeerDiscovererInstanceAndCheckBluetoothMacAddress: Constructing...
02-08 19:30:51.685 30644 30705 D org.thaliproject.p2p.btconnectorlib.internal.bluetooth.le.BleAdvertiser: setAdvertiseSettings, Current thread: Thread[Thread-5698,5,main], id: 5698
02-08 19:30:51.685 30644 30705 I org.thaliproject.p2p.btconnectorlib.internal.bluetooth.le.BleAdvertiser: setAdvertiseSettings: Mode: 2, Tx power level: 3, timeout: 0, is connectable: false
02-08 19:30:51.686 30644 30705 D org.thaliproject.p2p.btconnectorlib.internal.bluetooth.le.BleScanner: applyAdditionalMarshmallowSettings
02-08 19:30:51.686 30644 30705 I org.thaliproject.p2p.btconnectorlib.internal.bluetooth.le.BleScanner: setScanSettings: Mode: 2, report delay in milliseconds: 500, scan result type: 0
02-08 19:30:51.686 30644 30705 D org.thaliproject.p2p.btconnectorlib.internal.bluetooth.le.BlePeerDiscoverer: Beacon extra: 256
02-08 19:30:51.687 30644 30705 V org.thaliproject.p2p.btconnectorlib.internal.bluetooth.BluetoothManager: Checking support for offloaded filtering: Storing the value (SUPPORTED) in persistent storage
02-08 19:30:51.689 30644 30705 V org.thaliproject.p2p.btconnectorlib.internal.bluetooth.BluetoothManager: Checking support for offloaded scan batching: Storing the value (SUPPORTED) in persistent storage
02-08 19:30:51.689 30644 30705 D org.thaliproject.p2p.btconnectorlib.internal.bluetooth.le.BlePeerDiscoverer: startScanner: Current thread: Thread[Thread-5698,5,main], id: 5698
02-08 19:30:51.689 30644 30705 I org.thaliproject.p2p.btconnectorlib.internal.bluetooth.le.BlePeerDiscoverer: startScanner: Starting...
02-08 19:30:51.689 30644 30705 D org.thaliproject.p2p.btconnectorlib.internal.bluetooth.le.BlePeerDiscoveryUtils: createScanFilter: No service UUID, use manufacturer ID: true
02-08 19:30:51.689 30644 30705 D org.thaliproject.p2p.btconnectorlib.internal.bluetooth.le.BlePeerDiscoveryUtils: manufacturer ID: 61973
02-08 19:30:51.690 30644 30705 D org.thaliproject.p2p.btconnectorlib.internal.bluetooth.le.BlePeerDiscoveryUtils: createScanFilter: BluetoothLeScanFilter [mDeviceName=null, mDeviceAddress=null, mUuid=null, mUuidMask=null, mServiceDataUuid=null, mServiceData=null, mServiceDataMask=null, mManufacturerId=61973, mManufacturerData=null, mManufacturerDataMask=null]
02-08 19:30:51.690 30644 30705 D org.thaliproject.p2p.btconnectorlib.internal.bluetooth.le.BleScanner: start: Current thread: Thread[Thread-5698,5,main], id: 5698
02-08 19:30:51.691 30644 30705 D BluetoothAdapter: STATE_ON
02-08 19:30:51.693 18502 18513 D BtGatt.GattService: registerClient() - UUID=2f21ac5b-4395-4676-8882-3e0c392ca759
02-08 19:30:51.694 18502 18518 D BtGatt.GattService: onClientRegistered() - UUID=2f21ac5b-4395-4676-8882-3e0c392ca759, clientIf=5
02-08 19:30:51.695 30644 30657 D BluetoothLeScanner: onClientRegistered() - status=0 clientIf=5
02-08 19:30:51.695 18502 18559 D BtGatt.GattService: start scan with filters
02-08 19:30:51.700 18502 18521 D BtGatt.ScanManager: handling starting scan
02-08 19:30:51.701 30644 30705 D org.thaliproject.p2p.btconnectorlib.internal.bluetooth.le.BleScanner: start: scan started
02-08 19:30:51.701 30644 30705 D org.thaliproject.p2p.btconnectorlib.internal.bluetooth.le.BleScanner: set state: Current thread: Thread[Thread-5698,5,main], id: 5698
02-08 19:30:51.701 30644 30705 D org.thaliproject.p2p.btconnectorlib.internal.bluetooth.le.BleScanner: setState: State changed from NOT_STARTED to RUNNING
02-08 19:30:51.701 30644 30705 D org.thaliproject.p2p.btconnectorlib.internal.bluetooth.le.BleScanner: notifyScannerStateChanged: started =  true. Current thread: Thread[Thread-5698,5,main], id: 5698
02-08 19:30:51.702 30644 30705 D org.thaliproject.p2p.btconnectorlib.DiscoveryManager: startBlePeerDiscoverer: OK
02-08 19:30:51.703 30644 30705 I org.thaliproject.p2p.btconnectorlib.DiscoveryManager: start: OK
02-08 19:30:51.703 30644 30705 D org.thaliproject.p2p.btconnectorlib.DiscoveryManager: updateState: Current thread: Thread[Thread-5698,5,main], id: 5698
02-08 19:30:51.703 30644 30644 I org.thaliproject.p2p.btconnectorlib.internal.bluetooth.le.BlePeerDiscoverer: onIsScannerStartedChanged: trueCurrent thread: Thread[main,5,main], id: 1
02-08 19:30:51.703 30644 30644 D org.thaliproject.p2p.btconnectorlib.internal.bluetooth.le.BlePeerDiscoverer: updateState : Current thread: Thread[main,5,main], id: 1
02-08 19:30:51.704 30644 30705 D org.thaliproject.p2p.btconnectorlib.DiscoveryManager: updateStateInternal Current thread: Thread[Thread-5698,5,main], id: 5698
02-08 19:30:51.704 30644 30705 D org.thaliproject.p2p.btconnectorlib.DiscoveryManager: updateStateInternal finished Current thread: Thread[Thread-5698,5,main], id: 5698
02-08 19:30:51.704 30644 30644 D org.thaliproject.p2p.btconnectorlib.internal.bluetooth.le.BlePeerDiscoverer: updateState: deducedStateSet: [SCANNING]
02-08 19:30:51.704 30644 30705 D org.thaliproject.p2p.btconnectorlib.DiscoveryManager: updateState finished Current thread: Thread[Thread-5698,5,main], id: 5698
02-08 19:30:51.704 30644 30644 D org.thaliproject.p2p.btconnectorlib.internal.bluetooth.le.BlePeerDiscoverer: updateState: stateSet: [NOT_STARTED]
02-08 19:30:51.704 30644 30705 I io.jxcore.node.ConnectionHelper: start: OK
02-08 19:30:51.704 30644 30644 D org.thaliproject.p2p.btconnectorlib.internal.bluetooth.le.BlePeerDiscoverer: Current thread: Thread[main,5,main], id: 1
02-08 19:30:51.705 30644 30644 D org.thaliproject.p2p.btconnectorlib.internal.bluetooth.le.BlePeerDiscoverer: updateState: State changed from [NOT_STARTED] to [SCANNING]Current thread: Thread[main,5,main], id: 1
02-08 19:30:51.706 30644 30644 D org.thaliproject.p2p.btconnectorlib.internal.bluetooth.le.BlePeerDiscoverer: update state finished. Current thread: Thread[main,5,main], id: 1
02-08 19:30:51.707 30644 30644 I org.thaliproject.p2p.btconnectorlib.DiscoveryManager: onBlePeerDiscovererStateChanged: [NOT_STARTED] -> [SCANNING] Current thread: Thread[main,5,main], id: 1
02-08 19:30:51.707 30644 30644 D org.thaliproject.p2p.btconnectorlib.DiscoveryManager: updateState: Current thread: Thread[main,5,main], id: 1
02-08 19:30:51.711 30644 30705 I jxcore-log: 2017-02-08 16:30:51 - INFO nodeSSDPClientLogger: '{ address: 'http://0.0.0.0:1900' } 'SSDP listening''
02-08 19:30:51.711 30644 30705 I jxcore-log: 
02-08 19:30:51.713 30644 30705 I jxcore-log: 2017-02-08 16:30:51 - INFO nodeSSDPClientLogger: 'Socket bound'
02-08 19:30:51.713 30644 30705 I jxcore-log: 
02-08 19:30:51.713 18502 18518 D BtGatt.GattService: onScanFilterEnableDisabled() - clientIf=5, status=0, action=1
02-08 19:30:51.713 18502 18518 D BtGatt.ScanManager: callback done for clientIf - 5 status - 0
02-08 19:30:51.714 18502 18521 D BtGatt.ScanManager: configureFilterParamter 1500 10000 4 0
02-08 19:30:51.715 30644 30644 D org.thaliproject.p2p.btconnectorlib.DiscoveryManager: updateStateInternal Current thread: Thread[main,5,main], id: 1
02-08 19:30:51.715 30644 30644 D org.thaliproject.p2p.btconnectorlib.DiscoveryManager: updateState: State: RUNNING_BLE, is discovering: true, is advertising: false
02-08 19:30:51.716 30644 30644 D org.thaliproject.p2p.btconnectorlib.DiscoveryManager: updateStateInternal finished Current thread: Thread[main,5,main], id: 1
02-08 19:30:51.716 30644 30644 D org.thaliproject.p2p.btconnectorlib.DiscoveryManager: updateState finished Current thread: Thread[main,5,main], id: 1
02-08 19:30:51.716 30644 30644 I io.jxcore.node.ConnectionHelper: onDiscoveryManagerStateChanged: State: RUNNING_BLE, is discovering: true, is advertising: false
02-08 19:30:51.723 18502 18518 D BtGatt.GattService: onScanFilterParamsConfigured() - clientIf=5, status=0, action=0, availableSpace=31
02-08 19:30:51.723 18502 18518 D BtGatt.ScanManager: callback done for clientIf - 5 status - 0
02-08 19:30:51.723 18502 18521 D BtGatt.ScanManager: Starting BLE batch scan
02-08 19:30:51.723 18502 18521 D BtGatt.ScanManager: configuring batch scan storage, appIf 5
02-08 19:30:51.736 18502 18518 D BtGatt.GattService: onBatchScanStorageConfigured() - clientIf=5, status=0
02-08 19:30:51.736 18502 18518 D BtGatt.ScanManager: callback done for clientIf - 5 status - 0
02-08 19:30:51.743 18502 18518 D BtGatt.GattService: onBatchScanStartStopped() - clientIf=5, status=0, startStopAction=1
02-08 19:30:51.743 18502 18518 D BtGatt.ScanManager: callback done for clientIf - 5 status - 0
02-08 19:30:52.217 30644 30644 V io.jxcore.node.ConnectionHelper: Notifying discovery manager state change: is discovering: true, is advertising: false
02-08 19:30:52.218 30644 30644 V io.jxcore.node.StartStopOperation: isTargetState: Connectivity: NOT_STARTED, discovery: RUNNING_BLE, is discovering: true, is advertising: false - Start operation: Should affect listening to advertisements only
02-08 19:30:52.218 30644 30644 D io.jxcore.node.StartStopOperationHandler: processCurrentOperationStatus: Operation successfully executed
02-08 19:30:52.224 30644 30705 I jxcore-log: 2017-02-08 16:30:52 - DEBUG thaliMobileNativeWrapper: 'discoveryAdvertisingStateUpdateNonTCP: {"discoveryActive":true,"advertisingActive":false}'
02-08 19:30:52.224 30644 30705 I jxcore-log: 
02-08 19:30:52.234 30644 30705 I jxcore-log: 2017-02-08 16:30:52 - DEBUG thaliManager: 'start update advertising and listening'
02-08 19:30:52.234 30644 30705 I jxcore-log: 
02-08 19:30:52.252 30644 30705 D io.jxcore.node.JXcoreExtension: startUpdateAdvertisingAndListening
02-08 19:30:52.255 30644 30705 I io.jxcore.node.ConnectionHelper: start: Port number: 48919, start advertisements: true
02-08 19:30:52.255 30644 30705 V io.jxcore.node.ConnectivityMonitor: start: Already started
02-08 19:30:52.255 30644 30705 I io.jxcore.node.StartStopOperationHandler: updateBeaconAdExtraInformation: New value: 0
02-08 19:30:52.256 30644 30705 I org.thaliproject.p2p.btconnectorlib.DiscoveryManagerSettings: setBeaconAdExtraInformation: 256 -> 0
02-08 19:30:52.256 30644 30705 I org.thaliproject.p2p.btconnectorlib.internal.AbstractBluetoothConnectivityAgent: clearIdentityString
02-08 19:30:52.259 30644 30705 I org.thaliproject.p2p.btconnectorlib.internal.AbstractBluetoothConnectivityAgent: verifyIdentityString: Identity string created: {"generation":0,"address":"BC:75:74:3A:BD:0F"}
02-08 19:30:52.259 30644 30705 D org.thaliproject.p2p.btconnectorlib.internal.bluetooth.BluetoothConnector: setIdentityString: {"generation":0,"address":"BC:75:74:3A:BD:0F"}
02-08 19:30:52.259 30644 30705 D org.thaliproject.p2p.btconnectorlib.DiscoveryManager: onAdvertiseScanSettingsChanged: Current thread: Thread[Thread-5698,5,main], id: 5698
02-08 19:30:52.260 30644 30705 I org.thaliproject.p2p.btconnectorlib.internal.bluetooth.le.BlePeerDiscoverer: applySettings:
02-08 19:30:52.260 30644 30705 I org.thaliproject.p2p.btconnectorlib.internal.bluetooth.le.BlePeerDiscoverer:     - Manufacturer ID: 61973
02-08 19:30:52.260 30644 30705 I org.thaliproject.p2p.btconnectorlib.internal.bluetooth.le.BlePeerDiscoverer:     - Beacon ad length and type: 533
02-08 19:30:52.260 30644 30705 I org.thaliproject.p2p.btconnectorlib.internal.bluetooth.le.BlePeerDiscoverer:     - Beacon ad extra information: 0
02-08 19:30:52.260 30644 30705 I org.thaliproject.p2p.btconnectorlib.internal.bluetooth.le.BlePeerDiscoverer:     - Advertisement data type: DO_NOT_CARE
02-08 19:30:52.260 30644 30705 I org.thaliproject.p2p.btconnectorlib.internal.bluetooth.le.BlePeerDiscoverer:     - Advertise mode: 2
02-08 19:30:52.260 30644 30705 I org.thaliproject.p2p.btconnectorlib.internal.bluetooth.le.BlePeerDiscoverer:     - Advertise TX power level: 3
02-08 19:30:52.260 30644 30705 I org.thaliproject.p2p.btconnectorlib.internal.bluetooth.le.BlePeerDiscoverer:     - Scan mode: 2
02-08 19:30:52.260 30644 30705 I org.thaliproject.p2p.btconnectorlib.internal.bluetooth.le.BlePeerDiscoverer:     - Scan report delay in milliseconds: 500
02-08 19:30:52.260 30644 30705 I org.thaliproject.p2p.btconnectorlib.internal.bluetooth.le.BlePeerDiscoverer:     - Current thread: Thread[Thread-5698,5,main], id: 5698
02-08 19:30:52.260 30644 30705 D org.thaliproject.p2p.btconnectorlib.internal.bluetooth.le.BlePeerDiscoverer: Beacon extra: 0
02-08 19:30:52.260 30644 30705 D org.thaliproject.p2p.btconnectorlib.internal.bluetooth.le.BlePeerDiscoverer: applySettings: advertiserWasStarted false Current thread: Thread[Thread-5698,5,main], id: 5698
02-08 19:30:52.260 30644 30705 D org.thaliproject.p2p.btconnectorlib.internal.bluetooth.le.BleAdvertiser: setAdvertiseSettings, Current thread: Thread[Thread-5698,5,main], id: 5698
02-08 19:30:52.260 30644 30705 I org.thaliproject.p2p.btconnectorlib.internal.bluetooth.le.BleAdvertiser: setAdvertiseSettings: Mode: 2, Tx power level: 3, timeout: 0, is connectable: false
02-08 19:30:52.261 30644 30705 D org.thaliproject.p2p.btconnectorlib.internal.bluetooth.le.BleScanner: applyAdditionalMarshmallowSettings
02-08 19:30:52.261 30644 30705 D org.thaliproject.p2p.btconnectorlib.internal.bluetooth.le.BlePeerDiscoverer: applySettings: scannerWasStarted true Current thread: Thread[Thread-5698,5,main], id: 5698
02-08 19:30:52.261 30644 30705 D org.thaliproject.p2p.btconnectorlib.internal.bluetooth.le.BlePeerDiscoverer: applySettings: stop scanner Current thread: Thread[Thread-5698,5,main], id: 5698
02-08 19:30:52.261 30644 30705 D org.thaliproject.p2p.btconnectorlib.internal.bluetooth.le.BleScanner: stop, Current thread: Thread[Thread-5698,5,main], id: 5698
02-08 19:30:52.262 30644 30705 D BluetoothAdapter: STATE_ON
02-08 19:30:52.262 18502 18579 D BtGatt.GattService: flushPendingBatchResults - clientIf=5, isServer=false
02-08 19:30:52.263 30644 30705 D org.thaliproject.p2p.btconnectorlib.internal.bluetooth.le.BleScanner: stop: scan results are flushed 
02-08 19:30:52.264 18502 18521 D BtGatt.ScanManager: flushPendingBatchResults - clientIf = 5
02-08 19:30:52.264 30644 30705 D BluetoothAdapter: STATE_ON
02-08 19:30:52.265 18502 18512 D BtGatt.GattService: stopScan() - queue size =1
02-08 19:30:52.265 18502 14690 D BtGatt.GattService: unregisterClient() - clientIf=5
02-08 19:30:52.266 30644 30705 D org.thaliproject.p2p.btconnectorlib.internal.bluetooth.le.BleScanner: stop: Stopped
02-08 19:30:52.266 30644 30705 D org.thaliproject.p2p.btconnectorlib.internal.bluetooth.le.BleScanner: set state: Current thread: Thread[Thread-5698,5,main], id: 5698
02-08 19:30:52.266 30644 30705 D org.thaliproject.p2p.btconnectorlib.internal.bluetooth.le.BleScanner: setState: State changed from RUNNING to NOT_STARTED
02-08 19:30:52.266 30644 30705 D org.thaliproject.p2p.btconnectorlib.internal.bluetooth.le.BleScanner: stop finished, Current thread: Thread[Thread-5698,5,main], id: 5698
02-08 19:30:52.266 30644 30705 I org.thaliproject.p2p.btconnectorlib.internal.bluetooth.le.BleScanner: setScanSettings: Mode: 2, report delay in milliseconds: 500, scan result type: 0
02-08 19:30:52.266 30644 30705 D org.thaliproject.p2p.btconnectorlib.internal.bluetooth.le.BlePeerDiscoverer: applySettings: start scanner Current thread: Thread[Thread-5698,5,main], id: 5698
02-08 19:30:52.267 30644 30705 D org.thaliproject.p2p.btconnectorlib.internal.bluetooth.le.BlePeerDiscoverer: startScanner: Current thread: Thread[Thread-5698,5,main], id: 5698
02-08 19:30:52.267 30644 30705 I org.thaliproject.p2p.btconnectorlib.internal.bluetooth.le.BlePeerDiscoverer: startScanner: Starting...
02-08 19:30:52.267 30644 30705 D org.thaliproject.p2p.btconnectorlib.internal.bluetooth.le.BlePeerDiscoveryUtils: createScanFilter: No service UUID, use manufacturer ID: true
02-08 19:30:52.267 30644 30705 D org.thaliproject.p2p.btconnectorlib.internal.bluetooth.le.BlePeerDiscoveryUtils: manufacturer ID: 61973
02-08 19:30:52.267 30644 30705 D org.thaliproject.p2p.btconnectorlib.internal.bluetooth.le.BlePeerDiscoveryUtils: createScanFilter: BluetoothLeScanFilter [mDeviceName=null, mDeviceAddress=null, mUuid=null, mUuidMask=null, mServiceDataUuid=null, mServiceData=null, mServiceDataMask=null, mManufacturerId=61973, mManufacturerData=null, mManufacturerDataMask=null]
02-08 19:30:52.267 30644 30705 D org.thaliproject.p2p.btconnectorlib.internal.bluetooth.le.BleScanner: start: Current thread: Thread[Thread-5698,5,main], id: 5698
02-08 19:30:52.268 18502 18502 D BtGatt.ScanManager: awakened up at time 5991618226
02-08 19:30:52.269 30644 30705 D BluetoothAdapter: STATE_ON
02-08 19:30:52.272 18502 18512 D BtGatt.GattService: registerClient() - UUID=59b0f624-b509-4b3e-acb6-d3b3895d0184
02-08 19:30:52.272 18502 18518 D BtGatt.GattService: onClientRegistered() - UUID=59b0f624-b509-4b3e-acb6-d3b3895d0184, clientIf=5
02-08 19:30:52.273 30644 30657 D BluetoothLeScanner: onClientRegistered() - status=0 clientIf=5
02-08 19:30:52.273 18502 14690 D BtGatt.GattService: start scan with filters
02-08 19:30:52.276 30644 30705 D org.thaliproject.p2p.btconnectorlib.internal.bluetooth.le.BleScanner: start: scan started
02-08 19:30:52.276 30644 30705 D org.thaliproject.p2p.btconnectorlib.internal.bluetooth.le.BleScanner: set state: Current thread: Thread[Thread-5698,5,main], id: 5698
