02-08 19:30:54.426 25576 25576 D org.thaliproject.p2p.btconnectorlib.internal.bluetooth.le.BlePeerDiscoverer: updateState : Current thread: Thread[main,5,main], id: 1
02-08 19:30:54.426 25576 25576 D org.thaliproject.p2p.btconnectorlib.internal.bluetooth.le.BlePeerDiscoverer: updateState: deducedStateSet: [SCANNING]
02-08 19:30:54.426 25576 25576 D org.thaliproject.p2p.btconnectorlib.internal.bluetooth.le.BlePeerDiscoverer: updateState: stateSet: [NOT_STARTED]
02-08 19:30:54.426 25576 25576 D org.thaliproject.p2p.btconnectorlib.internal.bluetooth.le.BlePeerDiscoverer: Current thread: Thread[main,5,main], id: 1
02-08 19:30:54.426 25576 25576 D org.thaliproject.p2p.btconnectorlib.internal.bluetooth.le.BlePeerDiscoverer: updateState: State changed from [NOT_STARTED] to [SCANNING]Current thread: Thread[main,5,main], id: 1
02-08 19:30:54.427 25576 25576 D org.thaliproject.p2p.btconnectorlib.internal.bluetooth.le.BlePeerDiscoverer: update state finished. Current thread: Thread[main,5,main], id: 1
02-08 19:30:54.427 25576 25634 I org.thaliproject.p2p.btconnectorlib.DiscoveryManager: start: OK
02-08 19:30:54.427 25576 25634 D org.thaliproject.p2p.btconnectorlib.DiscoveryManager: updateState: Current thread: Thread[Thread-897,5,main], id: 897
02-08 19:30:54.427 25576 25634 E org.thaliproject.p2p.btconnectorlib.DiscoveryManager: seems that updateState call different BlePeerDiscoverer
02-08 19:30:54.428 25576 25576 I org.thaliproject.p2p.btconnectorlib.DiscoveryManager: onBlePeerDiscovererStateChanged: [SCANNING, ADVERTISING] -> [SCANNING] Current thread: Thread[main,5,main], id: 1
02-08 19:30:54.428 11651 11667 D BtGatt.GattService: onScanFilterEnableDisabled() - clientIf=5, status=0, action=1
02-08 19:30:54.428 11651 11667 D BtGatt.ScanManager: callback done for clientIf - 5 status - 0
02-08 19:30:54.429 11651 11670 D BtGatt.ScanManager: configureFilterParamter 1500 10000 4 0
02-08 19:30:54.429 25576 25634 D org.thaliproject.p2p.btconnectorlib.DiscoveryManager: updateStateInternal Current thread: Thread[Thread-897,5,main], id: 897
02-08 19:30:54.429 25576 25634 D org.thaliproject.p2p.btconnectorlib.DiscoveryManager: updateState: State: RUNNING_BLE, is discovering: true, is advertising: false
02-08 19:30:54.430 25576 25634 D org.thaliproject.p2p.btconnectorlib.DiscoveryManager: updateStateInternal finished Current thread: Thread[Thread-897,5,main], id: 897
02-08 19:30:54.430 25576 25634 D org.thaliproject.p2p.btconnectorlib.DiscoveryManager: updateState finished Current thread: Thread[Thread-897,5,main], id: 897
02-08 19:30:54.430 25576 25634 I io.jxcore.node.ConnectionHelper: start: OK
02-08 19:30:54.430 11651 11667 D BtGatt.GattService: onScanFilterParamsConfigured() - clientIf=5, status=0, action=0, availableSpace=31
02-08 19:30:54.430 11651 11667 D BtGatt.ScanManager: callback done for clientIf - 5 status - 0
02-08 19:30:54.431 25576 25576 D org.thaliproject.p2p.btconnectorlib.DiscoveryManager: updateState: Current thread: Thread[main,5,main], id: 1
02-08 19:30:54.431 11651 11670 D BtGatt.ScanManager: Starting BLE batch scan
02-08 19:30:54.431 11651 11670 D BtGatt.ScanManager: configuring batch scan storage, appIf 5
02-08 19:30:54.432 25576 25634 I jxcore-log: 2017-02-08 16:30:54 - INFO nodeSSDPClientLogger: '{ address: 'http://0.0.0.0:1900' } 'SSDP listening''
02-08 19:30:54.432 25576 25634 I jxcore-log: 
02-08 19:30:54.434 25576 25576 D org.thaliproject.p2p.btconnectorlib.DiscoveryManager: updateStateInternal Current thread: Thread[main,5,main], id: 1
02-08 19:30:54.434 25576 25634 I jxcore-log: 2017-02-08 16:30:54 - INFO nodeSSDPClientLogger: 'Socket bound'
02-08 19:30:54.434 25576 25634 I jxcore-log: 
02-08 19:30:54.434 25576 25576 D org.thaliproject.p2p.btconnectorlib.DiscoveryManager: updateStateInternal finished Current thread: Thread[main,5,main], id: 1
02-08 19:30:54.434 25576 25576 D org.thaliproject.p2p.btconnectorlib.DiscoveryManager: updateState finished Current thread: Thread[main,5,main], id: 1
02-08 19:30:54.434 25576 25576 I io.jxcore.node.ConnectionHelper: onDiscoveryManagerStateChanged: State: RUNNING_BLE, is discovering: true, is advertising: false
02-08 19:30:54.448 11651 11667 D BtGatt.GattService: onBatchScanStorageConfigured() - clientIf=5, status=0
02-08 19:30:54.448 11651 11667 D BtGatt.ScanManager: callback done for clientIf - 5 status - 0
02-08 19:30:54.449 11651 11667 D BtGatt.GattService: onBatchScanStartStopped() - clientIf=5, status=0, startStopAction=1
02-08 19:30:54.449 11651 11667 D BtGatt.ScanManager: callback done for clientIf - 5 status - 0
02-08 19:30:54.512 25576 25634 I jxcore-log: 2017-02-08 16:30:54 - DEBUG thaliWifiInfrastructure: 'Emitting wifiPeerAvailabilityChanged {"peerIdentifier":"203786f9-638b-44da-9de4-e087fbc6a0d7","generation":0,"hostAddress":"192.168.2.5","portNumber":47656}'
02-08 19:30:54.512 25576 25634 I jxcore-log: 
02-08 19:30:54.513 25576 25634 I jxcore-log: 2017-02-08 16:30:54 - DEBUG thaliMobile: 'Emitting peerAvailabilityChanged from handlePeer {"peerIdentifier":"203786f9-638b-44da-9de4-e087fbc6a0d7","connectionType":"tcp","peerAvailable":true,"generation":0,"newAddressPort":false}'
02-08 19:30:54.513 25576 25634 I jxcore-log: 
02-08 19:30:54.809 25576 25634 I jxcore-log: 2017-02-08 16:30:54 - DEBUG thaliWifiInfrastructure: 'Emitting wifiPeerAvailabilityChanged {"peerIdentifier":"31be25d7-1d26-4a5f-959b-169f18909c37","generation":0,"hostAddress":"192.168.2.3","portNumber":49441}'
02-08 19:30:54.809 25576 25634 I jxcore-log: 
02-08 19:30:54.810 25576 25634 I jxcore-log: 2017-02-08 16:30:54 - DEBUG thaliMobile: 'Emitting peerAvailabilityChanged from handlePeer {"peerIdentifier":"31be25d7-1d26-4a5f-959b-169f18909c37","connectionType":"tcp","peerAvailable":true,"generation":0,"newAddressPort":false}'
02-08 19:30:54.810 25576 25634 I jxcore-log: 
02-08 19:30:54.828 25576 25634 I jxcore-log: 2017-02-08 16:30:54 - DEBUG thaliWifiInfrastructure: 'Emitting wifiPeerAvailabilityChanged {"peerIdentifier":"31be25d7-1d26-4a5f-959b-169f18909c37","generation":0,"portNumber":null,"hostAddress":null}'
02-08 19:30:54.828 25576 25634 I jxcore-log: 
02-08 19:30:54.829 25576 25634 I jxcore-log: 2017-02-08 16:30:54 - DEBUG thaliMobile: 'Emitting peerAvailabilityChanged from handlePeer {"peerIdentifier":"31be25d7-1d26-4a5f-959b-169f18909c37","connectionType":"tcp","peerAvailable":false,"generation":0,"newAddressPort":null}'
02-08 19:30:54.829 25576 25634 I jxcore-log: 
02-08 19:30:54.829 25576 25634 I jxcore-log: 2017-02-08 16:30:54 - WARN thaliNotificationClient: 'peer is not available'
02-08 19:30:54.829 25576 25634 I jxcore-log: 
02-08 19:30:54.834 25576 25634 I jxcore-log: 2017-02-08 16:30:54 - DEBUG thaliWifiInfrastructure: 'Emitting wifiPeerAvailabilityChanged {"peerIdentifier":"31be25d7-1d26-4a5f-959b-169f18909c37","generation":1,"hostAddress":"192.168.2.3","portNumber":49441}'
02-08 19:30:54.834 25576 25634 I jxcore-log: 
02-08 19:30:54.835 25576 25634 I jxcore-log: 2017-02-08 16:30:54 - DEBUG thaliMobile: 'Emitting peerAvailabilityChanged from handlePeer {"peerIdentifier":"31be25d7-1d26-4a5f-959b-169f18909c37","connectionType":"tcp","peerAvailable":true,"generation":1,"newAddressPort":false}'
02-08 19:30:54.835 25576 25634 I jxcore-log: 
02-08 19:30:54.844 25576 25634 I jxcore-log: 2017-02-08 16:30:54 - DEBUG thaliWifiInfrastructure: 'Emitting wifiPeerAvailabilityChanged {"peerIdentifier":"203786f9-638b-44da-9de4-e087fbc6a0d7","generation":0,"portNumber":null,"hostAddress":null}'
02-08 19:30:54.844 25576 25634 I jxcore-log: 
02-08 19:30:54.845 25576 25634 I jxcore-log: 2017-02-08 16:30:54 - DEBUG thaliMobile: 'Emitting peerAvailabilityChanged from handlePeer {"peerIdentifier":"203786f9-638b-44da-9de4-e087fbc6a0d7","connectionType":"tcp","peerAvailable":false,"generation":0,"newAddressPort":null}'
02-08 19:30:54.845 25576 25634 I jxcore-log: 
02-08 19:30:54.845 25576 25634 I jxcore-log: 2017-02-08 16:30:54 - WARN thaliNotificationClient: 'peer is not available'
02-08 19:30:54.845 25576 25634 I jxcore-log: 
02-08 19:30:54.848 25576 25634 I jxcore-log: 2017-02-08 16:30:54 - DEBUG thaliWifiInfrastructure: 'Emitting wifiPeerAvailabilityChanged {"peerIdentifier":"203786f9-638b-44da-9de4-e087fbc6a0d7","generation":1,"hostAddress":"192.168.2.5","portNumber":47656}'
02-08 19:30:54.848 25576 25634 I jxcore-log: 
02-08 19:30:54.848 25576 25634 I jxcore-log: 2017-02-08 16:30:54 - DEBUG thaliMobile: 'Emitting peerAvailabilityChanged from handlePeer {"peerIdentifier":"203786f9-638b-44da-9de4-e087fbc6a0d7","connectionType":"tcp","peerAvailable":true,"generation":1,"newAddressPort":false}'
02-08 19:30:54.848 25576 25634 I jxcore-log: 
02-08 19:30:54.935 25576 25576 V io.jxcore.node.ConnectionHelper: Notifying discovery manager state change: is discovering: true, is advertising: false
02-08 19:30:54.936 25576 25576 V io.jxcore.node.StartStopOperation: isTargetState: Connectivity: NOT_STARTED, discovery: RUNNING_BLE, is discovering: true, is advertising: false - Start operation: Should affect listening to advertisements only
02-08 19:30:54.936 25576 25576 D io.jxcore.node.StartStopOperationHandler: processCurrentOperationStatus: Operation successfully executed
02-08 19:30:54.940 25576 25634 I jxcore-log: 2017-02-08 16:30:54 - DEBUG thaliMobileNativeWrapper: 'discoveryAdvertisingStateUpdateNonTCP: {"discoveryActive":true,"advertisingActive":false}'
02-08 19:30:54.940 25576 25634 I jxcore-log: 
02-08 19:30:54.943 25576 25634 I jxcore-log: 2017-02-08 16:30:54 - DEBUG thaliManager: 'start update advertising and listening'
02-08 19:30:54.943 25576 25634 I jxcore-log: 
02-08 19:30:54.948 25576 25634 D io.jxcore.node.JXcoreExtension: startUpdateAdvertisingAndListening
02-08 19:30:54.950 25576 25634 I io.jxcore.node.ConnectionHelper: start: Port number: 46325, start advertisements: true
02-08 19:30:54.950 25576 25634 V io.jxcore.node.ConnectivityMonitor: start: Already started
02-08 19:30:54.950 25576 25634 I io.jxcore.node.StartStopOperationHandler: updateBeaconAdExtraInformation: New value: 3
02-08 19:30:54.950 25576 25634 I org.thaliproject.p2p.btconnectorlib.DiscoveryManagerSettings: setBeaconAdExtraInformation: 2 -> 3
02-08 19:30:54.950 25576 25634 I org.thaliproject.p2p.btconnectorlib.internal.AbstractBluetoothConnectivityAgent: clearIdentityString
02-08 19:30:54.951 25576 25634 I org.thaliproject.p2p.btconnectorlib.internal.AbstractBluetoothConnectivityAgent: verifyIdentityString: Identity string created: {"generation":3,"address":"BC:75:74:3A:BC:F8"}
02-08 19:30:54.951 25576 25634 D org.thaliproject.p2p.btconnectorlib.internal.bluetooth.BluetoothConnector: setIdentityString: {"generation":3,"address":"BC:75:74:3A:BC:F8"}
02-08 19:30:54.951 25576 25634 D org.thaliproject.p2p.btconnectorlib.DiscoveryManager: onAdvertiseScanSettingsChanged: Current thread: Thread[Thread-897,5,main], id: 897
02-08 19:30:54.951 25576 25634 I org.thaliproject.p2p.btconnectorlib.internal.bluetooth.le.BlePeerDiscoverer: applySettings:
02-08 19:30:54.951 25576 25634 I org.thaliproject.p2p.btconnectorlib.internal.bluetooth.le.BlePeerDiscoverer:     - Manufacturer ID: 61973
02-08 19:30:54.951 25576 25634 I org.thaliproject.p2p.btconnectorlib.internal.bluetooth.le.BlePeerDiscoverer:     - Beacon ad length and type: 533
02-08 19:30:54.951 25576 25634 I org.thaliproject.p2p.btconnectorlib.internal.bluetooth.le.BlePeerDiscoverer:     - Beacon ad extra information: 3
02-08 19:30:54.951 25576 25634 I org.thaliproject.p2p.btconnectorlib.internal.bluetooth.le.BlePeerDiscoverer:     - Advertisement data type: DO_NOT_CARE
02-08 19:30:54.951 25576 25634 I org.thaliproject.p2p.btconnectorlib.internal.bluetooth.le.BlePeerDiscoverer:     - Advertise mode: 2
02-08 19:30:54.951 25576 25634 I org.thaliproject.p2p.btconnectorlib.internal.bluetooth.le.BlePeerDiscoverer:     - Advertise TX power level: 3
02-08 19:30:54.951 25576 25634 I org.thaliproject.p2p.btconnectorlib.internal.bluetooth.le.BlePeerDiscoverer:     - Scan mode: 2
02-08 19:30:54.951 25576 25634 I org.thaliproject.p2p.btconnectorlib.internal.bluetooth.le.BlePeerDiscoverer:     - Scan report delay in milliseconds: 500
02-08 19:30:54.951 25576 25634 I org.thaliproject.p2p.btconnectorlib.internal.bluetooth.le.BlePeerDiscoverer:     - Current thread: Thread[Thread-897,5,main], id: 897
02-08 19:30:54.951 25576 25634 D org.thaliproject.p2p.btconnectorlib.internal.bluetooth.le.BlePeerDiscoverer: Beacon extra: 3
02-08 19:30:54.952 25576 25634 D org.thaliproject.p2p.btconnectorlib.internal.bluetooth.le.BlePeerDiscoverer: applySettings: advertiserWasStarted false Current thread: Thread[Thread-897,5,main], id: 897
02-08 19:30:54.952 25576 25634 D org.thaliproject.p2p.btconnectorlib.internal.bluetooth.le.BleAdvertiser: setAdvertiseSettings, Current thread: Thread[Thread-897,5,main], id: 897
02-08 19:30:54.952 25576 25634 I org.thaliproject.p2p.btconnectorlib.internal.bluetooth.le.BleAdvertiser: setAdvertiseSettings: Mode: 2, Tx power level: 3, timeout: 0, is connectable: false
02-08 19:30:54.952 25576 25634 D org.thaliproject.p2p.btconnectorlib.internal.bluetooth.le.BleScanner: applyAdditionalMarshmallowSettings
02-08 19:30:54.952 25576 25634 D org.thaliproject.p2p.btconnectorlib.internal.bluetooth.le.BlePeerDiscoverer: applySettings: scannerWasStarted true Current thread: Thread[Thread-897,5,main], id: 897
02-08 19:30:54.952 25576 25634 D org.thaliproject.p2p.btconnectorlib.internal.bluetooth.le.BlePeerDiscoverer: applySettings: stop scanner Current thread: Thread[Thread-897,5,main], id: 897
02-08 19:30:54.952 25576 25634 D org.thaliproject.p2p.btconnectorlib.internal.bluetooth.le.BleScanner: stop, Current thread: Thread[Thread-897,5,main], id: 897
02-08 19:30:54.953 25576 25634 D BluetoothAdapter: STATE_ON
02-08 19:30:54.953 11651 11699 D BtGatt.GattService: flushPendingBatchResults - clientIf=5, isServer=false
02-08 19:30:54.953 25576 25634 D org.thaliproject.p2p.btconnectorlib.internal.bluetooth.le.BleScanner: stop: scan results are flushed 
02-08 19:30:54.954 11651 11670 D BtGatt.ScanManager: flushPendingBatchResults - clientIf = 5
02-08 19:30:54.954 25576 25634 D BluetoothAdapter: STATE_ON
02-08 19:30:54.954 11651 11662 D BtGatt.GattService: stopScan() - queue size =1
02-08 19:30:54.955 11651 11698 D BtGatt.GattService: unregisterClient() - clientIf=5
02-08 19:30:54.955 25576 25634 D org.thaliproject.p2p.btconnectorlib.internal.bluetooth.le.BleScanner: stop: Stopped
02-08 19:30:54.955 25576 25634 D org.thaliproject.p2p.btconnectorlib.internal.bluetooth.le.BleScanner: set state: Current thread: Thread[Thread-897,5,main], id: 897
02-08 19:30:54.955 25576 25634 D org.thaliproject.p2p.btconnectorlib.internal.bluetooth.le.BleScanner: setState: State changed from RUNNING to NOT_STARTED
02-08 19:30:54.955 25576 25634 D org.thaliproject.p2p.btconnectorlib.internal.bluetooth.le.BleScanner: stop finished, Current thread: Thread[Thread-897,5,main], id: 897
02-08 19:30:54.955 25576 25634 I org.thaliproject.p2p.btconnectorlib.internal.bluetooth.le.BleScanner: setScanSettings: Mode: 2, report delay in milliseconds: 500, scan result type: 0
02-08 19:30:54.955 25576 25634 D org.thaliproject.p2p.btconnectorlib.internal.bluetooth.le.BlePeerDiscoverer: applySettings: start scanner Current thread: Thread[Thread-897,5,main], id: 897
02-08 19:30:54.955 25576 25634 D org.thaliproject.p2p.btconnectorlib.internal.bluetooth.le.BlePeerDiscoverer: startScanner: Current thread: Thread[Thread-897,5,main], id: 897
02-08 19:30:54.955 25576 25634 I org.thaliproject.p2p.btconnectorlib.internal.bluetooth.le.BlePeerDiscoverer: startScanner: Starting...
02-08 19:30:54.955 25576 25634 D org.thaliproject.p2p.btconnectorlib.internal.bluetooth.le.BlePeerDiscoveryUtils: createScanFilter: No service UUID, use manufacturer ID: true
02-08 19:30:54.955 25576 25634 D org.thaliproject.p2p.btconnectorlib.internal.bluetooth.le.BlePeerDiscoveryUtils: manufacturer ID: 61973
02-08 19:30:54.955 25576 25634 D org.thaliproject.p2p.btconnectorlib.internal.bluetooth.le.BlePeerDiscoveryUtils: createScanFilter: BluetoothLeScanFilter [mDeviceName=null, mDeviceAddress=null, mUuid=null, mUuidMask=null, mServiceDataUuid=null, mServiceData=null, mServiceDataMask=null, mManufacturerId=61973, mManufacturerData=null, mManufacturerDataMask=null]
02-08 19:30:54.955 25576 25634 D org.thaliproject.p2p.btconnectorlib.internal.bluetooth.le.BleScanner: start: Current thread: Thread[Thread-897,5,main], id: 897
02-08 19:30:54.956 25576 25634 D BluetoothAdapter: STATE_ON
02-08 19:30:54.957 11651 11661 D BtGatt.GattService: registerClient() - UUID=22b27361-125d-41bf-9d80-74d643c70322
02-08 19:30:54.958 11651 11667 D BtGatt.GattService: onClientRegistered() - UUID=22b27361-125d-41bf-9d80-74d643c70322, clientIf=5
02-08 19:30:54.960 25576 25588 D BluetoothLeScanner: onClientRegistered() - status=0 clientIf=5
02-08 19:30:54.962 11651 11662 D BtGatt.GattService: start scan with filters
02-08 19:30:54.962 11651 11667 D BtGatt.GattService: onBatchScanReports() - clientIf=5, status=0, reportType=2, numRecords=6
02-08 19:30:54.962 11651 11667 D BtGatt.ScanManager: callback done for clientIf - 5 status - 0
02-08 19:30:54.963 11651 11667 D BtGatt.GattService: current time is 2006212562980467
02-08 19:30:54.963 11651 11667 D BtGatt.GattService: Batch record : [44, -17, -90, 119, -121, 121, 1, -128, -60, 8, 0, 29, 17, 7, -112, -75, 1, 68, 117, 5, -46, -118, 48, 73, 103, 39, 36, 33, -34, 59, 10, 22, 36, 33, 3, -68, 117, 116, 58, -67, 15, 0, 15, -67, 58, 116, 117, -68, 0, -128, -60, 8, 0, 29, 17, 7, -112, -75, 1, 68, 117, 5, -46, -118, 48, 73, 103, 39, 36, 33, -34, 59, 10, 22, 36, 33, 3, -68, 117, 116, 58, -67, 15, 0, -18, -67, 51, 72, -13, 91, 1, -128, -60, 8, 0, 29, 17, 7, -112, -75, 1, 68, 117, 5, -46, -118, 48, 73, 103, 39, 36, 33, -34, 59, 10, 22, 36, 33, 4, -68, 117, 116, 58, -67, 15, 0, 15, -67, 58, 116, 117, -68, 0, -128, -60, 1, 0, 29, 17, 7, -112, -75, 1, 68, 117, 5, -46, -118, 48, 73, 103, 39, 36, 33, -34, 59, 10, 22, 36, 33, 4, -68, 117, 116, 58, -67, 15, 0, -108, 85, 121, -48, -52, 123, 1, -128, -59, 7, 0, 29, 17, 7, -112, -75, 1, 68, 117, 5, -46, -118, 48, 73, 103, 39, 36, 33, -34, 59, 10, 22, 36, 33, 5, 36, 0, -70, -7, -102, -97, 0, -97, -102, -7, -70, 0, 36, 0, -128, -59, 1, 0, 29, 17, 7, -112, -75, 1, 68, 117, 5, -46, -118, 48, 73, 103, 39, 36, 33, -34, 59, 10, 22, 36, 33, 5, 36, 0, -70, -7, -102, -97, 0]
02-08 19:30:54.964 11651 11667 D BtGatt.GattService: ScanRecord : [17, 7, -112, -75, 1, 68, 117, 5, -46, -118, 48, 73, 103, 39, 36, 33, -34, 59, 10, 22, 36, 33, 3, -68, 117, 116, 58, -67, 15]
02-08 19:30:54.964 11651 11667 D BtGatt.GattService: ScanRecord : [17, 7, -112, -75, 1, 68, 117, 5, -46, -118, 48, 73, 103, 39, 36, 33, -34, 59, 10, 22, 36, 33, 3, -68, 117, 116, 58, -67, 15]
02-08 19:30:54.965 11651 11667 D BtGatt.GattService: ScanRecord : [17, 7, -112, -75, 1, 68, 117, 5, -46, -118, 48, 73, 103, 39, 36, 33, -34, 59, 10, 22, 36, 33, 4, -68, 117, 116, 58, -67, 15]
02-08 19:30:54.965 11651 11667 D BtGatt.GattService: ScanRecord : [17, 7, -112, -75, 1, 68, 117, 5, -46, -118, 48, 73, 103, 39, 36, 33, -34, 59, 10, 22, 36, 33, 4, -68, 117, 116, 58, -67, 15]
02-08 19:30:54.966 11651 11667 D BtGatt.GattService: ScanRecord : [17, 7, -112, -75, 1, 68, 117, 5, -46, -118, 48, 73, 103, 39, 36, 33, -34, 59, 10, 22, 36, 33, 5, 36, 0, -70, -7, -102, -97]
02-08 19:30:54.966 11651 11667 D BtGatt.GattService: ScanRecord : [17, 7, -112, -75, 1, 68, 117, 5, -46, -118, 48, 73, 103, 39, 36, 33, -34, 59, 10, 22, 36, 33, 5, 36, 0, -70, -7, -102, -97]
02-08 19:30:54.968 25576 25634 D org.thaliproject.p2p.btconnectorlib.internal.bluetooth.le.BleScanner: start: scan started
02-08 19:30:54.968 25576 25634 D org.thaliproject.p2p.btconnectorlib.internal.bluetooth.le.BleScanner: set state: Current thread: Thread[Thread-897,5,main], id: 897
02-08 19:30:54.968 25576 25634 D org.thaliproject.p2p.btconnectorlib.internal.bluetooth.le.BleScanner: setState: State changed from NOT_STARTED to RUNNING
02-08 19:30:54.968 25576 25634 D org.thaliproject.p2p.btconnectorlib.internal.bluetooth.le.BleScanner: notifyScannerStateChanged: started =  true. Current thread: Thread[Thread-897,5,main], id: 897
02-08 19:30:54.968 25576 25634 D org.thaliproject.p2p.btconnectorlib.internal.bluetooth.le.BlePeerDiscoverer: applySettings: start scanner started = true Current thread: Thread[Thread-897,5,main], id: 897
02-08 19:30:54.968 25576 25634 V io.jxcore.node.StartStopOperation: isTargetState: Connectivity: NOT_STARTED, discovery: RUNNING_BLE, is discovering: true, is advertising: false - Start operation: Should start/stop everything
02-08 19:30:54.968 25576 25634 V io.jxcore.node.StartStopOperationHandler: executeCurrentOperation: Executing: Start operation: Should start/stop everything
02-08 19:30:54.968 25576 25576 I org.thaliproject.p2p.btconnectorlib.internal.bluetooth.le.BlePeerDiscoverer: onIsScannerStartedChanged: trueCurrent thread: Thread[main,5,main], id: 1
02-08 19:30:54.968 25576 25634 D org.thaliproject.p2p.btconnectorlib.ConnectionManager: startListeningForIncomingConnections
02-08 19:30:54.968 25576 25634 I org.thaliproject.p2p.btconnectorlib.internal.bluetooth.BluetoothManager: bind: Binding a new listener
02-08 19:30:54.968 25576 25576 D org.thaliproject.p2p.btconnectorlib.internal.bluetooth.le.BlePeerDiscoverer: updateState : Current thread: Thread[main,5,main], id: 1
02-08 19:30:54.969 25576 25576 D org.thaliproject.p2p.btconnectorlib.internal.bluetooth.le.BlePeerDiscoverer: updateState: deducedStateSet: [SCANNING]
02-08 19:30:54.969 25576 25576 D org.thaliproject.p2p.btconnectorlib.internal.bluetooth.le.BlePeerDiscoverer: updateState: stateSet: [SCANNING]
02-08 19:30:54.969 25576 25576 D org.thaliproject.p2p.btconnectorlib.internal.bluetooth.le.BlePeerDiscoverer: Current thread: Thread[main,5,main], id: 1
02-08 19:30:54.969 25576 25576 D org.thaliproject.p2p.btconnectorlib.internal.bluetooth.le.BlePeerDiscoverer: update state finished. Current thread: Thread[main,5,main], id: 1
02-08 19:30:54.969 25576 25576 D org.thaliproject.p2p.btconnectorlib.internal.bluetooth.le.BleScanner: onBatchScanResults: results count  = 6. Current thread: Thread[main,5,main], id: 1
02-08 19:30:54.969 25576 25576 D org.thaliproject.p2p.btconnectorlib.internal.bluetooth.le.BlePeerDiscoverer: checkScanResult: ScanResult{mDevice=BC:75:74:3A:BD:0F, mScanRecord=ScanRecord [mAdvertiseFlags=-1, mServiceUuids=[3bde2124-2767-4930-8ad2-05754401b590], mManufacturerSpecificData={}, mServiceData={00002124-0000-1000-8000-00805f9b34fb=[3, -68, 117, 116, 58, -67, 15]}, mTxPowerLevel=-2147483648, mDeviceName=null], mRssi=-60, mTimestampNanos=2006212163686509}
02-08 19:30:54.970 25576 25576 D org.thaliproject.p2p.btconnectorlib.internal.bluetooth.le.BlePeerDiscoverer: checkScanResult: parsedAdvertisement: [UUID = null, bluetoothMacAddress = BC:75:74:3A:BD:0F, provideBluetoothMacAddressRequestId = nullextra info = 3]
02-08 19:30:54.970 25576 25634 I org.thaliproject.p2p.btconnectorlib.internal.bluetooth.BluetoothConnector: startListeningForIncomingConnections: Starting...
02-08 19:30:54.970 25576 25576 V org.thaliproject.p2p.btconnectorlib.internal.bluetooth.le.BlePeerDiscoverer: checkScanResult: Resolved advertisement type: ADVERTISEMENT_PEER_PROPERTIES
02-08 19:30:54.970 25576 25576 D org.thaliproject.p2p.btconnectorlib.internal.bluetooth.le.PeerAdvertisementFactory: Parsed advertisment: [UUID = 3bde2124-2767-4930-8ad2-05754401b590, bluetoothMacAddress = BC:75:74:3A:BD:0F, provideBluetoothMacAddressRequestId = nullextra info = 3]
02-08 19:30:54.970 25576 25576 D org.thaliproject.p2p.btconnectorlib.internal.bluetooth.le.BlePeerDiscoverer: checkScanResult onPeerDiscovered [BC:75:74:3A:BD:0F 3]
02-08 19:30:54.970 25576 25634 D org.thaliproject.p2p.btconnectorlib.ConnectionManager: onIsServerStartedChanged: true
02-08 19:30:54.970 25576 25634 D org.thaliproject.p2p.btconnectorlib.ConnectionManager: updateState: mShouldBeStarted :  true, mIsServerStarted:  true
02-08 19:30:54.970 25576 25634 D org.thaliproject.p2p.btconnectorlib.ConnectionManager: setState: NOT_STARTED -> RUNNING
02-08 19:30:54.970 25576 25634 I org.thaliproject.p2p.btconnectorlib.ConnectionManager: startListeningForIncomingConnections: OK
02-08 19:30:54.970 25576 25634 I org.thaliproject.p2p.btconnectorlib.DiscoveryManager: start: Discovery mode: BLE, start discovery: true, start advertiser: true
02-08 19:30:54.971 25576 25576 D org.thaliproject.p2p.btconnectorlib.internal.bluetooth.le.BlePeerDiscoverer: checkScanResult: ScanResult{mDevice=79:87:77:A6:EF:2C, mScanRecord=ScanRecord [mAdvertiseFlags=-1, mServiceUuids=[3bde2124-2767-4930-8ad2-05754401b590], mManufacturerSpecificData={}, mServiceData={00002124-0000-1000-8000-00805f9b34fb=[3, -68, 117, 116, 58, -67, 15]}, mTxPowerLevel=-2147483648, mDeviceName=null], mRssi=-60, mTimestampNanos=2006212163686509}
02-08 19:30:54.971 25576 25634 D org.thaliproject.p2p.btconnectorlib.DiscoveryManager: startBlePeerDiscoverer
02-08 19:30:54.971 25576 25658 D org.thaliproject.p2p.btconnectorlib.internal.bluetooth.BluetoothServerThread: Entering thread
02-08 19:30:54.971 25576 25576 D org.thaliproject.p2p.btconnectorlib.internal.bluetooth.le.BlePeerDiscoverer: checkScanResult: parsedAdvertisement: [UUID = null, bluetoothMacAddress = BC:75:74:3A:BD:0F, provideBluetoothMacAddressRequestId = nullextra info = 3]
02-08 19:30:54.971 25576 25634 V io.jxcore.node.ConnectionHelper: Received a request for permission "android.permission.ACCESS_COARSE_LOCATION", but we are expecting that all the required permissions have already been granted
02-08 19:30:54.971 11651 11667 D BtGatt.GattService: onScanFilterParamsConfigured() - clientIf=5, status=0, action=1, availableSpace=32
02-08 19:30:54.971 25576 25576 V org.thaliproject.p2p.btconnectorlib.internal.bluetooth.le.BlePeerDiscoverer: checkScanResult: Resolved advertisement type: ADVERTISEMENT_PEER_PROPERTIES
02-08 19:30:54.971 11651 11667 D BtGatt.ScanManager: callback done for clientIf - 5 status - 0
02-08 19:30:54.971 25576 25576 D org.thaliproject.p2p.btconnectorlib.internal.bluetooth.le.PeerAdvertisementFactory: Parsed advertisment: [UUID = 3bde2124-2767-4930-8ad2-05754401b590, bluetoothMacAddress = BC:75:74:3A:BD:0F, provideBluetoothMacAddressRequestId = nullextra info = 3]
02-08 19:30:54.972 25576 25576 D org.thaliproject.p2p.btconnectorlib.internal.bluetooth.le.BlePeerDiscoverer: checkScanResult onPeerDiscovered [BC:75:74:3A:BD:0F 3]
02-08 19:30:54.972 25576 25576 D org.thaliproject.p2p.btconnectorlib.internal.bluetooth.le.BlePeerDiscoverer: checkScanResult: ScanResult{mDevice=5B:F3:48:33:BD:EE, mScanRecord=ScanRecord [mAdvertiseFlags=-1, mServiceUuids=[3bde2124-2767-4930-8ad2-05754401b590], mManufacturerSpecificData={}, mServiceData={00002124-0000-1000-8000-00805f9b34fb=[4, -68, 117, 116, 58, -67, 15]}, mTxPowerLevel=-2147483648, mDeviceName=null], mRssi=-60, mTimestampNanos=2006212163686509}
02-08 19:30:54.972 25576 25576 D org.thaliproject.p2p.btconnectorlib.internal.bluetooth.le.BlePeerDiscoverer: checkScanResult: parsedAdvertisement: [UUID = null, bluetoothMacAddress = BC:75:74:3A:BD:0F, provideBluetoothMacAddressRequestId = nullextra info = 4]
02-08 19:30:54.972 25576 25576 V org.thaliproject.p2p.btconnectorlib.internal.bluetooth.le.BlePeerDiscoverer: checkScanResult: Resolved advertisement type: ADVERTISEMENT_PEER_PROPERTIES
02-08 19:30:54.973 25576 25576 D org.thaliproject.p2p.btconnectorlib.internal.bluetooth.le.PeerAdvertisementFactory: Parsed advertisment: [UUID = 3bde2124-2767-4930-8ad2-05754401b590, bluetoothMacAddress = BC:75:74:3A:BD:0F, provideBluetoothMacAddressRequestId = nullextra info = 4]
02-08 19:30:54.973 25576 25576 D org.thaliproject.p2p.btconnectorlib.internal.bluetooth.le.BlePeerDiscoverer: checkScanResult onPeerDiscovered [BC:75:74:3A:BD:0F 4]
02-08 19:30:54.973 25576 25658 W BluetoothAdapter: getBluetoothService() called with no BluetoothManagerCallback
02-08 19:30:54.973 25576 25576 D org.thaliproject.p2p.btconnectorlib.internal.bluetooth.le.BlePeerDiscoverer: checkScanResult: ScanResult{mDevice=7B:CC:D0:79:55:94, mScanRecord=ScanRecord [mAdvertiseFlags=-1, mServiceUuids=[3bde2124-2767-4930-8ad2-05754401b590], mManufacturerSpecificData={}, mServiceData={00002124-0000-1000-8000-00805f9b34fb=[5, 36, 0, -70, -7, -102, -97]}, mTxPowerLevel=-2147483648, mDeviceName=null], mRssi=-59, mTimestampNanos=2006212213686509}
02-08 19:30:54.973 25576 25576 D org.thaliproject.p2p.btconnectorlib.internal.bluetooth.le.BlePeerDiscoverer: checkScanResult: parsedAdvertisement: [UUID = null, bluetoothMacAddress = 24:00:BA:F9:9A:9F, provideBluetoothMacAddressRequestId = nullextra info = 5]
02-08 19:30:54.973 25576 25576 V org.thaliproject.p2p.btconnectorlib.internal.bluetooth.le.BlePeerDiscoverer: checkScanResult: Resolved advertisement type: ADVERTISEMENT_PEER_PROPERTIES
02-08 19:30:54.974 25576 25576 D org.thaliproject.p2p.btconnectorlib.internal.bluetooth.le.PeerAdvertisementFactory: Parsed advertisment: [UUID = 3bde2124-2767-4930-8ad2-05754401b590, bluetoothMacAddress = 24:00:BA:F9:9A:9F, provideBluetoothMacAddressRequestId = nullextra info = 5]
02-08 19:30:54.974 25576 25576 D org.thaliproject.p2p.btconnectorlib.internal.bluetooth.le.BlePeerDiscoverer: checkScanResult onPeerDiscovered [24:00:BA:F9:9A:9F 5]
02-08 19:30:54.974 25576 25576 D org.thaliproject.p2p.btconnectorlib.internal.bluetooth.le.BlePeerDiscoverer: checkScanResult: ScanResult{mDevice=24:00:BA:F9:9A:9F, mScanRecord=ScanRecord [mAdvertiseFlags=-1, mServiceUuids=[3bde2124-2767-4930-8ad2-05754401b590], mManufacturerSpecificData={}, mServiceData={00002124-0000-1000-8000-00805f9b34fb=[5, 36, 0, -70, -7, -102, -97]}, mTxPowerLevel=-2147483648, mDeviceName=null], mRssi=-59, mTimestampNanos=2006212513686509}
02-08 19:30:54.974 25576 25576 D org.thaliproject.p2p.btconnectorlib.internal.bluetooth.le.BlePeerDiscoverer: checkScanResult: parsedAdvertisement: [UUID = null, bluetoothMacAddress = 24:00:BA:F9:9A:9F, provideBluetoothMacAddressRequestId = nullextra info = 5]
02-08 19:30:54.974 25576 25576 V org.thaliproject.p2p.btconnectorlib.internal.bluetooth.le.BlePeerDiscoverer: checkScanResult: Resolved advertisement type: ADVERTISEMENT_PEER_PROPERTIES
02-08 19:30:54.975 25576 25576 D org.thaliproject.p2p.btconnectorlib.internal.bluetooth.le.PeerAdvertisementFactory: Parsed advertisment: [UUID = 3bde2124-2767-4930-8ad2-05754401b590, bluetoothMacAddress = 24:00:BA:F9:9A:9F, provideBluetoothMacAddressRequestId = nullextra info = 5]
02-08 19:30:54.975 25576 25576 D org.thaliproject.p2p.btconnectorlib.internal.bluetooth.le.BlePeerDiscoverer: checkScanResult onPeerDiscovered [24:00:BA:F9:9A:9F 5]
02-08 19:30:54.975 25576 25576 D org.thaliproject.p2p.btconnectorlib.internal.bluetooth.le.BlePeerDiscoverer: checkScanResult: ScanResult{mDevice=BC:75:74:3A:BD:0F, mScanRecord=ScanRecord [mAdvertiseFlags=-1, mServiceUuids=[3bde2124-2767-4930-8ad2-05754401b590], mManufacturerSpecificData={}, mServiceData={00002124-0000-1000-8000-00805f9b34fb=[4, -68, 117, 116, 58, -67, 15]}, mTxPowerLevel=-2147483648, mDeviceName=null], mRssi=-60, mTimestampNanos=2006212513686509}
02-08 19:30:54.975 25576 25576 D org.thaliproject.p2p.btconnectorlib.internal.bluetooth.le.BlePeerDiscoverer: checkScanResult: parsedAdvertisement: [UUID = null, bluetoothMacAddress = BC:75:74:3A:BD:0F, provideBluetoothMacAddressRequestId = nullextra info = 4]
02-08 19:30:54.975 25576 25576 V org.thaliproject.p2p.btconnectorlib.internal.bluetooth.le.BlePeerDiscoverer: checkScanResult: Resolved advertisement type: ADVERTISEMENT_PEER_PROPERTIES
02-08 19:30:54.976 25576 25576 D org.thaliproject.p2p.btconnectorlib.internal.bluetooth.le.PeerAdvertisementFactory: Parsed advertisment: [UUID = 3bde2124-2767-4930-8ad2-05754401b590, bluetoothMacAddress = BC:75:74:3A:BD:0F, provideBluetoothMacAddressRequestId = nullextra info = 4]
02-08 19:30:54.976 25576 25576 D org.thaliproject.p2p.btconnectorlib.internal.bluetooth.le.BlePeerDiscoverer: checkScanResult onPeerDiscovered [BC:75:74:3A:BD:0F 4]
02-08 19:30:54.976 25576 25576 D org.thaliproject.p2p.btconnectorlib.DiscoveryManager: onPeerDiscovered: [BC:75:74:3A:BD:0F 3]
02-08 19:30:54.976 25576 25576 V org.thaliproject.p2p.btconnectorlib.utils.PeerModel: addOrUpdateDiscoveredPeer: [BC:75:74:3A:BD:0F 3]
02-08 19:30:54.976 25576 25576 D org.thaliproject.p2p.btconnectorlib.utils.PeerModel: Want to call onPeerAdded. Listeners size = 1
02-08 19:30:54.976 25576 25576 D org.thaliproject.p2p.btconnectorlib.DiscoveryManager: onPeerAdded: [BC:75:74:3A:BD:0F 3]
02-08 19:30:54.976 25576 25576 V org.thaliproject.p2p.btconnectorlib.utils.PeerModel: addOrUpdateDiscoveredPeer: New peer, [BC:75:74:3A:BD:0F 3], added - the peer count is 1
02-08 19:30:54.977 25576 25576 I io.jxcore.node.ConnectionHelper: onConnectionManagerStateChanged: RUNNING
02-08 19:30:54.977 11651 11670 D BtGatt.ScanManager: stopping BLe Batch
02-08 19:30:54.977 25576 25658 I org.thaliproject.p2p.btconnectorlib.internal.bluetooth.BluetoothServerThread: Waiting for incoming connections...
02-08 19:30:54.979 11651 11667 D BtGatt.GattService: onBatchScanStartStopped() - clientIf=5, status=0, startStopAction=0
02-08 19:30:54.980 11651 11667 D BtGatt.ScanManager: callback done for clientIf - 5 status - 0
02-08 19:30:54.980 11651 11670 D BtGatt.ScanManager: flushPendingBatchResults - clientIf = 5
02-08 19:30:54.981 11651 11667 D BtGatt.GattService: onBatchScanReports() - clientIf=5, status=0, reportType=2, numRecords=0
02-08 19:30:54.981 25576 25634 D org.thaliproject.p2p.btconnectorlib.internal.bluetooth.le.BlePeerDiscoverer: startScannerAndAdvertiser : Current thread: Thread[Thread-897,5,main], id: 897
02-08 19:30:54.981 11651 11667 D BtGatt.ScanManager: callback done for clientIf - 5 status - 0
02-08 19:30:54.982 25576 25634 D org.thaliproject.p2p.btconnectorlib.internal.bluetooth.le.BlePeerDiscoverer: startAdvertiser: Current thread: Thread[Thread-897,5,main], id: 897
02-08 19:30:54.982 25576 25634 D org.thaliproject.p2p.btconnectorlib.internal.bluetooth.le.BlePeerDiscoverer: stopPeerAddressHelperAdvertiser Current thread: Thread[Thread-897,5,main], id: 897
02-08 19:30:54.982 25576 25634 I org.thaliproject.p2p.btconnectorlib.internal.bluetooth.le.BlePeerDiscoverer: startAdvertiser: Starting...
02-08 19:30:54.982 25576 25634 D org.thaliproject.p2p.btconnectorlib.internal.bluetooth.le.BlePeerDiscoverer: createAdvertiseData: createAdvertiseDataToServiceData 
02-08 19:30:54.982 25576 25634 I org.thaliproject.p2p.btconnectorlib.internal.bluetooth.le.PeerAdvertisementFactory: createAdvertiseDataToServiceData: Service UUID: "3bde2124-2767-4930-8ad2-05754401b590", Bluetooth MAC address: "BC:75:74:3A:BC:F8"
02-08 19:30:54.982 25576 25634 V org.thaliproject.p2p.btconnectorlib.internal.bluetooth.le.PeerAdvertisementFactory: createAdvertiseDataToServiceData: Service data (length is 7 bytes): 03 BC 75 74 3A BC F8
02-08 19:30:54.982 25576 25634 V org.thaliproject.p2p.btconnectorlib.internal.bluetooth.le.PeerAdvertisementFactory: createAdvertiseDataToServiceData: Created: AdvertiseData [mServiceUuids=[3bde2124-2767-4930-8ad2-05754401b590], mManufacturerSpecificData={}, mServiceData={3bde2124-2767-4930-8ad2-05754401b590=[3, -68, 117, 116, 58, -68, -8]}, mIncludeTxPowerLevel=false, mIncludeDeviceName=false]
02-08 19:30:54.983 25576 25634 I org.thaliproject.p2p.btconnectorlib.internal.bluetooth.le.BlePeerDiscoverer: createAdvertiseData: created AdvertiseData [mServiceUuids=[3bde2124-2767-4930-8ad2-05754401b590], mManufacturerSpecificData={}, mServiceData={3bde2124-2767-4930-8ad2-05754401b590=[3, -68, 117, 116, 58, -68, -8]}, mIncludeTxPowerLevel=false, mIncludeDeviceName=false]
02-08 19:30:54.983 25576 25634 D org.thaliproject.p2p.btconnectorlib.internal.bluetooth.le.BleAdvertiser: setAdvertiseData: Current thread: Thread[Thread-897,5,main], id: 897
02-08 19:30:54.983 25576 25634 D org.thaliproject.p2p.btconnectorlib.internal.bluetooth.le.BleAdvertiser: setAdvertiseData: AdvertiseData [mServiceUuids=[3bde2124-2767-4930-8ad2-05754401b590], mManufacturerSpecificData={}, mServiceData={3bde2124-2767-4930-8ad2-05754401b590=[3, -68, 117, 116, 58, -68, -8]}, mIncludeTxPowerLevel=false, mIncludeDeviceName=false]. Current thread: Thread[Thread-897,5,main], id: 897
02-08 19:30:54.983 25576 25634 D org.thaliproject.p2p.btconnectorlib.internal.bluetooth.le.BleAdvertiser: setAdvertiseData: was started = false
02-08 19:30:54.983 25576 25634 D org.thaliproject.p2p.btconnectorlib.internal.bluetooth.le.BleAdvertiser: setAdvertiseData: advertiseData = AdvertiseData [mServiceUuids=[3bde2124-2767-4930-8ad2-05754401b590], mManufacturerSpecificData={}, mServiceData={3bde2124-2767-4930-8ad2-05754401b590=[3, -68, 117, 116, 58, -68, -8]}, mIncludeTxPowerLevel=false, mIncludeDeviceName=false]
02-08 19:30:54.983 25576 25634 D org.thaliproject.p2p.btconnectorlib.internal.bluetooth.le.BleAdvertiser: setAdvertiseData finished: Current thread: Thread[Thread-897,5,main], id: 897
02-08 19:30:54.984 25576 25634 D org.thaliproject.p2p.btconnectorlib.internal.bluetooth.le.BleAdvertiser: start:  state = NOT_STARTEDCurrent thread: Thread[Thread-897,5,main], id: 897
02-08 19:30:54.984 11651 11670 D BtGatt.ScanManager: handling starting scan
02-08 19:30:54.984 25576 25634 I org.thaliproject.p2p.btconnectorlib.internal.bluetooth.le.BleAdvertiser: start: Starting... advertisement data = AdvertiseData [mServiceUuids=[3bde2124-2767-4930-8ad2-05754401b590], mManufacturerSpecificData={}, mServiceData={3bde2124-2767-4930-8ad2-05754401b590=[3, -68, 117, 116, 58, -68, -8]}, mIncludeTxPowerLevel=false, mIncludeDeviceName=false], Current thread: Thread[Thread-897,5,main], id: 897
02-08 19:30:54.985 25576 25634 D BluetoothAdapter: STATE_ON
02-08 19:30:54.986 11651 11667 D BtGatt.GattService: onScanFilterEnableDisabled() - clientIf=5, status=0, action=1
02-08 19:30:54.987 11651 11667 D BtGatt.ScanManager: callback done for clientIf - 5 status - 0
02-08 19:30:54.987 11651 11661 D BtGatt.GattService: registerClient() - UUID=866a0fe1-21a0-4a92-8d5b-589256872fee
02-08 19:30:54.987 11651 11670 D BtGatt.ScanManager: configureFilterParamter 1500 10000 4 0
02-08 19:30:54.988 11651 11667 D BtGatt.GattService: onClientRegistered() - UUID=866a0fe1-21a0-4a92-8d5b-589256872fee, clientIf=6
02-08 19:30:54.988 25576 25589 D BluetoothLeAdvertiser: onClientRegistered() - status=0 clientIf=6
02-08 19:30:54.989 11651 11669 D BtGatt.AdvertiseManager: message : 0
02-08 19:30:54.992 11651 11669 D BtGatt.AdvertiseManager: starting multi advertising
02-08 19:30:54.992 11651 11667 D BtGatt.GattService: onScanFilterParamsConfigured() - clientIf=5, status=0, action=0, availableSpace=31
02-08 19:30:54.992 11651 11667 D BtGatt.ScanManager: callback done for clientIf - 5 status - 0
02-08 19:30:54.992 11651 11670 D BtGatt.ScanManager: Starting BLE batch scan
02-08 19:30:54.992 11651 11670 D BtGatt.ScanManager: configuring batch scan storage, appIf 5
02-08 19:30:54.996 11651 11667 D BtGatt.GattService: onBatchScanStorageConfigured() - clientIf=5, status=0
02-08 19:30:54.996 11651 11667 D BtGatt.ScanManager: callback done for clientIf - 5 status - 0
02-08 19:30:54.996 11651 11667 D BtGatt.GattService: onAdvertiseInstanceEnabled() - clientIf=6, status=0
02-08 19:30:54.997 11651 11667 D BtGatt.GattService: onBatchScanStartStopped() - clientIf=5, status=0, startStopAction=1
02-08 19:30:54.997 11651 11667 D BtGatt.ScanManager: callback done for clientIf - 5 status - 0
02-08 19:30:55.001 11651 11667 D BtGatt.GattService: onAdvertiseDataSet() - clientIf=6, status=0
02-08 19:30:55.002 25576 25634 I org.thaliproject.p2p.btconnectorlib.internal.bluetooth.le.BleAdvertiser: start: Started advertisment Current thread: Thread[Thread-897,5,main], id: 897
02-08 19:30:55.002 25576 25634 D org.thaliproject.p2p.btconnectorlib.internal.bluetooth.le.BleAdvertiser: setState: current  = NOT_STARTED, new = STARTINGCurrent thread: Thread[Thread-897,5,main], id: 897
02-08 19:30:55.002 25576 25634 D org.thaliproject.p2p.btconnectorlib.internal.bluetooth.le.BleAdvertiser: setState: State changed from NOT_STARTED to STARTING
02-08 19:30:55.002 25576 25634 D org.thaliproject.p2p.btconnectorlib.internal.bluetooth.le.BleAdvertiser: setState: onIsAdvertiserStartedChanged default (no call to listener). Current thread: Thread[Thread-897,5,main], id: 897
02-08 19:30:55.003 25576 25634 D org.thaliproject.p2p.btconnectorlib.internal.bluetooth.le.BleAdvertiser: setState: finished Current thread: Thread[Thread-897,5,main], id: 897
02-08 19:30:55.003 25576 25634 I org.thaliproject.p2p.btconnectorlib.internal.bluetooth.le.BleAdvertiser: start: return, state = STARTINGCurrent thread: Thread[Thread-897,5,main], id: 897
02-08 19:30:55.003 25576 25634 D org.thaliproject.p2p.btconnectorlib.internal.bluetooth.le.BleAdvertiser: start returned: Current thread: Thread[Thread-897,5,main], id: 897
02-08 19:30:55.003 25576 25634 D org.thaliproject.p2p.btconnectorlib.internal.bluetooth.le.BlePeerDiscoverer: startAdvertiser started = true Current thread: Thread[Thread-897,5,main], id: 897
02-08 19:30:55.003 25576 25634 D org.thaliproject.p2p.btconnectorlib.internal.bluetooth.le.BlePeerDiscoverer: startScannerAndAdvertiser: advertiser is started. Current thread: Thread[Thread-897,5,main], id: 897
02-08 19:30:55.003 25576 25634 D org.thaliproject.p2p.btconnectorlib.internal.bluetooth.le.BlePeerDiscoverer: startScanner: Current thread: Thread[Thread-897,5,main], id: 897
02-08 19:30:55.003 25576 25634 D org.thaliproject.p2p.btconnectorlib.internal.bluetooth.le.BleScanner: start: Current thread: Thread[Thread-897,5,main], id: 897
02-08 19:30:55.003 25576 25634 D org.thaliproject.p2p.btconnectorlib.internal.bluetooth.le.BleScanner: start: Already running
02-08 19:30:55.003 25576 25634 I org.thaliproject.p2p.btconnectorlib.internal.bluetooth.le.BlePeerDiscoverer: startScannerAndAdvertiser: adv = true, disc = true
02-08 19:30:55.003 25576 25634 D org.thaliproject.p2p.btconnectorlib.DiscoveryManager: startBlePeerDiscoverer: OK
02-08 19:30:55.005 25576 25634 I org.thaliproject.p2p.btconnectorlib.DiscoveryManager: start: OK
02-08 19:30:55.005 25576 25634 D org.thaliproject.p2p.btconnectorlib.DiscoveryManager: updateState: Current thread: Thread[Thread-897,5,main], id: 897
02-08 19:30:55.008 25576 25634 D org.thaliproject.p2p.btconnectorlib.DiscoveryManager: updateStateInternal Current thread: Thread[Thread-897,5,main], id: 897
02-08 19:30:55.008 25576 25634 D org.thaliproject.p2p.btconnectorlib.DiscoveryManager: updateStateInternal finished Current thread: Thread[Thread-897,5,main], id: 897
02-08 19:30:55.008 25576 25634 D org.thaliproject.p2p.btconnectorlib.DiscoveryManager: updateState finished Current thread: Thread[Thread-897,5,main], id: 897
02-08 19:30:55.008 25576 25634 I io.jxcore.node.ConnectionHelper: start: OK
02-08 19:30:55.009 25576 25576 V io.jxcore.node.StartStopOperation: isTargetState: Connectivity: RUNNING, discovery: RUNNING_BLE, is discovering: true, is advertising: false - Start operation: Should start/stop everything
02-08 19:30:55.009 25576 25576 D org.thaliproject.p2p.btconnectorlib.DiscoveryManager: onPeerDiscovered: [BC:75:74:3A:BD:0F 3]
02-08 19:30:55.009 25576 25576 V org.thaliproject.p2p.btconnectorlib.utils.PeerModel: addOrUpdateDiscoveredPeer: [BC:75:74:3A:BD:0F 3]
02-08 19:30:55.009 25576 25576 D org.thaliproject.p2p.btconnectorlib.utils.PeerModel: has more info: false,  extra info differs: false
02-08 19:30:55.009 25576 25576 V org.thaliproject.p2p.btconnectorlib.utils.PeerModel: addOrUpdateDiscoveredPeer: Timestamp of peer [BC:75:74:3A:BD:0F 3] updated - the peer count is 1
02-08 19:30:55.009 25576 25576 D org.thaliproject.p2p.btconnectorlib.DiscoveryManager: onPeerDiscovered: [BC:75:74:3A:BD:0F 4]
02-08 19:30:55.009 25576 25576 V org.thaliproject.p2p.btconnectorlib.utils.PeerModel: addOrUpdateDiscoveredPeer: [BC:75:74:3A:BD:0F 4]
02-08 19:30:55.009 25576 25576 D org.thaliproject.p2p.btconnectorlib.utils.PeerModel: has more info: false,  extra info differs: true
02-08 19:30:55.009 25576 25576 D org.thaliproject.p2p.btconnectorlib.utils.PeerModel: Want to call onPeerUpdated. Listeners size = 1
02-08 19:30:55.009 25576 25576 D org.thaliproject.p2p.btconnectorlib.DiscoveryManager: onPeerUpdated: [BC:75:74:3A:BD:0F 4]
02-08 19:30:55.009 25576 25576 V org.thaliproject.p2p.btconnectorlib.utils.PeerModel: addOrUpdateDiscoveredPeer: Timestamp of peer [BC:75:74:3A:BD:0F 4] updated - the peer count is 1
02-08 19:30:55.009 25576 25576 D org.thaliproject.p2p.btconnectorlib.DiscoveryManager: onPeerDiscovered: [24:00:BA:F9:9A:9F 5]
02-08 19:30:55.009 25576 25576 V org.thaliproject.p2p.btconnectorlib.utils.PeerModel: addOrUpdateDiscoveredPeer: [24:00:BA:F9:9A:9F 5]
02-08 19:30:55.009 25576 25576 D org.thaliproject.p2p.btconnectorlib.utils.PeerModel: Want to call onPeerAdded. Listeners size = 1
02-08 19:30:55.009 25576 25576 D org.thaliproject.p2p.btconnectorlib.DiscoveryManager: onPeerAdded: [24:00:BA:F9:9A:9F 5]
02-08 19:30:55.009 25576 25576 V org.thaliproject.p2p.btconnectorlib.utils.PeerModel: addOrUpdateDiscoveredPeer: New peer, [24:00:BA:F9:9A:9F 5], added - the peer count is 2
02-08 19:30:55.010 25576 25576 D org.thaliproject.p2p.btconnectorlib.DiscoveryManager: onPeerDiscovered: [24:00:BA:F9:9A:9F 5]
02-08 19:30:55.010 25576 25576 V org.thaliproject.p2p.btconnectorlib.utils.PeerModel: addOrUpdateDiscoveredPeer: [24:00:BA:F9:9A:9F 5]
02-08 19:30:55.010 25576 25576 D org.thaliproject.p2p.btconnectorlib.utils.PeerModel: has more info: false,  extra info differs: false
02-08 19:30:55.010 25576 25576 V org.thaliproject.p2p.btconnectorlib.utils.PeerModel: addOrUpdateDiscoveredPeer: Timestamp of peer [24:00:BA:F9:9A:9F 5] updated - the peer count is 2
02-08 19:30:55.010 25576 25576 D org.thaliproject.p2p.btconnectorlib.DiscoveryManager: onPeerDiscovered: [BC:75:74:3A:BD:0F 4]
02-08 19:30:55.010 25576 25576 V org.thaliproject.p2p.btconnectorlib.utils.PeerModel: addOrUpdateDiscoveredPeer: [BC:75:74:3A:BD:0F 4]
02-08 19:30:55.010 25576 25576 D org.thaliproject.p2p.btconnectorlib.utils.PeerModel: has more info: false,  extra info differs: false
02-08 19:30:55.010 25576 25576 V org.thaliproject.p2p.btconnectorlib.utils.PeerModel: addOrUpdateDiscoveredPeer: Timestamp of peer [BC:75:74:3A:BD:0F 4] updated - the peer count is 2
02-08 19:30:55.010 25576 25576 I io.jxcore.node.ConnectionHelper: onPeerDiscovered: [BC:75:74:3A:BD:0F 3], Bluetooth address: BC:75:74:3A:BD:0F, device name: 'null', device address: 'null'
02-08 19:30:55.010 25576 25634 I jxcore-log: 2017-02-08 16:30:55 - DEBUG thaliWifiInfrastructure: 'listening 46457'
02-08 19:30:55.010 25576 25634 I jxcore-log: 
02-08 19:30:55.010 25576 25576 D org.thaliproject.p2p.btconnectorlib.internal.bluetooth.le.BleAdvertiser: onStartSuccess : Current thread: Thread[main,5,main], id: 1
02-08 19:30:55.010 25576 25576 D org.thaliproject.p2p.btconnectorlib.internal.bluetooth.le.BleAdvertiser: setState: current  = STARTING, new = RUNNINGCurrent thread: Thread[main,5,main], id: 1
02-08 19:30:55.010 25576 25576 D org.thaliproject.p2p.btconnectorlib.internal.bluetooth.le.BleAdvertiser: setState: State changed from STARTING to RUNNING
02-08 19:30:55.010 25576 25576 D org.thaliproject.p2p.btconnectorlib.internal.bluetooth.le.BleAdvertiser: notifyAdvertiserStateChanged: started =  true. Current thread: Thread[main,5,main], id: 1
02-08 19:30:55.011 25576 25576 D org.thaliproject.p2p.btconnectorlib.internal.bluetooth.le.BleAdvertiser: setState: finished Current thread: Thread[main,5,main], id: 1
02-08 19:30:55.011 25576 25576 I io.jxcore.node.ConnectionHelper: onPeerUpdated: [BC:75:74:3A:BD:0F 4], device name: 'null', device address: 'null'
02-08 19:30:55.011 25576 25576 I io.jxcore.node.ConnectionHelper: onPeerDiscovered: [24:00:BA:F9:9A:9F 5], Bluetooth address: 24:00:BA:F9:9A:9F, device name: 'null', device address: 'null'
02-08 19:30:55.011 25576 25576 I org.thaliproject.p2p.btconnectorlib.internal.bluetooth.le.BlePeerDiscoverer: onIsAdvertiserStartedChanged: trueCurrent thread: Thread[main,5,main], id: 1
02-08 19:30:55.011 25576 25576 D org.thaliproject.p2p.btconnectorlib.internal.bluetooth.le.BlePeerDiscoverer: updateState : Current thread: Thread[main,5,main], id: 1
02-08 19:30:55.011 25576 25576 D org.thaliproject.p2p.btconnectorlib.internal.bluetooth.le.BlePeerDiscoverer: updateState: deducedStateSet: [SCANNING, ADVERTISING]
02-08 19:30:55.011 25576 25576 D org.thaliproject.p2p.btconnectorlib.internal.bluetooth.le.BlePeerDiscoverer: updateState: stateSet: [SCANNING]
02-08 19:30:55.011 25576 25576 D org.thaliproject.p2p.btconnectorlib.internal.bluetooth.le.BlePeerDiscoverer: Current thread: Thread[main,5,main], id: 1
02-08 19:30:55.011 25576 25576 D org.thaliproject.p2p.btconnectorlib.internal.bluetooth.le.BlePeerDiscoverer: updateState: State changed from [SCANNING] to [SCANNING, ADVERTISING]Current thread: Thread[main,5,main], id: 1
02-08 19:30:55.011 25576 25576 D org.thaliproject.p2p.btconnectorlib.internal.bluetooth.le.BlePeerDiscoverer: update state finished. Current thread: Thread[main,5,main], id: 1
02-08 19:30:55.011 25576 25576 I org.thaliproject.p2p.btconnectorlib.DiscoveryManager: onBlePeerDiscovererStateChanged: [SCANNING] -> [SCANNING, ADVERTISING] Current thread: Thread[main,5,main], id: 1
02-08 19:30:55.011 25576 25576 D org.thaliproject.p2p.btconnectorlib.DiscoveryManager: updateState: Current thread: Thread[main,5,main], id: 1
02-08 19:30:55.013 25576 25634 I jxcore-log: 2017-02-08 16:30:55 - INFO nodeSSDPServerLogger: '{ address: 'http://0.0.0.0:1900' } 'SSDP listening''
02-08 19:30:55.013 25576 25634 I jxcore-log: 
02-08 19:30:55.014 25576 25576 D org.thaliproject.p2p.btconnectorlib.DiscoveryManager: updateStateInternal Current thread: Thread[main,5,main], id: 1
02-08 19:30:55.014 25576 25576 D org.thaliproject.p2p.btconnectorlib.DiscoveryManager: updateState: State: RUNNING_BLE, is discovering: true, is advertising: true
02-08 19:30:55.014 25576 25576 D org.thaliproject.p2p.btconnectorlib.DiscoveryManager: updateStateInternal finished Current thread: Thread[main,5,main], id: 1
