Android device log.
  2017-02-08T16:30:30.209Z
  Device info:
  {
    "id": "ENU7N15B26000497",
    "type": "device",
    "usb": "4-1.3",
    "product": "angler",
    "model": "Nexus_6P",
    "device": "angler"
}
================================================================================

--------- beginning of main
02-08 19:30:26.705  4422 19680 I LocationSettingsChecker: Removing dialog suppression flag for package com.test.thalitest
02-08 19:30:26.732 31626 31651 D bt_btm_pm: btm_pm_proc_mode_change switched from UNKNOWN to ACTIVE.
02-08 19:30:26.734  4422 31249 I Icing   : doRemovePackageData com.test.thalitest
02-08 19:30:26.734  4422 31249 W Settings: Setting adb_enabled has moved from android.provider.Settings.Secure to android.provider.Settings.Global.
02-08 19:30:26.741 10966 11862 I AttachedClient: Adding client event 2 to pending list.
02-08 19:30:26.754 10966 10966 I MicroDetectionWorker: Micro detection mode: [mDetectionMode: [1]].
02-08 19:30:26.765 10966 13178 W LocationOracle: No location history returned by ContextManager
02-08 19:30:26.776 10966 19689 I MicroRecognitionRunner: Starting detection.
02-08 19:30:26.776 10966 13183 I MicrophoneInputStream: mic_starting com.google.android.apps.gsa.speech.audio.ag@bc7d811
02-08 19:30:26.779   511 19691 I AudioFlinger: AudioFlinger's thread 0xf15c0000 ready to run
02-08 19:30:26.783   511  3035 I SoundTriggerHwService::Module: void android::SoundTriggerHwService::Module::onCallbackEvent(const android::sp<android::SoundTriggerHwService::CallbackEvent>&) mClient == 0
02-08 19:30:26.785 10966 13183 I MicrophoneInputStream: mic_started com.google.android.apps.gsa.speech.audio.ag@bc7d811
02-08 19:30:26.795   511 19691 D audio_hw_primary: select_devices: out_snd_device(0: none) in_snd_device(61: voice-rec-mic)
02-08 19:30:26.795   511 19691 D msm8974_platform: platform_send_audio_calibration: sending audio calibration for snd_device(61) acdb_id(62)
02-08 19:30:26.795   511 19691 I ACDB-LOADER: ACDB AFE returned = -19
02-08 19:30:26.795   511 19691 I soundtrigger: audio_extn_sound_trigger_update_device_status: device 0x3d of type 1 for Event 1
02-08 19:30:26.796   511 19691 D sound_trigger_platform: platform_stdev_check_and_update_concurrency: concurrency active 0, tx 1, rx 0, concurrency session_allowed 0
02-08 19:30:26.796   511 19691 D audio_hw_primary: enable_snd_device: snd_device(61: voice-rec-mic)
02-08 19:30:26.802   511 19691 D audio_hw_primary: enable_audio_route: apply and update mixer path: audio-record
02-08 19:30:26.902 10966 10966 I MicroDetectionWorker: onReady
02-08 19:30:27.100 31626 31651 E bt_btm  : tBTM_SEC_DEV:0xe902e8a0 rs_disc_pending=1
02-08 19:30:27.101 31626 31651 W bt_btif : bta_dm_check_av:0
02-08 19:30:27.101 31626 31643 W bt_btif : btif_dm_cback : unhandled event (14)
02-08 19:30:27.119 31626 31651 W bt_btif : bta_jv_rfc_port_to_cb(port_handle:0x14):jv handle:0x0 not FOUND
02-08 19:30:27.119 31626 31651 E bt_btif : bta_jv_port_mgmt_sr_cback, p_cb:0x0, p_cb->p_cback0x0
02-08 19:30:27.119 31626 31651 W bt_rfcomm: port_rfc_closed RFCOMM connection in state 3 closed: Closed (res: 19)
02-08 19:30:27.120 31626 31651 W bt_btif : bta_jv_rfc_port_to_cb(port_handle:0x16):jv handle:0x0 not FOUND
02-08 19:30:27.120 31626 31651 W bt_rfcomm: port_rfc_closed RFCOMM connection in state 3 closed: Closed (res: 19)
02-08 19:30:27.268  3851  4241 W OpenGLRenderer: Incorrectly called buildLayer on View: ShortcutAndWidgetContainer, destroying layer...
02-08 19:30:27.269  3851  4241 W OpenGLRenderer: Incorrectly called buildLayer on View: ShortcutAndWidgetContainer, destroying layer...
02-08 19:30:27.400 31626 31651 D bt_btm_pm: btm_pm_proc_mode_change switched from UNKNOWN to ACTIVE.
02-08 19:30:27.407 31626 31651 W bt_btif : bta_jv_rfc_port_to_cb(port_handle:0x12):jv handle:0x0 not FOUND
02-08 19:30:27.408 31626 31651 W bt_rfcomm: port_rfc_closed RFCOMM connection in state 3 closed: Closed (res: 19)
02-08 19:30:27.413 31626 31651 W bt_btif : bta_jv_rfc_port_to_cb(port_handle:0xe):jv handle:0x0 not FOUND
02-08 19:30:27.413 31626 31651 E bt_btif : bta_jv_port_mgmt_sr_cback, p_cb:0x0, p_cb->p_cback0x0
02-08 19:30:27.413 31626 31651 W bt_rfcomm: port_rfc_closed RFCOMM connection in state 3 closed: Closed (res: 19)
02-08 19:30:28.169 19693 19693 D AndroidRuntime: >>>>>> START com.android.internal.os.RuntimeInit uid 2000 <<<<<<
02-08 19:30:28.175 19693 19693 D AndroidRuntime: CheckJNI is OFF
02-08 19:30:28.210 19693 19693 D ICU     : No timezone override file found: /data/misc/zoneinfo/current/icu/icu_tzdata.dat
02-08 19:30:28.248 19693 19693 I Radio-JNI: register_android_hardware_Radio DONE
02-08 19:30:28.264 19693 19693 D AndroidRuntime: Calling main entry com.android.commands.am.Am
--------- beginning of system
02-08 19:30:28.272   918 31388 I ActivityManager: START u0 {flg=0x10000000 cmp=com.test.thalitest/.MainActivity} from uid 2000 on display 0
02-08 19:30:28.300 19693 19693 D AndroidRuntime: Shutting down VM
02-08 19:30:28.329   918   929 I ActivityManager: Start proc 19702:com.test.thalitest/u0a230 for activity com.test.thalitest/.MainActivity
02-08 19:30:28.431 19702 19702 I CordovaLog: Changing log level to DEBUG(3)
02-08 19:30:28.431 19702 19702 I CordovaActivity: Apache Cordova native platform version 6.0.0 is starting
02-08 19:30:28.431 19702 19702 D CordovaActivity: CordovaActivity.onCreate()
02-08 19:30:28.434 19702 19702 I WebViewFactory: Loading com.google.android.webview version 52.0.2743.98 (code 275609850)
02-08 19:30:28.455 19702 19702 I art     : Rejecting re-init on previously-failed class java.lang.Class<com.android.webview.chromium.ServiceWorkerControllerAdapter>
02-08 19:30:28.455 19702 19702 I art     : Rejecting re-init on previously-failed class java.lang.Class<com.android.webview.chromium.ServiceWorkerControllerAdapter>
02-08 19:30:28.456 19702 19702 I art     : Rejecting re-init on previously-failed class java.lang.Class<com.android.webview.chromium.TokenBindingManagerAdapter>
02-08 19:30:28.456 19702 19702 I art     : Rejecting re-init on previously-failed class java.lang.Class<com.android.webview.chromium.TokenBindingManagerAdapter>
02-08 19:30:28.465 19702 19702 I cr_LibraryLoader: Time to load native libraries: 5 ms (timestamps 4705-4710)
02-08 19:30:28.465 19702 19702 I cr_LibraryLoader: Expected native library version number "52.0.2743.98", actual native library version number "52.0.2743.98"
02-08 19:30:28.474 19702 19702 V WebViewChromiumFactoryProvider: Binding Chromium to main looper Looper (main, tid 1) {476be65}
02-08 19:30:28.474 19702 19702 I cr_LibraryLoader: Expected native library version number "52.0.2743.98", actual native library version number "52.0.2743.98"
02-08 19:30:28.474 19702 19702 I chromium: [INFO:library_loader_hooks.cc(143)] Chromium logging enabled: level = 0, default verbosity = 0
02-08 19:30:28.480   918  3233 D WifiService: New client listening to asynchronous messages
02-08 19:30:28.486 19702 19702 I cr_BrowserStartup: Initializing chromium process, singleProcess=true
02-08 19:30:28.503 19702 19702 I Adreno  : QUALCOMM build                   : fcf4852, I1af360237c
02-08 19:30:28.503 19702 19702 I Adreno  : Build Date                       : 09/23/15
02-08 19:30:28.503 19702 19702 I Adreno  : OpenGL ES Shader Compiler Version: XE031.05.13.02
02-08 19:30:28.503 19702 19702 I Adreno  : Local Branch                     : mybranch14465806
02-08 19:30:28.503 19702 19702 I Adreno  : Remote Branch                    : quic/LA.BF64.1.2.9_v2
02-08 19:30:28.503 19702 19702 I Adreno  : Remote Branch                    : NONE
02-08 19:30:28.503 19702 19702 I Adreno  : Reconstruct Branch               : NOTHING
02-08 19:30:28.559   918   935 D BluetoothManagerService: Added callback: android.bluetooth.IBluetoothManagerCallback$Stub$Proxy@3f6f157:true
02-08 19:30:28.583   918  3377 D ConnectivityService: listenForNetwork for Listen from uid/pid:10230/19702 for NetworkRequest [ id=683, legacyType=-1, [ Capabilities: INTERNET&NOT_RESTRICTED&TRUSTED] ]
02-08 19:30:28.601 19702 19702 W cr_AwContents: onDetachedFromWindow called when already detached. Ignoring
02-08 19:30:28.615 19702 19702 D SystemWebViewEngine: CordovaWebView is running on device made by: Huawei
02-08 19:30:28.622 19702 19702 D PluginManager: init()
02-08 19:30:28.627 19702 19702 D CordovaWebViewImpl: >>> loadUrl(file:///android_asset/www/index.html)
02-08 19:30:28.633   382   382 E SELinux : avc:  denied  { find } for service=batteryproperties scontext=u:r:untrusted_app:s0:c512,c768 tcontext=u:object_r:healthd_service:s0 tclass=service_manager
02-08 19:30:28.638 19702 19702 I cr_Ime  : ImeThread is not enabled.
02-08 19:30:28.648 19702 19702 D CordovaActivity: Started the activity.
02-08 19:30:28.648 19702 19702 D CordovaActivity: Resumed the activity.
02-08 19:30:28.654 19702 19739 D OpenGLRenderer: Use EGL_SWAP_BEHAVIOR_PRESERVED: true
02-08 19:30:28.673   918  3386 D ConnectivityService: listenForNetwork for Listen from uid/pid:10230/19702 for NetworkRequest [ id=684, legacyType=-1, [ Capabilities: INTERNET&NOT_RESTRICTED&TRUSTED] ]
02-08 19:30:28.686 19702 19743 E libEGL  : validate_display:255 error 3008 (EGL_BAD_DISPLAY)
02-08 19:30:28.705 19702 19739 I OpenGLRenderer: Initialized EGL, version 1.4
02-08 19:30:28.707 19702 19743 W VideoCapabilities: Unrecognized profile 2130706433 for video/avc
02-08 19:30:28.721 19702 19743 I VideoCapabilities: Unsupported profile 4 for video/mp4v-es
02-08 19:30:28.792   918   936 I ActivityManager: Displayed com.test.thalitest/.MainActivity: +488ms
02-08 19:30:28.794 19702 19702 D CordovaWebViewImpl: onPageDidNavigate(file:///android_asset/www/index.html)
02-08 19:30:28.799 19702 19702 W cr_BindingManager: Cannot call determinedVisibility() - never saw a connection for the pid: 19702
02-08 19:30:28.878 19702 19702 D JsMessageQueue: Set native->JS mode to EvalBridgeMode
02-08 19:30:28.883 19724 19724 D AndroidRuntime: >>>>>> START com.android.internal.os.RuntimeInit uid 2000 <<<<<<
02-08 19:30:28.886 19724 19724 D AndroidRuntime: CheckJNI is OFF
02-08 19:30:28.909 19724 19724 D ICU     : No timezone override file found: /data/misc/zoneinfo/current/icu/icu_tzdata.dat
02-08 19:30:28.935 19724 19724 I Radio-JNI: register_android_hardware_Radio DONE
02-08 19:30:28.951 19724 19724 D AndroidRuntime: Calling main entry com.android.commands.pm.Pm
02-08 19:30:28.956 19724 19724 I art     : System.exit called, status: 0
02-08 19:30:28.956 19724 19724 I AndroidRuntime: VM exiting with result code 0.
02-08 19:30:28.959 19702 19757 E linker  : readlink('/proc/self/fd/91') failed: Permission denied [fd=91]
02-08 19:30:28.959 19702 19757 E linker  : warning: unable to get realpath for the library "/data/app/com.test.thalitest-1/lib/arm/libjxcore.so". Will use given name.
02-08 19:30:29.032 19702 19757 D jxcore_app_log: JniHelper::setJavaVM(0xf53fc000), pthread_self() = -660866768
02-08 19:30:29.034 19702 19757 V org.thaliproject.p2p.btconnectorlib.ConnectionManagerSettings: load: 
02-08 19:30:29.034 19702 19757 V org.thaliproject.p2p.btconnectorlib.ConnectionManagerSettings:     - Connection timeout in milliseconds: 15000
02-08 19:30:29.034 19702 19757 V org.thaliproject.p2p.btconnectorlib.ConnectionManagerSettings:     - Insecure RFCOMM socket port number: -1
02-08 19:30:29.034 19702 19757 V org.thaliproject.p2p.btconnectorlib.ConnectionManagerSettings:     - Maximum number of connection attempt retries: 0
02-08 19:30:29.034 19702 19757 V org.thaliproject.p2p.btconnectorlib.ConnectionManagerSettings:     - Handshake required: true
02-08 19:30:29.034 19702 19757 V org.thaliproject.p2p.btconnectorlib.ConnectionManagerSettings: addListener: Listener org.thaliproject.p2p.btconnectorlib.ConnectionManager@804299b added. We now have 1 listener(s)
02-08 19:30:29.035 19702 19757 V org.thaliproject.p2p.btconnectorlib.DiscoveryManagerSettings: addListener: Listener org.thaliproject.p2p.btconnectorlib.ConnectionManager@804299b added. We now have 1 listener(s)
02-08 19:30:29.035 19702 19757 V org.thaliproject.p2p.btconnectorlib.DiscoveryManagerSettings: load: 
02-08 19:30:29.035 19702 19757 V org.thaliproject.p2p.btconnectorlib.DiscoveryManagerSettings:     - Automate Bluetooth MAC address resolution: true
02-08 19:30:29.035 19702 19757 V org.thaliproject.p2p.btconnectorlib.DiscoveryManagerSettings:     - Provide Bluetooth MAC address timeout in milliseconds: 40000
02-08 19:30:29.035 19702 19757 V org.thaliproject.p2p.btconnectorlib.DiscoveryManagerSettings:     - Bluetooth MAC address: null
02-08 19:30:29.035 19702 19757 V org.thaliproject.p2p.btconnectorlib.DiscoveryManagerSettings:     - Discovery mode: BLE
02-08 19:30:29.035 19702 19757 V org.thaliproject.p2p.btconnectorlib.DiscoveryManagerSettings:     - Peer expiration time in milliseconds: 60000
02-08 19:30:29.035 19702 19757 V org.thaliproject.p2p.btconnectorlib.DiscoveryManagerSettings:     - Manufacturer ID: 76
02-08 19:30:29.035 19702 19757 V org.thaliproject.p2p.btconnectorlib.DiscoveryManagerSettings:     - Beacon ad length and type: 533
02-08 19:30:29.035 19702 19757 V org.thaliproject.p2p.btconnectorlib.DiscoveryManagerSettings:     - Beacon ad extra information: 256
02-08 19:30:29.035 19702 19757 V org.thaliproject.p2p.btconnectorlib.DiscoveryManagerSettings:     - Advertisement data type: DO_NOT_CARE
02-08 19:30:29.035 19702 19757 V org.thaliproject.p2p.btconnectorlib.DiscoveryManagerSettings:     - Advertise mode: 1
02-08 19:30:29.035 19702 19757 V org.thaliproject.p2p.btconnectorlib.DiscoveryManagerSettings:     - Advertise TX power level: 2
02-08 19:30:29.035 19702 19757 V org.thaliproject.p2p.btconnectorlib.DiscoveryManagerSettings:     - Scan mode: 1
02-08 19:30:29.035 19702 19757 V org.thaliproject.p2p.btconnectorlib.DiscoveryManagerSettings:     - Scan report delay in milliseconds: 500
02-08 19:30:29.037 19702 19757 I org.thaliproject.p2p.btconnectorlib.DiscoveryManagerSettings: setBluetoothMacAddress: 24:00:BA:F9:9A:9F
02-08 19:30:29.037 19702 19757 D org.thaliproject.p2p.btconnectorlib.internal.AbstractBluetoothConnectivityAgent: verifyIdentityString: One or more of the following values are invalid: ", Bluetooth MAC address: "24:00:BA:F9:9A:9F"Peer extra info: "256
02-08 19:30:29.038 19702 19757 D org.thaliproject.p2p.btconnectorlib.internal.bluetooth.BluetoothConnector: BluetoothConnector: Bluetooth name: Thali_Bluetooth, service record UUID: fa87c0d0-afac-11de-8a39-0800200c9a66
02-08 19:30:29.038 19702 19757 D org.thaliproject.p2p.btconnectorlib.internal.bluetooth.BluetoothConnector: setIdentityString: 
02-08 19:30:29.040 19702 19757 V org.thaliproject.p2p.btconnectorlib.DiscoveryManagerSettings: load: Already loaded
02-08 19:30:29.040 19702 19757 V org.thaliproject.p2p.btconnectorlib.DiscoveryManagerSettings: addListener: Listener org.thaliproject.p2p.btconnectorlib.DiscoveryManager@1326676 added. We now have 2 listener(s)
02-08 19:30:29.041 19702 19757 D org.thaliproject.p2p.btconnectorlib.utils.PeerModel: addListener: New listener added - the number of listeners is now 1
02-08 19:30:29.042 19702 19757 I org.thaliproject.p2p.btconnectorlib.DiscoveryManagerSettings: setDiscoveryMode: Discovery mode BLE is supported
02-08 19:30:29.042 19702 19757 I org.thaliproject.p2p.btconnectorlib.DiscoveryManagerSettings: setManufacturerId: 76 -> 61973
02-08 19:30:29.042 19702 19757 D org.thaliproject.p2p.btconnectorlib.DiscoveryManager: onAdvertiseScanSettingsChanged: Current thread: Thread[JavaBridge,7,main], id: 2844
02-08 19:30:29.042 19702 19757 I org.thaliproject.p2p.btconnectorlib.DiscoveryManagerSettings: setAdvertiseScanModeAndTxPowerLevel: Advertise mode: 1 -> 2
02-08 19:30:29.042 19702 19757 I org.thaliproject.p2p.btconnectorlib.DiscoveryManagerSettings: setAdvertiseScanModeAndTxPowerLevel: Advertise TX power level: 2 -> 3
02-08 19:30:29.042 19702 19757 I org.thaliproject.p2p.btconnectorlib.DiscoveryManagerSettings: setAdvertiseScanModeAndTxPowerLevel: Scan mode: 1 -> 2
02-08 19:30:29.042 19702 19757 D org.thaliproject.p2p.btconnectorlib.DiscoveryManager: onAdvertiseScanSettingsChanged: Current thread: Thread[JavaBridge,7,main], id: 2844
02-08 19:30:29.044 19702 19757 I org.thaliproject.p2p.btconnectorlib.internal.bluetooth.BluetoothManager: bind: Binding a new listener
02-08 19:30:29.044 19702 19757 I org.thaliproject.p2p.btconnectorlib.internal.bluetooth.BluetoothManager: initialize: My bluetooth address is 24:00:BA:F9:9A:9F
02-08 19:30:29.048 19702 19757 V org.thaliproject.p2p.btconnectorlib.internal.bluetooth.BluetoothManager: Checking support for multiple advertisement: Storing the value (SUPPORTED) in persistent storage
02-08 19:30:29.048 19702 19757 V io.jxcore.node.ConnectivityMonitor: updateConnectivityInfo: FORCED notification:
02-08 19:30:29.048 19702 19757 V io.jxcore.node.ConnectivityMonitor:     - is Wi-Fi Direct supported: true
02-08 19:30:29.048 19702 19757 V io.jxcore.node.ConnectivityMonitor:     - is Bluetooth LE multiple advertisement supported: SUPPORTED
02-08 19:30:29.048 19702 19757 V io.jxcore.node.ConnectivityMonitor:     - is Wi-Fi enabled: true
02-08 19:30:29.048 19702 19757 V io.jxcore.node.ConnectivityMonitor:     - is Bluetooth enabled: true
02-08 19:30:29.048 19702 19757 V io.jxcore.node.ConnectivityMonitor:     - BSSID name: 70:cd:60:ff:5a:07
02-08 19:30:29.048 19702 19757 V io.jxcore.node.ConnectivityMonitor:     - SSID name: "T"
02-08 19:30:29.048 19702 19757 V io.jxcore.node.ConnectivityMonitor:     - is connected/connecting to active network: true
02-08 19:30:29.048 19702 19757 V io.jxcore.node.ConnectivityMonitor:     - active network type is Wi-Fi: true
02-08 19:30:29.049 19702 19757 D io.jxcore.node.JXcoreExtension: notifyNetworkChanged: Not registered for event "networkChanged" and will not notify, in JS call method "didRegisterToNative" with argument "networkChanged" to register
02-08 19:30:29.049 19702 19757 D io.jxcore.node.ConnectivityMonitor: start: OK
02-08 19:30:29.049 19702 19757 I io.jxcore.node.LifeCycleMonitor: start: OK
02-08 19:30:29.054 19702 19702 V io.jxcore.node.ConnectivityMonitor: updateConnectivityInfo: No relevant state changes
02-08 19:30:29.056 19702 19702 V io.jxcore.node.ConnectivityMonitor: updateConnectivityInfo: No relevant state changes
02-08 19:30:29.059 19702 19702 V io.jxcore.node.ConnectivityMonitor: updateConnectivityInfo: No relevant state changes
02-08 19:30:29.065 19702 19702 D SystemWebChromeClient: file:///android_asset/www/js/index.js: Line 36 : Uncaught TypeError: Cannot read property 'querySelector' of null
02-08 19:30:29.066 19702 19702 I chromium: [INFO:CONSOLE(36)] "Uncaught TypeError: Cannot read property 'querySelector' of null", source: file:///android_asset/www/js/index.js (36)
02-08 19:30:29.066 19702 19702 D CordovaWebViewImpl: onPageFinished(file:///android_asset/www/index.html)
02-08 19:30:29.125 10966 19688 I DeviceStateChecker: DeviceStateChecker cancelled
02-08 19:30:29.126 10966 10966 I MicroDetector: Keeping mic open: false
02-08 19:30:29.126 10966 10966 I AudioController: shutdown
02-08 19:30:29.126 10966 10966 I MicrophoneInputStream: mic_close com.google.android.apps.gsa.speech.audio.ag@bc7d811
02-08 19:30:29.127 10966 13183 E AudioRecord-JNI: Error -4 during AudioRecord native read
02-08 19:30:29.212   511 19691 D audio_hw_primary: disable_audio_route: reset and update mixer path: audio-record
02-08 19:30:29.213   511 19691 D audio_hw_primary: disable_snd_device: snd_device(61: voice-rec-mic)
02-08 19:30:29.218   511 19691 I soundtrigger: audio_extn_sound_trigger_update_device_status: device 0x3d of type 1 for Event 0
02-08 19:30:29.218   511 19691 D sound_trigger_platform: platform_stdev_check_and_update_concurrency: concurrency active 0, tx 0, rx 0, concurrency session_allowed 1
02-08 19:30:29.219   511  3035 I SoundTriggerHwService::Module: void android::SoundTriggerHwService::Module::onCallbackEvent(const android::sp<android::SoundTriggerHwService::CallbackEvent>&) mClient == 0
02-08 19:30:29.221 10966 19689 I MicroRecognitionRunner: Detection finished
02-08 19:30:29.226 10966 11866 I MicroRecognitionRunner: Stopping hotword detection.
02-08 19:30:29.355 19702 19711 I art     : Background partial concurrent mark sweep GC freed 74505(6MB) AllocSpace objects, 9(180KB) LOS objects, 39% free, 24MB/40MB, paused 949us total 237.859ms
02-08 19:30:29.893 19702 19711 I art     : Background sticky concurrent mark sweep GC freed 94779(11MB) AllocSpace objects, 12(4MB) LOS objects, 30% free, 28MB/40MB, paused 1.651ms total 105.629ms
02-08 19:30:30.381 19702 19763 W jxcore-log: Initializing JXcore engine
02-08 19:30:30.381 19702 19763 W jxcore-log: JXcore engine is ready
02-08 19:30:30.430 19763 19763 W Thread-2845: type=1400 audit(0.0:14699): avc: denied { ioctl } for path="/dev/pmsg0" dev="tmpfs" ino=13168 ioctlcmd=5451 scontext=u:r:untrusted_app:s0:c512,c768 tcontext=u:object_r:pmsg_device:s0 tclass=chr_file permissive=0
02-08 19:30:30.430 19763 19763 W Thread-2845: type=1400 audit(0.0:14700): avc: denied { ioctl } for path="socket:[15378]" dev="sockfs" ino=15378 ioctlcmd=5451 scontext=u:r:untrusted_app:s0:c512,c768 tcontext=u:r:zygote:s0 tclass=unix_dgram_socket permissive=0
02-08 19:30:30.430 19763 19763 W Thread-2845: type=1400 audit(0.0:14701): avc: denied { ioctl } for path="/sys/kernel/debug/tracing/trace_marker" dev="debugfs" ino=5933 ioctlcmd=5451 scontext=u:r:untrusted_app:s0:c512,c768 tcontext=u:object_r:debugfs:s0 tclass=file permissive=0
02-08 19:30:30.430 19763 19763 W Thread-2845: type=1400 audit(0.0:14702): avc: denied { ioctl } for path="socket:[22724891]" dev="sockfs" ino=22724891 ioctlcmd=5451 scontext=u:r:untrusted_app:s0:c512,c768 tcontext=u:r:surfaceflinger:s0 tclass=unix_stream_socket permissive=0
02-08 19:30:30.450 19702 19763 W jxcore-log: Starting JXcore engine
02-08 19:30:30.509 19702 19763 W jxcore-log: Platform android
02-08 19:30:30.509 19702 19763 W jxcore-log: 
02-08 19:30:30.509 19702 19763 W jxcore-log: Process ARCH arm
02-08 19:30:30.509 19702 19763 W jxcore-log: 
02-08 19:30:30.727 19702 19763 I jxcore-log: JXcore Cordova bridge is ready!
02-08 19:30:30.727 19702 19763 I jxcore-log: 
02-08 19:30:30.727 19702 19763 W jxcore-log: JXcore engine is started
02-08 19:30:30.738 19702 19757 I org.thaliproject.p2p.ThaliPermissions: execute: REQUEST_ACCESS_COARSE_LOCATION
02-08 19:30:30.746 19702 19702 D SystemWebChromeClient: file:///android_asset/www/js/thali_main.js: Line 41 : Application has the required permission.
02-08 19:30:30.746 19702 19702 I chromium: [INFO:CONSOLE(41)] "Application has the required permission.", source: file:///android_asset/www/js/thali_main.js (41)
02-08 19:30:30.769 19702 19763 I jxcore-log: 
02-08 19:30:30.769 19702 19763 I jxcore-log: ------------------------------
02-08 19:30:30.769 19702 19763 I jxcore-log: process.jxversion = "v0.3.1.9"
02-08 19:30:30.769 19702 19763 I jxcore-log: ------------------------------
02-08 19:30:30.769 19702 19763 I jxcore-log: 
02-08 19:30:34.240 17400 17400 I ServiceManager: Waiting for service AtCmdFwd...
02-08 19:30:34.328 31626 31651 I bt_btm_sec: btm_sec_disconnected clearing pending flag handle:13 reason:19
02-08 19:30:34.328 31626 31643 E BluetoothRemoteDevices: state12newState1
02-08 19:30:34.332 31626 31626 D BluetoothMapService: onReceive
02-08 19:30:34.332 31626 31626 D BluetoothMapService: onReceive: android.bluetooth.device.action.ACL_DISCONNECTED
02-08 19:30:34.396 31626 31651 I bt_btm_sec: btm_sec_disconnected clearing pending flag handle:12 reason:22
02-08 19:30:34.397 31626 31643 E BluetoothRemoteDevices: state12newState1
02-08 19:30:34.399 31626 31626 D BluetoothMapService: onReceive
02-08 19:30:34.399 31626 31626 D BluetoothMapService: onReceive: android.bluetooth.device.action.ACL_DISCONNECTED
02-08 19:30:35.241 17400 17400 I ServiceManager: Waiting for service AtCmdFwd...
02-08 19:30:36.242 17400 17400 I ServiceManager: Waiting for service AtCmdFwd...
02-08 19:30:37.244 17400 17400 I ServiceManager: Waiting for service AtCmdFwd...
02-08 19:30:38.245 17400 17400 I ServiceManager: Waiting for service AtCmdFwd...
02-08 19:30:39.246 17400 17400 W Atfwd_Sendcmd: AtCmdFwd service not published, waiting... retryCnt : 4
02-08 19:30:40.371   918  3733 I AccountManagerService: getTypesVisibleToCaller: isPermitted? true
02-08 19:30:40.376   918  3377 I AccountManagerService: getTypesVisibleToCaller: isPermitted? true
02-08 19:30:40.379  3702  9108 W ctxmgr  : [ContextSpecificAclFactory]LocationConsent failed, ULR opt-in status is: false, account#-1643878644#
02-08 19:30:40.379  3702  9108 W ctxmgr  : [AclManager]No 2 for (accnt=account#-1643878644#, com.google.android.gms(10012):UserLocationProducer, vrsn=10084000, 0, 3pPkg = null ,  3pMdlId = null). Was: 2 for 1, account#-1643878644#
02-08 19:30:40.380   918  8389 I AccountManagerService: getTypesVisibleToCaller: isPermitted? true
02-08 19:30:41.345 19702 19763 I jxcore-log: 2017-02-08 16:30:41 - DEBUG thaliMobileNativeWrapper: 'Method peerAvailabilityChanged registered to native'
02-08 19:30:41.345 19702 19763 I jxcore-log: 
02-08 19:30:41.347 19702 19763 I jxcore-log: 2017-02-08 16:30:41 - DEBUG thaliMobileNativeWrapper: 'Method discoveryAdvertisingStateUpdateNonTCP registered to native'
02-08 19:30:41.347 19702 19763 I jxcore-log: 
02-08 19:30:41.348 19702 19763 I jxcore-log: 2017-02-08 16:30:41 - DEBUG thaliMobileNativeWrapper: 'Method multiConnectResolved registered to native'
02-08 19:30:41.348 19702 19763 I jxcore-log: 
02-08 19:30:41.353 19702 19763 V io.jxcore.node.ConnectivityMonitor: updateConnectivityInfo: FORCED notification:
02-08 19:30:41.353 19702 19763 V io.jxcore.node.ConnectivityMonitor:     - is Wi-Fi Direct supported: true
02-08 19:30:41.353 19702 19763 V io.jxcore.node.ConnectivityMonitor:     - is Bluetooth LE multiple advertisement supported: SUPPORTED
02-08 19:30:41.353 19702 19763 V io.jxcore.node.ConnectivityMonitor:     - is Wi-Fi enabled: true
02-08 19:30:41.353 19702 19763 V io.jxcore.node.ConnectivityMonitor:     - is Bluetooth enabled: true
02-08 19:30:41.353 19702 19763 V io.jxcore.node.ConnectivityMonitor:     - BSSID name: 70:cd:60:ff:5a:07
02-08 19:30:41.353 19702 19763 V io.jxcore.node.ConnectivityMonitor:     - SSID name: "T"
02-08 19:30:41.353 19702 19763 V io.jxcore.node.ConnectivityMonitor:     - is connected/connecting to active network: true
02-08 19:30:41.353 19702 19763 V io.jxcore.node.ConnectivityMonitor:     - active network type is Wi-Fi: true
02-08 19:30:41.355 19702 19763 D io.jxcore.node.JXcoreExtension: notifyNetworkChanged: BLE: ON, Bluetooth: ON, Wi-Fi: ON, cellular: DO_NOT_CARE, BSSID name: 70:cd:60:ff:5a:07, SSID name: "T"
02-08 19:30:41.356 19702 19763 I jxcore-log: 2017-02-08 16:30:41 - DEBUG thaliMobileNativeWrapper: 'Method networkChanged registered to native'
02-08 19:30:41.356 19702 19763 I jxcore-log: 
02-08 19:30:41.358 19702 19763 I jxcore-log: 2017-02-08 16:30:41 - DEBUG thaliMobileNativeWrapper: 'Method multiConnectConnectionFailure registered to native'
02-08 19:30:41.358 19702 19763 I jxcore-log: 
02-08 19:30:41.359 19702 19763 I jxcore-log: 2017-02-08 16:30:41 - DEBUG thaliMobileNativeWrapper: 'Method incomingConnectionToPortNumberFailed registered to native'
02-08 19:30:41.359 19702 19763 I jxcore-log: 
02-08 19:30:41.607 19702 19763 I jxcore-log: 2017-02-08 16:30:41 - DEBUG UnitTest_app: 'My device name is: 'Huawei-Nexus 6P''
02-08 19:30:41.607 19702 19763 I jxcore-log: 
02-08 19:30:41.607 19702 19763 I jxcore-log: 2017-02-08 16:30:41 - WARN testUtils: 'myNameCallback not set!'
02-08 19:30:41.607 19702 19763 I jxcore-log: 
02-08 19:30:43.045  3676  3676 I DownloadManagerWrapper: onReceive() : Charging = true
02-08 19:30:43.901 19702 19763 I jxcore-log: 2017-02-08 16:30:43 - INFO runTests: 'Starting tests. Network type: BOTH. Platform: android'
02-08 19:30:43.901 19702 19763 I jxcore-log: 
02-08 19:30:43.902 19702 19763 I jxcore-log: 2017-02-08 16:30:43 - INFO testLoader: 'loading file: /data/data/com.test.thalitest/files/www/jxcore/bv_tests/testThaliManagerCoordinated.js'
02-08 19:30:43.902 19702 19763 I jxcore-log: 
02-08 19:30:44.325 19702 19763 V io.jxcore.node.JXcoreExtension: isBleMultipleAdvertisementSupported: SUPPORTED
02-08 19:30:44.327 19702 19763 I jxcore-log: 2017-02-08 16:30:44 - INFO testUtils: 'BLE multiple advertisement supported'
02-08 19:30:44.327 19702 19763 I jxcore-log: 
02-08 19:30:44.330 19702 19763 I jxcore-log: 2017-02-08 16:30:44 - DEBUG UnitTest_app: 'Unit Test app is loaded'
02-08 19:30:44.330 19702 19763 I jxcore-log: 
02-08 19:30:44.344 19702 19763 I jxcore-log: 2017-02-08 16:30:44 - DEBUG thaliMobileNativeWrapper: 'networkChanged: {"bluetoothLowEnergy":"on","bluetooth":"on","wifi":"on","cellular":"doNotCare","bssidName":"70:cd:60:ff:5a:07","ssidName":"T"}'
02-08 19:30:44.344 19702 19763 I jxcore-log: 
02-08 19:30:44.344 19702 19763 I jxcore-log: 2017-02-08 16:30:44 - INFO thaliMobile: 'Filtered out networkChangedNonTCP (was in stopped state).'
02-08 19:30:44.344 19702 19763 I jxcore-log: 
02-08 19:30:44.352 19702 19702 D SystemWebChromeClient: file:///android_asset/www/js/thali_main.js: Line 68 : UIApp is all set and ready!
02-08 19:30:44.352 19702 19702 I chromium: [INFO:CONSOLE(68)] "UIApp is all set and ready!", source: file:///android_asset/www/js/thali_main.js (68)
02-08 19:30:44.355 19702 19763 I jxcore-log: 2017-02-08 16:30:44 - INFO CoordinatedClient: 'Connecting to coordination server on http://192.168.2.1:3000/'
02-08 19:30:44.355 19702 19763 I jxcore-log: 
02-08 19:30:44.413 19702 19763 I jxcore-log: 2017-02-08 16:30:44 - DEBUG CoordinatedClient: 'connected to the test server'
02-08 19:30:44.413 19702 19763 I jxcore-log: 
02-08 19:30:45.386   918   929 I AccountManagerService: getTypesVisibleToCaller: isPermitted? true
02-08 19:30:45.388   918 31388 I AccountManagerService: getTypesVisibleToCaller: isPermitted? true
02-08 19:30:45.390  3702  4293 W ctxmgr  : [ContextSpecificAclFactory]LocationConsent failed, ULR opt-in status is: false, account#-1643878644#
02-08 19:30:45.390  3702  4293 W ctxmgr  : [AclManager]No 2 for (accnt=account#-1643878644#, com.google.android.gms(10012):UserLocationProducer, vrsn=10084000, 0, 3pPkg = null ,  3pMdlId = null). Was: 2 for 1, account#-1643878644#
02-08 19:30:45.391   918  3446 I AccountManagerService: getTypesVisibleToCaller: isPermitted? true
02-08 19:30:45.408 19702 19763 I jxcore-log: TAP version 13
02-08 19:30:45.408 19702 19763 I jxcore-log: 
02-08 19:30:45.411 19702 19763 I jxcore-log: # setup
02-08 19:30:45.411 19702 19763 I jxcore-log: 
02-08 19:30:45.966   918 12585 D NetlinkSocketObserver: NeighborEvent{elapsedMs=5016818925, 192.168.2.1, [129ADDB5B164], RTM_NEWNEIGH, NUD_REACHABLE}
02-08 19:30:46.693 19702 19763 I jxcore-log: # test write
02-08 19:30:46.693 19702 19763 I jxcore-log: 
02-08 19:30:46.841 19702 19763 I jxcore-log: ok 1 About to start thali manager
02-08 19:30:46.841 19702 19763 I jxcore-log: 
02-08 19:30:46.875 19702 19763 I jxcore-log: 2017-02-08 16:30:46 - DEBUG thaliManager: 'creating ThaliSendNotificationBasedOnReplication instance'
02-08 19:30:46.875 19702 19763 I jxcore-log: 
02-08 19:30:46.879 19702 19763 I jxcore-log: 2017-02-08 16:30:46 - DEBUG thaliManager: 'creating ThaliPullReplicationFromNotification instance'
02-08 19:30:46.879 19702 19763 I jxcore-log: 
02-08 19:30:46.880 19702 19763 I jxcore-log: 2017-02-08 16:30:46 - DEBUG thaliManager: 'creating express pouchdb instance'
02-08 19:30:46.880 19702 19763 I jxcore-log: 
02-08 19:30:47.478 19702 19763 I jxcore-log: 2017-02-08 16:30:47 - DEBUG thaliManager: 'starting thaliPullReplicationFromNotification'
02-08 19:30:47.478 19702 19763 I jxcore-log: 
02-08 19:30:47.480 19702 19763 I jxcore-log: 2017-02-08 16:30:47 - DEBUG thaliPullReplicationFromNotification: 'starting thaliPeerPoolInterface'
02-08 19:30:47.480 19702 19763 I jxcore-log: 
02-08 19:30:47.481 19702 19763 I jxcore-log: 2017-02-08 16:30:47 - DEBUG thaliManager: 'starting ThaliMobile'
02-08 19:30:47.481 19702 19763 I jxcore-log: 
02-08 19:30:47.516 19702 19763 I jxcore-log: 2017-02-08 16:30:47 - DEBUG thaliMobileNativeWrapper: 'listening 48470'
02-08 19:30:47.516 19702 19763 I jxcore-log: 
02-08 19:30:47.518 19702 19763 I jxcore-log: 2017-02-08 16:30:47 - DEBUG createNativeListener: 'Creating Native Server'
02-08 19:30:47.518 19702 19763 I jxcore-log: 
02-08 19:30:47.521 19702 19763 I jxcore-log: 2017-02-08 16:30:47 - DEBUG createNativeListener: 'listening 47227'
02-08 19:30:47.521 19702 19763 I jxcore-log: 
02-08 19:30:47.522 19702 19763 I jxcore-log: 2017-02-08 16:30:47 - DEBUG thaliManager: 'start listening for advertisements'
02-08 19:30:47.522 19702 19763 I jxcore-log: 
02-08 19:30:47.525 19702 19763 D io.jxcore.node.JXcoreExtension: startListeningForAdvertisements
02-08 19:30:47.527 19702 19763 I io.jxcore.node.ConnectionHelper: start: Port number: 0, start advertisements: false
02-08 19:30:47.527 19702 19763 V io.jxcore.node.ConnectivityMonitor: start: Already started
02-08 19:30:47.528 19702 19763 V io.jxcore.node.StartStopOperation: isTargetState: Connectivity: NOT_STARTED, discovery: NOT_STARTED, is discovering: false, is advertising: false - Start operation: Should affect listening to advertisements only
02-08 19:30:47.528 19702 19763 V io.jxcore.node.StartStopOperationHandler: executeCurrentOperation: Executing: Start operation: Should affect listening to advertisements only
02-08 19:30:47.528 19702 19763 I org.thaliproject.p2p.btconnectorlib.DiscoveryManager: start: Discovery mode: BLE, start discovery: true, start advertiser: false
02-08 19:30:47.528 19702 19763 I org.thaliproject.p2p.btconnectorlib.internal.bluetooth.BluetoothManager: bind: Binding a new listener
02-08 19:30:47.528 19702 19763 I org.thaliproject.p2p.btconnectorlib.internal.wifi.WifiDirectManager: bind: Binding a new listener
02-08 19:30:47.531 19702 19763 D org.thaliproject.p2p.btconnectorlib.DiscoveryManager: startBlePeerDiscoverer
02-08 19:30:47.531 19702 19763 V io.jxcore.node.ConnectionHelper: Received a request for permission "android.permission.ACCESS_COARSE_LOCATION", but we are expecting that all the required permissions have already been granted
02-08 19:30:47.531 19702 19763 V org.thaliproject.p2p.btconnectorlib.DiscoveryManager: getBlePeerDiscovererInstanceAndCheckBluetoothMacAddress: Constructing...
02-08 19:30:47.534 19702 19763 D org.thaliproject.p2p.btconnectorlib.internal.bluetooth.le.BleAdvertiser: setAdvertiseSettings, Current thread: Thread[Thread-2845,7,main], id: 2845
02-08 19:30:47.534 19702 19763 I org.thaliproject.p2p.btconnectorlib.internal.bluetooth.le.BleAdvertiser: setAdvertiseSettings: Mode: 2, Tx power level: 3, timeout: 0, is connectable: false
02-08 19:30:47.536 19702 19763 D org.thaliproject.p2p.btconnectorlib.internal.bluetooth.le.BleScanner: applyAdditionalMarshmallowSettings
02-08 19:30:47.536 19702 19763 I org.thaliproject.p2p.btconnectorlib.internal.bluetooth.le.BleScanner: setScanSettings: Mode: 2, report delay in milliseconds: 500, scan result type: 0
02-08 19:30:47.536 19702 19763 D org.thaliproject.p2p.btconnectorlib.internal.bluetooth.le.BlePeerDiscoverer: Beacon extra: 256
02-08 19:30:47.537 19702 19763 V org.thaliproject.p2p.btconnectorlib.internal.bluetooth.BluetoothManager: Checking support for offloaded filtering: Storing the value (SUPPORTED) in persistent storage
02-08 19:30:47.539 19702 19763 V org.thaliproject.p2p.btconnectorlib.internal.bluetooth.BluetoothManager: Checking support for offloaded scan batching: Storing the value (SUPPORTED) in persistent storage
02-08 19:30:47.539 19702 19763 D org.thaliproject.p2p.btconnectorlib.internal.bluetooth.le.BlePeerDiscoverer: startScanner: Current thread: Thread[Thread-2845,7,main], id: 2845
02-08 19:30:47.539 19702 19763 I org.thaliproject.p2p.btconnectorlib.internal.bluetooth.le.BlePeerDiscoverer: startScanner: Starting...
02-08 19:30:47.539 19702 19763 D org.thaliproject.p2p.btconnectorlib.internal.bluetooth.le.BlePeerDiscoveryUtils: createScanFilter: No service UUID, use manufacturer ID: true
02-08 19:30:47.539 19702 19763 D org.thaliproject.p2p.btconnectorlib.internal.bluetooth.le.BlePeerDiscoveryUtils: manufacturer ID: 61973
02-08 19:30:47.540 19702 19763 D org.thaliproject.p2p.btconnectorlib.internal.bluetooth.le.BlePeerDiscoveryUtils: createScanFilter: BluetoothLeScanFilter [mDeviceName=null, mDeviceAddress=null, mUuid=null, mUuidMask=null, mServiceDataUuid=null, mServiceData=null, mServiceDataMask=null, mManufacturerId=61973, mManufacturerData=null, mManufacturerDataMask=null]
02-08 19:30:47.540 19702 19763 D org.thaliproject.p2p.btconnectorlib.internal.bluetooth.le.BleScanner: start: Current thread: Thread[Thread-2845,7,main], id: 2845
02-08 19:30:47.541 19702 19763 D BluetoothAdapter: STATE_ON
02-08 19:30:47.543 31626 31638 D BtGatt.GattService: registerClient() - UUID=de22b61a-f802-486e-9f24-fad6b457d888
02-08 19:30:47.544 31626 31643 D BtGatt.GattService: onClientRegistered() - UUID=de22b61a-f802-486e-9f24-fad6b457d888, clientIf=5
02-08 19:30:47.545 19702 19713 D BluetoothLeScanner: onClientRegistered() - status=0 clientIf=5
02-08 19:30:47.546 31626 31644 D BtGatt.GattService: start scan with filters
02-08 19:30:47.551 19702 19763 D org.thaliproject.p2p.btconnectorlib.internal.bluetooth.le.BleScanner: start: scan started
02-08 19:30:47.551 19702 19763 D org.thaliproject.p2p.btconnectorlib.internal.bluetooth.le.BleScanner: set state: Current thread: Thread[Thread-2845,7,main], id: 2845
02-08 19:30:47.551 19702 19763 D org.thaliproject.p2p.btconnectorlib.internal.bluetooth.le.BleScanner: setState: State changed from NOT_STARTED to RUNNING
02-08 19:30:47.551 19702 19763 D org.thaliproject.p2p.btconnectorlib.internal.bluetooth.le.BleScanner: notifyScannerStateChanged: started =  true. Current thread: Thread[Thread-2845,7,main], id: 2845
02-08 19:30:47.551 31626 31647 D BtGatt.ScanManager: handling starting scan
02-08 19:30:47.551 19702 19763 D org.thaliproject.p2p.btconnectorlib.DiscoveryManager: startBlePeerDiscoverer: OK
02-08 19:30:47.552 19702 19702 I org.thaliproject.p2p.btconnectorlib.internal.bluetooth.le.BlePeerDiscoverer: onIsScannerStartedChanged: trueCurrent thread: Thread[main,5,main], id: 1
02-08 19:30:47.552 19702 19763 I org.thaliproject.p2p.btconnectorlib.DiscoveryManager: start: OK
02-08 19:30:47.552 19702 19763 D org.thaliproject.p2p.btconnectorlib.DiscoveryManager: updateState: Current thread: Thread[Thread-2845,7,main], id: 2845
02-08 19:30:47.552 19702 19702 D org.thaliproject.p2p.btconnectorlib.internal.bluetooth.le.BlePeerDiscoverer: updateState : Current thread: Thread[main,5,main], id: 1
02-08 19:30:47.552 19702 19702 D org.thaliproject.p2p.btconnectorlib.internal.bluetooth.le.BlePeerDiscoverer: updateState: deducedStateSet: [SCANNING]
02-08 19:30:47.552 19702 19702 D org.thaliproject.p2p.btconnectorlib.internal.bluetooth.le.BlePeerDiscoverer: updateState: stateSet: [NOT_STARTED]
02-08 19:30:47.553 19702 19763 D org.thaliproject.p2p.btconnectorlib.DiscoveryManager: updateStateInternal Current thread: Thread[Thread-2845,7,main], id: 2845
02-08 19:30:47.553 19702 19763 D org.thaliproject.p2p.btconnectorlib.DiscoveryManager: updateStateInternal finished Current thread: Thread[Thread-2845,7,main], id: 2845
02-08 19:30:47.553 19702 19763 D org.thaliproject.p2p.btconnectorlib.DiscoveryManager: updateState finished Current thread: Thread[Thread-2845,7,main], id: 2845
02-08 19:30:47.553 19702 19702 D org.thaliproject.p2p.btconnectorlib.internal.bluetooth.le.BlePeerDiscoverer: Current thread: Thread[main,5,main], id: 1
02-08 19:30:47.553 19702 19702 D org.thaliproject.p2p.btconnectorlib.internal.bluetooth.le.BlePeerDiscoverer: updateState: State changed from [NOT_STARTED] to [SCANNING]Current thread: Thread[main,5,main], id: 1
02-08 19:30:47.553 19702 19763 I io.jxcore.node.ConnectionHelper: start: OK
02-08 19:30:47.553 19702 19702 D org.thaliproject.p2p.btconnectorlib.internal.bluetooth.le.BlePeerDiscoverer: update state finished. Current thread: Thread[main,5,main], id: 1
02-08 19:30:47.554 19702 19702 I org.thaliproject.p2p.btconnectorlib.DiscoveryManager: onBlePeerDiscovererStateChanged: [NOT_STARTED] -> [SCANNING] Current thread: Thread[main,5,main], id: 1
02-08 19:30:47.554 19702 19702 D org.thaliproject.p2p.btconnectorlib.DiscoveryManager: updateState: Current thread: Thread[main,5,main], id: 1
02-08 19:30:47.557 19702 19763 I jxcore-log: 2017-02-08 16:30:47 - INFO nodeSSDPClientLogger: '{ address: 'http://0.0.0.0:1900' } 'SSDP listening''
02-08 19:30:47.557 19702 19763 I jxcore-log: 
02-08 19:30:47.559 19702 19763 I jxcore-log: 2017-02-08 16:30:47 - INFO nodeSSDPClientLogger: 'Socket bound'
02-08 19:30:47.559 19702 19763 I jxcore-log: 
02-08 19:30:47.562 19702 19702 D org.thaliproject.p2p.btconnectorlib.DiscoveryManager: updateStateInternal Current thread: Thread[main,5,main], id: 1
02-08 19:30:47.563 19702 19702 D org.thaliproject.p2p.btconnectorlib.DiscoveryManager: updateState: State: RUNNING_BLE, is discovering: true, is advertising: false
02-08 19:30:47.563 19702 19702 D org.thaliproject.p2p.btconnectorlib.DiscoveryManager: updateStateInternal finished Current thread: Thread[main,5,main], id: 1
02-08 19:30:47.564 19702 19702 D org.thaliproject.p2p.btconnectorlib.DiscoveryManager: updateState finished Current thread: Thread[main,5,main], id: 1
02-08 19:30:47.564 19702 19702 I io.jxcore.node.ConnectionHelper: onDiscoveryManagerStateChanged: State: RUNNING_BLE, is discovering: true, is advertising: false
02-08 19:30:47.565 31626 31643 D BtGatt.GattService: onScanFilterEnableDisabled() - clientIf=5, status=0, action=1
02-08 19:30:47.565 31626 31643 D BtGatt.ScanManager: callback done for clientIf - 5 status - 0
02-08 19:30:47.566 31626 31647 D BtGatt.ScanManager: configureFilterParamter 1500 10000 4 0
02-08 19:30:47.575 31626 31643 D BtGatt.GattService: onScanFilterParamsConfigured() - clientIf=5, status=0, action=0, availableSpace=31
02-08 19:30:47.575 31626 31643 D BtGatt.ScanManager: callback done for clientIf - 5 status - 0
02-08 19:30:47.576 31626 31647 D BtGatt.ScanManager: Starting BLE batch scan
02-08 19:30:47.576 31626 31647 D BtGatt.ScanManager: configuring batch scan storage, appIf 5
02-08 19:30:47.593 31626 31643 D BtGatt.GattService: onBatchScanStorageConfigured() - clientIf=5, status=0
02-08 19:30:47.593 31626 31643 D BtGatt.ScanManager: callback done for clientIf - 5 status - 0
02-08 19:30:47.601 31626 31643 D BtGatt.GattService: onBatchScanStartStopped() - clientIf=5, status=0, startStopAction=1
02-08 19:30:47.601 31626 31643 D BtGatt.ScanManager: callback done for clientIf - 5 status - 0
02-08 19:30:48.066 19702 19702 V io.jxcore.node.ConnectionHelper: Notifying discovery manager state change: is discovering: true, is advertising: false
02-08 19:30:48.066 19702 19702 V io.jxcore.node.StartStopOperation: isTargetState: Connectivity: NOT_STARTED, discovery: RUNNING_BLE, is discovering: true, is advertising: false - Start operation: Should affect listening to advertisements only
02-08 19:30:48.067 19702 19702 D io.jxcore.node.StartStopOperationHandler: processCurrentOperationStatus: Operation successfully executed
02-08 19:30:48.074 19702 19763 I jxcore-log: 2017-02-08 16:30:48 - DEBUG thaliMobileNativeWrapper: 'discoveryAdvertisingStateUpdateNonTCP: {"discoveryActive":true,"advertisingActive":false}'
02-08 19:30:48.074 19702 19763 I jxcore-log: 
02-08 19:30:48.086 19702 19763 I jxcore-log: 2017-02-08 16:30:48 - DEBUG thaliManager: 'start update advertising and listening'
02-08 19:30:48.086 19702 19763 I jxcore-log: 
02-08 19:30:48.111 19702 19763 D io.jxcore.node.JXcoreExtension: startUpdateAdvertisingAndListening
02-08 19:30:48.116 19702 19763 I io.jxcore.node.ConnectionHelper: start: Port number: 47227, start advertisements: true
02-08 19:30:48.116 19702 19763 V io.jxcore.node.ConnectivityMonitor: start: Already started
02-08 19:30:48.116 19702 19763 I io.jxcore.node.StartStopOperationHandler: updateBeaconAdExtraInformation: New value: 0
02-08 19:30:48.116 19702 19763 I org.thaliproject.p2p.btconnectorlib.DiscoveryManagerSettings: setBeaconAdExtraInformation: 256 -> 0
02-08 19:30:48.116 19702 19763 I org.thaliproject.p2p.btconnectorlib.internal.AbstractBluetoothConnectivityAgent: clearIdentityString
02-08 19:30:48.121 19702 19763 I org.thaliproject.p2p.btconnectorlib.internal.AbstractBluetoothConnectivityAgent: verifyIdentityString: Identity string created: {"generation":0,"address":"24:00:BA:F9:9A:9F"}
02-08 19:30:48.122 19702 19763 D org.thaliproject.p2p.btconnectorlib.internal.bluetooth.BluetoothConnector: setIdentityString: {"generation":0,"address":"24:00:BA:F9:9A:9F"}
02-08 19:30:48.122 19702 19763 D org.thaliproject.p2p.btconnectorlib.DiscoveryManager: onAdvertiseScanSettingsChanged: Current thread: Thread[Thread-2845,7,main], id: 2845
02-08 19:30:48.123 19702 19763 I org.thaliproject.p2p.btconnectorlib.internal.bluetooth.le.BlePeerDiscoverer: applySettings:
02-08 19:30:48.123 19702 19763 I org.thaliproject.p2p.btconnectorlib.internal.bluetooth.le.BlePeerDiscoverer:     - Manufacturer ID: 61973
02-08 19:30:48.123 19702 19763 I org.thaliproject.p2p.btconnectorlib.internal.bluetooth.le.BlePeerDiscoverer:     - Beacon ad length and type: 533
02-08 19:30:48.123 19702 19763 I org.thaliproject.p2p.btconnectorlib.internal.bluetooth.le.BlePeerDiscoverer:     - Beacon ad extra information: 0
02-08 19:30:48.123 19702 19763 I org.thaliproject.p2p.btconnectorlib.internal.bluetooth.le.BlePeerDiscoverer:     - Advertisement data type: DO_NOT_CARE
02-08 19:30:48.123 19702 19763 I org.thaliproject.p2p.btconnectorlib.internal.bluetooth.le.BlePeerDiscoverer:     - Advertise mode: 2
02-08 19:30:48.123 19702 19763 I org.thaliproject.p2p.btconnectorlib.internal.bluetooth.le.BlePeerDiscoverer:     - Advertise TX power level: 3
02-08 19:30:48.123 19702 19763 I org.thaliproject.p2p.btconnectorlib.internal.bluetooth.le.BlePeerDiscoverer:     - Scan mode: 2
02-08 19:30:48.123 19702 19763 I org.thaliproject.p2p.btconnectorlib.internal.bluetooth.le.BlePeerDiscoverer:     - Scan report delay in milliseconds: 500
02-08 19:30:48.123 19702 19763 I org.thaliproject.p2p.btconnectorlib.internal.bluetooth.le.BlePeerDiscoverer:     - Current thread: Thread[Thread-2845,7,main], id: 2845
02-08 19:30:48.123 19702 19763 D org.thaliproject.p2p.btconnectorlib.internal.bluetooth.le.BlePeerDiscoverer: Beacon extra: 0
02-08 19:30:48.124 19702 19763 D org.thaliproject.p2p.btconnectorlib.internal.bluetooth.le.BlePeerDiscoverer: applySettings: advertiserWasStarted false Current thread: Thread[Thread-2845,7,main], id: 2845
02-08 19:30:48.125 19702 19763 D org.thaliproject.p2p.btconnectorlib.internal.bluetooth.le.BleAdvertiser: setAdvertiseSettings, Current thread: Thread[Thread-2845,7,main], id: 2845
02-08 19:30:48.125 19702 19763 I org.thaliproject.p2p.btconnectorlib.internal.bluetooth.le.BleAdvertiser: setAdvertiseSettings: Mode: 2, Tx power level: 3, timeout: 0, is connectable: false
02-08 19:30:48.125 19702 19763 D org.thaliproject.p2p.btconnectorlib.internal.bluetooth.le.BleScanner: applyAdditionalMarshmallowSettings
02-08 19:30:48.126 19702 19763 D org.thaliproject.p2p.btconnectorlib.internal.bluetooth.le.BlePeerDiscoverer: applySettings: scannerWasStarted true Current thread: Thread[Thread-2845,7,main], id: 2845
02-08 19:30:48.126 19702 19763 D org.thaliproject.p2p.btconnectorlib.internal.bluetooth.le.BlePeerDiscoverer: applySettings: stop scanner Current thread: Thread[Thread-2845,7,main], id: 2845
02-08 19:30:48.126 19702 19763 D org.thaliproject.p2p.btconnectorlib.internal.bluetooth.le.BleScanner: stop, Current thread: Thread[Thread-2845,7,main], id: 2845
02-08 19:30:48.128 19702 19763 D BluetoothAdapter: STATE_ON
02-08 19:30:48.129 31626 31679 D BtGatt.GattService: flushPendingBatchResults - clientIf=5, isServer=false
02-08 19:30:48.129 19702 19763 D org.thaliproject.p2p.btconnectorlib.internal.bluetooth.le.BleScanner: stop: scan results are flushed 
02-08 19:30:48.130 31626 31647 D BtGatt.ScanManager: flushPendingBatchResults - clientIf = 5
02-08 19:30:48.130 19702 19763 D BluetoothAdapter: STATE_ON
02-08 19:30:48.131 31626 31659 D BtGatt.GattService: stopScan() - queue size =1
02-08 19:30:48.132 31626 31658 D BtGatt.GattService: unregisterClient() - clientIf=5
02-08 19:30:48.133 19702 19763 D org.thaliproject.p2p.btconnectorlib.internal.bluetooth.le.BleScanner: stop: Stopped
02-08 19:30:48.133 19702 19763 D org.thaliproject.p2p.btconnectorlib.internal.bluetooth.le.BleScanner: set state: Current thread: Thread[Thread-2845,7,main], id: 2845
02-08 19:30:48.133 19702 19763 D org.thaliproject.p2p.btconnectorlib.internal.bluetooth.le.BleScanner: setState: State changed from RUNNING to NOT_STARTED
02-08 19:30:48.133 19702 19763 D org.thaliproject.p2p.btconnectorlib.internal.bluetooth.le.BleScanner: stop finished, Current thread: Thread[Thread-2845,7,main], id: 2845
02-08 19:30:48.133 19702 19763 I org.thaliproject.p2p.btconnectorlib.internal.bluetooth.le.BleScanner: setScanSettings: Mode: 2, report delay in milliseconds: 500, scan result type: 0
02-08 19:30:48.133 19702 19763 D org.thaliproject.p2p.btconnectorlib.internal.bluetooth.le.BlePeerDiscoverer: applySettings: start scanner Current thread: Thread[Thread-2845,7,main], id: 2845
02-08 19:30:48.133 31626 31626 D BtGatt.ScanManager: awakened up at time 5016821092
02-08 19:30:48.133 19702 19763 D org.thaliproject.p2p.btconnectorlib.internal.bluetooth.le.BlePeerDiscoverer: startScanner: Current thread: Thread[Thread-2845,7,main], id: 2845
02-08 19:30:48.133 19702 19763 I org.thaliproject.p2p.btconnectorlib.internal.bluetooth.le.BlePeerDiscoverer: startScanner: Starting...
02-08 19:30:48.133 19702 19763 D org.thaliproject.p2p.btconnectorlib.internal.bluetooth.le.BlePeerDiscoveryUtils: createScanFilter: No service UUID, use manufacturer ID: true
02-08 19:30:48.133 19702 19763 D org.thaliproject.p2p.btconnectorlib.internal.bluetooth.le.BlePeerDiscoveryUtils: manufacturer ID: 61973
