02-08 19:30:52.276 30644 30705 D org.thaliproject.p2p.btconnectorlib.internal.bluetooth.le.BleScanner: setState: State changed from NOT_STARTED to RUNNING
02-08 19:30:52.276 30644 30705 D org.thaliproject.p2p.btconnectorlib.internal.bluetooth.le.BleScanner: notifyScannerStateChanged: started =  true. Current thread: Thread[Thread-5698,5,main], id: 5698
02-08 19:30:52.276 30644 30705 D org.thaliproject.p2p.btconnectorlib.internal.bluetooth.le.BlePeerDiscoverer: applySettings: start scanner started = true Current thread: Thread[Thread-5698,5,main], id: 5698
02-08 19:30:52.276 30644 30705 V io.jxcore.node.StartStopOperation: isTargetState: Connectivity: NOT_STARTED, discovery: RUNNING_BLE, is discovering: true, is advertising: false - Start operation: Should start/stop everything
02-08 19:30:52.276 30644 30644 I org.thaliproject.p2p.btconnectorlib.internal.bluetooth.le.BlePeerDiscoverer: onIsScannerStartedChanged: trueCurrent thread: Thread[main,5,main], id: 1
02-08 19:30:52.276 30644 30705 V io.jxcore.node.StartStopOperationHandler: executeCurrentOperation: Executing: Start operation: Should start/stop everything
02-08 19:30:52.276 30644 30705 D org.thaliproject.p2p.btconnectorlib.ConnectionManager: startListeningForIncomingConnections
02-08 19:30:52.277 18502 18518 D BtGatt.GattService: onBatchScanReports() - clientIf=5, status=0, reportType=2, numRecords=2
02-08 19:30:52.277 18502 18518 D BtGatt.ScanManager: callback done for clientIf - 5 status - 0
02-08 19:30:52.277 18502 18518 D BtGatt.GattService: current time is 5991618234879925
02-08 19:30:52.277 30644 30705 I org.thaliproject.p2p.btconnectorlib.internal.bluetooth.BluetoothManager: bind: Binding a new listener
02-08 19:30:52.277 18502 18518 D BtGatt.GattService: Batch record : [-101, -4, -72, 48, 33, 116, 1, -128, -64, 0, 0, 29, 17, 7, -112, -75, 1, 68, 117, 5, -46, -118, 48, 73, 103, 39, 36, 33, -34, 59, 10, 22, 36, 33, 6, 36, 0, -70, -7, -102, -97, 0, -97, -102, -7, -70, 0, 36, 0, -128, -64, 0, 0, 29, 17, 7, -112, -75, 1, 68, 117, 5, -46, -118, 48, 73, 103, 39, 36, 33, -34, 59, 10, 22, 36, 33, 6, 36, 0, -70, -7, -102, -97, 0]
02-08 19:30:52.277 18502 18518 D BtGatt.GattService: ScanRecord : [17, 7, -112, -75, 1, 68, 117, 5, -46, -118, 48, 73, 103, 39, 36, 33, -34, 59, 10, 22, 36, 33, 6, 36, 0, -70, -7, -102, -97]
02-08 19:30:52.277 18502 18518 D BtGatt.GattService: ScanRecord : [17, 7, -112, -75, 1, 68, 117, 5, -46, -118, 48, 73, 103, 39, 36, 33, -34, 59, 10, 22, 36, 33, 6, 36, 0, -70, -7, -102, -97]
02-08 19:30:52.278 30644 30644 D org.thaliproject.p2p.btconnectorlib.internal.bluetooth.le.BlePeerDiscoverer: updateState : Current thread: Thread[main,5,main], id: 1
02-08 19:30:52.278 30644 30705 I org.thaliproject.p2p.btconnectorlib.internal.bluetooth.BluetoothConnector: startListeningForIncomingConnections: Starting...
02-08 19:30:52.278 30644 30644 D org.thaliproject.p2p.btconnectorlib.internal.bluetooth.le.BlePeerDiscoverer: updateState: deducedStateSet: [SCANNING]
02-08 19:30:52.278 30644 30644 D org.thaliproject.p2p.btconnectorlib.internal.bluetooth.le.BlePeerDiscoverer: updateState: stateSet: [SCANNING]
02-08 19:30:52.278 30644 30644 D org.thaliproject.p2p.btconnectorlib.internal.bluetooth.le.BlePeerDiscoverer: Current thread: Thread[main,5,main], id: 1
02-08 19:30:52.278 30644 30644 D org.thaliproject.p2p.btconnectorlib.internal.bluetooth.le.BlePeerDiscoverer: update state finished. Current thread: Thread[main,5,main], id: 1
02-08 19:30:52.279 30644 30705 D org.thaliproject.p2p.btconnectorlib.ConnectionManager: onIsServerStartedChanged: true
02-08 19:30:52.280 30644 30705 D org.thaliproject.p2p.btconnectorlib.ConnectionManager: updateState: mShouldBeStarted :  true, mIsServerStarted:  true
02-08 19:30:52.280 30644 30705 D org.thaliproject.p2p.btconnectorlib.ConnectionManager: setState: NOT_STARTED -> RUNNING
02-08 19:30:52.281 30644 30705 I org.thaliproject.p2p.btconnectorlib.ConnectionManager: startListeningForIncomingConnections: OK
02-08 19:30:52.281 30644 30644 I io.jxcore.node.ConnectionHelper: onConnectionManagerStateChanged: RUNNING
02-08 19:30:52.281 30644 30705 I org.thaliproject.p2p.btconnectorlib.DiscoveryManager: start: Discovery mode: BLE, start discovery: true, start advertiser: true
02-08 19:30:52.282 30644 30705 D org.thaliproject.p2p.btconnectorlib.DiscoveryManager: startBlePeerDiscoverer
02-08 19:30:52.283 30644 30719 D org.thaliproject.p2p.btconnectorlib.internal.bluetooth.BluetoothServerThread: Entering thread
02-08 19:30:52.283 30644 30705 V io.jxcore.node.ConnectionHelper: Received a request for permission "android.permission.ACCESS_COARSE_LOCATION", but we are expecting that all the required permissions have already been granted
02-08 19:30:52.285 18502 18518 D BtGatt.GattService: onScanFilterParamsConfigured() - clientIf=5, status=0, action=1, availableSpace=32
02-08 19:30:52.285 18502 18518 D BtGatt.ScanManager: callback done for clientIf - 5 status - 0
02-08 19:30:52.286 18502 18521 D BtGatt.ScanManager: stopping BLe Batch
02-08 19:30:52.287 30644 30705 D org.thaliproject.p2p.btconnectorlib.internal.bluetooth.le.BlePeerDiscoverer: startScannerAndAdvertiser : Current thread: Thread[Thread-5698,5,main], id: 5698
02-08 19:30:52.287 30644 30705 D org.thaliproject.p2p.btconnectorlib.internal.bluetooth.le.BlePeerDiscoverer: startAdvertiser: Current thread: Thread[Thread-5698,5,main], id: 5698
02-08 19:30:52.288 30644 30705 D org.thaliproject.p2p.btconnectorlib.internal.bluetooth.le.BlePeerDiscoverer: stopPeerAddressHelperAdvertiser Current thread: Thread[Thread-5698,5,main], id: 5698
02-08 19:30:52.288 30644 30705 I org.thaliproject.p2p.btconnectorlib.internal.bluetooth.le.BlePeerDiscoverer: startAdvertiser: Starting...
02-08 19:30:52.288 30644 30705 D org.thaliproject.p2p.btconnectorlib.internal.bluetooth.le.BlePeerDiscoverer: createAdvertiseData: createAdvertiseDataToServiceData 
02-08 19:30:52.288 30644 30705 I org.thaliproject.p2p.btconnectorlib.internal.bluetooth.le.PeerAdvertisementFactory: createAdvertiseDataToServiceData: Service UUID: "3bde2124-2767-4930-8ad2-05754401b590", Bluetooth MAC address: "BC:75:74:3A:BD:0F"
02-08 19:30:52.289 30644 30705 V org.thaliproject.p2p.btconnectorlib.internal.bluetooth.le.PeerAdvertisementFactory: createAdvertiseDataToServiceData: Service data (length is 7 bytes): 00 BC 75 74 3A BD 0F
02-08 19:30:52.289 30644 30719 W BluetoothAdapter: getBluetoothService() called with no BluetoothManagerCallback
02-08 19:30:52.289 30644 30705 V org.thaliproject.p2p.btconnectorlib.internal.bluetooth.le.PeerAdvertisementFactory: createAdvertiseDataToServiceData: Created: AdvertiseData [mServiceUuids=[3bde2124-2767-4930-8ad2-05754401b590], mManufacturerSpecificData={}, mServiceData={3bde2124-2767-4930-8ad2-05754401b590=[0, -68, 117, 116, 58, -67, 15]}, mIncludeTxPowerLevel=false, mIncludeDeviceName=false]
02-08 19:30:52.290 30644 30705 I org.thaliproject.p2p.btconnectorlib.internal.bluetooth.le.BlePeerDiscoverer: createAdvertiseData: created AdvertiseData [mServiceUuids=[3bde2124-2767-4930-8ad2-05754401b590], mManufacturerSpecificData={}, mServiceData={3bde2124-2767-4930-8ad2-05754401b590=[0, -68, 117, 116, 58, -67, 15]}, mIncludeTxPowerLevel=false, mIncludeDeviceName=false]
02-08 19:30:52.290 30644 30705 D org.thaliproject.p2p.btconnectorlib.internal.bluetooth.le.BleAdvertiser: setAdvertiseData: Current thread: Thread[Thread-5698,5,main], id: 5698
02-08 19:30:52.290 30644 30705 D org.thaliproject.p2p.btconnectorlib.internal.bluetooth.le.BleAdvertiser: setAdvertiseData: AdvertiseData [mServiceUuids=[3bde2124-2767-4930-8ad2-05754401b590], mManufacturerSpecificData={}, mServiceData={3bde2124-2767-4930-8ad2-05754401b590=[0, -68, 117, 116, 58, -67, 15]}, mIncludeTxPowerLevel=false, mIncludeDeviceName=false]. Current thread: Thread[Thread-5698,5,main], id: 5698
02-08 19:30:52.290 30644 30705 D org.thaliproject.p2p.btconnectorlib.internal.bluetooth.le.BleAdvertiser: setAdvertiseData: was started = false
02-08 19:30:52.290 30644 30705 D org.thaliproject.p2p.btconnectorlib.internal.bluetooth.le.BleAdvertiser: setAdvertiseData: advertiseData = AdvertiseData [mServiceUuids=[3bde2124-2767-4930-8ad2-05754401b590], mManufacturerSpecificData={}, mServiceData={3bde2124-2767-4930-8ad2-05754401b590=[0, -68, 117, 116, 58, -67, 15]}, mIncludeTxPowerLevel=false, mIncludeDeviceName=false]
02-08 19:30:52.290 30644 30705 D org.thaliproject.p2p.btconnectorlib.internal.bluetooth.le.BleAdvertiser: setAdvertiseData finished: Current thread: Thread[Thread-5698,5,main], id: 5698
02-08 19:30:52.290 30644 30705 D org.thaliproject.p2p.btconnectorlib.internal.bluetooth.le.BleAdvertiser: start:  state = NOT_STARTEDCurrent thread: Thread[Thread-5698,5,main], id: 5698
02-08 19:30:52.290 30644 30705 I org.thaliproject.p2p.btconnectorlib.internal.bluetooth.le.BleAdvertiser: start: Starting... advertisement data = AdvertiseData [mServiceUuids=[3bde2124-2767-4930-8ad2-05754401b590], mManufacturerSpecificData={}, mServiceData={3bde2124-2767-4930-8ad2-05754401b590=[0, -68, 117, 116, 58, -67, 15]}, mIncludeTxPowerLevel=false, mIncludeDeviceName=false], Current thread: Thread[Thread-5698,5,main], id: 5698
02-08 19:30:52.291 30644 30705 D BluetoothAdapter: STATE_ON
02-08 19:30:52.291 18502 18518 D BtGatt.GattService: onBatchScanStartStopped() - clientIf=5, status=0, startStopAction=0
02-08 19:30:52.291 18502 18518 D BtGatt.ScanManager: callback done for clientIf - 5 status - 0
02-08 19:30:52.291 30644 30719 I org.thaliproject.p2p.btconnectorlib.internal.bluetooth.BluetoothServerThread: Waiting for incoming connections...
02-08 19:30:52.292 18502 18521 D BtGatt.ScanManager: flushPendingBatchResults - clientIf = 5
02-08 19:30:52.294 18502 18559 D BtGatt.GattService: registerClient() - UUID=85ebfe4f-5e39-4579-a264-127e6b5bbf8d
02-08 19:30:52.295 18502 18518 D BtGatt.GattService: onClientRegistered() - UUID=85ebfe4f-5e39-4579-a264-127e6b5bbf8d, clientIf=6
02-08 19:30:52.295 30644 30657 D BluetoothLeAdvertiser: onClientRegistered() - status=0 clientIf=6
02-08 19:30:52.296 18502 18520 D BtGatt.AdvertiseManager: message : 0
02-08 19:30:52.297 18502 18518 D BtGatt.GattService: onBatchScanReports() - clientIf=5, status=0, reportType=2, numRecords=0
02-08 19:30:52.297 18502 18518 D BtGatt.ScanManager: callback done for clientIf - 5 status - 0
02-08 19:30:52.299 18502 18520 D BtGatt.AdvertiseManager: starting multi advertising
02-08 19:30:52.299 18502 18521 D BtGatt.ScanManager: handling starting scan
02-08 19:30:52.308 18502 18518 D BtGatt.GattService: onScanFilterEnableDisabled() - clientIf=5, status=0, action=1
02-08 19:30:52.308 18502 18518 D BtGatt.ScanManager: callback done for clientIf - 5 status - 0
02-08 19:30:52.308 18502 18521 D BtGatt.ScanManager: configureFilterParamter 1500 10000 4 0
02-08 19:30:52.312 18502 18518 D BtGatt.GattService: onAdvertiseInstanceEnabled() - clientIf=6, status=0
02-08 19:30:52.316 18502 18518 D BtGatt.GattService: onScanFilterParamsConfigured() - clientIf=5, status=0, action=0, availableSpace=31
02-08 19:30:52.317 18502 18518 D BtGatt.ScanManager: callback done for clientIf - 5 status - 0
02-08 19:30:52.317 18502 18521 D BtGatt.ScanManager: Starting BLE batch scan
02-08 19:30:52.317 18502 18521 D BtGatt.ScanManager: configuring batch scan storage, appIf 5
02-08 19:30:52.320 18502 18518 D BtGatt.GattService: onAdvertiseDataSet() - clientIf=6, status=0
02-08 19:30:52.321 30644 30705 I org.thaliproject.p2p.btconnectorlib.internal.bluetooth.le.BleAdvertiser: start: Started advertisment Current thread: Thread[Thread-5698,5,main], id: 5698
02-08 19:30:52.321 30644 30705 D org.thaliproject.p2p.btconnectorlib.internal.bluetooth.le.BleAdvertiser: setState: current  = NOT_STARTED, new = STARTINGCurrent thread: Thread[Thread-5698,5,main], id: 5698
02-08 19:30:52.321 30644 30705 D org.thaliproject.p2p.btconnectorlib.internal.bluetooth.le.BleAdvertiser: setState: State changed from NOT_STARTED to STARTING
02-08 19:30:52.322 30644 30705 D org.thaliproject.p2p.btconnectorlib.internal.bluetooth.le.BleAdvertiser: setState: onIsAdvertiserStartedChanged default (no call to listener). Current thread: Thread[Thread-5698,5,main], id: 5698
02-08 19:30:52.322 30644 30705 D org.thaliproject.p2p.btconnectorlib.internal.bluetooth.le.BleAdvertiser: setState: finished Current thread: Thread[Thread-5698,5,main], id: 5698
02-08 19:30:52.322 30644 30705 I org.thaliproject.p2p.btconnectorlib.internal.bluetooth.le.BleAdvertiser: start: return, state = STARTINGCurrent thread: Thread[Thread-5698,5,main], id: 5698
02-08 19:30:52.322 30644 30705 D org.thaliproject.p2p.btconnectorlib.internal.bluetooth.le.BleAdvertiser: start returned: Current thread: Thread[Thread-5698,5,main], id: 5698
02-08 19:30:52.322 30644 30705 D org.thaliproject.p2p.btconnectorlib.internal.bluetooth.le.BlePeerDiscoverer: startAdvertiser started = true Current thread: Thread[Thread-5698,5,main], id: 5698
02-08 19:30:52.322 30644 30705 D org.thaliproject.p2p.btconnectorlib.internal.bluetooth.le.BlePeerDiscoverer: startScannerAndAdvertiser: advertiser is started. Current thread: Thread[Thread-5698,5,main], id: 5698
02-08 19:30:52.322 30644 30705 D org.thaliproject.p2p.btconnectorlib.internal.bluetooth.le.BlePeerDiscoverer: startScanner: Current thread: Thread[Thread-5698,5,main], id: 5698
02-08 19:30:52.322 30644 30705 D org.thaliproject.p2p.btconnectorlib.internal.bluetooth.le.BleScanner: start: Current thread: Thread[Thread-5698,5,main], id: 5698
02-08 19:30:52.322 30644 30705 D org.thaliproject.p2p.btconnectorlib.internal.bluetooth.le.BleScanner: start: Already running
02-08 19:30:52.322 30644 30705 I org.thaliproject.p2p.btconnectorlib.internal.bluetooth.le.BlePeerDiscoverer: startScannerAndAdvertiser: adv = true, disc = true
02-08 19:30:52.322 30644 30705 D org.thaliproject.p2p.btconnectorlib.DiscoveryManager: startBlePeerDiscoverer: OK
02-08 19:30:52.324 30644 30705 I org.thaliproject.p2p.btconnectorlib.DiscoveryManager: start: OK
02-08 19:30:52.324 30644 30705 D org.thaliproject.p2p.btconnectorlib.DiscoveryManager: updateState: Current thread: Thread[Thread-5698,5,main], id: 5698
02-08 19:30:52.325 30644 30705 D org.thaliproject.p2p.btconnectorlib.DiscoveryManager: updateStateInternal Current thread: Thread[Thread-5698,5,main], id: 5698
02-08 19:30:52.325 30644 30705 D org.thaliproject.p2p.btconnectorlib.DiscoveryManager: updateStateInternal finished Current thread: Thread[Thread-5698,5,main], id: 5698
02-08 19:30:52.326 30644 30705 D org.thaliproject.p2p.btconnectorlib.DiscoveryManager: updateState finished Current thread: Thread[Thread-5698,5,main], id: 5698
02-08 19:30:52.326 30644 30705 I io.jxcore.node.ConnectionHelper: start: OK
02-08 19:30:52.326 30644 30644 V io.jxcore.node.StartStopOperation: isTargetState: Connectivity: RUNNING, discovery: RUNNING_BLE, is discovering: true, is advertising: false - Start operation: Should start/stop everything
02-08 19:30:52.326 30644 30644 D org.thaliproject.p2p.btconnectorlib.internal.bluetooth.le.BleScanner: onBatchScanResults: results count  = 2. Current thread: Thread[main,5,main], id: 1
02-08 19:30:52.327 30644 30644 D org.thaliproject.p2p.btconnectorlib.internal.bluetooth.le.BlePeerDiscoverer: checkScanResult: ScanResult{mDevice=24:00:BA:F9:9A:9F, mScanRecord=ScanRecord [mAdvertiseFlags=-1, mServiceUuids=[3bde2124-2767-4930-8ad2-05754401b590], mManufacturerSpecificData={}, mServiceData={00002124-0000-1000-8000-00805f9b34fb=[6, 36, 0, -70, -7, -102, -97]}, mTxPowerLevel=-2147483648, mDeviceName=null], mRssi=-64, mTimestampNanos=5991618235051957}
02-08 19:30:52.327 30644 30705 I jxcore-log: 2017-02-08 16:30:52 - DEBUG thaliWifiInfrastructure: 'listening 42122'
02-08 19:30:52.327 30644 30705 I jxcore-log: 
02-08 19:30:52.327 30644 30644 D org.thaliproject.p2p.btconnectorlib.internal.bluetooth.le.BlePeerDiscoverer: checkScanResult: parsedAdvertisement: [UUID = null, bluetoothMacAddress = 24:00:BA:F9:9A:9F, provideBluetoothMacAddressRequestId = nullextra info = 6]
02-08 19:30:52.327 30644 30644 V org.thaliproject.p2p.btconnectorlib.internal.bluetooth.le.BlePeerDiscoverer: checkScanResult: Resolved advertisement type: ADVERTISEMENT_PEER_PROPERTIES
02-08 19:30:52.328 30644 30644 D org.thaliproject.p2p.btconnectorlib.internal.bluetooth.le.PeerAdvertisementFactory: Parsed advertisment: [UUID = 3bde2124-2767-4930-8ad2-05754401b590, bluetoothMacAddress = 24:00:BA:F9:9A:9F, provideBluetoothMacAddressRequestId = nullextra info = 6]
02-08 19:30:52.328 30644 30644 D org.thaliproject.p2p.btconnectorlib.internal.bluetooth.le.BlePeerDiscoverer: checkScanResult onPeerDiscovered [24:00:BA:F9:9A:9F 6]
02-08 19:30:52.328 30644 30644 D org.thaliproject.p2p.btconnectorlib.internal.bluetooth.le.BlePeerDiscoverer: checkScanResult: ScanResult{mDevice=74:21:30:B8:FC:9B, mScanRecord=ScanRecord [mAdvertiseFlags=-1, mServiceUuids=[3bde2124-2767-4930-8ad2-05754401b590], mManufacturerSpecificData={}, mServiceData={00002124-0000-1000-8000-00805f9b34fb=[6, 36, 0, -70, -7, -102, -97]}, mTxPowerLevel=-2147483648, mDeviceName=null], mRssi=-64, mTimestampNanos=5991618235051957}
02-08 19:30:52.329 30644 30644 D org.thaliproject.p2p.btconnectorlib.internal.bluetooth.le.BlePeerDiscoverer: checkScanResult: parsedAdvertisement: [UUID = null, bluetoothMacAddress = 24:00:BA:F9:9A:9F, provideBluetoothMacAddressRequestId = nullextra info = 6]
02-08 19:30:52.329 30644 30644 V org.thaliproject.p2p.btconnectorlib.internal.bluetooth.le.BlePeerDiscoverer: checkScanResult: Resolved advertisement type: ADVERTISEMENT_PEER_PROPERTIES
02-08 19:30:52.329 30644 30644 D org.thaliproject.p2p.btconnectorlib.internal.bluetooth.le.PeerAdvertisementFactory: Parsed advertisment: [UUID = 3bde2124-2767-4930-8ad2-05754401b590, bluetoothMacAddress = 24:00:BA:F9:9A:9F, provideBluetoothMacAddressRequestId = nullextra info = 6]
02-08 19:30:52.329 30644 30644 D org.thaliproject.p2p.btconnectorlib.internal.bluetooth.le.BlePeerDiscoverer: checkScanResult onPeerDiscovered [24:00:BA:F9:9A:9F 6]
02-08 19:30:52.329 30644 30644 D org.thaliproject.p2p.btconnectorlib.internal.bluetooth.le.BleAdvertiser: onStartSuccess : Current thread: Thread[main,5,main], id: 1
02-08 19:30:52.329 30644 30644 D org.thaliproject.p2p.btconnectorlib.internal.bluetooth.le.BleAdvertiser: setState: current  = STARTING, new = RUNNINGCurrent thread: Thread[main,5,main], id: 1
02-08 19:30:52.329 30644 30644 D org.thaliproject.p2p.btconnectorlib.internal.bluetooth.le.BleAdvertiser: setState: State changed from STARTING to RUNNING
02-08 19:30:52.329 30644 30644 D org.thaliproject.p2p.btconnectorlib.internal.bluetooth.le.BleAdvertiser: notifyAdvertiserStateChanged: started =  true. Current thread: Thread[main,5,main], id: 1
02-08 19:30:52.329 30644 30644 D org.thaliproject.p2p.btconnectorlib.internal.bluetooth.le.BleAdvertiser: setState: finished Current thread: Thread[main,5,main], id: 1
02-08 19:30:52.329 30644 30644 D org.thaliproject.p2p.btconnectorlib.DiscoveryManager: onPeerDiscovered: [24:00:BA:F9:9A:9F 6]
02-08 19:30:52.329 30644 30705 I jxcore-log: 2017-02-08 16:30:52 - INFO nodeSSDPServerLogger: '{ address: 'http://0.0.0.0:1900' } 'SSDP listening''
02-08 19:30:52.329 30644 30705 I jxcore-log: 
02-08 19:30:52.329 30644 30644 V org.thaliproject.p2p.btconnectorlib.utils.PeerModel: addOrUpdateDiscoveredPeer: [24:00:BA:F9:9A:9F 6]
02-08 19:30:52.330 30644 30644 D org.thaliproject.p2p.btconnectorlib.utils.PeerModel: Want to call onPeerAdded. Listeners size = 1
02-08 19:30:52.330 30644 30644 D org.thaliproject.p2p.btconnectorlib.DiscoveryManager: onPeerAdded: [24:00:BA:F9:9A:9F 6]
02-08 19:30:52.330 30644 30644 V org.thaliproject.p2p.btconnectorlib.utils.PeerModel: addOrUpdateDiscoveredPeer: New peer, [24:00:BA:F9:9A:9F 6], added - the peer count is 1
02-08 19:30:52.330 18502 18518 D BtGatt.GattService: onBatchScanStorageConfigured() - clientIf=5, status=0
02-08 19:30:52.330 18502 18518 D BtGatt.ScanManager: callback done for clientIf - 5 status - 0
02-08 19:30:52.330 30644 30644 D org.thaliproject.p2p.btconnectorlib.DiscoveryManager: onPeerDiscovered: [24:00:BA:F9:9A:9F 6]
02-08 19:30:52.330 30644 30644 V org.thaliproject.p2p.btconnectorlib.utils.PeerModel: addOrUpdateDiscoveredPeer: [24:00:BA:F9:9A:9F 6]
02-08 19:30:52.330 30644 30705 I jxcore-log: 2017-02-08 16:30:52 - INFO nodeSSDPServerLogger: 'UDP socket bound'
02-08 19:30:52.330 30644 30705 I jxcore-log: 
02-08 19:30:52.330 30644 30644 D org.thaliproject.p2p.btconnectorlib.utils.PeerModel: has more info: false,  extra info differs: false
02-08 19:30:52.331 30644 30644 V org.thaliproject.p2p.btconnectorlib.utils.PeerModel: addOrUpdateDiscoveredPeer: Timestamp of peer [24:00:BA:F9:9A:9F 6] updated - the peer count is 1
02-08 19:30:52.331 30644 30644 I org.thaliproject.p2p.btconnectorlib.internal.bluetooth.le.BlePeerDiscoverer: onIsAdvertiserStartedChanged: trueCurrent thread: Thread[main,5,main], id: 1
02-08 19:30:52.331 30644 30644 D org.thaliproject.p2p.btconnectorlib.internal.bluetooth.le.BlePeerDiscoverer: updateState : Current thread: Thread[main,5,main], id: 1
02-08 19:30:52.331 30644 30644 D org.thaliproject.p2p.btconnectorlib.internal.bluetooth.le.BlePeerDiscoverer: updateState: deducedStateSet: [SCANNING, ADVERTISING]
02-08 19:30:52.331 30644 30644 D org.thaliproject.p2p.btconnectorlib.internal.bluetooth.le.BlePeerDiscoverer: updateState: stateSet: [SCANNING]
02-08 19:30:52.331 30644 30644 D org.thaliproject.p2p.btconnectorlib.internal.bluetooth.le.BlePeerDiscoverer: Current thread: Thread[main,5,main], id: 1
02-08 19:30:52.331 30644 30644 D org.thaliproject.p2p.btconnectorlib.internal.bluetooth.le.BlePeerDiscoverer: updateState: State changed from [SCANNING] to [SCANNING, ADVERTISING]Current thread: Thread[main,5,main], id: 1
02-08 19:30:52.331 30644 30644 D org.thaliproject.p2p.btconnectorlib.internal.bluetooth.le.BlePeerDiscoverer: update state finished. Current thread: Thread[main,5,main], id: 1
02-08 19:30:52.331 30644 30644 I io.jxcore.node.ConnectionHelper: onPeerDiscovered: [24:00:BA:F9:9A:9F 6], Bluetooth address: 24:00:BA:F9:9A:9F, device name: 'null', device address: 'null'
02-08 19:30:52.333 30644 30644 I org.thaliproject.p2p.btconnectorlib.DiscoveryManager: onBlePeerDiscovererStateChanged: [SCANNING] -> [SCANNING, ADVERTISING] Current thread: Thread[main,5,main], id: 1
02-08 19:30:52.333 30644 30644 D org.thaliproject.p2p.btconnectorlib.DiscoveryManager: updateState: Current thread: Thread[main,5,main], id: 1
02-08 19:30:52.336 30644 30644 D org.thaliproject.p2p.btconnectorlib.DiscoveryManager: updateStateInternal Current thread: Thread[main,5,main], id: 1
02-08 19:30:52.336 30644 30644 D org.thaliproject.p2p.btconnectorlib.DiscoveryManager: updateState: State: RUNNING_BLE, is discovering: true, is advertising: true
02-08 19:30:52.336 18502 18518 D BtGatt.GattService: onBatchScanStartStopped() - clientIf=5, status=0, startStopAction=1
02-08 19:30:52.336 18502 18518 D BtGatt.ScanManager: callback done for clientIf - 5 status - 0
02-08 19:30:52.336 30644 30644 D org.thaliproject.p2p.btconnectorlib.DiscoveryManager: updateStateInternal finished Current thread: Thread[main,5,main], id: 1
02-08 19:30:52.336 30644 30644 D org.thaliproject.p2p.btconnectorlib.DiscoveryManager: updateState finished Current thread: Thread[main,5,main], id: 1
02-08 19:30:52.336 30644 30644 I io.jxcore.node.ConnectionHelper: onDiscoveryManagerStateChanged: State: RUNNING_BLE, is discovering: true, is advertising: true
02-08 19:30:52.337 30644 30705 I jxcore-log: 2017-02-08 16:30:52 - INFO nodeSSDPServerLogger: 'Socket bound'
02-08 19:30:52.337 30644 30705 I jxcore-log: 
02-08 19:30:52.339 30644 30705 I jxcore-log: 2017-02-08 16:30:52 - DEBUG thaliMobileNativeWrapper: 'Received peerAvailabilityChanged event from native layer [{"peerIdentifier":"24:00:BA:F9:9A:9F","generation":6,"peerAvailable":true}]'
02-08 19:30:52.339 30644 30705 I jxcore-log: 
02-08 19:30:52.340 30644 30705 I jxcore-log: 2017-02-08 16:30:52 - DEBUG thaliMobileNativeWrapper: 'Received peer availability changed event with {"peerIdentifier":"24:00:BA:F9:9A:9F","generation":6,"peerAvailable":true}'
02-08 19:30:52.340 30644 30705 I jxcore-log: 
02-08 19:30:52.343 30644 30705 I jxcore-log: 2017-02-08 16:30:52 - DEBUG createPeerListener: 'creating new server for 24:00:BA:F9:9A:9F'
02-08 19:30:52.343 30644 30705 I jxcore-log: 
02-08 19:30:52.347 30644 30705 I jxcore-log: 2017-02-08 16:30:52 - DEBUG createPeerListener: 'Node TCP/IP listener (server) for 24:00:BA:F9:9A:9F listening on 37159'
02-08 19:30:52.347 30644 30705 I jxcore-log: 
02-08 19:30:52.348 30644 30705 I jxcore-log: 2017-02-08 16:30:52 - DEBUG thaliMobileNativeWrapper: 'handlePeerAvailabilityChanged - Emitting {"peerIdentifier":"24:00:BA:F9:9A:9F","peerAvailable":true,"generation":6,"portNumber":37159}'
02-08 19:30:52.348 30644 30705 I jxcore-log: 
02-08 19:30:52.350 30644 30705 I jxcore-log: 2017-02-08 16:30:52 - DEBUG thaliMobile: 'Emitting peerAvailabilityChanged from handlePeer {"peerIdentifier":"24:00:BA:F9:9A:9F","connectionType":"AndroidBluetooth","peerAvailable":true,"generation":6,"newAddressPort":false}'
02-08 19:30:52.350 30644 30705 I jxcore-log: 
02-08 19:30:52.379 30644 30705 I jxcore-log: 2017-02-08 16:30:52 - DEBUG thaliWifiInfrastructure: 'Emitting wifiPeerAvailabilityChanged {"peerIdentifier":"e2b32dbd-7900-4208-b601-49a6e5434ae0","generation":0,"hostAddress":"192.168.2.5","portNumber":44372}'
02-08 19:30:52.379 30644 30705 I jxcore-log: 
02-08 19:30:52.380 30644 30705 I jxcore-log: 2017-02-08 16:30:52 - DEBUG thaliMobile: 'Emitting peerAvailabilityChanged from handlePeer {"peerIdentifier":"e2b32dbd-7900-4208-b601-49a6e5434ae0","connectionType":"tcp","peerAvailable":true,"generation":0,"newAddressPort":false}'
02-08 19:30:52.380 30644 30705 I jxcore-log: 
02-08 19:30:52.390 30644 30705 I jxcore-log: 2017-02-08 16:30:52 - DEBUG createPeerListener: 'Issuing callNative for 24:00:BA:F9:9A:9F'
02-08 19:30:52.390 30644 30705 I jxcore-log: 
02-08 19:30:52.392 30644 30705 D io.jxcore.node.JXcoreExtension: connect: 24:00:BA:F9:9A:9F
02-08 19:30:52.392 30644 30705 I io.jxcore.node.ConnectionHelper: connect: Trying to connect to peer with ID 24:00:BA:F9:9A:9F
02-08 19:30:52.392 30644 30705 I org.thaliproject.p2p.btconnectorlib.ConnectionManager: connect: [24:00:BA:F9:9A:9F 6]
02-08 19:30:52.394 30644 30705 I org.thaliproject.p2p.btconnectorlib.internal.bluetooth.BluetoothConnector: connect: Trying to start connecting to XYZ in address 24:00:BA:F9:9A:9F
02-08 19:30:52.394 30644 30705 I org.thaliproject.p2p.btconnectorlib.internal.bluetooth.BluetoothClientThread: setInsecureRfcommSocketPortNumber: Using port -1
02-08 19:30:52.394 30644 30705 I org.thaliproject.p2p.btconnectorlib.internal.bluetooth.BluetoothClientThread: setMaxNumberOfRetries: 0
02-08 19:30:52.395 30644 30705 I org.thaliproject.p2p.btconnectorlib.ConnectionManager: onConnecting: XYZ 24:00:BA:F9:9A:9F
02-08 19:30:52.395 30644 30705 D org.thaliproject.p2p.btconnectorlib.internal.bluetooth.BluetoothConnector: connect: Started connecting to XYZ in address 24:00:BA:F9:9A:9F
02-08 19:30:52.395 30644 30705 I io.jxcore.node.ConnectionHelper: connect: Connection process successfully started (peer ID: 24:00:BA:F9:9A:9F)
02-08 19:30:52.396 30644 30720 I org.thaliproject.p2p.btconnectorlib.internal.bluetooth.BluetoothClientThread: Trying to connect to peer with address 24:00:BA:F9:9A:9F (thread ID: 5700)
02-08 19:30:52.396 30644 30720 D org.thaliproject.p2p.btconnectorlib.internal.bluetooth.BluetoothClientThread: tryToConnect:  socketConnectSucceeded = false, mIsShuttingDown = false
02-08 19:30:52.396 30644 30720 D org.thaliproject.p2p.btconnectorlib.internal.bluetooth.BluetoothClientThread:  createSocketAndConnect: socket closed
02-08 19:30:52.396 30644 30720 D org.thaliproject.p2p.btconnectorlib.internal.bluetooth.BluetoothClientThread:  createSocketAndConnect: SYSTEM_DECIDED_INSECURE_RFCOMM_SOCKET_PORT
02-08 19:30:52.396 30644 30720 E org.thaliproject.p2p.btconnectorlib.internal.bluetooth.BluetoothClientThread:  createSocketAndConnect: connecting
02-08 19:30:52.397 30644 30720 W BluetoothAdapter: getBluetoothService() called with no BluetoothManagerCallback
02-08 19:30:52.453 30644 30705 I jxcore-log: 2017-02-08 16:30:52 - DEBUG thaliPeerPoolDefault: 'Got err   Could not establish TCP connection'
02-08 19:30:52.453 30644 30705 I jxcore-log: 
02-08 19:30:52.469 30644 30705 I jxcore-log: 2017-02-08 16:30:52 - DEBUG thaliWifiInfrastructure: 'Emitting wifiPeerAvailabilityChanged {"peerIdentifier":"ffb16151-8335-49bc-a0c8-b1cb5f128557","generation":0,"hostAddress":"192.168.2.2","portNumber":41566}'
02-08 19:30:52.469 30644 30705 I jxcore-log: 
02-08 19:30:52.470 30644 30705 I jxcore-log: 2017-02-08 16:30:52 - DEBUG thaliMobile: 'Emitting peerAvailabilityChanged from handlePeer {"peerIdentifier":"ffb16151-8335-49bc-a0c8-b1cb5f128557","connectionType":"tcp","peerAvailable":true,"generation":0,"newAddressPort":false}'
02-08 19:30:52.470 30644 30705 I jxcore-log: 
02-08 19:30:52.510 30644 30705 I jxcore-log: 2017-02-08 16:30:52 - DEBUG thaliPeerPoolDefault: 'Got err   Could not establish TCP connection'
02-08 19:30:52.510 30644 30705 I jxcore-log: 
02-08 19:30:52.721 30644 30705 I jxcore-log: 2017-02-08 16:30:52 - DEBUG thaliPeerPoolDefault: 'Got err   Could not establish TCP connection'
02-08 19:30:52.721 30644 30705 I jxcore-log: 
02-08 19:30:52.750 30644 30705 I jxcore-log: 2017-02-08 16:30:52 - DEBUG thaliPeerPoolDefault: 'Got err   Could not establish TCP connection'
02-08 19:30:52.750 30644 30705 I jxcore-log: 
02-08 19:30:52.836 30644 30644 V io.jxcore.node.ConnectionHelper: Notifying discovery manager state change: is discovering: true, is advertising: true
02-08 19:30:52.836 30644 30644 V io.jxcore.node.StartStopOperation: isTargetState: Connectivity: RUNNING, discovery: RUNNING_BLE, is discovering: true, is advertising: true - Start operation: Should start/stop everything
02-08 19:30:52.836 30644 30644 D io.jxcore.node.StartStopOperationHandler: processCurrentOperationStatus: Operation successfully executed
02-08 19:30:52.839 18502 18502 D BtGatt.ScanManager: awakened up at time 5991618796
02-08 19:30:52.841 18502 18521 D BtGatt.ScanManager: flushPendingBatchResults - clientIf = 5
02-08 19:30:52.844 30644 30705 I jxcore-log: 2017-02-08 16:30:52 - DEBUG thaliMobileNativeWrapper: 'discoveryAdvertisingStateUpdateNonTCP: {"discoveryActive":true,"advertisingActive":true}'
02-08 19:30:52.844 30644 30705 I jxcore-log: 
02-08 19:30:52.848 30644 30705 I jxcore-log: 2017-02-08 16:30:52 - DEBUG thaliManager: 'starting thaliSendNotificationBasedOnReplication'
02-08 19:30:52.848 30644 30705 I jxcore-log: 
02-08 19:30:52.866 18502 18518 D BtGatt.GattService: onBatchScanReports() - clientIf=5, status=0, reportType=2, numRecords=3
02-08 19:30:52.866 18502 18518 D BtGatt.ScanManager: callback done for clientIf - 5 status - 0
02-08 19:30:52.867 18502 18518 D BtGatt.GattService: current time is 5991618824597581
02-08 19:30:52.867 18502 18518 D BtGatt.GattService: Batch record : [66, 59, -22, -5, 2, 77, 1, -128, -62, 10, 0, 29, 17, 7, -112, -75, 1, 68, 117, 5, -46, -118, 48, 73, 103, 39, 36, 33, -34, 59, 10, 22, 36, 33, 6, -68, 117, 116, 58, -68, -8, 0, -8, -68, 58, 116, 117, -68, 0, -128, -62, 10, 0, 29, 17, 7, -112, -75, 1, 68, 117, 5, -46, -118, 48, 73, 103, 39, 36, 33, -34, 59, 10, 22, 36, 33, 6, -68, 117, 116, 58, -68, -8, 0, -97, -102, -7, -70, 0, 36, 0, -128, -65, 10, 0, 29, 17, 7, -112, -75, 1, 68, 117, 5, -46, -118, 48, 73, 103, 39, 36, 33, -34, 59, 10, 22, 36, 33, 0, 36, 0, -70, -7, -102, -97, 0]
02-08 19:30:52.867 18502 18518 D BtGatt.GattService: ScanRecord : [17, 7, -112, -75, 1, 68, 117, 5, -46, -118, 48, 73, 103, 39, 36, 33, -34, 59, 10, 22, 36, 33, 6, -68, 117, 116, 58, -68, -8]
02-08 19:30:52.867 18502 18518 D BtGatt.GattService: ScanRecord : [17, 7, -112, -75, 1, 68, 117, 5, -46, -118, 48, 73, 103, 39, 36, 33, -34, 59, 10, 22, 36, 33, 6, -68, 117, 116, 58, -68, -8]
02-08 19:30:52.867 18502 18518 D BtGatt.GattService: ScanRecord : [17, 7, -112, -75, 1, 68, 117, 5, -46, -118, 48, 73, 103, 39, 36, 33, -34, 59, 10, 22, 36, 33, 0, 36, 0, -70, -7, -102, -97]
02-08 19:30:52.869 30644 30644 D org.thaliproject.p2p.btconnectorlib.internal.bluetooth.le.BleScanner: onBatchScanResults: results count  = 3. Current thread: Thread[main,5,main], id: 1
02-08 19:30:52.869 30644 30644 D org.thaliproject.p2p.btconnectorlib.internal.bluetooth.le.BlePeerDiscoverer: checkScanResult: ScanResult{mDevice=BC:75:74:3A:BC:F8, mScanRecord=ScanRecord [mAdvertiseFlags=-1, mServiceUuids=[3bde2124-2767-4930-8ad2-05754401b590], mManufacturerSpecificData={}, mServiceData={00002124-0000-1000-8000-00805f9b34fb=[6, -68, 117, 116, 58, -68, -8]}, mTxPowerLevel=-2147483648, mDeviceName=null], mRssi=-62, mTimestampNanos=5991618324845186}
02-08 19:30:52.869 30644 30644 D org.thaliproject.p2p.btconnectorlib.internal.bluetooth.le.BlePeerDiscoverer: checkScanResult: parsedAdvertisement: [UUID = null, bluetoothMacAddress = BC:75:74:3A:BC:F8, provideBluetoothMacAddressRequestId = nullextra info = 6]
02-08 19:30:52.869 30644 30644 V org.thaliproject.p2p.btconnectorlib.internal.bluetooth.le.BlePeerDiscoverer: checkScanResult: Resolved advertisement type: ADVERTISEMENT_PEER_PROPERTIES
02-08 19:30:52.869 30644 30644 D org.thaliproject.p2p.btconnectorlib.internal.bluetooth.le.PeerAdvertisementFactory: Parsed advertisment: [UUID = 3bde2124-2767-4930-8ad2-05754401b590, bluetoothMacAddress = BC:75:74:3A:BC:F8, provideBluetoothMacAddressRequestId = nullextra info = 6]
02-08 19:30:52.870 30644 30644 D org.thaliproject.p2p.btconnectorlib.internal.bluetooth.le.BlePeerDiscoverer: checkScanResult onPeerDiscovered [BC:75:74:3A:BC:F8 6]
02-08 19:30:52.870 30644 30644 D org.thaliproject.p2p.btconnectorlib.internal.bluetooth.le.BlePeerDiscoverer: checkScanResult: ScanResult{mDevice=4D:02:FB:EA:3B:42, mScanRecord=ScanRecord [mAdvertiseFlags=-1, mServiceUuids=[3bde2124-2767-4930-8ad2-05754401b590], mManufacturerSpecificData={}, mServiceData={00002124-0000-1000-8000-00805f9b34fb=[6, -68, 117, 116, 58, -68, -8]}, mTxPowerLevel=-2147483648, mDeviceName=null], mRssi=-62, mTimestampNanos=5991618324845186}
02-08 19:30:52.870 30644 30644 D org.thaliproject.p2p.btconnectorlib.internal.bluetooth.le.BlePeerDiscoverer: checkScanResult: parsedAdvertisement: [UUID = null, bluetoothMacAddress = BC:75:74:3A:BC:F8, provideBluetoothMacAddressRequestId = nullextra info = 6]
02-08 19:30:52.870 30644 30644 V org.thaliproject.p2p.btconnectorlib.internal.bluetooth.le.BlePeerDiscoverer: checkScanResult: Resolved advertisement type: ADVERTISEMENT_PEER_PROPERTIES
02-08 19:30:52.870 30644 30644 D org.thaliproject.p2p.btconnectorlib.internal.bluetooth.le.PeerAdvertisementFactory: Parsed advertisment: [UUID = 3bde2124-2767-4930-8ad2-05754401b590, bluetoothMacAddress = BC:75:74:3A:BC:F8, provideBluetoothMacAddressRequestId = nullextra info = 6]
02-08 19:30:52.870 30644 30644 D org.thaliproject.p2p.btconnectorlib.internal.bluetooth.le.BlePeerDiscoverer: checkScanResult onPeerDiscovered [BC:75:74:3A:BC:F8 6]
02-08 19:30:52.870 30644 30644 D org.thaliproject.p2p.btconnectorlib.internal.bluetooth.le.BlePeerDiscoverer: checkScanResult: ScanResult{mDevice=24:00:BA:F9:9A:9F, mScanRecord=ScanRecord [mAdvertiseFlags=-1, mServiceUuids=[3bde2124-2767-4930-8ad2-05754401b590], mManufacturerSpecificData={}, mServiceData={00002124-0000-1000-8000-00805f9b34fb=[0, 36, 0, -70, -7, -102, -97]}, mTxPowerLevel=-2147483648, mDeviceName=null], mRssi=-65, mTimestampNanos=5991618324845186}
02-08 19:30:52.871 30644 30644 D org.thaliproject.p2p.btconnectorlib.internal.bluetooth.le.BlePeerDiscoverer: checkScanResult: parsedAdvertisement: [UUID = null, bluetoothMacAddress = 24:00:BA:F9:9A:9F, provideBluetoothMacAddressRequestId = nullextra info = 0]
02-08 19:30:52.871 30644 30644 V org.thaliproject.p2p.btconnectorlib.internal.bluetooth.le.BlePeerDiscoverer: checkScanResult: Resolved advertisement type: ADVERTISEMENT_PEER_PROPERTIES
02-08 19:30:52.872 30644 30644 D org.thaliproject.p2p.btconnectorlib.internal.bluetooth.le.PeerAdvertisementFactory: Parsed advertisment: [UUID = 3bde2124-2767-4930-8ad2-05754401b590, bluetoothMacAddress = 24:00:BA:F9:9A:9F, provideBluetoothMacAddressRequestId = nullextra info = 0]
02-08 19:30:52.872 30644 30644 D org.thaliproject.p2p.btconnectorlib.internal.bluetooth.le.BlePeerDiscoverer: checkScanResult onPeerDiscovered [24:00:BA:F9:9A:9F 0]
02-08 19:30:52.872 30644 30644 D org.thaliproject.p2p.btconnectorlib.DiscoveryManager: onPeerDiscovered: [BC:75:74:3A:BC:F8 6]
02-08 19:30:52.872 30644 30644 V org.thaliproject.p2p.btconnectorlib.utils.PeerModel: addOrUpdateDiscoveredPeer: [BC:75:74:3A:BC:F8 6]
02-08 19:30:52.872 30644 30644 D org.thaliproject.p2p.btconnectorlib.utils.PeerModel: Want to call onPeerAdded. Listeners size = 1
02-08 19:30:52.872 30644 30644 D org.thaliproject.p2p.btconnectorlib.DiscoveryManager: onPeerAdded: [BC:75:74:3A:BC:F8 6]
02-08 19:30:52.872 30644 30644 V org.thaliproject.p2p.btconnectorlib.utils.PeerModel: addOrUpdateDiscoveredPeer: New peer, [BC:75:74:3A:BC:F8 6], added - the peer count is 2
02-08 19:30:52.872 30644 30644 D org.thaliproject.p2p.btconnectorlib.DiscoveryManager: onPeerDiscovered: [BC:75:74:3A:BC:F8 6]
02-08 19:30:52.872 30644 30644 V org.thaliproject.p2p.btconnectorlib.utils.PeerModel: addOrUpdateDiscoveredPeer: [BC:75:74:3A:BC:F8 6]
02-08 19:30:52.872 30644 30644 D org.thaliproject.p2p.btconnectorlib.utils.PeerModel: has more info: false,  extra info differs: false
02-08 19:30:52.872 30644 30644 V org.thaliproject.p2p.btconnectorlib.utils.PeerModel: addOrUpdateDiscoveredPeer: Timestamp of peer [BC:75:74:3A:BC:F8 6] updated - the peer count is 2
02-08 19:30:52.872 30644 30644 D org.thaliproject.p2p.btconnectorlib.DiscoveryManager: onPeerDiscovered: [24:00:BA:F9:9A:9F 0]
02-08 19:30:52.873 30644 30644 V org.thaliproject.p2p.btconnectorlib.utils.PeerModel: addOrUpdateDiscoveredPeer: [24:00:BA:F9:9A:9F 0]
02-08 19:30:52.873 30644 30644 D org.thaliproject.p2p.btconnectorlib.utils.PeerModel: has more info: false,  extra info differs: true
02-08 19:30:52.873 30644 30644 D org.thaliproject.p2p.btconnectorlib.utils.PeerModel: Want to call onPeerUpdated. Listeners size = 1
02-08 19:30:52.873 30644 30644 D org.thaliproject.p2p.btconnectorlib.DiscoveryManager: onPeerUpdated: [24:00:BA:F9:9A:9F 0]
02-08 19:30:52.873 30644 30644 V org.thaliproject.p2p.btconnectorlib.utils.PeerModel: addOrUpdateDiscoveredPeer: Timestamp of peer [24:00:BA:F9:9A:9F 0] updated - the peer count is 2
02-08 19:30:52.873 30644 30644 I io.jxcore.node.ConnectionHelper: onPeerDiscovered: [BC:75:74:3A:BC:F8 6], Bluetooth address: BC:75:74:3A:BC:F8, device name: 'null', device address: 'null'
02-08 19:30:52.873 30644 30644 I io.jxcore.node.ConnectionHelper: onPeerUpdated: [24:00:BA:F9:9A:9F 0], device name: 'null', device address: 'null'
02-08 19:30:52.953 30644 30705 D io.jxcore.node.JXcoreExtension: startUpdateAdvertisingAndListening
02-08 19:30:52.956 30644 30705 I io.jxcore.node.ConnectionHelper: start: Port number: 48919, start advertisements: true
02-08 19:30:52.956 30644 30705 V io.jxcore.node.ConnectivityMonitor: start: Already started
02-08 19:30:52.956 30644 30705 I io.jxcore.node.StartStopOperationHandler: updateBeaconAdExtraInformation: New value: 1
02-08 19:30:52.957 30644 30705 I org.thaliproject.p2p.btconnectorlib.DiscoveryManagerSettings: setBeaconAdExtraInformation: 0 -> 1
02-08 19:30:52.957 30644 30705 I org.thaliproject.p2p.btconnectorlib.internal.AbstractBluetoothConnectivityAgent: clearIdentityString
02-08 19:30:52.960 30644 30705 I org.thaliproject.p2p.btconnectorlib.internal.AbstractBluetoothConnectivityAgent: verifyIdentityString: Identity string created: {"generation":1,"address":"BC:75:74:3A:BD:0F"}
02-08 19:30:52.960 30644 30705 D org.thaliproject.p2p.btconnectorlib.internal.bluetooth.BluetoothConnector: setIdentityString: {"generation":1,"address":"BC:75:74:3A:BD:0F"}
02-08 19:30:52.960 30644 30705 D org.thaliproject.p2p.btconnectorlib.DiscoveryManager: onAdvertiseScanSettingsChanged: Current thread: Thread[Thread-5698,5,main], id: 5698
02-08 19:30:52.961 30644 30705 I org.thaliproject.p2p.btconnectorlib.internal.bluetooth.le.BlePeerDiscoverer: applySettings:
02-08 19:30:52.961 30644 30705 I org.thaliproject.p2p.btconnectorlib.internal.bluetooth.le.BlePeerDiscoverer:     - Manufacturer ID: 61973
02-08 19:30:52.961 30644 30705 I org.thaliproject.p2p.btconnectorlib.internal.bluetooth.le.BlePeerDiscoverer:     - Beacon ad length and type: 533
02-08 19:30:52.961 30644 30705 I org.thaliproject.p2p.btconnectorlib.internal.bluetooth.le.BlePeerDiscoverer:     - Beacon ad extra information: 1
02-08 19:30:52.961 30644 30705 I org.thaliproject.p2p.btconnectorlib.internal.bluetooth.le.BlePeerDiscoverer:     - Advertisement data type: DO_NOT_CARE
02-08 19:30:52.961 30644 30705 I org.thaliproject.p2p.btconnectorlib.internal.bluetooth.le.BlePeerDiscoverer:     - Advertise mode: 2
02-08 19:30:52.961 30644 30705 I org.thaliproject.p2p.btconnectorlib.internal.bluetooth.le.BlePeerDiscoverer:     - Advertise TX power level: 3
02-08 19:30:52.961 30644 30705 I org.thaliproject.p2p.btconnectorlib.internal.bluetooth.le.BlePeerDiscoverer:     - Scan mode: 2
02-08 19:30:52.961 30644 30705 I org.thaliproject.p2p.btconnectorlib.internal.bluetooth.le.BlePeerDiscoverer:     - Scan report delay in milliseconds: 500
02-08 19:30:52.961 30644 30705 I org.thaliproject.p2p.btconnectorlib.internal.bluetooth.le.BlePeerDiscoverer:     - Current thread: Thread[Thread-5698,5,main], id: 5698
02-08 19:30:52.961 30644 30705 D org.thaliproject.p2p.btconnectorlib.internal.bluetooth.le.BlePeerDiscoverer: Beacon extra: 1
02-08 19:30:52.961 30644 30705 D org.thaliproject.p2p.btconnectorlib.internal.bluetooth.le.BlePeerDiscoverer: applySettings: advertiserWasStarted true Current thread: Thread[Thread-5698,5,main], id: 5698
02-08 19:30:52.961 30644 30705 D org.thaliproject.p2p.btconnectorlib.internal.bluetooth.le.BlePeerDiscoverer: applySettings: stop advertiser Current thread: Thread[Thread-5698,5,main], id: 5698
02-08 19:30:52.961 30644 30705 D org.thaliproject.p2p.btconnectorlib.internal.bluetooth.le.BleAdvertiser: stop. Current thread: Thread[Thread-5698,5,main], id: 5698
02-08 19:30:52.964 18502 18520 D BtGatt.AdvertiseManager: message : 1
02-08 19:30:52.964 18502 18520 D BtGatt.AdvertiseManager: stop advertise for client 6
02-08 19:30:52.970 18502 18518 D BtGatt.GattService: onAdvertiseInstanceDisabled() - clientIf=6, status=0
02-08 19:30:52.970 18502 18518 D BtGatt.GattService: Client app is not null!
02-08 19:30:52.971 18502 14690 D BtGatt.GattService: unregisterClient() - clientIf=6
02-08 19:30:52.972 30644 30705 D org.thaliproject.p2p.btconnectorlib.internal.bluetooth.le.BleAdvertiser: stop: Stopped
02-08 19:30:52.972 30644 30705 D org.thaliproject.p2p.btconnectorlib.internal.bluetooth.le.BleAdvertiser: setState: current  = RUNNING, new = NOT_STARTEDCurrent thread: Thread[Thread-5698,5,main], id: 5698
02-08 19:30:52.972 30644 30705 D org.thaliproject.p2p.btconnectorlib.internal.bluetooth.le.BleAdvertiser: setState: State changed from RUNNING to NOT_STARTED
02-08 19:30:52.972 30644 30705 D org.thaliproject.p2p.btconnectorlib.internal.bluetooth.le.BleAdvertiser: setState: finished Current thread: Thread[Thread-5698,5,main], id: 5698
02-08 19:30:52.972 30644 30705 D org.thaliproject.p2p.btconnectorlib.internal.bluetooth.le.BleAdvertiser: stop finished. Current thread: Thread[Thread-5698,5,main], id: 5698
02-08 19:30:52.972 30644 30705 D org.thaliproject.p2p.btconnectorlib.internal.bluetooth.le.BleAdvertiser: setAdvertiseSettings, Current thread: Thread[Thread-5698,5,main], id: 5698
02-08 19:30:52.972 30644 30705 I org.thaliproject.p2p.btconnectorlib.internal.bluetooth.le.BleAdvertiser: setAdvertiseSettings: Mode: 2, Tx power level: 3, timeout: 0, is connectable: false
02-08 19:30:52.972 30644 30705 D org.thaliproject.p2p.btconnectorlib.internal.bluetooth.le.BlePeerDiscoverer: applySettings: start advertiser Current thread: Thread[Thread-5698,5,main], id: 5698
02-08 19:30:52.972 30644 30705 D org.thaliproject.p2p.btconnectorlib.internal.bluetooth.le.BlePeerDiscoverer: startAdvertiser: Current thread: Thread[Thread-5698,5,main], id: 5698
02-08 19:30:52.972 30644 30705 D org.thaliproject.p2p.btconnectorlib.internal.bluetooth.le.BlePeerDiscoverer: stopPeerAddressHelperAdvertiser Current thread: Thread[Thread-5698,5,main], id: 5698
02-08 19:30:52.972 30644 30705 I org.thaliproject.p2p.btconnectorlib.internal.bluetooth.le.BlePeerDiscoverer: startAdvertiser: Starting...
02-08 19:30:52.972 30644 30705 D org.thaliproject.p2p.btconnectorlib.internal.bluetooth.le.BlePeerDiscoverer: createAdvertiseData: createAdvertiseDataToServiceData 
02-08 19:30:52.972 30644 30705 I org.thaliproject.p2p.btconnectorlib.internal.bluetooth.le.PeerAdvertisementFactory: createAdvertiseDataToServiceData: Service UUID: "3bde2124-2767-4930-8ad2-05754401b590", Bluetooth MAC address: "BC:75:74:3A:BD:0F"
02-08 19:30:52.973 30644 30705 V org.thaliproject.p2p.btconnectorlib.internal.bluetooth.le.PeerAdvertisementFactory: createAdvertiseDataToServiceData: Service data (length is 7 bytes): 01 BC 75 74 3A BD 0F
02-08 19:30:52.973 30644 30705 V org.thaliproject.p2p.btconnectorlib.internal.bluetooth.le.PeerAdvertisementFactory: createAdvertiseDataToServiceData: Created: AdvertiseData [mServiceUuids=[3bde2124-2767-4930-8ad2-05754401b590], mManufacturerSpecificData={}, mServiceData={3bde2124-2767-4930-8ad2-05754401b590=[1, -68, 117, 116, 58, -67, 15]}, mIncludeTxPowerLevel=false, mIncludeDeviceName=false]
02-08 19:30:52.973 30644 30705 I org.thaliproject.p2p.btconnectorlib.internal.bluetooth.le.BlePeerDiscoverer: createAdvertiseData: created AdvertiseData [mServiceUuids=[3bde2124-2767-4930-8ad2-05754401b590], mManufacturerSpecificData={}, mServiceData={3bde2124-2767-4930-8ad2-05754401b590=[1, -68, 117, 116, 58, -67, 15]}, mIncludeTxPowerLevel=false, mIncludeDeviceName=false]
02-08 19:30:52.973 30644 30705 D org.thaliproject.p2p.btconnectorlib.internal.bluetooth.le.BleAdvertiser: setAdvertiseData: Current thread: Thread[Thread-5698,5,main], id: 5698
02-08 19:30:52.973 30644 30705 D org.thaliproject.p2p.btconnectorlib.internal.bluetooth.le.BleAdvertiser: setAdvertiseData: AdvertiseData [mServiceUuids=[3bde2124-2767-4930-8ad2-05754401b590], mManufacturerSpecificData={}, mServiceData={3bde2124-2767-4930-8ad2-05754401b590=[1, -68, 117, 116, 58, -67, 15]}, mIncludeTxPowerLevel=false, mIncludeDeviceName=false]. Current thread: Thread[Thread-5698,5,main], id: 5698
02-08 19:30:52.973 30644 30705 D org.thaliproject.p2p.btconnectorlib.internal.bluetooth.le.BleAdvertiser: setAdvertiseData: was started = false
02-08 19:30:52.973 30644 30705 D org.thaliproject.p2p.btconnectorlib.internal.bluetooth.le.BleAdvertiser: setAdvertiseData: advertiseData = AdvertiseData [mServiceUuids=[3bde2124-2767-4930-8ad2-05754401b590], mManufacturerSpecificData={}, mServiceData={3bde2124-2767-4930-8ad2-05754401b590=[1, -68, 117, 116, 58, -67, 15]}, mIncludeTxPowerLevel=false, mIncludeDeviceName=false]
02-08 19:30:52.973 30644 30705 D org.thaliproject.p2p.btconnectorlib.internal.bluetooth.le.BleAdvertiser: setAdvertiseData finished: Current thread: Thread[Thread-5698,5,main], id: 5698
02-08 19:30:52.973 30644 30705 D org.thaliproject.p2p.btconnectorlib.internal.bluetooth.le.BleAdvertiser: start:  state = NOT_STARTEDCurrent thread: Thread[Thread-5698,5,main], id: 5698
02-08 19:30:52.973 30644 30705 I org.thaliproject.p2p.btconnectorlib.internal.bluetooth.le.BleAdvertiser: start: Starting... advertisement data = AdvertiseData [mServiceUuids=[3bde2124-2767-4930-8ad2-05754401b590], mManufacturerSpecificData={}, mServiceData={3bde2124-2767-4930-8ad2-05754401b590=[1, -68, 117, 116, 58, -67, 15]}, mIncludeTxPowerLevel=false, mIncludeDeviceName=false], Current thread: Thread[Thread-5698,5,main], id: 5698
02-08 19:30:52.974 30644 30705 D BluetoothAdapter: STATE_ON
02-08 19:30:52.976 18502 18579 D BtGatt.GattService: registerClient() - UUID=8b4c2cd5-0602-4765-ab08-01ce3fbc779b
02-08 19:30:52.977 18502 18518 D BtGatt.GattService: onClientRegistered() - UUID=8b4c2cd5-0602-4765-ab08-01ce3fbc779b, clientIf=6
02-08 19:30:52.978 30644 30657 D BluetoothLeAdvertiser: onClientRegistered() - status=0 clientIf=6
02-08 19:30:52.979 18502 18520 D BtGatt.AdvertiseManager: message : 0
02-08 19:30:52.982 18502 18520 D BtGatt.AdvertiseManager: starting multi advertising
02-08 19:30:52.992 18502 18518 D BtGatt.GattService: onAdvertiseInstanceEnabled() - clientIf=6, status=0
02-08 19:30:52.998 18502 18518 D BtGatt.GattService: onAdvertiseDataSet() - clientIf=6, status=0
02-08 19:30:52.999 30644 30644 D org.thaliproject.p2p.btconnectorlib.internal.bluetooth.le.BleAdvertiser: onStartSuccess : Current thread: Thread[main,5,main], id: 1
02-08 19:30:53.000 30644 30705 I org.thaliproject.p2p.btconnectorlib.internal.bluetooth.le.BleAdvertiser: start: Started advertisment Current thread: Thread[Thread-5698,5,main], id: 5698
02-08 19:30:53.000 30644 30705 D org.thaliproject.p2p.btconnectorlib.internal.bluetooth.le.BleAdvertiser: setState: current  = NOT_STARTED, new = STARTINGCurrent thread: Thread[Thread-5698,5,main], id: 5698
02-08 19:30:53.000 30644 30705 D org.thaliproject.p2p.btconnectorlib.internal.bluetooth.le.BleAdvertiser: setState: State changed from NOT_STARTED to STARTING
02-08 19:30:53.000 30644 30705 D org.thaliproject.p2p.btconnectorlib.internal.bluetooth.le.BleAdvertiser: setState: onIsAdvertiserStartedChanged default (no call to listener). Current thread: Thread[Thread-5698,5,main], id: 5698
02-08 19:30:53.001 30644 30705 D org.thaliproject.p2p.btconnectorlib.internal.bluetooth.le.BleAdvertiser: setState: finished Current thread: Thread[Thread-5698,5,main], id: 5698
02-08 19:30:53.001 30644 30705 I org.thaliproject.p2p.btconnectorlib.internal.bluetooth.le.BleAdvertiser: start: return, state = STARTINGCurrent thread: Thread[Thread-5698,5,main], id: 5698
