02-08 19:30:54.279 30644 30644 D org.thaliproject.p2p.btconnectorlib.internal.bluetooth.le.BleAdvertiser: setState: current  = STARTING, new = RUNNINGCurrent thread: Thread[main,5,main], id: 1
02-08 19:30:54.279 30644 30705 D org.thaliproject.p2p.btconnectorlib.internal.bluetooth.le.BlePeerDiscoverer: applySettings: scannerWasStarted true Current thread: Thread[Thread-5698,5,main], id: 5698
02-08 19:30:54.279 30644 30705 D org.thaliproject.p2p.btconnectorlib.internal.bluetooth.le.BlePeerDiscoverer: applySettings: stop scanner Current thread: Thread[Thread-5698,5,main], id: 5698
02-08 19:30:54.279 30644 30705 D org.thaliproject.p2p.btconnectorlib.internal.bluetooth.le.BleScanner: stop, Current thread: Thread[Thread-5698,5,main], id: 5698
02-08 19:30:54.279 30644 30644 D org.thaliproject.p2p.btconnectorlib.internal.bluetooth.le.BleAdvertiser: setState: State changed from STARTING to RUNNING
02-08 19:30:54.280 30644 30644 D org.thaliproject.p2p.btconnectorlib.internal.bluetooth.le.BleAdvertiser: notifyAdvertiserStateChanged: started =  true. Current thread: Thread[main,5,main], id: 1
02-08 19:30:54.280 30644 30705 D BluetoothAdapter: STATE_ON
02-08 19:30:54.280 30644 30644 D org.thaliproject.p2p.btconnectorlib.internal.bluetooth.le.BleAdvertiser: setState: finished Current thread: Thread[main,5,main], id: 1
02-08 19:30:54.280 18502 18559 D BtGatt.GattService: flushPendingBatchResults - clientIf=5, isServer=false
02-08 19:30:54.280 30644 30705 D org.thaliproject.p2p.btconnectorlib.internal.bluetooth.le.BleScanner: stop: scan results are flushed 
02-08 19:30:54.280 30644 30644 I org.thaliproject.p2p.btconnectorlib.internal.bluetooth.le.BlePeerDiscoverer: onIsAdvertiserStartedChanged: trueCurrent thread: Thread[main,5,main], id: 1
02-08 19:30:54.280 30644 30644 D org.thaliproject.p2p.btconnectorlib.internal.bluetooth.le.BlePeerDiscoverer: updateState : Current thread: Thread[main,5,main], id: 1
02-08 19:30:54.280 30644 30644 D org.thaliproject.p2p.btconnectorlib.internal.bluetooth.le.BlePeerDiscoverer: updateState: deducedStateSet: [SCANNING, ADVERTISING]
02-08 19:30:54.280 30644 30705 D BluetoothAdapter: STATE_ON
02-08 19:30:54.280 30644 30644 D org.thaliproject.p2p.btconnectorlib.internal.bluetooth.le.BlePeerDiscoverer: updateState: stateSet: [SCANNING, ADVERTISING]
02-08 19:30:54.281 30644 30644 D org.thaliproject.p2p.btconnectorlib.internal.bluetooth.le.BlePeerDiscoverer: Current thread: Thread[main,5,main], id: 1
02-08 19:30:54.281 18502 15186 D BtGatt.GattService: stopScan() - queue size =1
02-08 19:30:54.281 18502 18521 D BtGatt.ScanManager: flushPendingBatchResults - clientIf = 5
02-08 19:30:54.281 30644 30644 D org.thaliproject.p2p.btconnectorlib.internal.bluetooth.le.BlePeerDiscoverer: update state finished. Current thread: Thread[main,5,main], id: 1
02-08 19:30:54.281 18502 18512 D BtGatt.GattService: unregisterClient() - clientIf=5
02-08 19:30:54.281 30644 30705 D org.thaliproject.p2p.btconnectorlib.internal.bluetooth.le.BleScanner: stop: Stopped
02-08 19:30:54.281 30644 30705 D org.thaliproject.p2p.btconnectorlib.internal.bluetooth.le.BleScanner: set state: Current thread: Thread[Thread-5698,5,main], id: 5698
02-08 19:30:54.281 30644 30705 D org.thaliproject.p2p.btconnectorlib.internal.bluetooth.le.BleScanner: setState: State changed from RUNNING to NOT_STARTED
02-08 19:30:54.281 30644 30705 D org.thaliproject.p2p.btconnectorlib.internal.bluetooth.le.BleScanner: stop finished, Current thread: Thread[Thread-5698,5,main], id: 5698
02-08 19:30:54.281 30644 30705 I org.thaliproject.p2p.btconnectorlib.internal.bluetooth.le.BleScanner: setScanSettings: Mode: 2, report delay in milliseconds: 500, scan result type: 0
02-08 19:30:54.281 30644 30705 D org.thaliproject.p2p.btconnectorlib.internal.bluetooth.le.BlePeerDiscoverer: applySettings: start scanner Current thread: Thread[Thread-5698,5,main], id: 5698
02-08 19:30:54.281 30644 30705 D org.thaliproject.p2p.btconnectorlib.internal.bluetooth.le.BlePeerDiscoverer: startScanner: Current thread: Thread[Thread-5698,5,main], id: 5698
02-08 19:30:54.281 30644 30705 I org.thaliproject.p2p.btconnectorlib.internal.bluetooth.le.BlePeerDiscoverer: startScanner: Starting...
02-08 19:30:54.282 30644 30705 D org.thaliproject.p2p.btconnectorlib.internal.bluetooth.le.BlePeerDiscoveryUtils: createScanFilter: No service UUID, use manufacturer ID: true
02-08 19:30:54.282 30644 30705 D org.thaliproject.p2p.btconnectorlib.internal.bluetooth.le.BlePeerDiscoveryUtils: manufacturer ID: 61973
02-08 19:30:54.282 30644 30705 D org.thaliproject.p2p.btconnectorlib.internal.bluetooth.le.BlePeerDiscoveryUtils: createScanFilter: BluetoothLeScanFilter [mDeviceName=null, mDeviceAddress=null, mUuid=null, mUuidMask=null, mServiceDataUuid=null, mServiceData=null, mServiceDataMask=null, mManufacturerId=61973, mManufacturerData=null, mManufacturerDataMask=null]
02-08 19:30:54.282 30644 30705 D org.thaliproject.p2p.btconnectorlib.internal.bluetooth.le.BleScanner: start: Current thread: Thread[Thread-5698,5,main], id: 5698
02-08 19:30:54.282 30644 30705 D BluetoothAdapter: STATE_ON
02-08 19:30:54.283 18502 18513 D BtGatt.GattService: registerClient() - UUID=2295db63-52ee-4c7d-a0f1-673f6734231c
02-08 19:30:54.284 18502 18518 D BtGatt.GattService: onBatchScanReports() - clientIf=5, status=0, reportType=2, numRecords=2
02-08 19:30:54.284 18502 18518 D BtGatt.ScanManager: callback done for clientIf - 5 status - 0
02-08 19:30:54.284 18502 18518 D BtGatt.GattService: current time is 5991620242490706
02-08 19:30:54.285 18502 18518 D BtGatt.GattService: Batch record : [-97, -102, -7, -70, 0, 36, 0, -128, -65, 10, 0, 29, 17, 7, -112, -75, 1, 68, 117, 5, -46, -118, 48, 73, 103, 39, 36, 33, -34, 59, 10, 22, 36, 33, 1, 36, 0, -70, -7, -102, -97, 0, -8, -68, 58, 116, 117, -68, 0, -128, -62, 10, 0, 29, 17, 7, -112, -75, 1, 68, 117, 5, -46, -118, 48, 73, 103, 39, 36, 33, -34, 59, 10, 22, 36, 33, 1, -68, 117, 116, 58, -68, -8, 0]
02-08 19:30:54.285 18502 18518 D BtGatt.GattService: ScanRecord : [17, 7, -112, -75, 1, 68, 117, 5, -46, -118, 48, 73, 103, 39, 36, 33, -34, 59, 10, 22, 36, 33, 1, 36, 0, -70, -7, -102, -97]
02-08 19:30:54.285 18502 18518 D BtGatt.GattService: ScanRecord : [17, 7, -112, -75, 1, 68, 117, 5, -46, -118, 48, 73, 103, 39, 36, 33, -34, 59, 10, 22, 36, 33, 1, -68, 117, 116, 58, -68, -8]
02-08 19:30:54.285 18502 18518 E BtGatt.ContextMap: Context not found for ID 5
02-08 19:30:54.286 18502 18518 D BtGatt.GattService: onClientRegistered() - UUID=2295db63-52ee-4c7d-a0f1-673f6734231c, clientIf=5
02-08 19:30:54.286 30644 30657 D BluetoothLeScanner: onClientRegistered() - status=0 clientIf=5
02-08 19:30:54.286 18502 15186 D BtGatt.GattService: start scan with filters
02-08 19:30:54.289 18502 18518 D BtGatt.GattService: onScanFilterParamsConfigured() - clientIf=5, status=0, action=1, availableSpace=32
02-08 19:30:54.290 18502 18518 D BtGatt.ScanManager: callback done for clientIf - 5 status - 0
02-08 19:30:54.290 18502 18521 D BtGatt.ScanManager: stopping BLe Batch
02-08 19:30:54.292 30644 30705 D org.thaliproject.p2p.btconnectorlib.internal.bluetooth.le.BleScanner: start: scan started
02-08 19:30:54.292 30644 30705 D org.thaliproject.p2p.btconnectorlib.internal.bluetooth.le.BleScanner: set state: Current thread: Thread[Thread-5698,5,main], id: 5698
02-08 19:30:54.292 30644 30705 D org.thaliproject.p2p.btconnectorlib.internal.bluetooth.le.BleScanner: setState: State changed from NOT_STARTED to RUNNING
02-08 19:30:54.292 30644 30705 D org.thaliproject.p2p.btconnectorlib.internal.bluetooth.le.BleScanner: notifyScannerStateChanged: started =  true. Current thread: Thread[Thread-5698,5,main], id: 5698
02-08 19:30:54.292 30644 30705 D org.thaliproject.p2p.btconnectorlib.internal.bluetooth.le.BlePeerDiscoverer: applySettings: start scanner started = true Current thread: Thread[Thread-5698,5,main], id: 5698
02-08 19:30:54.292 30644 30705 V io.jxcore.node.StartStopOperation: isTargetState: Connectivity: RUNNING, discovery: RUNNING_BLE, is discovering: true, is advertising: true - Start operation: Should start/stop everything
02-08 19:30:54.292 30644 30705 V io.jxcore.node.StartStopOperationHandler: executeCurrentOperation: The current state already matches the desired outcome of this operation, skipping...
02-08 19:30:54.292 30644 30705 I io.jxcore.node.ConnectionHelper: start: OK
02-08 19:30:54.292 30644 30644 I org.thaliproject.p2p.btconnectorlib.internal.bluetooth.le.BlePeerDiscoverer: onIsScannerStartedChanged: trueCurrent thread: Thread[main,5,main], id: 1
02-08 19:30:54.293 30644 30644 D org.thaliproject.p2p.btconnectorlib.internal.bluetooth.le.BlePeerDiscoverer: updateState : Current thread: Thread[main,5,main], id: 1
02-08 19:30:54.293 18502 18518 D BtGatt.GattService: onBatchScanStartStopped() - clientIf=5, status=0, startStopAction=0
02-08 19:30:54.293 30644 30644 D org.thaliproject.p2p.btconnectorlib.internal.bluetooth.le.BlePeerDiscoverer: updateState: deducedStateSet: [SCANNING, ADVERTISING]
02-08 19:30:54.293 18502 18518 D BtGatt.ScanManager: callback done for clientIf - 5 status - 0
02-08 19:30:54.293 30644 30644 D org.thaliproject.p2p.btconnectorlib.internal.bluetooth.le.BlePeerDiscoverer: updateState: stateSet: [SCANNING, ADVERTISING]
02-08 19:30:54.293 30644 30644 D org.thaliproject.p2p.btconnectorlib.internal.bluetooth.le.BlePeerDiscoverer: Current thread: Thread[main,5,main], id: 1
02-08 19:30:54.293 18502 18521 D BtGatt.ScanManager: flushPendingBatchResults - clientIf = 5
02-08 19:30:54.293 30644 30644 D org.thaliproject.p2p.btconnectorlib.internal.bluetooth.le.BlePeerDiscoverer: update state finished. Current thread: Thread[main,5,main], id: 1
02-08 19:30:54.295 18502 18518 D BtGatt.GattService: onBatchScanReports() - clientIf=5, status=0, reportType=2, numRecords=0
02-08 19:30:54.295 18502 18518 D BtGatt.ScanManager: callback done for clientIf - 5 status - 0
02-08 19:30:54.297 18502 18521 D BtGatt.ScanManager: handling starting scan
02-08 19:30:54.299 18502 18518 D BtGatt.GattService: onScanFilterEnableDisabled() - clientIf=5, status=0, action=1
02-08 19:30:54.300 18502 18518 D BtGatt.ScanManager: callback done for clientIf - 5 status - 0
02-08 19:30:54.300 18502 18521 D BtGatt.ScanManager: configureFilterParamter 1500 10000 4 0
02-08 19:30:54.303 18502 18518 D BtGatt.GattService: onScanFilterParamsConfigured() - clientIf=5, status=0, action=0, availableSpace=31
02-08 19:30:54.303 18502 18518 D BtGatt.ScanManager: callback done for clientIf - 5 status - 0
02-08 19:30:54.304 18502 18521 D BtGatt.ScanManager: Starting BLE batch scan
02-08 19:30:54.304 18502 18521 D BtGatt.ScanManager: configuring batch scan storage, appIf 5
02-08 19:30:54.309 18502 18518 D BtGatt.GattService: onBatchScanStorageConfigured() - clientIf=5, status=0
02-08 19:30:54.309 18502 18518 D BtGatt.ScanManager: callback done for clientIf - 5 status - 0
02-08 19:30:54.311 18502 18518 D BtGatt.GattService: onBatchScanStartStopped() - clientIf=5, status=0, startStopAction=1
02-08 19:30:54.311 18502 18518 D BtGatt.ScanManager: callback done for clientIf - 5 status - 0
02-08 19:30:54.314 30644 30705 I jxcore-log: 2017-02-08 16:30:54 - INFO nodeSSDPServerLogger: '{ address: 'http://0.0.0.0:1900' } 'SSDP listening''
02-08 19:30:54.314 30644 30705 I jxcore-log: 
02-08 19:30:54.314 30644 30705 I jxcore-log: 2017-02-08 16:30:54 - INFO nodeSSDPServerLogger: 'UDP socket bound'
02-08 19:30:54.314 30644 30705 I jxcore-log: 
02-08 19:30:54.315 30644 30705 I jxcore-log: 2017-02-08 16:30:54 - INFO nodeSSDPServerLogger: 'Socket bound'
02-08 19:30:54.315 30644 30705 I jxcore-log: 
02-08 19:30:54.322 30644 30705 I jxcore-log: 2017-02-08 16:30:54 - DEBUG thaliWifiInfrastructure: 'Emitting wifiPeerAvailabilityChanged {"peerIdentifier":"ffb16151-8335-49bc-a0c8-b1cb5f128557","generation":1,"portNumber":null,"hostAddress":null}'
02-08 19:30:54.322 30644 30705 I jxcore-log: 
02-08 19:30:54.323 30644 30705 I jxcore-log: 2017-02-08 16:30:54 - DEBUG thaliMobile: 'Emitting peerAvailabilityChanged from handlePeer {"peerIdentifier":"ffb16151-8335-49bc-a0c8-b1cb5f128557","connectionType":"tcp","peerAvailable":false,"generation":1,"newAddressPort":null}'
02-08 19:30:54.323 30644 30705 I jxcore-log: 
02-08 19:30:54.323 30644 30705 I jxcore-log: 2017-02-08 16:30:54 - WARN thaliNotificationClient: 'peer is not available'
02-08 19:30:54.323 30644 30705 I jxcore-log: 
02-08 19:30:54.324 30644 30705 I jxcore-log: 2017-02-08 16:30:54 - DEBUG thaliWifiInfrastructure: 'Emitting wifiPeerAvailabilityChanged {"peerIdentifier":"ffb16151-8335-49bc-a0c8-b1cb5f128557","generation":2,"hostAddress":"192.168.2.2","portNumber":41566}'
02-08 19:30:54.324 30644 30705 I jxcore-log: 
02-08 19:30:54.324 30644 30705 I jxcore-log: 2017-02-08 16:30:54 - DEBUG thaliMobile: 'Emitting peerAvailabilityChanged from handlePeer {"peerIdentifier":"ffb16151-8335-49bc-a0c8-b1cb5f128557","connectionType":"tcp","peerAvailable":true,"generation":2,"newAddressPort":false}'
02-08 19:30:54.324 30644 30705 I jxcore-log: 
02-08 19:30:54.336 30644 30705 I jxcore-log: 2017-02-08 16:30:54 - DEBUG thaliManager: 'connected pskIdentity XebbRMX7xtvYG5pmuoEgeS0-wDL9e_2MJwaSi-fbe5A for path /db/ThaliManagerCoordinated/_changes'
02-08 19:30:54.336 30644 30705 I jxcore-log: 
02-08 19:30:54.340 30644 30705 I jxcore-log: 2017-02-08 16:30:54 - DEBUG thaliManager: 'connected pskIdentity XebbRMX7xtvYG5pmuoEgeS0-wDL9e_2MJwaSi-fbe5A for path /db/ThaliManagerCoordinated/_local/thali_BFKzxXdmP6PXbgU8wtTrmPlY3OM84mR-w-sVJHw8VDS9zQZ27sena0B6BY7LkEAHy9crLltaAHVjx-j7FUqahO0'
02-08 19:30:54.340 30644 30705 I jxcore-log: 
02-08 19:30:54.351 30644 30705 I jxcore-log: ok 3 OK
02-08 19:30:54.351 30644 30705 I jxcore-log: 
02-08 19:30:54.394 30644 30705 I jxcore-log: # teardown
02-08 19:30:54.394 30644 30705 I jxcore-log: 
02-08 19:30:54.434 30644 30705 I jxcore-log: 2017-02-08 16:30:54 - DEBUG thaliManager: 'connected pskIdentity XebbRMX7xtvYG5pmuoEgeS0-wDL9e_2MJwaSi-fbe5A for path /db/ThaliManagerCoordinated/_local/x0aZJy7XW56i.Q2zNQTdcA%3D%3D'
02-08 19:30:54.434 30644 30705 I jxcore-log: 
02-08 19:30:54.570 30644 30705 I jxcore-log: 2017-02-08 16:30:54 - DEBUG thaliManager: 'connected pskIdentity Beacon Please for path /NotificationBeacons'
02-08 19:30:54.570 30644 30705 I jxcore-log: 
02-08 19:30:54.607 30644 30705 I jxcore-log: 2017-02-08 16:30:54 - DEBUG thaliManager: 'connected pskIdentity XebbRMX7xtvYG5pmuoEgeS0-wDL9e_2MJwaSi-fbe5A for path /db/ThaliManagerCoordinated/_changes'
02-08 19:30:54.607 30644 30705 I jxcore-log: 
02-08 19:30:54.628 30644 30705 I jxcore-log: 2017-02-08 16:30:54 - DEBUG thaliWifiInfrastructure: 'Emitting wifiPeerAvailabilityChanged {"peerIdentifier":"e2b32dbd-7900-4208-b601-49a6e5434ae0","generation":1,"hostAddress":"192.168.2.5","portNumber":44372}'
02-08 19:30:54.628 30644 30705 I jxcore-log: 
02-08 19:30:54.640 30644 30705 I jxcore-log: 2017-02-08 16:30:54 - DEBUG thaliManager: 'connected pskIdentity XebbRMX7xtvYG5pmuoEgeS0-wDL9e_2MJwaSi-fbe5A for path /db/ThaliManagerCoordinated/_local/thali_BFKzxXdmP6PXbgU8wtTrmPlY3OM84mR-w-sVJHw8VDS9zQZ27sena0B6BY7LkEAHy9crLltaAHVjx-j7FUqahO0'
02-08 19:30:54.640 30644 30705 I jxcore-log: 
02-08 19:30:54.687 30644 30705 I jxcore-log: 2017-02-08 16:30:54 - DEBUG thaliManager: 'connected pskIdentity XebbRMX7xtvYG5pmuoEgeS0-wDL9e_2MJwaSi-fbe5A for path /db/ThaliManagerCoordinated/_local/x0aZJy7XW56i.Q2zNQTdcA%3D%3D'
02-08 19:30:54.687 30644 30705 I jxcore-log: 
02-08 19:30:54.795 30644 30705 I jxcore-log: 2017-02-08 16:30:54 - DEBUG thaliManager: 'connected pskIdentity Hz7JcSn--EerCibiHxNnG21mm9_e9iibxelzokLEPv8 for path /db/ThaliManagerCoordinated/_changes'
02-08 19:30:54.795 30644 30705 I jxcore-log: 
02-08 19:30:54.807 30644 30705 I jxcore-log: 2017-02-08 16:30:54 - DEBUG thaliManager: 'connected pskIdentity XebbRMX7xtvYG5pmuoEgeS0-wDL9e_2MJwaSi-fbe5A for path /db/ThaliManagerCoordinated/_local/x0aZJy7XW56i.Q2zNQTdcA%3D%3D'
02-08 19:30:54.807 30644 30705 I jxcore-log: 
02-08 19:30:54.817 30644 30705 I jxcore-log: 2017-02-08 16:30:54 - DEBUG thaliManager: 'connected pskIdentity Hz7JcSn--EerCibiHxNnG21mm9_e9iibxelzokLEPv8 for path /db/ThaliManagerCoordinated/_local/thali_BDv6espUobl-L2ErgHK90mLRlcNXWF8OWVzHwj2GYMsSQc5cgdotWzk09IgpJGnotO38KxeECoEraXiAGCPZsbU'
02-08 19:30:54.817 30644 30705 I jxcore-log: 
02-08 19:30:54.831 30644 30705 I jxcore-log: 2017-02-08 16:30:54 - DEBUG thaliWifiInfrastructure: 'Emitting wifiPeerAvailabilityChanged {"peerIdentifier":"e2b32dbd-7900-4208-b601-49a6e5434ae0","generation":1,"portNumber":null,"hostAddress":null}'
02-08 19:30:54.831 30644 30705 I jxcore-log: 
02-08 19:30:54.832 30644 30705 I jxcore-log: 2017-02-08 16:30:54 - DEBUG thaliMobile: 'Emitting peerAvailabilityChanged from handlePeer {"peerIdentifier":"e2b32dbd-7900-4208-b601-49a6e5434ae0","connectionType":"tcp","peerAvailable":false,"generation":1,"newAddressPort":null}'
02-08 19:30:54.832 30644 30705 I jxcore-log: 
02-08 19:30:54.832 30644 30705 I jxcore-log: 2017-02-08 16:30:54 - WARN thaliNotificationClient: 'peer is not available'
02-08 19:30:54.832 30644 30705 I jxcore-log: 
02-08 19:30:54.833 30644 30705 I jxcore-log: 2017-02-08 16:30:54 - DEBUG thaliWifiInfrastructure: 'Emitting wifiPeerAvailabilityChanged {"peerIdentifier":"e2b32dbd-7900-4208-b601-49a6e5434ae0","generation":2,"hostAddress":"192.168.2.5","portNumber":44372}'
02-08 19:30:54.833 30644 30705 I jxcore-log: 
02-08 19:30:54.834 30644 30705 I jxcore-log: 2017-02-08 16:30:54 - DEBUG thaliMobile: 'Emitting peerAvailabilityChanged from handlePeer {"peerIdentifier":"e2b32dbd-7900-4208-b601-49a6e5434ae0","connectionType":"tcp","peerAvailable":true,"generation":2,"newAddressPort":false}'
02-08 19:30:54.834 30644 30705 I jxcore-log: 
02-08 19:30:54.840 18502 18535 E bt_btm  : tBTM_SEC_DEV:0xf3d6a2d8 rs_disc_pending=0
02-08 19:30:54.841 18502 18535 W bt_btif : bta_dm_check_av:0
02-08 19:30:54.841 18502 18518 W bt_btif : btif_dm_cback : unhandled event (14)
02-08 19:30:54.842 30644 30705 I jxcore-log: 2017-02-08 16:30:54 - DEBUG thaliWifiInfrastructure: 'Emitting wifiPeerAvailabilityChanged {"peerIdentifier":"ffb16151-8335-49bc-a0c8-b1cb5f128557","generation":2,"hostAddress":"192.168.2.2","portNumber":41566}'
02-08 19:30:54.842 30644 30705 I jxcore-log: 
02-08 19:30:54.855 30644 30705 I jxcore-log: 2017-02-08 16:30:54 - DEBUG thaliManager: 'stopping thaliPeerPoolInterface'
02-08 19:30:54.855 30644 30705 I jxcore-log: 
02-08 19:30:54.864 30644 30705 I jxcore-log: 2017-02-08 16:30:54 - DEBUG thaliReplicationPeerAction: 'We called _complete with  but we are already killed and so we ignored it'
02-08 19:30:54.864 30644 30705 I jxcore-log: 
02-08 19:30:54.892 30644 30705 I jxcore-log: 2017-02-08 16:30:54 - DEBUG localSeqManager: 'Got an error trying to update seq {"code":"ECONNRESET","status":500}'
02-08 19:30:54.892 30644 30705 I jxcore-log: 
02-08 19:30:54.893 30644 30705 I jxcore-log: 2017-02-08 16:30:54 - DEBUG localSeqManager: 'Got an error trying to update seq {"code":"ECONNRESET","status":500}'
02-08 19:30:54.893 30644 30705 I jxcore-log: 
02-08 19:30:54.893 30644 30705 I jxcore-log: 2017-02-08 16:30:54 - DEBUG localSeqManager: 'Got an error trying to update seq {"code":"ECONNRESET","status":500}'
02-08 19:30:54.893 30644 30705 I jxcore-log: 
02-08 19:30:54.896 30644 30705 I jxcore-log: 2017-02-08 16:30:54 - DEBUG thaliReplicationPeerAction: 'Got error on replication -  500 socket hang up -1'
02-08 19:30:54.896 30644 30705 I jxcore-log: 
02-08 19:30:54.896 30644 30705 I jxcore-log: 2017-02-08 16:30:54 - DEBUG thaliReplicationPeerAction: 'We called _complete with error: socket hang up -1  but we are already killed and so we ignored it'
02-08 19:30:54.896 30644 30705 I jxcore-log: 
02-08 19:30:54.897 30644 30705 I jxcore-log: 2017-02-08 16:30:54 - DEBUG thaliReplicationPeerAction: 'Got error on replication -  500 socket hang up -1'
02-08 19:30:54.897 30644 30705 I jxcore-log: 
02-08 19:30:54.897 30644 30705 I jxcore-log: 2017-02-08 16:30:54 - DEBUG thaliReplicationPeerAction: 'We called _complete with error: socket hang up -1  but we are already killed and so we ignored it'
02-08 19:30:54.897 30644 30705 I jxcore-log: 
02-08 19:30:54.897 30644 30705 I jxcore-log: 2017-02-08 16:30:54 - DEBUG thaliReplicationPeerAction: 'Got error on replication -  500 socket hang up -1'
02-08 19:30:54.897 30644 30705 I jxcore-log: 
02-08 19:30:54.898 30644 30705 I jxcore-log: 2017-02-08 16:30:54 - DEBUG thaliReplicationPeerAction: 'We called _complete with error: socket hang up -1  but we are already killed and so we ignored it'
02-08 19:30:54.898 30644 30705 I jxcore-log: 
02-08 19:30:54.900 30644 30705 I jxcore-log: 2017-02-08 16:30:54 - DEBUG thaliReplicationPeerAction: 'Got error in update: 500 socket hang up -1, but we are already killed and so we ignored it'
02-08 19:30:54.900 30644 30705 I jxcore-log: 
02-08 19:30:54.902 30644 30705 I jxcore-log: 2017-02-08 16:30:54 - DEBUG thaliReplicationPeerAction: 'Got error in update: 500 socket hang up -1, but we are already killed and so we ignored it'
02-08 19:30:54.902 30644 30705 I jxcore-log: 
02-08 19:30:54.902 30644 30705 I jxcore-log: 2017-02-08 16:30:54 - DEBUG thaliReplicationPeerAction: 'Got error in update: 500 socket hang up -1, but we are already killed and so we ignored it'
02-08 19:30:54.902 30644 30705 I jxcore-log: 
02-08 19:30:54.903 30644 30705 I jxcore-log: 2017-02-08 16:30:54 - DEBUG thaliManager: 'stopping thaliPullReplicationFromNotification'
02-08 19:30:54.903 30644 30705 I jxcore-log: 
02-08 19:30:54.904 30644 30705 I jxcore-log: 2017-02-08 16:30:54 - DEBUG thaliManager: 'stopping thaliSendNotificationBasedOnReplication'
02-08 19:30:54.904 30644 30705 I jxcore-log: 
02-08 19:30:54.906 30644 30705 I jxcore-log: 2017-02-08 16:30:54 - DEBUG thaliSendNotificationBasedOnReplication: 'We must have stopped because we are complete -{"status":"cancelled"}'
02-08 19:30:54.906 30644 30705 I jxcore-log: 
02-08 19:30:54.908 30644 30705 I jxcore-log: 2017-02-08 16:30:54 - DEBUG thaliManager: 'stopping advertising and listening'
02-08 19:30:54.908 30644 30705 I jxcore-log: 
02-08 19:30:54.909 30644 30705 D io.jxcore.node.JXcoreExtension: stopAdvertisingAndListening
02-08 19:30:54.909 30644 30705 I io.jxcore.node.ConnectionHelper: stop: Stopping all activities and killing connections
02-08 19:30:54.909 30644 30705 V io.jxcore.node.StartStopOperation: isTargetState: Connectivity: RUNNING, discovery: RUNNING_BLE, is discovering: true, is advertising: true - Stop operation: Should start/stop everything
02-08 19:30:54.909 30644 30705 V io.jxcore.node.StartStopOperationHandler: executeCurrentOperation: Executing: Stop operation: Should start/stop everything
02-08 19:30:54.909 30644 30705 I org.thaliproject.p2p.btconnectorlib.ConnectionManager: stopListeningForIncomingConnections
02-08 19:30:54.909 30644 30705 I org.thaliproject.p2p.btconnectorlib.internal.bluetooth.BluetoothConnector: stopListeningForIncomingConnections: Stopping...
02-08 19:30:54.909 30644 30705 D org.thaliproject.p2p.btconnectorlib.internal.bluetooth.BluetoothServerThread: shutdown
02-08 19:30:54.909 30644 30705 D org.thaliproject.p2p.btconnectorlib.internal.bluetooth.BluetoothManager: release: 2 listener(s) left
02-08 19:30:54.909 30644 30705 D org.thaliproject.p2p.btconnectorlib.ConnectionManager: updateState: mShouldBeStarted :  false, mIsServerStarted:  true
02-08 19:30:54.909 30644 30705 D org.thaliproject.p2p.btconnectorlib.ConnectionManager: setState: RUNNING -> NOT_STARTED
02-08 19:30:54.909 30644 30705 I org.thaliproject.p2p.btconnectorlib.ConnectionManager: cancelAllConnectionAttempts
02-08 19:30:54.910 30644 30705 D org.thaliproject.p2p.btconnectorlib.internal.bluetooth.BluetoothConnector: cancelAllConnectionAttempts: Shutting down 2 client threads
02-08 19:30:54.910 30644 30644 I io.jxcore.node.ConnectionHelper: onConnectionManagerStateChanged: NOT_STARTED
02-08 19:30:54.910 30644 30719 V org.thaliproject.p2p.btconnectorlib.internal.bluetooth.BluetoothServerThread: closeBluetoothServerSocket: Bluetooth server socket closed
02-08 19:30:54.911 30644 30705 I org.thaliproject.p2p.btconnectorlib.DiscoveryManager: stop: Stopping peer discovery...
02-08 19:30:54.911 30644 30705 D org.thaliproject.p2p.btconnectorlib.DiscoveryManager: stopForRestart Current thread: Thread[Thread-5698,5,main], id: 5698
02-08 19:30:54.911 30644 30705 D org.thaliproject.p2p.btconnectorlib.DiscoveryManager: stopForRestart. RUNNING_BLE
02-08 19:30:54.911 30644 30705 D org.thaliproject.p2p.btconnectorlib.internal.BluetoothMacAddressResolutionHelper: stopProvideBluetoothMacAddressMode
02-08 19:30:54.912 30644 30719 D org.thaliproject.p2p.btconnectorlib.internal.bluetooth.BluetoothServerThread: Exiting thread
02-08 19:30:54.912 30644 30719 I org.thaliproject.p2p.btconnectorlib.internal.bluetooth.BluetoothConnector: onServerStopped: Was explicitly stopped: true
02-08 19:30:54.912 30644 30705 D org.thaliproject.p2p.btconnectorlib.internal.bluetooth.le.BlePeerDiscoverer: stopScannerAndAdvertiser: Current thread: Thread[Thread-5698,5,main], id: 5698
02-08 19:30:54.912 30644 30705 D org.thaliproject.p2p.btconnectorlib.internal.bluetooth.le.BlePeerDiscoverer: stopPeerAddressHelperAdvertiser Current thread: Thread[Thread-5698,5,main], id: 5698
02-08 19:30:54.912 30644 30705 D org.thaliproject.p2p.btconnectorlib.internal.bluetooth.le.BlePeerDiscoverer: stopScanner: Current thread: Thread[Thread-5698,5,main], id: 5698
02-08 19:30:54.912 30644 30705 I org.thaliproject.p2p.btconnectorlib.internal.bluetooth.le.BlePeerDiscoverer: stopScanner: Stopping...
02-08 19:30:54.912 30644 30705 D org.thaliproject.p2p.btconnectorlib.internal.bluetooth.le.BleScanner: stop, Current thread: Thread[Thread-5698,5,main], id: 5698
02-08 19:30:54.913 30644 30705 D BluetoothAdapter: STATE_ON
02-08 19:30:54.913 18502 14690 D BtGatt.GattService: flushPendingBatchResults - clientIf=5, isServer=false
02-08 19:30:54.913 30644 30705 D org.thaliproject.p2p.btconnectorlib.internal.bluetooth.le.BleScanner: stop: scan results are flushed 
02-08 19:30:54.914 18502 18521 D BtGatt.ScanManager: flushPendingBatchResults - clientIf = 5
02-08 19:30:54.914 30644 30705 D BluetoothAdapter: STATE_ON
02-08 19:30:54.914 18502 18559 D BtGatt.GattService: stopScan() - queue size =1
02-08 19:30:54.914 18502 18513 D BtGatt.GattService: unregisterClient() - clientIf=5
02-08 19:30:54.914 30644 30705 D org.thaliproject.p2p.btconnectorlib.internal.bluetooth.le.BleScanner: stop: Stopped
02-08 19:30:54.914 30644 30705 D org.thaliproject.p2p.btconnectorlib.internal.bluetooth.le.BleScanner: set state: Current thread: Thread[Thread-5698,5,main], id: 5698
02-08 19:30:54.915 30644 30705 D org.thaliproject.p2p.btconnectorlib.internal.bluetooth.le.BleScanner: setState: State changed from RUNNING to NOT_STARTED
02-08 19:30:54.915 30644 30705 D org.thaliproject.p2p.btconnectorlib.internal.bluetooth.le.BleScanner: notifyScannerStateChanged: started =  false. Current thread: Thread[Thread-5698,5,main], id: 5698
02-08 19:30:54.915 30644 30705 D org.thaliproject.p2p.btconnectorlib.internal.bluetooth.le.BleScanner: stop finished, Current thread: Thread[Thread-5698,5,main], id: 5698
02-08 19:30:54.915 30644 30705 D org.thaliproject.p2p.btconnectorlib.internal.bluetooth.le.BlePeerDiscoverer: stopAdvertiser:Current thread: Thread[Thread-5698,5,main], id: 5698
02-08 19:30:54.915 30644 30705 I org.thaliproject.p2p.btconnectorlib.internal.bluetooth.le.BlePeerDiscoverer: stopAdvertiser: Stopping...
02-08 19:30:54.915 30644 30705 D org.thaliproject.p2p.btconnectorlib.internal.bluetooth.le.BleAdvertiser: stop. Current thread: Thread[Thread-5698,5,main], id: 5698
02-08 19:30:54.915 18502 18520 D BtGatt.AdvertiseManager: message : 1
02-08 19:30:54.917 30644 30724 D org.thaliproject.p2p.btconnectorlib.internal.bluetooth.BluetoothClientThread: shutdown: Thread ID: 5700
02-08 19:30:54.918 30644 30724 D org.thaliproject.p2p.btconnectorlib.internal.bluetooth.BluetoothClientThread: close
02-08 19:30:54.918 18502 18518 D BtGatt.GattService: onBatchScanReports() - clientIf=5, status=0, reportType=2, numRecords=2
02-08 19:30:54.918 30644 30724 D org.thaliproject.p2p.btconnectorlib.internal.bluetooth.BluetoothClientThread: close: Trying to close the Bluetooth socket... (thread ID: 5700)
02-08 19:30:54.918 18502 18518 D BtGatt.ScanManager: callback done for clientIf - 5 status - 0
02-08 19:30:54.918 18502 18556 E bt_btif_sock_rfcomm: btsock_rfc_signaled socket signaled for read while disconnected, slot: 3603, channel: 6
02-08 19:30:54.918 18502 18518 D BtGatt.GattService: current time is 5991620876132528
02-08 19:30:54.918 18502 18535 E bt_btif_sock_rfcomm: find_rfc_slot_by_id unable to find RFCOMM slot id: 3603
02-08 19:30:54.918 30644 30724 D org.thaliproject.p2p.btconnectorlib.internal.bluetooth.BluetoothClientThread: close: Bluetooth socket closed (thread ID: 5700)
02-08 19:30:54.918 30644 30725 D org.thaliproject.p2p.btconnectorlib.internal.bluetooth.BluetoothClientThread: shutdown: Thread ID: 5701
02-08 19:30:54.918 18502 18518 D BtGatt.GattService: Batch record : [110, -90, 64, 77, -96, 70, 1, -128, -62, 10, 0, 29, 17, 7, -112, -75, 1, 68, 117, 5, -46, -118, 48, 73, 103, 39, 36, 33, -34, 59, 10, 22, 36, 33, 2, -68, 117, 116, 58, -68, -8, 0, -8, -68, 58, 116, 117, -68, 0, -128, -62, 10, 0, 29, 17, 7, -112, -75, 1, 68, 117, 5, -46, -118, 48, 73, 103, 39, 36, 33, -34, 59, 10, 22, 36, 33, 2, -68, 117, 116, 58, -68, -8, 0]
02-08 19:30:54.918 30644 30725 D org.thaliproject.p2p.btconnectorlib.internal.bluetooth.BluetoothClientThread: close
02-08 19:30:54.919 30644 30725 D org.thaliproject.p2p.btconnectorlib.internal.bluetooth.BluetoothClientThread: close: Trying to close the Bluetooth socket... (thread ID: 5701)
02-08 19:30:54.919 18502 18556 E bt_btif_sock_rfcomm: btsock_rfc_signaled socket signaled for read while disconnected, slot: 3604, channel: -1
02-08 19:30:54.919 18502 18518 D BtGatt.GattService: ScanRecord : [17, 7, -112, -75, 1, 68, 117, 5, -46, -118, 48, 73, 103, 39, 36, 33, -34, 59, 10, 22, 36, 33, 2, -68, 117, 116, 58, -68, -8]
02-08 19:30:54.919 30644 30725 D org.thaliproject.p2p.btconnectorlib.internal.bluetooth.BluetoothClientThread: close: Bluetooth socket closed (thread ID: 5701)
02-08 19:30:54.919 30644 30721 E org.thaliproject.p2p.btconnectorlib.internal.bluetooth.BluetoothClientThread:  createSocketAndConnect: connect, read failed, socket might closed or timeout, read ret: -1
02-08 19:30:54.919 30644 30721 I org.thaliproject.p2p.btconnectorlib.internal.bluetooth.BluetoothClientThread: socketConnectSucceeded false
02-08 19:30:54.919 18502 18518 D BtGatt.GattService: ScanRecord : [17, 7, -112, -75, 1, 68, 117, 5, -46, -118, 48, 73, 103, 39, 36, 33, -34, 59, 10, 22, 36, 33, 2, -68, 117, 116, 58, -68, -8]
02-08 19:30:54.919 30644 30721 I org.thaliproject.p2p.btconnectorlib.internal.bluetooth.BluetoothClientThread: Exiting thread (thread ID: 5701)
02-08 19:30:54.920 18502 18518 E BtGatt.ContextMap: Context not found for ID 5
02-08 19:30:54.920 30644 30720 E org.thaliproject.p2p.btconnectorlib.internal.bluetooth.BluetoothClientThread:  createSocketAndConnect: connect, read failed, socket might closed or timeout, read ret: -1
02-08 19:30:54.921 30644 30720 I org.thaliproject.p2p.btconnectorlib.internal.bluetooth.BluetoothClientThread: socketConnectSucceeded false
02-08 19:30:54.921 30644 30720 I org.thaliproject.p2p.btconnectorlib.internal.bluetooth.BluetoothClientThread: Exiting thread (thread ID: 5700)
02-08 19:30:54.917 18502 18520 D BtGatt.AdvertiseManager: stop advertise for client 6
02-08 19:30:54.925 18502 18518 D BtGatt.GattService: onAdvertiseInstanceDisabled() - clientIf=6, status=0
02-08 19:30:54.925 18502 18518 D BtGatt.GattService: Client app is not null!
02-08 19:30:54.927 18502 18512 D BtGatt.GattService: unregisterClient() - clientIf=6
02-08 19:30:54.927 30644 30705 D org.thaliproject.p2p.btconnectorlib.internal.bluetooth.le.BleAdvertiser: stop: Stopped
02-08 19:30:54.928 30644 30705 D org.thaliproject.p2p.btconnectorlib.internal.bluetooth.le.BleAdvertiser: setState: current  = RUNNING, new = NOT_STARTEDCurrent thread: Thread[Thread-5698,5,main], id: 5698
02-08 19:30:54.928 30644 30705 D org.thaliproject.p2p.btconnectorlib.internal.bluetooth.le.BleAdvertiser: setState: State changed from RUNNING to NOT_STARTED
02-08 19:30:54.928 30644 30705 D org.thaliproject.p2p.btconnectorlib.internal.bluetooth.le.BleAdvertiser: notifyAdvertiserStateChanged: started =  false. Current thread: Thread[Thread-5698,5,main], id: 5698
02-08 19:30:54.928 30644 30705 D org.thaliproject.p2p.btconnectorlib.internal.bluetooth.le.BleAdvertiser: setState: finished Current thread: Thread[Thread-5698,5,main], id: 5698
02-08 19:30:54.928 30644 30705 D org.thaliproject.p2p.btconnectorlib.internal.bluetooth.le.BleAdvertiser: stop finished. Current thread: Thread[Thread-5698,5,main], id: 5698
02-08 19:30:54.928 30644 30705 D org.thaliproject.p2p.btconnectorlib.DiscoveryManager: stopBlePeerDiscoverer: Stopped
02-08 19:30:54.928 30644 30705 I org.thaliproject.p2p.btconnectorlib.internal.wifi.WifiDirectManager: release: No more listeners, de-initializing...
02-08 19:30:54.929 30644 30705 D org.thaliproject.p2p.btconnectorlib.internal.bluetooth.BluetoothManager: release: 1 listener(s) left
02-08 19:30:54.929 30644 30705 I org.thaliproject.p2p.btconnectorlib.utils.PeerModel: clear
02-08 19:30:54.929 30644 30705 D org.thaliproject.p2p.btconnectorlib.DiscoveryManager: updateState: Current thread: Thread[Thread-5698,5,main], id: 5698
02-08 19:30:54.929 30644 30705 D org.thaliproject.p2p.btconnectorlib.DiscoveryManager: updateStateInternal Current thread: Thread[Thread-5698,5,main], id: 5698
02-08 19:30:54.929 30644 30705 D org.thaliproject.p2p.btconnectorlib.DiscoveryManager: updateState: State: NOT_STARTED, is discovering: false, is advertising: false
02-08 19:30:54.929 30644 30705 D org.thaliproject.p2p.btconnectorlib.DiscoveryManager: updateStateInternal finished Current thread: Thread[Thread-5698,5,main], id: 5698
02-08 19:30:54.929 30644 30705 D org.thaliproject.p2p.btconnectorlib.DiscoveryManager: updateState finished Current thread: Thread[Thread-5698,5,main], id: 5698
02-08 19:30:54.930 30644 30644 V io.jxcore.node.StartStopOperation: isTargetState: Connectivity: NOT_STARTED, discovery: NOT_STARTED, is discovering: false, is advertising: false - Stop operation: Should start/stop everything
02-08 19:30:54.930 30644 30644 D io.jxcore.node.StartStopOperationHandler: processCurrentOperationStatus: Operation successfully executed
02-08 19:30:54.930 30644 30644 I org.thaliproject.p2p.btconnectorlib.DiscoveryManager: start: Discovery mode: BLE, start discovery: false, start advertiser: false
02-08 19:30:54.930 30644 30644 I org.thaliproject.p2p.btconnectorlib.DiscoveryManager: start: Discovery mode: BLE, start discovery: false, start advertiser: false
02-08 19:30:54.930 30644 30644 D org.thaliproject.p2p.btconnectorlib.ConnectionManager: onIsServerStartedChanged: false
02-08 19:30:54.930 30644 30644 D org.thaliproject.p2p.btconnectorlib.ConnectionManager: updateState: mShouldBeStarted :  false, mIsServerStarted:  false
02-08 19:30:54.930 30644 30644 I org.thaliproject.p2p.btconnectorlib.internal.bluetooth.le.BlePeerDiscoverer: onIsScannerStartedChanged: falseCurrent thread: Thread[main,5,main], id: 1
02-08 19:30:54.931 30644 30644 D org.thaliproject.p2p.btconnectorlib.internal.bluetooth.le.BlePeerDiscoverer: updateState : Current thread: Thread[main,5,main], id: 1
02-08 19:30:54.931 30644 30644 D org.thaliproject.p2p.btconnectorlib.internal.bluetooth.le.BlePeerDiscoverer: updateState: deducedStateSet: [NOT_STARTED]
02-08 19:30:54.932 30644 30644 D org.thaliproject.p2p.btconnectorlib.internal.bluetooth.le.BlePeerDiscoverer: updateState: stateSet: [SCANNING, ADVERTISING]
02-08 19:30:54.932 30644 30644 D org.thaliproject.p2p.btconnectorlib.internal.bluetooth.le.BlePeerDiscoverer: Current thread: Thread[main,5,main], id: 1
02-08 19:30:54.932 30644 30644 D org.thaliproject.p2p.btconnectorlib.internal.bluetooth.le.BlePeerDiscoverer: updateState: State changed from [SCANNING, ADVERTISING] to [NOT_STARTED]Current thread: Thread[main,5,main], id: 1
02-08 19:30:54.932 30644 30644 D org.thaliproject.p2p.btconnectorlib.internal.bluetooth.le.BlePeerDiscoverer: update state finished. Current thread: Thread[main,5,main], id: 1
02-08 19:30:54.932 30644 30644 I org.thaliproject.p2p.btconnectorlib.internal.bluetooth.le.BlePeerDiscoverer: onIsAdvertiserStartedChanged: falseCurrent thread: Thread[main,5,main], id: 1
02-08 19:30:54.932 30644 30644 D org.thaliproject.p2p.btconnectorlib.internal.bluetooth.le.BlePeerDiscoverer: updateState : Current thread: Thread[main,5,main], id: 1
02-08 19:30:54.932 30644 30644 D org.thaliproject.p2p.btconnectorlib.internal.bluetooth.le.BlePeerDiscoverer: updateState: deducedStateSet: [NOT_STARTED]
02-08 19:30:54.932 30644 30644 D org.thaliproject.p2p.btconnectorlib.internal.bluetooth.le.BlePeerDiscoverer: updateState: stateSet: [NOT_STARTED]
02-08 19:30:54.933 30644 30644 D org.thaliproject.p2p.btconnectorlib.internal.bluetooth.le.BlePeerDiscoverer: Current thread: Thread[main,5,main], id: 1
02-08 19:30:54.933 30644 30644 D org.thaliproject.p2p.btconnectorlib.internal.bluetooth.le.BlePeerDiscoverer: update state finished. Current thread: Thread[main,5,main], id: 1
02-08 19:30:54.933 18502 18518 D BtGatt.GattService: onScanFilterParamsConfigured() - clientIf=5, status=0, action=1, availableSpace=32
02-08 19:30:54.933 18502 18518 D BtGatt.ScanManager: callback done for clientIf - 5 status - 0
02-08 19:30:54.933 30644 30644 I io.jxcore.node.ConnectionHelper: onDiscoveryManagerStateChanged: State: NOT_STARTED, is discovering: false, is advertising: false
02-08 19:30:54.933 18502 18521 D BtGatt.ScanManager: stopping BLe Batch
02-08 19:30:54.936 18502 18518 D BtGatt.GattService: onBatchScanStartStopped() - clientIf=5, status=0, startStopAction=0
02-08 19:30:54.936 18502 18518 D BtGatt.ScanManager: callback done for clientIf - 5 status - 0
02-08 19:30:54.936 18502 18521 D BtGatt.ScanManager: flushPendingBatchResults - clientIf = 5
02-08 19:30:54.938 18502 18518 D BtGatt.GattService: onBatchScanReports() - clientIf=5, status=0, reportType=2, numRecords=0
02-08 19:30:54.938 18502 18518 D BtGatt.ScanManager: callback done for clientIf - 5 status - 0
02-08 19:30:54.955 30644 30705 I jxcore-log: 2017-02-08 16:30:54 - DEBUG makeIntoCloseAllServer: 'closeAll called on server'
02-08 19:30:54.955 30644 30705 I jxcore-log: 
02-08 19:30:54.957 30644 30705 D io.jxcore.node.JXcoreExtension: stopAdvertisingAndListening
02-08 19:30:54.957 30644 30705 I io.jxcore.node.ConnectionHelper: stop: Stopping all activities and killing connections
02-08 19:30:54.957 30644 30705 V io.jxcore.node.StartStopOperation: isTargetState: Connectivity: NOT_STARTED, discovery: NOT_STARTED, is discovering: false, is advertising: false - Stop operation: Should start/stop everything
02-08 19:30:54.957 30644 30705 V io.jxcore.node.StartStopOperationHandler: executeCurrentOperation: The current state already matches the desired outcome of this operation, skipping...
02-08 19:30:54.963 30644 30705 I jxcore-log: 2017-02-08 16:30:54 - DEBUG thaliManager: 'stopping listening for advertisements'
02-08 19:30:54.963 30644 30705 I jxcore-log: 
02-08 19:30:54.965 30644 30705 D io.jxcore.node.JXcoreExtension: stopListeningForAdvertisements
02-08 19:30:54.965 30644 30705 I io.jxcore.node.ConnectionHelper: stop: Stopping only listening for advertisements
02-08 19:30:54.965 30644 30705 V io.jxcore.node.StartStopOperation: isTargetState: Connectivity: NOT_STARTED, discovery: NOT_STARTED, is discovering: false, is advertising: false - Stop operation: Should affect listening to advertisements only
02-08 19:30:54.965 30644 30705 V io.jxcore.node.StartStopOperationHandler: executeCurrentOperation: The current state already matches the desired outcome of this operation, skipping...
02-08 19:30:54.974 30644 30705 I jxcore-log: 2017-02-08 16:30:54 - DEBUG thaliManager: 'stopping ThaliMobile'
02-08 19:30:54.974 30644 30705 I jxcore-log: 
02-08 19:30:54.976 30644 30705 I jxcore-log: 2017-02-08 16:30:54 - DEBUG thaliMobile: 'Emitting peerAvailabilityChanged from emitPeerUnavailable {"peerIdentifier":"24:00:BA:F9:9A:9F","connectionType":"AndroidBluetooth","peerAvailable":false,"generation":null,"newAddressPort":null}'
02-08 19:30:54.976 30644 30705 I jxcore-log: 
02-08 19:30:54.976 30644 30705 I jxcore-log: 2017-02-08 16:30:54 - DEBUG thaliMobile: 'Emitting peerAvailabilityChanged from emitPeerUnavailable {"peerIdentifier":"BC:75:74:3A:BC:F8","connectionType":"AndroidBluetooth","peerAvailable":false,"generation":null,"newAddressPort":null}'
02-08 19:30:54.976 30644 30705 I jxcore-log: 
02-08 19:30:54.976 30644 30705 I jxcore-log: 2017-02-08 16:30:54 - DEBUG thaliMobile: 'Emitting peerAvailabilityChanged from emitPeerUnavailable {"peerIdentifier":"ffb16151-8335-49bc-a0c8-b1cb5f128557","connectionType":"tcp","peerAvailable":false,"generation":null,"newAddressPort":null}'
02-08 19:30:54.976 30644 30705 I jxcore-log: 
02-08 19:30:54.976 30644 30705 I jxcore-log: 2017-02-08 16:30:54 - DEBUG thaliMobile: 'Emitting peerAvailabilityChanged from emitPeerUnavailable {"peerIdentifier":"e2b32dbd-7900-4208-b601-49a6e5434ae0","connectionType":"tcp","peerAvailable":false,"generation":null,"newAddressPort":null}'
02-08 19:30:54.976 30644 30705 I jxcore-log: 
02-08 19:30:54.977 30644 30705 D io.jxcore.node.JXcoreExtension: stopAdvertisingAndListening
02-08 19:30:54.978 30644 30705 I io.jxcore.node.ConnectionHelper: stop: Stopping all activities and killing connections
02-08 19:30:54.978 30644 30705 V io.jxcore.node.StartStopOperation: isTargetState: Connectivity: NOT_STARTED, discovery: NOT_STARTED, is discovering: false, is advertising: false - Stop operation: Should start/stop everything
02-08 19:30:54.978 30644 30705 V io.jxcore.node.StartStopOperationHandler: executeCurrentOperation: The current state already matches the desired outcome of this operation, skipping...
02-08 19:30:54.979 30644 30705 D io.jxcore.node.JXcoreExtension: stopListeningForAdvertisements
02-08 19:30:54.979 30644 30705 I io.jxcore.node.ConnectionHelper: stop: Stopping only listening for advertisements
02-08 19:30:54.980 30644 30705 V io.jxcore.node.StartStopOperation: isTargetState: Connectivity: NOT_STARTED, discovery: NOT_STARTED, is discovering: false, is advertising: false - Stop operation: Should affect listening to advertisements only
02-08 19:30:54.980 30644 30705 V io.jxcore.node.StartStopOperationHandler: executeCurrentOperation: The current state already matches the desired outcome of this operation, skipping...
02-08 19:30:54.981 30644 30705 I jxcore-log: 2017-02-08 16:30:54 - DEBUG makeIntoCloseAllServer: 'closeAll called on server'
02-08 19:30:54.981 30644 30705 I jxcore-log: 
02-08 19:30:54.981 30644 30705 I jxcore-log: 2017-02-08 16:30:54 - DEBUG makeIntoCloseAllServer: 'closeAll called on server'
02-08 19:30:54.981 30644 30705 I jxcore-log: 
02-08 19:30:54.982 30644 30705 I jxcore-log: 2017-02-08 16:30:54 - DEBUG makeIntoCloseAllServer: 'closeAll called on server'
02-08 19:30:54.982 30644 30705 I jxcore-log: 
02-08 19:30:54.982 30644 30705 I jxcore-log: 2017-02-08 16:30:54 - DEBUG createNativeListener: 'Native Server - close'
02-08 19:30:54.982 30644 30705 I jxcore-log: 
02-08 19:30:54.983 30644 30705 I jxcore-log: 2017-02-08 16:30:54 - DEBUG makeIntoCloseAllServer: 'closeAll called on server'
02-08 19:30:54.983 30644 30705 I jxcore-log: 
02-08 19:30:55.022 30644 30705 I jxcore-log: # setup
02-08 19:30:55.022 30644 30705 I jxcore-log: 
02-08 19:30:55.060 18502 18535 W bt_btif : bta_dm_acl_change info: 0x10
02-08 19:30:55.060 18502 18518 D bt_btif_dm: remote version info [bc:75:74:3a:bc:f8]: 0, 0, 0
02-08 19:30:55.062 18502 18518 E BluetoothRemoteDevices: state12newState0
02-08 19:30:55.076 12843 12843 I BTConnectionReceiver: onReceive(context, Intent { act=android.bluetooth.device.action.ACL_CONNECTED flg=0x4000010 cmp=com.google.android.googlequicksearchbox/com.google.android.search.core.service.BluetoothConnectionReceiver (has extras) }, [BluetoothDevice: address=BC:75:74:3A:BC:F8, alias=null, name=Nexus 6P, majorDeviceClass=512, deviceClass=524]
02-08 19:30:55.078 12843 12843 I BluetoothClassifier: Bluetooth Device Name: Nexus 6P
02-08 19:30:55.285 18502 18535 W bt_sdp  : process_service_search_attr_rsp
02-08 19:30:55.323 18502 18535 E bt_btif_sock_rfcomm: find_rfc_slot_by_id unable to find RFCOMM slot id: 3604
02-08 19:30:55.435 30644 30644 V io.jxcore.node.ConnectionHelper: Notifying discovery manager state change: is discovering: false, is advertising: false
02-08 19:30:55.438 30644 30705 I jxcore-log: 2017-02-08 16:30:55 - DEBUG thaliMobileNativeWrapper: 'discoveryAdvertisingStateUpdateNonTCP: {"discoveryActive":false,"advertisingActive":false}'
02-08 19:30:55.438 30644 30705 I jxcore-log: 
02-08 19:30:55.440 30644 30705 I jxcore-log: 2017-02-08 16:30:55 - INFO thaliMobile: 'Filtered out discoveryAdvertisingStateUpdate (was in stopped state).'
02-08 19:30:55.440 30644 30705 I jxcore-log: 
02-08 19:30:55.900 18502 18535 E bt_btm  : tBTM_SEC_DEV:0xf3d6a2d8 rs_disc_pending=1
02-08 19:30:55.901 18502 18535 W bt_btif : bta_dm_check_av:0
02-08 19:30:55.901 18502 18518 W bt_btif : btif_dm_cback : unhandled event (14)
02-08 19:30:56.032 18502 18535 E bt_btm  : tBTM_SEC_DEV:0xf3d6a4c8 rs_disc_pending=0
02-08 19:30:56.033 18502 18535 W bt_btif : bta_dm_check_av:0
02-08 19:30:56.033 18502 18518 W bt_btif : btif_dm_cback : unhandled event (14)
02-08 19:30:56.084 30644 30705 I jxcore-log: # test repeat write 1
02-08 19:30:56.084 30644 30705 I jxcore-log: 
02-08 19:30:56.137 30644 30705 I jxcore-log: 2017-02-08 16:30:56 - DEBUG thaliManager: 'starting thaliPullReplicationFromNotification'
02-08 19:30:56.137 30644 30705 I jxcore-log: 
02-08 19:30:56.139 30644 30705 I jxcore-log: 2017-02-08 16:30:56 - DEBUG thaliPullReplicationFromNotification: 'starting thaliPeerPoolInterface'
02-08 19:30:56.139 30644 30705 I jxcore-log: 
02-08 19:30:56.139 30644 30705 I jxcore-log: 2017-02-08 16:30:56 - DEBUG thaliManager: 'starting ThaliMobile'
02-08 19:30:56.139 30644 30705 I jxcore-log: 
02-08 19:30:56.151 30644 30705 I jxcore-log: 2017-02-08 16:30:56 - DEBUG thaliMobileNativeWrapper: 'listening 41268'
02-08 19:30:56.151 30644 30705 I jxcore-log: 
02-08 19:30:56.153 30644 30705 I jxcore-log: 2017-02-08 16:30:56 - DEBUG createNativeListener: 'Creating Native Server'
02-08 19:30:56.153 30644 30705 I jxcore-log: 
02-08 19:30:56.156 30644 30705 I jxcore-log: 2017-02-08 16:30:56 - DEBUG createNativeListener: 'listening 45311'
02-08 19:30:56.156 30644 30705 I jxcore-log: 
02-08 19:30:56.158 30644 30705 I jxcore-log: 2017-02-08 16:30:56 - DEBUG thaliManager: 'start listening for advertisements'
02-08 19:30:56.158 30644 30705 I jxcore-log: 
02-08 19:30:56.162 30644 30705 D io.jxcore.node.JXcoreExtension: startListeningForAdvertisements
02-08 19:30:56.164 30644 30705 I io.jxcore.node.ConnectionHelper: start: Port number: 48919, start advertisements: false
02-08 19:30:56.164 30644 30705 V io.jxcore.node.ConnectivityMonitor: start: Already started
02-08 19:30:56.164 30644 30705 V io.jxcore.node.StartStopOperation: isTargetState: Connectivity: NOT_STARTED, discovery: NOT_STARTED, is discovering: false, is advertising: false - Start operation: Should affect listening to advertisements only
02-08 19:30:56.164 30644 30705 V io.jxcore.node.StartStopOperationHandler: executeCurrentOperation: Executing: Start operation: Should affect listening to advertisements only
02-08 19:30:56.164 30644 30705 I org.thaliproject.p2p.btconnectorlib.DiscoveryManager: start: Discovery mode: BLE, start discovery: true, start advertiser: false
02-08 19:30:56.164 30644 30705 I org.thaliproject.p2p.btconnectorlib.internal.bluetooth.BluetoothManager: bind: Binding a new listener
02-08 19:30:56.164 30644 30705 I org.thaliproject.p2p.btconnectorlib.internal.wifi.WifiDirectManager: bind: Binding a new listener
02-08 19:30:56.167 30644 30705 D org.thaliproject.p2p.btconnectorlib.DiscoveryManager: startBlePeerDiscoverer
02-08 19:30:56.167 30644 30705 V io.jxcore.node.ConnectionHelper: Received a request for permission "android.permission.ACCESS_COARSE_LOCATION", but we are expecting that all the required permissions have already been granted
02-08 19:30:56.167 30644 30705 V org.thaliproject.p2p.btconnectorlib.DiscoveryManager: getBlePeerDiscovererInstanceAndCheckBluetoothMacAddress: Constructing...
02-08 19:30:56.170 30644 30705 D org.thaliproject.p2p.btconnectorlib.internal.bluetooth.le.BleAdvertiser: setAdvertiseSettings, Current thread: Thread[Thread-5698,5,main], id: 5698
02-08 19:30:56.170 30644 30705 I org.thaliproject.p2p.btconnectorlib.internal.bluetooth.le.BleAdvertiser: setAdvertiseSettings: Mode: 2, Tx power level: 3, timeout: 0, is connectable: false
02-08 19:30:56.170 30644 30705 D org.thaliproject.p2p.btconnectorlib.internal.bluetooth.le.BleScanner: applyAdditionalMarshmallowSettings
02-08 19:30:56.170 30644 30705 I org.thaliproject.p2p.btconnectorlib.internal.bluetooth.le.BleScanner: setScanSettings: Mode: 2, report delay in milliseconds: 500, scan result type: 0
02-08 19:30:56.170 30644 30705 D org.thaliproject.p2p.btconnectorlib.internal.bluetooth.le.BlePeerDiscoverer: Beacon extra: 2
02-08 19:30:56.173 30644 30705 D org.thaliproject.p2p.btconnectorlib.internal.bluetooth.le.BlePeerDiscoverer: startScanner: Current thread: Thread[Thread-5698,5,main], id: 5698
02-08 19:30:56.173 30644 30705 I org.thaliproject.p2p.btconnectorlib.internal.bluetooth.le.BlePeerDiscoverer: startScanner: Starting...
02-08 19:30:56.173 30644 30705 D org.thaliproject.p2p.btconnectorlib.internal.bluetooth.le.BlePeerDiscoveryUtils: createScanFilter: No service UUID, use manufacturer ID: true
02-08 19:30:56.173 30644 30705 D org.thaliproject.p2p.btconnectorlib.internal.bluetooth.le.BlePeerDiscoveryUtils: manufacturer ID: 61973
