02-08 19:30:56.341 11651 11667 D BtGatt.GattService: Batch record : [15, -67, 58, 116, 117, -68, 0, -128, -60, 1, 0, 29, 17, 7, -112, -75, 1, 68, 117, 5, -46, -118, 48, 73, 103, 39, 36, 33, -34, 59, 10, 22, 36, 33, 5, -68, 117, 116, 58, -67, 15, 0, -97, -102, -7, -70, 0, 36, 0, -128, -58, 1, 0, 29, 17, 7, -112, -75, 1, 68, 117, 5, -46, -118, 48, 73, 103, 39, 36, 33, -34, 59, 10, 22, 36, 33, 6, 36, 0, -70, -7, -102, -97, 0]
02-08 19:30:56.341 11651 11667 D BtGatt.GattService: ScanRecord : [17, 7, -112, -75, 1, 68, 117, 5, -46, -118, 48, 73, 103, 39, 36, 33, -34, 59, 10, 22, 36, 33, 5, -68, 117, 116, 58, -67, 15]
02-08 19:30:56.342 11651 11667 D BtGatt.GattService: ScanRecord : [17, 7, -112, -75, 1, 68, 117, 5, -46, -118, 48, 73, 103, 39, 36, 33, -34, 59, 10, 22, 36, 33, 6, 36, 0, -70, -7, -102, -97]
02-08 19:30:56.342 25576 25634 I jxcore-log: 2017-02-08 16:30:56 - DEBUG createPeerListener: 'We are emitting listenerRecreatedAfterFailure with peerIdentifier 24:00:BA:F9:9A:9F and portNumber 47518'
02-08 19:30:56.342 25576 25634 I jxcore-log: 
02-08 19:30:56.342 25576 25634 I jxcore-log: 2017-02-08 16:30:56 - DEBUG thaliMobileNativeWrapper: 'listenerRecreatedAfterFailureHandler - We are emitting nonTCPPeerAvailabilityChangedEvent with peerIdentifier 24:00:BA:F9:9A:9F, generation 5, and portNumber 47518'
02-08 19:30:56.342 25576 25634 I jxcore-log: 
02-08 19:30:56.342 25576 25576 D org.thaliproject.p2p.btconnectorlib.internal.bluetooth.le.BleScanner: onBatchScanResults: results count  = 2. Current thread: Thread[main,5,main], id: 1
02-08 19:30:56.343 25576 25634 I jxcore-log: 2017-02-08 16:30:56 - DEBUG thaliMobile: 'Emitting peerAvailabilityChanged from handleRecreatedPeer {"peerIdentifier":"24:00:BA:F9:9A:9F","connectionType":"AndroidBluetooth","peerAvailable":true,"generation":5,"newAddressPort":false}'
02-08 19:30:56.343 25576 25634 I jxcore-log: 
02-08 19:30:56.343 25576 25576 D org.thaliproject.p2p.btconnectorlib.internal.bluetooth.le.BlePeerDiscoverer: checkScanResult: ScanResult{mDevice=24:00:BA:F9:9A:9F, mScanRecord=ScanRecord [mAdvertiseFlags=-1, mServiceUuids=[3bde2124-2767-4930-8ad2-05754401b590], mManufacturerSpecificData={}, mServiceData={00002124-0000-1000-8000-00805f9b34fb=[6, 36, 0, -70, -7, -102, -97]}, mTxPowerLevel=-2147483648, mDeviceName=null], mRssi=-58, mTimestampNanos=2006213891470154}
02-08 19:30:56.343 25576 25576 D org.thaliproject.p2p.btconnectorlib.internal.bluetooth.le.BlePeerDiscoverer: checkScanResult: parsedAdvertisement: [UUID = null, bluetoothMacAddress = 24:00:BA:F9:9A:9F, provideBluetoothMacAddressRequestId = nullextra info = 6]
02-08 19:30:56.343 25576 25576 V org.thaliproject.p2p.btconnectorlib.internal.bluetooth.le.BlePeerDiscoverer: checkScanResult: Resolved advertisement type: ADVERTISEMENT_PEER_PROPERTIES
02-08 19:30:56.343 25576 25576 D org.thaliproject.p2p.btconnectorlib.internal.bluetooth.le.PeerAdvertisementFactory: Parsed advertisment: [UUID = 3bde2124-2767-4930-8ad2-05754401b590, bluetoothMacAddress = 24:00:BA:F9:9A:9F, provideBluetoothMacAddressRequestId = nullextra info = 6]
02-08 19:30:56.343 25576 25576 D org.thaliproject.p2p.btconnectorlib.internal.bluetooth.le.BlePeerDiscoverer: checkScanResult onPeerDiscovered [24:00:BA:F9:9A:9F 6]
02-08 19:30:56.344 25576 25576 D org.thaliproject.p2p.btconnectorlib.internal.bluetooth.le.BlePeerDiscoverer: checkScanResult: ScanResult{mDevice=BC:75:74:3A:BD:0F, mScanRecord=ScanRecord [mAdvertiseFlags=-1, mServiceUuids=[3bde2124-2767-4930-8ad2-05754401b590], mManufacturerSpecificData={}, mServiceData={00002124-0000-1000-8000-00805f9b34fb=[5, -68, 117, 116, 58, -67, 15]}, mTxPowerLevel=-2147483648, mDeviceName=null], mRssi=-60, mTimestampNanos=2006213891470154}
02-08 19:30:56.344 25576 25576 D org.thaliproject.p2p.btconnectorlib.internal.bluetooth.le.BlePeerDiscoverer: checkScanResult: parsedAdvertisement: [UUID = null, bluetoothMacAddress = BC:75:74:3A:BD:0F, provideBluetoothMacAddressRequestId = nullextra info = 5]
02-08 19:30:56.344 25576 25576 V org.thaliproject.p2p.btconnectorlib.internal.bluetooth.le.BlePeerDiscoverer: checkScanResult: Resolved advertisement type: ADVERTISEMENT_PEER_PROPERTIES
02-08 19:30:56.344 25576 25576 D org.thaliproject.p2p.btconnectorlib.internal.bluetooth.le.PeerAdvertisementFactory: Parsed advertisment: [UUID = 3bde2124-2767-4930-8ad2-05754401b590, bluetoothMacAddress = BC:75:74:3A:BD:0F, provideBluetoothMacAddressRequestId = nullextra info = 5]
02-08 19:30:56.344 25576 25576 D org.thaliproject.p2p.btconnectorlib.internal.bluetooth.le.BlePeerDiscoverer: checkScanResult onPeerDiscovered [BC:75:74:3A:BD:0F 5]
02-08 19:30:56.344 25576 25576 D org.thaliproject.p2p.btconnectorlib.DiscoveryManager: onPeerDiscovered: [24:00:BA:F9:9A:9F 6]
02-08 19:30:56.344 25576 25576 V org.thaliproject.p2p.btconnectorlib.utils.PeerModel: addOrUpdateDiscoveredPeer: [24:00:BA:F9:9A:9F 6]
02-08 19:30:56.344 25576 25576 D org.thaliproject.p2p.btconnectorlib.utils.PeerModel: has more info: false,  extra info differs: true
02-08 19:30:56.344 25576 25576 D org.thaliproject.p2p.btconnectorlib.utils.PeerModel: Want to call onPeerUpdated. Listeners size = 1
02-08 19:30:56.344 25576 25576 D org.thaliproject.p2p.btconnectorlib.DiscoveryManager: onPeerUpdated: [24:00:BA:F9:9A:9F 6]
02-08 19:30:56.345 25576 25576 V org.thaliproject.p2p.btconnectorlib.utils.PeerModel: addOrUpdateDiscoveredPeer: Timestamp of peer [24:00:BA:F9:9A:9F 6] updated - the peer count is 2
02-08 19:30:56.345 25576 25576 D org.thaliproject.p2p.btconnectorlib.DiscoveryManager: onPeerDiscovered: [BC:75:74:3A:BD:0F 5]
02-08 19:30:56.345 25576 25576 V org.thaliproject.p2p.btconnectorlib.utils.PeerModel: addOrUpdateDiscoveredPeer: [BC:75:74:3A:BD:0F 5]
02-08 19:30:56.345 25576 25576 D org.thaliproject.p2p.btconnectorlib.utils.PeerModel: has more info: false,  extra info differs: true
02-08 19:30:56.345 25576 25576 D org.thaliproject.p2p.btconnectorlib.utils.PeerModel: Want to call onPeerUpdated. Listeners size = 1
02-08 19:30:56.345 25576 25576 D org.thaliproject.p2p.btconnectorlib.DiscoveryManager: onPeerUpdated: [BC:75:74:3A:BD:0F 5]
02-08 19:30:56.345 25576 25576 V org.thaliproject.p2p.btconnectorlib.utils.PeerModel: addOrUpdateDiscoveredPeer: Timestamp of peer [BC:75:74:3A:BD:0F 5] updated - the peer count is 2
02-08 19:30:56.345 25576 25576 I io.jxcore.node.ConnectionHelper: onPeerUpdated: [24:00:BA:F9:9A:9F 6], device name: 'null', device address: 'null'
02-08 19:30:56.345 25576 25576 I io.jxcore.node.ConnectionHelper: onPeerUpdated: [BC:75:74:3A:BD:0F 5], device name: 'null', device address: 'null'
02-08 19:30:56.360 25576 25634 I jxcore-log: 2017-02-08 16:30:56 - DEBUG thaliReplicationPeerAction: 'Got paused with -  '
02-08 19:30:56.360 25576 25634 I jxcore-log: 
02-08 19:30:56.364 25576 25634 I jxcore-log: 2017-02-08 16:30:56 - DEBUG thaliManager: 'connected pskIdentity N4Co1KLQ8q11QJKT9ynP9TzJ-jlvWPzCARSO91L2-gs for path /db/ThaliManagerCoordinated/_changes'
02-08 19:30:56.364 25576 25634 I jxcore-log: 
02-08 19:30:56.367 25576 25634 I jxcore-log: 2017-02-08 16:30:56 - DEBUG createPeerListener: 'Issuing callNative for 24:00:BA:F9:9A:9F'
02-08 19:30:56.367 25576 25634 I jxcore-log: 
02-08 19:30:56.369 25576 25634 D io.jxcore.node.JXcoreExtension: connect: 24:00:BA:F9:9A:9F
02-08 19:30:56.369 25576 25634 I io.jxcore.node.ConnectionHelper: connect: Trying to connect to peer with ID 24:00:BA:F9:9A:9F
02-08 19:30:56.369 25576 25634 I org.thaliproject.p2p.btconnectorlib.ConnectionManager: connect: [24:00:BA:F9:9A:9F 6]
02-08 19:30:56.369 25576 25634 I org.thaliproject.p2p.btconnectorlib.internal.bluetooth.BluetoothConnector: connect: Trying to start connecting to XYZ in address 24:00:BA:F9:9A:9F
02-08 19:30:56.369 25576 25634 I org.thaliproject.p2p.btconnectorlib.internal.bluetooth.BluetoothClientThread: setInsecureRfcommSocketPortNumber: Using port 1
02-08 19:30:56.369 25576 25634 I org.thaliproject.p2p.btconnectorlib.internal.bluetooth.BluetoothClientThread: setMaxNumberOfRetries: 0
02-08 19:30:56.370 25576 25634 I org.thaliproject.p2p.btconnectorlib.ConnectionManager: onConnecting: XYZ 24:00:BA:F9:9A:9F
02-08 19:30:56.370 25576 25634 D org.thaliproject.p2p.btconnectorlib.internal.bluetooth.BluetoothConnector: connect: Started connecting to XYZ in address 24:00:BA:F9:9A:9F
02-08 19:30:56.370 25576 25634 I io.jxcore.node.ConnectionHelper: connect: Connection process successfully started (peer ID: 24:00:BA:F9:9A:9F)
02-08 19:30:56.370 25576 25662 I org.thaliproject.p2p.btconnectorlib.internal.bluetooth.BluetoothClientThread: Trying to connect to peer with address 24:00:BA:F9:9A:9F (thread ID: 907)
02-08 19:30:56.370 25576 25662 D org.thaliproject.p2p.btconnectorlib.internal.bluetooth.BluetoothClientThread: tryToConnect:  socketConnectSucceeded = false, mIsShuttingDown = false
02-08 19:30:56.370 25576 25662 D org.thaliproject.p2p.btconnectorlib.internal.bluetooth.BluetoothClientThread:  createSocketAndConnect: socket closed
02-08 19:30:56.370 25576 25662 D org.thaliproject.p2p.btconnectorlib.internal.bluetooth.BluetoothClientThread:  createSocketAndConnect: given port
02-08 19:30:56.371 25576 25662 D org.thaliproject.p2p.btconnectorlib.internal.bluetooth.BluetoothUtils: createBluetoothSocketToServiceRecord: Socket created with channel/port 1
02-08 19:30:56.371 25576 25662 E org.thaliproject.p2p.btconnectorlib.internal.bluetooth.BluetoothClientThread:  createSocketAndConnect: connecting
02-08 19:30:56.371 25576 25662 W BluetoothAdapter: getBluetoothService() called with no BluetoothManagerCallback
02-08 19:30:56.376 25576 25634 I jxcore-log: 2017-02-08 16:30:56 - DEBUG thaliMobileNativeWrapper: 'Received peerAvailabilityChanged event from native layer [{"peerIdentifier":"24:00:BA:F9:9A:9F","generation":6,"peerAvailable":true}]'
02-08 19:30:56.376 25576 25634 I jxcore-log: 
02-08 19:30:56.376 25576 25634 I jxcore-log: 2017-02-08 16:30:56 - DEBUG thaliMobileNativeWrapper: 'Received peer availability changed event with {"peerIdentifier":"24:00:BA:F9:9A:9F","generation":6,"peerAvailable":true}'
02-08 19:30:56.376 25576 25634 I jxcore-log: 
02-08 19:30:56.377 25576 25634 I jxcore-log: 2017-02-08 16:30:56 - DEBUG thaliMobileNativeWrapper: 'Received peerAvailabilityChanged event from native layer [{"peerIdentifier":"BC:75:74:3A:BD:0F","generation":5,"peerAvailable":true}]'
02-08 19:30:56.377 25576 25634 I jxcore-log: 
02-08 19:30:56.377 25576 25634 I jxcore-log: 2017-02-08 16:30:56 - DEBUG thaliMobileNativeWrapper: 'Received peer availability changed event with {"peerIdentifier":"BC:75:74:3A:BD:0F","generation":5,"peerAvailable":true}'
02-08 19:30:56.377 25576 25634 I jxcore-log: 
02-08 19:30:56.378 25576 25634 I jxcore-log: 2017-02-08 16:30:56 - DEBUG thaliMobileNativeWrapper: 'handlePeerAvailabilityChanged - Emitting {"peerIdentifier":"24:00:BA:F9:9A:9F","peerAvailable":true,"generation":6,"portNumber":47518}'
02-08 19:30:56.378 25576 25634 I jxcore-log: 
02-08 19:30:56.378 25576 25634 I jxcore-log: 2017-02-08 16:30:56 - DEBUG thaliMobile: 'Emitting peerAvailabilityChanged from handlePeer {"peerIdentifier":"24:00:BA:F9:9A:9F","connectionType":"AndroidBluetooth","peerAvailable":true,"generation":6,"newAddressPort":false}'
02-08 19:30:56.378 25576 25634 I jxcore-log: 
02-08 19:30:56.381 25576 25634 I jxcore-log: 2017-02-08 16:30:56 - DEBUG thaliMobileNativeWrapper: 'handlePeerAvailabilityChanged - Emitting {"peerIdentifier":"BC:75:74:3A:BD:0F","peerAvailable":true,"generation":5,"portNumber":39950}'
02-08 19:30:56.381 25576 25634 I jxcore-log: 
02-08 19:30:56.382 25576 25634 I jxcore-log: 2017-02-08 16:30:56 - DEBUG thaliMobile: 'Emitting peerAvailabilityChanged from handlePeer {"peerIdentifier":"BC:75:74:3A:BD:0F","connectionType":"AndroidBluetooth","peerAvailable":true,"generation":5,"newAddressPort":false}'
02-08 19:30:56.382 25576 25634 I jxcore-log: 
02-08 19:30:56.390 25576 25634 I jxcore-log: 2017-02-08 16:30:56 - DEBUG thaliManager: 'connected pskIdentity kCk07AyPSHJyO2w3Riy24w_j6wg-Dv8QWVQWLUsgtGc for path /db/ThaliManagerCoordinated/_local/thali_BLI6y_VxY6EKfQA8JWGREx4m01fheVSXFMKYsbD1UDWlE4Aq6l07qNObCg5ArLDA-nFectdYMUzOJo3EvFfs2o8'
02-08 19:30:56.390 25576 25634 I jxcore-log: 
02-08 19:30:56.390 25529 25529 W Atfwd_Sendcmd: AtCmdFwd service not published, waiting... retryCnt : 5
02-08 19:30:56.413 25576 25634 I jxcore-log: 2017-02-08 16:30:56 - DEBUG thaliReplicationPeerAction: 'Replication resumed'
02-08 19:30:56.413 25576 25634 I jxcore-log: 
02-08 19:30:56.420 25576 25634 I jxcore-log: 2017-02-08 16:30:56 - DEBUG thaliManager: 'connected pskIdentity N4Co1KLQ8q11QJKT9ynP9TzJ-jlvWPzCARSO91L2-gs for path /db/ThaliManagerCoordinated/_bulk_get'
02-08 19:30:56.420 25576 25634 I jxcore-log: 
02-08 19:30:56.442 25576 25634 I jxcore-log: 2017-02-08 16:30:56 - DEBUG thaliManager: 'connected pskIdentity kCk07AyPSHJyO2w3Riy24w_j6wg-Dv8QWVQWLUsgtGc for path /db/ThaliManagerCoordinated/_local/_ECLRbvSEFWitoTJrNNcAw%3D%3D'
02-08 19:30:56.442 25576 25634 I jxcore-log: 
02-08 19:30:56.446 25576 25634 I jxcore-log: 2017-02-08 16:30:56 - DEBUG thaliManager: 'connected pskIdentity N4Co1KLQ8q11QJKT9ynP9TzJ-jlvWPzCARSO91L2-gs for path /db/ThaliManagerCoordinated/_local/thali_BDv6espUobl-L2ErgHK90mLRlcNXWF8OWVzHwj2GYMsSQc5cgdotWzk09IgpJGnotO38KxeECoEraXiAGCPZsbU'
02-08 19:30:56.446 25576 25634 I jxcore-log: 
02-08 19:30:56.588 25576 25634 I jxcore-log: 2017-02-08 16:30:56 - DEBUG thaliReplicationPeerAction: 'Replication resumed'
02-08 19:30:56.588 25576 25634 I jxcore-log: 
02-08 19:30:56.597 25576 25634 I jxcore-log: 2017-02-08 16:30:56 - DEBUG thaliSendNotificationBasedOnReplication: 'We must have stopped because we are complete -{"status":"cancelled"}'
02-08 19:30:56.597 25576 25634 I jxcore-log: 
02-08 19:30:56.640 25576 25634 D io.jxcore.node.JXcoreExtension: startUpdateAdvertisingAndListening
02-08 19:30:56.641 25576 25634 I io.jxcore.node.ConnectionHelper: start: Port number: 46325, start advertisements: true
02-08 19:30:56.641 25576 25634 V io.jxcore.node.ConnectivityMonitor: start: Already started
02-08 19:30:56.641 25576 25634 I io.jxcore.node.StartStopOperationHandler: updateBeaconAdExtraInformation: New value: 5
02-08 19:30:56.642 25576 25634 I org.thaliproject.p2p.btconnectorlib.DiscoveryManagerSettings: setBeaconAdExtraInformation: 4 -> 5
02-08 19:30:56.642 25576 25634 I org.thaliproject.p2p.btconnectorlib.internal.AbstractBluetoothConnectivityAgent: clearIdentityString
02-08 19:30:56.642 25576 25634 I org.thaliproject.p2p.btconnectorlib.internal.AbstractBluetoothConnectivityAgent: verifyIdentityString: Identity string created: {"generation":5,"address":"BC:75:74:3A:BC:F8"}
02-08 19:30:56.643 25576 25634 D org.thaliproject.p2p.btconnectorlib.internal.bluetooth.BluetoothConnector: setIdentityString: {"generation":5,"address":"BC:75:74:3A:BC:F8"}
02-08 19:30:56.643 25576 25634 D org.thaliproject.p2p.btconnectorlib.DiscoveryManager: onAdvertiseScanSettingsChanged: Current thread: Thread[Thread-897,5,main], id: 897
02-08 19:30:56.643 25576 25634 I org.thaliproject.p2p.btconnectorlib.internal.bluetooth.le.BlePeerDiscoverer: applySettings:
02-08 19:30:56.643 25576 25634 I org.thaliproject.p2p.btconnectorlib.internal.bluetooth.le.BlePeerDiscoverer:     - Manufacturer ID: 61973
02-08 19:30:56.643 25576 25634 I org.thaliproject.p2p.btconnectorlib.internal.bluetooth.le.BlePeerDiscoverer:     - Beacon ad length and type: 533
02-08 19:30:56.643 25576 25634 I org.thaliproject.p2p.btconnectorlib.internal.bluetooth.le.BlePeerDiscoverer:     - Beacon ad extra information: 5
02-08 19:30:56.643 25576 25634 I org.thaliproject.p2p.btconnectorlib.internal.bluetooth.le.BlePeerDiscoverer:     - Advertisement data type: DO_NOT_CARE
02-08 19:30:56.643 25576 25634 I org.thaliproject.p2p.btconnectorlib.internal.bluetooth.le.BlePeerDiscoverer:     - Advertise mode: 2
02-08 19:30:56.643 25576 25634 I org.thaliproject.p2p.btconnectorlib.internal.bluetooth.le.BlePeerDiscoverer:     - Advertise TX power level: 3
02-08 19:30:56.643 25576 25634 I org.thaliproject.p2p.btconnectorlib.internal.bluetooth.le.BlePeerDiscoverer:     - Scan mode: 2
02-08 19:30:56.643 25576 25634 I org.thaliproject.p2p.btconnectorlib.internal.bluetooth.le.BlePeerDiscoverer:     - Scan report delay in milliseconds: 500
02-08 19:30:56.643 25576 25634 I org.thaliproject.p2p.btconnectorlib.internal.bluetooth.le.BlePeerDiscoverer:     - Current thread: Thread[Thread-897,5,main], id: 897
02-08 19:30:56.643 25576 25634 D org.thaliproject.p2p.btconnectorlib.internal.bluetooth.le.BlePeerDiscoverer: Beacon extra: 5
02-08 19:30:56.643 25576 25634 D org.thaliproject.p2p.btconnectorlib.internal.bluetooth.le.BlePeerDiscoverer: applySettings: advertiserWasStarted true Current thread: Thread[Thread-897,5,main], id: 897
02-08 19:30:56.643 25576 25634 D org.thaliproject.p2p.btconnectorlib.internal.bluetooth.le.BlePeerDiscoverer: applySettings: stop advertiser Current thread: Thread[Thread-897,5,main], id: 897
02-08 19:30:56.643 25576 25634 D org.thaliproject.p2p.btconnectorlib.internal.bluetooth.le.BleAdvertiser: stop. Current thread: Thread[Thread-897,5,main], id: 897
02-08 19:30:56.644 11651 11669 D BtGatt.AdvertiseManager: message : 1
02-08 19:30:56.645 11651 11669 D BtGatt.AdvertiseManager: stop advertise for client 6
02-08 19:30:56.650 11651 11667 D BtGatt.GattService: onAdvertiseInstanceDisabled() - clientIf=6, status=0
02-08 19:30:56.650 11651 11667 D BtGatt.GattService: Client app is not null!
02-08 19:30:56.652 11651 11661 D BtGatt.GattService: unregisterClient() - clientIf=6
02-08 19:30:56.652 25576 25634 D org.thaliproject.p2p.btconnectorlib.internal.bluetooth.le.BleAdvertiser: stop: Stopped
02-08 19:30:56.652 25576 25634 D org.thaliproject.p2p.btconnectorlib.internal.bluetooth.le.BleAdvertiser: setState: current  = RUNNING, new = NOT_STARTEDCurrent thread: Thread[Thread-897,5,main], id: 897
02-08 19:30:56.652 25576 25634 D org.thaliproject.p2p.btconnectorlib.internal.bluetooth.le.BleAdvertiser: setState: State changed from RUNNING to NOT_STARTED
02-08 19:30:56.652 25576 25634 D org.thaliproject.p2p.btconnectorlib.internal.bluetooth.le.BleAdvertiser: setState: finished Current thread: Thread[Thread-897,5,main], id: 897
02-08 19:30:56.652 25576 25634 D org.thaliproject.p2p.btconnectorlib.internal.bluetooth.le.BleAdvertiser: stop finished. Current thread: Thread[Thread-897,5,main], id: 897
02-08 19:30:56.652 25576 25634 D org.thaliproject.p2p.btconnectorlib.internal.bluetooth.le.BleAdvertiser: setAdvertiseSettings, Current thread: Thread[Thread-897,5,main], id: 897
02-08 19:30:56.653 25576 25634 I org.thaliproject.p2p.btconnectorlib.internal.bluetooth.le.BleAdvertiser: setAdvertiseSettings: Mode: 2, Tx power level: 3, timeout: 0, is connectable: false
02-08 19:30:56.653 25576 25634 D org.thaliproject.p2p.btconnectorlib.internal.bluetooth.le.BlePeerDiscoverer: applySettings: start advertiser Current thread: Thread[Thread-897,5,main], id: 897
02-08 19:30:56.653 25576 25634 D org.thaliproject.p2p.btconnectorlib.internal.bluetooth.le.BlePeerDiscoverer: startAdvertiser: Current thread: Thread[Thread-897,5,main], id: 897
02-08 19:30:56.653 25576 25634 D org.thaliproject.p2p.btconnectorlib.internal.bluetooth.le.BlePeerDiscoverer: stopPeerAddressHelperAdvertiser Current thread: Thread[Thread-897,5,main], id: 897
02-08 19:30:56.653 25576 25634 I org.thaliproject.p2p.btconnectorlib.internal.bluetooth.le.BlePeerDiscoverer: startAdvertiser: Starting...
02-08 19:30:56.653 25576 25634 D org.thaliproject.p2p.btconnectorlib.internal.bluetooth.le.BlePeerDiscoverer: createAdvertiseData: createAdvertiseDataToServiceData 
02-08 19:30:56.653 25576 25634 I org.thaliproject.p2p.btconnectorlib.internal.bluetooth.le.PeerAdvertisementFactory: createAdvertiseDataToServiceData: Service UUID: "3bde2124-2767-4930-8ad2-05754401b590", Bluetooth MAC address: "BC:75:74:3A:BC:F8"
02-08 19:30:56.653 25576 25634 V org.thaliproject.p2p.btconnectorlib.internal.bluetooth.le.PeerAdvertisementFactory: createAdvertiseDataToServiceData: Service data (length is 7 bytes): 05 BC 75 74 3A BC F8
02-08 19:30:56.653 25576 25634 V org.thaliproject.p2p.btconnectorlib.internal.bluetooth.le.PeerAdvertisementFactory: createAdvertiseDataToServiceData: Created: AdvertiseData [mServiceUuids=[3bde2124-2767-4930-8ad2-05754401b590], mManufacturerSpecificData={}, mServiceData={3bde2124-2767-4930-8ad2-05754401b590=[5, -68, 117, 116, 58, -68, -8]}, mIncludeTxPowerLevel=false, mIncludeDeviceName=false]
02-08 19:30:56.653 25576 25634 I org.thaliproject.p2p.btconnectorlib.internal.bluetooth.le.BlePeerDiscoverer: createAdvertiseData: created AdvertiseData [mServiceUuids=[3bde2124-2767-4930-8ad2-05754401b590], mManufacturerSpecificData={}, mServiceData={3bde2124-2767-4930-8ad2-05754401b590=[5, -68, 117, 116, 58, -68, -8]}, mIncludeTxPowerLevel=false, mIncludeDeviceName=false]
02-08 19:30:56.653 25576 25634 D org.thaliproject.p2p.btconnectorlib.internal.bluetooth.le.BleAdvertiser: setAdvertiseData: Current thread: Thread[Thread-897,5,main], id: 897
02-08 19:30:56.653 25576 25634 D org.thaliproject.p2p.btconnectorlib.internal.bluetooth.le.BleAdvertiser: setAdvertiseData: AdvertiseData [mServiceUuids=[3bde2124-2767-4930-8ad2-05754401b590], mManufacturerSpecificData={}, mServiceData={3bde2124-2767-4930-8ad2-05754401b590=[5, -68, 117, 116, 58, -68, -8]}, mIncludeTxPowerLevel=false, mIncludeDeviceName=false]. Current thread: Thread[Thread-897,5,main], id: 897
02-08 19:30:56.653 25576 25634 D org.thaliproject.p2p.btconnectorlib.internal.bluetooth.le.BleAdvertiser: setAdvertiseData: was started = false
02-08 19:30:56.653 25576 25634 D org.thaliproject.p2p.btconnectorlib.internal.bluetooth.le.BleAdvertiser: setAdvertiseData: advertiseData = AdvertiseData [mServiceUuids=[3bde2124-2767-4930-8ad2-05754401b590], mManufacturerSpecificData={}, mServiceData={3bde2124-2767-4930-8ad2-05754401b590=[5, -68, 117, 116, 58, -68, -8]}, mIncludeTxPowerLevel=false, mIncludeDeviceName=false]
02-08 19:30:56.653 25576 25634 D org.thaliproject.p2p.btconnectorlib.internal.bluetooth.le.BleAdvertiser: setAdvertiseData finished: Current thread: Thread[Thread-897,5,main], id: 897
02-08 19:30:56.653 25576 25634 D org.thaliproject.p2p.btconnectorlib.internal.bluetooth.le.BleAdvertiser: start:  state = NOT_STARTEDCurrent thread: Thread[Thread-897,5,main], id: 897
02-08 19:30:56.653 25576 25634 I org.thaliproject.p2p.btconnectorlib.internal.bluetooth.le.BleAdvertiser: start: Starting... advertisement data = AdvertiseData [mServiceUuids=[3bde2124-2767-4930-8ad2-05754401b590], mManufacturerSpecificData={}, mServiceData={3bde2124-2767-4930-8ad2-05754401b590=[5, -68, 117, 116, 58, -68, -8]}, mIncludeTxPowerLevel=false, mIncludeDeviceName=false], Current thread: Thread[Thread-897,5,main], id: 897
02-08 19:30:56.654 25576 25634 D BluetoothAdapter: STATE_ON
02-08 19:30:56.655 11651 11699 D BtGatt.GattService: registerClient() - UUID=124a683a-5880-40f5-b7fa-fc61ff09ee08
02-08 19:30:56.656 11651 11667 D BtGatt.GattService: onClientRegistered() - UUID=124a683a-5880-40f5-b7fa-fc61ff09ee08, clientIf=6
02-08 19:30:56.656 25576 25589 D BluetoothLeAdvertiser: onClientRegistered() - status=0 clientIf=6
02-08 19:30:56.658 11651 11669 D BtGatt.AdvertiseManager: message : 0
02-08 19:30:56.664 11651 11669 D BtGatt.AdvertiseManager: starting multi advertising
02-08 19:30:56.684 11651 11674 W bt_btif : bta_dm_pm_ssr conn_srvc id:26, app_id:255
02-08 19:30:56.684 11651 11674 W bt_btif : bta_dm_pm_ssr:2, lat:1200
02-08 19:30:56.685 25576 25658 I org.thaliproject.p2p.btconnectorlib.internal.bluetooth.BluetoothServerThread: Incoming connection accepted
02-08 19:30:56.686 11651 11667 D BtGatt.GattService: onAdvertiseInstanceEnabled() - clientIf=6, status=0
02-08 19:30:56.686 25576 25658 D org.thaliproject.p2p.btconnectorlib.internal.bluetooth.BluetoothServerThread: Incoming connection initialized with handshake (thread ID: 908)
02-08 19:30:56.686 25576 25658 V org.thaliproject.p2p.btconnectorlib.internal.bluetooth.BluetoothServerThread: closeBluetoothServerSocket: Bluetooth server socket closed
02-08 19:30:56.686 25576 25663 D org.thaliproject.p2p.btconnectorlib.utils.BluetoothSocketIoThread: Entering thread (ID: 908)
02-08 19:30:56.687 25576 25658 W BluetoothAdapter: getBluetoothService() called with no BluetoothManagerCallback
02-08 19:30:56.690 25576 25658 I org.thaliproject.p2p.btconnectorlib.internal.bluetooth.BluetoothServerThread: Waiting for incoming connections...
02-08 19:30:56.707 11651 11667 D BtGatt.GattService: onAdvertiseDataSet() - clientIf=6, status=0
02-08 19:30:56.708 25576 25634 I org.thaliproject.p2p.btconnectorlib.internal.bluetooth.le.BleAdvertiser: start: Started advertisment Current thread: Thread[Thread-897,5,main], id: 897
02-08 19:30:56.708 25576 25634 D org.thaliproject.p2p.btconnectorlib.internal.bluetooth.le.BleAdvertiser: setState: current  = NOT_STARTED, new = STARTINGCurrent thread: Thread[Thread-897,5,main], id: 897
02-08 19:30:56.708 25576 25634 D org.thaliproject.p2p.btconnectorlib.internal.bluetooth.le.BleAdvertiser: setState: State changed from NOT_STARTED to STARTING
02-08 19:30:56.708 25576 25576 D org.thaliproject.p2p.btconnectorlib.internal.bluetooth.le.BleAdvertiser: onStartSuccess : Current thread: Thread[main,5,main], id: 1
02-08 19:30:56.708 25576 25634 D org.thaliproject.p2p.btconnectorlib.internal.bluetooth.le.BleAdvertiser: setState: onIsAdvertiserStartedChanged default (no call to listener). Current thread: Thread[Thread-897,5,main], id: 897
02-08 19:30:56.708 25576 25634 D org.thaliproject.p2p.btconnectorlib.internal.bluetooth.le.BleAdvertiser: setState: finished Current thread: Thread[Thread-897,5,main], id: 897
02-08 19:30:56.708 25576 25634 I org.thaliproject.p2p.btconnectorlib.internal.bluetooth.le.BleAdvertiser: start: return, state = STARTINGCurrent thread: Thread[Thread-897,5,main], id: 897
02-08 19:30:56.708 25576 25634 D org.thaliproject.p2p.btconnectorlib.internal.bluetooth.le.BleAdvertiser: start returned: Current thread: Thread[Thread-897,5,main], id: 897
02-08 19:30:56.708 25576 25634 D org.thaliproject.p2p.btconnectorlib.internal.bluetooth.le.BlePeerDiscoverer: startAdvertiser started = true Current thread: Thread[Thread-897,5,main], id: 897
02-08 19:30:56.708 25576 25634 D org.thaliproject.p2p.btconnectorlib.internal.bluetooth.le.BlePeerDiscoverer: applySettings: start advertiser started = true Current thread: Thread[Thread-897,5,main], id: 897
02-08 19:30:56.708 25576 25634 D org.thaliproject.p2p.btconnectorlib.internal.bluetooth.le.BleScanner: applyAdditionalMarshmallowSettings
02-08 19:30:56.708 25576 25576 D org.thaliproject.p2p.btconnectorlib.internal.bluetooth.le.BleAdvertiser: setState: current  = STARTING, new = RUNNINGCurrent thread: Thread[main,5,main], id: 1
02-08 19:30:56.708 25576 25634 D org.thaliproject.p2p.btconnectorlib.internal.bluetooth.le.BlePeerDiscoverer: applySettings: scannerWasStarted true Current thread: Thread[Thread-897,5,main], id: 897
02-08 19:30:56.708 25576 25634 D org.thaliproject.p2p.btconnectorlib.internal.bluetooth.le.BlePeerDiscoverer: applySettings: stop scanner Current thread: Thread[Thread-897,5,main], id: 897
02-08 19:30:56.708 25576 25576 D org.thaliproject.p2p.btconnectorlib.internal.bluetooth.le.BleAdvertiser: setState: State changed from STARTING to RUNNING
02-08 19:30:56.709 25576 25634 D org.thaliproject.p2p.btconnectorlib.internal.bluetooth.le.BleScanner: stop, Current thread: Thread[Thread-897,5,main], id: 897
02-08 19:30:56.709 25576 25576 D org.thaliproject.p2p.btconnectorlib.internal.bluetooth.le.BleAdvertiser: notifyAdvertiserStateChanged: started =  true. Current thread: Thread[main,5,main], id: 1
02-08 19:30:56.709 25576 25634 D BluetoothAdapter: STATE_ON
02-08 19:30:56.709 25576 25576 D org.thaliproject.p2p.btconnectorlib.internal.bluetooth.le.BleAdvertiser: setState: finished Current thread: Thread[main,5,main], id: 1
02-08 19:30:56.709 11651 11662 D BtGatt.GattService: flushPendingBatchResults - clientIf=5, isServer=false
02-08 19:30:56.709 25576 25576 I org.thaliproject.p2p.btconnectorlib.internal.bluetooth.le.BlePeerDiscoverer: onIsAdvertiserStartedChanged: trueCurrent thread: Thread[main,5,main], id: 1
02-08 19:30:56.709 25576 25634 D org.thaliproject.p2p.btconnectorlib.internal.bluetooth.le.BleScanner: stop: scan results are flushed 
02-08 19:30:56.709 25576 25576 D org.thaliproject.p2p.btconnectorlib.internal.bluetooth.le.BlePeerDiscoverer: updateState : Current thread: Thread[main,5,main], id: 1
02-08 19:30:56.709 25576 25576 D org.thaliproject.p2p.btconnectorlib.internal.bluetooth.le.BlePeerDiscoverer: updateState: deducedStateSet: [SCANNING, ADVERTISING]
02-08 19:30:56.709 25576 25634 D BluetoothAdapter: STATE_ON
02-08 19:30:56.709 25576 25576 D org.thaliproject.p2p.btconnectorlib.internal.bluetooth.le.BlePeerDiscoverer: updateState: stateSet: [SCANNING, ADVERTISING]
02-08 19:30:56.709 25576 25576 D org.thaliproject.p2p.btconnectorlib.internal.bluetooth.le.BlePeerDiscoverer: Current thread: Thread[main,5,main], id: 1
02-08 19:30:56.710 25576 25576 D org.thaliproject.p2p.btconnectorlib.internal.bluetooth.le.BlePeerDiscoverer: update state finished. Current thread: Thread[main,5,main], id: 1
02-08 19:30:56.710 11651 11699 D BtGatt.GattService: stopScan() - queue size =1
02-08 19:30:56.710 11651 11670 D BtGatt.ScanManager: flushPendingBatchResults - clientIf = 5
02-08 19:30:56.712 11651 11703 D BtGatt.GattService: unregisterClient() - clientIf=5
02-08 19:30:56.712 25576 25634 D org.thaliproject.p2p.btconnectorlib.internal.bluetooth.le.BleScanner: stop: Stopped
02-08 19:30:56.712 25576 25634 D org.thaliproject.p2p.btconnectorlib.internal.bluetooth.le.BleScanner: set state: Current thread: Thread[Thread-897,5,main], id: 897
02-08 19:30:56.712 25576 25634 D org.thaliproject.p2p.btconnectorlib.internal.bluetooth.le.BleScanner: setState: State changed from RUNNING to NOT_STARTED
02-08 19:30:56.712 25576 25634 D org.thaliproject.p2p.btconnectorlib.internal.bluetooth.le.BleScanner: stop finished, Current thread: Thread[Thread-897,5,main], id: 897
02-08 19:30:56.713 25576 25634 I org.thaliproject.p2p.btconnectorlib.internal.bluetooth.le.BleScanner: setScanSettings: Mode: 2, report delay in milliseconds: 500, scan result type: 0
02-08 19:30:56.713 25576 25634 D org.thaliproject.p2p.btconnectorlib.internal.bluetooth.le.BlePeerDiscoverer: applySettings: start scanner Current thread: Thread[Thread-897,5,main], id: 897
02-08 19:30:56.713 25576 25634 D org.thaliproject.p2p.btconnectorlib.internal.bluetooth.le.BlePeerDiscoverer: startScanner: Current thread: Thread[Thread-897,5,main], id: 897
02-08 19:30:56.713 25576 25634 I org.thaliproject.p2p.btconnectorlib.internal.bluetooth.le.BlePeerDiscoverer: startScanner: Starting...
02-08 19:30:56.713 25576 25634 D org.thaliproject.p2p.btconnectorlib.internal.bluetooth.le.BlePeerDiscoveryUtils: createScanFilter: No service UUID, use manufacturer ID: true
02-08 19:30:56.713 25576 25634 D org.thaliproject.p2p.btconnectorlib.internal.bluetooth.le.BlePeerDiscoveryUtils: manufacturer ID: 61973
02-08 19:30:56.713 25576 25634 D org.thaliproject.p2p.btconnectorlib.internal.bluetooth.le.BlePeerDiscoveryUtils: createScanFilter: BluetoothLeScanFilter [mDeviceName=null, mDeviceAddress=null, mUuid=null, mUuidMask=null, mServiceDataUuid=null, mServiceData=null, mServiceDataMask=null, mManufacturerId=61973, mManufacturerData=null, mManufacturerDataMask=null]
02-08 19:30:56.713 25576 25634 D org.thaliproject.p2p.btconnectorlib.internal.bluetooth.le.BleScanner: start: Current thread: Thread[Thread-897,5,main], id: 897
02-08 19:30:56.715 25576 25634 D BluetoothAdapter: STATE_ON
02-08 19:30:56.718 11651 11702 D BtGatt.GattService: registerClient() - UUID=492f58ee-3b78-47df-a3cf-f83c6829c4f0
02-08 19:30:56.719 11651 11667 D BtGatt.GattService: onClientRegistered() - UUID=492f58ee-3b78-47df-a3cf-f83c6829c4f0, clientIf=5
02-08 19:30:56.719 25576 25589 D BluetoothLeScanner: onClientRegistered() - status=0 clientIf=5
02-08 19:30:56.719 11651 11699 D BtGatt.GattService: start scan with filters
02-08 19:30:56.723 25576 25634 D org.thaliproject.p2p.btconnectorlib.internal.bluetooth.le.BleScanner: start: scan started
02-08 19:30:56.723 25576 25634 D org.thaliproject.p2p.btconnectorlib.internal.bluetooth.le.BleScanner: set state: Current thread: Thread[Thread-897,5,main], id: 897
02-08 19:30:56.723 25576 25634 D org.thaliproject.p2p.btconnectorlib.internal.bluetooth.le.BleScanner: setState: State changed from NOT_STARTED to RUNNING
02-08 19:30:56.723 25576 25634 D org.thaliproject.p2p.btconnectorlib.internal.bluetooth.le.BleScanner: notifyScannerStateChanged: started =  true. Current thread: Thread[Thread-897,5,main], id: 897
02-08 19:30:56.723 25576 25634 D org.thaliproject.p2p.btconnectorlib.internal.bluetooth.le.BlePeerDiscoverer: applySettings: start scanner started = true Current thread: Thread[Thread-897,5,main], id: 897
02-08 19:30:56.723 25576 25634 V io.jxcore.node.StartStopOperation: isTargetState: Connectivity: RUNNING, discovery: RUNNING_BLE, is discovering: true, is advertising: true - Start operation: Should start/stop everything
02-08 19:30:56.723 25576 25634 V io.jxcore.node.StartStopOperationHandler: executeCurrentOperation: The current state already matches the desired outcome of this operation, skipping...
02-08 19:30:56.723 25576 25634 I io.jxcore.node.ConnectionHelper: start: OK
02-08 19:30:56.723 25576 25576 I org.thaliproject.p2p.btconnectorlib.internal.bluetooth.le.BlePeerDiscoverer: onIsScannerStartedChanged: trueCurrent thread: Thread[main,5,main], id: 1
02-08 19:30:56.723 25576 25576 D org.thaliproject.p2p.btconnectorlib.internal.bluetooth.le.BlePeerDiscoverer: updateState : Current thread: Thread[main,5,main], id: 1
02-08 19:30:56.723 25576 25576 D org.thaliproject.p2p.btconnectorlib.internal.bluetooth.le.BlePeerDiscoverer: updateState: deducedStateSet: [SCANNING, ADVERTISING]
02-08 19:30:56.723 25576 25576 D org.thaliproject.p2p.btconnectorlib.internal.bluetooth.le.BlePeerDiscoverer: updateState: stateSet: [SCANNING, ADVERTISING]
02-08 19:30:56.724 25576 25576 D org.thaliproject.p2p.btconnectorlib.internal.bluetooth.le.BlePeerDiscoverer: Current thread: Thread[main,5,main], id: 1
02-08 19:30:56.724 25576 25576 D org.thaliproject.p2p.btconnectorlib.internal.bluetooth.le.BlePeerDiscoverer: update state finished. Current thread: Thread[main,5,main], id: 1
02-08 19:30:56.728 11651 11667 D BtGatt.GattService: onBatchScanReports() - clientIf=5, status=0, reportType=2, numRecords=2
02-08 19:30:56.729 11651 11667 D BtGatt.ScanManager: callback done for clientIf - 5 status - 0
02-08 19:30:56.729 11651 11667 D BtGatt.GattService: current time is 2006214329037081
02-08 19:30:56.729 11651 11667 D BtGatt.GattService: Batch record : [15, -67, 58, 116, 117, -68, 0, -128, -61, 4, 0, 29, 17, 7, -112, -75, 1, 68, 117, 5, -46, -118, 48, 73, 103, 39, 36, 33, -34, 59, 10, 22, 36, 33, 5, -68, 117, 116, 58, -67, 15, 0, -97, -102, -7, -70, 0, 36, 0, -128, -58, 3, 0, 29, 17, 7, -112, -75, 1, 68, 117, 5, -46, -118, 48, 73, 103, 39, 36, 33, -34, 59, 10, 22, 36, 33, 6, 36, 0, -70, -7, -102, -97, 0]
02-08 19:30:56.729 11651 11667 D BtGatt.GattService: ScanRecord : [17, 7, -112, -75, 1, 68, 117, 5, -46, -118, 48, 73, 103, 39, 36, 33, -34, 59, 10, 22, 36, 33, 5, -68, 117, 116, 58, -67, 15]
02-08 19:30:56.729 11651 11667 D BtGatt.GattService: ScanRecord : [17, 7, -112, -75, 1, 68, 117, 5, -46, -118, 48, 73, 103, 39, 36, 33, -34, 59, 10, 22, 36, 33, 6, 36, 0, -70, -7, -102, -97]
02-08 19:30:56.731 25576 25576 D org.thaliproject.p2p.btconnectorlib.internal.bluetooth.le.BleScanner: onBatchScanResults: results count  = 2. Current thread: Thread[main,5,main], id: 1
02-08 19:30:56.731 25576 25576 D org.thaliproject.p2p.btconnectorlib.internal.bluetooth.le.BlePeerDiscoverer: checkScanResult: ScanResult{mDevice=BC:75:74:3A:BD:0F, mScanRecord=ScanRecord [mAdvertiseFlags=-1, mServiceUuids=[3bde2124-2767-4930-8ad2-05754401b590], mManufacturerSpecificData={}, mServiceData={00002124-0000-1000-8000-00805f9b34fb=[5, -68, 117, 116, 58, -67, 15]}, mTxPowerLevel=-2147483648, mDeviceName=null], mRssi=-61, mTimestampNanos=2006214129271821}
02-08 19:30:56.731 25576 25576 D org.thaliproject.p2p.btconnectorlib.internal.bluetooth.le.BlePeerDiscoverer: checkScanResult: parsedAdvertisement: [UUID = null, bluetoothMacAddress = BC:75:74:3A:BD:0F, provideBluetoothMacAddressRequestId = nullextra info = 5]
02-08 19:30:56.732 25576 25576 V org.thaliproject.p2p.btconnectorlib.internal.bluetooth.le.BlePeerDiscoverer: checkScanResult: Resolved advertisement type: ADVERTISEMENT_PEER_PROPERTIES
02-08 19:30:56.732 25576 25576 D org.thaliproject.p2p.btconnectorlib.internal.bluetooth.le.PeerAdvertisementFactory: Parsed advertisment: [UUID = 3bde2124-2767-4930-8ad2-05754401b590, bluetoothMacAddress = BC:75:74:3A:BD:0F, provideBluetoothMacAddressRequestId = nullextra info = 5]
02-08 19:30:56.732 25576 25576 D org.thaliproject.p2p.btconnectorlib.internal.bluetooth.le.BlePeerDiscoverer: checkScanResult onPeerDiscovered [BC:75:74:3A:BD:0F 5]
02-08 19:30:56.732 25576 25576 D org.thaliproject.p2p.btconnectorlib.internal.bluetooth.le.BlePeerDiscoverer: checkScanResult: ScanResult{mDevice=24:00:BA:F9:9A:9F, mScanRecord=ScanRecord [mAdvertiseFlags=-1, mServiceUuids=[3bde2124-2767-4930-8ad2-05754401b590], mManufacturerSpecificData={}, mServiceData={00002124-0000-1000-8000-00805f9b34fb=[6, 36, 0, -70, -7, -102, -97]}, mTxPowerLevel=-2147483648, mDeviceName=null], mRssi=-58, mTimestampNanos=2006214179271821}
02-08 19:30:56.732 25576 25576 D org.thaliproject.p2p.btconnectorlib.internal.bluetooth.le.BlePeerDiscoverer: checkScanResult: parsedAdvertisement: [UUID = null, bluetoothMacAddress = 24:00:BA:F9:9A:9F, provideBluetoothMacAddressRequestId = nullextra info = 6]
02-08 19:30:56.732 25576 25576 V org.thaliproject.p2p.btconnectorlib.internal.bluetooth.le.BlePeerDiscoverer: checkScanResult: Resolved advertisement type: ADVERTISEMENT_PEER_PROPERTIES
02-08 19:30:56.732 25576 25576 D org.thaliproject.p2p.btconnectorlib.internal.bluetooth.le.PeerAdvertisementFactory: Parsed advertisment: [UUID = 3bde2124-2767-4930-8ad2-05754401b590, bluetoothMacAddress = 24:00:BA:F9:9A:9F, provideBluetoothMacAddressRequestId = nullextra info = 6]
02-08 19:30:56.732 25576 25576 D org.thaliproject.p2p.btconnectorlib.internal.bluetooth.le.BlePeerDiscoverer: checkScanResult onPeerDiscovered [24:00:BA:F9:9A:9F 6]
02-08 19:30:56.733 25576 25576 D org.thaliproject.p2p.btconnectorlib.DiscoveryManager: onPeerDiscovered: [BC:75:74:3A:BD:0F 5]
02-08 19:30:56.733 25576 25576 V org.thaliproject.p2p.btconnectorlib.utils.PeerModel: addOrUpdateDiscoveredPeer: [BC:75:74:3A:BD:0F 5]
02-08 19:30:56.733 25576 25576 D org.thaliproject.p2p.btconnectorlib.utils.PeerModel: has more info: false,  extra info differs: false
02-08 19:30:56.733 25576 25576 V org.thaliproject.p2p.btconnectorlib.utils.PeerModel: addOrUpdateDiscoveredPeer: Timestamp of peer [BC:75:74:3A:BD:0F 5] updated - the peer count is 2
02-08 19:30:56.733 25576 25576 D org.thaliproject.p2p.btconnectorlib.DiscoveryManager: onPeerDiscovered: [24:00:BA:F9:9A:9F 6]
02-08 19:30:56.733 25576 25576 V org.thaliproject.p2p.btconnectorlib.utils.PeerModel: addOrUpdateDiscoveredPeer: [24:00:BA:F9:9A:9F 6]
02-08 19:30:56.734 25576 25576 D org.thaliproject.p2p.btconnectorlib.utils.PeerModel: has more info: false,  extra info differs: false
02-08 19:30:56.734 25576 25576 V org.thaliproject.p2p.btconnectorlib.utils.PeerModel: addOrUpdateDiscoveredPeer: Timestamp of peer [24:00:BA:F9:9A:9F 6] updated - the peer count is 2
02-08 19:30:56.740 11651 11667 D BtGatt.GattService: onScanFilterParamsConfigured() - clientIf=5, status=0, action=1, availableSpace=32
02-08 19:30:56.740 11651 11667 D BtGatt.ScanManager: callback done for clientIf - 5 status - 0
02-08 19:30:56.741 11651 11670 D BtGatt.ScanManager: stopping BLe Batch
02-08 19:30:56.747 25576 25634 I jxcore-log: 2017-02-08 16:30:56 - INFO nodeSSDPServerLogger: '{ address: 'http://0.0.0.0:1900' } 'SSDP listening''
02-08 19:30:56.747 25576 25634 I jxcore-log: 
02-08 19:30:56.748 25576 25634 I jxcore-log: 2017-02-08 16:30:56 - INFO nodeSSDPServerLogger: 'UDP socket bound'
02-08 19:30:56.748 25576 25634 I jxcore-log: 
02-08 19:30:56.749 25576 25634 I jxcore-log: 2017-02-08 16:30:56 - INFO nodeSSDPServerLogger: 'Socket bound'
02-08 19:30:56.749 25576 25634 I jxcore-log: 
02-08 19:30:56.749 11651 11674 E bt_btm  : tBTM_SEC_DEV:0xf3fc44c8 rs_disc_pending=0
02-08 19:30:56.749 11651 11674 W bt_btif : bta_dm_check_av:0
02-08 19:30:56.749 11651 11667 D BtGatt.GattService: onBatchScanStartStopped() - clientIf=5, status=0, startStopAction=0
02-08 19:30:56.749 11651 11667 D BtGatt.ScanManager: callback done for clientIf - 5 status - 0
02-08 19:30:56.749 11651 11667 W bt_btif : btif_dm_cback : unhandled event (14)
02-08 19:30:56.750 25576 25634 I jxcore-log: 2017-02-08 16:30:56 - DEBUG thaliWifiInfrastructure: 'Emitting wifiPeerAvailabilityChanged {"peerIdentifier":"31be25d7-1d26-4a5f-959b-169f18909c37","generation":2,"portNumber":null,"hostAddress":null}'
02-08 19:30:56.750 25576 25634 I jxcore-log: 
02-08 19:30:56.750 11651 11670 D BtGatt.ScanManager: flushPendingBatchResults - clientIf = 5
02-08 19:30:56.750 25576 25634 I jxcore-log: 2017-02-08 16:30:56 - DEBUG thaliMobile: 'Emitting peerAvailabilityChanged from handlePeer {"peerIdentifier":"31be25d7-1d26-4a5f-959b-169f18909c37","connectionType":"tcp","peerAvailable":false,"generation":2,"newAddressPort":null}'
02-08 19:30:56.750 25576 25634 I jxcore-log: 
02-08 19:30:56.750 25576 25634 I jxcore-log: 2017-02-08 16:30:56 - WARN thaliNotificationClient: 'peer is not available'
02-08 19:30:56.750 25576 25634 I jxcore-log: 
02-08 19:30:56.756 11651 11667 D BtGatt.GattService: onBatchScanReports() - clientIf=5, status=0, reportType=2, numRecords=0
02-08 19:30:56.756 11651 11667 D BtGatt.ScanManager: callback done for clientIf - 5 status - 0
02-08 19:30:56.758 11651 11670 D BtGatt.ScanManager: handling starting scan
02-08 19:30:56.759 25576 25634 I jxcore-log: 2017-02-08 16:30:56 - DEBUG thaliManager: 'connected pskIdentity N4Co1KLQ8q11QJKT9ynP9TzJ-jlvWPzCARSO91L2-gs for path /db/ThaliManagerCoordinated/_local/VbxsQOsM_Sof54LYfJVFzQ%3D%3D'
02-08 19:30:56.759 25576 25634 I jxcore-log: 
02-08 19:30:56.766 11651 11667 D BtGatt.GattService: onScanFilterEnableDisabled() - clientIf=5, status=0, action=1
02-08 19:30:56.766 11651 11667 D BtGatt.ScanManager: callback done for clientIf - 5 status - 0
02-08 19:30:56.767 11651 11670 D BtGatt.ScanManager: configureFilterParamter 1500 10000 4 0
02-08 19:30:56.768 25576 25634 I jxcore-log: 2017-02-08 16:30:56 - DEBUG thaliManager: 'connected pskIdentity N4Co1KLQ8q11QJKT9ynP9TzJ-jlvWPzCARSO91L2-gs for path /db/ThaliManagerCoordinated/_changes'
02-08 19:30:56.768 25576 25634 I jxcore-log: 
02-08 19:30:56.772 25576 25634 I jxcore-log: 2017-02-08 16:30:56 - DEBUG thaliManager: 'connected pskIdentity N4Co1KLQ8q11QJKT9ynP9TzJ-jlvWPzCARSO91L2-gs for path /db/ThaliManagerCoordinated/_local/thali_BDv6espUobl-L2ErgHK90mLRlcNXWF8OWVzHwj2GYMsSQc5cgdotWzk09IgpJGnotO38KxeECoEraXiAGCPZsbU'
02-08 19:30:56.772 25576 25634 I jxcore-log: 
02-08 19:30:56.774 11651 11674 W bt_sdp  : process_service_search_attr_rsp
02-08 19:30:56.774 11651 11667 D BtGatt.GattService: onScanFilterParamsConfigured() - clientIf=5, status=0, action=0, availableSpace=31
02-08 19:30:56.775 11651 11667 D BtGatt.ScanManager: callback done for clientIf - 5 status - 0
02-08 19:30:56.775 11651 11670 D BtGatt.ScanManager: Starting BLE batch scan
02-08 19:30:56.775 11651 11670 D BtGatt.ScanManager: configuring batch scan storage, appIf 5
02-08 19:30:56.781 25576 25634 I jxcore-log: 2017-02-08 16:30:56 - DEBUG thaliWifiInfrastructure: 'Emitting wifiPeerAvailabilityChanged {"peerIdentifier":"203786f9-638b-44da-9de4-e087fbc6a0d7","generation":2,"portNumber":null,"hostAddress":null}'
02-08 19:30:56.781 25576 25634 I jxcore-log: 
02-08 19:30:56.782 25576 25634 I jxcore-log: 2017-02-08 16:30:56 - DEBUG thaliMobile: 'Emitting peerAvailabilityChanged from handlePeer {"peerIdentifier":"203786f9-638b-44da-9de4-e087fbc6a0d7","connectionType":"tcp","peerAvailable":false,"generation":2,"newAddressPort":null}'
02-08 19:30:56.782 25576 25634 I jxcore-log: 
02-08 19:30:56.782 25576 25634 I jxcore-log: 2017-02-08 16:30:56 - WARN thaliNotificationClient: 'peer is not available'
02-08 19:30:56.782 25576 25634 I jxcore-log: 
02-08 19:30:56.783 25576 25634 I jxcore-log: 2017-02-08 16:30:56 - DEBUG thaliWifiInfrastructure: 'Emitting wifiPeerAvailabilityChanged {"peerIdentifier":"203786f9-638b-44da-9de4-e087fbc6a0d7","generation":3,"hostAddress":"192.168.2.5","portNumber":47656}'
02-08 19:30:56.783 25576 25634 I jxcore-log: 
02-08 19:30:56.783 25576 25634 I jxcore-log: 2017-02-08 16:30:56 - DEBUG thaliMobile: 'Emitting peerAvailabilityChanged from handlePeer {"peerIdentifier":"203786f9-638b-44da-9de4-e087fbc6a0d7","connectionType":"tcp","peerAvailable":true,"generation":3,"newAddressPort":false}'
02-08 19:30:56.783 25576 25634 I jxcore-log: 
02-08 19:30:56.801 11651 11667 D BtGatt.GattService: onBatchScanStorageConfigured() - clientIf=5, status=0
02-08 19:30:56.801 11651 11667 D BtGatt.ScanManager: callback done for clientIf - 5 status - 0
02-08 19:30:56.819 11651 11667 D BtGatt.GattService: onBatchScanStartStopped() - clientIf=5, status=0, startStopAction=1
02-08 19:30:56.819 11651 11667 D BtGatt.ScanManager: callback done for clientIf - 5 status - 0
02-08 19:30:56.822 25576 25634 I jxcore-log: 2017-02-08 16:30:56 - DEBUG thaliManager: 'connected pskIdentity kCk07AyPSHJyO2w3Riy24w_j6wg-Dv8QWVQWLUsgtGc for path /db/ThaliManagerCoordinated/_local/thali_BLI6y_VxY6EKfQA8JWGREx4m01fheVSXFMKYsbD1UDWlE4Aq6l07qNObCg5ArLDA-nFectdYMUzOJo3EvFfs2o8'
02-08 19:30:56.822 25576 25634 I jxcore-log: 
02-08 19:30:56.825 25576 25634 I jxcore-log: 2017-02-08 16:30:56 - DEBUG thaliManager: 'connected pskIdentity kCk07AyPSHJyO2w3Riy24w_j6wg-Dv8QWVQWLUsgtGc for path /db/ThaliManagerCoordinated/_local/_ECLRbvSEFWitoTJrNNcAw%3D%3D'
02-08 19:30:56.825 25576 25634 I jxcore-log: 
02-08 19:30:56.828 25576 25634 I jxcore-log: 2017-02-08 16:30:56 - DEBUG thaliManager: 'connected pskIdentity N4Co1KLQ8q11QJKT9ynP9TzJ-jlvWPzCARSO91L2-gs for path /db/ThaliManagerCoordinated/_local/thali_BDv6espUobl-L2ErgHK90mLRlcNXWF8OWVzHwj2GYMsSQc5cgdotWzk09IgpJGnotO38KxeECoEraXiAGCPZsbU'
02-08 19:30:56.828 25576 25634 I jxcore-log: 
02-08 19:30:56.835 25576 25634 I jxcore-log: 2017-02-08 16:30:56 - DEBUG thaliManager: 'connected pskIdentity N4Co1KLQ8q11QJKT9ynP9TzJ-jlvWPzCARSO91L2-gs for path /db/ThaliManagerCoordinated/_local/VbxsQOsM_Sof54LYfJVFzQ%3D%3D'
02-08 19:30:56.835 25576 25634 I jxcore-log: 
02-08 19:30:56.932 25576 25634 I jxcore-log: 2017-02-08 16:30:56 - DEBUG thaliManager: 'connected pskIdentity Beacon Please for path /NotificationBeacons'
02-08 19:30:56.932 25576 25634 I jxcore-log: 
02-08 19:30:56.946 25576 25634 I jxcore-log: 2017-02-08 16:30:56 - DEBUG thaliManager: 'connected pskIdentity Beacon Please for path /NotificationBeacons'
02-08 19:30:56.946 25576 25634 I jxcore-log: 
02-08 19:30:56.991 25576 25634 I jxcore-log: 2017-02-08 16:30:56 - DEBUG thaliReplicationPeerAction: 'Got paused with -  '
02-08 19:30:56.991 25576 25634 I jxcore-log: 
02-08 19:30:57.015 25576 25634 I jxcore-log: 2017-02-08 16:30:57 - DEBUG thaliManager: 'connected pskIdentity J3EM7nzhomZDPUsF-mulbUa2loXPCpdJXM0JsQhgs1s for path /db/'
02-08 19:30:57.015 25576 25634 I jxcore-log: 
02-08 19:30:57.020 25576 25634 I jxcore-log: 2017-02-08 16:30:57 - DEBUG thaliManager: 'connected pskIdentity N4Co1KLQ8q11QJKT9ynP9TzJ-jlvWPzCARSO91L2-gs for path /db/ThaliManagerCoordinated/_local/VbxsQOsM_Sof54LYfJVFzQ%3D%3D'
02-08 19:30:57.020 25576 25634 I jxcore-log: 
02-08 19:30:57.048 25576 25663 D org.thaliproject.p2p.btconnectorlib.internal.bluetooth.BluetoothServerThread: onBytesRead: Read 46 bytes successfully (thread ID: 908)
02-08 19:30:57.049 25576 25663 I org.thaliproject.p2p.btconnectorlib.internal.bluetooth.BluetoothServerThread: Got valid identity from [24:00:BA:F9:9A:9F 5]
02-08 19:30:57.049 25576 25634 I jxcore-log: 2017-02-08 16:30:57 - DEBUG thaliManager: 'connected pskIdentity J3EM7nzhomZDPUsF-mulbUa2loXPCpdJXM0JsQhgs1s for path /db/ThaliManagerCoordinated/_local/_ECLRbvSEFWitoTJrNNcAw%3D%3D'
02-08 19:30:57.049 25576 25634 I jxcore-log: 
02-08 19:30:57.049 25576 25663 D org.thaliproject.p2p.btconnectorlib.internal.bluetooth.BluetoothServerThread: onBytesWritten: 46 bytes successfully written (thread ID: 908)
02-08 19:30:57.050 25576 25663 D org.thaliproject.p2p.btconnectorlib.internal.bluetooth.BluetoothServerThread: onBytesWritten:  Peer props = [24:00:BA:F9:9A:9F 5]
02-08 19:30:57.050 25576 25663 D org.thaliproject.p2p.btconnectorlib.internal.bluetooth.BluetoothServerThread: removeThreadFromList: Removing thread with ID 908
02-08 19:30:57.050 25576 25663 D org.thaliproject.p2p.btconnectorlib.internal.bluetooth.BluetoothServerThread: Handshake thread disposed (thread ID: 908)
02-08 19:30:57.050 25576 25663 D org.thaliproject.p2p.btconnectorlib.internal.bluetooth.BluetoothServerThread: onIncomingConnectionConnected socket:android.bluetooth.BluetoothSocket@c941c4f, properties: [24:00:BA:F9:9A:9F 5]
02-08 19:30:57.051 25576 25663 I org.thaliproject.p2p.btconnectorlib.internal.bluetooth.BluetoothConnector: onIncomingConnectionConnected: [24:00:BA:F9:9A:9F 5]
02-08 19:30:57.051 25576 25663 I org.thaliproject.p2p.btconnectorlib.internal.bluetooth.BluetoothConnector: onIncomingConnectionConnected: posted = true
02-08 19:30:57.052 25576 25576 D org.thaliproject.p2p.btconnectorlib.internal.bluetooth.BluetoothConnector: onIncomingConnectionConnected: bluetoothSocket.isConnected() true
02-08 19:30:57.052 25576 25663 D org.thaliproject.p2p.btconnectorlib.utils.BluetoothSocketIoThread: Exiting thread (ID: 908)
02-08 19:30:57.052 25576 25634 I jxcore-log: 2017-02-08 16:30:57 - DEBUG thaliManager: 'connected pskIdentity qXCVSwoVy6yh-UnT-0izT1o32vk28V5pRPdVtIHarIo for path /db/'
02-08 19:30:57.052 25576 25634 I jxcore-log: 
