02-09 11:55:52.040  1650  1650 D org.thaliproject.p2p.btconnectorlib.internal.bluetooth.le.BlePeerDiscoverer: Current thread: Thread[main,5,main], id: 1
02-09 11:55:52.040  1650  1650 D org.thaliproject.p2p.btconnectorlib.internal.bluetooth.le.BlePeerDiscoverer: update state finished. Current thread: Thread[main,5,main], id: 1
02-09 11:55:52.040  1650  1700 I org.thaliproject.p2p.btconnectorlib.internal.bluetooth.BluetoothManager: bind: Binding a new listener
02-09 11:55:52.041  1650  1700 I org.thaliproject.p2p.btconnectorlib.internal.bluetooth.BluetoothConnector: startListeningForIncomingConnections: Starting...
02-09 11:55:52.042  1650  1700 D org.thaliproject.p2p.btconnectorlib.ConnectionManager: onIsServerStartedChanged: true
02-09 11:55:52.042  1650  1732 D org.thaliproject.p2p.btconnectorlib.internal.bluetooth.BluetoothServerThread: Entering thread
02-09 11:55:52.042  1650  1700 D org.thaliproject.p2p.btconnectorlib.ConnectionManager: updateState: mShouldBeStarted :  true, mIsServerStarted:  true
02-09 11:55:52.043  1650  1700 D org.thaliproject.p2p.btconnectorlib.ConnectionManager: setState: NOT_STARTED -> RUNNING
02-09 11:55:52.043  1650  1700 I org.thaliproject.p2p.btconnectorlib.ConnectionManager: startListeningForIncomingConnections: OK
02-09 11:55:52.043  1650  1650 I io.jxcore.node.ConnectionHelper: onConnectionManagerStateChanged: RUNNING
02-09 11:55:52.043  1650  1700 I org.thaliproject.p2p.btconnectorlib.DiscoveryManager: start: Discovery mode: BLE, start discovery: true, start advertiser: true
02-09 11:55:52.045 11651 11667 D BtGatt.GattService: onScanFilterParamsConfigured() - clientIf=5, status=0, action=1, availableSpace=32
02-09 11:55:52.045 11651 11667 D BtGatt.ScanManager: callback done for clientIf - 5 status - 0
02-09 11:55:52.045  1650  1700 D org.thaliproject.p2p.btconnectorlib.DiscoveryManager: startBlePeerDiscoverer
02-09 11:55:52.045  1650  1732 W BluetoothAdapter: getBluetoothService() called with no BluetoothManagerCallback
02-09 11:55:52.045  1650  1700 V io.jxcore.node.ConnectionHelper: Received a request for permission "android.permission.ACCESS_COARSE_LOCATION", but we are expecting that all the required permissions have already been granted
02-09 11:55:52.045 11651 11670 D BtGatt.ScanManager: stopping BLe Batch
02-09 11:55:52.048  1650  1732 I org.thaliproject.p2p.btconnectorlib.internal.bluetooth.BluetoothServerThread: Waiting for incoming connections...
02-09 11:55:52.050  1650  1700 D org.thaliproject.p2p.btconnectorlib.internal.bluetooth.le.BlePeerDiscoverer: startScannerAndAdvertiser : Current thread: Thread[Thread-921,5,main], id: 921
02-09 11:55:52.050  1650  1700 D org.thaliproject.p2p.btconnectorlib.internal.bluetooth.le.BlePeerDiscoverer: startAdvertiser: Current thread: Thread[Thread-921,5,main], id: 921
02-09 11:55:52.050  1650  1700 D org.thaliproject.p2p.btconnectorlib.internal.bluetooth.le.BlePeerDiscoverer: stopPeerAddressHelperAdvertiser Current thread: Thread[Thread-921,5,main], id: 921
02-09 11:55:52.050  1650  1700 I org.thaliproject.p2p.btconnectorlib.internal.bluetooth.le.BlePeerDiscoverer: startAdvertiser: Starting...
02-09 11:55:52.050  1650  1700 D org.thaliproject.p2p.btconnectorlib.internal.bluetooth.le.BlePeerDiscoverer: createAdvertiseData: createAdvertiseDataToServiceData 
02-09 11:55:52.050 11651 11667 D BtGatt.GattService: onBatchScanStartStopped() - clientIf=5, status=0, startStopAction=0
02-09 11:55:52.050 11651 11667 D BtGatt.ScanManager: callback done for clientIf - 5 status - 0
02-09 11:55:52.051 11651 11670 D BtGatt.ScanManager: flushPendingBatchResults - clientIf = 5
02-09 11:55:52.051  1650  1700 I org.thaliproject.p2p.btconnectorlib.internal.bluetooth.le.PeerAdvertisementFactory: createAdvertiseDataToServiceData: Service UUID: "cd8f3e87-9baf-4253-be43-1bd4e938c1ab", Bluetooth MAC address: "BC:75:74:3A:BC:F8"
02-09 11:55:52.051  1650  1700 V org.thaliproject.p2p.btconnectorlib.internal.bluetooth.le.PeerAdvertisementFactory: createAdvertiseDataToServiceData: Service data (length is 7 bytes): 00 BC 75 74 3A BC F8
02-09 11:55:52.052  1650  1700 V org.thaliproject.p2p.btconnectorlib.internal.bluetooth.le.PeerAdvertisementFactory: createAdvertiseDataToServiceData: Created: AdvertiseData [mServiceUuids=[cd8f3e87-9baf-4253-be43-1bd4e938c1ab], mManufacturerSpecificData={}, mServiceData={cd8f3e87-9baf-4253-be43-1bd4e938c1ab=[0, -68, 117, 116, 58, -68, -8]}, mIncludeTxPowerLevel=false, mIncludeDeviceName=false]
02-09 11:55:52.052  1650  1700 I org.thaliproject.p2p.btconnectorlib.internal.bluetooth.le.BlePeerDiscoverer: createAdvertiseData: created AdvertiseData [mServiceUuids=[cd8f3e87-9baf-4253-be43-1bd4e938c1ab], mManufacturerSpecificData={}, mServiceData={cd8f3e87-9baf-4253-be43-1bd4e938c1ab=[0, -68, 117, 116, 58, -68, -8]}, mIncludeTxPowerLevel=false, mIncludeDeviceName=false]
02-09 11:55:52.052  1650  1700 D org.thaliproject.p2p.btconnectorlib.internal.bluetooth.le.BleAdvertiser: setAdvertiseData: Current thread: Thread[Thread-921,5,main], id: 921
02-09 11:55:52.052  1650  1700 D org.thaliproject.p2p.btconnectorlib.internal.bluetooth.le.BleAdvertiser: setAdvertiseData: AdvertiseData [mServiceUuids=[cd8f3e87-9baf-4253-be43-1bd4e938c1ab], mManufacturerSpecificData={}, mServiceData={cd8f3e87-9baf-4253-be43-1bd4e938c1ab=[0, -68, 117, 116, 58, -68, -8]}, mIncludeTxPowerLevel=false, mIncludeDeviceName=false]. Current thread: Thread[Thread-921,5,main], id: 921
02-09 11:55:52.052  1650  1700 D org.thaliproject.p2p.btconnectorlib.internal.bluetooth.le.BleAdvertiser: setAdvertiseData: was started = false
02-09 11:55:52.052  1650  1700 D org.thaliproject.p2p.btconnectorlib.internal.bluetooth.le.BleAdvertiser: setAdvertiseData: advertiseData = AdvertiseData [mServiceUuids=[cd8f3e87-9baf-4253-be43-1bd4e938c1ab], mManufacturerSpecificData={}, mServiceData={cd8f3e87-9baf-4253-be43-1bd4e938c1ab=[0, -68, 117, 116, 58, -68, -8]}, mIncludeTxPowerLevel=false, mIncludeDeviceName=false]
02-09 11:55:52.053  1650  1700 D org.thaliproject.p2p.btconnectorlib.internal.bluetooth.le.BleAdvertiser: setAdvertiseData finished: Current thread: Thread[Thread-921,5,main], id: 921
02-09 11:55:52.053  1650  1700 D org.thaliproject.p2p.btconnectorlib.internal.bluetooth.le.BleAdvertiser: start:  state = NOT_STARTEDCurrent thread: Thread[Thread-921,5,main], id: 921
02-09 11:55:52.053  1650  1700 I org.thaliproject.p2p.btconnectorlib.internal.bluetooth.le.BleAdvertiser: start: Starting... advertisement data = AdvertiseData [mServiceUuids=[cd8f3e87-9baf-4253-be43-1bd4e938c1ab], mManufacturerSpecificData={}, mServiceData={cd8f3e87-9baf-4253-be43-1bd4e938c1ab=[0, -68, 117, 116, 58, -68, -8]}, mIncludeTxPowerLevel=false, mIncludeDeviceName=false], Current thread: Thread[Thread-921,5,main], id: 921
02-09 11:55:52.054  1650  1700 D BluetoothAdapter: STATE_ON
02-09 11:55:52.056 11651 11667 D BtGatt.GattService: onBatchScanReports() - clientIf=5, status=0, reportType=2, numRecords=0
02-09 11:55:52.056 11651 11667 D BtGatt.ScanManager: callback done for clientIf - 5 status - 0
02-09 11:55:52.058 11651 11703 D BtGatt.GattService: registerClient() - UUID=ca30ab9a-e179-4a43-87cb-5f420f9f0c2e
02-09 11:55:52.058 11651 11667 D BtGatt.GattService: onClientRegistered() - UUID=ca30ab9a-e179-4a43-87cb-5f420f9f0c2e, clientIf=6
02-09 11:55:52.058 11651 11670 D BtGatt.ScanManager: handling starting scan
02-09 11:55:52.059  1650  1661 D BluetoothLeAdvertiser: onClientRegistered() - status=0 clientIf=6
02-09 11:55:52.060 11651 11669 D BtGatt.AdvertiseManager: message : 0
02-09 11:55:52.064 11651 11669 D BtGatt.AdvertiseManager: starting multi advertising
02-09 11:55:52.065 11651 11667 D BtGatt.GattService: onScanFilterEnableDisabled() - clientIf=5, status=0, action=1
02-09 11:55:52.065 11651 11667 D BtGatt.ScanManager: callback done for clientIf - 5 status - 0
02-09 11:55:52.065 11651 11670 D BtGatt.ScanManager: configureFilterParamter 1500 10000 4 0
02-09 11:55:52.073 11651 11667 D BtGatt.GattService: onAdvertiseInstanceEnabled() - clientIf=6, status=0
02-09 11:55:52.077 11651 11667 D BtGatt.GattService: onScanFilterParamsConfigured() - clientIf=5, status=0, action=0, availableSpace=31
02-09 11:55:52.077 11651 11667 D BtGatt.ScanManager: callback done for clientIf - 5 status - 0
02-09 11:55:52.077 11651 11670 D BtGatt.ScanManager: Starting BLE batch scan
02-09 11:55:52.077 11651 11670 D BtGatt.ScanManager: configuring batch scan storage, appIf 5
02-09 11:55:52.081 11651 11667 D BtGatt.GattService: onAdvertiseDataSet() - clientIf=6, status=0
02-09 11:55:52.082  1650  1700 I org.thaliproject.p2p.btconnectorlib.internal.bluetooth.le.BleAdvertiser: start: Started advertisment Current thread: Thread[Thread-921,5,main], id: 921
02-09 11:55:52.082  1650  1700 D org.thaliproject.p2p.btconnectorlib.internal.bluetooth.le.BleAdvertiser: setState: current  = NOT_STARTED, new = STARTINGCurrent thread: Thread[Thread-921,5,main], id: 921
02-09 11:55:52.082  1650  1700 D org.thaliproject.p2p.btconnectorlib.internal.bluetooth.le.BleAdvertiser: setState: State changed from NOT_STARTED to STARTING
02-09 11:55:52.083  1650  1700 D org.thaliproject.p2p.btconnectorlib.internal.bluetooth.le.BleAdvertiser: setState: onIsAdvertiserStartedChanged default (no call to listener). Current thread: Thread[Thread-921,5,main], id: 921
02-09 11:55:52.083  1650  1700 D org.thaliproject.p2p.btconnectorlib.internal.bluetooth.le.BleAdvertiser: setState: finished Current thread: Thread[Thread-921,5,main], id: 921
02-09 11:55:52.083  1650  1700 I org.thaliproject.p2p.btconnectorlib.internal.bluetooth.le.BleAdvertiser: start: return, state = STARTINGCurrent thread: Thread[Thread-921,5,main], id: 921
02-09 11:55:52.083  1650  1700 D org.thaliproject.p2p.btconnectorlib.internal.bluetooth.le.BleAdvertiser: start returned: Current thread: Thread[Thread-921,5,main], id: 921
02-09 11:55:52.083  1650  1700 D org.thaliproject.p2p.btconnectorlib.internal.bluetooth.le.BlePeerDiscoverer: startAdvertiser started = true Current thread: Thread[Thread-921,5,main], id: 921
02-09 11:55:52.083  1650  1700 D org.thaliproject.p2p.btconnectorlib.internal.bluetooth.le.BlePeerDiscoverer: startScannerAndAdvertiser: advertiser is started. Current thread: Thread[Thread-921,5,main], id: 921
02-09 11:55:52.083  1650  1700 D org.thaliproject.p2p.btconnectorlib.internal.bluetooth.le.BlePeerDiscoverer: startScanner: Current thread: Thread[Thread-921,5,main], id: 921
02-09 11:55:52.083  1650  1700 D org.thaliproject.p2p.btconnectorlib.internal.bluetooth.le.BleScanner: start: Current thread: Thread[Thread-921,5,main], id: 921
02-09 11:55:52.083  1650  1700 D org.thaliproject.p2p.btconnectorlib.internal.bluetooth.le.BleScanner: start: Already running
02-09 11:55:52.083  1650  1700 I org.thaliproject.p2p.btconnectorlib.internal.bluetooth.le.BlePeerDiscoverer: startScannerAndAdvertiser: adv = true, disc = true
02-09 11:55:52.083  1650  1700 D org.thaliproject.p2p.btconnectorlib.DiscoveryManager: startBlePeerDiscoverer: OK
02-09 11:55:52.084  1650  1700 I org.thaliproject.p2p.btconnectorlib.DiscoveryManager: start: OK
02-09 11:55:52.085  1650  1700 D org.thaliproject.p2p.btconnectorlib.DiscoveryManager: updateState: Current thread: Thread[Thread-921,5,main], id: 921
02-09 11:55:52.086  1650  1700 D org.thaliproject.p2p.btconnectorlib.DiscoveryManager: updateStateInternal Current thread: Thread[Thread-921,5,main], id: 921
02-09 11:55:52.086  1650  1700 D org.thaliproject.p2p.btconnectorlib.DiscoveryManager: updateStateInternal finished Current thread: Thread[Thread-921,5,main], id: 921
02-09 11:55:52.087  1650  1700 D org.thaliproject.p2p.btconnectorlib.DiscoveryManager: updateState finished Current thread: Thread[Thread-921,5,main], id: 921
02-09 11:55:52.087  1650  1700 I io.jxcore.node.ConnectionHelper: start: OK
02-09 11:55:52.087  1650  1650 V io.jxcore.node.StartStopOperation: isTargetState: Connectivity: RUNNING, discovery: RUNNING_BLE, is discovering: true, is advertising: false - Start operation: Should start/stop everything
02-09 11:55:52.087  1650  1650 D org.thaliproject.p2p.btconnectorlib.internal.bluetooth.le.BleAdvertiser: onStartSuccess : Current thread: Thread[main,5,main], id: 1
02-09 11:55:52.087  1650  1650 D org.thaliproject.p2p.btconnectorlib.internal.bluetooth.le.BleAdvertiser: setState: current  = STARTING, new = RUNNINGCurrent thread: Thread[main,5,main], id: 1
02-09 11:55:52.087  1650  1650 D org.thaliproject.p2p.btconnectorlib.internal.bluetooth.le.BleAdvertiser: setState: State changed from STARTING to RUNNING
02-09 11:55:52.087  1650  1650 D org.thaliproject.p2p.btconnectorlib.internal.bluetooth.le.BleAdvertiser: notifyAdvertiserStateChanged: started =  true. Current thread: Thread[main,5,main], id: 1
02-09 11:55:52.088  1650  1650 D org.thaliproject.p2p.btconnectorlib.internal.bluetooth.le.BleAdvertiser: setState: finished Current thread: Thread[main,5,main], id: 1
02-09 11:55:52.088  1650  1650 I org.thaliproject.p2p.btconnectorlib.internal.bluetooth.le.BlePeerDiscoverer: onIsAdvertiserStartedChanged: trueCurrent thread: Thread[main,5,main], id: 1
02-09 11:55:52.088  1650  1650 D org.thaliproject.p2p.btconnectorlib.internal.bluetooth.le.BlePeerDiscoverer: updateState : Current thread: Thread[main,5,main], id: 1
02-09 11:55:52.088  1650  1650 D org.thaliproject.p2p.btconnectorlib.internal.bluetooth.le.BlePeerDiscoverer: updateState: deducedStateSet: [SCANNING, ADVERTISING]
02-09 11:55:52.088  1650  1650 D org.thaliproject.p2p.btconnectorlib.internal.bluetooth.le.BlePeerDiscoverer: updateState: stateSet: [SCANNING]
02-09 11:55:52.088  1650  1650 D org.thaliproject.p2p.btconnectorlib.internal.bluetooth.le.BlePeerDiscoverer: Current thread: Thread[main,5,main], id: 1
02-09 11:55:52.088  1650  1650 D org.thaliproject.p2p.btconnectorlib.internal.bluetooth.le.BlePeerDiscoverer: updateState: State changed from [SCANNING] to [SCANNING, ADVERTISING]Current thread: Thread[main,5,main], id: 1
02-09 11:55:52.088  1650  1650 D org.thaliproject.p2p.btconnectorlib.internal.bluetooth.le.BlePeerDiscoverer: update state finished. Current thread: Thread[main,5,main], id: 1
02-09 11:55:52.088  1650  1700 I jxcore-log: 2017-02-09 08:55:52 - DEBUG thaliWifiInfrastructure: 'listening 44499'
02-09 11:55:52.088  1650  1700 I jxcore-log: 
02-09 11:55:52.088  1650  1650 I org.thaliproject.p2p.btconnectorlib.DiscoveryManager: onBlePeerDiscovererStateChanged: [SCANNING] -> [SCANNING, ADVERTISING] Current thread: Thread[main,5,main], id: 1
02-09 11:55:52.088  1650  1650 D org.thaliproject.p2p.btconnectorlib.DiscoveryManager: updateState: Current thread: Thread[main,5,main], id: 1
02-09 11:55:52.090 11651 11667 D BtGatt.GattService: onBatchScanStorageConfigured() - clientIf=5, status=0
02-09 11:55:52.090 11651 11667 D BtGatt.ScanManager: callback done for clientIf - 5 status - 0
02-09 11:55:52.091  1650  1700 I jxcore-log: 2017-02-09 08:55:52 - INFO nodeSSDPServerLogger: '{ address: 'http://0.0.0.0:1900' } 'SSDP listening''
02-09 11:55:52.091  1650  1700 I jxcore-log: 
02-09 11:55:52.091  1650  1650 D org.thaliproject.p2p.btconnectorlib.DiscoveryManager: updateStateInternal Current thread: Thread[main,5,main], id: 1
02-09 11:55:52.091  1650  1650 D org.thaliproject.p2p.btconnectorlib.DiscoveryManager: updateState: State: RUNNING_BLE, is discovering: true, is advertising: true
02-09 11:55:52.091  1650  1650 D org.thaliproject.p2p.btconnectorlib.DiscoveryManager: updateStateInternal finished Current thread: Thread[main,5,main], id: 1
02-09 11:55:52.091  1650  1650 D org.thaliproject.p2p.btconnectorlib.DiscoveryManager: updateState finished Current thread: Thread[main,5,main], id: 1
02-09 11:55:52.092  1650  1650 I io.jxcore.node.ConnectionHelper: onDiscoveryManagerStateChanged: State: RUNNING_BLE, is discovering: true, is advertising: true
02-09 11:55:52.092  1650  1700 I jxcore-log: 2017-02-09 08:55:52 - INFO nodeSSDPServerLogger: 'UDP socket bound'
02-09 11:55:52.092  1650  1700 I jxcore-log: 
02-09 11:55:52.096 11651 11667 D BtGatt.GattService: onBatchScanStartStopped() - clientIf=5, status=0, startStopAction=1
02-09 11:55:52.096 11651 11667 D BtGatt.ScanManager: callback done for clientIf - 5 status - 0
02-09 11:55:52.097  1650  1700 I jxcore-log: 2017-02-09 08:55:52 - INFO nodeSSDPServerLogger: 'Socket bound'
02-09 11:55:52.097  1650  1700 I jxcore-log: 
02-09 11:55:52.100  1650  1700 I jxcore-log: 2017-02-09 08:55:52 - DEBUG thaliMobileNativeWrapper: 'discoveryAdvertisingStateUpdateNonTCP: {"discoveryActive":true,"advertisingActive":false}'
02-09 11:55:52.100  1650  1700 I jxcore-log: 
02-09 11:55:52.101  1650  1700 I jxcore-log: 2017-02-09 08:55:52 - INFO thaliMobile: 'Received state ({"discoveryActive":true,"advertisingActive":false}) did not match with target ({"started":true,"listening":true,"advertising":true,"networkType":"BOTH","startArguments":{"networkType":"BOTH"}})'
02-09 11:55:52.101  1650  1700 I jxcore-log: 
02-09 11:55:52.187  1650  1700 I jxcore-log: 2017-02-09 08:55:52 - DEBUG thaliWifiInfrastructure: 'Emitting wifiPeerAvailabilityChanged {"peerIdentifier":"0f5b4ca1-14f2-48b4-9734-d7ba0aa3a1f6","generation":0,"hostAddress":"192.168.2.5","portNumber":49008}'
02-09 11:55:52.187  1650  1700 I jxcore-log: 
02-09 11:55:52.188  1650  1700 I jxcore-log: 2017-02-09 08:55:52 - DEBUG thaliMobile: 'Emitting peerAvailabilityChanged from handlePeer {"peerIdentifier":"0f5b4ca1-14f2-48b4-9734-d7ba0aa3a1f6","connectionType":"tcp","peerAvailable":true,"generation":0,"newAddressPort":false}'
02-09 11:55:52.188  1650  1700 I jxcore-log: 
02-09 11:55:52.253  1650  1700 I jxcore-log: 2017-02-09 08:55:52 - DEBUG thaliPeerAction: 'we couldn't destroy http agent explicitly'
02-09 11:55:52.253  1650  1700 I jxcore-log: 
02-09 11:55:52.256  1650  1700 I jxcore-log: 2017-02-09 08:55:52 - DEBUG thaliPeerPoolDefault: 'Got err   Could not establish TCP connection'
02-09 11:55:52.256  1650  1700 I jxcore-log: 
02-09 11:55:52.417  1650  1700 I jxcore-log: 2017-02-09 08:55:52 - DEBUG thaliPeerAction: 'we couldn't destroy http agent explicitly'
02-09 11:55:52.417  1650  1700 I jxcore-log: 
02-09 11:55:52.422  1650  1700 I jxcore-log: 2017-02-09 08:55:52 - DEBUG thaliPeerPoolDefault: 'Got err   Could not establish TCP connection'
02-09 11:55:52.422  1650  1700 I jxcore-log: 
02-09 11:55:52.593  1650  1650 V io.jxcore.node.ConnectionHelper: Notifying discovery manager state change: is discovering: true, is advertising: true
02-09 11:55:52.593  1650  1650 V io.jxcore.node.StartStopOperation: isTargetState: Connectivity: RUNNING, discovery: RUNNING_BLE, is discovering: true, is advertising: true - Start operation: Should start/stop everything
02-09 11:55:52.593  1650  1650 D io.jxcore.node.StartStopOperationHandler: processCurrentOperationStatus: Operation successfully executed
02-09 11:55:52.598  1650  1700 I jxcore-log: 2017-02-09 08:55:52 - DEBUG thaliMobileNativeWrapper: 'discoveryAdvertisingStateUpdateNonTCP: {"discoveryActive":true,"advertisingActive":true}'
02-09 11:55:52.598  1650  1700 I jxcore-log: 
02-09 11:55:52.605  1650  1700 I jxcore-log: 2017-02-09 08:55:52 - DEBUG thaliManager: 'starting thaliSendNotificationBasedOnReplication'
02-09 11:55:52.605  1650  1700 I jxcore-log: 
02-09 11:55:52.718  1650  1700 D io.jxcore.node.JXcoreExtension: startUpdateAdvertisingAndListening
02-09 11:55:52.721  1650  1700 I io.jxcore.node.ConnectionHelper: start: Port number: 43313, start advertisements: true
02-09 11:55:52.721  1650  1700 V io.jxcore.node.ConnectivityMonitor: start: Already started
02-09 11:55:52.721  1650  1700 I io.jxcore.node.StartStopOperationHandler: updateBeaconAdExtraInformation: New value: 1
02-09 11:55:52.721  1650  1700 I org.thaliproject.p2p.btconnectorlib.DiscoveryManagerSettings: setBeaconAdExtraInformation: 0 -> 1
02-09 11:55:52.721  1650  1700 I org.thaliproject.p2p.btconnectorlib.internal.AbstractBluetoothConnectivityAgent: clearIdentityString
02-09 11:55:52.723  1650  1700 I org.thaliproject.p2p.btconnectorlib.internal.AbstractBluetoothConnectivityAgent: verifyIdentityString: Identity string created: {"generation":1,"address":"BC:75:74:3A:BC:F8"}
02-09 11:55:52.723  1650  1700 D org.thaliproject.p2p.btconnectorlib.internal.bluetooth.BluetoothConnector: setIdentityString: {"generation":1,"address":"BC:75:74:3A:BC:F8"}
02-09 11:55:52.723  1650  1700 D org.thaliproject.p2p.btconnectorlib.DiscoveryManager: onAdvertiseScanSettingsChanged: Current thread: Thread[Thread-921,5,main], id: 921
02-09 11:55:52.724  1650  1700 I org.thaliproject.p2p.btconnectorlib.internal.bluetooth.le.BlePeerDiscoverer: applySettings:
02-09 11:55:52.724  1650  1700 I org.thaliproject.p2p.btconnectorlib.internal.bluetooth.le.BlePeerDiscoverer:     - Manufacturer ID: 49011
02-09 11:55:52.724  1650  1700 I org.thaliproject.p2p.btconnectorlib.internal.bluetooth.le.BlePeerDiscoverer:     - Beacon ad length and type: 533
02-09 11:55:52.724  1650  1700 I org.thaliproject.p2p.btconnectorlib.internal.bluetooth.le.BlePeerDiscoverer:     - Beacon ad extra information: 1
02-09 11:55:52.724  1650  1700 I org.thaliproject.p2p.btconnectorlib.internal.bluetooth.le.BlePeerDiscoverer:     - Advertisement data type: DO_NOT_CARE
02-09 11:55:52.724  1650  1700 I org.thaliproject.p2p.btconnectorlib.internal.bluetooth.le.BlePeerDiscoverer:     - Advertise mode: 2
02-09 11:55:52.724  1650  1700 I org.thaliproject.p2p.btconnectorlib.internal.bluetooth.le.BlePeerDiscoverer:     - Advertise TX power level: 3
02-09 11:55:52.724  1650  1700 I org.thaliproject.p2p.btconnectorlib.internal.bluetooth.le.BlePeerDiscoverer:     - Scan mode: 2
02-09 11:55:52.724  1650  1700 I org.thaliproject.p2p.btconnectorlib.internal.bluetooth.le.BlePeerDiscoverer:     - Scan report delay in milliseconds: 500
02-09 11:55:52.724  1650  1700 I org.thaliproject.p2p.btconnectorlib.internal.bluetooth.le.BlePeerDiscoverer:     - Current thread: Thread[Thread-921,5,main], id: 921
02-09 11:55:52.724  1650  1700 D org.thaliproject.p2p.btconnectorlib.internal.bluetooth.le.BlePeerDiscoverer: Beacon extra: 1
02-09 11:55:52.724  1650  1700 D org.thaliproject.p2p.btconnectorlib.internal.bluetooth.le.BlePeerDiscoverer: applySettings: advertiserWasStarted true Current thread: Thread[Thread-921,5,main], id: 921
02-09 11:55:52.724  1650  1700 D org.thaliproject.p2p.btconnectorlib.internal.bluetooth.le.BlePeerDiscoverer: applySettings: stop advertiser Current thread: Thread[Thread-921,5,main], id: 921
02-09 11:55:52.724  1650  1700 D org.thaliproject.p2p.btconnectorlib.internal.bluetooth.le.BleAdvertiser: stop. Current thread: Thread[Thread-921,5,main], id: 921
02-09 11:55:52.725 11651 11669 D BtGatt.AdvertiseManager: message : 1
02-09 11:55:52.726 11651 11669 D BtGatt.AdvertiseManager: stop advertise for client 6
02-09 11:55:52.733 11651 11651 D BtGatt.ScanManager: awakened up at time 2065310332
02-09 11:55:52.734 11651 11670 D BtGatt.ScanManager: flushPendingBatchResults - clientIf = 5
02-09 11:55:52.737 11651 11667 D BtGatt.GattService: onAdvertiseInstanceDisabled() - clientIf=6, status=0
02-09 11:55:52.737 11651 11667 D BtGatt.GattService: Client app is not null!
02-09 11:55:52.738 11651 11662 D BtGatt.GattService: unregisterClient() - clientIf=6
02-09 11:55:52.739  1650  1700 D org.thaliproject.p2p.btconnectorlib.internal.bluetooth.le.BleAdvertiser: stop: Stopped
02-09 11:55:52.739  1650  1700 D org.thaliproject.p2p.btconnectorlib.internal.bluetooth.le.BleAdvertiser: setState: current  = RUNNING, new = NOT_STARTEDCurrent thread: Thread[Thread-921,5,main], id: 921
02-09 11:55:52.740  1650  1700 D org.thaliproject.p2p.btconnectorlib.internal.bluetooth.le.BleAdvertiser: setState: State changed from RUNNING to NOT_STARTED
02-09 11:55:52.740  1650  1700 D org.thaliproject.p2p.btconnectorlib.internal.bluetooth.le.BleAdvertiser: setState: finished Current thread: Thread[Thread-921,5,main], id: 921
02-09 11:55:52.740  1650  1700 D org.thaliproject.p2p.btconnectorlib.internal.bluetooth.le.BleAdvertiser: stop finished. Current thread: Thread[Thread-921,5,main], id: 921
02-09 11:55:52.740  1650  1700 D org.thaliproject.p2p.btconnectorlib.internal.bluetooth.le.BleAdvertiser: setAdvertiseSettings, Current thread: Thread[Thread-921,5,main], id: 921
02-09 11:55:52.740  1650  1700 I org.thaliproject.p2p.btconnectorlib.internal.bluetooth.le.BleAdvertiser: setAdvertiseSettings: Mode: 2, Tx power level: 3, timeout: 0, is connectable: false
02-09 11:55:52.740  1650  1700 D org.thaliproject.p2p.btconnectorlib.internal.bluetooth.le.BlePeerDiscoverer: applySettings: start advertiser Current thread: Thread[Thread-921,5,main], id: 921
02-09 11:55:52.740  1650  1700 D org.thaliproject.p2p.btconnectorlib.internal.bluetooth.le.BlePeerDiscoverer: startAdvertiser: Current thread: Thread[Thread-921,5,main], id: 921
02-09 11:55:52.740  1650  1700 D org.thaliproject.p2p.btconnectorlib.internal.bluetooth.le.BlePeerDiscoverer: stopPeerAddressHelperAdvertiser Current thread: Thread[Thread-921,5,main], id: 921
02-09 11:55:52.740  1650  1700 I org.thaliproject.p2p.btconnectorlib.internal.bluetooth.le.BlePeerDiscoverer: startAdvertiser: Starting...
02-09 11:55:52.740  1650  1700 D org.thaliproject.p2p.btconnectorlib.internal.bluetooth.le.BlePeerDiscoverer: createAdvertiseData: createAdvertiseDataToServiceData 
02-09 11:55:52.740  1650  1700 I org.thaliproject.p2p.btconnectorlib.internal.bluetooth.le.PeerAdvertisementFactory: createAdvertiseDataToServiceData: Service UUID: "cd8f3e87-9baf-4253-be43-1bd4e938c1ab", Bluetooth MAC address: "BC:75:74:3A:BC:F8"
02-09 11:55:52.741  1650  1700 V org.thaliproject.p2p.btconnectorlib.internal.bluetooth.le.PeerAdvertisementFactory: createAdvertiseDataToServiceData: Service data (length is 7 bytes): 01 BC 75 74 3A BC F8
02-09 11:55:52.741  1650  1700 V org.thaliproject.p2p.btconnectorlib.internal.bluetooth.le.PeerAdvertisementFactory: createAdvertiseDataToServiceData: Created: AdvertiseData [mServiceUuids=[cd8f3e87-9baf-4253-be43-1bd4e938c1ab], mManufacturerSpecificData={}, mServiceData={cd8f3e87-9baf-4253-be43-1bd4e938c1ab=[1, -68, 117, 116, 58, -68, -8]}, mIncludeTxPowerLevel=false, mIncludeDeviceName=false]
02-09 11:55:52.741  1650  1700 I org.thaliproject.p2p.btconnectorlib.internal.bluetooth.le.BlePeerDiscoverer: createAdvertiseData: created AdvertiseData [mServiceUuids=[cd8f3e87-9baf-4253-be43-1bd4e938c1ab], mManufacturerSpecificData={}, mServiceData={cd8f3e87-9baf-4253-be43-1bd4e938c1ab=[1, -68, 117, 116, 58, -68, -8]}, mIncludeTxPowerLevel=false, mIncludeDeviceName=false]
02-09 11:55:52.741  1650  1700 D org.thaliproject.p2p.btconnectorlib.internal.bluetooth.le.BleAdvertiser: setAdvertiseData: Current thread: Thread[Thread-921,5,main], id: 921
02-09 11:55:52.741  1650  1700 D org.thaliproject.p2p.btconnectorlib.internal.bluetooth.le.BleAdvertiser: setAdvertiseData: AdvertiseData [mServiceUuids=[cd8f3e87-9baf-4253-be43-1bd4e938c1ab], mManufacturerSpecificData={}, mServiceData={cd8f3e87-9baf-4253-be43-1bd4e938c1ab=[1, -68, 117, 116, 58, -68, -8]}, mIncludeTxPowerLevel=false, mIncludeDeviceName=false]. Current thread: Thread[Thread-921,5,main], id: 921
02-09 11:55:52.741  1650  1700 D org.thaliproject.p2p.btconnectorlib.internal.bluetooth.le.BleAdvertiser: setAdvertiseData: was started = false
02-09 11:55:52.741  1650  1700 D org.thaliproject.p2p.btconnectorlib.internal.bluetooth.le.BleAdvertiser: setAdvertiseData: advertiseData = AdvertiseData [mServiceUuids=[cd8f3e87-9baf-4253-be43-1bd4e938c1ab], mManufacturerSpecificData={}, mServiceData={cd8f3e87-9baf-4253-be43-1bd4e938c1ab=[1, -68, 117, 116, 58, -68, -8]}, mIncludeTxPowerLevel=false, mIncludeDeviceName=false]
02-09 11:55:52.741  1650  1700 D org.thaliproject.p2p.btconnectorlib.internal.bluetooth.le.BleAdvertiser: setAdvertiseData finished: Current thread: Thread[Thread-921,5,main], id: 921
02-09 11:55:52.741  1650  1700 D org.thaliproject.p2p.btconnectorlib.internal.bluetooth.le.BleAdvertiser: start:  state = NOT_STARTEDCurrent thread: Thread[Thread-921,5,main], id: 921
02-09 11:55:52.742  1650  1700 I org.thaliproject.p2p.btconnectorlib.internal.bluetooth.le.BleAdvertiser: start: Starting... advertisement data = AdvertiseData [mServiceUuids=[cd8f3e87-9baf-4253-be43-1bd4e938c1ab], mManufacturerSpecificData={}, mServiceData={cd8f3e87-9baf-4253-be43-1bd4e938c1ab=[1, -68, 117, 116, 58, -68, -8]}, mIncludeTxPowerLevel=false, mIncludeDeviceName=false], Current thread: Thread[Thread-921,5,main], id: 921
02-09 11:55:52.747  1650  1700 D BluetoothAdapter: STATE_ON
02-09 11:55:52.748 11651 11699 D BtGatt.GattService: registerClient() - UUID=9743dc1d-5d39-4228-b9fb-f3d2b6d4303b
02-09 11:55:52.749 11651 11667 D BtGatt.GattService: onClientRegistered() - UUID=9743dc1d-5d39-4228-b9fb-f3d2b6d4303b, clientIf=6
02-09 11:55:52.750  1650  1662 D BluetoothLeAdvertiser: onClientRegistered() - status=0 clientIf=6
02-09 11:55:52.751 11651 11669 D BtGatt.AdvertiseManager: message : 0
02-09 11:55:52.754 11651 11669 D BtGatt.AdvertiseManager: starting multi advertising
02-09 11:55:52.755 11651 11667 D BtGatt.GattService: onBatchScanReports() - clientIf=5, status=0, reportType=2, numRecords=3
02-09 11:55:52.755 11651 11667 D BtGatt.ScanManager: callback done for clientIf - 5 status - 0
02-09 11:55:52.755 11651 11667 D BtGatt.GattService: current time is 2065310355319329
02-09 11:55:52.755 11651 11667 D BtGatt.GattService: Batch record : [-80, -35, -82, -109, 51, 81, 1, -128, -60, 13, 0, 29, 17, 7, -112, -75, 1, 68, 117, 5, -46, -118, 48, 73, 103, 39, 36, 33, -34, 59, 10, 22, 36, 33, 5, 36, 0, -70, -7, -102, -97, 0, -97, -102, -7, -70, 0, 36, 0, -128, -60, 13, 0, 29, 17, 7, -112, -75, 1, 68, 117, 5, -46, -118, 48, 73, 103, 39, 36, 33, -34, 59, 10, 22, 36, 33, 5, 36, 0, -70, -7, -102, -97, 0, -97, -102, -7, -70, 0, 36, 0, -128, -60, 2, 0, 29, 17, 7, -85, -63, 56, -23, -44, 27, 67, -66, 83, 66, -81, -101, -121, 62, -113, -51, 10, 22, -121, 62, 0, 36, 0, -70, -7, -102, -97, 0]
02-09 11:55:52.755 11651 11667 D BtGatt.GattService: ScanRecord : [17, 7, -112, -75, 1, 68, 117, 5, -46, -118, 48, 73, 103, 39, 36, 33, -34, 59, 10, 22, 36, 33, 5, 36, 0, -70, -7, -102, -97]
02-09 11:55:52.755 11651 11667 D BtGatt.GattService: ScanRecord : [17, 7, -112, -75, 1, 68, 117, 5, -46, -118, 48, 73, 103, 39, 36, 33, -34, 59, 10, 22, 36, 33, 5, 36, 0, -70, -7, -102, -97]
02-09 11:55:52.756 11651 11667 D BtGatt.GattService: ScanRecord : [17, 7, -85, -63, 56, -23, -44, 27, 67, -66, 83, 66, -81, -101, -121, 62, -113, -51, 10, 22, -121, 62, 0, 36, 0, -70, -7, -102, -97]
02-09 11:55:52.758  1650  1650 D org.thaliproject.p2p.btconnectorlib.internal.bluetooth.le.BleScanner: onBatchScanResults: results count  = 3. Current thread: Thread[main,5,main], id: 1
02-09 11:55:52.759  1650  1650 D org.thaliproject.p2p.btconnectorlib.internal.bluetooth.le.BlePeerDiscoverer: checkScanResult: ScanResult{mDevice=24:00:BA:F9:9A:9F, mScanRecord=ScanRecord [mAdvertiseFlags=-1, mServiceUuids=[3bde2124-2767-4930-8ad2-05754401b590], mManufacturerSpecificData={}, mServiceData={00002124-0000-1000-8000-00805f9b34fb=[5, 36, 0, -70, -7, -102, -97]}, mTxPowerLevel=-2147483648, mDeviceName=null], mRssi=-60, mTimestampNanos=2065309705481204}
02-09 11:55:52.760  1650  1650 D org.thaliproject.p2p.btconnectorlib.internal.bluetooth.le.BlePeerDiscoverer: checkScanResult: parsedAdvertisement: [UUID = null, bluetoothMacAddress = 24:00:BA:F9:9A:9F, provideBluetoothMacAddressRequestId = nullextra info = 5]
02-09 11:55:52.760  1650  1650 D org.thaliproject.p2p.btconnectorlib.internal.bluetooth.le.BlePeerDiscoverer: checkScanResult: parsedAdvertisement uuid mismatch
02-09 11:55:52.760  1650  1650 D org.thaliproject.p2p.btconnectorlib.internal.bluetooth.le.BlePeerDiscoverer: checkScanResult: ScanResult{mDevice=51:33:93:AE:DD:B0, mScanRecord=ScanRecord [mAdvertiseFlags=-1, mServiceUuids=[3bde2124-2767-4930-8ad2-05754401b590], mManufacturerSpecificData={}, mServiceData={00002124-0000-1000-8000-00805f9b34fb=[5, 36, 0, -70, -7, -102, -97]}, mTxPowerLevel=-2147483648, mDeviceName=null], mRssi=-60, mTimestampNanos=2065309705481204}
02-09 11:55:52.760  1650  1650 D org.thaliproject.p2p.btconnectorlib.internal.bluetooth.le.BlePeerDiscoverer: checkScanResult: parsedAdvertisement: [UUID = null, bluetoothMacAddress = 24:00:BA:F9:9A:9F, provideBluetoothMacAddressRequestId = nullextra info = 5]
02-09 11:55:52.760  1650  1650 D org.thaliproject.p2p.btconnectorlib.internal.bluetooth.le.BlePeerDiscoverer: checkScanResult: parsedAdvertisement uuid mismatch
02-09 11:55:52.760  1650  1650 D org.thaliproject.p2p.btconnectorlib.internal.bluetooth.le.BlePeerDiscoverer: checkScanResult: ScanResult{mDevice=24:00:BA:F9:9A:9F, mScanRecord=ScanRecord [mAdvertiseFlags=-1, mServiceUuids=[cd8f3e87-9baf-4253-be43-1bd4e938c1ab], mManufacturerSpecificData={}, mServiceData={00003e87-0000-1000-8000-00805f9b34fb=[0, 36, 0, -70, -7, -102, -97]}, mTxPowerLevel=-2147483648, mDeviceName=null], mRssi=-60, mTimestampNanos=2065310255481204}
02-09 11:55:52.761  1650  1650 D org.thaliproject.p2p.btconnectorlib.internal.bluetooth.le.BlePeerDiscoverer: checkScanResult: parsedAdvertisement: [UUID = null, bluetoothMacAddress = 24:00:BA:F9:9A:9F, provideBluetoothMacAddressRequestId = nullextra info = 0]
02-09 11:55:52.761  1650  1650 V org.thaliproject.p2p.btconnectorlib.internal.bluetooth.le.BlePeerDiscoverer: checkScanResult: Resolved advertisement type: ADVERTISEMENT_PEER_PROPERTIES
02-09 11:55:52.761  1650  1650 D org.thaliproject.p2p.btconnectorlib.internal.bluetooth.le.PeerAdvertisementFactory: Parsed advertisment: [UUID = cd8f3e87-9baf-4253-be43-1bd4e938c1ab, bluetoothMacAddress = 24:00:BA:F9:9A:9F, provideBluetoothMacAddressRequestId = nullextra info = 0]
02-09 11:55:52.762  1650  1650 D org.thaliproject.p2p.btconnectorlib.internal.bluetooth.le.BlePeerDiscoverer: checkScanResult onPeerDiscovered [24:00:BA:F9:9A:9F 0]
02-09 11:55:52.762  1650  1650 D org.thaliproject.p2p.btconnectorlib.DiscoveryManager: onPeerDiscovered: [24:00:BA:F9:9A:9F 0]
02-09 11:55:52.762  1650  1650 V org.thaliproject.p2p.btconnectorlib.utils.PeerModel: addOrUpdateDiscoveredPeer: [24:00:BA:F9:9A:9F 0]
02-09 11:55:52.762  1650  1650 D org.thaliproject.p2p.btconnectorlib.utils.PeerModel: Want to call onPeerAdded. Listeners size = 1
02-09 11:55:52.762  1650  1650 D org.thaliproject.p2p.btconnectorlib.DiscoveryManager: onPeerAdded: [24:00:BA:F9:9A:9F 0]
02-09 11:55:52.763  1650  1650 V org.thaliproject.p2p.btconnectorlib.utils.PeerModel: addOrUpdateDiscoveredPeer: New peer, [24:00:BA:F9:9A:9F 0], added - the peer count is 1
02-09 11:55:52.763  1650  1650 I io.jxcore.node.ConnectionHelper: onPeerDiscovered: [24:00:BA:F9:9A:9F 0], Bluetooth address: 24:00:BA:F9:9A:9F, device name: 'null', device address: 'null'
02-09 11:55:52.766 11651 11667 D BtGatt.GattService: onAdvertiseInstanceEnabled() - clientIf=6, status=0
02-09 11:55:52.771 11651 11667 D BtGatt.GattService: onAdvertiseDataSet() - clientIf=6, status=0
02-09 11:55:52.772  1650  1650 D org.thaliproject.p2p.btconnectorlib.internal.bluetooth.le.BleAdvertiser: onStartSuccess : Current thread: Thread[main,5,main], id: 1
02-09 11:55:52.772  1650  1700 I org.thaliproject.p2p.btconnectorlib.internal.bluetooth.le.BleAdvertiser: start: Started advertisment Current thread: Thread[Thread-921,5,main], id: 921
02-09 11:55:52.772  1650  1700 D org.thaliproject.p2p.btconnectorlib.internal.bluetooth.le.BleAdvertiser: setState: current  = NOT_STARTED, new = STARTINGCurrent thread: Thread[Thread-921,5,main], id: 921
02-09 11:55:52.772  1650  1700 D org.thaliproject.p2p.btconnectorlib.internal.bluetooth.le.BleAdvertiser: setState: State changed from NOT_STARTED to STARTING
02-09 11:55:52.772  1650  1700 D org.thaliproject.p2p.btconnectorlib.internal.bluetooth.le.BleAdvertiser: setState: onIsAdvertiserStartedChanged default (no call to listener). Current thread: Thread[Thread-921,5,main], id: 921
02-09 11:55:52.772  1650  1700 D org.thaliproject.p2p.btconnectorlib.internal.bluetooth.le.BleAdvertiser: setState: finished Current thread: Thread[Thread-921,5,main], id: 921
02-09 11:55:52.772  1650  1700 I org.thaliproject.p2p.btconnectorlib.internal.bluetooth.le.BleAdvertiser: start: return, state = STARTINGCurrent thread: Thread[Thread-921,5,main], id: 921
02-09 11:55:52.772  1650  1700 D org.thaliproject.p2p.btconnectorlib.internal.bluetooth.le.BleAdvertiser: start returned: Current thread: Thread[Thread-921,5,main], id: 921
02-09 11:55:52.772  1650  1700 D org.thaliproject.p2p.btconnectorlib.internal.bluetooth.le.BlePeerDiscoverer: startAdvertiser started = true Current thread: Thread[Thread-921,5,main], id: 921
02-09 11:55:52.773  1650  1700 D org.thaliproject.p2p.btconnectorlib.internal.bluetooth.le.BlePeerDiscoverer: applySettings: start advertiser started = true Current thread: Thread[Thread-921,5,main], id: 921
02-09 11:55:52.773  1650  1700 D org.thaliproject.p2p.btconnectorlib.internal.bluetooth.le.BleScanner: applyAdditionalMarshmallowSettings
02-09 11:55:52.773  1650  1700 D org.thaliproject.p2p.btconnectorlib.internal.bluetooth.le.BlePeerDiscoverer: applySettings: scannerWasStarted true Current thread: Thread[Thread-921,5,main], id: 921
02-09 11:55:52.773  1650  1650 D org.thaliproject.p2p.btconnectorlib.internal.bluetooth.le.BleAdvertiser: setState: current  = STARTING, new = RUNNINGCurrent thread: Thread[main,5,main], id: 1
02-09 11:55:52.773  1650  1700 D org.thaliproject.p2p.btconnectorlib.internal.bluetooth.le.BlePeerDiscoverer: applySettings: stop scanner Current thread: Thread[Thread-921,5,main], id: 921
02-09 11:55:52.773  1650  1650 D org.thaliproject.p2p.btconnectorlib.internal.bluetooth.le.BleAdvertiser: setState: State changed from STARTING to RUNNING
02-09 11:55:52.773  1650  1700 D org.thaliproject.p2p.btconnectorlib.internal.bluetooth.le.BleScanner: stop, Current thread: Thread[Thread-921,5,main], id: 921
02-09 11:55:52.773  1650  1650 D org.thaliproject.p2p.btconnectorlib.internal.bluetooth.le.BleAdvertiser: notifyAdvertiserStateChanged: started =  true. Current thread: Thread[main,5,main], id: 1
02-09 11:55:52.773  1650  1650 D org.thaliproject.p2p.btconnectorlib.internal.bluetooth.le.BleAdvertiser: setState: finished Current thread: Thread[main,5,main], id: 1
02-09 11:55:52.773  1650  1650 I org.thaliproject.p2p.btconnectorlib.internal.bluetooth.le.BlePeerDiscoverer: onIsAdvertiserStartedChanged: trueCurrent thread: Thread[main,5,main], id: 1
02-09 11:55:52.773  1650  1650 D org.thaliproject.p2p.btconnectorlib.internal.bluetooth.le.BlePeerDiscoverer: updateState : Current thread: Thread[main,5,main], id: 1
02-09 11:55:52.773  1650  1650 D org.thaliproject.p2p.btconnectorlib.internal.bluetooth.le.BlePeerDiscoverer: updateState: deducedStateSet: [SCANNING, ADVERTISING]
02-09 11:55:52.773  1650  1700 D BluetoothAdapter: STATE_ON
02-09 11:55:52.773  1650  1650 D org.thaliproject.p2p.btconnectorlib.internal.bluetooth.le.BlePeerDiscoverer: updateState: stateSet: [SCANNING, ADVERTISING]
02-09 11:55:52.773  1650  1650 D org.thaliproject.p2p.btconnectorlib.internal.bluetooth.le.BlePeerDiscoverer: Current thread: Thread[main,5,main], id: 1
02-09 11:55:52.773  1650  1650 D org.thaliproject.p2p.btconnectorlib.internal.bluetooth.le.BlePeerDiscoverer: update state finished. Current thread: Thread[main,5,main], id: 1
02-09 11:55:52.773 11651 11698 D BtGatt.GattService: flushPendingBatchResults - clientIf=5, isServer=false
02-09 11:55:52.773  1650  1700 D org.thaliproject.p2p.btconnectorlib.internal.bluetooth.le.BleScanner: stop: scan results are flushed 
02-09 11:55:52.774  1650  1700 D BluetoothAdapter: STATE_ON
02-09 11:55:52.774 11651 11670 D BtGatt.ScanManager: flushPendingBatchResults - clientIf = 5
02-09 11:55:52.774 11651 11703 D BtGatt.GattService: stopScan() - queue size =1
02-09 11:55:52.775 11651 11661 D BtGatt.GattService: unregisterClient() - clientIf=5
02-09 11:55:52.775  1650  1700 D org.thaliproject.p2p.btconnectorlib.internal.bluetooth.le.BleScanner: stop: Stopped
02-09 11:55:52.775  1650  1700 D org.thaliproject.p2p.btconnectorlib.internal.bluetooth.le.BleScanner: set state: Current thread: Thread[Thread-921,5,main], id: 921
02-09 11:55:52.776  1650  1700 D org.thaliproject.p2p.btconnectorlib.internal.bluetooth.le.BleScanner: setState: State changed from RUNNING to NOT_STARTED
02-09 11:55:52.776  1650  1700 D org.thaliproject.p2p.btconnectorlib.internal.bluetooth.le.BleScanner: stop finished, Current thread: Thread[Thread-921,5,main], id: 921
02-09 11:55:52.776  1650  1700 I org.thaliproject.p2p.btconnectorlib.internal.bluetooth.le.BleScanner: setScanSettings: Mode: 2, report delay in milliseconds: 500, scan result type: 0
02-09 11:55:52.776  1650  1700 D org.thaliproject.p2p.btconnectorlib.internal.bluetooth.le.BlePeerDiscoverer: applySettings: start scanner Current thread: Thread[Thread-921,5,main], id: 921
02-09 11:55:52.776  1650  1700 D org.thaliproject.p2p.btconnectorlib.internal.bluetooth.le.BlePeerDiscoverer: startScanner: Current thread: Thread[Thread-921,5,main], id: 921
02-09 11:55:52.776  1650  1700 I org.thaliproject.p2p.btconnectorlib.internal.bluetooth.le.BlePeerDiscoverer: startScanner: Starting...
02-09 11:55:52.776  1650  1700 D org.thaliproject.p2p.btconnectorlib.internal.bluetooth.le.BlePeerDiscoveryUtils: createScanFilter: No service UUID, use manufacturer ID: true
02-09 11:55:52.776  1650  1700 D org.thaliproject.p2p.btconnectorlib.internal.bluetooth.le.BlePeerDiscoveryUtils: manufacturer ID: 49011
02-09 11:55:52.776  1650  1700 D org.thaliproject.p2p.btconnectorlib.internal.bluetooth.le.BlePeerDiscoveryUtils: createScanFilter: BluetoothLeScanFilter [mDeviceName=null, mDeviceAddress=null, mUuid=null, mUuidMask=null, mServiceDataUuid=null, mServiceData=null, mServiceDataMask=null, mManufacturerId=49011, mManufacturerData=null, mManufacturerDataMask=null]
02-09 11:55:52.776  1650  1700 D org.thaliproject.p2p.btconnectorlib.internal.bluetooth.le.BleScanner: start: Current thread: Thread[Thread-921,5,main], id: 921
02-09 11:55:52.777  1650  1700 D BluetoothAdapter: STATE_ON
02-09 11:55:52.780 11651 11667 D BtGatt.GattService: onBatchScanReports() - clientIf=5, status=0, reportType=2, numRecords=0
02-09 11:55:52.780 11651 11667 D BtGatt.ScanManager: callback done for clientIf - 5 status - 0
02-09 11:55:52.780 11651 11667 E BtGatt.ContextMap: Context not found for ID 5
02-09 11:55:52.781 11651 11699 D BtGatt.GattService: registerClient() - UUID=605af1f5-20bc-4755-984a-c53d65b77fa9
02-09 11:55:52.782 11651 11667 D BtGatt.GattService: onClientRegistered() - UUID=605af1f5-20bc-4755-984a-c53d65b77fa9, clientIf=5
02-09 11:55:52.783  1650  1661 D BluetoothLeScanner: onClientRegistered() - status=0 clientIf=5
02-09 11:55:52.783 11651 11703 D BtGatt.GattService: start scan with filters
02-09 11:55:52.786 11651 11667 D BtGatt.GattService: onScanFilterParamsConfigured() - clientIf=5, status=0, action=1, availableSpace=32
02-09 11:55:52.786 11651 11667 D BtGatt.ScanManager: callback done for clientIf - 5 status - 0
02-09 11:55:52.786  1650  1700 D org.thaliproject.p2p.btconnectorlib.internal.bluetooth.le.BleScanner: start: scan started
02-09 11:55:52.786  1650  1700 D org.thaliproject.p2p.btconnectorlib.internal.bluetooth.le.BleScanner: set state: Current thread: Thread[Thread-921,5,main], id: 921
02-09 11:55:52.786  1650  1700 D org.thaliproject.p2p.btconnectorlib.internal.bluetooth.le.BleScanner: setState: State changed from NOT_STARTED to RUNNING
02-09 11:55:52.786 11651 11670 D BtGatt.ScanManager: stopping BLe Batch
02-09 11:55:52.786  1650  1700 D org.thaliproject.p2p.btconnectorlib.internal.bluetooth.le.BleScanner: notifyScannerStateChanged: started =  true. Current thread: Thread[Thread-921,5,main], id: 921
02-09 11:55:52.787  1650  1700 D org.thaliproject.p2p.btconnectorlib.internal.bluetooth.le.BlePeerDiscoverer: applySettings: start scanner started = true Current thread: Thread[Thread-921,5,main], id: 921
02-09 11:55:52.787  1650  1650 I org.thaliproject.p2p.btconnectorlib.internal.bluetooth.le.BlePeerDiscoverer: onIsScannerStartedChanged: trueCurrent thread: Thread[main,5,main], id: 1
02-09 11:55:52.787  1650  1650 D org.thaliproject.p2p.btconnectorlib.internal.bluetooth.le.BlePeerDiscoverer: updateState : Current thread: Thread[main,5,main], id: 1
02-09 11:55:52.787  1650  1700 V io.jxcore.node.StartStopOperation: isTargetState: Connectivity: RUNNING, discovery: RUNNING_BLE, is discovering: true, is advertising: true - Start operation: Should start/stop everything
02-09 11:55:52.787  1650  1650 D org.thaliproject.p2p.btconnectorlib.internal.bluetooth.le.BlePeerDiscoverer: updateState: deducedStateSet: [SCANNING, ADVERTISING]
02-09 11:55:52.787  1650  1700 V io.jxcore.node.StartStopOperationHandler: executeCurrentOperation: The current state already matches the desired outcome of this operation, skipping...
02-09 11:55:52.787  1650  1650 D org.thaliproject.p2p.btconnectorlib.internal.bluetooth.le.BlePeerDiscoverer: updateState: stateSet: [SCANNING, ADVERTISING]
02-09 11:55:52.787  1650  1700 I io.jxcore.node.ConnectionHelper: start: OK
02-09 11:55:52.787  1650  1650 D org.thaliproject.p2p.btconnectorlib.internal.bluetooth.le.BlePeerDiscoverer: Current thread: Thread[main,5,main], id: 1
02-09 11:55:52.787  1650  1650 D org.thaliproject.p2p.btconnectorlib.internal.bluetooth.le.BlePeerDiscoverer: update state finished. Current thread: Thread[main,5,main], id: 1
02-09 11:55:52.789  1650  1700 I jxcore-log: ok 2 About to waitForRemoteDocs
02-09 11:55:52.789  1650  1700 I jxcore-log: 
02-09 11:55:52.792 11651 11667 D BtGatt.GattService: onBatchScanStartStopped() - clientIf=5, status=0, startStopAction=0
02-09 11:55:52.792 11651 11667 D BtGatt.ScanManager: callback done for clientIf - 5 status - 0
02-09 11:55:52.792 11651 11670 D BtGatt.ScanManager: flushPendingBatchResults - clientIf = 5
02-09 11:55:52.796 11651 11667 D BtGatt.GattService: onBatchScanReports() - clientIf=5, status=0, reportType=2, numRecords=0
02-09 11:55:52.796 11651 11667 D BtGatt.ScanManager: callback done for clientIf - 5 status - 0
02-09 11:55:52.797  1650  1700 I jxcore-log: 2017-02-09 08:55:52 - DEBUG thaliMobileNativeWrapper: 'Received peerAvailabilityChanged event from native layer [{"peerIdentifier":"24:00:BA:F9:9A:9F","generation":0,"peerAvailable":true}]'
02-09 11:55:52.797  1650  1700 I jxcore-log: 
02-09 11:55:52.798 11651 11670 D BtGatt.ScanManager: handling starting scan
02-09 11:55:52.799  1650  1700 I jxcore-log: 2017-02-09 08:55:52 - DEBUG thaliMobileNativeWrapper: 'Received peer availability changed event with {"peerIdentifier":"24:00:BA:F9:9A:9F","generation":0,"peerAvailable":true}'
02-09 11:55:52.799  1650  1700 I jxcore-log: 
02-09 11:55:52.802  1650  1700 I jxcore-log: 2017-02-09 08:55:52 - DEBUG createPeerListener: 'creating new server for 24:00:BA:F9:9A:9F'
02-09 11:55:52.802  1650  1700 I jxcore-log: 
02-09 11:55:52.803 11651 11667 D BtGatt.GattService: onScanFilterEnableDisabled() - clientIf=5, status=0, action=1
02-09 11:55:52.804 11651 11667 D BtGatt.ScanManager: callback done for clientIf - 5 status - 0
02-09 11:55:52.804 11651 11670 D BtGatt.ScanManager: configureFilterParamter 1500 10000 4 0
02-09 11:55:52.808 11651 11667 D BtGatt.GattService: onScanFilterParamsConfigured() - clientIf=5, status=0, action=0, availableSpace=31
02-09 11:55:52.808 11651 11667 D BtGatt.ScanManager: callback done for clientIf - 5 status - 0
02-09 11:55:52.809 11651 11670 D BtGatt.ScanManager: Starting BLE batch scan
02-09 11:55:52.809 11651 11670 D BtGatt.ScanManager: configuring batch scan storage, appIf 5
02-09 11:55:52.812  1650  1700 I jxcore-log: 2017-02-09 08:55:52 - DEBUG createPeerListener: 'Node TCP/IP listener (server) for 24:00:BA:F9:9A:9F listening on 37618'
02-09 11:55:52.812  1650  1700 I jxcore-log: 
02-09 11:55:52.817 11651 11667 D BtGatt.GattService: onBatchScanStorageConfigured() - clientIf=5, status=0
02-09 11:55:52.818 11651 11667 D BtGatt.ScanManager: callback done for clientIf - 5 status - 0
02-09 11:55:52.817  1650  1700 I jxcore-log: 2017-02-09 08:55:52 - DEBUG thaliMobileNativeWrapper: 'handlePeerAvailabilityChanged - Emitting {"peerIdentifier":"24:00:BA:F9:9A:9F","peerAvailable":true,"generation":0,"portNumber":37618}'
02-09 11:55:52.817  1650  1700 I jxcore-log: 
02-09 11:55:52.820  1650  1700 I jxcore-log: 2017-02-09 08:55:52 - DEBUG thaliMobile: 'Emitting peerAvailabilityChanged from handlePeer {"peerIdentifier":"24:00:BA:F9:9A:9F","connectionType":"AndroidBluetooth","peerAvailable":true,"generation":0,"newAddressPort":false}'
02-09 11:55:52.820  1650  1700 I jxcore-log: 
02-09 11:55:52.823 11651 11667 D BtGatt.GattService: onBatchScanStartStopped() - clientIf=5, status=0, startStopAction=1
02-09 11:55:52.823 11651 11667 D BtGatt.ScanManager: callback done for clientIf - 5 status - 0
02-09 11:55:52.838  1650  1700 I jxcore-log: 2017-02-09 08:55:52 - INFO nodeSSDPServerLogger: '{ address: 'http://0.0.0.0:1900' } 'SSDP listening''
02-09 11:55:52.838  1650  1700 I jxcore-log: 
02-09 11:55:52.838  1650  1700 I jxcore-log: 2017-02-09 08:55:52 - INFO nodeSSDPServerLogger: 'UDP socket bound'
02-09 11:55:52.838  1650  1700 I jxcore-log: 
02-09 11:55:52.840  1650  1700 I jxcore-log: 2017-02-09 08:55:52 - INFO nodeSSDPServerLogger: 'Socket bound'
02-09 11:55:52.840  1650  1700 I jxcore-log: 
02-09 11:55:52.844  1650  1700 I jxcore-log: 2017-02-09 08:55:52 - DEBUG createPeerListener: 'Issuing callNative for 24:00:BA:F9:9A:9F'
02-09 11:55:52.844  1650  1700 I jxcore-log: 
02-09 11:55:52.846  1650  1700 D io.jxcore.node.JXcoreExtension: connect: 24:00:BA:F9:9A:9F
02-09 11:55:52.847  1650  1700 I io.jxcore.node.ConnectionHelper: connect: Trying to connect to peer with ID 24:00:BA:F9:9A:9F
02-09 11:55:52.847  1650  1700 I org.thaliproject.p2p.btconnectorlib.ConnectionManager: connect: [24:00:BA:F9:9A:9F 0]
02-09 11:55:52.848  1650  1700 I org.thaliproject.p2p.btconnectorlib.internal.bluetooth.BluetoothConnector: connect: Trying to start connecting to XYZ in address 24:00:BA:F9:9A:9F
