02-09 11:56:12.882 13099 13153 I jxcore-log: 2017-02-09 08:56:12 - DEBUG thaliWifiInfrastructure: 'Emitting wifiPeerAvailabilityChanged {"peerIdentifier":"850df067-3158-40c5-af2d-65d8f2dcfd5c","generation":2,"hostAddress":"192.168.2.2","portNumber":43505}'
02-09 11:56:12.882 13099 13153 I jxcore-log: 
02-09 11:56:12.984 13099 13153 I jxcore-log: 2017-02-09 08:56:12 - DEBUG thaliWifiInfrastructure: 'Emitting wifiPeerAvailabilityChanged {"peerIdentifier":"7845c42d-6fbd-4b0f-a15c-b5ab2723b075","generation":3,"hostAddress":"192.168.2.5","portNumber":40461}'
02-09 11:56:12.984 13099 13153 I jxcore-log: 
02-09 11:56:13.394 13099 13153 I jxcore-log: 2017-02-09 08:56:13 - DEBUG thaliWifiInfrastructure: 'Emitting wifiPeerAvailabilityChanged {"peerIdentifier":"850df067-3158-40c5-af2d-65d8f2dcfd5c","generation":2,"hostAddress":"192.168.2.2","portNumber":43505}'
02-09 11:56:13.394 13099 13153 I jxcore-log: 
02-09 11:56:13.496 13099 13153 I jxcore-log: 2017-02-09 08:56:13 - DEBUG thaliWifiInfrastructure: 'Emitting wifiPeerAvailabilityChanged {"peerIdentifier":"7845c42d-6fbd-4b0f-a15c-b5ab2723b075","generation":3,"hostAddress":"192.168.2.5","portNumber":40461}'
02-09 11:56:13.496 13099 13153 I jxcore-log: 
02-09 11:56:14.007 13099 13153 I jxcore-log: 2017-02-09 08:56:14 - DEBUG thaliWifiInfrastructure: 'Emitting wifiPeerAvailabilityChanged {"peerIdentifier":"7845c42d-6fbd-4b0f-a15c-b5ab2723b075","generation":3,"hostAddress":"192.168.2.5","portNumber":40461}'
02-09 11:56:14.007 13099 13153 I jxcore-log: 
02-09 11:56:14.136 18502 18502 D BtGatt.ScanManager: awakened up at time 6050740094
02-09 11:56:14.139 18502 18521 D BtGatt.ScanManager: flushPendingBatchResults - clientIf = 5
02-09 11:56:14.521 13099 13153 I jxcore-log: 2017-02-09 08:56:14 - DEBUG thaliWifiInfrastructure: 'Emitting wifiPeerAvailabilityChanged {"peerIdentifier":"7845c42d-6fbd-4b0f-a15c-b5ab2723b075","generation":3,"hostAddress":"192.168.2.5","portNumber":40461}'
02-09 11:56:14.521 13099 13153 I jxcore-log: 
02-09 11:56:14.929 13099 13153 I jxcore-log: 2017-02-09 08:56:14 - DEBUG thaliWifiInfrastructure: 'Emitting wifiPeerAvailabilityChanged {"peerIdentifier":"7845c42d-6fbd-4b0f-a15c-b5ab2723b075","generation":3,"hostAddress":"192.168.2.5","portNumber":40461}'
02-09 11:56:14.929 13099 13153 I jxcore-log: 
02-09 11:56:15.182 18502 18535 D bt_btm_pm: btm_pm_snd_md_req switching from ACTIVE to SNIFF.
02-09 11:56:15.339 13099 13153 I jxcore-log: 2017-02-09 08:56:15 - DEBUG thaliWifiInfrastructure: 'Emitting wifiPeerAvailabilityChanged {"peerIdentifier":"850df067-3158-40c5-af2d-65d8f2dcfd5c","generation":2,"hostAddress":"192.168.2.2","portNumber":43505}'
02-09 11:56:15.339 13099 13153 I jxcore-log: 
02-09 11:56:15.441 13099 13153 I jxcore-log: 2017-02-09 08:56:15 - DEBUG thaliWifiInfrastructure: 'Emitting wifiPeerAvailabilityChanged {"peerIdentifier":"7845c42d-6fbd-4b0f-a15c-b5ab2723b075","generation":3,"hostAddress":"192.168.2.5","portNumber":40461}'
02-09 11:56:15.441 13099 13153 I jxcore-log: 
02-09 11:56:15.953 13099 13153 I jxcore-log: 2017-02-09 08:56:15 - DEBUG thaliWifiInfrastructure: 'Emitting wifiPeerAvailabilityChanged {"peerIdentifier":"7845c42d-6fbd-4b0f-a15c-b5ab2723b075","generation":3,"hostAddress":"192.168.2.5","portNumber":40461}'
02-09 11:56:15.953 13099 13153 I jxcore-log: 
02-09 11:56:16.161 18502 18517 E bt_hci  : command_timed_out hci layer timeout waiting for response to a command. opcode: 0x40a
02-09 11:56:16.162 18502 18517 E bt_hci  : command_timed_out restarting the bluetooth process.
02-09 11:56:16.206  3878  5682 I ClearcutLoggerApiImpl: disconnect managed GoogleApiClient
02-09 11:56:16.214   920   930 D BluetoothHeadset: Proxy object disconnected
02-09 11:56:16.214   920   930 D BluetoothHeadset: Proxy object disconnected
02-09 11:56:16.215   920   920 D BluetoothA2dp: Proxy object disconnected
02-09 11:56:16.215  3676  4275 D BluetoothHeadset: Proxy object disconnected
02-09 11:56:16.216   920   937 E BluetoothManagerService: MESSAGE_BLUETOOTH_SERVICE_DISCONNECTED: 2
02-09 11:56:16.216  3188  3188 D BluetoothPan: BluetoothPAN Proxy object disconnected
02-09 11:56:16.216  3188  3188 D PanProfile: Bluetooth service disconnected
02-09 11:56:16.216  3188  3188 D BluetoothMap: Proxy object disconnected
02-09 11:56:16.216  3188  3188 D MapProfile: Bluetooth service disconnected
02-09 11:56:16.216  3188  3188 D BluetoothInputDevice: Proxy object disconnected
02-09 11:56:16.216  3188  3188 D HidProfile: Bluetooth service disconnected
02-09 11:56:16.216  3188  3188 D BluetoothPbap: Proxy object disconnected
02-09 11:56:16.217  3188  3188 D PbapServerProfile: Bluetooth service disconnected
02-09 11:56:16.217  3188  3455 D BluetoothHeadset: Proxy object disconnected
02-09 11:56:16.217   920   937 E BluetoothManagerService: MESSAGE_BLUETOOTH_SERVICE_DISCONNECTED: 1
02-09 11:56:16.217   920   937 D BluetoothManagerService: Broadcasting onBluetoothServiceDown() to 8 receivers.
02-09 11:56:16.218   920   930 D BluetoothHeadset: Proxy object disconnected
02-09 11:56:16.218  3188  3188 D BluetoothA2dp: Proxy object disconnected
02-09 11:56:16.218  3188  3188 D HeadsetProfile: Bluetooth service disconnected
02-09 11:56:16.223 13099 13193 E io.jxcore.node.StreamCopyingThread: Failed to read from input stream, got IO, not -1. Number of bytes read 0 (thread ID: 5738, thread name: OutgoingSocketThread/Receiver): bt socket closed, read return: -1
02-09 11:56:16.223 13099 13193 D io.jxcore.node.StreamCopyingThread: onStreamCopyError (ID: 5738, name: OutgoingSocketThread/Receiver). Connection data: Peer properties: [BC:75:74:3A:BC:F8 4].
02-09 11:56:16.223 13099 13193 D io.jxcore.node.StreamCopyingThread:  Is incomming connection: false.
02-09 11:56:16.223 13099 13193 D io.jxcore.node.StreamCopyingThread:  id: 1 .During the lifetime of the thread the total number of bytes read was 2555 and the total number of bytes written 2555
02-09 11:56:16.223 13099 13187 E org.thaliproject.p2p.btconnectorlib.internal.bluetooth.BluetoothServerThread: Failed to accept socket: read failed, socket might closed or timeout, read ret: -1
02-09 11:56:16.223 13099 13187 E org.thaliproject.p2p.btconnectorlib.internal.bluetooth.BluetoothServerThread: java.io.IOException: read failed, socket might closed or timeout, read ret: -1
02-09 11:56:16.223 13099 13187 E org.thaliproject.p2p.btconnectorlib.internal.bluetooth.BluetoothServerThread: 	at android.bluetooth.BluetoothSocket.readAll(BluetoothSocket.java:684)
02-09 11:56:16.223 13099 13187 E org.thaliproject.p2p.btconnectorlib.internal.bluetooth.BluetoothServerThread: 	at android.bluetooth.BluetoothSocket.waitSocketSignal(BluetoothSocket.java:643)
02-09 11:56:16.223 13099 13187 E org.thaliproject.p2p.btconnectorlib.internal.bluetooth.BluetoothServerThread: 	at android.bluetooth.BluetoothSocket.accept(BluetoothSocket.java:458)
02-09 11:56:16.223 13099 13187 E org.thaliproject.p2p.btconnectorlib.internal.bluetooth.BluetoothServerThread: 	at android.bluetooth.BluetoothServerSocket.accept(BluetoothServerSocket.java:158)
02-09 11:56:16.223 13099 13187 E org.thaliproject.p2p.btconnectorlib.internal.bluetooth.BluetoothServerThread: 	at android.bluetooth.BluetoothServerSocket.accept(BluetoothServerSocket.java:144)
02-09 11:56:16.223 13099 13187 E org.thaliproject.p2p.btconnectorlib.internal.bluetooth.BluetoothServerThread: 	at org.thaliproject.p2p.btconnectorlib.internal.bluetooth.BluetoothServerThread.run(BluetoothServerThread.java:133)
02-09 11:56:16.223 13099 13193 E io.jxcore.node.OutgoingSocketThread: The receiving thread failed with error "Failed to read from input stream, got IO, not -1. Number of bytes read 0: bt socket closed, read return: -1", this is likely due to peer having disconnected
02-09 11:56:16.223 13099 13187 E org.thaliproject.p2p.btconnectorlib.internal.bluetooth.BluetoothConnector: onIncomingConnectionFailed: Failed to accept socket: read failed, socket might closed or timeout, read ret: -1
02-09 11:56:16.224 13099 13193 W io.jxcore.node.ConnectionHelper: onTransferError: Outgoing connection, peer [BC:75:74:3A:BC:F8 4], data transfer error: Failed to read from input stream, got IO, not -1. Number of bytes read 0: bt socket closed, read return: -1
02-09 11:56:16.224 13099 13099 W org.thaliproject.p2p.btconnectorlib.ConnectionManager: onConnectionFailed: Failed to accept socket: read failed, socket might closed or timeout, read ret: -1
02-09 11:56:16.224 13099 13187 V org.thaliproject.p2p.btconnectorlib.internal.bluetooth.BluetoothServerThread: closeBluetoothServerSocket: Bluetooth server socket closed
02-09 11:56:16.224 13099 13187 D org.thaliproject.p2p.btconnectorlib.internal.bluetooth.BluetoothServerThread: Exiting thread
02-09 11:56:16.224 13099 13187 I org.thaliproject.p2p.btconnectorlib.internal.bluetooth.BluetoothConnector: onServerStopped: Was explicitly stopped: false
02-09 11:56:16.224 13099 13187 I org.thaliproject.p2p.btconnectorlib.internal.bluetooth.BluetoothConnector: onServerStopped: Restarting the server...
02-09 11:56:16.224 13099 13187 I org.thaliproject.p2p.btconnectorlib.internal.bluetooth.BluetoothConnector: startListeningForIncomingConnections: Starting...
02-09 11:56:16.224 13099 13187 D org.thaliproject.p2p.btconnectorlib.internal.bluetooth.BluetoothServerThread: shutdown
02-09 11:56:16.225 13099 13187 D org.thaliproject.p2p.btconnectorlib.ConnectionManager: onIsServerStartedChanged: true
02-09 11:56:16.225 13099 13187 D org.thaliproject.p2p.btconnectorlib.ConnectionManager: updateState: mShouldBeStarted :  true, mIsServerStarted:  true
02-09 11:56:16.225 13099 13099 E io.jxcore.node.ConnectionHelper: onConnectionFailed: Peer properties: null, error message: Failed to accept socket: read failed, socket might closed or timeout, read ret: -1
02-09 11:56:16.224 13099 13193 W io.jxcore.node.ConnectionHelper: onDisconnected: Outgoing connection, peer [BC:75:74:3A:BC:F8 4] disconnected: Failed to read from input stream, got IO, not -1. Number of bytes read 0: bt socket closed, read return: -1
02-09 11:56:16.225 13099 13200 D org.thaliproject.p2p.btconnectorlib.internal.bluetooth.BluetoothServerThread: Entering thread
02-09 11:56:16.225 13099 13193 I io.jxcore.node.ConnectionModel: closeAndRemoveOutgoingConnectionThread: Closing connection, peer ID: BC:75:74:3A:BC:F8
02-09 11:56:16.225 13099 13193 I io.jxcore.node.OutgoingSocketThread: close (thread ID: 5736)
02-09 11:56:16.225 13099 13193 V io.jxcore.node.OutgoingSocketThread: close: Stopping receiving thread...
02-09 11:56:16.225 13099 13198 E io.jxcore.node.StreamCopyingThread: Failed to read from input stream, got IO, not -1. Number of bytes read 0 (thread ID: 5742, thread name: IncomingSocketThread/Receiver): bt socket closed, read return: -1
02-09 11:56:16.226 13099 13189 E org.thaliproject.p2p.btconnectorlib.internal.bluetooth.BluetoothClientThread:  createSocketAndConnect: connect, read failed, socket might closed or timeout, read ret: -1
02-09 11:56:16.226 13099 13198 D io.jxcore.node.StreamCopyingThread: onStreamCopyError (ID: 5742, name: IncomingSocketThread/Receiver). Connection data: Peer properties: [BC:75:74:3A:BC:F8 6].
02-09 11:56:16.226 13099 13198 D io.jxcore.node.StreamCopyingThread:  Is incomming connection: true.
02-09 11:56:16.226 13099 13198 D io.jxcore.node.StreamCopyingThread:  id: 3 .During the lifetime of the thread the total number of bytes read was 307 and the total number of bytes written 307
02-09 11:56:16.226 13099 13198 E io.jxcore.node.IncomingSocketThread: The receiving thread failed with error "Failed to read from input stream, got IO, not -1. Number of bytes read 0: bt socket closed, read return: -1", this is likely due to peer having disconnected
02-09 11:56:16.226 13099 13193 I io.jxcore.node.StreamCopyingThread: close: Thread ID: 5738. Connection data: Peer properties: [BC:75:74:3A:BC:F8 4].
02-09 11:56:16.226 13099 13193 I io.jxcore.node.StreamCopyingThread:  Is incomming connection: false.
02-09 11:56:16.226 13099 13193 I io.jxcore.node.StreamCopyingThread:  id: 1
02-09 11:56:16.226 13099 13198 I io.jxcore.node.ConnectionHelper: onTransferError: Incoming connection, peer [BC:75:74:3A:BC:F8 6], data transfer error, closing connection...
02-09 11:56:16.226 13099 13189 D org.thaliproject.p2p.btconnectorlib.internal.bluetooth.BluetoothClientThread: Failed to connect (tried 1 time(s)): read failed, socket might closed or timeout, read ret: -1 (thread ID: 5734)
02-09 11:56:16.226 13099 13189 D org.thaliproject.p2p.btconnectorlib.internal.bluetooth.BluetoothClientThread: Maximum number of allowed retries (0) reached, giving up... (thread ID: 5734)
02-09 11:56:16.226 13099 13189 E org.thaliproject.p2p.btconnectorlib.internal.bluetooth.BluetoothConnector: onConnectionFailed: Failed to connect (tried 1 time(s)): read failed, socket might closed or timeout, read ret: -1 (thread ID: 5734)
02-09 11:56:16.226 13099 13192 E io.jxcore.node.StreamCopyingThread: Failed to read from input stream, got IO, not -1. Number of bytes read 0 (thread ID: 5737, thread name: OutgoingSocketThread/Sender): Socket closed
02-09 11:56:16.227 13099 13192 D io.jxcore.node.StreamCopyingThread: onStreamCopyError (ID: 5737, name: OutgoingSocketThread/Sender). Connection data: Peer properties: [BC:75:74:3A:BC:F8 4].
02-09 11:56:16.227 13099 13192 D io.jxcore.node.StreamCopyingThread:  Is incomming connection: false.
02-09 11:56:16.227 13099 13192 D io.jxcore.node.StreamCopyingThread:  id: 1 .During the lifetime of the thread the total number of bytes read was 1912 and the total number of bytes written 1912
02-09 11:56:16.227 13099 13192 D io.jxcore.node.StreamCopyingThread: number of bytes read = 0
02-09 11:56:16.227 13099 13193 D io.jxcore.node.StreamCopyingThread: closeStreams: Streams closed (thread ID: 5738, name: OutgoingSocketThread/Receiver)
02-09 11:56:16.227 13099 13192 D io.jxcore.node.StreamCopyingThread: Exiting thread (ID: 5737, name: OutgoingSocketThread/Sender). Connection data: Peer properties: [BC:75:74:3A:BC:F8 4].
02-09 11:56:16.227 13099 13192 D io.jxcore.node.StreamCopyingThread:  Is incomming connection: false.
02-09 11:56:16.227 13099 13192 D io.jxcore.node.StreamCopyingThread:  id: 1 .During the lifetime of the thread the total number of bytes read was 1912 and the total number of bytes written 1912
02-09 11:56:16.227 13099 13189 I org.thaliproject.p2p.btconnectorlib.internal.bluetooth.BluetoothConnector: removeAndShutdownBluetoothClientThread: Thread ID: 5734
02-09 11:56:16.227 13099 13193 V io.jxcore.node.OutgoingSocketThread: close: Stopping sending thread...
02-09 11:56:16.227   920  1703 I ActivityManager: Process com.android.bluetooth (pid 18502) has died
02-09 11:56:16.227 13099 13189 D org.thaliproject.p2p.btconnectorlib.internal.bluetooth.BluetoothConnector: shutdownBluetoothClientThread: Thread ID: 5734
02-09 11:56:16.227 13099 13193 I io.jxcore.node.StreamCopyingThread: close: Thread ID: 5737. Connection data: Peer properties: [BC:75:74:3A:BC:F8 4].
02-09 11:56:16.227 13099 13193 I io.jxcore.node.StreamCopyingThread:  Is incomming connection: false.
02-09 11:56:16.227 13099 13193 I io.jxcore.node.StreamCopyingThread:  id: 1
02-09 11:56:16.227 13099 13193 D io.jxcore.node.StreamCopyingThread: closeStreams: Streams closed (thread ID: 5737, name: OutgoingSocketThread/Sender)
02-09 11:56:16.227 13099 13099 W org.thaliproject.p2p.btconnectorlib.ConnectionManager: onConnectionFailed: Failed to connect to peer [24:00:BA:F9:9A:9F 6]: Failed to connect (tried 1 time(s)): read failed, socket might closed or timeout, read ret: -1
02-09 11:56:16.227 13099 13193 V io.jxcore.node.OutgoingSocketThread: close: Closing the Bluetooth socket...
02-09 11:56:16.227   920  1703 W ActivityManager: Scheduling restart of crashed service com.android.bluetooth/.hdp.HealthService in 1000ms
02-09 11:56:16.227 13099 13099 E io.jxcore.node.ConnectionHelper: onConnectionFailed: Peer properties: [24:00:BA:F9:9A:9F 6], error message: Failed to connect (tried 1 time(s)): read failed, socket might closed or timeout, read ret: -1
02-09 11:56:16.227   920  1703 W ActivityManager: Scheduling restart of crashed service com.android.bluetooth/.gatt.GattService in 1000ms
02-09 11:56:16.227   920  1703 W ActivityManager: Scheduling restart of crashed service com.android.bluetooth/.pan.PanService in 11000ms
02-09 11:56:16.227   920  1703 W ActivityManager: Scheduling restart of crashed service com.android.bluetooth/.opp.BluetoothOppService in 11000ms
02-09 11:56:16.228   920  1703 W ActivityManager: Scheduling restart of crashed service com.android.bluetooth/.pbap.BluetoothPbapService in 11000ms
02-09 11:56:16.228 13099 13189 I org.thaliproject.p2p.btconnectorlib.internal.bluetooth.BluetoothClientThread: socketConnectSucceeded false
02-09 11:56:16.228 13099 13189 I org.thaliproject.p2p.btconnectorlib.internal.bluetooth.BluetoothClientThread: Exiting thread (thread ID: 5734)
02-09 11:56:16.228   920  1703 W ActivityManager: Scheduling restart of crashed service com.android.bluetooth/.a2dp.A2dpService in 11000ms
02-09 11:56:16.228   920  1703 W ActivityManager: Scheduling restart of crashed service com.android.bluetooth/.hid.HidService in 10999ms
02-09 11:56:16.228   920  1703 W ActivityManager: Scheduling restart of crashed service com.android.bluetooth/.hfp.HeadsetService in 10999ms
02-09 11:56:16.228   920  1703 W ActivityManager: Scheduling restart of crashed service com.android.bluetooth/.btservice.AdapterService in 10999ms
02-09 11:56:16.228   920  1703 W ActivityManager: Scheduling restart of crashed service com.android.bluetooth/.sap.SapService in 20999ms
02-09 11:56:16.228   920  1703 W ActivityManager: Scheduling restart of crashed service com.android.bluetooth/.map.BluetoothMapService in 20999ms
02-09 11:56:16.230 13099 13200 W BluetoothAdapter: getBluetoothService() called with no BluetoothManagerCallback
02-09 11:56:16.230 13099 13200 E BluetoothSocket: bindListen fail, reason: bluetooth is off
02-09 11:56:16.231 13099 13201 D org.thaliproject.p2p.btconnectorlib.internal.bluetooth.BluetoothClientThread: shutdown: Thread ID: 5734
02-09 11:56:16.231 13099 13193 V io.jxcore.node.OutgoingSocketThread: close: Closing the localhost socket...
02-09 11:56:16.231 13099 13200 E org.thaliproject.p2p.btconnectorlib.internal.bluetooth.BluetoothServerThread: run: Failed to start listening: Error: -1
02-09 11:56:16.231 13099 13200 E org.thaliproject.p2p.btconnectorlib.internal.bluetooth.BluetoothServerThread: java.io.IOException: Error: -1
02-09 11:56:16.231 13099 13200 E org.thaliproject.p2p.btconnectorlib.internal.bluetooth.BluetoothServerThread: 	at android.bluetooth.BluetoothAdapter.createNewRfcommSocketAndRecord(BluetoothAdapter.java:1638)
02-09 11:56:16.231 13099 13200 E org.thaliproject.p2p.btconnectorlib.internal.bluetooth.BluetoothServerThread: 	at android.bluetooth.BluetoothAdapter.listenUsingInsecureRfcommWithServiceRecord(BluetoothAdapter.java:1585)
02-09 11:56:16.231 13099 13200 E org.thaliproject.p2p.btconnectorlib.internal.bluetooth.BluetoothServerThread: 	at org.thaliproject.p2p.btconnectorlib.internal.bluetooth.BluetoothServerThread.run(BluetoothServerThread.java:104)
02-09 11:56:16.231 13099 13201 D org.thaliproject.p2p.btconnectorlib.internal.bluetooth.BluetoothClientThread: close
02-09 11:56:16.231 13099 13200 D org.thaliproject.p2p.btconnectorlib.internal.bluetooth.BluetoothServerThread: run: Bluetooth server socket consecutive creation failure count is now 1
02-09 11:56:16.231 13099 13201 D org.thaliproject.p2p.btconnectorlib.internal.bluetooth.BluetoothClientThread: close: Trying to close the Bluetooth socket... (thread ID: 5734)
02-09 11:56:16.231 13099 13193 I io.jxcore.node.OutgoingSocketThread: close: Complete (thread ID: 5736)
02-09 11:56:16.231 13099 13201 D org.thaliproject.p2p.btconnectorlib.internal.bluetooth.BluetoothClientThread: close: Bluetooth socket closed (thread ID: 5734)
02-09 11:56:16.231 13099 13193 D io.jxcore.node.ConnectionModel: closeAndRemoveOutgoingConnectionThread: 0 outgoing connection(s) left
02-09 11:56:16.231 13099 13193 D io.jxcore.node.StreamCopyingThread: number of bytes read = 0
02-09 11:56:16.232 13099 13198 I io.jxcore.node.ConnectionModel: closeAndRemoveIncomingConnectionThread: Closing and removing incoming connection thread with ID 5740
02-09 11:56:16.232 13099 13198 V io.jxcore.node.IncomingSocketThread: close: Stopping receiving thread...
02-09 11:56:16.232 13099 13198 I io.jxcore.node.StreamCopyingThread: close: Thread ID: 5742. Connection data: Peer properties: [BC:75:74:3A:BC:F8 6].
02-09 11:56:16.232 13099 13198 I io.jxcore.node.StreamCopyingThread:  Is incomming connection: true.
02-09 11:56:16.232 13099 13198 I io.jxcore.node.StreamCopyingThread:  id: 3
02-09 11:56:16.232 13099 13198 D io.jxcore.node.StreamCopyingThread: closeStreams: Streams closed (thread ID: 5742, name: IncomingSocketThread/Receiver)
02-09 11:56:16.232 13099 13198 V io.jxcore.node.IncomingSocketThread: close: Stopping sending thread...
02-09 11:56:16.232 13099 13198 I io.jxcore.node.StreamCopyingThread: close: Thread ID: 5741. Connection data: Peer properties: [BC:75:74:3A:BC:F8 6].
02-09 11:56:16.232 13099 13198 I io.jxcore.node.StreamCopyingThread:  Is incomming connection: true.
02-09 11:56:16.232 13099 13198 I io.jxcore.node.StreamCopyingThread:  id: 3
02-09 11:56:16.232 13099 13198 D io.jxcore.node.StreamCopyingThread: closeStreams: Streams closed (thread ID: 5741, name: IncomingSocketThread/Sender)
02-09 11:56:16.232 13099 13198 V io.jxcore.node.IncomingSocketThread: close: Closing the Bluetooth socket...
02-09 11:56:16.232 13099 13198 V io.jxcore.node.IncomingSocketThread: close: Closing the localhost socket...
02-09 11:56:16.232 13099 13198 I io.jxcore.node.IncomingSocketThread: close: Complete (thread ID: 5740)
02-09 11:56:16.234 13099 13197 D io.jxcore.node.StreamCopyingThread: number of bytes read = 0
02-09 11:56:16.235 13099 13198 D io.jxcore.node.ConnectionModel: closeAndRemoveIncomingConnectionThread: 0 incoming connection(s) left
02-09 11:56:16.235 13099 13193 D io.jxcore.node.StreamCopyingThread: Exiting thread (ID: 5738, name: OutgoingSocketThread/Receiver). Connection data: Peer properties: [BC:75:74:3A:BC:F8 4].
02-09 11:56:16.235 13099 13193 D io.jxcore.node.StreamCopyingThread:  Is incomming connection: false.
02-09 11:56:16.235 13099 13193 D io.jxcore.node.StreamCopyingThread:  id: 1 .During the lifetime of the thread the total number of bytes read was 2555 and the total number of bytes written 2555
02-09 11:56:16.236 13099 13197 D io.jxcore.node.StreamCopyingThread: Exiting thread (ID: 5741, name: IncomingSocketThread/Sender). Connection data: Peer properties: [BC:75:74:3A:BC:F8 6].
02-09 11:56:16.236 13099 13197 D io.jxcore.node.StreamCopyingThread:  Is incomming connection: true.
02-09 11:56:16.236 13099 13197 D io.jxcore.node.StreamCopyingThread:  id: 3 .During the lifetime of the thread the total number of bytes read was 380 and the total number of bytes written 380
02-09 11:56:16.237 13099 13198 D io.jxcore.node.StreamCopyingThread: number of bytes read = 0
02-09 11:56:16.237 13099 13198 D io.jxcore.node.StreamCopyingThread: Exiting thread (ID: 5742, name: IncomingSocketThread/Receiver). Connection data: Peer properties: [BC:75:74:3A:BC:F8 6].
02-09 11:56:16.237 13099 13198 D io.jxcore.node.StreamCopyingThread:  Is incomming connection: true.
02-09 11:56:16.237 13099 13198 D io.jxcore.node.StreamCopyingThread:  id: 3 .During the lifetime of the thread the total number of bytes read was 307 and the total number of bytes written 307
02-09 11:56:16.237 13099 13099 D io.jxcore.node.ConnectionModel: removeOutgoingConnectionCallback: Callback associated with Bluetooth MAC address "24:00:BA:F9:9A:9F" removed
02-09 11:56:16.237 13099 13099 I org.thaliproject.p2p.btconnectorlib.ConnectionManagerSettings: setInsecureRfcommSocketPortNumber: Will use port 1 when trying to connect
02-09 11:56:16.237 13099 13099 V org.thaliproject.p2p.btconnectorlib.internal.bluetooth.BluetoothConnector: setInsecureRfcommSocketPort: -1 -> 1
02-09 11:56:16.240 13099 13099 W org.thaliproject.p2p.btconnectorlib.internal.bluetooth.BluetoothManager: Checking support for multiple advertisement: Cannot do the check when the Bluetooth is disabled - will return stored value
02-09 11:56:16.240 13099 13099 V io.jxcore.node.ConnectivityMonitor: updateConnectivityInfo: State changed:
02-09 11:56:16.240 13099 13099 V io.jxcore.node.ConnectivityMonitor:     - is Wi-Fi Direct supported: true
02-09 11:56:16.240 13099 13099 V io.jxcore.node.ConnectivityMonitor:     - is Bluetooth LE multiple advertisement supported: SUPPORTED
02-09 11:56:16.240 13099 13099 V io.jxcore.node.ConnectivityMonitor:     - is Wi-Fi enabled: true
02-09 11:56:16.240 13099 13099 V io.jxcore.node.ConnectivityMonitor:     - is Bluetooth enabled: false
02-09 11:56:16.240 13099 13099 V io.jxcore.node.ConnectivityMonitor:     - BSSID name: 70:cd:60:ff:5a:07
02-09 11:56:16.240 13099 13099 V io.jxcore.node.ConnectivityMonitor:     - SSID name: "T"
02-09 11:56:16.240 13099 13099 V io.jxcore.node.ConnectivityMonitor:     - is connected/connecting to active network: true
02-09 11:56:16.240 13099 13099 V io.jxcore.node.ConnectivityMonitor:     - active network type is Wi-Fi: true
02-09 11:56:16.240 13099 13099 W org.thaliproject.p2p.btconnectorlib.internal.bluetooth.BluetoothManager: Checking support for multiple advertisement: Cannot do the check when the Bluetooth is disabled - will return stored value
02-09 11:56:16.240 13099 13099 D io.jxcore.node.JXcoreExtension: notifyNetworkChanged: BLE: OFF, Bluetooth: OFF, Wi-Fi: ON, cellular: DO_NOT_CARE, BSSID name: 70:cd:60:ff:5a:07, SSID name: "T"
02-09 11:56:16.240 13099 13099 I org.thaliproject.p2p.btconnectorlib.DiscoveryManager: onBluetoothAdapterStateChanged: State changed to 13
02-09 11:56:16.240 13099 13099 I org.thaliproject.p2p.btconnectorlib.ConnectionManager: onBluetoothAdapterStateChanged: State changed to 13
02-09 11:56:16.240 13099 13099 I org.thaliproject.p2p.btconnectorlib.ConnectionManager: onBluetoothAdapterStateChanged: ConnectionManagerState State changed to RUNNING
02-09 11:56:16.241 13099 13153 I jxcore-log: 2017-02-09 08:56:16 - DEBUG makeIntoCloseAllServer: 'closeAll called on server'
02-09 11:56:16.241 13099 13153 I jxcore-log: 
02-09 11:56:16.242 13099 13153 I jxcore-log: 2017-02-09 08:56:16 - DEBUG createPeerListener: 'We are emitting failedConnection with error "Error: Outgoing closed, recreating connection" and peerIdentifier "BC:75:74:3A:BC:F8"'
02-09 11:56:16.242 13099 13153 I jxcore-log: 
02-09 11:56:16.242 13099 13153 I jxcore-log: 2017-02-09 08:56:16 - DEBUG thaliMobileNativeWrapper: 'Received peer availability changed event with {"peerIdentifier":"BC:75:74:3A:BC:F8","peerAvailable":false,"portNumber":null,"recreated":true}'
02-09 11:56:16.242 13099 13153 I jxcore-log: 
02-09 11:56:16.243 13099 13153 I jxcore-log: 2017-02-09 08:56:16 - DEBUG createPeerListener: 'Will try to recreate server for BC:75:74:3A:BC:F8'
02-09 11:56:16.243 13099 13153 I jxcore-log: 
02-09 11:56:16.243 13099 13153 I jxcore-log: 2017-02-09 08:56:16 - DEBUG thaliMobileNativeWrapper: 'handlePeerUnavailable - Emitting {"peerIdentifier":"BC:75:74:3A:BC:F8","peerAvailable":false,"generation":null,"portNumber":null,"recreated":true}'
02-09 11:56:16.243 13099 13153 I jxcore-log: 
02-09 11:56:16.244 13099 13153 I jxcore-log: 2017-02-09 08:56:16 - DEBUG thaliMobile: 'Emitting peerAvailabilityChanged from handleRecreatedPeer {"peerIdentifier":"BC:75:74:3A:BC:F8","connectionType":"AndroidBluetooth","peerAvailable":false,"generation":null,"newAddressPort":null}'
02-09 11:56:16.244 13099 13153 I jxcore-log: 
02-09 11:56:16.244 13099 13153 I jxcore-log: 2017-02-09 08:56:16 - WARN thaliNotificationClient: 'peer is not available'
02-09 11:56:16.244 13099 13153 I jxcore-log: 
02-09 11:56:16.244 13099 13153 I jxcore-log: 2017-02-09 08:56:16 - DEBUG createPeerListener: 'creating new server for BC:75:74:3A:BC:F8'
02-09 11:56:16.244 13099 13153 I jxcore-log: 
02-09 11:56:16.248 13099 13153 I jxcore-log: 2017-02-09 08:56:16 - DEBUG createPeerListener: 'Node TCP/IP listener (server) for BC:75:74:3A:BC:F8 listening on 43773'
02-09 11:56:16.248 13099 13153 I jxcore-log: 
02-09 11:56:16.248 13099 13153 I jxcore-log: 2017-02-09 08:56:16 - DEBUG createPeerListener: 'We are emitting listenerRecreatedAfterFailure with peerIdentifier BC:75:74:3A:BC:F8 and portNumber 43773'
02-09 11:56:16.248 13099 13153 I jxcore-log: 
02-09 11:56:16.248 13099 13153 I jxcore-log: 2017-02-09 08:56:16 - DEBUG thaliMobileNativeWrapper: 'listenerRecreatedAfterFailureHandler - We are emitting nonTCPPeerAvailabilityChangedEvent with peerIdentifier BC:75:74:3A:BC:F8, generation 6, and portNumber 43773'
02-09 11:56:16.248 13099 13153 I jxcore-log: 
02-09 11:56:16.249 13099 13153 I jxcore-log: 2017-02-09 08:56:16 - DEBUG thaliMobile: 'Emitting peerAvailabilityChanged from handleRecreatedPeer {"peerIdentifier":"BC:75:74:3A:BC:F8","connectionType":"AndroidBluetooth","peerAvailable":true,"generation":6,"newAddressPort":false}'
02-09 11:56:16.249 13099 13153 I jxcore-log: 
02-09 11:56:16.250   920   933 I ActivityManager: Start proc 13202:com.android.settings/1000 for broadcast com.android.settings/.bluetooth.DockEventReceiver
02-09 11:56:16.252 13099 13099 V io.jxcore.node.ConnectivityMonitor: updateConnectivityInfo: No relevant state changes
02-09 11:56:16.253 13099 13099 I org.thaliproject.p2p.btconnectorlib.DiscoveryManager: onBluetoothAdapterStateChanged: State changed to 10
02-09 11:56:16.253 13099 13099 W org.thaliproject.p2p.btconnectorlib.DiscoveryManager: onBluetoothAdapterStateChanged: Bluetooth disabled, pausing BLE based peer discovery...
02-09 11:56:16.253 13099 13099 D org.thaliproject.p2p.btconnectorlib.internal.bluetooth.le.BlePeerDiscoverer: stopScannerAndAdvertiser: Current thread: Thread[main,5,main], id: 1
02-09 11:56:16.253 13099 13099 D org.thaliproject.p2p.btconnectorlib.internal.bluetooth.le.BlePeerDiscoverer: stopPeerAddressHelperAdvertiser Current thread: Thread[main,5,main], id: 1
02-09 11:56:16.253 13099 13099 D org.thaliproject.p2p.btconnectorlib.internal.bluetooth.le.BlePeerDiscoverer: stopScanner: Current thread: Thread[main,5,main], id: 1
02-09 11:56:16.253 13099 13099 I org.thaliproject.p2p.btconnectorlib.internal.bluetooth.le.BlePeerDiscoverer: stopScanner: Stopping...
02-09 11:56:16.253 13099 13099 D org.thaliproject.p2p.btconnectorlib.internal.bluetooth.le.BleScanner: stop, Current thread: Thread[main,5,main], id: 1
02-09 11:56:16.253 13099 13099 D BluetoothAdapter: STATE_OFF
02-09 11:56:16.253 13099 13099 E org.thaliproject.p2p.btconnectorlib.internal.bluetooth.le.BleScanner: stop: BT Adapter is not turned ON
02-09 11:56:16.253 13099 13099 E org.thaliproject.p2p.btconnectorlib.internal.bluetooth.le.BleScanner: java.lang.IllegalStateException: BT Adapter is not turned ON
02-09 11:56:16.253 13099 13099 E org.thaliproject.p2p.btconnectorlib.internal.bluetooth.le.BleScanner: 	at android.bluetooth.le.BluetoothLeUtils.checkAdapterStateOn(BluetoothLeUtils.java:136)
02-09 11:56:16.253 13099 13099 E org.thaliproject.p2p.btconnectorlib.internal.bluetooth.le.BleScanner: 	at android.bluetooth.le.BluetoothLeScanner.flushPendingScanResults(BluetoothLeScanner.java:189)
02-09 11:56:16.253 13099 13099 E org.thaliproject.p2p.btconnectorlib.internal.bluetooth.le.BleScanner: 	at org.thaliproject.p2p.btconnectorlib.internal.bluetooth.le.BleScanner.stop(BleScanner.java:150)
02-09 11:56:16.253 13099 13099 E org.thaliproject.p2p.btconnectorlib.internal.bluetooth.le.BleScanner: 	at org.thaliproject.p2p.btconnectorlib.internal.bluetooth.le.BlePeerDiscoverer.stopScanner(BlePeerDiscoverer.java:425)
02-09 11:56:16.253 13099 13099 E org.thaliproject.p2p.btconnectorlib.internal.bluetooth.le.BleScanner: 	at org.thaliproject.p2p.btconnectorlib.internal.bluetooth.le.BlePeerDiscoverer.stopScannerAndAdvertiser(BlePeerDiscoverer.java:491)
02-09 11:56:16.253 13099 13099 E org.thaliproject.p2p.btconnectorlib.internal.bluetooth.le.BleScanner: 	at org.thaliproject.p2p.btconnectorlib.DiscoveryManager.stopBlePeerDiscoverer(DiscoveryManager.java:1222)
02-09 11:56:16.253 13099 13099 E org.thaliproject.p2p.btconnectorlib.internal.bluetooth.le.BleScanner: 	at org.thaliproject.p2p.btconnectorlib.DiscoveryManager.onBluetoothAdapterStateChanged(DiscoveryManager.java:778)
02-09 11:56:16.253 13099 13099 E org.thaliproject.p2p.btconnectorlib.internal.bluetooth.le.BleScanner: 	at org.thaliproject.p2p.btconnectorlib.internal.bluetooth.BluetoothManager$BluetoothModeBroadcastReceiver.onReceive(BluetoothManager.java:564)
02-09 11:56:16.253 13099 13099 E org.thaliproject.p2p.btconnectorlib.internal.bluetooth.le.BleScanner: 	at android.app.LoadedApk$ReceiverDispatcher$Args.run(LoadedApk.java:881)
02-09 11:56:16.253 13099 13099 E org.thaliproject.p2p.btconnectorlib.internal.bluetooth.le.BleScanner: 	at android.os.Handler.handleCallback(Handler.java:739)
02-09 11:56:16.253 13099 13099 E org.thaliproject.p2p.btconnectorlib.internal.bluetooth.le.BleScanner: 	at android.os.Handler.dispatchMessage(Handler.java:95)
02-09 11:56:16.253 13099 13099 E org.thaliproject.p2p.btconnectorlib.internal.bluetooth.le.BleScanner: 	at android.os.Looper.loop(Looper.java:148)
02-09 11:56:16.253 13099 13099 E org.thaliproject.p2p.btconnectorlib.internal.bluetooth.le.BleScanner: 	at android.app.ActivityThread.main(ActivityThread.java:5417)
02-09 11:56:16.253 13099 13099 E org.thaliproject.p2p.btconnectorlib.internal.bluetooth.le.BleScanner: 	at java.lang.reflect.Method.invoke(Native Method)
02-09 11:56:16.253 13099 13099 E org.thaliproject.p2p.btconnectorlib.internal.bluetooth.le.BleScanner: 	at com.android.internal.os.ZygoteInit$MethodAndArgsCaller.run(ZygoteInit.java:726)
02-09 11:56:16.253 13099 13099 E org.thaliproject.p2p.btconnectorlib.internal.bluetooth.le.BleScanner: 	at com.android.internal.os.ZygoteInit.main(ZygoteInit.java:616)
02-09 11:56:16.253 13099 13099 D org.thaliproject.p2p.btconnectorlib.internal.bluetooth.le.BleScanner: set state: Current thread: Thread[main,5,main], id: 1
02-09 11:56:16.253 13099 13099 D org.thaliproject.p2p.btconnectorlib.internal.bluetooth.le.BleScanner: setState: State changed from RUNNING to NOT_STARTED
02-09 11:56:16.253 13099 13099 D org.thaliproject.p2p.btconnectorlib.internal.bluetooth.le.BleScanner: notifyScannerStateChanged: started =  false. Current thread: Thread[main,5,main], id: 1
02-09 11:56:16.253 13099 13099 D org.thaliproject.p2p.btconnectorlib.internal.bluetooth.le.BleScanner: stop finished, Current thread: Thread[main,5,main], id: 1
02-09 11:56:16.253 13099 13099 D org.thaliproject.p2p.btconnectorlib.internal.bluetooth.le.BlePeerDiscoverer: stopAdvertiser:Current thread: Thread[main,5,main], id: 1
02-09 11:56:16.254 13099 13099 I org.thaliproject.p2p.btconnectorlib.internal.bluetooth.le.BlePeerDiscoverer: stopAdvertiser: Stopping...
02-09 11:56:16.254 13099 13099 D org.thaliproject.p2p.btconnectorlib.internal.bluetooth.le.BleAdvertiser: stop. Current thread: Thread[main,5,main], id: 1
02-09 11:56:16.254 13099 13099 D org.thaliproject.p2p.btconnectorlib.internal.bluetooth.le.BleAdvertiser: stop: Stopped
02-09 11:56:16.254 13099 13099 D org.thaliproject.p2p.btconnectorlib.internal.bluetooth.le.BleAdvertiser: setState: current  = RUNNING, new = NOT_STARTEDCurrent thread: Thread[main,5,main], id: 1
02-09 11:56:16.254 13099 13099 D org.thaliproject.p2p.btconnectorlib.internal.bluetooth.le.BleAdvertiser: setState: State changed from RUNNING to NOT_STARTED
02-09 11:56:16.254 13099 13099 D org.thaliproject.p2p.btconnectorlib.internal.bluetooth.le.BleAdvertiser: notifyAdvertiserStateChanged: started =  false. Current thread: Thread[main,5,main], id: 1
02-09 11:56:16.254 13099 13099 D org.thaliproject.p2p.btconnectorlib.internal.bluetooth.le.BleAdvertiser: setState: finished Current thread: Thread[main,5,main], id: 1
02-09 11:56:16.254 13099 13099 D org.thaliproject.p2p.btconnectorlib.internal.bluetooth.le.BleAdvertiser: stop finished. Current thread: Thread[main,5,main], id: 1
02-09 11:56:16.254 13099 13099 D org.thaliproject.p2p.btconnectorlib.DiscoveryManager: stopBlePeerDiscoverer: Stopped
02-09 11:56:16.254 13099 13099 D org.thaliproject.p2p.btconnectorlib.DiscoveryManager: updateState: Current thread: Thread[main,5,main], id: 1
02-09 11:56:16.254 13099 13153 I jxcore-log: 2017-02-09 08:56:16 - WARN createPeerListener: 'callNative for 24:00:BA:F9:9A:9F failed with Connection to peer [24:00:BA:F9:9A:9F 6] failed: Failed to connect (tried 1 time(s)): read failed, socket might closed or timeout, read ret: -1'
02-09 11:56:16.254 13099 13153 I jxcore-log: 
02-09 11:56:16.254 13099 13099 D org.thaliproject.p2p.btconnectorlib.DiscoveryManager: updateStateInternal Current thread: Thread[main,5,main], id: 1
02-09 11:56:16.255 13099 13099 D org.thaliproject.p2p.btconnectorlib.DiscoveryManager: updateState: State: WAITING_FOR_SERVICES_TO_BE_ENABLED, is discovering: false, is advertising: false
02-09 11:56:16.255 13099 13099 D org.thaliproject.p2p.btconnectorlib.DiscoveryManager: updateStateInternal finished Current thread: Thread[main,5,main], id: 1
02-09 11:56:16.255 13099 13099 D org.thaliproject.p2p.btconnectorlib.DiscoveryManager: updateState finished Current thread: Thread[main,5,main], id: 1
02-09 11:56:16.255 13099 13153 I jxcore-log: 2017-02-09 08:56:16 - DEBUG makeIntoCloseAllServer: 'closeAll called on server'
02-09 11:56:16.255 13099 13153 I jxcore-log: 
02-09 11:56:16.255 13099 13099 I org.thaliproject.p2p.btconnectorlib.ConnectionManager: onBluetoothAdapterStateChanged: State changed to 10
02-09 11:56:16.255 13099 13099 I org.thaliproject.p2p.btconnectorlib.ConnectionManager: onBluetoothAdapterStateChanged: ConnectionManagerState State changed to RUNNING
02-09 11:56:16.255 13099 13099 W org.thaliproject.p2p.btconnectorlib.ConnectionManager: onBluetoothAdapterStateChanged: Bluetooth disabled, pausing...
02-09 11:56:16.255 13099 13099 I org.thaliproject.p2p.btconnectorlib.internal.bluetooth.BluetoothConnector: stopListeningForIncomingConnections: Stopping...
02-09 11:56:16.255 13099 13099 D org.thaliproject.p2p.btconnectorlib.internal.bluetooth.BluetoothServerThread: shutdown
02-09 11:56:16.255 13099 13099 D org.thaliproject.p2p.btconnectorlib.ConnectionManager: updateState: mShouldBeStarted :  true, mIsServerStarted:  true
02-09 11:56:16.255 13099 13099 I org.thaliproject.p2p.btconnectorlib.internal.bluetooth.le.BlePeerDiscoverer: onIsScannerStartedChanged: falseCurrent thread: Thread[main,5,main], id: 1
02-09 11:56:16.255 13099 13099 D org.thaliproject.p2p.btconnectorlib.internal.bluetooth.le.BlePeerDiscoverer: updateState : Current thread: Thread[main,5,main], id: 1
02-09 11:56:16.255 13099 13099 D org.thaliproject.p2p.btconnectorlib.internal.bluetooth.le.BlePeerDiscoverer: updateState: deducedStateSet: [NOT_STARTED]
02-09 11:56:16.255 13099 13099 D org.thaliproject.p2p.btconnectorlib.internal.bluetooth.le.BlePeerDiscoverer: updateState: stateSet: [SCANNING, ADVERTISING]
02-09 11:56:16.255 13099 13099 D org.thaliproject.p2p.btconnectorlib.internal.bluetooth.le.BlePeerDiscoverer: Current thread: Thread[main,5,main], id: 1
02-09 11:56:16.255 13099 13099 D org.thaliproject.p2p.btconnectorlib.internal.bluetooth.le.BlePeerDiscoverer: updateState: State changed from [SCANNING, ADVERTISING] to [NOT_STARTED]Current thread: Thread[main,5,main], id: 1
02-09 11:56:16.255 13099 13099 D org.thaliproject.p2p.btconnectorlib.internal.bluetooth.le.BlePeerDiscoverer: update state finished. Current thread: Thread[main,5,main], id: 1
02-09 11:56:16.255 13099 13099 I org.thaliproject.p2p.btconnectorlib.internal.bluetooth.le.BlePeerDiscoverer: onIsAdvertiserStartedChanged: falseCurrent thread: Thread[main,5,main], id: 1
02-09 11:56:16.255 13099 13099 D org.thaliproject.p2p.btconnectorlib.internal.bluetooth.le.BlePeerDiscoverer: updateState : Current thread: Thread[main,5,main], id: 1
02-09 11:56:16.255 13099 13099 D org.thaliproject.p2p.btconnectorlib.internal.bluetooth.le.BlePeerDiscoverer: updateState: deducedStateSet: [NOT_STARTED]
02-09 11:56:16.255 13099 13099 D org.thaliproject.p2p.btconnectorlib.internal.bluetooth.le.BlePeerDiscoverer: updateState: stateSet: [NOT_STARTED]
02-09 11:56:16.255 13099 13099 D org.thaliproject.p2p.btconnectorlib.internal.bluetooth.le.BlePeerDiscoverer: Current thread: Thread[main,5,main], id: 1
02-09 11:56:16.255 13099 13153 I jxcore-log: 2017-02-09 08:56:16 - DEBUG createPeerListener: 'We are emitting failedConnection with error "Error: Connection to peer [24:00:BA:F9:9A:9F 6] failed: Failed to connect (tried 1 time(s)): read failed, socket might closed or timeout, read ret: -1" and peerIdentifier "24:00:BA:F9:9A:9F"'
02-09 11:56:16.255 13099 13153 I jxcore-log: 
02-09 11:56:16.255 13099 13099 D org.thaliproject.p2p.btconnectorlib.internal.bluetooth.le.BlePeerDiscoverer: update state finished. Current thread: Thread[main,5,main], id: 1
02-09 11:56:16.255 13099 13099 I io.jxcore.node.ConnectionHelper: onDiscoveryManagerStateChanged: State: WAITING_FOR_SERVICES_TO_BE_ENABLED, is discovering: false, is advertising: false
02-09 11:56:16.256 13099 13153 I jxcore-log: 2017-02-09 08:56:16 - DEBUG thaliMobileNativeWrapper: 'Received peer availability changed event with {"peerIdentifier":"24:00:BA:F9:9A:9F","peerAvailable":false,"portNumber":null,"recreated":true}'
02-09 11:56:16.256 13099 13153 I jxcore-log: 
02-09 11:56:16.256 13099 13153 I jxcore-log: 2017-02-09 08:56:16 - DEBUG createPeerListener: 'Will try to recreate server for 24:00:BA:F9:9A:9F'
02-09 11:56:16.256 13099 13153 I jxcore-log: 
02-09 11:56:16.256 13099 13153 I jxcore-log: 2017-02-09 08:56:16 - DEBUG thaliMobileNativeWrapper: 'networkChanged: {"bluetoothLowEnergy":"off","bluetooth":"off","wifi":"on","cellular":"doNotCare","bssidName":"70:cd:60:ff:5a:07","ssidName":"T"}'
02-09 11:56:16.256 13099 13153 I jxcore-log: 
02-09 11:56:16.257 13099 13153 I jxcore-log: 2017-02-09 08:56:16 - DEBUG thaliMobile: 'Emitting peerAvailabilityChanged from emitPeerUnavailable {"peerIdentifier":"BC:75:74:3A:BC:F8","connectionType":"AndroidBluetooth","peerAvailable":false,"generation":null,"newAddressPort":null}'
02-09 11:56:16.257 13099 13153 I jxcore-log: 
02-09 11:56:16.257 13099 13153 I jxcore-log: 2017-02-09 08:56:16 - WARN thaliNotificationClient: 'peer is not available'
02-09 11:56:16.257 13099 13153 I jxcore-log: 
02-09 11:56:16.257 13099 13153 I jxcore-log: 2017-02-09 08:56:16 - DEBUG thaliPeerAction: 'we couldn't destroy http agent explicitly'
02-09 11:56:16.257 13099 13153 I jxcore-log: 
02-09 11:56:16.258 13099 13153 I jxcore-log: 2017-02-09 08:56:16 - DEBUG thaliMobile: 'Emitting peerAvailabilityChanged from emitPeerUnavailable {"peerIdentifier":"24:00:BA:F9:9A:9F","connectionType":"AndroidBluetooth","peerAvailable":false,"generation":null,"newAddressPort":null}'
02-09 11:56:16.258 13099 13153 I jxcore-log: 
02-09 11:56:16.258 13099 13153 I jxcore-log: 2017-02-09 08:56:16 - WARN thaliNotificationClient: 'peer is not available'
02-09 11:56:16.258 13099 13153 I jxcore-log: 
02-09 11:56:16.258 13099 13153 I jxcore-log: 2017-02-09 08:56:16 - DEBUG thaliPeerAction: 'we couldn't destroy http agent explicitly'
02-09 11:56:16.258 13099 13153 I jxcore-log: 
02-09 11:56:16.258 13099 13153 I jxcore-log: 2017-02-09 08:56:16 - DEBUG thaliPeerAction: 'we couldn't destroy http agent explicitly'
02-09 11:56:16.258 13099 13153 I jxcore-log: 
02-09 11:56:16.262 13099 13153 I jxcore-log: 2017-02-09 08:56:16 - DEBUG thaliMobileNativeWrapper: 'handlePeerUnavailable - Emitting {"peerIdentifier":"24:00:BA:F9:9A:9F","peerAvailable":false,"generation":null,"portNumber":null,"recreated":true}'
02-09 11:56:16.262 13099 13153 I jxcore-log: 
02-09 11:56:16.264 13099 13153 D io.jxcore.node.JXcoreExtension: startUpdateAdvertisingAndListening
02-09 11:56:16.265 13099 13153 I jxcore-log: 2017-02-09 08:56:16 - DEBUG createPeerListener: 'creating new server for 24:00:BA:F9:9A:9F'
02-09 11:56:16.265 13099 13153 I jxcore-log: 
02-09 11:56:16.268 13099 13153 I jxcore-log: 2017-02-09 08:56:16 - DEBUG createPeerListener: 'Node TCP/IP listener (server) for 24:00:BA:F9:9A:9F listening on 49210'
02-09 11:56:16.268 13099 13153 I jxcore-log: 
02-09 11:56:16.269 13099 13153 I jxcore-log: 2017-02-09 08:56:16 - DEBUG createPeerListener: 'We are emitting listenerRecreatedAfterFailure with peerIdentifier 24:00:BA:F9:9A:9F and portNumber 49210'
02-09 11:56:16.269 13099 13153 I jxcore-log: 
02-09 11:56:16.270 13099 13153 I jxcore-log: 2017-02-09 08:56:16 - DEBUG thaliMobileNativeWrapper: 'listenerRecreatedAfterFailureHandler - We are emitting nonTCPPeerAvailabilityChangedEvent with peerIdentifier 24:00:BA:F9:9A:9F, generation 7, and portNumber 49210'
02-09 11:56:16.270 13099 13153 I jxcore-log: 
02-09 11:56:16.270 13099 13153 I jxcore-log: 2017-02-09 08:56:16 - DEBUG thaliTcpServersManager: 'Terminate outgoing connection called on peerID 24:00:BA:F9:9A:9F with port 49210'
02-09 11:56:16.270 13099 13153 I jxcore-log: 
02-09 11:56:16.270 13099 13153 I jxcore-log: 2017-02-09 08:56:16 - DEBUG makeIntoCloseAllServer: 'closeAll called on server'
02-09 11:56:16.270 13099 13153 I jxcore-log: 
02-09 11:56:16.280 13099 13153 I jxcore-log: 2017-02-09 08:56:16 - DEBUG createPeerListener: 'Issuing callNative for BC:75:74:3A:BC:F8'
02-09 11:56:16.280 13099 13153 I jxcore-log: 
02-09 11:56:16.280 13099 13153 W org.thaliproject.p2p.btconnectorlib.internal.bluetooth.BluetoothManager: Checking support for multiple advertisement: Cannot do the check when the Bluetooth is disabled - will return stored value
02-09 11:56:16.281 13099 13153 I jxcore-log: 2017-02-09 08:56:16 - WARN createPeerListener: 'callNative for BC:75:74:3A:BC:F8 failed with Radio Turned Off'
02-09 11:56:16.281 13099 13153 I jxcore-log: 
02-09 11:56:16.281 13099 13153 I jxcore-log: 2017-02-09 08:56:16 - DEBUG makeIntoCloseAllServer: 'closeAll called on server'
02-09 11:56:16.281 13099 13153 I jxcore-log: 
02-09 11:56:16.282 13099 13153 I jxcore-log: 2017-02-09 08:56:16 - DEBUG createPeerListener: 'We are emitting failedConnection with error "Error: Radio Turned Off" and peerIdentifier "BC:75:74:3A:BC:F8"'
02-09 11:56:16.282 13099 13153 I jxcore-log: 
02-09 11:56:16.282 13099 13153 I jxcore-log: 2017-02-09 08:56:16 - DEBUG thaliMobileNativeWrapper: 'Received peer availability changed event with {"peerIdentifier":"BC:75:74:3A:BC:F8","peerAvailable":false,"portNumber":null,"recreated":true}'
02-09 11:56:16.282 13099 13153 I jxcore-log: 
02-09 11:56:16.282 13099 13153 I jxcore-log: 2017-02-09 08:56:16 - DEBUG createPeerListener: 'Will try to recreate server for BC:75:74:3A:BC:F8'
02-09 11:56:16.282 13099 13153 I jxcore-log: 
02-09 11:56:16.282 13099 13153 I jxcore-log: 2017-02-09 08:56:16 - DEBUG thaliMobileNativeWrapper: 'handlePeerUnavailable - Emitting {"peerIdentifier":"BC:75:74:3A:BC:F8","peerAvailable":false,"generation":null,"portNumber":null,"recreated":true}'
02-09 11:56:16.282 13099 13153 I jxcore-log: 
02-09 11:56:16.283 13099 13153 I jxcore-log: 2017-02-09 08:56:16 - DEBUG createPeerListener: 'creating new server for BC:75:74:3A:BC:F8'
02-09 11:56:16.283 13099 13153 I jxcore-log: 
02-09 11:56:16.284 13099 13153 I jxcore-log: 2017-02-09 08:56:16 - DEBUG createPeerListener: 'Node TCP/IP listener (server) for BC:75:74:3A:BC:F8 listening on 43216'
02-09 11:56:16.284 13099 13153 I jxcore-log: 
02-09 11:56:16.284 13099 13153 I jxcore-log: 2017-02-09 08:56:16 - DEBUG createPeerListener: 'We are emitting listenerRecreatedAfterFailure with peerIdentifier BC:75:74:3A:BC:F8 and portNumber 43216'
02-09 11:56:16.284 13099 13153 I jxcore-log: 
02-09 11:56:16