02-09 11:56:10.398  1650  1700 I jxcore-log: 2017-02-09 08:56:10 - DEBUG createNativeListener: 'stream - mux stream <-> outgoing TCP/IP client connection to node - 0 - 3 - closed'
02-09 11:56:10.398  1650  1700 I jxcore-log: 
02-09 11:56:10.401  1650  1700 I jxcore-log: 2017-02-09 08:56:10 - DEBUG createNativeListener: 'stream - mux stream <-> outgoing TCP/IP client connection to node - 0 - 4 - closed'
02-09 11:56:10.401  1650  1700 I jxcore-log: 
02-09 11:56:10.404  1650  1700 I jxcore-log: 2017-02-09 08:56:10 - DEBUG createNativeListener: 'stream - mux stream <-> outgoing TCP/IP client connection to node - 0 - 5 - closed'
02-09 11:56:10.404  1650  1700 I jxcore-log: 
02-09 11:56:10.406 13988 13988 I BTConnectionReceiver: onReceive(context, Intent { act=android.bluetooth.device.action.ACL_DISCONNECTED flg=0x4000010 cmp=com.google.android.googlequicksearchbox/com.google.android.search.core.service.BluetoothConnectionReceiver (has extras) }, [BluetoothDevice: address=BC:75:74:3A:BD:0F, alias=null, name=Nexus 6P, majorDeviceClass=512, deviceClass=524]
02-09 11:56:10.408  1650  1700 I jxcore-log: 2017-02-09 08:56:10 - DEBUG createNativeListener: 'incoming - incoming Android TCP/IP client connection <-> Mux - 0 - close'
02-09 11:56:10.408  1650  1700 I jxcore-log: 
02-09 11:56:10.409 13988 13988 I BluetoothClassifier: Bluetooth Device Name: Nexus 6P
02-09 11:56:10.416  1650  1752 D org.thaliproject.p2p.btconnectorlib.internal.bluetooth.BluetoothClientThread: onBytesRead: Read 46 bytes successfully (thread ID: 941)
02-09 11:56:10.416  1650  1752 D org.thaliproject.p2p.btconnectorlib.internal.bluetooth.BluetoothClientThread: onBytesWritten: Peer props = [24:00:BA:F9:9A:9F 7]
02-09 11:56:10.416  1650  1752 I org.thaliproject.p2p.btconnectorlib.internal.bluetooth.BluetoothClientThread: Handshake succeeded with [24:00:BA:F9:9A:9F 4]
02-09 11:56:10.416  1650  1752 I org.thaliproject.p2p.btconnectorlib.internal.bluetooth.BluetoothConnector: onHandshakeSucceeded: [24:00:BA:F9:9A:9F 4] (thread ID: 940)
02-09 11:56:10.416  1650  1752 I org.thaliproject.p2p.btconnectorlib.internal.bluetooth.BluetoothConnector: handleSuccessfulClientThread: [24:00:BA:F9:9A:9F 4] (thread ID: 940)
02-09 11:56:10.416  1650  1752 D org.thaliproject.p2p.btconnectorlib.utils.BluetoothSocketIoThread: Exiting thread (ID: 941)
02-09 11:56:10.416  1650  1650 D org.thaliproject.p2p.btconnectorlib.internal.bluetooth.BluetoothConnector: handleSuccessfulClientThread run. Current thread: Thread[main,5,main], id: 1
02-09 11:56:10.417  1650  1650 D org.thaliproject.p2p.btconnectorlib.internal.bluetooth.BluetoothConnector: onConnected run. Current thread: Thread[main,5,main], id: 1
02-09 11:56:10.417  1650  1650 I org.thaliproject.p2p.btconnectorlib.ConnectionManager: onConnected: [24:00:BA:F9:9A:9F 4]
02-09 11:56:10.417  1650  1650 I org.thaliproject.p2p.btconnectorlib.ConnectionManager: onConnected run: [24:00:BA:F9:9A:9F 4]. Current thread: Thread[main,5,main], id: 1
02-09 11:56:10.417  1650  1650 I io.jxcore.node.ConnectionHelper: onConnected: Outgoing connection to peer [24:00:BA:F9:9A:9F 4]
02-09 11:56:10.417  1650  1650 I io.jxcore.node.ConnectionHelper: onConnected: Outgoing socket thread, for peer [24:00:BA:F9:9A:9F 4], created successfully
02-09 11:56:10.417  1650  1650 I org.thaliproject.p2p.btconnectorlib.ConnectionManagerSettings: setInsecureRfcommSocketPortNumber: Will use port -1 when trying to connect
02-09 11:56:10.418  1650  1650 V org.thaliproject.p2p.btconnectorlib.internal.bluetooth.BluetoothConnector: setInsecureRfcommSocketPort: 1 -> -1
02-09 11:56:10.418  1650  1650 D io.jxcore.node.ConnectionHelper: onConnected: The total number of connections is now 1
02-09 11:56:10.418  1650  1753 D io.jxcore.node.OutgoingSocketThread: Entering thread (ID: 942). Connection data  = Peer properties: [24:00:BA:F9:9A:9F 4].
02-09 11:56:10.418  1650  1753 D io.jxcore.node.OutgoingSocketThread:  Is incomming connection: false.
02-09 11:56:10.418  1650  1753 D io.jxcore.node.OutgoingSocketThread:  id: 4
02-09 11:56:10.419  1650  1753 D io.jxcore.node.OutgoingSocketThread: Server socket local port: 38825
02-09 11:56:10.419  1650  1753 I io.jxcore.node.OutgoingSocketThread: Now accepting connections...
02-09 11:56:10.419  1650  1753 I io.jxcore.node.ConnectionHelper: onListeningForIncomingConnections: Outgoing connection is using port 38825 (peer ID: 24:00:BA:F9:9A:9F)
02-09 11:56:10.419  1650  1753 D io.jxcore.node.ConnectionModel: removeOutgoingConnectionCallback: Callback associated with Bluetooth MAC address "24:00:BA:F9:9A:9F" removed
02-09 11:56:10.420  1650  1700 I jxcore-log: 2017-02-09 08:56:10 - DEBUG makeIntoCloseAllServer: 'closeAll called on server'
02-09 11:56:10.420  1650  1700 I jxcore-log: 
02-09 11:56:10.422  1650  1700 I jxcore-log: 2017-02-09 08:56:10 - DEBUG createPeerListener: 'We are emitting failedConnection with error "Error: Outgoing closed, recreating connection" and peerIdentifier "BC:75:74:3A:BD:0F"'
02-09 11:56:10.422  1650  1700 I jxcore-log: 
02-09 11:56:10.422  1650  1700 I jxcore-log: 2017-02-09 08:56:10 - DEBUG thaliMobileNativeWrapper: 'Received peer availability changed event with {"peerIdentifier":"BC:75:74:3A:BD:0F","peerAvailable":false,"portNumber":null,"recreated":true}'
02-09 11:56:10.422  1650  1700 I jxcore-log: 
02-09 11:56:10.423  1650  1700 I jxcore-log: 2017-02-09 08:56:10 - DEBUG createPeerListener: 'Will try to recreate server for BC:75:74:3A:BD:0F'
02-09 11:56:10.423  1650  1700 I jxcore-log: 
02-09 11:56:10.424  1650  1700 I jxcore-log: 2017-02-09 08:56:10 - DEBUG thaliMobileNativeWrapper: 'handlePeerUnavailable - Emitting {"peerIdentifier":"BC:75:74:3A:BD:0F","peerAvailable":false,"generation":null,"portNumber":null,"recreated":true}'
02-09 11:56:10.424  1650  1700 I jxcore-log: 
02-09 11:56:10.425  1650  1700 I jxcore-log: 2017-02-09 08:56:10 - DEBUG thaliMobile: 'Emitting peerAvailabilityChanged from handleRecreatedPeer {"peerIdentifier":"BC:75:74:3A:BD:0F","connectionType":"AndroidBluetooth","peerAvailable":false,"generation":null,"newAddressPort":null}'
02-09 11:56:10.425  1650  1700 I jxcore-log: 
02-09 11:56:10.426  1650  1700 I jxcore-log: 2017-02-09 08:56:10 - WARN thaliNotificationClient: 'peer is not available'
02-09 11:56:10.426  1650  1700 I jxcore-log: 
02-09 11:56:10.427  1650  1700 I jxcore-log: 2017-02-09 08:56:10 - DEBUG thaliPeerAction: 'we couldn't destroy http agent explicitly'
02-09 11:56:10.427  1650  1700 I jxcore-log: 
02-09 11:56:10.429  1650  1700 I jxcore-log: 2017-02-09 08:56:10 - DEBUG createPeerListener: 'creating new server for BC:75:74:3A:BD:0F'
02-09 11:56:10.429  1650  1700 I jxcore-log: 
02-09 11:56:10.432  1650  1700 I jxcore-log: 2017-02-09 08:56:10 - DEBUG createPeerListener: 'Node TCP/IP listener (server) for BC:75:74:3A:BD:0F listening on 37265'
02-09 11:56:10.432  1650  1700 I jxcore-log: 
02-09 11:56:10.434  1650  1700 I jxcore-log: 2017-02-09 08:56:10 - DEBUG createPeerListener: 'We are emitting listenerRecreatedAfterFailure with peerIdentifier BC:75:74:3A:BD:0F and portNumber 37265'
02-09 11:56:10.434  1650  1700 I jxcore-log: 
02-09 11:56:10.434  1650  1700 I jxcore-log: 2017-02-09 08:56:10 - DEBUG thaliMobileNativeWrapper: 'listenerRecreatedAfterFailureHandler - We are emitting nonTCPPeerAvailabilityChangedEvent with peerIdentifier BC:75:74:3A:BD:0F, generation 6, and portNumber 37265'
02-09 11:56:10.434  1650  1700 I jxcore-log: 
02-09 11:56:10.435  1650  1700 I jxcore-log: 2017-02-09 08:56:10 - DEBUG thaliMobile: 'Emitting peerAvailabilityChanged from handleRecreatedPeer {"peerIdentifier":"BC:75:74:3A:BD:0F","connectionType":"AndroidBluetooth","peerAvailable":true,"generation":6,"newAddressPort":false}'
02-09 11:56:10.435  1650  1700 I jxcore-log: 
02-09 11:56:10.445  1650  1700 I jxcore-log: 2017-02-09 08:56:10 - DEBUG createPeerListener: 'callNative for 24:00:BA:F9:9A:9F connected'
02-09 11:56:10.445  1650  1700 I jxcore-log: 
02-09 11:56:10.445  1650  1700 I jxcore-log: 2017-02-09 08:56:10 - DEBUG createPeerListener: 'Creating outgoing connection to native layer for peerID 24:00:BA:F9:9A:9F'
02-09 11:56:10.445  1650  1700 I jxcore-log: 
02-09 11:56:10.448  1650  1753 I io.jxcore.node.OutgoingSocketThread: Incoming data from address: /127.0.0.1, port: 38825
02-09 11:56:10.448  1650  1753 D io.jxcore.node.OutgoingSocketThread: Setting local streams and starting stream copying threads...
02-09 11:56:10.448  1650  1753 I io.jxcore.node.StreamCopyingThread: setBufferSize: Setting buffer size to 4096 bytes
02-09 11:56:10.448  1650  1753 I io.jxcore.node.StreamCopyingThread: setBufferSize: Setting buffer size to 4096 bytes
02-09 11:56:10.449  1650  1754 D io.jxcore.node.StreamCopyingThread: Entering thread (ID: 943, name: OutgoingSocketThread/Sender). Connection data: Peer properties: [24:00:BA:F9:9A:9F 4].
02-09 11:56:10.449  1650  1754 D io.jxcore.node.StreamCopyingThread:  Is incomming connection: false.
02-09 11:56:10.449  1650  1754 D io.jxcore.node.StreamCopyingThread:  id: 4
02-09 11:56:10.449  1650  1753 I io.jxcore.node.OutgoingSocketThread: startStreamCopyingThreads: OK (thread ID: 942)
02-09 11:56:10.449  1650  1753 D io.jxcore.node.OutgoingSocketThread: Exiting thread (ID: 942). Connection data  = Peer properties: [24:00:BA:F9:9A:9F 4].
02-09 11:56:10.449  1650  1753 D io.jxcore.node.OutgoingSocketThread:  Is incomming connection: false.
02-09 11:56:10.449  1650  1753 D io.jxcore.node.OutgoingSocketThread:  id: 4
02-09 11:56:10.450  1650  1755 D io.jxcore.node.StreamCopyingThread: Entering thread (ID: 944, name: OutgoingSocketThread/Receiver). Connection data: Peer properties: [24:00:BA:F9:9A:9F 4].
02-09 11:56:10.450  1650  1755 D io.jxcore.node.StreamCopyingThread:  Is incomming connection: false.
02-09 11:56:10.450  1650  1755 D io.jxcore.node.StreamCopyingThread:  id: 4
02-09 11:56:10.463  1650  1700 I jxcore-log: 2017-02-09 08:56:10 - DEBUG createPeerListener: 'Issuing callNative for BC:75:74:3A:BD:0F'
02-09 11:56:10.463  1650  1700 I jxcore-log: 
02-09 11:56:10.467  1650  1700 D io.jxcore.node.JXcoreExtension: connect: BC:75:74:3A:BD:0F
02-09 11:56:10.467  1650  1700 I io.jxcore.node.ConnectionHelper: connect: Trying to connect to peer with ID BC:75:74:3A:BD:0F
02-09 11:56:10.467  1650  1700 I org.thaliproject.p2p.btconnectorlib.ConnectionManager: connect: [BC:75:74:3A:BD:0F 6]
02-09 11:56:10.468  1650  1700 I org.thaliproject.p2p.btconnectorlib.internal.bluetooth.BluetoothConnector: connect: Trying to start connecting to Nexus 6P in address BC:75:74:3A:BD:0F
02-09 11:56:10.468  1650  1700 I org.thaliproject.p2p.btconnectorlib.internal.bluetooth.BluetoothClientThread: setInsecureRfcommSocketPortNumber: Using port -1
02-09 11:56:10.468  1650  1700 I org.thaliproject.p2p.btconnectorlib.internal.bluetooth.BluetoothClientThread: setMaxNumberOfRetries: 0
02-09 11:56:10.469  1650  1700 I org.thaliproject.p2p.btconnectorlib.ConnectionManager: onConnecting: Nexus 6P BC:75:74:3A:BD:0F
02-09 11:56:10.469  1650  1700 D org.thaliproject.p2p.btconnectorlib.internal.bluetooth.BluetoothConnector: connect: Started connecting to Nexus 6P in address BC:75:74:3A:BD:0F
02-09 11:56:10.469  1650  1700 I io.jxcore.node.ConnectionHelper: connect: Connection process successfully started (peer ID: BC:75:74:3A:BD:0F)
02-09 11:56:10.469  1650  1756 I org.thaliproject.p2p.btconnectorlib.internal.bluetooth.BluetoothClientThread: Trying to connect to peer with address BC:75:74:3A:BD:0F (thread ID: 945)
02-09 11:56:10.469  1650  1756 D org.thaliproject.p2p.btconnectorlib.internal.bluetooth.BluetoothClientThread: tryToConnect:  socketConnectSucceeded = false, mIsShuttingDown = false
02-09 11:56:10.469  1650  1756 D org.thaliproject.p2p.btconnectorlib.internal.bluetooth.BluetoothClientThread:  createSocketAndConnect: socket closed
02-09 11:56:10.469  1650  1756 D org.thaliproject.p2p.btconnectorlib.internal.bluetooth.BluetoothClientThread:  createSocketAndConnect: SYSTEM_DECIDED_INSECURE_RFCOMM_SOCKET_PORT
02-09 11:56:10.470  1650  1756 E org.thaliproject.p2p.btconnectorlib.internal.bluetooth.BluetoothClientThread:  createSocketAndConnect: connecting
02-09 11:56:10.470  1650  1756 W BluetoothAdapter: getBluetoothService() called with no BluetoothManagerCallback
02-09 11:56:10.480  1650  1700 I jxcore-log: 2017-02-09 08:56:10 - DEBUG createNativeListener: 'outgoing - mux stream <-> outgoing TCP/IP client connection to node - 0 - 5 - close'
02-09 11:56:10.480  1650  1700 I jxcore-log: 
02-09 11:56:10.480  1650  1700 I jxcore-log: 2017-02-09 08:56:10 - DEBUG createNativeListener: 'outgoing - mux stream <-> outgoing TCP/IP client connection to node - 0 - 4 - close'
02-09 11:56:10.480  1650  1700 I jxcore-log: 
02-09 11:56:10.481  1650  1700 I jxcore-log: 2017-02-09 08:56:10 - DEBUG createNativeListener: 'outgoing - mux stream <-> outgoing TCP/IP client connection to node - 0 - 3 - close'
02-09 11:56:10.481  1650  1700 I jxcore-log: 
02-09 11:56:10.515  1650  1700 I jxcore-log: 2017-02-09 08:56:10 - DEBUG thaliWifiInfrastructure: 'Emitting wifiPeerAvailabilityChanged {"peerIdentifier":"8f22327e-f36e-45f8-a158-debbb4347a43","generation":3,"hostAddress":"192.168.2.3","portNumber":46926}'
02-09 11:56:10.515  1650  1700 I jxcore-log: 
02-09 11:56:10.725  1650  1700 I jxcore-log: 2017-02-09 08:56:10 - DEBUG thaliWifiInfrastructure: 'Emitting wifiPeerAvailabilityChanged {"peerIdentifier":"7845c42d-6fbd-4b0f-a15c-b5ab2723b075","generation":3,"hostAddress":"192.168.2.5","portNumber":40461}'
02-09 11:56:10.725  1650  1700 I jxcore-log: 
02-09 11:56:11.030  1650  1700 I jxcore-log: 2017-02-09 08:56:11 - DEBUG thaliWifiInfrastructure: 'Emitting wifiPeerAvailabilityChanged {"peerIdentifier":"8f22327e-f36e-45f8-a158-debbb4347a43","generation":3,"hostAddress":"192.168.2.3","portNumber":46926}'
02-09 11:56:11.030  1650  1700 I jxcore-log: 
02-09 11:56:11.236  1650  1700 I jxcore-log: 2017-02-09 08:56:11 - DEBUG thaliWifiInfrastructure: 'Emitting wifiPeerAvailabilityChanged {"peerIdentifier":"7845c42d-6fbd-4b0f-a15c-b5ab2723b075","generation":3,"hostAddress":"192.168.2.5","portNumber":40461}'
02-09 11:56:11.236  1650  1700 I jxcore-log: 
02-09 11:56:11.313  1650  1700 I jxcore-log: 2017-02-09 08:56:11 - DEBUG thaliPeerAction: 'we couldn't destroy http agent explicitly'
02-09 11:56:11.313  1650  1700 I jxcore-log: 
02-09 11:56:11.557  1650  1700 I jxcore-log: 2017-02-09 08:56:11 - DEBUG thaliWifiInfrastructure: 'Emitting wifiPeerAvailabilityChanged {"peerIdentifier":"8f22327e-f36e-45f8-a158-debbb4347a43","generation":3,"hostAddress":"192.168.2.3","portNumber":46926}'
02-09 11:56:11.557  1650  1700 I jxcore-log: 
02-09 11:56:11.750  1650  1700 I jxcore-log: 2017-02-09 08:56:11 - DEBUG thaliWifiInfrastructure: 'Emitting wifiPeerAvailabilityChanged {"peerIdentifier":"7845c42d-6fbd-4b0f-a15c-b5ab2723b075","generation":3,"hostAddress":"192.168.2.5","portNumber":40461}'
02-09 11:56:11.750  1650  1700 I jxcore-log: 
02-09 11:56:12.054  1650  1700 I jxcore-log: 2017-02-09 08:56:12 - DEBUG thaliWifiInfrastructure: 'Emitting wifiPeerAvailabilityChanged {"peerIdentifier":"8f22327e-f36e-45f8-a158-debbb4347a43","generation":3,"hostAddress":"192.168.2.3","portNumber":46926}'
02-09 11:56:12.054  1650  1700 I jxcore-log: 
02-09 11:56:12.154  1650  1700 I jxcore-log: 2017-02-09 08:56:12 - DEBUG thaliWifiInfrastructure: 'Emitting wifiPeerAvailabilityChanged {"peerIdentifier":"7845c42d-6fbd-4b0f-a15c-b5ab2723b075","generation":3,"hostAddress":"192.168.2.5","portNumber":40461}'
02-09 11:56:12.154  1650  1700 I jxcore-log: 
02-09 11:56:12.568  1650  1700 I jxcore-log: 2017-02-09 08:56:12 - DEBUG thaliWifiInfrastructure: 'Emitting wifiPeerAvailabilityChanged {"peerIdentifier":"8f22327e-f36e-45f8-a158-debbb4347a43","generation":3,"hostAddress":"192.168.2.3","portNumber":46926}'
02-09 11:56:12.568  1650  1700 I jxcore-log: 
02-09 11:56:12.669  1650  1700 I jxcore-log: 2017-02-09 08:56:12 - DEBUG thaliWifiInfrastructure: 'Emitting wifiPeerAvailabilityChanged {"peerIdentifier":"7845c42d-6fbd-4b0f-a15c-b5ab2723b075","generation":3,"hostAddress":"192.168.2.5","portNumber":40461}'
02-09 11:56:12.669  1650  1700 I jxcore-log: 
02-09 11:56:12.801  1650  1700 I jxcore-log: 2017-02-09 08:56:12 - DEBUG thaliReplicationPeerAction: 'Replication resumed'
02-09 11:56:12.801  1650  1700 I jxcore-log: 
02-09 11:56:12.952 11651 11651 D BtGatt.ScanManager: awakened up at time 2065330552
02-09 11:56:12.953 11651 11670 D BtGatt.ScanManager: flushPendingBatchResults - clientIf = 5
02-09 11:56:12.955 11651 11667 D BtGatt.GattService: onBatchScanReports() - clientIf=5, status=0, reportType=2, numRecords=0
02-09 11:56:12.955 11651 11667 D BtGatt.ScanManager: callback done for clientIf - 5 status - 0
02-09 11:56:12.956  1650  1650 D org.thaliproject.p2p.btconnectorlib.internal.bluetooth.le.BleScanner: onBatchScanResults: results count  = 0. Current thread: Thread[main,5,main], id: 1
02-09 11:56:13.079  1650  1700 I jxcore-log: 2017-02-09 08:56:13 - DEBUG thaliWifiInfrastructure: 'Emitting wifiPeerAvailabilityChanged {"peerIdentifier":"8f22327e-f36e-45f8-a158-debbb4347a43","generation":3,"hostAddress":"192.168.2.3","portNumber":46926}'
02-09 11:56:13.079  1650  1700 I jxcore-log: 
02-09 11:56:13.180  1650  1700 I jxcore-log: 2017-02-09 08:56:13 - DEBUG thaliWifiInfrastructure: 'Emitting wifiPeerAvailabilityChanged {"peerIdentifier":"7845c42d-6fbd-4b0f-a15c-b5ab2723b075","generation":3,"hostAddress":"192.168.2.5","portNumber":40461}'
02-09 11:56:13.180  1650  1700 I jxcore-log: 
02-09 11:56:13.459 11651 11651 D BtGatt.ScanManager: awakened up at time 2065331058
02-09 11:56:13.460 11651 11670 D BtGatt.ScanManager: flushPendingBatchResults - clientIf = 5
02-09 11:56:13.463 11651 11667 D BtGatt.GattService: onBatchScanReports() - clientIf=5, status=0, reportType=2, numRecords=0
02-09 11:56:13.463 11651 11667 D BtGatt.ScanManager: callback done for clientIf - 5 status - 0
02-09 11:56:13.465  1650  1650 D org.thaliproject.p2p.btconnectorlib.internal.bluetooth.le.BleScanner: onBatchScanResults: results count  = 0. Current thread: Thread[main,5,main], id: 1
02-09 11:56:13.592  1650  1700 I jxcore-log: 2017-02-09 08:56:13 - DEBUG thaliWifiInfrastructure: 'Emitting wifiPeerAvailabilityChanged {"peerIdentifier":"8f22327e-f36e-45f8-a158-debbb4347a43","generation":3,"hostAddress":"192.168.2.3","portNumber":46926}'
02-09 11:56:13.592  1650  1700 I jxcore-log: 
02-09 11:56:13.596  1650  1700 I jxcore-log: 2017-02-09 08:56:13 - DEBUG thaliWifiInfrastructure: 'Emitting wifiPeerAvailabilityChanged {"peerIdentifier":"8f22327e-f36e-45f8-a158-debbb4347a43","generation":3,"portNumber":null,"hostAddress":null}'
02-09 11:56:13.596  1650  1700 I jxcore-log: 
02-09 11:56:13.598  1650  1700 I jxcore-log: 2017-02-09 08:56:13 - DEBUG thaliMobile: 'Emitting peerAvailabilityChanged from handlePeer {"peerIdentifier":"8f22327e-f36e-45f8-a158-debbb4347a43","connectionType":"tcp","peerAvailable":false,"generation":3,"newAddressPort":null}'
02-09 11:56:13.598  1650  1700 I jxcore-log: 
02-09 11:56:13.600  1650  1700 I jxcore-log: 2017-02-09 08:56:13 - WARN thaliNotificationClient: 'peer is not available'
02-09 11:56:13.600  1650  1700 I jxcore-log: 
02-09 11:56:13.604  1650  1700 I jxcore-log: 2017-02-09 08:56:13 - DEBUG thaliWifiInfrastructure: 'Emitting wifiPeerAvailabilityChanged {"peerIdentifier":"8f22327e-f36e-45f8-a158-debbb4347a43","generation":4,"hostAddress":"192.168.2.3","portNumber":46926}'
02-09 11:56:13.604  1650  1700 I jxcore-log: 
02-09 11:56:13.606  1650  1700 I jxcore-log: 2017-02-09 08:56:13 - DEBUG thaliMobile: 'Emitting peerAvailabilityChanged from handlePeer {"peerIdentifier":"8f22327e-f36e-45f8-a158-debbb4347a43","connectionType":"tcp","peerAvailable":true,"generation":4,"newAddressPort":false}'
02-09 11:56:13.606  1650  1700 I jxcore-log: 
02-09 11:56:13.698  1650  1700 I jxcore-log: 2017-02-09 08:56:13 - DEBUG thaliPeerAction: 'we couldn't destroy http agent explicitly'
02-09 11:56:13.698  1650  1700 I jxcore-log: 
02-09 11:56:13.742  1650  1700 I jxcore-log: 2017-02-09 08:56:13 - DEBUG thaliWifiInfrastructure: 'Emitting wifiPeerAvailabilityChanged {"peerIdentifier":"7845c42d-6fbd-4b0f-a15c-b5ab2723b075","generation":3,"hostAddress":"192.168.2.5","portNumber":40461}'
02-09 11:56:13.742  1650  1700 I jxcore-log: 
02-09 11:56:13.967 11651 11651 D BtGatt.ScanManager: awakened up at time 2065331567
02-09 11:56:13.968 11651 11670 D BtGatt.ScanManager: flushPendingBatchResults - clientIf = 5
02-09 11:56:13.971 11651 11667 D BtGatt.GattService: onBatchScanReports() - clientIf=5, status=0, reportType=2, numRecords=0
02-09 11:56:13.971 11651 11667 D BtGatt.ScanManager: callback done for clientIf - 5 status - 0
02-09 11:56:13.971  1650  1650 D org.thaliproject.p2p.btconnectorlib.internal.bluetooth.le.BleScanner: onBatchScanResults: results count  = 0. Current thread: Thread[main,5,main], id: 1
02-09 11:56:14.074  1650  1700 I jxcore-log: 2017-02-09 08:56:14 - DEBUG thaliReplicationPeerAction: 'Got paused with -  '
02-09 11:56:14.074  1650  1700 I jxcore-log: 
02-09 11:56:14.100  1650  1700 I jxcore-log: 2017-02-09 08:56:14 - DEBUG thaliWifiInfrastructure: 'Emitting wifiPeerAvailabilityChanged {"peerIdentifier":"8f22327e-f36e-45f8-a158-debbb4347a43","generation":4,"hostAddress":"192.168.2.3","portNumber":46926}'
02-09 11:56:14.100  1650  1700 I jxcore-log: 
02-09 11:56:14.204  1650  1700 I jxcore-log: 2017-02-09 08:56:14 - DEBUG thaliWifiInfrastructure: 'Emitting wifiPeerAvailabilityChanged {"peerIdentifier":"7845c42d-6fbd-4b0f-a15c-b5ab2723b075","generation":3,"hostAddress":"192.168.2.5","portNumber":40461}'
02-09 11:56:14.204  1650  1700 I jxcore-log: 
02-09 11:56:14.333  1650  1700 I jxcore-log: 2017-02-09 08:56:14 - DEBUG thaliReplicationPeerAction: 'We called _complete with error: No activity time out  and it caused us to complete'
02-09 11:56:14.333  1650  1700 I jxcore-log: 
02-09 11:56:14.334  1650  1700 I jxcore-log: 2017-02-09 08:56:14 - DEBUG thaliPeerAction: 'we couldn't destroy http agent explicitly'
02-09 11:56:14.334  1650  1700 I jxcore-log: 
02-09 11:56:14.341  1650  1700 I jxcore-log: 2017-02-09 08:56:14 - DEBUG thaliPeerPoolDefault: 'Got err   No activity time out'
02-09 11:56:14.341  1650  1700 I jxcore-log: 
02-09 11:56:14.356  1650  1700 I jxcore-log: 2017-02-09 08:56:14 - ERROR createPeerListener: 'incoming (TCP) - Node TCP/IP client <-> Mux stream- 24:00:BA:F9:9A:9F - 5 - error: Error: read ECONNRESET'
02-09 11:56:14.356  1650  1700 I jxcore-log: 
02-09 11:56:14.474 11651 11651 D BtGatt.ScanManager: awakened up at time 2065332074
02-09 11:56:14.475 11651 11670 D BtGatt.ScanManager: flushPendingBatchResults - clientIf = 5
02-09 11:56:14.478 11651 11667 D BtGatt.GattService: onBatchScanReports() - clientIf=5, status=0, reportType=2, numRecords=0
02-09 11:56:14.478 11651 11667 D BtGatt.ScanManager: callback done for clientIf - 5 status - 0
02-09 11:56:14.479  1650  1650 D org.thaliproject.p2p.btconnectorlib.internal.bluetooth.le.BleScanner: onBatchScanResults: results count  = 0. Current thread: Thread[main,5,main], id: 1
02-09 11:56:14.614  1650  1700 I jxcore-log: 2017-02-09 08:56:14 - DEBUG thaliWifiInfrastructure: 'Emitting wifiPeerAvailabilityChanged {"peerIdentifier":"8f22327e-f36e-45f8-a158-debbb4347a43","generation":4,"hostAddress":"192.168.2.3","portNumber":46926}'
02-09 11:56:14.614  1650  1700 I jxcore-log: 
02-09 11:56:14.715  1650  1700 I jxcore-log: 2017-02-09 08:56:14 - DEBUG thaliWifiInfrastructure: 'Emitting wifiPeerAvailabilityChanged {"peerIdentifier":"7845c42d-6fbd-4b0f-a15c-b5ab2723b075","generation":3,"hostAddress":"192.168.2.5","portNumber":40461}'
02-09 11:56:14.715  1650  1700 I jxcore-log: 
02-09 11:56:14.961  1650  1700 I jxcore-log: 2017-02-09 08:56:14 - DEBUG thaliReplicationPeerAction: 'We called _complete with  but this is a second call and so we ignored it'
02-09 11:56:14.961  1650  1700 I jxcore-log: 
02-09 11:56:14.983 11651 11651 D BtGatt.ScanManager: awakened up at time 2065332582
02-09 11:56:14.984 11651 11670 D BtGatt.ScanManager: flushPendingBatchResults - clientIf = 5
02-09 11:56:14.988 11651 11667 D BtGatt.GattService: onBatchScanReports() - clientIf=5, status=0, reportType=2, numRecords=0
02-09 11:56:14.988 11651 11667 D BtGatt.ScanManager: callback done for clientIf - 5 status - 0
02-09 11:56:14.989  1650  1650 D org.thaliproject.p2p.btconnectorlib.internal.bluetooth.le.BleScanner: onBatchScanResults: results count  = 0. Current thread: Thread[main,5,main], id: 1
02-09 11:56:15.127  1650  1700 I jxcore-log: 2017-02-09 08:56:15 - DEBUG thaliWifiInfrastructure: 'Emitting wifiPeerAvailabilityChanged {"peerIdentifier":"8f22327e-f36e-45f8-a158-debbb4347a43","generation":4,"hostAddress":"192.168.2.3","portNumber":46926}'
02-09 11:56:15.127  1650  1700 I jxcore-log: 
02-09 11:56:15.231  1650  1700 I jxcore-log: 2017-02-09 08:56:15 - DEBUG thaliWifiInfrastructure: 'Emitting wifiPeerAvailabilityChanged {"peerIdentifier":"7845c42d-6fbd-4b0f-a15c-b5ab2723b075","generation":3,"hostAddress":"192.168.2.5","portNumber":40461}'
02-09 11:56:15.231  1650  1700 I jxcore-log: 
02-09 11:56:15.459  3901 11518 I ClearcutLoggerApiImpl: disconnect managed GoogleApiClient
02-09 11:56:15.597 11651 11674 W bt_sdp  : SDP - Rcvd conn cnf with error: 0x4  CID 0x47
02-09 11:56:15.597 11651 11676 E bt_btif_sock_rfcomm: find_rfc_slot_by_id unable to find RFCOMM slot id: 3821
02-09 11:56:15.597  1650  1756 E org.thaliproject.p2p.btconnectorlib.internal.bluetooth.BluetoothClientThread:  createSocketAndConnect: connect, read failed, socket might closed or timeout, read ret: -1
02-09 11:56:15.598  1650  1756 D org.thaliproject.p2p.btconnectorlib.internal.bluetooth.BluetoothClientThread: Failed to connect (tried 1 time(s)): read failed, socket might closed or timeout, read ret: -1 (thread ID: 945)
02-09 11:56:15.598  1650  1756 D org.thaliproject.p2p.btconnectorlib.internal.bluetooth.BluetoothClientThread: Maximum number of allowed retries (0) reached, giving up... (thread ID: 945)
02-09 11:56:15.598  1650  1756 E org.thaliproject.p2p.btconnectorlib.internal.bluetooth.BluetoothConnector: onConnectionFailed: Failed to connect (tried 1 time(s)): read failed, socket might closed or timeout, read ret: -1 (thread ID: 945)
02-09 11:56:15.599  1650  1756 I org.thaliproject.p2p.btconnectorlib.internal.bluetooth.BluetoothConnector: removeAndShutdownBluetoothClientThread: Thread ID: 945
02-09 11:56:15.599  1650  1650 W org.thaliproject.p2p.btconnectorlib.ConnectionManager: onConnectionFailed: Failed to connect to peer [BC:75:74:3A:BD:0F 6]: Failed to connect (tried 1 time(s)): read failed, socket might closed or timeout, read ret: -1
02-09 11:56:15.599  1650  1756 D org.thaliproject.p2p.btconnectorlib.internal.bluetooth.BluetoothConnector: shutdownBluetoothClientThread: Thread ID: 945
02-09 11:56:15.599  1650  1650 E io.jxcore.node.ConnectionHelper: onConnectionFailed: Peer properties: [BC:75:74:3A:BD:0F 6], error message: Failed to connect (tried 1 time(s)): read failed, socket might closed or timeout, read ret: -1
02-09 11:56:15.600  1650  1650 D io.jxcore.node.ConnectionModel: removeOutgoingConnectionCallback: Callback associated with Bluetooth MAC address "BC:75:74:3A:BD:0F" removed
02-09 11:56:15.600  1650  1650 I org.thaliproject.p2p.btconnectorlib.ConnectionManagerSettings: setInsecureRfcommSocketPortNumber: Will use port 1 when trying to connect
02-09 11:56:15.600  1650  1756 I org.thaliproject.p2p.btconnectorlib.internal.bluetooth.BluetoothClientThread: socketConnectSucceeded false
02-09 11:56:15.600  1650  1756 I org.thaliproject.p2p.btconnectorlib.internal.bluetooth.BluetoothClientThread: Exiting thread (thread ID: 945)
02-09 11:56:15.601  1650  1650 V org.thaliproject.p2p.btconnectorlib.internal.bluetooth.BluetoothConnector: setInsecureRfcommSocketPort: -1 -> 1
02-09 11:56:15.605  1650  1758 D org.thaliproject.p2p.btconnectorlib.internal.bluetooth.BluetoothClientThread: shutdown: Thread ID: 945
02-09 11:56:15.605  1650  1758 D org.thaliproject.p2p.btconnectorlib.internal.bluetooth.BluetoothClientThread: close
02-09 11:56:15.605  1650  1758 D org.thaliproject.p2p.btconnectorlib.internal.bluetooth.BluetoothClientThread: close: Trying to close the Bluetooth socket... (thread ID: 945)
02-09 11:56:15.605  1650  1758 D org.thaliproject.p2p.btconnectorlib.internal.bluetooth.BluetoothClientThread: close: Bluetooth socket closed (thread ID: 945)
02-09 11:56:15.608  1650  1700 I jxcore-log: 2017-02-09 08:56:15 - WARN createPeerListener: 'callNative for BC:75:74:3A:BD:0F failed with Connection to peer [BC:75:74:3A:BD:0F 6] failed: Failed to connect (tried 1 time(s)): read failed, socket might closed or timeout, read ret: -1'
02-09 11:56:15.608  1650  1700 I jxcore-log: 
02-09 11:56:15.610  1650  1700 I jxcore-log: 2017-02-09 08:56:15 - DEBUG makeIntoCloseAllServer: 'closeAll called on server'
02-09 11:56:15.610  1650  1700 I jxcore-log: 
02-09 11:56:15.612  1650  1700 I jxcore-log: 2017-02-09 08:56:15 - DEBUG createPeerListener: 'We are emitting failedConnection with error "Error: Connection to peer [BC:75:74:3A:BD:0F 6] failed: Failed to connect (tried 1 time(s)): read failed, socket might closed or timeout, read ret: -1" and peerIdentifier "BC:75:74:3A:BD:0F"'
02-09 11:56:15.612  1650  1700 I jxcore-log: 
02-09 11:56:15.614  1650  1700 I jxcore-log: 2017-02-09 08:56:15 - DEBUG thaliMobileNativeWrapper: 'Received peer availability changed event with {"peerIdentifier":"BC:75:74:3A:BD:0F","peerAvailable":false,"portNumber":null,"recreated":true}'
02-09 11:56:15.614  1650  1700 I jxcore-log: 
02-09 11:56:15.615  1650  1700 I jxcore-log: 2017-02-09 08:56:15 - DEBUG createPeerListener: 'Will try to recreate server for BC:75:74:3A:BD:0F'
02-09 11:56:15.615  1650  1700 I jxcore-log: 
02-09 11:56:15.618  1650  1700 I jxcore-log: 2017-02-09 08:56:15 - DEBUG thaliMobileNativeWrapper: 'handlePeerUnavailable - Emitting {"peerIdentifier":"BC:75:74:3A:BD:0F","peerAvailable":false,"generation":null,"portNumber":null,"recreated":true}'
02-09 11:56:15.618  1650  1700 I jxcore-log: 
02-09 11:56:15.620  1650  1700 I jxcore-log: 2017-02-09 08:56:15 - DEBUG thaliMobile: 'Emitting peerAvailabilityChanged from handleRecreatedPeer {"peerIdentifier":"BC:75:74:3A:BD:0F","connectionType":"AndroidBluetooth","peerAvailable":false,"generation":null,"newAddressPort":null}'
02-09 11:56:15.620  1650  1700 I jxcore-log: 
02-09 11:56:15.621  1650  1700 I jxcore-log: 2017-02-09 08:56:15 - WARN thaliNotificationClient: 'peer is not available'
02-09 11:56:15.621  1650  1700 I jxcore-log: 
02-09 11:56:15.622  1650  1700 I jxcore-log: 2017-02-09 08:56:15 - DEBUG thaliPeerAction: 'we couldn't destroy http agent explicitly'
02-09 11:56:15.622  1650  1700 I jxcore-log: 
02-09 11:56:15.625  1650  1700 I jxcore-log: 2017-02-09 08:56:15 - DEBUG createPeerListener: 'creating new server for BC:75:74:3A:BD:0F'
02-09 11:56:15.625  1650  1700 I jxcore-log: 
02-09 11:56:15.630  1650  1700 I jxcore-log: 2017-02-09 08:56:15 - DEBUG createPeerListener: 'Node TCP/IP listener (server) for BC:75:74:3A:BD:0F listening on 40555'
02-09 11:56:15.630  1650  1700 I jxcore-log: 
02-09 11:56:15.634  1650  1700 I jxcore-log: 2017-02-09 08:56:15 - DEBUG createPeerListener: 'We are emitting listenerRecreatedAfterFailure with peerIdentifier BC:75:74:3A:BD:0F and portNumber 40555'
02-09 11:56:15.634  1650  1700 I jxcore-log: 
02-09 11:56:15.635  1650  1700 I jxcore-log: 2017-02-09 08:56:15 - DEBUG thaliMobileNativeWrapper: 'listenerRecreatedAfterFailureHandler - We are emitting nonTCPPeerAvailabilityChangedEvent with peerIdentifier BC:75:74:3A:BD:0F, generation 6, and portNumber 40555'
02-09 11:56:15.635  1650  1700 I jxcore-log: 
02-09 11:56:15.636  1650  1700 I jxcore-log: 2017-02-09 08:56:15 - DEBUG thaliMobile: 'Emitting peerAvailabilityChanged from handleRecreatedPeer {"peerIdentifier":"BC:75:74:3A:BD:0F","connectionType":"AndroidBluetooth","peerAvailable":true,"generation":6,"newAddressPort":false}'
02-09 11:56:15.636  1650  1700 I jxcore-log: 
02-09 11:56:15.654  1650  1700 I jxcore-log: 2017-02-09 08:56:15 - DEBUG thaliWifiInfrastructure: 'Emitting wifiPeerAvailabilityChanged {"peerIdentifier":"8f22327e-f36e-45f8-a158-debbb4347a43","generation":4,"hostAddress":"192.168.2.3","portNumber":46926}'
02-09 11:56:15.654  1650  1700 I jxcore-log: 
02-09 11:56:15.656  1650  1700 I jxcore-log: 2017-02-09 08:56:15 - DEBUG createPeerListener: 'Issuing callNative for BC:75:74:3A:BD:0F'
02-09 11:56:15.656  1650  1700 I jxcore-log: 
02-09 11:56:15.660  1650  1700 D io.jxcore.node.JXcoreExtension: connect: BC:75:74:3A:BD:0F
02-09 11:56:15.660  1650  1700 I io.jxcore.node.ConnectionHelper: connect: Trying to connect to peer with ID BC:75:74:3A:BD:0F
02-09 11:56:15.661  1650  1700 I org.thaliproject.p2p.btconnectorlib.ConnectionManager: connect: [BC:75:74:3A:BD:0F 6]
02-09 11:56:15.662  1650  1700 I org.thaliproject.p2p.btconnectorlib.internal.bluetooth.BluetoothConnector: connect: Trying to start connecting to Nexus 6P in address BC:75:74:3A:BD:0F
02-09 11:56:15.663  1650  1700 I org.thaliproject.p2p.btconnectorlib.internal.bluetooth.BluetoothClientThread: setInsecureRfcommSocketPortNumber: Using port 1
02-09 11:56:15.663  1650  1700 I org.thaliproject.p2p.btconnectorlib.internal.bluetooth.BluetoothClientThread: setMaxNumberOfRetries: 0
02-09 11:56:15.663  1650  1700 I org.thaliproject.p2p.btconnectorlib.ConnectionManager: onConnecting: Nexus 6P BC:75:74:3A:BD:0F
02-09 11:56:15.663  1650  1700 D org.thaliproject.p2p.btconnectorlib.internal.bluetooth.BluetoothConnector: connect: Started connecting to Nexus 6P in address BC:75:74:3A:BD:0F
02-09 11:56:15.663  1650  1700 I io.jxcore.node.ConnectionHelper: connect: Connection process successfully started (peer ID: BC:75:74:3A:BD:0F)
02-09 11:56:15.664  1650  1759 I org.thaliproject.p2p.btconnectorlib.internal.bluetooth.BluetoothClientThread: Trying to connect to peer with address BC:75:74:3A:BD:0F (thread ID: 947)
02-09 11:56:15.664  1650  1759 D org.thaliproject.p2p.btconnectorlib.internal.bluetooth.BluetoothClientThread: tryToConnect:  socketConnectSucceeded = false, mIsShuttingDown = false
02-09 11:56:15.664  1650  1759 D org.thaliproject.p2p.btconnectorlib.internal.bluetooth.BluetoothClientThread:  createSocketAndConnect: socket closed
02-09 11:56:15.664  1650  1759 D org.thaliproject.p2p.btconnectorlib.internal.bluetooth.BluetoothClientThread:  createSocketAndConnect: given port
02-09 11:56:15.664  1650  1759 D org.thaliproject.p2p.btconnectorlib.internal.bluetooth.BluetoothUtils: createBluetoothSocketToServiceRecord: Socket created with channel/port 1
02-09 11:56:15.664  1650  1759 E org.thaliproject.p2p.btconnectorlib.internal.bluetooth.BluetoothClientThread:  createSocketAndConnect: connecting
02-09 11:56:15.664  1650  1759 W BluetoothAdapter: getBluetoothService() called with no BluetoothManagerCallback
02-09 11:56:15.742  1650  1700 I jxcore-log: 2017-02-09 08:56:15 - DEBUG thaliWifiInfrastructure: 'Emitting wifiPeerAvailabilityChanged {"peerIdentifier":"7845c42d-6fbd-4b0f-a15c-b5ab2723b075","generation":3,"hostAddress":"192.168.2.5","portNumber":40461}'
02-09 11:56:15.742  1650  1700 I jxcore-log: 
02-09 11:56:16.253  1650  1700 I jxcore-log: 2017-02-09 08:56:16 - DEBUG thaliWifiInfrastructure: 'Emitting wifiPeerAvailabilityChanged {"peerIdentifier":"7845c42d-6fbd-4b0f-a15c-b5ab2723b075","generation":3,"hostAddress":"192.168.2.5","portNumber":40461}'
02-09 11:56:16.253  1650  1700 I jxcore-log: 
02-09 11:56:16.718  1650  1700 I jxcore-log: 2017-02-09 08:56:16 - DEBUG thaliReplicationPeerAction: 'We called _complete with error: No activity time out  and it caused us to complete'
02-09 11:56:16.718  1650  1700 I jxcore-log: 
02-09 11:56:16.720  1650  1700 I jxcore-log: 2017-02-09 08:56:16 - DEBUG thaliPeerAction: 'we couldn't destroy http agent explicitly'
02-09 11:56:16.720  1650  1700 I jxcore-log: 
02-09 11:56:16.723  1650  1700 I jxcore-log: 2017-02-09 08:56:16 - DEBUG thaliReplicationPeerAction: 'We called _complete with  but this is a second call and so we ignored it'
02-09 11:56:16.723  1650  1700 I jxcore-log: 
02-09 11:56:16.732  1650  1700 I jxcore-log: 2017-02-09 08:56:16 - DEBUG thaliPeerPoolDefault: 'Got err   No activity time out'
02-09 11:56:16.732  1650  1700 I jxcore-log: 
02-09 11:56:16.766  1650  1700 I jxcore-log: 2017-02-09 08:56:16 - DEBUG thaliWifiInfrastructure: 'Emitting wifiPeerAvailabilityChanged {"peerIdentifier":"7845c42d-6fbd-4b0f-a15c-b5ab2723b075","generation":3,"hostAddress":"192.168.2.5","portNumber":40461}'
02-09 11:56:16.766  1650  1700 I jxcore-log: 
02-09 11:56:17.278  1650  1700 I jxcore-log: 2017-02-09 08:56:17 - DEBUG thaliWifiInfrastructure: 'Emitting wifiPeerAvailabilityChanged {"peerIdentifier":"7845c42d-6fbd-4b0f-a15c-b5ab2723b075","generation":3,"hostAddress":"192.168.2.5","portNumber":40461}'
02-09 11:56:17.278  1650  1700 I jxcore-log: 
02-09 11:56:17.792  1650  1700 I jxcore-log: 2017-02-09 08:56:17 - DEBUG thaliWifiInfrastructure: 'Emitting wifiPeerAvailabilityChanged {"peerIdentifier":"7845c42d-6fbd-4b0f-a15c-b5ab2723b075","generation":3,"hostAddress":"192.168.2.5","portNumber":40461}'
02-09 11:56:17.792  1650  1700 I jxcore-log: 
02-09 11:56:18.199  1650  1700 I jxcore-log: 2017-02-09 08:56:18 - DEBUG thaliWifiInfrastructure: 'Emitting wifiPeerAvailabilityChanged {"peerIdentifier":"7845c42d-6fbd-4b0f-a15c-b5ab2723b075","generation":3,"hostAddress":"192.168.2.5","portNumber":40461}'
02-09 11:56:18.199  1650  1700 I jxcore-log: 
02-09 11:56:18.609  1650  1700 I jxcore-log: 2017-02-09 08:56:18 - DEBUG thaliMobile: 'Emitting peerAvailabilityChanged from emitPeerUnavailable {"peerIdentifier":"8f22327e-f36e-45f8-a158-debbb4347a43","connectionType":"tcp","peerAvailable":false,"generation":null,"newAddressPort":null}'
02-09 11:56:18.609  1650  1700 I jxcore-log: 
02-09 11:56:18.610  1650  1700 I jxcore-log: 2017-02-09 08:56:18 - WARN thaliNotificationClient: 'peer is not available'
02-09 11:56:18.610  1650  1700 I jxcore-log: 
02-09 11:56:18.712  1650  1700 I jxcore-log: 2017-02-09 08:56:18 - DEBUG thaliWifiInfrastructure: 'Emitting wifiPeerAvailabilityChanged {"peerIdentifier":"7845c42d-6fbd-4b0f-a15c-b5ab2723b075","generation":3,"hostAddress":"192.168.2.5","portNumber":40461}'
02-09 11:56:18.712  1650  1700 I jxcore-log: 
02-09 11:56:19.121  1650  1700 I jxcore-log: 2017-02-09 08:56:19 - DEBUG thaliWifiInfrastructure: 'Emitting wifiPeerAvailabilityChanged {"peerIdentifier":"8f22327e-f36e-45f8-a158-debbb4347a43","generation":4,"hostAddress":"192.168.2.3","portNumber":46926}'
02-09 11:56:19.121  1650  1700 I jxcore-log: 
02-09 11:56:19.124  1650  1700 I jxcore-log: 2017-02-09 08:56:19 - DEBUG thaliMobile: 'Emitting peerAvailabilityChanged from handlePeer {"peerIdentifier":"8f22327e-f36e-45f8-a158-debbb4347a43","connectionType":"tcp","peerAvailable":true,"generation":4,"newAddressPort":false}'
02-09 11:56:19.124  1650  1700 I jxcore-log: 
02-09 11:56:19.262  1650  1700 I jxcore-log: 2017-02-09 08:56:19 - DEBUG thaliPeerAction: 'we couldn't destroy http agent explicitly'
02-09 11:56:19.262  1650  1700 I jxcore-log: 
02-09 11:56:19.307  1650  1700 I jxcore-log: 2017-02-09 08:56:19 - DEBUG thaliWifiInfrastructure: 'Emitting wifiPeerAvailabilityChanged {"peerIdentifier":"7845c42d-6fbd-4b0f-a15c-b5ab2723b075","generation":3,"hostAddress":"192.168.2.5","portNumber":40461}'
02-09 11:56:19.307  1650  1700 I jxcore-log: 
02-09 11:56:19.633  1650  1700 I jxcore-log: 2017-02-09 08:56:19 - DEBUG thaliWifiInfrastructure: 'Emitting wifiPeerAvailabilityChanged {"peerIdentifier":"8f22327e-f36e-45f8-a158-debbb4347a43","generation":4,"hostAddress":"192.168.2.3","portNumber":46926}'
02-09 11:56:19.633  1650  1700 I jxcore-log: 
02-09 11:56:19.681  1650  1700 I jxcore-log: 2017-02-09 08:56:19 - DEBUG thaliReplicationPeerAction: 'Got paused with -  '
02-09 11:56:19.681  1650  1700 I jxcore-log: 
02-09 11:56:19.836  1650  1700 I jxcore-log: 2017-02-09 08:56:19 - DEBUG thaliWifiInfrastructure: 'Emitting wifiPeerAvailabilityChanged {"peerIdentifier":"7845c42d-6fbd-4b0f-a15c-b5ab2723b075","generation":3,"hostAddress":"192.168.2.5","portNumber":40461}'
02-09 11:56:19.836  1650  1700 I jxcore-log: 
02-09 11:56:19.995 11651 11651 D BtGatt.ScanManager: awakened up at time 2065337595
02-09 11:56:19.997 11651 11674 D bt_btm_pm: btm_pm_snd_md_req switching from ACTIVE to SNIFF.
02-09 11:56:20.001 11651 11670 D BtGatt.ScanManager: flushPendingBatchResults - clientIf = 5
02-09 11:56:20.015 11651 11667 D BtGatt.GattService: onBatchScanReports() - clientIf=5, status=0, reportType=2, numRecords=0
02-09 11:56:20.015 11651 11667 D BtGatt.ScanManager: callback done for clientIf - 5 status - 0
02-09 11:56:20.016  1650  1650 D org.thaliproject.p2p.btconnectorlib.internal.bluetooth.le.BleScanner: onBatchScanResults: results count  = 0. Current thread: Thread[main,5,main], id: 1
02-09 11:56:20.181 11651 11674 D bt_btm_pm: btm_pm_proc_mode_change switched from UNKNOWN to SNIFF.
02-09 11:56:20.349  1650  1700 I jxcore-log: 2017-02-09 08:56:20 - DEBUG thaliWifiInfrastructure: 'Emitting wifiPeerAvailabilityChanged {"peerIdentifier":"7845c42d-6fbd-4b0f-a15c-b5ab2723b075","generation":3,"hostAddress":"192.168.2.5","portNumber":40461}'
02-09 11:56:20.349  1650  1700 I jxcore-log: 
02-09 11:56:20.656  1650  1700 I jxcore-log: 2017-02-09 08:56:20 - DEBUG thaliWifiInfrastructure: 'Emitting wifiPeerAvailabilityChanged {"peerIdentifier":"8f22327e-f36e-45f8-a158-debbb4347a43","generation":4,"hostAddress":"192.168.2.3","portNumber":46926}'
02-09 11:56:20.656  1650  1700 I jxcore-log: 
02-09 11:56:20.794 11651 11674 W bt_sdp  : SDP - Rcvd conn cnf with error: 0x4  CID 0x49
02-09 11:56:20.794 11651 11676 E bt_btif_sock_rfcomm: find_rfc_slot_by_id unable to find RFCOMM slot id: 3822
02-09 11:56:20.795  1650  1759 E org.thaliproject.p2p.btconnectorlib.internal.bluetooth.BluetoothClientThread:  createSocketAndConnect: connect, read failed, socket might closed or timeout, read ret: -1
02-09 11:56:20.795  1650  1759 D org.thaliproject.p2p.btconnectorlib.internal.bluetooth.BluetoothClientThread:  createSocketAndConnect: socket closed
02-09 11:56:20.795  1650  1759 D org.thaliproject.p2p.btconnectorlib.internal.bluetooth.BluetoothClientThread:  createSocketAndConnect: SYSTEM_DECIDED_INSECURE_RFCOMM_SOCKET_PORT
02-09 11:56:20.799  1650  1759 E org.thaliproject.p2p.btconnectorlib.internal.bluetooth.BluetoothClientThread:  createSocketAndConnect: connecting
02-09 11:56:20.799  1650  1759 W BluetoothAdapter: getBluetoothService() called with no BluetoothManagerCallback
02-09 11:56:20.815 11651 11651 D BtGatt.ScanManager: awakened up at time 2065338415
02-09 11:56:20.817 11651 11670 D BtGatt.ScanManager: flushPendingBatchResults - clientIf = 5
02-09 11:56:20.830 11651 11667 D BtGatt.GattService: onBatchScanReports() - clientIf=5, status=0, reportType=2, numRecords=0
02-09 11:56:20.831 11651 11667 D BtGatt.ScanManager: callback done for clientIf - 5 status - 0
02-09 11:56:20.833  1650  1650 D org.thaliproject.p2p.btconnectorlib.internal.bluetooth.le.BleScanner: onBatchScanResults: results count  = 0. Current thread: Thread[main,5,main], id: 1
02-09 11:56:20.860  1650  1700 I jxcore-log: 2017-02-09 08:56:20 - DEBUG thaliWifiInfrastructure: 'Emitting wifiPeerAvailabilityChanged {"peerIdentifier":"7845c42d-6fbd-4b0f-a15c-b5ab2723b075","generation":3,"hostAddress":"192.168.2.5","portNumber":40461}'
02-09 11:56:20.860  1650  1700 I jxcore-log: 
02-09 11:56:21.373  1650  1700 I jxcore-log: 2017-02-09 08:56:21 - DEBUG thaliWifiInfrastructure: 'Emitting wifiPeerAvailabilityChanged {"peerIdentifier":"7845c42d-6fbd-4b0f-a15c-b5ab2723b075","generation":3,"hostAddress":"192.168.2.5","portNumber":40461}'
02-09 11:56:21.373  1650  1700 I jxcore-log: 
02-09 11:56:21.886  1650  1700 I jxcore-log: 2017-02-09 08:56:21 - DEBUG thaliWifiInfrastructure: 'Emitting wifiPeerAvailabilityChanged {"peerIdentifier":"7845c42d-6fbd-4b0f-a15c-b5ab2723b075","generation":3,"hostAddress":"192.168.2.5","portNumber":40461}'
02-09 11:56:21.886  1650  1700 I jxcore-log: 
02-09 11:56:22.192  1650  1700 I jxcore-log: 2017-02-09 08:56:22 - DEBUG thaliWifiInfrastructure: 'Emitting wifiPeerAvailabilityChanged {"peerIdentifier":"8f22327e-f36e-45f8-a158-debbb4347a43","generation":4,"hostAddress":"192.168.2.3","portNumber":46926}'
02-09 11:56:22.192  1650  1700 I jxcore-log: 
02-09 11:56:22.283  1650  1700 I jxcore-log: 2017-02-09 08:56:22 - DEBUG thaliReplicationPeerAction: 'We called _complete with error: No activity time out  and it caused us to complete'
02-09 11:56:22.283  1650  1700 I jxcore-log: 
02-09 11:56:22.284  1650  1700 I jxcore-log: 2017-02-09 08:56:22 - DEBUG thaliPeerAction: 'we couldn't destroy http agent explicitly'
02-09 11:56:22.284  1650  1700 I jxcore-log: 
02-09 11:56:22.288  1650  1700 I jxcore-log: 2017-02-09 08:56:22 - DEBUG thaliReplicationPeerAction: 'We called _complete with  but this is a second call and so we ignored it'
02-09 11:56:22.288  1650  1700 I jxcore-log: 
02-09 11:56:22.299  1650  1700 I jxcore-log: 2017-02-09 08:56:22 - DEBUG thaliPeerPoolDefault: 'Got err   No activity time out'
02-09 11:56:22.299  1650  1700 I jxcore-log: 
02-09 11:56:22.395  1650  1700 I jxcore-log: 2017-02-09 08:56:22 - DEBUG thaliWifiInfrastructure: 'Emitting wifiPeerAvailabilityChanged {"peerIdentifier":"7845c42d-6fbd-4b0f-a15c-b5ab2723b075","generation":3,"hostAddress":"192.168.2.5","portNumber":40461}'
02-09 11:56:22.395  1650  1700 I jxcore-log: 
02-09 11:56:22.704  1650  1700 I jxcore-log: 2017-02-09 08:56:22 - DEBUG thaliWifiInfrastructure: 'Emitting wifiPeerAvailabilityChanged {"peerIdentifier":"8f22327e-f36e-45f8-a158-debbb4347a43","generation":4,"hostAddress":"192.168.2.3","portNumber":46926}'
02-09 11:56:22.704  1650  1700 I jxcore-log: 
02-09 11:56:22.911  1650  1700 I jxcore-log: 2017-02-09 08:56:22 - DEBUG thaliWifiInfrastructure: 'Emitting wifiPeerAvailabilityChanged {"peerIdentifier":"7845c42d-6fbd-4b0f-a15c-b5ab2723b075","generation":3,"hostAddress":"192.168.2.5","portNumber":40461}'
02-09 11:56:22.911  1650  1700 I jxcore-log: 
02-09 11:56:23.012 11651 11651 D BtGatt.ScanManager: awakened up at time 2065340612
02-09 11:56:23.014 11651 11674 W bt_btif : bta_dm_acl_change info: 0x10
02-09 11:56:23.019 11651 11670 D BtGatt.ScanManager: flushPendingBatchResults - clientIf = 5
02-09 11:56:23.018 11651 11667 D bt_btif_dm: remote version info [bc:75:74:3a:bd:0f]: 0, 0, 0
02-09 11:56:23.024 11651 11667 E BluetoothRemoteDevices: state12newState0
02-09 11:56:23.034 13988 13988 I BTConnectionReceiver: onReceive(context, Intent { act=android.bluetooth.device.action.ACL_CONNECTED flg=0x4000010 cmp=com.google.android.googlequicksearchbox/com.google.android.search.core.service.BluetoothConnectionReceiver (has extras) }, [BluetoothDevice: address=BC:75:74:3A:BD:0F, alias=null, name=Nexus 6P, majorDeviceClass=512, deviceClass=524]
02-09 11:56:23.035 13988 13988 I BluetoothClassifier: Bluetooth Device Name: Nexus 6P
02-09 11:56:23.040 11651 11667 D BtGatt.GattService: onBatchScanReports() - clientIf=5, status=0, reportType=2, numRecords=0
02-09 11:56:23.040 11651 11667 D BtGatt.ScanManager: callback done for clientIf - 5 status - 0
02-09 11:56:23.041  1650  1650 D org.thaliproject.p2p.btconnectorlib.internal.bluetooth.le.BleScanner: onBatchScanResults: results count  = 0. Current thread: Thread[main,5,main], id: 1
02-09 11:56:23.065 11651 11674 W bt_sdp  : process_service_search_attr_rsp
02-09 11:56:23.111  1650  1700 I jxcore-log: 2017-02-09 0