Android device log.
  2017-02-09T08:55:26.284Z
  Device info:
  {
    "id": "ENU7N16425000206",
    "type": "device",
    "usb": "1-1",
    "product": "angler",
    "model": "Nexus_6P",
    "device": "angler"
}
================================================================================

--------- beginning of main
02-09 11:55:26.773   920 25998 D NetlinkSocketObserver: NeighborEvent{elapsedMs=6050692730, 192.168.2.1, [129ADDB5B164], RTM_NEWNEIGH, NUD_STALE}
02-09 11:55:27.691 12725 12725 I ServiceManager: Waiting for service AtCmdFwd...
02-09 11:55:28.154 13090 13090 D AndroidRuntime: >>>>>> START com.android.internal.os.RuntimeInit uid 2000 <<<<<<
02-09 11:55:28.160 13090 13090 D AndroidRuntime: CheckJNI is OFF
02-09 11:55:28.189 13090 13090 D ICU     : No timezone override file found: /data/misc/zoneinfo/current/icu/icu_tzdata.dat
02-09 11:55:28.225 13090 13090 I Radio-JNI: register_android_hardware_Radio DONE
02-09 11:55:28.242 13090 13090 D AndroidRuntime: Calling main entry com.android.commands.am.Am
--------- beginning of system
02-09 11:55:28.246   920  6030 I ActivityManager: START u0 {flg=0x10000000 cmp=com.test.thalitest/.MainActivity} from uid 2000 on display 0
02-09 11:55:28.281 11683 13013 W SearchService: Abort, client detached.
02-09 11:55:28.284 13090 13090 D AndroidRuntime: Shutting down VM
02-09 11:55:28.287 11683 11683 I HotwordDetector: Closing mic
02-09 11:55:28.288 11683 12856 I MicrophoneInputStream: mic_close com.google.android.apps.gsa.speech.audio.x@ae9ea9e
02-09 11:55:28.291 11683 12861 E AudioRecord-JNI: Error -4 during AudioRecord native read
02-09 11:55:28.315   920 30158 I ActivityManager: Start proc 13099:com.test.thalitest/u0a475 for activity com.test.thalitest/.MainActivity
02-09 11:55:28.369   510 12863 D audio_hw_primary: disable_audio_route: reset and update mixer path: audio-record
02-09 11:55:28.370   510 12863 D audio_hw_primary: disable_snd_device: snd_device(61: voice-rec-mic)
02-09 11:55:28.374   510 12863 I soundtrigger: audio_extn_sound_trigger_update_device_status: device 0x3d of type 1 for Event 0
02-09 11:55:28.374   510 12863 D sound_trigger_platform: platform_stdev_check_and_update_concurrency: concurrency active 0, tx 0, rx 0, concurrency session_allowed 1
02-09 11:55:28.375   510  3103 I SoundTriggerHwService::Module: void android::SoundTriggerHwService::Module::onCallbackEvent(const android::sp<android::SoundTriggerHwService::CallbackEvent>&) mClient == 0
02-09 11:55:28.376 11683 12857 I MicroRecognitionRnrImpl: Stopping hotword detection.
02-09 11:55:28.376 11683 12859 I MicroRecognitionRnrImpl: Detection finished
02-09 11:55:28.395   920 30158 D WifiService: acquireWifiLockLocked: WifiLock{NlpWifiLock type=2 binder=android.os.BinderProxy@47d66e7}
02-09 11:55:28.414   920   930 D WifiService: releaseWifiLockLocked: WifiLock{NlpWifiLock type=2 binder=android.os.BinderProxy@47d66e7}
02-09 11:55:28.427 13099 13099 I CordovaLog: Changing log level to DEBUG(3)
02-09 11:55:28.427 13099 13099 I CordovaActivity: Apache Cordova native platform version 6.0.0 is starting
02-09 11:55:28.427 13099 13099 D CordovaActivity: CordovaActivity.onCreate()
02-09 11:55:28.432 13099 13099 I WebViewFactory: Loading com.google.android.webview version 44.0.2403.117 (code 246011750)
02-09 11:55:28.461 13099 13099 W System  : ClassLoader referenced unknown path: /system/app/WebViewGoogle/lib/arm
02-09 11:55:28.466 13099 13099 I LibraryLoader: Time to load native libraries: 2 ms (timestamps 723-725)
02-09 11:55:28.467 13099 13099 I LibraryLoader: Expected native library version number "",actual native library version number ""
02-09 11:55:28.475 13099 13099 V WebViewChromiumFactoryProvider: Binding Chromium to main looper Looper (main, tid 1) {e0636a9}
02-09 11:55:28.476 13099 13099 I LibraryLoader: Expected native library version number "",actual native library version number ""
02-09 11:55:28.476 13099 13099 I chromium: [INFO:library_loader_hooks.cc(120)] Chromium logging enabled: level = 0, default verbosity = 0
02-09 11:55:28.479 13099 13099 I BrowserStartupController: Initializing chromium process, singleProcess=true
02-09 11:55:28.480 13099 13099 E SysUtils: ApplicationContext is null in ApplicationStatus
02-09 11:55:28.489 13099 13099 W chromium: [WARNING:resource_bundle.cc(285)] locale_file_path.empty()
02-09 11:55:28.497 13099 13099 E libEGL  : validate_display:255 error 3008 (EGL_BAD_DISPLAY)
02-09 11:55:28.497 13099 13099 E libEGL  : validate_display:255 error 3008 (EGL_BAD_DISPLAY)
02-09 11:55:28.497 13099 13099 I Adreno  : QUALCOMM build                   : 63c06b2, I8366cd0437
02-09 11:55:28.497 13099 13099 I Adreno  : Build Date                       : 10/21/15
02-09 11:55:28.497 13099 13099 I Adreno  : OpenGL ES Shader Compiler Version: XE031.05.13.02
02-09 11:55:28.497 13099 13099 I Adreno  : Local Branch                     : 
02-09 11:55:28.497 13099 13099 I Adreno  : Remote Branch                    : quic/LA.BF64.1.2.9_v2
02-09 11:55:28.497 13099 13099 I Adreno  : Remote Branch                    : NONE
02-09 11:55:28.497 13099 13099 I Adreno  : Reconstruct Branch               : NOTHING
02-09 11:55:28.530   920   937 D BluetoothManagerService: Added callback: android.bluetooth.IBluetoothManagerCallback$Stub$Proxy@956702c:true
02-09 11:55:28.557 13099 13099 W AwContents: onDetachedFromWindow called when already detached. Ignoring
02-09 11:55:28.564 13099 13099 D SystemWebViewEngine: CordovaWebView is running on device made by: Huawei
02-09 11:55:28.568 13099 13099 D PluginManager: init()
02-09 11:55:28.570 13099 13099 D CordovaWebViewImpl: >>> loadUrl(file:///android_asset/www/index.html)
02-09 11:55:28.582 13099 13099 D CordovaActivity: Started the activity.
02-09 11:55:28.582 13099 13099 D CordovaActivity: Resumed the activity.
02-09 11:55:28.587 13099 13143 D OpenGLRenderer: Use EGL_SWAP_BEHAVIOR_PRESERVED: true
02-09 11:55:28.591 13099 13128 W chromium: [WARNING:data_reduction_proxy_config.cc(423)] SPDY proxy OFF at startup
02-09 11:55:28.615 13099 13143 I OpenGLRenderer: Initialized EGL, version 1.4
02-09 11:55:28.678   920   938 I ActivityManager: Displayed com.test.thalitest/.MainActivity: +391ms
02-09 11:55:28.679  3525  3525 I Keyboard.Facilitator: onFinishInput()
02-09 11:55:28.681 13099 13099 D CordovaWebViewImpl: onPageDidNavigate(file:///android_asset/www/index.html)
02-09 11:55:28.683 13099 13099 W BindingManager: Cannot call determinedVisibility() - never saw a connection for the pid: 13099
02-09 11:55:28.691 12725 12725 I ServiceManager: Waiting for service AtCmdFwd...
02-09 11:55:28.708 13099 13099 D JsMessageQueue: Set native->JS mode to EvalBridgeMode
02-09 11:55:28.834 13136 13136 D AndroidRuntime: >>>>>> START com.android.internal.os.RuntimeInit uid 2000 <<<<<<
02-09 11:55:28.837 13099 13144 D jxcore_app_log: JniHelper::setJavaVM(0xf4f7c000), pthread_self() = -562034384
02-09 11:55:28.838 13136 13136 D AndroidRuntime: CheckJNI is OFF
02-09 11:55:28.840 13099 13144 V org.thaliproject.p2p.btconnectorlib.ConnectionManagerSettings: load: 
02-09 11:55:28.840 13099 13144 V org.thaliproject.p2p.btconnectorlib.ConnectionManagerSettings:     - Connection timeout in milliseconds: 15000
02-09 11:55:28.840 13099 13144 V org.thaliproject.p2p.btconnectorlib.ConnectionManagerSettings:     - Insecure RFCOMM socket port number: -1
02-09 11:55:28.840 13099 13144 V org.thaliproject.p2p.btconnectorlib.ConnectionManagerSettings:     - Maximum number of connection attempt retries: 0
02-09 11:55:28.840 13099 13144 V org.thaliproject.p2p.btconnectorlib.ConnectionManagerSettings:     - Handshake required: true
02-09 11:55:28.840 13099 13144 V org.thaliproject.p2p.btconnectorlib.ConnectionManagerSettings: addListener: Listener org.thaliproject.p2p.btconnectorlib.ConnectionManager@d2ab052 added. We now have 1 listener(s)
02-09 11:55:28.841 13099 13144 V org.thaliproject.p2p.btconnectorlib.DiscoveryManagerSettings: addListener: Listener org.thaliproject.p2p.btconnectorlib.ConnectionManager@d2ab052 added. We now have 1 listener(s)
02-09 11:55:28.841 13099 13144 V org.thaliproject.p2p.btconnectorlib.DiscoveryManagerSettings: load: 
02-09 11:55:28.841 13099 13144 V org.thaliproject.p2p.btconnectorlib.DiscoveryManagerSettings:     - Automate Bluetooth MAC address resolution: true
02-09 11:55:28.841 13099 13144 V org.thaliproject.p2p.btconnectorlib.DiscoveryManagerSettings:     - Provide Bluetooth MAC address timeout in milliseconds: 40000
02-09 11:55:28.841 13099 13144 V org.thaliproject.p2p.btconnectorlib.DiscoveryManagerSettings:     - Bluetooth MAC address: null
02-09 11:55:28.841 13099 13144 V org.thaliproject.p2p.btconnectorlib.DiscoveryManagerSettings:     - Discovery mode: BLE
02-09 11:55:28.841 13099 13144 V org.thaliproject.p2p.btconnectorlib.DiscoveryManagerSettings:     - Peer expiration time in milliseconds: 60000
02-09 11:55:28.841 13099 13144 V org.thaliproject.p2p.btconnectorlib.DiscoveryManagerSettings:     - Manufacturer ID: 76
02-09 11:55:28.841 13099 13144 V org.thaliproject.p2p.btconnectorlib.DiscoveryManagerSettings:     - Beacon ad length and type: 533
02-09 11:55:28.841 13099 13144 V org.thaliproject.p2p.btconnectorlib.DiscoveryManagerSettings:     - Beacon ad extra information: 256
02-09 11:55:28.841 13099 13144 V org.thaliproject.p2p.btconnectorlib.DiscoveryManagerSettings:     - Advertisement data type: DO_NOT_CARE
02-09 11:55:28.841 13099 13144 V org.thaliproject.p2p.btconnectorlib.DiscoveryManagerSettings:     - Advertise mode: 1
02-09 11:55:28.841 13099 13144 V org.thaliproject.p2p.btconnectorlib.DiscoveryManagerSettings:     - Advertise TX power level: 2
02-09 11:55:28.841 13099 13144 V org.thaliproject.p2p.btconnectorlib.DiscoveryManagerSettings:     - Scan mode: 1
02-09 11:55:28.841 13099 13144 V org.thaliproject.p2p.btconnectorlib.DiscoveryManagerSettings:     - Scan report delay in milliseconds: 500
02-09 11:55:28.843 13099 13144 I org.thaliproject.p2p.btconnectorlib.DiscoveryManagerSettings: setBluetoothMacAddress: BC:75:74:3A:BD:0F
02-09 11:55:28.844 13099 13144 D org.thaliproject.p2p.btconnectorlib.internal.AbstractBluetoothConnectivityAgent: verifyIdentityString: One or more of the following values are invalid: ", Bluetooth MAC address: "BC:75:74:3A:BD:0F"Peer extra info: "256
02-09 11:55:28.844 13099 13144 D org.thaliproject.p2p.btconnectorlib.internal.bluetooth.BluetoothConnector: BluetoothConnector: Bluetooth name: Thali_Bluetooth, service record UUID: fa87c0d0-afac-11de-8a39-0800200c9a66
02-09 11:55:28.844 13099 13144 D org.thaliproject.p2p.btconnectorlib.internal.bluetooth.BluetoothConnector: setIdentityString: 
02-09 11:55:28.846 13099 13144 V org.thaliproject.p2p.btconnectorlib.DiscoveryManagerSettings: load: Already loaded
02-09 11:55:28.846 13099 13144 V org.thaliproject.p2p.btconnectorlib.DiscoveryManagerSettings: addListener: Listener org.thaliproject.p2p.btconnectorlib.DiscoveryManager@7b909d9 added. We now have 2 listener(s)
02-09 11:55:28.846 13099 13144 D org.thaliproject.p2p.btconnectorlib.utils.PeerModel: addListener: New listener added - the number of listeners is now 1
02-09 11:55:28.848   920  3048 D WifiService: New client listening to asynchronous messages
02-09 11:55:28.849 13099 13144 I org.thaliproject.p2p.btconnectorlib.DiscoveryManagerSettings: setDiscoveryMode: Discovery mode BLE is supported
02-09 11:55:28.849 13099 13144 I org.thaliproject.p2p.btconnectorlib.DiscoveryManagerSettings: setManufacturerId: 76 -> 49011
02-09 11:55:28.849 13099 13144 D org.thaliproject.p2p.btconnectorlib.DiscoveryManager: onAdvertiseScanSettingsChanged: Current thread: Thread[JavaBridge,5,main], id: 5719
02-09 11:55:28.849 13099 13144 I org.thaliproject.p2p.btconnectorlib.DiscoveryManagerSettings: setAdvertiseScanModeAndTxPowerLevel: Advertise mode: 1 -> 2
02-09 11:55:28.849 13099 13144 I org.thaliproject.p2p.btconnectorlib.DiscoveryManagerSettings: setAdvertiseScanModeAndTxPowerLevel: Advertise TX power level: 2 -> 3
02-09 11:55:28.849 13099 13144 I org.thaliproject.p2p.btconnectorlib.DiscoveryManagerSettings: setAdvertiseScanModeAndTxPowerLevel: Scan mode: 1 -> 2
02-09 11:55:28.849 13099 13144 D org.thaliproject.p2p.btconnectorlib.DiscoveryManager: onAdvertiseScanSettingsChanged: Current thread: Thread[JavaBridge,5,main], id: 5719
02-09 11:55:28.851 13099 13144 I org.thaliproject.p2p.btconnectorlib.internal.bluetooth.BluetoothManager: bind: Binding a new listener
02-09 11:55:28.851 13099 13144 I org.thaliproject.p2p.btconnectorlib.internal.bluetooth.BluetoothManager: initialize: My bluetooth address is BC:75:74:3A:BD:0F
02-09 11:55:28.855 13099 13144 V org.thaliproject.p2p.btconnectorlib.internal.bluetooth.BluetoothManager: Checking support for multiple advertisement: Storing the value (SUPPORTED) in persistent storage
02-09 11:55:28.855 13099 13144 V io.jxcore.node.ConnectivityMonitor: updateConnectivityInfo: FORCED notification:
02-09 11:55:28.855 13099 13144 V io.jxcore.node.ConnectivityMonitor:     - is Wi-Fi Direct supported: true
02-09 11:55:28.855 13099 13144 V io.jxcore.node.ConnectivityMonitor:     - is Bluetooth LE multiple advertisement supported: SUPPORTED
02-09 11:55:28.855 13099 13144 V io.jxcore.node.ConnectivityMonitor:     - is Wi-Fi enabled: true
02-09 11:55:28.855 13099 13144 V io.jxcore.node.ConnectivityMonitor:     - is Bluetooth enabled: true
02-09 11:55:28.855 13099 13144 V io.jxcore.node.ConnectivityMonitor:     - BSSID name: 70:cd:60:ff:5a:07
02-09 11:55:28.855 13099 13144 V io.jxcore.node.ConnectivityMonitor:     - SSID name: "T"
02-09 11:55:28.855 13099 13144 V io.jxcore.node.ConnectivityMonitor:     - is connected/connecting to active network: true
02-09 11:55:28.855 13099 13144 V io.jxcore.node.ConnectivityMonitor:     - active network type is Wi-Fi: true
02-09 11:55:28.855 13099 13144 D io.jxcore.node.JXcoreExtension: notifyNetworkChanged: Not registered for event "networkChanged" and will not notify, in JS call method "didRegisterToNative" with argument "networkChanged" to register
02-09 11:55:28.855 13099 13144 D io.jxcore.node.ConnectivityMonitor: start: OK
02-09 11:55:28.856 13099 13144 I io.jxcore.node.LifeCycleMonitor: start: OK
02-09 11:55:28.865 13136 13136 D ICU     : No timezone override file found: /data/misc/zoneinfo/current/icu/icu_tzdata.dat
02-09 11:55:28.889 13136 13136 I Radio-JNI: register_android_hardware_Radio DONE
02-09 11:55:28.905 13136 13136 D AndroidRuntime: Calling main entry com.android.commands.pm.Pm
02-09 11:55:28.909 13136 13136 I art     : System.exit called, status: 0
02-09 11:55:28.909 13136 13136 I AndroidRuntime: VM exiting with result code 0.
02-09 11:55:28.909  3878  4048 V GmsNetworkLocationProvi: onSetRequest: ProviderRequestUnbundled, reportLocation is true and interval is 86400000
02-09 11:55:28.909  3878  3878 V GmsNetworkLocationProvi: SET-REQUEST
02-09 11:55:28.909  3878  3878 V GmsNetworkLocationProvi: in Handler: ProviderRequestUnbundled, reportLocation is true and interval is 86400000
02-09 11:55:28.963 13099 13099 V io.jxcore.node.ConnectivityMonitor: updateConnectivityInfo: No relevant state changes
02-09 11:55:28.966 13099 13099 V io.jxcore.node.ConnectivityMonitor: updateConnectivityInfo: No relevant state changes
02-09 11:55:28.968 13099 13099 V io.jxcore.node.ConnectivityMonitor: updateConnectivityInfo: No relevant state changes
02-09 11:55:28.969 13099 13099 D CordovaWebViewImpl: onPageFinished(file:///android_asset/www/index.html)
02-09 11:55:28.971 13099 13099 D SystemWebChromeClient: file:///android_asset/www/js/index.js: Line 36 : Uncaught TypeError: Cannot read property 'querySelector' of null
02-09 11:55:28.971 13099 13099 I chromium: [INFO:CONSOLE(36)] "Uncaught TypeError: Cannot read property 'querySelector' of null", source: file:///android_asset/www/js/index.js (36)
02-09 11:55:29.689 13099 13153 W jxcore-log: Initializing JXcore engine
02-09 11:55:29.689 13099 13153 W jxcore-log: JXcore engine is ready
02-09 11:55:29.692 12725 12725 W Atfwd_Sendcmd: AtCmdFwd service not published, waiting... retryCnt : 2
02-09 11:55:29.709 13153 13153 W Thread-5726: type=1400 audit(0.0:17666): avc: denied { ioctl } for path="/dev/pmsg0" dev="tmpfs" ino=12556 ioctlcmd=5451 scontext=u:r:untrusted_app:s0:c512,c768 tcontext=u:object_r:pmsg_device:s0 tclass=chr_file permissive=0
02-09 11:55:29.709 13153 13153 W Thread-5726: type=1400 audit(0.0:17667): avc: denied { ioctl } for path="socket:[16393]" dev="sockfs" ino=16393 ioctlcmd=5451 scontext=u:r:untrusted_app:s0:c512,c768 tcontext=u:r:zygote:s0 tclass=unix_dgram_socket permissive=0
02-09 11:55:29.709 13153 13153 W Thread-5726: type=1400 audit(0.0:17668): avc: denied { ioctl } for path="/sys/kernel/debug/tracing/trace_marker" dev="debugfs" ino=5964 ioctlcmd=5451 scontext=u:r:untrusted_app:s0:c512,c768 tcontext=u:object_r:debugfs:s0 tclass=file permissive=0
02-09 11:55:29.709 13153 13153 W Thread-5726: type=1400 audit(0.0:17669): avc: denied { ioctl } for path="socket:[8289542]" dev="sockfs" ino=8289542 ioctlcmd=5451 scontext=u:r:untrusted_app:s0:c512,c768 tcontext=u:r:surfaceflinger:s0 tclass=unix_stream_socket permissive=0
02-09 11:55:29.723 13099 13153 W jxcore-log: Starting JXcore engine
02-09 11:55:29.772 13099 13153 W jxcore-log: Platform android
02-09 11:55:29.772 13099 13153 W jxcore-log: 
02-09 11:55:29.772 13099 13153 W jxcore-log: Process ARCH arm
02-09 11:55:29.772 13099 13153 W jxcore-log: 
02-09 11:55:29.979 13099 13153 I jxcore-log: JXcore Cordova bridge is ready!
02-09 11:55:29.979 13099 13153 I jxcore-log: 
02-09 11:55:29.979 13099 13153 W jxcore-log: JXcore engine is started
02-09 11:55:29.995 13099 13144 I org.thaliproject.p2p.ThaliPermissions: execute: REQUEST_ACCESS_COARSE_LOCATION
02-09 11:55:30.000 13099 13099 D SystemWebChromeClient: file:///android_asset/www/js/thali_main.js: Line 41 : Application has the required permission.
02-09 11:55:30.000 13099 13099 I chromium: [INFO:CONSOLE(41)] "Application has the required permission.", source: file:///android_asset/www/js/thali_main.js (41)
02-09 11:55:30.019 13099 13153 I jxcore-log: 
02-09 11:55:30.019 13099 13153 I jxcore-log: ------------------------------
02-09 11:55:30.019 13099 13153 I jxcore-log: process.jxversion = "v0.3.1.9"
02-09 11:55:30.019 13099 13153 I jxcore-log: ------------------------------
02-09 11:55:30.019 13099 13153 I jxcore-log: 
02-09 11:55:38.389 11683 13166 W CronetSyncConnectionRcs: Upload content type not set.
02-09 11:55:39.693 12725 12725 I ServiceManager: Waiting for service AtCmdFwd...
02-09 11:55:40.080 13099 13153 I jxcore-log: 2017-02-09 08:55:40 - DEBUG thaliMobileNativeWrapper: 'Method peerAvailabilityChanged registered to native'
02-09 11:55:40.080 13099 13153 I jxcore-log: 
02-09 11:55:40.082 13099 13153 I jxcore-log: 2017-02-09 08:55:40 - DEBUG thaliMobileNativeWrapper: 'Method discoveryAdvertisingStateUpdateNonTCP registered to native'
02-09 11:55:40.082 13099 13153 I jxcore-log: 
02-09 11:55:40.083 13099 13153 I jxcore-log: 2017-02-09 08:55:40 - DEBUG thaliMobileNativeWrapper: 'Method multiConnectResolved registered to native'
02-09 11:55:40.083 13099 13153 I jxcore-log: 
02-09 11:55:40.086 13099 13153 V io.jxcore.node.ConnectivityMonitor: updateConnectivityInfo: FORCED notification:
02-09 11:55:40.086 13099 13153 V io.jxcore.node.ConnectivityMonitor:     - is Wi-Fi Direct supported: true
02-09 11:55:40.086 13099 13153 V io.jxcore.node.ConnectivityMonitor:     - is Bluetooth LE multiple advertisement supported: SUPPORTED
02-09 11:55:40.086 13099 13153 V io.jxcore.node.ConnectivityMonitor:     - is Wi-Fi enabled: true
02-09 11:55:40.086 13099 13153 V io.jxcore.node.ConnectivityMonitor:     - is Bluetooth enabled: true
02-09 11:55:40.086 13099 13153 V io.jxcore.node.ConnectivityMonitor:     - BSSID name: 70:cd:60:ff:5a:07
02-09 11:55:40.086 13099 13153 V io.jxcore.node.ConnectivityMonitor:     - SSID name: "T"
02-09 11:55:40.086 13099 13153 V io.jxcore.node.ConnectivityMonitor:     - is connected/connecting to active network: true
02-09 11:55:40.086 13099 13153 V io.jxcore.node.ConnectivityMonitor:     - active network type is Wi-Fi: true
02-09 11:55:40.088 13099 13153 D io.jxcore.node.JXcoreExtension: notifyNetworkChanged: BLE: ON, Bluetooth: ON, Wi-Fi: ON, cellular: DO_NOT_CARE, BSSID name: 70:cd:60:ff:5a:07, SSID name: "T"
02-09 11:55:40.090 13099 13153 I jxcore-log: 2017-02-09 08:55:40 - DEBUG thaliMobileNativeWrapper: 'Method networkChanged registered to native'
02-09 11:55:40.090 13099 13153 I jxcore-log: 
02-09 11:55:40.091 13099 13153 I jxcore-log: 2017-02-09 08:55:40 - DEBUG thaliMobileNativeWrapper: 'Method multiConnectConnectionFailure registered to native'
02-09 11:55:40.091 13099 13153 I jxcore-log: 
02-09 11:55:40.093 13099 13153 I jxcore-log: 2017-02-09 08:55:40 - DEBUG thaliMobileNativeWrapper: 'Method incomingConnectionToPortNumberFailed registered to native'
02-09 11:55:40.093 13099 13153 I jxcore-log: 
02-09 11:55:40.336 13099 13153 I jxcore-log: 2017-02-09 08:55:40 - DEBUG UnitTest_app: 'My device name is: 'Huawei-Nexus 6P''
02-09 11:55:40.336 13099 13153 I jxcore-log: 
02-09 11:55:40.336 13099 13153 I jxcore-log: 2017-02-09 08:55:40 - WARN testUtils: 'myNameCallback not set!'
02-09 11:55:40.336 13099 13153 I jxcore-log: 
02-09 11:55:40.694 12725 12725 I ServiceManager: Waiting for service AtCmdFwd...
02-09 11:55:41.695 12725 12725 I ServiceManager: Waiting for service AtCmdFwd...
02-09 11:55:42.566 13099 13153 I jxcore-log: 2017-02-09 08:55:42 - INFO runTests: 'Starting tests. Network type: BOTH. Platform: android'
02-09 11:55:42.566 13099 13153 I jxcore-log: 
02-09 11:55:42.567 13099 13153 I jxcore-log: 2017-02-09 08:55:42 - INFO testLoader: 'loading file: /data/data/com.test.thalitest/files/www/jxcore/bv_tests/testThaliManagerCoordinated.js'
02-09 11:55:42.567 13099 13153 I jxcore-log: 
02-09 11:55:42.696 12725 12725 I ServiceManager: Waiting for service AtCmdFwd...
02-09 11:55:42.946 13099 13153 V io.jxcore.node.JXcoreExtension: isBleMultipleAdvertisementSupported: SUPPORTED
02-09 11:55:42.947 13099 13153 I jxcore-log: 2017-02-09 08:55:42 - INFO testUtils: 'BLE multiple advertisement supported'
02-09 11:55:42.947 13099 13153 I jxcore-log: 
02-09 11:55:42.950 13099 13153 I jxcore-log: 2017-02-09 08:55:42 - DEBUG UnitTest_app: 'Unit Test app is loaded'
02-09 11:55:42.950 13099 13153 I jxcore-log: 
02-09 11:55:42.964 13099 13153 I jxcore-log: 2017-02-09 08:55:42 - DEBUG thaliMobileNativeWrapper: 'networkChanged: {"bluetoothLowEnergy":"on","bluetooth":"on","wifi":"on","cellular":"doNotCare","bssidName":"70:cd:60:ff:5a:07","ssidName":"T"}'
02-09 11:55:42.964 13099 13153 I jxcore-log: 
02-09 11:55:42.964 13099 13153 I jxcore-log: 2017-02-09 08:55:42 - INFO thaliMobile: 'Filtered out networkChangedNonTCP (was in stopped state).'
02-09 11:55:42.964 13099 13153 I jxcore-log: 
02-09 11:55:42.968 13099 13099 D SystemWebChromeClient: file:///android_asset/www/js/thali_main.js: Line 68 : UIApp is all set and ready!
02-09 11:55:42.968 13099 13099 I chromium: [INFO:CONSOLE(68)] "UIApp is all set and ready!", source: file:///android_asset/www/js/thali_main.js (68)
02-09 11:55:42.975 13099 13153 I jxcore-log: 2017-02-09 08:55:42 - INFO CoordinatedClient: 'Connecting to coordination server on http://192.168.2.1:3000/'
02-09 11:55:42.975 13099 13153 I jxcore-log: 
02-09 11:55:43.013 13099 13153 I jxcore-log: 2017-02-09 08:55:43 - WARN CoordinatedClient: 'connect_error error ignored for reconnect: 'Error: websocket error', description: 'Error: connect ECONNREFUSED', stack: 'Transport.prototype.onError@/data/data/com.test.thalitest/files/www/jxcore/node_modules/engine.io-client/lib/transport.js:62:13
02-09 11:55:43.013 13099 13153 I jxcore-log: WS.prototype.addEventListeners/this.ws.onerror@/data/data/com.test.thalitest/files/www/jxcore/node_modules/engine.io-client/lib/transports/websocket.js:135:5
02-09 11:55:43.013 13099 13153 I jxcore-log: onError@/data/data/com.test.thalitest/files/www/jxcore/node_modules/ws/lib/WebSocket.js:428:5
02-09 11:55:43.013 13099 13153 I jxcore-log: emit@events.js:82:1
02-09 11:55:43.013 13099 13153 I jxcore-log: onerror@/data/data/com.test.thalitest/files/www/jxcore/node_modules/ws/lib/WebSocket.js:686:5
02-09 11:55:43.013 13099 13153 I jxcore-log: emit@events.js:82:1''
02-09 11:55:43.013 13099 13153 I jxcore-log: 
02-09 11:55:43.402   920 25998 D NetlinkSocketObserver: NeighborEvent{elapsedMs=6050709359, 192.168.2.1, [129ADDB5B164], RTM_NEWNEIGH, NUD_REACHABLE}
02-09 11:55:43.698 12725 12725 I ServiceManager: Waiting for service AtCmdFwd...
02-09 11:55:44.170 13099 13153 I jxcore-log: 2017-02-09 08:55:44 - WARN CoordinatedClient: 'connect_error error ignored for reconnect: 'Error: websocket error', description: 'Error: connect ECONNREFUSED', stack: 'Transport.prototype.onError@/data/data/com.test.thalitest/files/www/jxcore/node_modules/engine.io-client/lib/transport.js:62:13
02-09 11:55:44.170 13099 13153 I jxcore-log: WS.prototype.addEventListeners/this.ws.onerror@/data/data/com.test.thalitest/files/www/jxcore/node_modules/engine.io-client/lib/transports/websocket.js:135:5
02-09 11:55:44.170 13099 13153 I jxcore-log: onError@/data/data/com.test.thalitest/files/www/jxcore/node_modules/ws/lib/WebSocket.js:428:5
02-09 11:55:44.170 13099 13153 I jxcore-log: emit@events.js:82:1
02-09 11:55:44.170 13099 13153 I jxcore-log: onerror@/data/data/com.test.thalitest/files/www/jxcore/node_modules/ws/lib/WebSocket.js:686:5
02-09 11:55:44.170 13099 13153 I jxcore-log: emit@events.js:82:1''
02-09 11:55:44.170 13099 13153 I jxcore-log: 
02-09 11:55:44.174 13099 13153 I jxcore-log: 2017-02-09 08:55:44 - WARN CoordinatedClient: 'reconnect_error error ignored for reconnect: 'Error: websocket error', description: 'Error: connect ECONNREFUSED', stack: 'Transport.prototype.onError@/data/data/com.test.thalitest/files/www/jxcore/node_modules/engine.io-client/lib/transport.js:62:13
02-09 11:55:44.174 13099 13153 I jxcore-log: WS.prototype.addEventListeners/this.ws.onerror@/data/data/com.test.thalitest/files/www/jxcore/node_modules/engine.io-client/lib/transports/websocket.js:135:5
02-09 11:55:44.174 13099 13153 I jxcore-log: onError@/data/data/com.test.thalitest/files/www/jxcore/node_modules/ws/lib/WebSocket.js:428:5
02-09 11:55:44.174 13099 13153 I jxcore-log: emit@events.js:82:1
02-09 11:55:44.174 13099 13153 I jxcore-log: onerror@/data/data/com.test.thalitest/files/www/jxcore/node_modules/ws/lib/WebSocket.js:686:5
02-09 11:55:44.174 13099 13153 I jxcore-log: emit@events.js:82:1''
02-09 11:55:44.174 13099 13153 I jxcore-log: 
02-09 11:55:44.699 12725 12725 W Atfwd_Sendcmd: AtCmdFwd service not published, waiting... retryCnt : 3
02-09 11:55:46.555 13099 13153 I jxcore-log: 2017-02-09 08:55:46 - DEBUG CoordinatedClient: 'reconnected to the test server'
02-09 11:55:46.555 13099 13153 I jxcore-log: 
02-09 11:55:46.566 13099 13153 I jxcore-log: 2017-02-09 08:55:46 - DEBUG CoordinatedClient: 'connected to the test server'
02-09 11:55:46.566 13099 13153 I jxcore-log: 
02-09 11:55:51.958 13099 13153 I jxcore-log: TAP version 13
02-09 11:55:51.958 13099 13153 I jxcore-log: 
02-09 11:55:51.962 13099 13153 I jxcore-log: # setup
02-09 11:55:51.962 13099 13153 I jxcore-log: 
02-09 11:55:53.069 13099 13153 I jxcore-log: # test write
02-09 11:55:53.069 13099 13153 I jxcore-log: 
02-09 11:55:54.578 13099 13153 I jxcore-log: ok 1 About to start thali manager
02-09 11:55:54.578 13099 13153 I jxcore-log: 
02-09 11:55:54.616 13099 13153 I jxcore-log: 2017-02-09 08:55:54 - DEBUG thaliManager: 'creating ThaliSendNotificationBasedOnReplication instance'
02-09 11:55:54.616 13099 13153 I jxcore-log: 
02-09 11:55:54.619 13099 13153 I jxcore-log: 2017-02-09 08:55:54 - DEBUG thaliManager: 'creating ThaliPullReplicationFromNotification instance'
02-09 11:55:54.619 13099 13153 I jxcore-log: 
02-09 11:55:54.621 13099 13153 I jxcore-log: 2017-02-09 08:55:54 - DEBUG thaliManager: 'creating express pouchdb instance'
02-09 11:55:54.621 13099 13153 I jxcore-log: 
02-09 11:55:55.194 13099 13153 I jxcore-log: 2017-02-09 08:55:55 - DEBUG thaliManager: 'starting thaliPullReplicationFromNotification'
02-09 11:55:55.194 13099 13153 I jxcore-log: 
02-09 11:55:55.195 13099 13153 I jxcore-log: 2017-02-09 08:55:55 - DEBUG thaliPullReplicationFromNotification: 'starting thaliPeerPoolInterface'
02-09 11:55:55.195 13099 13153 I jxcore-log: 
02-09 11:55:55.196 13099 13153 I jxcore-log: 2017-02-09 08:55:55 - DEBUG thaliManager: 'starting ThaliMobile'
02-09 11:55:55.196 13099 13153 I jxcore-log: 
02-09 11:55:55.230 13099 13153 I jxcore-log: 2017-02-09 08:55:55 - DEBUG thaliMobileNativeWrapper: 'listening 40695'
02-09 11:55:55.230 13099 13153 I jxcore-log: 
02-09 11:55:55.232 13099 13153 I jxcore-log: 2017-02-09 08:55:55 - DEBUG createNativeListener: 'Creating Native Server'
02-09 11:55:55.232 13099 13153 I jxcore-log: 
02-09 11:55:55.234 13099 13153 I jxcore-log: 2017-02-09 08:55:55 - DEBUG createNativeListener: 'listening 42470'
02-09 11:55:55.234 13099 13153 I jxcore-log: 
02-09 11:55:55.236 13099 13153 I jxcore-log: 2017-02-09 08:55:55 - DEBUG thaliManager: 'start listening for advertisements'
02-09 11:55:55.236 13099 13153 I jxcore-log: 
02-09 11:55:55.238 13099 13153 D io.jxcore.node.JXcoreExtension: startListeningForAdvertisements
02-09 11:55:55.241 13099 13153 I io.jxcore.node.ConnectionHelper: start: Port number: 0, start advertisements: false
02-09 11:55:55.241 13099 13153 V io.jxcore.node.ConnectivityMonitor: start: Already started
02-09 11:55:55.241 13099 13153 V io.jxcore.node.StartStopOperation: isTargetState: Connectivity: NOT_STARTED, discovery: NOT_STARTED, is discovering: false, is advertising: false - Start operation: Should affect listening to advertisements only
02-09 11:55:55.241 13099 13153 V io.jxcore.node.StartStopOperationHandler: executeCurrentOperation: Executing: Start operation: Should affect listening to advertisements only
02-09 11:55:55.241 13099 13153 I org.thaliproject.p2p.btconnectorlib.DiscoveryManager: start: Discovery mode: BLE, start discovery: true, start advertiser: false
02-09 11:55:55.241 13099 13153 I org.thaliproject.p2p.btconnectorlib.internal.bluetooth.BluetoothManager: bind: Binding a new listener
02-09 11:55:55.241 13099 13153 I org.thaliproject.p2p.btconnectorlib.internal.wifi.WifiDirectManager: bind: Binding a new listener
02-09 11:55:55.245 13099 13153 D org.thaliproject.p2p.btconnectorlib.DiscoveryManager: startBlePeerDiscoverer
02-09 11:55:55.246 13099 13153 V io.jxcore.node.ConnectionHelper: Received a request for permission "android.permission.ACCESS_COARSE_LOCATION", but we are expecting that all the required permissions have already been granted
02-09 11:55:55.246 13099 13153 V org.thaliproject.p2p.btconnectorlib.DiscoveryManager: getBlePeerDiscovererInstanceAndCheckBluetoothMacAddress: Constructing...
02-09 11:55:55.254 13099 13153 D org.thaliproject.p2p.btconnectorlib.internal.bluetooth.le.BleAdvertiser: setAdvertiseSettings, Current thread: Thread[Thread-5726,5,main], id: 5726
02-09 11:55:55.254 13099 13153 I org.thaliproject.p2p.btconnectorlib.internal.bluetooth.le.BleAdvertiser: setAdvertiseSettings: Mode: 2, Tx power level: 3, timeout: 0, is connectable: false
02-09 11:55:55.255 13099 13153 D org.thaliproject.p2p.btconnectorlib.internal.bluetooth.le.BleScanner: applyAdditionalMarshmallowSettings
02-09 11:55:55.255 13099 13153 I org.thaliproject.p2p.btconnectorlib.internal.bluetooth.le.BleScanner: setScanSettings: Mode: 2, report delay in milliseconds: 500, scan result type: 0
02-09 11:55:55.255 13099 13153 D org.thaliproject.p2p.btconnectorlib.internal.bluetooth.le.BlePeerDiscoverer: Beacon extra: 256
02-09 11:55:55.256 13099 13153 V org.thaliproject.p2p.btconnectorlib.internal.bluetooth.BluetoothManager: Checking support for offloaded filtering: Storing the value (SUPPORTED) in persistent storage
02-09 11:55:55.257 13099 13153 V org.thaliproject.p2p.btconnectorlib.internal.bluetooth.BluetoothManager: Checking support for offloaded scan batching: Storing the value (SUPPORTED) in persistent storage
02-09 11:55:55.258 13099 13153 D org.thaliproject.p2p.btconnectorlib.internal.bluetooth.le.BlePeerDiscoverer: startScanner: Current thread: Thread[Thread-5726,5,main], id: 5726
02-09 11:55:55.258 13099 13153 I org.thaliproject.p2p.btconnectorlib.internal.bluetooth.le.BlePeerDiscoverer: startScanner: Starting...
02-09 11:55:55.258 13099 13153 D org.thaliproject.p2p.btconnectorlib.internal.bluetooth.le.BlePeerDiscoveryUtils: createScanFilter: No service UUID, use manufacturer ID: true
02-09 11:55:55.258 13099 13153 D org.thaliproject.p2p.btconnectorlib.internal.bluetooth.le.BlePeerDiscoveryUtils: manufacturer ID: 49011
02-09 11:55:55.258 13099 13153 D org.thaliproject.p2p.btconnectorlib.internal.bluetooth.le.BlePeerDiscoveryUtils: createScanFilter: BluetoothLeScanFilter [mDeviceName=null, mDeviceAddress=null, mUuid=null, mUuidMask=null, mServiceDataUuid=null, mServiceData=null, mServiceDataMask=null, mManufacturerId=49011, mManufacturerData=null, mManufacturerDataMask=null]
02-09 11:55:55.258 13099 13153 D org.thaliproject.p2p.btconnectorlib.internal.bluetooth.le.BleScanner: start: Current thread: Thread[Thread-5726,5,main], id: 5726
02-09 11:55:55.259 13099 13153 D BluetoothAdapter: STATE_ON
02-09 11:55:55.261 18502 15186 D BtGatt.GattService: registerClient() - UUID=f6746063-3957-427d-a6df-8901d1151ccc
02-09 11:55:55.262 18502 18518 D BtGatt.GattService: onClientRegistered() - UUID=f6746063-3957-427d-a6df-8901d1151ccc, clientIf=5
02-09 11:55:55.263 13099 13111 D BluetoothLeScanner: onClientRegistered() - status=0 clientIf=5
02-09 11:55:55.264 18502 18579 D BtGatt.GattService: start scan with filters
02-09 11:55:55.270 13099 13153 D org.thaliproject.p2p.btconnectorlib.internal.bluetooth.le.BleScanner: start: scan started
02-09 11:55:55.270 18502 18521 D BtGatt.ScanManager: handling starting scan
02-09 11:55:55.270 13099 13153 D org.thaliproject.p2p.btconnectorlib.internal.bluetooth.le.BleScanner: set state: Current thread: Thread[Thread-5726,5,main], id: 5726
02-09 11:55:55.270 13099 13153 D org.thaliproject.p2p.btconnectorlib.internal.bluetooth.le.BleScanner: setState: State changed from NOT_STARTED to RUNNING
02-09 11:55:55.270 13099 13153 D org.thaliproject.p2p.btconnectorlib.internal.bluetooth.le.BleScanner: notifyScannerStateChanged: started =  true. Current thread: Thread[Thread-5726,5,main], id: 5726
02-09 11:55:55.271 13099 13153 D org.thaliproject.p2p.btconnectorlib.DiscoveryManager: startBlePeerDiscoverer: OK
02-09 11:55:55.271 13099 13099 I org.thaliproject.p2p.btconnectorlib.internal.bluetooth.le.BlePeerDiscoverer: onIsScannerStartedChanged: trueCurrent thread: Thread[main,5,main], id: 1
02-09 11:55:55.271 13099 13153 I org.thaliproject.p2p.btconnectorlib.DiscoveryManager: start: OK
02-09 11:55:55.271 13099 13153 D org.thaliproject.p2p.btconnectorlib.DiscoveryManager: updateState: Current thread: Thread[Thread-5726,5,main], id: 5726
02-09 11:55:55.271 13099 13099 D org.thaliproject.p2p.btconnectorlib.internal.bluetooth.le.BlePeerDiscoverer: updateState : Current thread: Thread[main,5,main], id: 1
02-09 11:55:55.272 13099 13099 D org.thaliproject.p2p.btconnectorlib.internal.bluetooth.le.BlePeerDiscoverer: updateState: deducedStateSet: [SCANNING]
02-09 11:55:55.272 13099 13099 D org.thaliproject.p2p.btconnectorlib.internal.bluetooth.le.BlePeerDiscoverer: updateState: stateSet: [NOT_STARTED]
02-09 11:55:55.272 13099 13099 D org.thaliproject.p2p.btconnectorlib.internal.bluetooth.le.BlePeerDiscoverer: Current thread: Thread[main,5,main], id: 1
02-09 11:55:55.272 13099 13099 D org.thaliproject.p2p.btconnectorlib.internal.bluetooth.le.BlePeerDiscoverer: updateState: State changed from [NOT_STARTED] to [SCANNING]Current thread: Thread[main,5,main], id: 1
02-09 11:55:55.273 13099 13099 D org.thaliproject.p2p.btconnectorlib.internal.bluetooth.le.BlePeerDiscoverer: update state finished. Current thread: Thread[main,5,main], id: 1
02-09 11:55:55.274 13099 13099 I org.thaliproject.p2p.btconnectorlib.DiscoveryManager: onBlePeerDiscovererStateChanged: [NOT_STARTED] -> [SCANNING] Current thread: Thread[main,5,main], id: 1
02-09 11:55:55.274 13099 13153 D org.thaliproject.p2p.btconnectorlib.DiscoveryManager: updateStateInternal Current thread: Thread[Thread-5726,5,main], id: 5726
02-09 11:55:55.274 13099 13153 D org.thaliproject.p2p.btconnectorlib.DiscoveryManager: updateStateInternal finished Current thread: Thread[Thread-5726,5,main], id: 5726
02-09 11:55:55.275 13099 13153 D org.thaliproject.p2p.btconnectorlib.DiscoveryManager: updateState finished Current thread: Thread[Thread-5726,5,main], id: 5726
02-09 11:55:55.275 13099 13099 D org.thaliproject.p2p.btconnectorlib.DiscoveryManager: updateState: Current thread: Thread[main,5,main], id: 1
02-09 11:55:55.276 13099 13153 I io.jxcore.node.ConnectionHelper: start: OK
02-09 11:55:55.279 18502 18518 D BtGatt.GattService: onScanFilterEnableDisabled() - clientIf=5, status=0, action=1
02-09 11:55:55.279 18502 18518 D BtGatt.ScanManager: callback done for clientIf - 5 status - 0
02-09 11:55:55.280 18502 18521 D BtGatt.ScanManager: configureFilterParamter 1500 10000 4 0
02-09 11:55:55.280 13099 13153 I jxcore-log: 2017-02-09 08:55:55 - INFO nodeSSDPClientLogger: '{ address: 'http://0.0.0.0:1900' } 'SSDP listening''
02-09 11:55:55.280 13099 13153 I jxcore-log: 
02-09 11:55:55.280 13099 13099 D org.thaliproject.p2p.btconnectorlib.DiscoveryManager: updateStateInternal Current thread: Thread[main,5,main], id: 1
02-09 11:55:55.281 13099 13099 D org.thaliproject.p2p.btconnectorlib.DiscoveryManager: updateState: State: RUNNING_BLE, is discovering: true, is advertising: false
02-09 11:55:55.285 13099 13099 D org.thaliproject.p2p.btconnectorlib.DiscoveryManager: updateStateInternal finished Current thread: Thread[main,5,main], id: 1
02-09 11:55:55.285 13099 13099 D org.thaliproject.p2p.btconnectorlib.DiscoveryManager: updateState finished Current thread: Thread[main,5,main], id: 1
02-09 11:55:55.286 13099 13099 I io.jxcore.node.ConnectionHelper: onDiscoveryManagerStateChanged: State: RUNNING_BLE, is discovering: true, is advertising: false
02-09 11:55:55.286 13099 13153 I jxcore-log: 2017-02-09 08:55:55 - INFO nodeSSDPClientLogger: 'Socket bound'
02-09 11:55:55.286 13099 13153 I jxcore-log: 
02-09 11:55:55.293 18502 18518 D BtGatt.GattService: onScanFilterParamsConfigured() - clientIf=5, status=0, action=0, availableSpace=31
02-09 11:55:55.293 18502 18518 D BtGatt.ScanManager: callback done for clientIf - 5 status - 0
02-09 11:55:55.294 18502 18521 D BtGatt.ScanManager: Starting BLE batch scan
02-09 11:55:55.294 18502 18521 D BtGatt.ScanManager: configuring batch scan storage, appIf 5
02-09 11:55:55.309 18502 18518 D BtGatt.GattService: onBatchScanStorageConfigured() - clientIf=5, status=0
02-09 11:55:55.309 18502 18518 D BtGatt.ScanManager: callback done for clientIf - 5 status - 0
02-09 11:55:55.316 18502 18518 D BtGatt.GattService: onBatchScanStartStopped() - clientIf=5, status=0, startStopAction=1
02-09 11:55:55.317 18502 18518 D BtGatt.ScanManager: callback done for clientIf - 5 status - 0
02-09 11:55:55.476 13099 13153 I jxcore-log: 2017-02-09 08:55:55 - DEBUG thaliWifiInfrastructure: 'Emitting wifiPeerAvailabilityChanged {"peerIdentifier":"4a7bad7f-8549-4288-bc94-d66e4e95bc1c","generation":0,"hostAddress":"192.168.2.2","portNumber":44499}'
02-09 11:55:55.476 13099 13153 I jxcore-log: 
02-09 11:55:55.478 13099 13153 I jxcore-log: 2017-02-09 08:55:55 - DEBUG thaliMobile: 'Emitting peerAvailabilityChanged from handlePeer {"peerIdentifier":"4a7bad7f-8549-4288-bc94-d66e4e95bc1c","connectionType":"tcp","peerAvailable":true,"generation":0,"newAddressPort":false}'
02-09 11:55:55.478 13099 13153 I jxcore-log: 
02-09 11:55:55.677 13099 13153 I jxcore-log: 2017-02-09 08:55:55 - DEBUG thaliWifiInfrastructure: 'Emitting wifiPeerAvailabilityChanged {"peerIdentifier":"4a7bad7f-8549-4288-bc94-d66e4e95bc1c","generation":0,"portNumber":null,"hostAddress":null}'
02-09 11:55:55.677 13099 13153 I jxcore-log: 
02-09 11:55:55.680 13099 13153 I jxcore-log: 2017-02-09 08:55:55 - DEBUG thaliMobile: 'Emitting peerAvailabilityChanged from handlePeer {"peerIdentifier":"4a7bad7f-8549-4288-bc94-d66e4e95bc1c","connectionType":"tcp","peerAvailable":false,"generation":0,"newAddressPort":null}'
02-09 11:55:55.680 13099 13153 I jxcore-log: 
02-09 11:55:55.681 13099 13153 I jxcore-log: 2017-02-09 08:55:55 - WARN thaliNotificationClient: 'peer is not available'
02-09 11:55:55.681 13099 13153 I jxcore-log: 
02-09 11:55:55.684 13099 13153 I jxcore-log: 2017-02-09 08:55:55 - DEBUG thaliPeerAction: 'we couldn't destroy http agent explicitly'
02-09 11:55:55.684 13099 13153 I jxcore-log: 
02-09 11:55:55.696 13099 13153 I jxcore-log: 2017-02-09 08:55:55 - DEBUG thaliWifiInfrastructure: 'Emitting wifiPeerAvailabilityChanged {"peerIdentifier":"0f5b4ca1-14f2-48b4-9734-d7ba0aa3a1f6","generation":0,"hostAddress":"192.168.2.5","portNumber":49008}'
02-09 11:55:55.696 13099 13153 I jxcore-log: 
02-09 11:55:55.698 13099 13153 I jxcore-log: 2017-02-09 08:55:55 - DEBUG thaliMobile: 'Emitting peerAvailabilityChanged from handlePeer {"peerIdentifier":"0f5b4ca1-14f2-48b4-9734-d7ba0aa3a1f6","connectionType":"tcp","peerAvailable":true,"generation":0,"newAddressPort":false}'
02-09 11:55:55.698 13099 13153 I jxcore-log: 
02-09 11:55:55.713 13099 13153 I jxcore-log: 2017-02-09 08:55:55 - DEBUG thaliWifiInfrastructure: 'Emitting wifiPeerAvailabilityChanged {"peerIdentifier":"0f5b4ca1-14f2-48b4-9734-d7ba0aa3a1f6","generation":0,"portNumber":null,"hostAddress":null}'
02-09 11:55:55.713 13099 13153 I jxcore-log: 
02-09 11:55:55.714 13099 13153 I jxcore-log: 2017-02-09 08:55:55 - DEBUG thaliMobile: 'Emitting peerAvailabilityChanged from handlePeer {"peerIdentifier":"0f5b4ca1-14f2-48b4-9734-d7ba0aa3a1f6","connectionType":"tcp","peerAvailable":false,"generation":0,"newAddressPort":null}'
02-09 11:55:55.714 13099 13153 I jxcore-log: 
02-09 11:55:55.715 13099 13153 I jxcore-log: 2017-02-09 08:55:55 - WARN thaliNotificationClient: 'peer is not available'
02-09 11:55:55.715 13099 13153 I jxcore-log: 
02-09 11:55:55.716 13099 13153 I jxcore-log: 2017-02-09 08:55:55 - DEBUG thaliPeerAction: 'we couldn't destroy http agent explicitly'
02-09 11:55:55.716 13099 13153 I jxcore-log: 
02-09 11:55:55.723 13099 13153 I jxcore-log: 2017-02-09 08:55:55 - DEBUG thaliWifiInfrastructure: 'Emitting wifiPeerAvailabilityChanged {"peerIdentifier":"4a7bad7f-8549-4288-bc94-d66e4e95bc1c","generation":1,"hostAddress":"192.168.2.2","portNumber":44499}'
02-09 11:55:55.723 13099 13153 I jxcore-log: 
02-09 11:55:55.724 13099 13153 I jxcore-log: 2017-02-09 08:55:55 - DEBUG thaliMobile: 'Emitting peerAvailabilityChanged from handlePeer {"peerIdentifier":"4a7bad7f-8549-4288-bc94-d66e4e95bc1c","connectionType":"tcp","peerAvailable":true,"generation":1,"newAddressPort":false}'
02-09 11:55:55.724 13099 13153 I jxcore-log: 
02-09 11:55:55.738 13099 13153 I jxcore-log: 2017-02-09 08:55:55 - DEBUG thaliWifiInfrastructure: 'Emitting wifiPeerAvailabilityChanged {"peerIdentifier":"0f5b4ca1-14f2-48b4-9734-d7ba0aa3a1f6","generation":1,"hostAddress":"192.168.2.5","portNumber":49008}'
02-09 11:55:55.738 13099 13153 I jxcore-log: 
02-09 11:55:55.739 13099 13153 I jxcore-log: 2017-02-09 08:55:55 - DEBUG thaliMobile: 'Emitting peerAvailabilityChanged from handlePeer {"peerIdentifier":"0f5b4ca1-14f2-48b4-9734-d7ba0aa3a1f6","connectionType":"tcp","peerAvailable":true,"generation":1,"newAddressPort":false}'
02-09 11:55:55.739 13099 13153 I jxcore-log: 
02-09 11:55:55.787 13099 13099 V io.jxcore.node.ConnectionHelper: Notifying discovery manager state change: is discovering: true, is advertising: false
02-09 11:55:55.787 13099 13099 V io.jxcore.node.StartStopOperation: isTargetState: Connectivity: NOT_STARTED, discovery: RUNNING_BLE, is discovering: true, is advertising: false - Start operation: Should affect listening to advertisements only
02-09 11:55:55.787 13099 13099 D io.jxcore.node.StartStopOperationHandler: processCurrentOperationStatus: Operation successfully executed
02-09 11:55:55.792 13099 13153 I jxcore-log: 2017-02-09 08:55:55 - DEBUG thaliManager: 'start update advertising and listening'
02-09 11:55:55.792 13099 13153 I jxcore-log: 
02-09 11:55:55.803 13099 13153 D io.jxcore.node.JXcoreExtension: startUpdateAdvertisingAndListening
02-09 11:55:55.805 13099 13153 I io.jxcore.node.ConnectionHelper: start: Port number: 42470, start advertisements: true
02-09 11:55:55.805 13099 13153 V io.jxcore.node.ConnectivityMonitor: start: Already started
02-09 11:55:55.805 13099 13153 I io.jxcore.node.StartStopOperationHandler: updateBeaconAdExtraInformation: New value: 0
02-09 11:55:55.805 13099 13153 I org.thaliproject.p2p.btconnectorlib.DiscoveryManagerSettings: setBeaconAdExtraInformation: 256 -> 0
02-09 11:55:55.806 13099 13153 I org.thaliproject.p2p.btconnectorlib.internal.AbstractBluetoothConnectivityAgent: clearIdentityString
02-09 11:55:55.807 13099 13153 I org.thaliproject.p2p.btconnectorlib.internal.AbstractBluetoothConnectivityAgent: verifyIdentityString: Identity string created: {"generation":0,"address":"BC:75:74:3A:BD:0F"}
02-09 11:55:55.807 13099 13153 D org.thaliproject.p2p.btconnectorlib.internal.bluetooth.BluetoothConnector: setIdentityString: {"generation":0,"address":"BC:75:74:3A:BD:0F"}
02-09 11:55:55.808 13099 13153 D org.thaliproject.p2p.btconnectorlib.DiscoveryManager: onAdvertiseScanSettingsChanged: Current thread: Thread[Thread-5726,5,main], id: 5726
02-09 11:55:55.808 13099 13153 I org.thaliproject.p2p.btconnectorlib.internal.bluetooth.le.BlePeerDiscoverer: applySettings:
02-09 11:55:55.808 13099 13153 I org.thaliproject.p2p.btconnectorlib.internal.bluetooth.le.BlePeerDiscoverer:     - Manufacturer ID: 49011
02-09 11:55:55.808 13099 13153 I org.thaliproject.p2p.btconnectorlib.internal.bluetooth.le.BlePeerDiscoverer:     - Beacon ad length and type: 533
02-09 11:55:55.808 13099 13153 I org.thaliproject.p2p.btconnectorlib.internal.bluetooth.le.BlePeerDiscoverer:     - Beacon ad extra information: 0
02-09 11:55:55.808 13099 13153 I org.thaliproject.p2p.btconnectorlib.internal.bluetooth.le.BlePeerDiscoverer:     - Advertisement data type: DO_NOT_CARE
02-09 11:55:55.808 13099 13153 I org.thaliproject.p2p.btconnectorlib.internal.bluetooth.le.BlePeerDiscoverer:     - Advertise mode: 2
02-09 11:55:55.808 13099 13153 I org.thaliproject.p2p.btconnectorlib.internal.bluetooth.le.BlePeerDiscoverer:     - Advertise TX power level: 3
02-09 11:55:55.808 13099 13153 I org.thaliproject.p2p.btconnectorlib.internal.bluetooth.le.BlePeerDiscoverer:     - Scan mode: 2
02-09 11:55:55.808 13099 13153 I org.thaliproject.p2p.btconnectorlib.internal.bluetooth.le.BlePeerDiscoverer:     - Scan report delay in milliseconds: 500
02-09 11:55:55.808 13099 13153 I org.thaliproject.p2p.btconnectorlib.internal.bluetooth.le.BlePeerDiscoverer:     - Current thread: Thread[Thread-5726,5,main], id: 5726
02-09 11:55:55.808 13099 13153 D org.thaliproject.p2p.btconnectorlib.internal.bluetooth.le.BlePeerDiscoverer: Beacon extra: 0
02-09 11:55:55.809 13099 13153 D org.thaliproject.p2p.btconnectorlib.internal.bluetooth.le.BlePeerDiscoverer: applySettings: advertiserWasStarted false Current thread: Thread[Thread-5726,5,main], id: 5726
02-09 11:55:55.809 13099 13153 D org.thaliproject.p2p.btconnectorlib.internal.bluetooth.le.BleAdvertiser: setAdvertiseSettings, Current thread: Thread[Thread-5726,5,main], id: 5726
02-09 11:55:55.809 13099 13153 I org.thaliproject.p2p.btconnectorlib.internal.bluetooth.le.BleAdvertiser: setAdvertiseSettings: Mode: 2, Tx power level: 3, timeout: 0, is connectable: false
02-09 11:55:55.809 13099 13153 D org.thaliproject.p2p.btconnectorlib.internal.bluetooth.le.BleScanner: applyAdditionalMarshmallowSettings
02-09 11:55:55.809 13099 13153 D org.thaliproject.p2p.btconnectorlib.internal.bluetooth.le.BlePeerDiscoverer: applySettings: scannerWasStarted true Current thread: Thread[Thread-5726,5,main], id: 5726
02-09 11:55:55.809 13099 13153 D org.thaliproject.p2p.btconnectorlib.internal.bluetooth.le.BlePeerDiscoverer: applySettings: stop scanner Current thread: Thread[Thread-5726,5,main], id: 5726
02-09 11:55:55.809 13099 13153 D org.thaliproject.p2p.btconnectorlib.internal.bluetooth.le.BleScanner: stop, Current thread: Thread[Thread-5726,5,main], id: 5726
02-09 11:55:55.811 13099 13153 D BluetoothAdapter: STATE_ON
02-09 11:55:55.811 18502 18559 D BtGatt.GattService: flushPendingBatchResults - clientIf=5, isServer=false
02-09 11:55:55.811 13099 13153 D org.thaliproject.p2p.btconnectorlib.internal.bluetooth.le.BleScanner: stop: scan results are flushed 
02-09 11:55:55.812 18502 18521 D BtGatt.ScanManager: flushPendingBatchResults - clientIf = 5
02-09 11:55:55.812 13099 13153 D BluetoothAdapter: STATE_ON
02-09 11:55:55.813 18502 18512 D BtGatt.GattService: stopScan() - queue size =1
02-09 11:55:55.814 18502 18513 D BtGatt.GattService: unregisterClient() - clientIf=5
02-09 11:55:55.814 13099 13153 D org.thaliproject.p2p.btconnectorlib.internal.bluetooth.le.BleScanner: stop: Stopped
02-09 11:55:55.814 13099 13153 D org.thaliproject.p2p.btconnectorlib.internal.bluetooth.le.BleScanner: set state: Current thread: Thread[Thread-5726,5,main], id: 5726
02-09 11:55:55.814 13099 13153 D org.thaliproject.p2p.btconnectorlib.internal.bluetooth.le.BleScanner: setState: State changed from RUNNING to NOT_STARTED
02-09 11:55:55.814 13099 13153 D org.thaliproject.p2p.btconnectorlib.internal.bluetooth.le.BleScanner: stop finished, Current thread: Thread[Thread-5726,5,main], id: 5726
02-09 11:55:55.815 13099 13153 I org.thaliproject.p2p.btconnectorlib.internal.bluetooth.le.BleScanner: setScanSettings: Mode: 2, report delay in milliseconds: 500, scan result type: 0
02-09 11:55:55.815 13099 13153 D org.thaliproject.p2p.btconnectorlib.internal.bluetooth.le.BlePeerDiscoverer: applySettings: start scanner Current thread: Thread[Thread-5726,5,main], id: 5726
