02-09 11:55:52.848  1650  1700 I org.thaliproject.p2p.btconnectorlib.internal.bluetooth.BluetoothClientThread: setInsecureRfcommSocketPortNumber: Using port -1
02-09 11:55:52.848  1650  1700 I org.thaliproject.p2p.btconnectorlib.internal.bluetooth.BluetoothClientThread: setMaxNumberOfRetries: 0
02-09 11:55:52.849  1650  1700 I org.thaliproject.p2p.btconnectorlib.ConnectionManager: onConnecting: XYZ 24:00:BA:F9:9A:9F
02-09 11:55:52.849  1650  1700 D org.thaliproject.p2p.btconnectorlib.internal.bluetooth.BluetoothConnector: connect: Started connecting to XYZ in address 24:00:BA:F9:9A:9F
02-09 11:55:52.849  1650  1700 I io.jxcore.node.ConnectionHelper: connect: Connection process successfully started (peer ID: 24:00:BA:F9:9A:9F)
02-09 11:55:52.849  1650  1733 I org.thaliproject.p2p.btconnectorlib.internal.bluetooth.BluetoothClientThread: Trying to connect to peer with address 24:00:BA:F9:9A:9F (thread ID: 923)
02-09 11:55:52.849  1650  1733 D org.thaliproject.p2p.btconnectorlib.internal.bluetooth.BluetoothClientThread: tryToConnect:  socketConnectSucceeded = false, mIsShuttingDown = false
02-09 11:55:52.849  1650  1733 D org.thaliproject.p2p.btconnectorlib.internal.bluetooth.BluetoothClientThread:  createSocketAndConnect: socket closed
02-09 11:55:52.849  1650  1733 D org.thaliproject.p2p.btconnectorlib.internal.bluetooth.BluetoothClientThread:  createSocketAndConnect: SYSTEM_DECIDED_INSECURE_RFCOMM_SOCKET_PORT
02-09 11:55:52.850  1650  1733 E org.thaliproject.p2p.btconnectorlib.internal.bluetooth.BluetoothClientThread:  createSocketAndConnect: connecting
02-09 11:55:52.850  1650  1733 W BluetoothAdapter: getBluetoothService() called with no BluetoothManagerCallback
02-09 11:55:52.903  1650  1700 I jxcore-log: 2017-02-09 08:55:52 - DEBUG thaliWifiInfrastructure: 'Emitting wifiPeerAvailabilityChanged {"peerIdentifier":"0f5b4ca1-14f2-48b4-9734-d7ba0aa3a1f6","generation":0,"hostAddress":"192.168.2.5","portNumber":49008}'
02-09 11:55:52.903  1650  1700 I jxcore-log: 
02-09 11:55:52.905  1650  1700 I jxcore-log: 2017-02-09 08:55:52 - DEBUG thaliWifiInfrastructure: 'Emitting wifiPeerAvailabilityChanged {"peerIdentifier":"0f5b4ca1-14f2-48b4-9734-d7ba0aa3a1f6","generation":0,"portNumber":null,"hostAddress":null}'
02-09 11:55:52.905  1650  1700 I jxcore-log: 
02-09 11:55:52.906  1650  1700 I jxcore-log: 2017-02-09 08:55:52 - DEBUG thaliMobile: 'Emitting peerAvailabilityChanged from handlePeer {"peerIdentifier":"0f5b4ca1-14f2-48b4-9734-d7ba0aa3a1f6","connectionType":"tcp","peerAvailable":false,"generation":0,"newAddressPort":null}'
02-09 11:55:52.906  1650  1700 I jxcore-log: 
02-09 11:55:52.906  1650  1700 I jxcore-log: 2017-02-09 08:55:52 - WARN thaliNotificationClient: 'peer is not available'
02-09 11:55:52.906  1650  1700 I jxcore-log: 
02-09 11:55:52.907  1650  1700 I jxcore-log: 2017-02-09 08:55:52 - DEBUG thaliPeerAction: 'we couldn't destroy http agent explicitly'
02-09 11:55:52.907  1650  1700 I jxcore-log: 
02-09 11:55:52.912  1650  1700 I jxcore-log: 2017-02-09 08:55:52 - DEBUG thaliWifiInfrastructure: 'Emitting wifiPeerAvailabilityChanged {"peerIdentifier":"0f5b4ca1-14f2-48b4-9734-d7ba0aa3a1f6","generation":1,"hostAddress":"192.168.2.5","portNumber":49008}'
02-09 11:55:52.912  1650  1700 I jxcore-log: 
02-09 11:55:52.913  1650  1700 I jxcore-log: 2017-02-09 08:55:52 - DEBUG thaliMobile: 'Emitting peerAvailabilityChanged from handlePeer {"peerIdentifier":"0f5b4ca1-14f2-48b4-9734-d7ba0aa3a1f6","connectionType":"tcp","peerAvailable":true,"generation":1,"newAddressPort":false}'
02-09 11:55:52.913  1650  1700 I jxcore-log: 
02-09 11:55:52.929  1650  1700 I jxcore-log: 2017-02-09 08:55:52 - DEBUG thaliManager: 'connected pskIdentity Beacon Please for path /NotificationBeacons'
02-09 11:55:52.929  1650  1700 I jxcore-log: 
02-09 11:55:52.969  1650  1700 I jxcore-log: 2017-02-09 08:55:52 - DEBUG thaliManager: 'connected pskIdentity Beacon Please for path /NotificationBeacons'
02-09 11:55:52.969  1650  1700 I jxcore-log: 
02-09 11:55:53.017  1650  1700 I jxcore-log: 2017-02-09 08:55:53 - DEBUG thaliPeerAction: 'we couldn't destroy http agent explicitly'
02-09 11:55:53.017  1650  1700 I jxcore-log: 
02-09 11:55:53.093  1650  1700 I jxcore-log: 2017-02-09 08:55:53 - DEBUG thaliManager: 'connected pskIdentity pnBCriRbNfrN06F_2qD3kj-1ETQ0AY-CfiGS6JSdi1I for path /db/'
02-09 11:55:53.093  1650  1700 I jxcore-log: 
02-09 11:55:53.132  1650  1700 I jxcore-log: 2017-02-09 08:55:53 - DEBUG thaliManager: 'connected pskIdentity Beacon Please for path /NotificationBeacons'
02-09 11:55:53.132  1650  1700 I jxcore-log: 
02-09 11:55:53.155  1650  1700 I jxcore-log: 2017-02-09 08:55:53 - DEBUG thaliManager: 'connected pskIdentity pnBCriRbNfrN06F_2qD3kj-1ETQ0AY-CfiGS6JSdi1I for path /db/ThaliManagerCoordinated/_changes'
02-09 11:55:53.155  1650  1700 I jxcore-log: 
02-09 11:55:53.206  1650  1700 I jxcore-log: 2017-02-09 08:55:53 - DEBUG thaliReplicationPeerAction: 'Replication resumed'
02-09 11:55:53.206  1650  1700 I jxcore-log: 
02-09 11:55:53.224  1650  1700 I jxcore-log: 2017-02-09 08:55:53 - DEBUG thaliWifiInfrastructure: 'Emitting wifiPeerAvailabilityChanged {"peerIdentifier":"7b9934d0-bc33-4ec2-8a5a-49e0b403d4ac","generation":0,"hostAddress":"192.168.2.3","portNumber":38530}'
02-09 11:55:53.224  1650  1700 I jxcore-log: 
02-09 11:55:53.225  1650  1700 I jxcore-log: 2017-02-09 08:55:53 - DEBUG thaliMobile: 'Emitting peerAvailabilityChanged from handlePeer {"peerIdentifier":"7b9934d0-bc33-4ec2-8a5a-49e0b403d4ac","connectionType":"tcp","peerAvailable":true,"generation":0,"newAddressPort":false}'
02-09 11:55:53.225  1650  1700 I jxcore-log: 
02-09 11:55:53.273  1650  1700 I jxcore-log: 2017-02-09 08:55:53 - DEBUG thaliPeerAction: 'we couldn't destroy http agent explicitly'
02-09 11:55:53.273  1650  1700 I jxcore-log: 
02-09 11:55:53.275  1650  1700 I jxcore-log: 2017-02-09 08:55:53 - DEBUG thaliPeerPoolDefault: 'Got err   Could not establish TCP connection'
02-09 11:55:53.275  1650  1700 I jxcore-log: 
02-09 11:55:53.279  1650  1700 I jxcore-log: 2017-02-09 08:55:53 - DEBUG thaliManager: 'connected pskIdentity 87pCUDjvUOOpM9P9GgVjqsK7_6UtfHAyYosdOXhaPuY for path /db/'
02-09 11:55:53.279  1650  1700 I jxcore-log: 
02-09 11:55:53.300  1650  1700 I jxcore-log: 2017-02-09 08:55:53 - DEBUG thaliManager: 'connected pskIdentity pnBCriRbNfrN06F_2qD3kj-1ETQ0AY-CfiGS6JSdi1I for path /db/ThaliManagerCoordinated/_changes'
02-09 11:55:53.300  1650  1700 I jxcore-log: 
02-09 11:55:53.326 11651 11651 D BtGatt.ScanManager: awakened up at time 2065310926
02-09 11:55:53.328  1650  1700 I jxcore-log: 2017-02-09 08:55:53 - DEBUG thaliManager: 'connected pskIdentity pnBCriRbNfrN06F_2qD3kj-1ETQ0AY-CfiGS6JSdi1I for path /db/ThaliManagerCoordinated/_all_docs'
02-09 11:55:53.328  1650  1700 I jxcore-log: 
02-09 11:55:53.329 11651 11670 D BtGatt.ScanManager: flushPendingBatchResults - clientIf = 5
02-09 11:55:53.342 11651 11667 D BtGatt.GattService: onBatchScanReports() - clientIf=5, status=0, reportType=2, numRecords=0
02-09 11:55:53.342 11651 11667 D BtGatt.ScanManager: callback done for clientIf - 5 status - 0
02-09 11:55:53.344  1650  1650 D org.thaliproject.p2p.btconnectorlib.internal.bluetooth.le.BleScanner: onBatchScanResults: results count  = 0. Current thread: Thread[main,5,main], id: 1
02-09 11:55:53.447  1650  1700 I jxcore-log: 2017-02-09 08:55:53 - DEBUG thaliManager: 'connected pskIdentity 87pCUDjvUOOpM9P9GgVjqsK7_6UtfHAyYosdOXhaPuY for path /db/ThaliManagerCoordinated/_changes'
02-09 11:55:53.447  1650  1700 I jxcore-log: 
02-09 11:55:53.474  1650  1700 I jxcore-log: 2017-02-09 08:55:53 - DEBUG thaliPeerAction: 'we couldn't destroy http agent explicitly'
02-09 11:55:53.474  1650  1700 I jxcore-log: 
02-09 11:55:53.476  1650  1700 I jxcore-log: 2017-02-09 08:55:53 - DEBUG thaliPeerPoolDefault: 'Got err   Could not establish TCP connection'
02-09 11:55:53.476  1650  1700 I jxcore-log: 
02-09 11:55:53.534  1650  1700 I jxcore-log: 2017-02-09 08:55:53 - DEBUG thaliWifiInfrastructure: 'Emitting wifiPeerAvailabilityChanged {"peerIdentifier":"0f5b4ca1-14f2-48b4-9734-d7ba0aa3a1f6","generation":1,"hostAddress":"192.168.2.5","portNumber":49008}'
02-09 11:55:53.534  1650  1700 I jxcore-log: 
02-09 11:55:53.543  1650  1700 I jxcore-log: 2017-02-09 08:55:53 - DEBUG thaliManager: 'connected pskIdentity pnBCriRbNfrN06F_2qD3kj-1ETQ0AY-CfiGS6JSdi1I for path /db/ThaliManagerCoordinated/_changes'
02-09 11:55:53.543  1650  1700 I jxcore-log: 
02-09 11:55:53.572  1650  1700 I jxcore-log: 2017-02-09 08:55:53 - DEBUG thaliManager: 'connected pskIdentity pnBCriRbNfrN06F_2qD3kj-1ETQ0AY-CfiGS6JSdi1I for path /db/ThaliManagerCoordinated/_local/thali_BCA_f9tpFXZeFsAbo4ZmYDxEnE7n5l-O5aJYYKZbq7AFLB3fV6dEn--SOO67vDaJDYC_VRY6vDwjGMfyc1ysKYI'
02-09 11:55:53.572  1650  1700 I jxcore-log: 
02-09 11:55:53.614  1650  1700 I jxcore-log: 2017-02-09 08:55:53 - DEBUG thaliManager: 'connected pskIdentity pnBCriRbNfrN06F_2qD3kj-1ETQ0AY-CfiGS6JSdi1I for path /db/ThaliManagerCoordinated/_local/OSTi2I7PNwewTGtN6H6XdA%3D%3D'
02-09 11:55:53.614  1650  1700 I jxcore-log: 
02-09 11:55:53.633  1650  1700 I jxcore-log: 2017-02-09 08:55:53 - DEBUG thaliSendNotificationBasedOnReplication: 'We must have stopped because we are complete -{"status":"cancelled"}'
02-09 11:55:53.633  1650  1700 I jxcore-log: 
02-09 11:55:53.677  1650  1700 D io.jxcore.node.JXcoreExtension: startUpdateAdvertisingAndListening
02-09 11:55:53.679  1650  1700 I io.jxcore.node.ConnectionHelper: start: Port number: 43313, start advertisements: true
02-09 11:55:53.679  1650  1700 V io.jxcore.node.ConnectivityMonitor: start: Already started
02-09 11:55:53.679  1650  1700 I io.jxcore.node.StartStopOperationHandler: updateBeaconAdExtraInformation: New value: 2
02-09 11:55:53.679  1650  1700 I org.thaliproject.p2p.btconnectorlib.DiscoveryManagerSettings: setBeaconAdExtraInformation: 1 -> 2
02-09 11:55:53.679  1650  1700 I org.thaliproject.p2p.btconnectorlib.internal.AbstractBluetoothConnectivityAgent: clearIdentityString
02-09 11:55:53.680  1650  1700 I org.thaliproject.p2p.btconnectorlib.internal.AbstractBluetoothConnectivityAgent: verifyIdentityString: Identity string created: {"generation":2,"address":"BC:75:74:3A:BC:F8"}
02-09 11:55:53.680  1650  1700 D org.thaliproject.p2p.btconnectorlib.internal.bluetooth.BluetoothConnector: setIdentityString: {"generation":2,"address":"BC:75:74:3A:BC:F8"}
02-09 11:55:53.680  1650  1700 D org.thaliproject.p2p.btconnectorlib.DiscoveryManager: onAdvertiseScanSettingsChanged: Current thread: Thread[Thread-921,5,main], id: 921
02-09 11:55:53.680  1650  1700 I org.thaliproject.p2p.btconnectorlib.internal.bluetooth.le.BlePeerDiscoverer: applySettings:
02-09 11:55:53.680  1650  1700 I org.thaliproject.p2p.btconnectorlib.internal.bluetooth.le.BlePeerDiscoverer:     - Manufacturer ID: 49011
02-09 11:55:53.680  1650  1700 I org.thaliproject.p2p.btconnectorlib.internal.bluetooth.le.BlePeerDiscoverer:     - Beacon ad length and type: 533
02-09 11:55:53.680  1650  1700 I org.thaliproject.p2p.btconnectorlib.internal.bluetooth.le.BlePeerDiscoverer:     - Beacon ad extra information: 2
02-09 11:55:53.680  1650  1700 I org.thaliproject.p2p.btconnectorlib.internal.bluetooth.le.BlePeerDiscoverer:     - Advertisement data type: DO_NOT_CARE
02-09 11:55:53.680  1650  1700 I org.thaliproject.p2p.btconnectorlib.internal.bluetooth.le.BlePeerDiscoverer:     - Advertise mode: 2
02-09 11:55:53.680  1650  1700 I org.thaliproject.p2p.btconnectorlib.internal.bluetooth.le.BlePeerDiscoverer:     - Advertise TX power level: 3
02-09 11:55:53.680  1650  1700 I org.thaliproject.p2p.btconnectorlib.internal.bluetooth.le.BlePeerDiscoverer:     - Scan mode: 2
02-09 11:55:53.680  1650  1700 I org.thaliproject.p2p.btconnectorlib.internal.bluetooth.le.BlePeerDiscoverer:     - Scan report delay in milliseconds: 500
02-09 11:55:53.680  1650  1700 I org.thaliproject.p2p.btconnectorlib.internal.bluetooth.le.BlePeerDiscoverer:     - Current thread: Thread[Thread-921,5,main], id: 921
02-09 11:55:53.680  1650  1700 D org.thaliproject.p2p.btconnectorlib.internal.bluetooth.le.BlePeerDiscoverer: Beacon extra: 2
02-09 11:55:53.680  1650  1700 D org.thaliproject.p2p.btconnectorlib.internal.bluetooth.le.BlePeerDiscoverer: applySettings: advertiserWasStarted true Current thread: Thread[Thread-921,5,main], id: 921
02-09 11:55:53.680  1650  1700 D org.thaliproject.p2p.btconnectorlib.internal.bluetooth.le.BlePeerDiscoverer: applySettings: stop advertiser Current thread: Thread[Thread-921,5,main], id: 921
02-09 11:55:53.680  1650  1700 D org.thaliproject.p2p.btconnectorlib.internal.bluetooth.le.BleAdvertiser: stop. Current thread: Thread[Thread-921,5,main], id: 921
02-09 11:55:53.681 11651 11669 D BtGatt.AdvertiseManager: message : 1
02-09 11:55:53.682 11651 11669 D BtGatt.AdvertiseManager: stop advertise for client 6
02-09 11:55:53.700 11651 11667 D BtGatt.GattService: onAdvertiseInstanceDisabled() - clientIf=6, status=0
02-09 11:55:53.700 11651 11667 D BtGatt.GattService: Client app is not null!
02-09 11:55:53.702 11651 11703 D BtGatt.GattService: unregisterClient() - clientIf=6
02-09 11:55:53.702  1650  1700 D org.thaliproject.p2p.btconnectorlib.internal.bluetooth.le.BleAdvertiser: stop: Stopped
02-09 11:55:53.702  1650  1700 D org.thaliproject.p2p.btconnectorlib.internal.bluetooth.le.BleAdvertiser: setState: current  = RUNNING, new = NOT_STARTEDCurrent thread: Thread[Thread-921,5,main], id: 921
02-09 11:55:53.702  1650  1700 D org.thaliproject.p2p.btconnectorlib.internal.bluetooth.le.BleAdvertiser: setState: State changed from RUNNING to NOT_STARTED
02-09 11:55:53.702  1650  1700 D org.thaliproject.p2p.btconnectorlib.internal.bluetooth.le.BleAdvertiser: setState: finished Current thread: Thread[Thread-921,5,main], id: 921
02-09 11:55:53.703  1650  1700 D org.thaliproject.p2p.btconnectorlib.internal.bluetooth.le.BleAdvertiser: stop finished. Current thread: Thread[Thread-921,5,main], id: 921
02-09 11:55:53.703  1650  1700 D org.thaliproject.p2p.btconnectorlib.internal.bluetooth.le.BleAdvertiser: setAdvertiseSettings, Current thread: Thread[Thread-921,5,main], id: 921
02-09 11:55:53.703  1650  1700 I org.thaliproject.p2p.btconnectorlib.internal.bluetooth.le.BleAdvertiser: setAdvertiseSettings: Mode: 2, Tx power level: 3, timeout: 0, is connectable: false
02-09 11:55:53.703  1650  1700 D org.thaliproject.p2p.btconnectorlib.internal.bluetooth.le.BlePeerDiscoverer: applySettings: start advertiser Current thread: Thread[Thread-921,5,main], id: 921
02-09 11:55:53.703  1650  1700 D org.thaliproject.p2p.btconnectorlib.internal.bluetooth.le.BlePeerDiscoverer: startAdvertiser: Current thread: Thread[Thread-921,5,main], id: 921
02-09 11:55:53.703  1650  1700 D org.thaliproject.p2p.btconnectorlib.internal.bluetooth.le.BlePeerDiscoverer: stopPeerAddressHelperAdvertiser Current thread: Thread[Thread-921,5,main], id: 921
02-09 11:55:53.703  1650  1700 I org.thaliproject.p2p.btconnectorlib.internal.bluetooth.le.BlePeerDiscoverer: startAdvertiser: Starting...
02-09 11:55:53.703  1650  1700 D org.thaliproject.p2p.btconnectorlib.internal.bluetooth.le.BlePeerDiscoverer: createAdvertiseData: createAdvertiseDataToServiceData 
02-09 11:55:53.703  1650  1700 I org.thaliproject.p2p.btconnectorlib.internal.bluetooth.le.PeerAdvertisementFactory: createAdvertiseDataToServiceData: Service UUID: "cd8f3e87-9baf-4253-be43-1bd4e938c1ab", Bluetooth MAC address: "BC:75:74:3A:BC:F8"
02-09 11:55:53.703  1650  1700 V org.thaliproject.p2p.btconnectorlib.internal.bluetooth.le.PeerAdvertisementFactory: createAdvertiseDataToServiceData: Service data (length is 7 bytes): 02 BC 75 74 3A BC F8
02-09 11:55:53.703  1650  1700 V org.thaliproject.p2p.btconnectorlib.internal.bluetooth.le.PeerAdvertisementFactory: createAdvertiseDataToServiceData: Created: AdvertiseData [mServiceUuids=[cd8f3e87-9baf-4253-be43-1bd4e938c1ab], mManufacturerSpecificData={}, mServiceData={cd8f3e87-9baf-4253-be43-1bd4e938c1ab=[2, -68, 117, 116, 58, -68, -8]}, mIncludeTxPowerLevel=false, mIncludeDeviceName=false]
02-09 11:55:53.703  1650  1700 I org.thaliproject.p2p.btconnectorlib.internal.bluetooth.le.BlePeerDiscoverer: createAdvertiseData: created AdvertiseData [mServiceUuids=[cd8f3e87-9baf-4253-be43-1bd4e938c1ab], mManufacturerSpecificData={}, mServiceData={cd8f3e87-9baf-4253-be43-1bd4e938c1ab=[2, -68, 117, 116, 58, -68, -8]}, mIncludeTxPowerLevel=false, mIncludeDeviceName=false]
02-09 11:55:53.703  1650  1700 D org.thaliproject.p2p.btconnectorlib.internal.bluetooth.le.BleAdvertiser: setAdvertiseData: Current thread: Thread[Thread-921,5,main], id: 921
02-09 11:55:53.703  1650  1700 D org.thaliproject.p2p.btconnectorlib.internal.bluetooth.le.BleAdvertiser: setAdvertiseData: AdvertiseData [mServiceUuids=[cd8f3e87-9baf-4253-be43-1bd4e938c1ab], mManufacturerSpecificData={}, mServiceData={cd8f3e87-9baf-4253-be43-1bd4e938c1ab=[2, -68, 117, 116, 58, -68, -8]}, mIncludeTxPowerLevel=false, mIncludeDeviceName=false]. Current thread: Thread[Thread-921,5,main], id: 921
02-09 11:55:53.703  1650  1700 D org.thaliproject.p2p.btconnectorlib.internal.bluetooth.le.BleAdvertiser: setAdvertiseData: was started = false
02-09 11:55:53.703  1650  1700 D org.thaliproject.p2p.btconnectorlib.internal.bluetooth.le.BleAdvertiser: setAdvertiseData: advertiseData = AdvertiseData [mServiceUuids=[cd8f3e87-9baf-4253-be43-1bd4e938c1ab], mManufacturerSpecificData={}, mServiceData={cd8f3e87-9baf-4253-be43-1bd4e938c1ab=[2, -68, 117, 116, 58, -68, -8]}, mIncludeTxPowerLevel=false, mIncludeDeviceName=false]
02-09 11:55:53.703  1650  1700 D org.thaliproject.p2p.btconnectorlib.internal.bluetooth.le.BleAdvertiser: setAdvertiseData finished: Current thread: Thread[Thread-921,5,main], id: 921
02-09 11:55:53.704  1650  1700 D org.thaliproject.p2p.btconnectorlib.internal.bluetooth.le.BleAdvertiser: start:  state = NOT_STARTEDCurrent thread: Thread[Thread-921,5,main], id: 921
02-09 11:55:53.704  1650  1700 I org.thaliproject.p2p.btconnectorlib.internal.bluetooth.le.BleAdvertiser: start: Starting... advertisement data = AdvertiseData [mServiceUuids=[cd8f3e87-9baf-4253-be43-1bd4e938c1ab], mManufacturerSpecificData={}, mServiceData={cd8f3e87-9baf-4253-be43-1bd4e938c1ab=[2, -68, 117, 116, 58, -68, -8]}, mIncludeTxPowerLevel=false, mIncludeDeviceName=false], Current thread: Thread[Thread-921,5,main], id: 921
02-09 11:55:53.704  1650  1700 D BluetoothAdapter: STATE_ON
02-09 11:55:53.706 11651 11661 D BtGatt.GattService: registerClient() - UUID=4e5f3e53-1fa7-45a4-8046-22a24ffb6454
02-09 11:55:53.707 11651 11667 D BtGatt.GattService: onClientRegistered() - UUID=4e5f3e53-1fa7-45a4-8046-22a24ffb6454, clientIf=6
02-09 11:55:53.707  1650  1662 D BluetoothLeAdvertiser: onClientRegistered() - status=0 clientIf=6
02-09 11:55:53.710 11651 11669 D BtGatt.AdvertiseManager: message : 0
02-09 11:55:53.715 11651 11669 D BtGatt.AdvertiseManager: starting multi advertising
02-09 11:55:53.732 11651 11667 D BtGatt.GattService: onAdvertiseInstanceEnabled() - clientIf=6, status=0
02-09 11:55:53.739 11651 11667 D BtGatt.GattService: onAdvertiseDataSet() - clientIf=6, status=0
02-09 11:55:53.739  1650  1700 I org.thaliproject.p2p.btconnectorlib.internal.bluetooth.le.BleAdvertiser: start: Started advertisment Current thread: Thread[Thread-921,5,main], id: 921
02-09 11:55:53.739  1650  1650 D org.thaliproject.p2p.btconnectorlib.internal.bluetooth.le.BleAdvertiser: onStartSuccess : Current thread: Thread[main,5,main], id: 1
02-09 11:55:53.739  1650  1700 D org.thaliproject.p2p.btconnectorlib.internal.bluetooth.le.BleAdvertiser: setState: current  = NOT_STARTED, new = STARTINGCurrent thread: Thread[Thread-921,5,main], id: 921
02-09 11:55:53.739  1650  1700 D org.thaliproject.p2p.btconnectorlib.internal.bluetooth.le.BleAdvertiser: setState: State changed from NOT_STARTED to STARTING
02-09 11:55:53.739  1650  1700 D org.thaliproject.p2p.btconnectorlib.internal.bluetooth.le.BleAdvertiser: setState: onIsAdvertiserStartedChanged default (no call to listener). Current thread: Thread[Thread-921,5,main], id: 921
02-09 11:55:53.739  1650  1700 D org.thaliproject.p2p.btconnectorlib.internal.bluetooth.le.BleAdvertiser: setState: finished Current thread: Thread[Thread-921,5,main], id: 921
02-09 11:55:53.740  1650  1700 I org.thaliproject.p2p.btconnectorlib.internal.bluetooth.le.BleAdvertiser: start: return, state = STARTINGCurrent thread: Thread[Thread-921,5,main], id: 921
02-09 11:55:53.740  1650  1700 D org.thaliproject.p2p.btconnectorlib.internal.bluetooth.le.BleAdvertiser: start returned: Current thread: Thread[Thread-921,5,main], id: 921
02-09 11:55:53.740  1650  1700 D org.thaliproject.p2p.btconnectorlib.internal.bluetooth.le.BlePeerDiscoverer: startAdvertiser started = true Current thread: Thread[Thread-921,5,main], id: 921
02-09 11:55:53.740  1650  1700 D org.thaliproject.p2p.btconnectorlib.internal.bluetooth.le.BlePeerDiscoverer: applySettings: start advertiser started = true Current thread: Thread[Thread-921,5,main], id: 921
02-09 11:55:53.740  1650  1700 D org.thaliproject.p2p.btconnectorlib.internal.bluetooth.le.BleScanner: applyAdditionalMarshmallowSettings
02-09 11:55:53.740  1650  1700 D org.thaliproject.p2p.btconnectorlib.internal.bluetooth.le.BlePeerDiscoverer: applySettings: scannerWasStarted true Current thread: Thread[Thread-921,5,main], id: 921
02-09 11:55:53.740  1650  1650 D org.thaliproject.p2p.btconnectorlib.internal.bluetooth.le.BleAdvertiser: setState: current  = STARTING, new = RUNNINGCurrent thread: Thread[main,5,main], id: 1
02-09 11:55:53.740  1650  1700 D org.thaliproject.p2p.btconnectorlib.internal.bluetooth.le.BlePeerDiscoverer: applySettings: stop scanner Current thread: Thread[Thread-921,5,main], id: 921
02-09 11:55:53.740  1650  1700 D org.thaliproject.p2p.btconnectorlib.internal.bluetooth.le.BleScanner: stop, Current thread: Thread[Thread-921,5,main], id: 921
02-09 11:55:53.740  1650  1650 D org.thaliproject.p2p.btconnectorlib.internal.bluetooth.le.BleAdvertiser: setState: State changed from STARTING to RUNNING
02-09 11:55:53.740  1650  1650 D org.thaliproject.p2p.btconnectorlib.internal.bluetooth.le.BleAdvertiser: notifyAdvertiserStateChanged: started =  true. Current thread: Thread[main,5,main], id: 1
02-09 11:55:53.740  1650  1650 D org.thaliproject.p2p.btconnectorlib.internal.bluetooth.le.BleAdvertiser: setState: finished Current thread: Thread[main,5,main], id: 1
02-09 11:55:53.740  1650  1700 D BluetoothAdapter: STATE_ON
02-09 11:55:53.740  1650  1650 I org.thaliproject.p2p.btconnectorlib.internal.bluetooth.le.BlePeerDiscoverer: onIsAdvertiserStartedChanged: trueCurrent thread: Thread[main,5,main], id: 1
02-09 11:55:53.740 11651 11698 D BtGatt.GattService: flushPendingBatchResults - clientIf=5, isServer=false
02-09 11:55:53.740  1650  1650 D org.thaliproject.p2p.btconnectorlib.internal.bluetooth.le.BlePeerDiscoverer: updateState : Current thread: Thread[main,5,main], id: 1
02-09 11:55:53.740  1650  1650 D org.thaliproject.p2p.btconnectorlib.internal.bluetooth.le.BlePeerDiscoverer: updateState: deducedStateSet: [SCANNING, ADVERTISING]
02-09 11:55:53.740  1650  1700 D org.thaliproject.p2p.btconnectorlib.internal.bluetooth.le.BleScanner: stop: scan results are flushed 
02-09 11:55:53.741  1650  1650 D org.thaliproject.p2p.btconnectorlib.internal.bluetooth.le.BlePeerDiscoverer: updateState: stateSet: [SCANNING, ADVERTISING]
02-09 11:55:53.741  1650  1650 D org.thaliproject.p2p.btconnectorlib.internal.bluetooth.le.BlePeerDiscoverer: Current thread: Thread[main,5,main], id: 1
02-09 11:55:53.741  1650  1650 D org.thaliproject.p2p.btconnectorlib.internal.bluetooth.le.BlePeerDiscoverer: update state finished. Current thread: Thread[main,5,main], id: 1
02-09 11:55:53.741 11651 11670 D BtGatt.ScanManager: flushPendingBatchResults - clientIf = 5
02-09 11:55:53.747  1650  1700 D BluetoothAdapter: STATE_ON
02-09 11:55:53.748 11651 11699 D BtGatt.GattService: stopScan() - queue size =1
02-09 11:55:53.748 11651 11667 D BtGatt.GattService: onBatchScanReports() - clientIf=5, status=0, reportType=2, numRecords=0
02-09 11:55:53.748 11651 11667 D BtGatt.ScanManager: callback done for clientIf - 5 status - 0
02-09 11:55:53.749 11651 11661 D BtGatt.GattService: unregisterClient() - clientIf=5
02-09 11:55:53.749  1650  1650 D org.thaliproject.p2p.btconnectorlib.internal.bluetooth.le.BleScanner: onBatchScanResults: results count  = 0. Current thread: Thread[main,5,main], id: 1
02-09 11:55:53.749  1650  1700 D org.thaliproject.p2p.btconnectorlib.internal.bluetooth.le.BleScanner: stop: Stopped
02-09 11:55:53.749  1650  1700 D org.thaliproject.p2p.btconnectorlib.internal.bluetooth.le.BleScanner: set state: Current thread: Thread[Thread-921,5,main], id: 921
02-09 11:55:53.749  1650  1700 D org.thaliproject.p2p.btconnectorlib.internal.bluetooth.le.BleScanner: setState: State changed from RUNNING to NOT_STARTED
02-09 11:55:53.749  1650  1700 D org.thaliproject.p2p.btconnectorlib.internal.bluetooth.le.BleScanner: stop finished, Current thread: Thread[Thread-921,5,main], id: 921
02-09 11:55:53.749  1650  1700 I org.thaliproject.p2p.btconnectorlib.internal.bluetooth.le.BleScanner: setScanSettings: Mode: 2, report delay in milliseconds: 500, scan result type: 0
02-09 11:55:53.749  1650  1700 D org.thaliproject.p2p.btconnectorlib.internal.bluetooth.le.BlePeerDiscoverer: applySettings: start scanner Current thread: Thread[Thread-921,5,main], id: 921
02-09 11:55:53.750  1650  1700 D org.thaliproject.p2p.btconnectorlib.internal.bluetooth.le.BlePeerDiscoverer: startScanner: Current thread: Thread[Thread-921,5,main], id: 921
02-09 11:55:53.750  1650  1700 I org.thaliproject.p2p.btconnectorlib.internal.bluetooth.le.BlePeerDiscoverer: startScanner: Starting...
02-09 11:55:53.750  1650  1700 D org.thaliproject.p2p.btconnectorlib.internal.bluetooth.le.BlePeerDiscoveryUtils: createScanFilter: No service UUID, use manufacturer ID: true
02-09 11:55:53.750  1650  1700 D org.thaliproject.p2p.btconnectorlib.internal.bluetooth.le.BlePeerDiscoveryUtils: manufacturer ID: 49011
02-09 11:55:53.750  1650  1700 D org.thaliproject.p2p.btconnectorlib.internal.bluetooth.le.BlePeerDiscoveryUtils: createScanFilter: BluetoothLeScanFilter [mDeviceName=null, mDeviceAddress=null, mUuid=null, mUuidMask=null, mServiceDataUuid=null, mServiceData=null, mServiceDataMask=null, mManufacturerId=49011, mManufacturerData=null, mManufacturerDataMask=null]
02-09 11:55:53.750  1650  1700 D org.thaliproject.p2p.btconnectorlib.internal.bluetooth.le.BleScanner: start: Current thread: Thread[Thread-921,5,main], id: 921
02-09 11:55:53.751  1650  1700 D BluetoothAdapter: STATE_ON
02-09 11:55:53.754 11651 11699 D BtGatt.GattService: registerClient() - UUID=16b76702-75b4-48f6-a92c-8dc545f23bd8
02-09 11:55:53.754 11651 11667 D BtGatt.GattService: onClientRegistered() - UUID=16b76702-75b4-48f6-a92c-8dc545f23bd8, clientIf=5
02-09 11:55:53.754  1650  1661 D BluetoothLeScanner: onClientRegistered() - status=0 clientIf=5
02-09 11:55:53.755 11651 11662 D BtGatt.GattService: start scan with filters
02-09 11:55:53.757 11651 11667 D BtGatt.GattService: onScanFilterParamsConfigured() - clientIf=5, status=0, action=1, availableSpace=32
02-09 11:55:53.758 11651 11667 D BtGatt.ScanManager: callback done for clientIf - 5 status - 0
02-09 11:55:53.758 11651 11670 D BtGatt.ScanManager: stopping BLe Batch
02-09 11:55:53.758  1650  1700 D org.thaliproject.p2p.btconnectorlib.internal.bluetooth.le.BleScanner: start: scan started
02-09 11:55:53.759  1650  1700 D org.thaliproject.p2p.btconnectorlib.internal.bluetooth.le.BleScanner: set state: Current thread: Thread[Thread-921,5,main], id: 921
02-09 11:55:53.759  1650  1700 D org.thaliproject.p2p.btconnectorlib.internal.bluetooth.le.BleScanner: setState: State changed from NOT_STARTED to RUNNING
02-09 11:55:53.759  1650  1700 D org.thaliproject.p2p.btconnectorlib.internal.bluetooth.le.BleScanner: notifyScannerStateChanged: started =  true. Current thread: Thread[Thread-921,5,main], id: 921
02-09 11:55:53.759  1650  1700 D org.thaliproject.p2p.btconnectorlib.internal.bluetooth.le.BlePeerDiscoverer: applySettings: start scanner started = true Current thread: Thread[Thread-921,5,main], id: 921
02-09 11:55:53.759  1650  1700 V io.jxcore.node.StartStopOperation: isTargetState: Connectivity: RUNNING, discovery: RUNNING_BLE, is discovering: true, is advertising: true - Start operation: Should start/stop everything
02-09 11:55:53.759  1650  1700 V io.jxcore.node.StartStopOperationHandler: executeCurrentOperation: The current state already matches the desired outcome of this operation, skipping...
02-09 11:55:53.759  1650  1700 I io.jxcore.node.ConnectionHelper: start: OK
02-09 11:55:53.759  1650  1650 I org.thaliproject.p2p.btconnectorlib.internal.bluetooth.le.BlePeerDiscoverer: onIsScannerStartedChanged: trueCurrent thread: Thread[main,5,main], id: 1
02-09 11:55:53.759  1650  1650 D org.thaliproject.p2p.btconnectorlib.internal.bluetooth.le.BlePeerDiscoverer: updateState : Current thread: Thread[main,5,main], id: 1
02-09 11:55:53.759  1650  1650 D org.thaliproject.p2p.btconnectorlib.internal.bluetooth.le.BlePeerDiscoverer: updateState: deducedStateSet: [SCANNING, ADVERTISING]
02-09 11:55:53.760  1650  1650 D org.thaliproject.p2p.btconnectorlib.internal.bluetooth.le.BlePeerDiscoverer: updateState: stateSet: [SCANNING, ADVERTISING]
02-09 11:55:53.760  1650  1650 D org.thaliproject.p2p.btconnectorlib.internal.bluetooth.le.BlePeerDiscoverer: Current thread: Thread[main,5,main], id: 1
02-09 11:55:53.760  1650  1650 D org.thaliproject.p2p.btconnectorlib.internal.bluetooth.le.BlePeerDiscoverer: update state finished. Current thread: Thread[main,5,main], id: 1
02-09 11:55:53.764 11651 11667 D BtGatt.GattService: onBatchScanStartStopped() - clientIf=5, status=0, startStopAction=0
02-09 11:55:53.764 11651 11667 D BtGatt.ScanManager: callback done for clientIf - 5 status - 0
02-09 11:55:53.764 11651 11670 D BtGatt.ScanManager: flushPendingBatchResults - clientIf = 5
02-09 11:55:53.770 11651 11667 D BtGatt.GattService: onBatchScanReports() - clientIf=5, status=0, reportType=2, numRecords=0
02-09 11:55:53.770 11651 11667 D BtGatt.ScanManager: callback done for clientIf - 5 status - 0
02-09 11:55:53.771 11651 11670 D BtGatt.ScanManager: handling starting scan
02-09 11:55:53.777 11651 11667 D BtGatt.GattService: onScanFilterEnableDisabled() - clientIf=5, status=0, action=1
02-09 11:55:53.777 11651 11667 D BtGatt.ScanManager: callback done for clientIf - 5 status - 0
02-09 11:55:53.779 11651 11670 D BtGatt.ScanManager: configureFilterParamter 1500 10000 4 0
02-09 11:55:53.783 11651 11667 D BtGatt.GattService: onScanFilterParamsConfigured() - clientIf=5, status=0, action=0, availableSpace=31
02-09 11:55:53.783 11651 11667 D BtGatt.ScanManager: callback done for clientIf - 5 status - 0
02-09 11:55:53.783 11651 11670 D BtGatt.ScanManager: Starting BLE batch scan
02-09 11:55:53.783 11651 11670 D BtGatt.ScanManager: configuring batch scan storage, appIf 5
02-09 11:55:53.791 11651 11667 D BtGatt.GattService: onBatchScanStorageConfigured() - clientIf=5, status=0
02-09 11:55:53.792 11651 11667 D BtGatt.ScanManager: callback done for clientIf - 5 status - 0
02-09 11:55:53.796 11651 11667 D BtGatt.GattService: onBatchScanStartStopped() - clientIf=5, status=0, startStopAction=1
02-09 11:55:53.796 11651 11667 D BtGatt.ScanManager: callback done for clientIf - 5 status - 0
02-09 11:55:53.828  1650  1700 I jxcore-log: 2017-02-09 08:55:53 - INFO nodeSSDPServerLogger: '{ address: 'http://0.0.0.0:1900' } 'SSDP listening''
02-09 11:55:53.828  1650  1700 I jxcore-log: 
02-09 11:55:53.829  1650  1700 I jxcore-log: 2017-02-09 08:55:53 - INFO nodeSSDPServerLogger: 'UDP socket bound'
02-09 11:55:53.829  1650  1700 I jxcore-log: 
02-09 11:55:53.830  1650  1700 I jxcore-log: 2017-02-09 08:55:53 - INFO nodeSSDPServerLogger: 'Socket bound'
02-09 11:55:53.830  1650  1700 I jxcore-log: 
02-09 11:55:53.855  1650  1700 I jxcore-log: 2017-02-09 08:55:53 - DEBUG thaliWifiInfrastructure: 'Emitting wifiPeerAvailabilityChanged {"peerIdentifier":"0f5b4ca1-14f2-48b4-9734-d7ba0aa3a1f6","generation":1,"portNumber":null,"hostAddress":null}'
02-09 11:55:53.855  1650  1700 I jxcore-log: 
02-09 11:55:53.856  1650  1700 I jxcore-log: 2017-02-09 08:55:53 - DEBUG thaliMobile: 'Emitting peerAvailabilityChanged from handlePeer {"peerIdentifier":"0f5b4ca1-14f2-48b4-9734-d7ba0aa3a1f6","connectionType":"tcp","peerAvailable":false,"generation":1,"newAddressPort":null}'
02-09 11:55:53.856  1650  1700 I jxcore-log: 
02-09 11:55:53.856  1650  1700 I jxcore-log: 2017-02-09 08:55:53 - WARN thaliNotificationClient: 'peer is not available'
02-09 11:55:53.856  1650  1700 I jxcore-log: 
02-09 11:55:53.857  1650  1700 I jxcore-log: 2017-02-09 08:55:53 - DEBUG thaliWifiInfrastructure: 'Emitting wifiPeerAvailabilityChanged {"peerIdentifier":"0f5b4ca1-14f2-48b4-9734-d7ba0aa3a1f6","generation":2,"hostAddress":"192.168.2.5","portNumber":49008}'
02-09 11:55:53.857  1650  1700 I jxcore-log: 
02-09 11:55:53.858  1650  1700 I jxcore-log: 2017-02-09 08:55:53 - DEBUG thaliMobile: 'Emitting peerAvailabilityChanged from handlePeer {"peerIdentifier":"0f5b4ca1-14f2-48b4-9734-d7ba0aa3a1f6","connectionType":"tcp","peerAvailable":true,"generation":2,"newAddressPort":false}'
02-09 11:55:53.858  1650  1700 I jxcore-log: 
02-09 11:55:53.863  1650  1700 I jxcore-log: 2017-02-09 08:55:53 - DEBUG thaliWifiInfrastructure: 'Emitting wifiPeerAvailabilityChanged {"peerIdentifier":"7b9934d0-bc33-4ec2-8a5a-49e0b403d4ac","generation":0,"hostAddress":"192.168.2.3","portNumber":38530}'
02-09 11:55:53.863  1650  1700 I jxcore-log: 
02-09 11:55:53.864  1650  1700 I jxcore-log: 2017-02-09 08:55:53 - DEBUG thaliWifiInfrastructure: 'Emitting wifiPeerAvailabilityChanged {"peerIdentifier":"7b9934d0-bc33-4ec2-8a5a-49e0b403d4ac","generation":0,"portNumber":null,"hostAddress":null}'
02-09 11:55:53.864  1650  1700 I jxcore-log: 
02-09 11:55:53.865  1650  1700 I jxcore-log: 2017-02-09 08:55:53 - DEBUG thaliMobile: 'Emitting peerAvailabilityChanged from handlePeer {"peerIdentifier":"7b9934d0-bc33-4ec2-8a5a-49e0b403d4ac","connectionType":"tcp","peerAvailable":false,"generation":0,"newAddressPort":null}'
02-09 11:55:53.865  1650  1700 I jxcore-log: 
02-09 11:55:53.865  1650  1700 I jxcore-log: 2017-02-09 08:55:53 - WARN thaliNotificationClient: 'peer is not available'
02-09 11:55:53.865  1650  1700 I jxcore-log: 
02-09 11:55:53.865  1650  1700 I jxcore-log: 2017-02-09 08:55:53 - DEBUG thaliPeerAction: 'we couldn't destroy http agent explicitly'
02-09 11:55:53.865  1650  1700 I jxcore-log: 
02-09 11:55:53.892  1650  1700 I jxcore-log: 2017-02-09 08:55:53 - DEBUG thaliManager: 'connected pskIdentity 87pCUDjvUOOpM9P9GgVjqsK7_6UtfHAyYosdOXhaPuY for path /db/ThaliManagerCoordinated/_changes'
02-09 11:55:53.892  1650  1700 I jxcore-log: 
02-09 11:55:53.913  1650  1700 I jxcore-log: 2017-02-09 08:55:53 - DEBUG thaliManager: 'connected pskIdentity pnBCriRbNfrN06F_2qD3kj-1ETQ0AY-CfiGS6JSdi1I for path /db/ThaliManagerCoordinated/_changes'
02-09 11:55:53.913  1650  1700 I jxcore-log: 
02-09 11:55:53.917  1650  1700 I jxcore-log: 2017-02-09 08:55:53 - DEBUG thaliManager: 'connected pskIdentity 87pCUDjvUOOpM9P9GgVjqsK7_6UtfHAyYosdOXhaPuY for path /db/ThaliManagerCoordinated/_all_docs'
02-09 11:55:53.917  1650  1700 I jxcore-log: 
02-09 11:55:53.928  1650  1700 I jxcore-log: 2017-02-09 08:55:53 - DEBUG thaliManager: 'connected pskIdentity pnBCriRbNfrN06F_2qD3kj-1ETQ0AY-CfiGS6JSdi1I for path /db/ThaliManagerCoordinated/_local/thali_BCA_f9tpFXZeFsAbo4ZmYDxEnE7n5l-O5aJYYKZbq7AFLB3fV6dEn--SOO67vDaJDYC_VRY6vDwjGMfyc1ysKYI'
02-09 11:55:53.928  1650  1700 I jxcore-log: 
02-09 11:55:53.975  1650  1700 I jxcore-log: 2017-02-09 08:55:53 - DEBUG thaliPeerAction: 'we couldn't destroy http agent explicitly'
02-09 11:55:53.975  1650  1700 I jxcore-log: 
02-09 11:55:53.999  1650  1700 I jxcore-log: 2017-02-09 08:55:53 - DEBUG thaliManager: 'connected pskIdentity Beacon Please for path /NotificationBeacons'
02-09 11:55:53.999  1650  1700 I jxcore-log: 
02-09 11:55:54.033  1650  1700 I jxcore-log: 2017-02-09 08:55:54 - DEBUG thaliManager: 'connected pskIdentity Beacon Please for path /NotificationBeacons'
02-09 11:55:54.033  1650  1700 I jxcore-log: 
02-09 11:55:54.083  1650  1700 I jxcore-log: 2017-02-09 08:55:54 - DEBUG thaliManager: 'connected pskIdentity pnBCriRbNfrN06F_2qD3kj-1ETQ0AY-CfiGS6JSdi1I for path /db/ThaliManagerCoordinated/_local/OSTi2I7PNwewTGtN6H6XdA%3D%3D'
02-09 11:55:54.083  1650  1700 I jxcore-log: 
02-09 11:55:54.158  1650  1700 I jxcore-log: 2017-02-09 08:55:54 - DEBUG thaliManager: 'connected pskIdentity xKxBt4Q9euyAy1ngxqV4gbpigbCc-69EVHof_ntEojg for path /db/'
02-09 11:55:54.158  1650  1700 I jxcore-log: 
02-09 11:55:54.199  1650  1700 I jxcore-log: 2017-02-09 08:55:54 - DEBUG thaliManager: 'connected pskIdentity SpMqYanY2rXDO1M7yPUC_xACH6YFieWPoLwbhNWerqo for path /db/'
02-09 11:55:54.199  1650  1700 I jxcore-log: 
02-09 11:55:54.229  1650  1700 I jxcore-log: 2017-02-09 08:55:54 - DEBUG thaliManager: 'connected pskIdentity 87pCUDjvUOOpM9P9GgVjqsK7_6UtfHAyYosdOXhaPuY for path /db/ThaliManagerCoordinated/_changes'
02-09 11:55:54.229  1650  1700 I jxcore-log: 
02-09 11:55:54.265  1650  1700 I jxcore-log: 2017-02-09 08:55:54 - DEBUG thaliManager: 'connected pskIdentity xKxBt4Q9euyAy1ngxqV4gbpigbCc-69EVHof_ntEojg for path /db/ThaliManagerCoordinated/_local/OSTi2I7PNwewTGtN6H6XdA%3D%3D'
02-09 11:55:54.265  1650  1700 I jxcore-log: 
02-09 11:55:54.275  1650  1700 I jxcore-log: 2017-02-09 08:55:54 - DEBUG thaliManager: 'connected pskIdentity 87pCUDjvUOOpM9P9GgVjqsK7_6UtfHAyYosdOXhaPuY for path /db/ThaliManagerCoordinated/_local/thali_BA30PdyoXXaMiNCrlhpXHZrU6nLf0x3-qSwYr_6mO95uhHz6mVtt4MDc3hjTz5mT4ozvV87zs-zLNreZF2n33yk'
02-09 11:55:54.275  1650  1700 I jxcore-log: 
02-09 11:55:54.292  1650  1700 I jxcore-log: 2017-02-09 08:55:54 - DEBUG thaliManager: 'connected pskIdentity pnBCriRbNfrN06F_2qD3kj-1ETQ0AY-CfiGS6JSdi1I for path /db/ThaliManagerCoordinated/_local/OSTi2I7PNwewTGtN6H6XdA%3D%3D'
02-09 11:55:54.292  1650  1700 I jxcore-log: 
02-09 11:55:54.299 11651 11651 D BtGatt.ScanManager: awakened up at time 2065311898
02-09 11:55:54.300 11651 11670 D BtGatt.ScanManager: flushPendingBatchResults - clientIf = 5
02-09 11:55:54.313  1650  1700 I jxcore-log: 2017-02-09 08:55:54 - DEBUG thaliManager: 'connected pskIdentity SpMqYanY2rXDO1M7yPUC_xACH6YFieWPoLwbhNWerqo for path /db/ThaliManagerCoordinated/_changes'
02-09 11:55:54.313  1650  1700 I jxcore-log: 
02-09 11:55:54.319  1650  1700 I jxcore-log: 2017-02-09 08:55:54 - DEBUG thaliManager: 'connected pskIdentity 87pCUDjvUOOpM9P9GgVjqsK7_6UtfHAyYosdOXhaPuY for path /db/ThaliManagerCoordinated/_local/pWrSaO80cQcEpn8SK8rApw%3D%3D'
02-09 11:55:54.319  1650  1700 I jxcore-log: 
02-09 11:55:54.323 11651 11667 D BtGatt.GattService: onBatchScanReports() - clientIf=5, status=0, reportType=2, numRecords=4
02-09 11:55:54.323 11651 11667 D BtGatt.ScanManager: callback done for clientIf - 5 status - 0
02-09 11:55:54.323 11651 11667 D BtGatt.GattService: current time is 2065311923167714
02-09 11:55:54.323 11651 11667 D BtGatt.GattService: Batch record : [-122, -30, 34, -53, -88, 95, 1, -128, -63, 5, 0, 29, 17, 7, -85, -63, 56, -23, -44, 27, 67, -66, 83, 66, -81, -101, -121, 62, -113, -51, 10, 22, -121, 62, 1, -68, 117, 116, 58, -67, 15, 0, 15, -67, 58, 116, 117, -68, 0, -128, -63, 2, 0, 29, 17, 7, -85, -63, 56, -23, -44, 27, 67, -66, 83, 66, -81, -101, -121, 62, -113, -51, 10, 22, -121, 62, 1, -68, 117, 116, 58, -67, 15, 0, 60, -128, 66, -1, 30, 96, 1, -128, -60, 1, 0, 29, 17, 7, -85, -63, 56, -23, -44, 27, 67, -66, 83, 66, -81, -101, -121, 62, -113, -51, 10, 22, -121, 62, 2, 36, 0, -70, -7, -102, -97, 0, -97, -102, -7, -70, 0, 36, 0, -128, -60, 1, 0, 29, 17, 7, -85, -63, 56, -23, -44, 27, 67, -66, 83, 66, -81, -101, -121, 62, -113, -51, 10, 22, -121, 62, 2, 36, 0, -70, -7, -102, -97, 0]
02-09 11:55:54.323 11651 11667 D BtGatt.GattService: ScanRecord : [17, 7, -85, -63, 56, -23, -44, 27, 67, -66, 83, 66, -81, -101, -121, 62, -113, -51, 10, 22, -121, 62, 1, -68, 117, 116, 58, -67, 15]
02-09 11:55:54.324 11651 11667 D BtGatt.GattService: ScanRecord : [17, 7, -85, -63, 56, -23, -44, 27, 67, -66, 83, 66, -81, -101, -121, 62, -113, -51, 10, 22, -121, 62, 1, -68, 117, 116, 58, -67, 15]
02-09 11:55:54.324 11651 11667 D BtGatt.GattService: ScanRecord : [17, 7, -85, -63, 56, -23, -44, 27, 67, -66, 83, 66, -81, -101, -121, 62, -113, -51, 10, 22, -121, 62, 2, 36, 0, -70, -7, -102, -97]
02-09 11:55:54.324 11651 11667 D BtGatt.GattService: ScanRecord : [17, 7, -85, -63, 56, -23, -44, 27, 67, -66, 83, 66, -81, -101, -121, 62, -113, -51, 10, 22, -121, 62, 2, 36, 0, -70, -7, -102, -97]
02-09 11:55:54.325  1650  1650 D org.thaliproject.p2p.btconnectorlib.internal.bluetooth.le.BleScanner: onBatchScanResults: results count  = 4. Current thread: Thread[main,5,main], id: 1
02-09 11:55:54.325  1650  1650 D org.thaliproject.p2p.btconnectorlib.internal.bluetooth.le.BlePeerDiscoverer: checkScanResult: ScanResult{mDevice=5F:A8:CB:22:E2:86, mScanRecord=ScanRecord [mAdvertiseFlags=-1, mServiceUuids=[cd8f3e87-9baf-4253-be43-1bd4e938c1ab], mManufacturerSpecificData={}, mServiceData={00003e87-0000-1000-8000-00805f9b34fb=[1, -68, 117, 116, 58, -67, 15]}, mTxPowerLevel=-2147483648, mDeviceName=null], mRssi=-63, mTimestampNanos=2065311673417193}
02-09 11:55:54.326  1650  1650 D org.thaliproject.p2p.btconnectorlib.internal.bluetooth.le.BlePeerDiscoverer: checkScanResult: parsedAdvertisement: [UUID = null, bluetoothMacAddress = BC:75:74:3A:BD:0F, provideBluetoothMacAddressRequestId = nullextra info = 1]
02-09 11:55:54.326  1650  1650 V org.thaliproject.p2p.btconnectorlib.internal.bluetooth.le.BlePeerDiscoverer: checkScanResult: Resolved advertisement type: ADVERTISEMENT_PEER_PROPERTIES
02-09 11:55:54.326  1650  1650 D org.thaliproject.p2p.btconnectorlib.internal.bluetooth.le.PeerAdvertisementFactory: Parsed advertisment: [UUID = cd8f3e87-9baf-4253-be43-1bd4e938c1ab, bluetoothMacAddress = BC:75:74:3A:BD:0F, provideBluetoothMacAddressRequestId = nullextra info = 1]
02-09 11:55:54.326  1650  1650 D org.thaliproject.p2p.btconnectorlib.internal.bluetooth.le.BlePeerDiscoverer: checkScanResult onPeerDiscovered [BC:75:74:3A:BD:0F 1]
02-09 11:55:54.326  1650  1650 D org.thaliproject.p2p.btconnectorlib.internal.bluetooth.le.BlePeerDiscoverer: checkScanResult: ScanResult{mDevice=BC:75:74:3A:BD:0F, mScanRecord=ScanRecord [mAdvertiseFlags=-1, mServiceUuids=[cd8f3e87-9baf-4253-be43-1bd4e938c1ab], mManufacturerSpecificData={}, mServiceData={00003e87-0000-1000-8000-00805f9b34fb=[1, -68, 117, 116, 58, -67, 15]}, mTxPowerLevel=-2147483648, mDeviceName=null], mRssi=-63, mTimestampNanos=2065311823417193}
02-09 11:55:54.326  1650  1650 D org.thaliproject.p2p.btconnectorlib.internal.bluetooth.le.BlePeerDiscoverer: checkScanResult: parsedAdvertisement: [UUID = null, bluetoothMacAddress = BC:75:74:3A:BD:0F, provideBluetoothMacAddressRequestId = nullextra info = 1]
02-09 11:55:54.326  1650  1650 V org.thaliproject.p2p.btconnectorlib.internal.bluetooth.le.BlePeerDiscoverer: checkScanResult: Resolved advertisement type: ADVERTISEMENT_PEER_PROPERTIES
02-09 11:55:54.327  1650  1650 D org.thaliproject.p2p.btconnectorlib.internal.bluetooth.le.PeerAdvertisementFactory: Parsed advertisment: [UUID = cd8f3e87-9baf-4253-be43-1bd4e938c1ab, bluetoothMacAddress = BC:75:74:3A:BD:0F, provideBluetoothMacAddressRequestId = nullextra info = 1]
02-09 11:55:54.327  1650  1650 D org.thaliproject.p2p.btconnectorlib.internal.bluetooth.le.BlePeerDiscoverer: checkScanResult onPeerDiscovered [BC:75:74:3A:BD:0F 1]
02-09 11:55:54.327  1650  1650 D org.thaliproject.p2p.btconnectorlib.internal.bluetooth.le.BlePeerDiscoverer: checkScanResult: ScanResult{mDevice=24:00:BA:F9:9A:9F, mScanRecord=ScanRecord [mAdvertiseFlags=-1, mServiceUuids=[cd8f3e87-9baf-4253-be43-1bd4e938c1ab], mManufacturerSpecificData={}, mServiceData={00003e87-0000-1000-8000-00805f9b34fb=[2, 36, 0, -70, -7, -102, -97]}, mTxPowerLevel=-2147483648, mDeviceName=null], mRssi=-60, mTimestampNanos=2065311873417193}
02-09 11:55:54.327  1650  1650 D org.thaliproject.p2p.btconnectorlib.internal.bluetooth.le.BlePeerDiscoverer: checkScanResult: parsedAdvertisement: [UUID = null, bluetoothMacAddress = 24:00:BA:F9:9A:9F, provideBluetoothMacAddressRequestId = nullextra info = 2]
02-09 11:55:54.327  1650  1650 V org.thaliproject.p2p.btconnectorlib.internal.bluetooth.le.BlePeerDiscoverer: checkScanResult: Resolved advertisement type: ADVERTISEMENT_PEER_PROPERTIES
02-09 11:55:54.327  1650  1650 D org.thaliproject.p2p.btconnectorlib.internal.bluetooth.le.PeerAdvertisementFactory: Parsed advertisment: [UUID = cd8f3e87-9baf-4253-be43-1bd4e938c1ab, bluetoothMacAddress = 24:00:BA:F9:9A:9F, provideBluetoothMacAddressRequestId = nullextra info = 2]
02-09 11:55:54.327  1650  1650 D org.thaliproject.p2p.btconnectorlib.internal.bluetooth.le.BlePeerDiscoverer: checkScanResult onPeerDiscovered [24:00:BA:F9:9A:9F 2]
02-09 11:55:54.328  1650  1650 D org.thaliproject.p2p.btconnectorlib.internal.bluetooth.le.BlePeerDiscoverer: checkScanResult: ScanResult{mDevice=60:1E:FF:42:80:3C, mScanRecord=ScanRecord [mAdvertiseFlags=-1, mServiceUuids=[cd8f3e87-9baf-4253-be43-1bd4e938c1ab], mManufacturerSpecificData={}, mServiceData={00003e87-0000-1000-8000-00805f9b34fb=[2, 36, 0, -70, -7, -102, -97]}, mTxPowerLevel=-2147483648, mDeviceName=null], mRssi=-60, mTimestampNanos=2065311873417193}
02-09 11:55:54.328  1650  1650 D org.thaliproject.p2p.btconnectorlib.internal.bluetooth.le.BlePeerDiscoverer: checkScanResult: parsedAdvertisement: [UUID = null, bluetoothMacAddress = 24:00:BA:F9:9A:9F, provideBluetoothMacAddressRequestId = nullextra info = 2]
02-09 11:55:54.328  1650  1650 V org.thaliproject.p2p.btconnectorlib.internal.bluetooth.le.BlePeerDiscoverer: checkScanResult: Resolved advertisement type: ADVERTISEMENT_PEER_PROPERTIES
02-09 11:55:54.328  1650  1650 D org.thaliproject.p2p.btconnectorlib.internal.bluetooth.le.PeerAdvertisementFactory: Parsed advertisment: [UUID = cd8f3e87-9baf-4253-be43-1bd4e938c1ab, bluetoothMacAddress = 24:00:BA:F9:9A:9F, provideBluetoothMacAddressRequestId = nullextra info = 2]
02-09 11:55:54.328  1650  1650 D org.thaliproject.p2p.btconnectorlib.internal.bluetooth.le.BlePeerDiscoverer: checkScanResult onPeerDiscovered [24:00:BA:F9:9A:9F 2]
02-09 11:55:54.328  1650  1650 D org.thaliproject.p2p.btconnectorlib.DiscoveryManager: onPeerDiscovered: [BC:75:74:3A:BD:0F 1]
02-09 11:55:54.328  1650  1650 V org.thaliproject.p2p.btconnectorlib.utils.PeerModel: addOrUpdateDiscoveredPeer: [BC:75:74:3A:BD:0F 1]
02-09 11:55:54.328  1650  1650 D org.thaliproject.p2p.btconnectorlib.utils.PeerModel: Want to call onPeerAdded. Listeners size = 1
02-09 11:55:54.328  1650  1650 D org.thaliproject.p2p.btconnectorlib.DiscoveryManager: onPeerAdded: [BC:75:74:3A:BD:0F 1]
02-09 11:55:54.329  1650  1650 V org.thaliproject.p2p.btconnectorlib.utils.PeerModel: addOrUpdateDiscoveredPeer: New peer, [BC:75:74:3A:BD:0F 1], added - the peer count is 2
02-09 11:55:54.329  1650  1650 D org.thaliproject.p2p.btconnectorlib.DiscoveryManager: onPeerDiscovered: [BC:75:74:3A:BD:0F 1]
02-09 11:55:54.329  1650  1650 V org.thaliproject.p2p.btconnectorlib.utils.PeerModel: addOrUpdateDiscoveredPeer: [BC:75:74:3A:BD:0F 1]
02-09 11:55:54.329  1650  1650 D org.thaliproject.p2p.btconnectorlib.utils.PeerModel: has more info: false,  extra info differs: false
02-09 11:55:54.329  1650  1650 V org.thaliproject.p2p.btconnectorlib.utils.PeerModel: addOrUpdateDiscoveredPeer: Timestamp of peer [BC:75:74:3A:BD:0F 1] updated - the peer count is 2
02-09 11:55:54.329  1650  1650 D org.thaliproject.p2p.btconnectorlib.DiscoveryManager: onPeerDiscovered: [24:00:BA:F9:9A:9F 2]
02-09 11:55:54.329  1650  1650 V org.thaliproject.p2p.btconnectorlib.utils.PeerModel: addOrUpdateDiscoveredPeer: [24:00:BA:F9:9A:9F 2]
02-09 11:55:54.329  1650  1650 D org.thaliproject.p2p.btconnectorlib.utils.PeerModel: has more info: false,  extra info differs: true
02-09 11:55:54.329  1650  1650 D org.thaliproject.p2p.btconnectorlib.utils.PeerModel: Want to call onPeerUpdated. Listeners size = 1
02-09 11:55:54.329  1650  1650 D org.thaliproject.p2p.btconnectorlib.DiscoveryManager: onPeerUpdated: [24:00:BA:F9:9A:9F 2]
02-09 11:55:54.330  1650  1650 V org.thaliproject.p2p.btconnectorlib.utils.PeerModel: addOrUpdateDiscoveredPeer: Timestamp of peer [24:00:BA:F9:9A:9F 2] updated - the peer count is 2
02-09 11:55:54.330  1650  1650 D org.thaliproject.p2p.btconnectorlib.DiscoveryManager: onPeerDiscovered: [24:00:BA:F9:9A:9F 2]
02-09 11:55:54.330  1650  1650 V org.thaliproject.p2p.btconnectorlib.utils.PeerModel: addOrUpdateDiscoveredPeer: [24:00:BA:F9:9A:9F 2]
02-09 11:55:54.330  1650  1650 D org.thaliproject.p2p.btconnectorlib.utils.PeerModel: has more info: false,  extra info differs: false
02-09 11:55:54.330  1650  1650 V org.thaliproject.p2p.btconnectorlib.utils.PeerModel: addOrUpdateDiscoveredPeer: Timestamp of peer [24:00:BA:F9:9A:9F 2] updated - the peer count is 2
02-09 11:55:54.330  1650  1650 I io.jxcore.node.ConnectionHelper: onPeerDiscovered: [BC:75:74:3A:BD:0F 1], Bluetooth address: BC:75:74:3A:BD:0F, device name: 'null', device address: 'null'
02-09 11:55:54.330  1650  1650 I io.jxcore.node.ConnectionHelper: onPeerUpdated: [24:00:BA:F9:9A:9F 2], device name: 'null', device address: 'null'
02-09 11:55:54.333  1650  1700 I jxcore-log: 2017-02-09 08:55:54 - DEBUG thaliMobileNativeWrapper: 'Received peerAvailabilityChanged event from native layer [{"peerIdentifier":"BC:75:74:3A:BD:0F","generation":1,"peerAvailable":true}]'
02-09 11:55:54.333  1650  1700 I jxcore-log: 
02-09 11:55:54.333  1650  1700 I jxcore-log: 2017-02-09 08:55:54 - DEBUG thaliMobileNativeWrapper: 'Received peer availability changed event with {"peerIdentifier":"BC:75:74:3A:BD:0F","generation":1,"peerAvailable":true}'
02-09 11:55:54.333  1650  1700 I jxcore-log: 
