02-09 11:55:55.932 13099 13153 I jxcore-log: 2017-02-09 08:55:55 - DEBUG thaliMobile: 'Emitting peerAvailabilityChanged from handlePeer {"peerIdentifier":"24:00:BA:F9:9A:9F","connectionType":"AndroidBluetooth","peerAvailable":true,"generation":0,"newAddressPort":false}'
02-09 11:55:55.932 13099 13153 I jxcore-log: 
02-09 11:55:55.938 13099 13153 I jxcore-log: 2017-02-09 08:55:55 - DEBUG thaliMobileNativeWrapper: 'handlePeerAvailabilityChanged - Emitting {"peerIdentifier":"24:00:BA:F9:9A:9F","peerAvailable":true,"generation":1,"portNumber":38845}'
02-09 11:55:55.938 13099 13153 I jxcore-log: 
02-09 11:55:55.938 13099 13153 I jxcore-log: 2017-02-09 08:55:55 - DEBUG thaliMobile: 'Emitting peerAvailabilityChanged from handlePeer {"peerIdentifier":"24:00:BA:F9:9A:9F","connectionType":"AndroidBluetooth","peerAvailable":true,"generation":1,"newAddressPort":false}'
02-09 11:55:55.938 13099 13153 I jxcore-log: 
02-09 11:55:55.942 13099 13153 I jxcore-log: 2017-02-09 08:55:55 - DEBUG thaliMobileNativeWrapper: 'handlePeerAvailabilityChanged - Emitting {"peerIdentifier":"BC:75:74:3A:BC:F8","peerAvailable":true,"generation":1,"portNumber":43408}'
02-09 11:55:55.942 13099 13153 I jxcore-log: 
02-09 11:55:55.943 13099 13153 I jxcore-log: 2017-02-09 08:55:55 - DEBUG thaliMobile: 'Emitting peerAvailabilityChanged from handlePeer {"peerIdentifier":"BC:75:74:3A:BC:F8","connectionType":"AndroidBluetooth","peerAvailable":true,"generation":1,"newAddressPort":false}'
02-09 11:55:55.943 13099 13153 I jxcore-log: 
02-09 11:55:55.969 13099 13153 I jxcore-log: 2017-02-09 08:55:55 - DEBUG thaliPeerAction: 'we couldn't destroy http agent explicitly'
02-09 11:55:55.969 13099 13153 I jxcore-log: 
02-09 11:55:55.998 13099 13153 I jxcore-log: 2017-02-09 08:55:55 - DEBUG createPeerListener: 'Issuing callNative for BC:75:74:3A:BC:F8'
02-09 11:55:55.998 13099 13153 I jxcore-log: 
02-09 11:55:56.000 13099 13153 D io.jxcore.node.JXcoreExtension: connect: BC:75:74:3A:BC:F8
02-09 11:55:56.000 13099 13153 I io.jxcore.node.ConnectionHelper: connect: Trying to connect to peer with ID BC:75:74:3A:BC:F8
02-09 11:55:56.000 13099 13153 I org.thaliproject.p2p.btconnectorlib.ConnectionManager: connect: [BC:75:74:3A:BC:F8 1]
02-09 11:55:56.001 13099 13153 I org.thaliproject.p2p.btconnectorlib.internal.bluetooth.BluetoothConnector: connect: Trying to start connecting to Nexus 6P in address BC:75:74:3A:BC:F8
02-09 11:55:56.002 13099 13153 I org.thaliproject.p2p.btconnectorlib.internal.bluetooth.BluetoothClientThread: setInsecureRfcommSocketPortNumber: Using port -1
02-09 11:55:56.002 13099 13153 I org.thaliproject.p2p.btconnectorlib.internal.bluetooth.BluetoothClientThread: setMaxNumberOfRetries: 0
02-09 11:55:56.002 13099 13153 I org.thaliproject.p2p.btconnectorlib.ConnectionManager: onConnecting: Nexus 6P BC:75:74:3A:BC:F8
02-09 11:55:56.002 13099 13153 D org.thaliproject.p2p.btconnectorlib.internal.bluetooth.BluetoothConnector: connect: Started connecting to Nexus 6P in address BC:75:74:3A:BC:F8
02-09 11:55:56.002 13099 13153 I io.jxcore.node.ConnectionHelper: connect: Connection process successfully started (peer ID: BC:75:74:3A:BC:F8)
02-09 11:55:56.003 13099 13183 I org.thaliproject.p2p.btconnectorlib.internal.bluetooth.BluetoothClientThread: Trying to connect to peer with address BC:75:74:3A:BC:F8 (thread ID: 5728)
02-09 11:55:56.003 13099 13183 D org.thaliproject.p2p.btconnectorlib.internal.bluetooth.BluetoothClientThread: tryToConnect:  socketConnectSucceeded = false, mIsShuttingDown = false
02-09 11:55:56.003 13099 13183 D org.thaliproject.p2p.btconnectorlib.internal.bluetooth.BluetoothClientThread:  createSocketAndConnect: socket closed
02-09 11:55:56.003 13099 13183 D org.thaliproject.p2p.btconnectorlib.internal.bluetooth.BluetoothClientThread:  createSocketAndConnect: SYSTEM_DECIDED_INSECURE_RFCOMM_SOCKET_PORT
02-09 11:55:56.004 13099 13153 I jxcore-log: 2017-02-09 08:55:56 - DEBUG createPeerListener: 'Issuing callNative for 24:00:BA:F9:9A:9F'
02-09 11:55:56.004 13099 13153 I jxcore-log: 
02-09 11:55:56.005 13099 13183 E org.thaliproject.p2p.btconnectorlib.internal.bluetooth.BluetoothClientThread:  createSocketAndConnect: connecting
02-09 11:55:56.005 13099 13183 W BluetoothAdapter: getBluetoothService() called with no BluetoothManagerCallback
02-09 11:55:56.006 13099 13153 D io.jxcore.node.JXcoreExtension: connect: 24:00:BA:F9:9A:9F
02-09 11:55:56.006 13099 13153 I io.jxcore.node.ConnectionHelper: connect: Trying to connect to peer with ID 24:00:BA:F9:9A:9F
02-09 11:55:56.006 13099 13153 I org.thaliproject.p2p.btconnectorlib.ConnectionManager: connect: [24:00:BA:F9:9A:9F 1]
02-09 11:55:56.007 13099 13153 I org.thaliproject.p2p.btconnectorlib.internal.bluetooth.BluetoothConnector: connect: Trying to start connecting to XYZ in address 24:00:BA:F9:9A:9F
02-09 11:55:56.007 13099 13153 I org.thaliproject.p2p.btconnectorlib.internal.bluetooth.BluetoothClientThread: setInsecureRfcommSocketPortNumber: Using port -1
02-09 11:55:56.007 13099 13153 I org.thaliproject.p2p.btconnectorlib.internal.bluetooth.BluetoothClientThread: setMaxNumberOfRetries: 0
02-09 11:55:56.007 13099 13153 I org.thaliproject.p2p.btconnectorlib.ConnectionManager: onConnecting: XYZ 24:00:BA:F9:9A:9F
02-09 11:55:56.008 13099 13153 D org.thaliproject.p2p.btconnectorlib.internal.bluetooth.BluetoothConnector: connect: Started connecting to XYZ in address 24:00:BA:F9:9A:9F
02-09 11:55:56.008 13099 13153 I io.jxcore.node.ConnectionHelper: connect: Connection process successfully started (peer ID: 24:00:BA:F9:9A:9F)
02-09 11:55:56.008 13099 13184 I org.thaliproject.p2p.btconnectorlib.internal.bluetooth.BluetoothClientThread: Trying to connect to peer with address 24:00:BA:F9:9A:9F (thread ID: 5729)
02-09 11:55:56.008 13099 13184 D org.thaliproject.p2p.btconnectorlib.internal.bluetooth.BluetoothClientThread: tryToConnect:  socketConnectSucceeded = false, mIsShuttingDown = false
02-09 11:55:56.008 13099 13184 D org.thaliproject.p2p.btconnectorlib.internal.bluetooth.BluetoothClientThread:  createSocketAndConnect: socket closed
02-09 11:55:56.008 13099 13184 D org.thaliproject.p2p.btconnectorlib.internal.bluetooth.BluetoothClientThread:  createSocketAndConnect: SYSTEM_DECIDED_INSECURE_RFCOMM_SOCKET_PORT
02-09 11:55:56.009 13099 13184 E org.thaliproject.p2p.btconnectorlib.internal.bluetooth.BluetoothClientThread:  createSocketAndConnect: connecting
02-09 11:55:56.009 13099 13184 W BluetoothAdapter: getBluetoothService() called with no BluetoothManagerCallback
02-09 11:55:56.060 13099 13153 I jxcore-log: 2017-02-09 08:55:56 - DEBUG thaliPeerAction: 'we couldn't destroy http agent explicitly'
02-09 11:55:56.060 13099 13153 I jxcore-log: 
02-09 11:55:56.187 13099 13153 I jxcore-log: 2017-02-09 08:55:56 - DEBUG thaliWifiInfrastructure: 'Emitting wifiPeerAvailabilityChanged {"peerIdentifier":"4a7bad7f-8549-4288-bc94-d66e4e95bc1c","generation":1,"hostAddress":"192.168.2.2","portNumber":44499}'
02-09 11:55:56.187 13099 13153 I jxcore-log: 
02-09 11:55:56.292 13099 13153 I jxcore-log: 2017-02-09 08:55:56 - DEBUG thaliWifiInfrastructure: 'Emitting wifiPeerAvailabilityChanged {"peerIdentifier":"0f5b4ca1-14f2-48b4-9734-d7ba0aa3a1f6","generation":1,"hostAddress":"192.168.2.5","portNumber":49008}'
02-09 11:55:56.292 13099 13153 I jxcore-log: 
02-09 11:55:56.363 13099 13153 I jxcore-log: 2017-02-09 08:55:56 - DEBUG thaliReplicationPeerAction: 'Replication resumed'
02-09 11:55:56.363 13099 13153 I jxcore-log: 
02-09 11:55:56.400 18502 18502 D BtGatt.ScanManager: awakened up at time 6050722358
02-09 11:55:56.403 13099 13099 V io.jxcore.node.ConnectionHelper: Notifying discovery manager state change: is discovering: true, is advertising: true
02-09 11:55:56.403 13099 13099 V io.jxcore.node.StartStopOperation: isTargetState: Connectivity: RUNNING, discovery: RUNNING_BLE, is discovering: true, is advertising: true - Start operation: Should start/stop everything
02-09 11:55:56.403 13099 13099 D io.jxcore.node.StartStopOperationHandler: processCurrentOperationStatus: Operation successfully executed
02-09 11:55:56.405 18502 18521 D BtGatt.ScanManager: flushPendingBatchResults - clientIf = 5
02-09 11:55:56.415 13099 13153 I jxcore-log: 2017-02-09 08:55:56 - DEBUG thaliMobileNativeWrapper: 'discoveryAdvertisingStateUpdateNonTCP: {"discoveryActive":true,"advertisingActive":true}'
02-09 11:55:56.415 13099 13153 I jxcore-log: 
02-09 11:55:56.417 13099 13153 I jxcore-log: 2017-02-09 08:55:56 - DEBUG thaliManager: 'starting thaliSendNotificationBasedOnReplication'
02-09 11:55:56.417 13099 13153 I jxcore-log: 
02-09 11:55:56.421 18502 18518 D BtGatt.GattService: onBatchScanReports() - clientIf=5, status=0, reportType=2, numRecords=2
02-09 11:55:56.421 18502 18518 D BtGatt.ScanManager: callback done for clientIf - 5 status - 0
02-09 11:55:56.422 18502 18518 D BtGatt.GattService: current time is 6050722379617223
02-09 11:55:56.422 18502 18518 D BtGatt.GattService: Batch record : [-8, -68, 58, 116, 117, -68, 0, -128, -65, 9, 0, 29, 17, 7, -85, -63, 56, -23, -44, 27, 67, -66, 83, 66, -81, -101, -121, 62, -113, -51, 10, 22, -121, 62, 1, -68, 117, 116, 58, -68, -8, 0, -97, -102, -7, -70, 0, 36, 0, -128, -58, 8, 0, 29, 17, 7, -85, -63, 56, -23, -44, 27, 67, -66, 83, 66, -81, -101, -121, 62, -113, -51, 10, 22, -121, 62, 1, 36, 0, -70, -7, -102, -97, 0]
02-09 11:55:56.422 18502 18518 D BtGatt.GattService: ScanRecord : [17, 7, -85, -63, 56, -23, -44, 27, 67, -66, 83, 66, -81, -101, -121, 62, -113, -51, 10, 22, -121, 62, 1, -68, 117, 116, 58, -68, -8]
02-09 11:55:56.422 18502 18518 D BtGatt.GattService: ScanRecord : [17, 7, -85, -63, 56, -23, -44, 27, 67, -66, 83, 66, -81, -101, -121, 62, -113, -51, 10, 22, -121, 62, 1, 36, 0, -70, -7, -102, -97]
02-09 11:55:56.423 13099 13099 D org.thaliproject.p2p.btconnectorlib.internal.bluetooth.le.BleScanner: onBatchScanResults: results count  = 2. Current thread: Thread[main,5,main], id: 1
02-09 11:55:56.423 13099 13099 D org.thaliproject.p2p.btconnectorlib.internal.bluetooth.le.BlePeerDiscoverer: checkScanResult: ScanResult{mDevice=BC:75:74:3A:BC:F8, mScanRecord=ScanRecord [mAdvertiseFlags=-1, mServiceUuids=[cd8f3e87-9baf-4253-be43-1bd4e938c1ab], mManufacturerSpecificData={}, mServiceData={00003e87-0000-1000-8000-00805f9b34fb=[1, -68, 117, 116, 58, -68, -8]}, mTxPowerLevel=-2147483648, mDeviceName=null], mRssi=-65, mTimestampNanos=6050721929776441}
02-09 11:55:56.423 13099 13099 D org.thaliproject.p2p.btconnectorlib.internal.bluetooth.le.BlePeerDiscoverer: checkScanResult: parsedAdvertisement: [UUID = null, bluetoothMacAddress = BC:75:74:3A:BC:F8, provideBluetoothMacAddressRequestId = nullextra info = 1]
02-09 11:55:56.423 13099 13099 V org.thaliproject.p2p.btconnectorlib.internal.bluetooth.le.BlePeerDiscoverer: checkScanResult: Resolved advertisement type: ADVERTISEMENT_PEER_PROPERTIES
02-09 11:55:56.423 13099 13099 D org.thaliproject.p2p.btconnectorlib.internal.bluetooth.le.PeerAdvertisementFactory: Parsed advertisment: [UUID = cd8f3e87-9baf-4253-be43-1bd4e938c1ab, bluetoothMacAddress = BC:75:74:3A:BC:F8, provideBluetoothMacAddressRequestId = nullextra info = 1]
02-09 11:55:56.423 13099 13099 D org.thaliproject.p2p.btconnectorlib.internal.bluetooth.le.BlePeerDiscoverer: checkScanResult onPeerDiscovered [BC:75:74:3A:BC:F8 1]
02-09 11:55:56.424 13099 13099 D org.thaliproject.p2p.btconnectorlib.internal.bluetooth.le.BlePeerDiscoverer: checkScanResult: ScanResult{mDevice=24:00:BA:F9:9A:9F, mScanRecord=ScanRecord [mAdvertiseFlags=-1, mServiceUuids=[cd8f3e87-9baf-4253-be43-1bd4e938c1ab], mManufacturerSpecificData={}, mServiceData={00003e87-0000-1000-8000-00805f9b34fb=[1, 36, 0, -70, -7, -102, -97]}, mTxPowerLevel=-2147483648, mDeviceName=null], mRssi=-58, mTimestampNanos=6050721979776441}
02-09 11:55:56.424 13099 13099 D org.thaliproject.p2p.btconnectorlib.internal.bluetooth.le.BlePeerDiscoverer: checkScanResult: parsedAdvertisement: [UUID = null, bluetoothMacAddress = 24:00:BA:F9:9A:9F, provideBluetoothMacAddressRequestId = nullextra info = 1]
02-09 11:55:56.424 13099 13099 V org.thaliproject.p2p.btconnectorlib.internal.bluetooth.le.BlePeerDiscoverer: checkScanResult: Resolved advertisement type: ADVERTISEMENT_PEER_PROPERTIES
02-09 11:55:56.424 13099 13099 D org.thaliproject.p2p.btconnectorlib.internal.bluetooth.le.PeerAdvertisementFactory: Parsed advertisment: [UUID = cd8f3e87-9baf-4253-be43-1bd4e938c1ab, bluetoothMacAddress = 24:00:BA:F9:9A:9F, provideBluetoothMacAddressRequestId = nullextra info = 1]
02-09 11:55:56.424 13099 13099 D org.thaliproject.p2p.btconnectorlib.internal.bluetooth.le.BlePeerDiscoverer: checkScanResult onPeerDiscovered [24:00:BA:F9:9A:9F 1]
02-09 11:55:56.424 13099 13099 D org.thaliproject.p2p.btconnectorlib.DiscoveryManager: onPeerDiscovered: [BC:75:74:3A:BC:F8 1]
02-09 11:55:56.424 13099 13099 V org.thaliproject.p2p.btconnectorlib.utils.PeerModel: addOrUpdateDiscoveredPeer: [BC:75:74:3A:BC:F8 1]
02-09 11:55:56.424 13099 13099 D org.thaliproject.p2p.btconnectorlib.utils.PeerModel: has more info: false,  extra info differs: false
02-09 11:55:56.424 13099 13099 V org.thaliproject.p2p.btconnectorlib.utils.PeerModel: addOrUpdateDiscoveredPeer: Timestamp of peer [BC:75:74:3A:BC:F8 1] updated - the peer count is 2
02-09 11:55:56.424 13099 13099 D org.thaliproject.p2p.btconnectorlib.DiscoveryManager: onPeerDiscovered: [24:00:BA:F9:9A:9F 1]
02-09 11:55:56.424 13099 13099 V org.thaliproject.p2p.btconnectorlib.utils.PeerModel: addOrUpdateDiscoveredPeer: [24:00:BA:F9:9A:9F 1]
02-09 11:55:56.424 13099 13099 D org.thaliproject.p2p.btconnectorlib.utils.PeerModel: has more info: false,  extra info differs: false
02-09 11:55:56.424 13099 13099 V org.thaliproject.p2p.btconnectorlib.utils.PeerModel: addOrUpdateDiscoveredPeer: Timestamp of peer [24:00:BA:F9:9A:9F 1] updated - the peer count is 2
02-09 11:55:56.486 13099 13153 D io.jxcore.node.JXcoreExtension: startUpdateAdvertisingAndListening
02-09 11:55:56.487 13099 13153 I io.jxcore.node.ConnectionHelper: start: Port number: 42470, start advertisements: true
02-09 11:55:56.487 13099 13153 V io.jxcore.node.ConnectivityMonitor: start: Already started
02-09 11:55:56.487 13099 13153 I io.jxcore.node.StartStopOperationHandler: updateBeaconAdExtraInformation: New value: 1
02-09 11:55:56.488 13099 13153 I org.thaliproject.p2p.btconnectorlib.DiscoveryManagerSettings: setBeaconAdExtraInformation: 0 -> 1
02-09 11:55:56.488 13099 13153 I org.thaliproject.p2p.btconnectorlib.internal.AbstractBluetoothConnectivityAgent: clearIdentityString
02-09 11:55:56.489 13099 13153 I org.thaliproject.p2p.btconnectorlib.internal.AbstractBluetoothConnectivityAgent: verifyIdentityString: Identity string created: {"generation":1,"address":"BC:75:74:3A:BD:0F"}
02-09 11:55:56.489 13099 13153 D org.thaliproject.p2p.btconnectorlib.internal.bluetooth.BluetoothConnector: setIdentityString: {"generation":1,"address":"BC:75:74:3A:BD:0F"}
02-09 11:55:56.489 13099 13153 D org.thaliproject.p2p.btconnectorlib.DiscoveryManager: onAdvertiseScanSettingsChanged: Current thread: Thread[Thread-5726,5,main], id: 5726
02-09 11:55:56.489 13099 13153 I org.thaliproject.p2p.btconnectorlib.internal.bluetooth.le.BlePeerDiscoverer: applySettings:
02-09 11:55:56.489 13099 13153 I org.thaliproject.p2p.btconnectorlib.internal.bluetooth.le.BlePeerDiscoverer:     - Manufacturer ID: 49011
02-09 11:55:56.489 13099 13153 I org.thaliproject.p2p.btconnectorlib.internal.bluetooth.le.BlePeerDiscoverer:     - Beacon ad length and type: 533
02-09 11:55:56.489 13099 13153 I org.thaliproject.p2p.btconnectorlib.internal.bluetooth.le.BlePeerDiscoverer:     - Beacon ad extra information: 1
02-09 11:55:56.489 13099 13153 I org.thaliproject.p2p.btconnectorlib.internal.bluetooth.le.BlePeerDiscoverer:     - Advertisement data type: DO_NOT_CARE
02-09 11:55:56.489 13099 13153 I org.thaliproject.p2p.btconnectorlib.internal.bluetooth.le.BlePeerDiscoverer:     - Advertise mode: 2
02-09 11:55:56.489 13099 13153 I org.thaliproject.p2p.btconnectorlib.internal.bluetooth.le.BlePeerDiscoverer:     - Advertise TX power level: 3
02-09 11:55:56.489 13099 13153 I org.thaliproject.p2p.btconnectorlib.internal.bluetooth.le.BlePeerDiscoverer:     - Scan mode: 2
02-09 11:55:56.489 13099 13153 I org.thaliproject.p2p.btconnectorlib.internal.bluetooth.le.BlePeerDiscoverer:     - Scan report delay in milliseconds: 500
02-09 11:55:56.489 13099 13153 I org.thaliproject.p2p.btconnectorlib.internal.bluetooth.le.BlePeerDiscoverer:     - Current thread: Thread[Thread-5726,5,main], id: 5726
02-09 11:55:56.489 13099 13153 D org.thaliproject.p2p.btconnectorlib.internal.bluetooth.le.BlePeerDiscoverer: Beacon extra: 1
02-09 11:55:56.489 13099 13153 D org.thaliproject.p2p.btconnectorlib.internal.bluetooth.le.BlePeerDiscoverer: applySettings: advertiserWasStarted true Current thread: Thread[Thread-5726,5,main], id: 5726
02-09 11:55:56.489 13099 13153 D org.thaliproject.p2p.btconnectorlib.internal.bluetooth.le.BlePeerDiscoverer: applySettings: stop advertiser Current thread: Thread[Thread-5726,5,main], id: 5726
02-09 11:55:56.489 13099 13153 D org.thaliproject.p2p.btconnectorlib.internal.bluetooth.le.BleAdvertiser: stop. Current thread: Thread[Thread-5726,5,main], id: 5726
02-09 11:55:56.490 18502 18520 D BtGatt.AdvertiseManager: message : 1
02-09 11:55:56.490 18502 18520 D BtGatt.AdvertiseManager: stop advertise for client 6
02-09 11:55:56.496 18502 18518 D BtGatt.GattService: onAdvertiseInstanceDisabled() - clientIf=6, status=0
02-09 11:55:56.496 18502 18518 D BtGatt.GattService: Client app is not null!
02-09 11:55:56.497 18502 15186 D BtGatt.GattService: unregisterClient() - clientIf=6
02-09 11:55:56.498 13099 13153 D org.thaliproject.p2p.btconnectorlib.internal.bluetooth.le.BleAdvertiser: stop: Stopped
02-09 11:55:56.498 13099 13153 D org.thaliproject.p2p.btconnectorlib.internal.bluetooth.le.BleAdvertiser: setState: current  = RUNNING, new = NOT_STARTEDCurrent thread: Thread[Thread-5726,5,main], id: 5726
02-09 11:55:56.498 13099 13153 D org.thaliproject.p2p.btconnectorlib.internal.bluetooth.le.BleAdvertiser: setState: State changed from RUNNING to NOT_STARTED
02-09 11:55:56.498 13099 13153 D org.thaliproject.p2p.btconnectorlib.internal.bluetooth.le.BleAdvertiser: setState: finished Current thread: Thread[Thread-5726,5,main], id: 5726
02-09 11:55:56.498 13099 13153 D org.thaliproject.p2p.btconnectorlib.internal.bluetooth.le.BleAdvertiser: stop finished. Current thread: Thread[Thread-5726,5,main], id: 5726
02-09 11:55:56.498 13099 13153 D org.thaliproject.p2p.btconnectorlib.internal.bluetooth.le.BleAdvertiser: setAdvertiseSettings, Current thread: Thread[Thread-5726,5,main], id: 5726
02-09 11:55:56.498 13099 13153 I org.thaliproject.p2p.btconnectorlib.internal.bluetooth.le.BleAdvertiser: setAdvertiseSettings: Mode: 2, Tx power level: 3, timeout: 0, is connectable: false
02-09 11:55:56.498 13099 13153 D org.thaliproject.p2p.btconnectorlib.internal.bluetooth.le.BlePeerDiscoverer: applySettings: start advertiser Current thread: Thread[Thread-5726,5,main], id: 5726
02-09 11:55:56.498 13099 13153 D org.thaliproject.p2p.btconnectorlib.internal.bluetooth.le.BlePeerDiscoverer: startAdvertiser: Current thread: Thread[Thread-5726,5,main], id: 5726
02-09 11:55:56.498 13099 13153 D org.thaliproject.p2p.btconnectorlib.internal.bluetooth.le.BlePeerDiscoverer: stopPeerAddressHelperAdvertiser Current thread: Thread[Thread-5726,5,main], id: 5726
02-09 11:55:56.498 13099 13153 I org.thaliproject.p2p.btconnectorlib.internal.bluetooth.le.BlePeerDiscoverer: startAdvertiser: Starting...
02-09 11:55:56.498 13099 13153 D org.thaliproject.p2p.btconnectorlib.internal.bluetooth.le.BlePeerDiscoverer: createAdvertiseData: createAdvertiseDataToServiceData 
02-09 11:55:56.498 13099 13153 I org.thaliproject.p2p.btconnectorlib.internal.bluetooth.le.PeerAdvertisementFactory: createAdvertiseDataToServiceData: Service UUID: "cd8f3e87-9baf-4253-be43-1bd4e938c1ab", Bluetooth MAC address: "BC:75:74:3A:BD:0F"
02-09 11:55:56.498 13099 13153 V org.thaliproject.p2p.btconnectorlib.internal.bluetooth.le.PeerAdvertisementFactory: createAdvertiseDataToServiceData: Service data (length is 7 bytes): 01 BC 75 74 3A BD 0F
02-09 11:55:56.498 13099 13153 V org.thaliproject.p2p.btconnectorlib.internal.bluetooth.le.PeerAdvertisementFactory: createAdvertiseDataToServiceData: Created: AdvertiseData [mServiceUuids=[cd8f3e87-9baf-4253-be43-1bd4e938c1ab], mManufacturerSpecificData={}, mServiceData={cd8f3e87-9baf-4253-be43-1bd4e938c1ab=[1, -68, 117, 116, 58, -67, 15]}, mIncludeTxPowerLevel=false, mIncludeDeviceName=false]
02-09 11:55:56.498 13099 13153 I org.thaliproject.p2p.btconnectorlib.internal.bluetooth.le.BlePeerDiscoverer: createAdvertiseData: created AdvertiseData [mServiceUuids=[cd8f3e87-9baf-4253-be43-1bd4e938c1ab], mManufacturerSpecificData={}, mServiceData={cd8f3e87-9baf-4253-be43-1bd4e938c1ab=[1, -68, 117, 116, 58, -67, 15]}, mIncludeTxPowerLevel=false, mIncludeDeviceName=false]
02-09 11:55:56.499 13099 13153 D org.thaliproject.p2p.btconnectorlib.internal.bluetooth.le.BleAdvertiser: setAdvertiseData: Current thread: Thread[Thread-5726,5,main], id: 5726
02-09 11:55:56.499 13099 13153 D org.thaliproject.p2p.btconnectorlib.internal.bluetooth.le.BleAdvertiser: setAdvertiseData: AdvertiseData [mServiceUuids=[cd8f3e87-9baf-4253-be43-1bd4e938c1ab], mManufacturerSpecificData={}, mServiceData={cd8f3e87-9baf-4253-be43-1bd4e938c1ab=[1, -68, 117, 116, 58, -67, 15]}, mIncludeTxPowerLevel=false, mIncludeDeviceName=false]. Current thread: Thread[Thread-5726,5,main], id: 5726
02-09 11:55:56.499 13099 13153 D org.thaliproject.p2p.btconnectorlib.internal.bluetooth.le.BleAdvertiser: setAdvertiseData: was started = false
02-09 11:55:56.499 13099 13153 D org.thaliproject.p2p.btconnectorlib.internal.bluetooth.le.BleAdvertiser: setAdvertiseData: advertiseData = AdvertiseData [mServiceUuids=[cd8f3e87-9baf-4253-be43-1bd4e938c1ab], mManufacturerSpecificData={}, mServiceData={cd8f3e87-9baf-4253-be43-1bd4e938c1ab=[1, -68, 117, 116, 58, -67, 15]}, mIncludeTxPowerLevel=false, mIncludeDeviceName=false]
02-09 11:55:56.499 13099 13153 D org.thaliproject.p2p.btconnectorlib.internal.bluetooth.le.BleAdvertiser: setAdvertiseData finished: Current thread: Thread[Thread-5726,5,main], id: 5726
02-09 11:55:56.499 13099 13153 D org.thaliproject.p2p.btconnectorlib.internal.bluetooth.le.BleAdvertiser: start:  state = NOT_STARTEDCurrent thread: Thread[Thread-5726,5,main], id: 5726
02-09 11:55:56.499 13099 13153 I org.thaliproject.p2p.btconnectorlib.internal.bluetooth.le.BleAdvertiser: start: Starting... advertisement data = AdvertiseData [mServiceUuids=[cd8f3e87-9baf-4253-be43-1bd4e938c1ab], mManufacturerSpecificData={}, mServiceData={cd8f3e87-9baf-4253-be43-1bd4e938c1ab=[1, -68, 117, 116, 58, -67, 15]}, mIncludeTxPowerLevel=false, mIncludeDeviceName=false], Current thread: Thread[Thread-5726,5,main], id: 5726
02-09 11:55:56.499 13099 13153 D BluetoothAdapter: STATE_ON
02-09 11:55:56.501 18502 18579 D BtGatt.GattService: registerClient() - UUID=052fbde3-4240-4e37-b8cf-15ac3a5724a8
02-09 11:55:56.502 18502 18518 D BtGatt.GattService: onClientRegistered() - UUID=052fbde3-4240-4e37-b8cf-15ac3a5724a8, clientIf=6
02-09 11:55:56.502 13099 13110 D BluetoothLeAdvertiser: onClientRegistered() - status=0 clientIf=6
02-09 11:55:56.503 18502 18520 D BtGatt.AdvertiseManager: message : 0
02-09 11:55:56.505 18502 18520 D BtGatt.AdvertiseManager: starting multi advertising
02-09 11:55:56.514 18502 18518 D BtGatt.GattService: onAdvertiseInstanceEnabled() - clientIf=6, status=0
02-09 11:55:56.519 18502 18518 D BtGatt.GattService: onAdvertiseDataSet() - clientIf=6, status=0
02-09 11:55:56.520 13099 13153 I org.thaliproject.p2p.btconnectorlib.internal.bluetooth.le.BleAdvertiser: start: Started advertisment Current thread: Thread[Thread-5726,5,main], id: 5726
02-09 11:55:56.520 13099 13099 D org.thaliproject.p2p.btconnectorlib.internal.bluetooth.le.BleAdvertiser: onStartSuccess : Current thread: Thread[main,5,main], id: 1
02-09 11:55:56.520 13099 13153 D org.thaliproject.p2p.btconnectorlib.internal.bluetooth.le.BleAdvertiser: setState: current  = NOT_STARTED, new = STARTINGCurrent thread: Thread[Thread-5726,5,main], id: 5726
02-09 11:55:56.520 13099 13153 D org.thaliproject.p2p.btconnectorlib.internal.bluetooth.le.BleAdvertiser: setState: State changed from NOT_STARTED to STARTING
02-09 11:55:56.520 13099 13153 D org.thaliproject.p2p.btconnectorlib.internal.bluetooth.le.BleAdvertiser: setState: onIsAdvertiserStartedChanged default (no call to listener). Current thread: Thread[Thread-5726,5,main], id: 5726
02-09 11:55:56.520 13099 13153 D org.thaliproject.p2p.btconnectorlib.internal.bluetooth.le.BleAdvertiser: setState: finished Current thread: Thread[Thread-5726,5,main], id: 5726
02-09 11:55:56.520 13099 13153 I org.thaliproject.p2p.btconnectorlib.internal.bluetooth.le.BleAdvertiser: start: return, state = STARTINGCurrent thread: Thread[Thread-5726,5,main], id: 5726
02-09 11:55:56.520 13099 13153 D org.thaliproject.p2p.btconnectorlib.internal.bluetooth.le.BleAdvertiser: start returned: Current thread: Thread[Thread-5726,5,main], id: 5726
02-09 11:55:56.520 13099 13153 D org.thaliproject.p2p.btconnectorlib.internal.bluetooth.le.BlePeerDiscoverer: startAdvertiser started = true Current thread: Thread[Thread-5726,5,main], id: 5726
02-09 11:55:56.520 13099 13153 D org.thaliproject.p2p.btconnectorlib.internal.bluetooth.le.BlePeerDiscoverer: applySettings: start advertiser started = true Current thread: Thread[Thread-5726,5,main], id: 5726
02-09 11:55:56.520 13099 13153 D org.thaliproject.p2p.btconnectorlib.internal.bluetooth.le.BleScanner: applyAdditionalMarshmallowSettings
02-09 11:55:56.520 13099 13099 D org.thaliproject.p2p.btconnectorlib.internal.bluetooth.le.BleAdvertiser: setState: current  = STARTING, new = RUNNINGCurrent thread: Thread[main,5,main], id: 1
02-09 11:55:56.520 13099 13153 D org.thaliproject.p2p.btconnectorlib.internal.bluetooth.le.BlePeerDiscoverer: applySettings: scannerWasStarted true Current thread: Thread[Thread-5726,5,main], id: 5726
02-09 11:55:56.520 13099 13153 D org.thaliproject.p2p.btconnectorlib.internal.bluetooth.le.BlePeerDiscoverer: applySettings: stop scanner Current thread: Thread[Thread-5726,5,main], id: 5726
02-09 11:55:56.520 13099 13153 D org.thaliproject.p2p.btconnectorlib.internal.bluetooth.le.BleScanner: stop, Current thread: Thread[Thread-5726,5,main], id: 5726
02-09 11:55:56.520 13099 13099 D org.thaliproject.p2p.btconnectorlib.internal.bluetooth.le.BleAdvertiser: setState: State changed from STARTING to RUNNING
02-09 11:55:56.521 13099 13099 D org.thaliproject.p2p.btconnectorlib.internal.bluetooth.le.BleAdvertiser: notifyAdvertiserStateChanged: started =  true. Current thread: Thread[main,5,main], id: 1
02-09 11:55:56.521 13099 13099 D org.thaliproject.p2p.btconnectorlib.internal.bluetooth.le.BleAdvertiser: setState: finished Current thread: Thread[main,5,main], id: 1
02-09 11:55:56.521 13099 13153 D BluetoothAdapter: STATE_ON
02-09 11:55:56.521 18502 14690 D BtGatt.GattService: flushPendingBatchResults - clientIf=5, isServer=false
02-09 11:55:56.521 13099 13153 D org.thaliproject.p2p.btconnectorlib.internal.bluetooth.le.BleScanner: stop: scan results are flushed 
02-09 11:55:56.521 13099 13099 I org.thaliproject.p2p.btconnectorlib.internal.bluetooth.le.BlePeerDiscoverer: onIsAdvertiserStartedChanged: trueCurrent thread: Thread[main,5,main], id: 1
02-09 11:55:56.521 18502 18521 D BtGatt.ScanManager: flushPendingBatchResults - clientIf = 5
02-09 11:55:56.521 13099 13099 D org.thaliproject.p2p.btconnectorlib.internal.bluetooth.le.BlePeerDiscoverer: updateState : Current thread: Thread[main,5,main], id: 1
02-09 11:55:56.521 13099 13153 D BluetoothAdapter: STATE_ON
02-09 11:55:56.521 13099 13099 D org.thaliproject.p2p.btconnectorlib.internal.bluetooth.le.BlePeerDiscoverer: updateState: deducedStateSet: [SCANNING, ADVERTISING]
02-09 11:55:56.521 13099 13099 D org.thaliproject.p2p.btconnectorlib.internal.bluetooth.le.BlePeerDiscoverer: updateState: stateSet: [SCANNING, ADVERTISING]
02-09 11:55:56.522 13099 13099 D org.thaliproject.p2p.btconnectorlib.internal.bluetooth.le.BlePeerDiscoverer: Current thread: Thread[main,5,main], id: 1
02-09 11:55:56.522 13099 13099 D org.thaliproject.p2p.btconnectorlib.internal.bluetooth.le.BlePeerDiscoverer: update state finished. Current thread: Thread[main,5,main], id: 1
02-09 11:55:56.522 18502 18512 D BtGatt.GattService: stopScan() - queue size =1
02-09 11:55:56.523 18502 18579 D BtGatt.GattService: unregisterClient() - clientIf=5
02-09 11:55:56.523 13099 13153 D org.thaliproject.p2p.btconnectorlib.internal.bluetooth.le.BleScanner: stop: Stopped
02-09 11:55:56.523 13099 13153 D org.thaliproject.p2p.btconnectorlib.internal.bluetooth.le.BleScanner: set state: Current thread: Thread[Thread-5726,5,main], id: 5726
02-09 11:55:56.523 13099 13153 D org.thaliproject.p2p.btconnectorlib.internal.bluetooth.le.BleScanner: setState: State changed from RUNNING to NOT_STARTED
02-09 11:55:56.524 13099 13153 D org.thaliproject.p2p.btconnectorlib.internal.bluetooth.le.BleScanner: stop finished, Current thread: Thread[Thread-5726,5,main], id: 5726
02-09 11:55:56.524 13099 13153 I org.thaliproject.p2p.btconnectorlib.internal.bluetooth.le.BleScanner: setScanSettings: Mode: 2, report delay in milliseconds: 500, scan result type: 0
02-09 11:55:56.524 13099 13153 D org.thaliproject.p2p.btconnectorlib.internal.bluetooth.le.BlePeerDiscoverer: applySettings: start scanner Current thread: Thread[Thread-5726,5,main], id: 5726
02-09 11:55:56.524 13099 13153 D org.thaliproject.p2p.btconnectorlib.internal.bluetooth.le.BlePeerDiscoverer: startScanner: Current thread: Thread[Thread-5726,5,main], id: 5726
02-09 11:55:56.524 13099 13153 I org.thaliproject.p2p.btconnectorlib.internal.bluetooth.le.BlePeerDiscoverer: startScanner: Starting...
02-09 11:55:56.524 13099 13153 D org.thaliproject.p2p.btconnectorlib.internal.bluetooth.le.BlePeerDiscoveryUtils: createScanFilter: No service UUID, use manufacturer ID: true
02-09 11:55:56.524 13099 13153 D org.thaliproject.p2p.btconnectorlib.internal.bluetooth.le.BlePeerDiscoveryUtils: manufacturer ID: 49011
02-09 11:55:56.524 13099 13153 D org.thaliproject.p2p.btconnectorlib.internal.bluetooth.le.BlePeerDiscoveryUtils: createScanFilter: BluetoothLeScanFilter [mDeviceName=null, mDeviceAddress=null, mUuid=null, mUuidMask=null, mServiceDataUuid=null, mServiceData=null, mServiceDataMask=null, mManufacturerId=49011, mManufacturerData=null, mManufacturerDataMask=null]
02-09 11:55:56.524 13099 13153 D org.thaliproject.p2p.btconnectorlib.internal.bluetooth.le.BleScanner: start: Current thread: Thread[Thread-5726,5,main], id: 5726
02-09 11:55:56.525 13099 13153 D BluetoothAdapter: STATE_ON
02-09 11:55:56.528 18502 18518 D BtGatt.GattService: onBatchScanReports() - clientIf=5, status=0, reportType=2, numRecords=0
02-09 11:55:56.528 18502 18518 D BtGatt.ScanManager: callback done for clientIf - 5 status - 0
02-09 11:55:56.528 18502 18518 E BtGatt.ContextMap: Context not found for ID 5
02-09 11:55:56.528 18502 18559 D BtGatt.GattService: registerClient() - UUID=dac36ee9-b485-47a9-bbf3-5e785245f02c
02-09 11:55:56.529 18502 18518 D BtGatt.GattService: onClientRegistered() - UUID=dac36ee9-b485-47a9-bbf3-5e785245f02c, clientIf=5
02-09 11:55:56.529 13099 13110 D BluetoothLeScanner: onClientRegistered() - status=0 clientIf=5
02-09 11:55:56.530 18502 18512 D BtGatt.GattService: start scan with filters
02-09 11:55:56.532 13099 13153 D org.thaliproject.p2p.btconnectorlib.internal.bluetooth.le.BleScanner: start: scan started
02-09 11:55:56.532 13099 13153 D org.thaliproject.p2p.btconnectorlib.internal.bluetooth.le.BleScanner: set state: Current thread: Thread[Thread-5726,5,main], id: 5726
02-09 11:55:56.532 13099 13153 D org.thaliproject.p2p.btconnectorlib.internal.bluetooth.le.BleScanner: setState: State changed from NOT_STARTED to RUNNING
02-09 11:55:56.532 13099 13153 D org.thaliproject.p2p.btconnectorlib.internal.bluetooth.le.BleScanner: notifyScannerStateChanged: started =  true. Current thread: Thread[Thread-5726,5,main], id: 5726
02-09 11:55:56.532 13099 13153 D org.thaliproject.p2p.btconnectorlib.internal.bluetooth.le.BlePeerDiscoverer: applySettings: start scanner started = true Current thread: Thread[Thread-5726,5,main], id: 5726
02-09 11:55:56.532 13099 13099 I org.thaliproject.p2p.btconnectorlib.internal.bluetooth.le.BlePeerDiscoverer: onIsScannerStartedChanged: trueCurrent thread: Thread[main,5,main], id: 1
02-09 11:55:56.532 13099 13153 V io.jxcore.node.StartStopOperation: isTargetState: Connectivity: RUNNING, discovery: RUNNING_BLE, is discovering: true, is advertising: true - Start operation: Should start/stop everything
02-09 11:55:56.533 13099 13099 D org.thaliproject.p2p.btconnectorlib.internal.bluetooth.le.BlePeerDiscoverer: updateState : Current thread: Thread[main,5,main], id: 1
02-09 11:55:56.533 13099 13153 V io.jxcore.node.StartStopOperationHandler: executeCurrentOperation: The current state already matches the desired outcome of this operation, skipping...
02-09 11:55:56.533 13099 13099 D org.thaliproject.p2p.btconnectorlib.internal.bluetooth.le.BlePeerDiscoverer: updateState: deducedStateSet: [SCANNING, ADVERTISING]
02-09 11:55:56.533 13099 13153 I io.jxcore.node.ConnectionHelper: start: OK
02-09 11:55:56.533 13099 13099 D org.thaliproject.p2p.btconnectorlib.internal.bluetooth.le.BlePeerDiscoverer: updateState: stateSet: [SCANNING, ADVERTISING]
02-09 11:55:56.533 13099 13099 D org.thaliproject.p2p.btconnectorlib.internal.bluetooth.le.BlePeerDiscoverer: Current thread: Thread[main,5,main], id: 1
02-09 11:55:56.533 13099 13099 D org.thaliproject.p2p.btconnectorlib.internal.bluetooth.le.BlePeerDiscoverer: update state finished. Current thread: Thread[main,5,main], id: 1
02-09 11:55:56.535 13099 13153 I jxcore-log: ok 2 About to waitForRemoteDocs
02-09 11:55:56.535 13099 13153 I jxcore-log: 
02-09 11:55:56.536 18502 18518 D BtGatt.GattService: onScanFilterParamsConfigured() - clientIf=5, status=0, action=1, availableSpace=32
02-09 11:55:56.536 18502 18518 D BtGatt.ScanManager: callback done for clientIf - 5 status - 0
02-09 11:55:56.536 18502 18521 D BtGatt.ScanManager: stopping BLe Batch
02-09 11:55:56.542 18502 18518 D BtGatt.GattService: onBatchScanStartStopped() - clientIf=5, status=0, startStopAction=0
02-09 11:55:56.542 18502 18518 D BtGatt.ScanManager: callback done for clientIf - 5 status - 0
02-09 11:55:56.542 18502 18521 D BtGatt.ScanManager: flushPendingBatchResults - clientIf = 5
02-09 11:55:56.551 18502 18518 D BtGatt.GattService: onBatchScanReports() - clientIf=5, status=0, reportType=2, numRecords=2
02-09 11:55:56.551 18502 18518 D BtGatt.ScanManager: callback done for clientIf - 5 status - 0
02-09 11:55:56.551 18502 18518 D BtGatt.GattService: current time is 6050722509063889
02-09 11:55:56.551 18502 18518 D BtGatt.GattService: Batch record : [60, -128, 66, -1, 30, 96, 1, -128, -58, 0, 0, 29, 17, 7, -85, -63, 56, -23, -44, 27, 67, -66, 83, 66, -81, -101, -121, 62, -113, -51, 10, 22, -121, 62, 1, 36, 0, -70, -7, -102, -97, 0, -97, -102, -7, -70, 0, 36, 0, -128, -58, 0, 0, 29, 17, 7, -85, -63, 56, -23, -44, 27, 67, -66, 83, 66, -81, -101, -121, 62, -113, -51, 10, 22, -121, 62, 1, 36, 0, -70, -7, -102, -97, 0]
02-09 11:55:56.551 18502 18518 D BtGatt.GattService: ScanRecord : [17, 7, -85, -63, 56, -23, -44, 27, 67, -66, 83, 66, -81, -101, -121, 62, -113, -51, 10, 22, -121, 62, 1, 36, 0, -70, -7, -102, -97]
02-09 11:55:56.551 18502 18518 D BtGatt.GattService: ScanRecord : [17, 7, -85, -63, 56, -23, -44, 27, 67, -66, 83, 66, -81, -101, -121, 62, -113, -51, 10, 22, -121, 62, 1, 36, 0, -70, -7, -102, -97]
02-09 11:55:56.553 18502 18521 D BtGatt.ScanManager: handling starting scan
02-09 11:55:56.558 18502 18518 D BtGatt.GattService: onScanFilterEnableDisabled() - clientIf=5, status=0, action=1
02-09 11:55:56.558 18502 18518 D BtGatt.ScanManager: callback done for clientIf - 5 status - 0
02-09 11:55:56.559 18502 18521 D BtGatt.ScanManager: configureFilterParamter 1500 10000 4 0
02-09 11:55:56.564 18502 18518 D BtGatt.GattService: onScanFilterParamsConfigured() - clientIf=5, status=0, action=0, availableSpace=31
02-09 11:55:56.564 18502 18518 D BtGatt.ScanManager: callback done for clientIf - 5 status - 0
02-09 11:55:56.564 18502 18521 D BtGatt.ScanManager: Starting BLE batch scan
02-09 11:55:56.564 18502 18521 D BtGatt.ScanManager: configuring batch scan storage, appIf 5
02-09 11:55:56.568 13099 13153 I jxcore-log: 2017-02-09 08:55:56 - DEBUG thaliReplicationPeerAction: 'Replication resumed'
02-09 11:55:56.568 13099 13153 I jxcore-log: 
02-09 11:55:56.574 18502 18518 D BtGatt.GattService: onBatchScanStorageConfigured() - clientIf=5, status=0
02-09 11:55:56.574 18502 18518 D BtGatt.ScanManager: callback done for clientIf - 5 status - 0
02-09 11:55:56.577 13099 13153 I jxcore-log: 2017-02-09 08:55:56 - INFO nodeSSDPServerLogger: '{ address: 'http://0.0.0.0:1900' } 'SSDP listening''
02-09 11:55:56.577 13099 13153 I jxcore-log: 
02-09 11:55:56.578 13099 13153 I jxcore-log: 2017-02-09 08:55:56 - INFO nodeSSDPServerLogger: 'UDP socket bound'
02-09 11:55:56.578 13099 13153 I jxcore-log: 
02-09 11:55:56.579 18502 18518 D BtGatt.GattService: onBatchScanStartStopped() - clientIf=5, status=0, startStopAction=1
02-09 11:55:56.579 18502 18518 D BtGatt.ScanManager: callback done for clientIf - 5 status - 0
02-09 11:55:56.579 13099 13153 I jxcore-log: 2017-02-09 08:55:56 - INFO nodeSSDPServerLogger: 'Socket bound'
02-09 11:55:56.579 13099 13153 I jxcore-log: 
02-09 11:55:56.599 13099 13153 I jxcore-log: 2017-02-09 08:55:56 - DEBUG thaliWifiInfrastructure: 'Emitting wifiPeerAvailabilityChanged {"peerIdentifier":"0f5b4ca1-14f2-48b4-9734-d7ba0aa3a1f6","generation":1,"portNumber":null,"hostAddress":null}'
02-09 11:55:56.599 13099 13153 I jxcore-log: 
02-09 11:55:56.600 13099 13153 I jxcore-log: 2017-02-09 08:55:56 - DEBUG thaliMobile: 'Emitting peerAvailabilityChanged from handlePeer {"peerIdentifier":"0f5b4ca1-14f2-48b4-9734-d7ba0aa3a1f6","connectionType":"tcp","peerAvailable":false,"generation":1,"newAddressPort":null}'
02-09 11:55:56.600 13099 13153 I jxcore-log: 
02-09 11:55:56.600 13099 13153 I jxcore-log: 2017-02-09 08:55:56 - WARN thaliNotificationClient: 'peer is not available'
02-09 11:55:56.600 13099 13153 I jxcore-log: 
02-09 11:55:56.602 13099 13153 I jxcore-log: 2017-02-09 08:55:56 - DEBUG thaliWifiInfrastructure: 'Emitting wifiPeerAvailabilityChanged {"peerIdentifier":"0f5b4ca1-14f2-48b4-9734-d7ba0aa3a1f6","generation":2,"hostAddress":"192.168.2.5","portNumber":49008}'
02-09 11:55:56.602 13099 13153 I jxcore-log: 
02-09 11:55:56.602 13099 13153 I jxcore-log: 2017-02-09 08:55:56 - DEBUG thaliMobile: 'Emitting peerAvailabilityChanged from handlePeer {"peerIdentifier":"0f5b4ca1-14f2-48b4-9734-d7ba0aa3a1f6","connectionType":"tcp","peerAvailable":true,"generation":2,"newAddressPort":false}'
02-09 11:55:56.602 13099 13153 I jxcore-log: 
02-09 11:55:56.661 13099 13153 I jxcore-log: 2017-02-09 08:55:56 - DEBUG thaliPeerAction: 'we couldn't destroy http agent explicitly'
02-09 11:55:56.661 13099 13153 I jxcore-log: 
02-09 11:55:56.698 13099 13153 I jxcore-log: 2017-02-09 08:55:56 - DEBUG thaliWifiInfrastructure: 'Emitting wifiPeerAvailabilityChanged {"peerIdentifier":"4a7bad7f-8549-4288-bc94-d66e4e95bc1c","generation":1,"portNumber":null,"hostAddress":null}'
02-09 11:55:56.698 13099 13153 I jxcore-log: 
02-09 11:55:56.698 13099 13153 I jxcore-log: 2017-02-09 08:55:56 - DEBUG thaliMobile: 'Emitting peerAvailabilityChanged from handlePeer {"peerIdentifier":"4a7bad7f-8549-4288-bc94-d66e4e95bc1c","connectionType":"tcp","peerAvailable":false,"generation":1,"newAddressPort":null}'
02-09 11:55:56.698 13099 13153 I jxcore-log: 
02-09 11:55:56.699 13099 13153 I jxcore-log: 2017-02-09 08:55:56 - WARN thaliNotificationClient: 'peer is not available'
02-09 11:55:56.699 13099 13153 I jxcore-log: 
02-09 11:55:56.700 13099 13153 I jxcore-log: 2017-02-09 08:55:56 - DEBUG thaliWifiInfrastructure: 'Emitting wifiPeerAvailabilityChanged {"peerIdentifier":"4a7bad7f-8549-4288-bc94-d66e4e95bc1c","generation":2,"hostAddress":"192.168.2.2","portNumber":44499}'
02-09 11:55:56.700 13099 13153 I jxcore-log: 
02-09 11:55:56.701 13099 13153 I jxcore-log: 2017-02-09 08:55:56 - DEBUG thaliMobile: 'Emitting peerAvailabilityChanged from handlePeer {"peerIdentifier":"4a7bad7f-8549-4288-bc94-d66e4e95bc1c","connectionType":"tcp","peerAvailable":true,"generation":2,"newAddressPort":false}'
02-09 11:55:56.701 13099 13153 I jxcore-log: 
02-09 11:55:56.826 13099 13153 I jxcore-log: 2017-02-09 08:55:56 - DEBUG thaliPeerAction: 'we couldn't destroy http agent explicitly'
02-09 11:55:56.826 13099 13153 I jxcore-log: 
02-09 11:55:57.005 13099 13153 I jxcore-log: ok 3 OK
02-09 11:55:57.005 13099 13153 I jxcore-log: 
02-09 11:55:57.043 13099 13153 I jxcore-log: # teardown
02-09 11:55:57.043 13099 13153 I jxcore-log: 
02-09 11:55:57.115 13099 13153 I jxcore-log: 2017-02-09 08:55:57 - DEBUG thaliWifiInfrastructure: 'Emitting wifiPeerAvailabilityChanged {"peerIdentifier":"0f5b4ca1-14f2-48b4-9734-d7ba0aa3a1f6","generation":2,"hostAddress":"192.168.2.5","portNumber":49008}'
02-09 11:55:57.115 13099 13153 I jxcore-log: 
02-09 11:55:57.142 18502 18502 D BtGatt.ScanManager: awakened up at time 6050723100
02-09 11:55:57.146 18502 18521 D BtGatt.ScanManager: flushPendingBatchResults - clientIf = 5
02-09 11:55:57.152 18502 18535 W bt_btif : bta_dm_acl_change info: 0x10
02-09 11:55:57.152 18502 18518 D bt_btif_dm: remote version info [bc:75:74:3a:bc:f8]: 0, 0, 0
02-09 11:55:57.153 18502 18518 E BluetoothRemoteDevices: state12newState0
02-09 11:55:57.154 13099 13153 I jxcore-log: 2017-02-09 08:55:57 - DEBUG thaliReplicationPeerAction: 'Replication resumed'
02-09 11:55:57.154 13099 13153 I jxcore-log: 
02-09 11:55:57.159 18502 18518 D BtGatt.GattService: onBatchScanReports() - clientIf=5, status=0, reportType=2, numRecords=3
02-09 11:55:57.159 18502 18518 D BtGatt.ScanManager: callback done for clientIf - 5 status - 0
02-09 11:55:57.160 18502 18518 D BtGatt.GattService: current time is 6050723117612743
02-09 11:55:57.160 18502 18518 D BtGatt.GattService: Batch record : [-97, -102, -7, -70, 0, 36, 0, -128, -58, 1, 0, 29, 17, 7, -85, -63, 56, -23, -44, 27, 67, -66, 83, 66, -81, -101, -121, 62, -113, -51, 10, 22, -121, 62, 2, 36, 0, -70, -7, -102, -97, 0, -42, 48, 45, 68, -81, 114, 1, -128, -65, 9, 0, 29, 17, 7, -85, -63, 56, -23, -44, 27, 67, -66, 83, 66, -81, -101, -121, 62, -113, -51, 10, 22, -121, 62, 2, -68, 117, 116, 58, -68, -8, 0, -8, -68, 58, 116, 117, -68, 0, -128, -65, 1, 0, 29, 17, 7, -85, -63, 56, -23, -44, 27, 67, -66, 83, 66, -81, -101, -121, 62, -113, -51, 10, 22, -121, 62, 2, -68, 117, 116, 58, -68, -8, 0]
02-09 11:55:57.160 18502 18518 D BtGatt.GattService: ScanRecord : [17, 7, -85, -63, 56, -23, -44, 27, 67, -66, 83, 66, -81, -101, -121, 62, -113, -51, 10, 22, -121, 62, 2, 36, 0, -70, -7, -102, -97]
02-09 11:55:57.160 18502 18518 D BtGatt.GattService: ScanRecord : [17, 7, -85, -63, 56, -23, -44, 27, 67, -66, 83, 66, -81, -101, -121, 62, -113, -51, 10, 22, -121, 62, 2, -68, 117, 116, 58, -68, -8]
02-09 11:55:57.160 18502 18518 D BtGatt.GattService: ScanRecord : [17, 7, -85, -63, 56, -23, -44, 27, 67, -66, 83, 66, -81, -101, -121, 62, -113, -51, 10, 22, -121, 62, 2, -68, 117, 116, 58, -68, -8]
02-09 11:55:57.161 13099 13099 D org.thaliproject.p2p.btconnectorlib.internal.bluetooth.le.BleScanner: onBatchScanResults: results count  = 3. Current thread: Thread[main,5,main], id: 1
02-09 11:55:57.162 13099 13099 D org.thaliproject.p2p.btconnectorlib.internal.bluetooth.le.BlePeerDiscoverer: checkScanResult: ScanResult{mDevice=72:AF:44:2D:30:D6, mScanRecord=ScanRecord [mAdvertiseFlags=-1, mServiceUuids=[cd8f3e87-9baf-4253-be43-1bd4e938c1ab], mManufacturerSpecificData={}, mServiceData={00003e87-0000-1000-8000-00805f9b34fb=[2, -68, 117, 116, 58, -68, -8]}, mTxPowerLevel=-2147483648, mDeviceName=null], mRssi=-65, mTimestampNanos=6050722667845660}
02-09 11:55:57.162 13099 13099 D org.thaliproject.p2p.btconnectorlib.internal.bluetooth.le.BlePeerDiscoverer: checkScanResult: parsedAdvertisement: [UUID = null, bluetoothMacAddress = BC:75:74:3A:BC:F8, provideBluetoothMacAddressRequestId = nullextra info = 2]
02-09 11:55:57.162 13099 13099 V org.thaliproject.p2p.btconnectorlib.internal.bluetooth.le.BlePeerDiscoverer: checkScanResult: Resolved advertisement type: ADVERTISEMENT_PEER_PROPERTIES
02-09 11:55:57.162 13099 13099 D org.thaliproject.p2p.btconnectorlib.internal.bluetooth.le.PeerAdvertisementFactory: Parsed advertisment: [UUID = cd8f3e87-9baf-4253-be43-1bd4e938c1ab, bluetoothMacAddress = BC:75:74:3A:BC:F8, provideBluetoothMacAddressRequestId = nullextra info = 2]
02-09 11:55:57.162 13099 13099 D org.thaliproject.p2p.btconnectorlib.internal.bluetooth.le.BlePeerDiscoverer: checkScanResult onPeerDiscovered [BC:75:74:3A:BC:F8 2]
02-09 11:55:57.163 13099 13099 D org.thaliproject.p2p.btconnectorlib.internal.bluetooth.le.BlePeerDiscoverer: checkScanResult: ScanResult{mDevice=BC:75:74:3A:BC:F8, mScanRecord=ScanRecord [mAdvertiseFlags=-1, mServiceUuids=[cd8f3e87-9baf-4253-be43-1bd4e938c1ab], mManufacturerSpecificData={}, mServiceData={00003e87-0000-1000-8000-00805f9b34fb=[2, -68, 117, 116, 58, -68, -8]}, mTxPowerLevel=-2147483648, mDeviceName=null], mRssi=-65, mTimestampNanos=6050723067845660}
02-09 11:55:57.163 13099 13099 D org.thaliproject.p2p.btconnectorlib.internal.bluetooth.le.BlePeerDiscoverer: checkScanResult: parsedAdvertisement: [UUID = null, bluetoothMacAddress = BC:75:74:3A:BC:F8, provideBluetoothMacAddressRequestId = nullextra info = 2]
02-09 11:55:57.163 13099 13099 V org.thaliproject.p2p.btconnectorlib.internal.bluetooth.le.BlePeerDiscoverer: checkScanResult: Resolved advertisement type: ADVERTISEMENT_PEER_PROPERTIES
02-09 11:55:57.164   920   937 D BluetoothManagerService: Added callback: android.bluetooth.IBluetoothManagerCallback$Stub$Proxy@faabc51:true
02-09 11:55:57.165 13099 13099 D org.thaliproject.p2p.btconnectorlib.internal.bluetooth.le.PeerAdvertisementFactory: Parsed advertisment: [UUID = cd8f3e87-9baf-4253-be43-1bd4e938c1ab, bluetoothMacAddress = BC:75:74:3A:BC:F8, provideBluetoothMacAddressRequestId = nullextra info = 2]
02-09 11:55:57.165 13099 13099 D org.thaliproject.p2p.btconnectorlib.internal.bluetooth.le.BlePeerDiscoverer: checkScanResult onPeerDiscovered [BC:75:74:3A:BC:F8 2]
02-09 11:55:57.166 13099 13099 D org.thaliproject.p2p.btconnectorlib.internal.bluetooth.le.BlePeerDiscoverer: checkScanResult: ScanResult{mDevice=24:00:BA:F9:9A:9F, mScanRecord=ScanRecord [mAdvertiseFlags=-1, mServiceUuids=[cd8f3e87-9baf-4253-be43-1bd4e938c1ab], mManufacturerSpecificData={}, mServiceData={00003e87-0000-1000-8000-00805f9b34fb=[2, 36, 0, -70, -7, -102, -97]}, mTxPowerLevel=-2147483648, mDeviceName=null], mRssi=-58, mTimestampNanos=6050723067845660}
02-09 11:55:57.166 13099 13099 D org.thaliproject.p2p.btconnectorlib.internal.bluetooth.le.BlePeerDiscoverer: checkScanResult: parsedAdvertisement: [UUID = null, bluetoothMacAddress = 24:00:BA:F9:9A:9F, provideBluetoothMacAddressRequestId = nullextra info = 2]
02-09 11:55:57.166 13099 13099 V org.thaliproject.p2p.btconnectorlib.internal.bluetooth.le.BlePeerDiscoverer: checkScanResult: Resolved advertisement type: ADVERTISEMENT_PEER_PROPERTIES
02-09 11:55:57.166 13099 13099 D org.thaliproject.p2p.btconnectorlib.internal.bluetooth.le.PeerAdvertisementFactory: Parsed advertisment: [UUID = cd8f3e87-9baf-4253-be43-1bd4e938c1ab, bluetoothMacAddress = 24:00:BA:F9:9A:9F, provideBluetoothMacAddressRequestId = nullextra info = 2]
02-09 11:55:57.166 13099 13099 D org.thaliproject.p2p.btconnectorlib.internal.bluetooth.le.BlePeerDiscoverer: checkScanResult onPeerDiscovered [24:00:BA:F9:9A:9F 2]
02-09 11:55:57.166 13099 13099 D org.thaliproject.p2p.btconnectorlib.DiscoveryManager: onPeerDiscovered: [BC:75:74:3A:BC:F8 2]
02-09 11:55:57.166 13099 13099 V org.thaliproject.p2p.btconnectorlib.utils.PeerModel: addOrUpdateDiscoveredPeer: [BC:75:74:3A:BC:F8 2]
02-09 11:55:57.166 13099 13099 D org.thaliproject.p2p.btconnectorlib.utils.PeerModel: has more info: false,  extra info differs: true
02-09 11:55:57.166 13099 13099 D org.thaliproject.p2p.btconnectorlib.utils.PeerModel: Want to call onPeerUpdated. Listeners size = 1
02-09 11:55:57.166 13099 13099 D org.thaliproject.p2p.btconnectorlib.DiscoveryManager: onPeerUpdated: [BC:75:74:3A:BC:F8 2]
02-09 11:55:57.167 13099 13099 V org.thaliproject.p2p.btconnectorlib.utils.PeerModel: addOrUpdateDiscoveredPeer: Timestamp of peer [BC:75:74:3A:BC:F8 2] updated - the peer count is 2
02-09 11:55:57.167 13099 13099 D org.thaliproject.p2p.btconnectorlib.DiscoveryManager: onPeerDiscovered: [BC:75:74:3A:BC:F8 2]
02-09 11:55:57.167 13099 13099 V org.thaliproject.p2p.btconnectorlib.utils.PeerModel: addOrUpdateDiscoveredPeer: [BC:75:74:3A:BC:F8 2]
02-09 11:55:57.167 13099 13099 D org.thaliproject.p2p.btconnectorlib.utils.PeerModel: has more info: false,  extra info differs: false
02-09 11:55:57.167 13099 13099 V org.thaliproject.p2p.btconnectorlib.utils.PeerModel: addOrUpdateDiscoveredPeer: Timestamp of peer [BC:75:74:3A:BC:F8 2] updated - the peer count is 2
02-09 11:55:57.167 13099 13099 D org.thaliproject.p2p.btconnectorlib.DiscoveryManager: onPeerDiscovered: [24:00:BA:F9:9A:9F 2]
02-09 11:55:57.167 13099 13099 V org.thaliproject.p2p.btconnectorlib.utils.PeerModel: addOrUpdateDiscoveredPeer: [24:00:BA:F9:9A:9F 2]
02-09 11:55:57.167 13099 13099 D org.thaliproject.p2p.btconnectorlib.utils.PeerModel: has more info: false,  extra info differs: true
02-09 11:55:57.167 13099 13099 D org.thaliproject.p2p.btconnectorlib.utils.PeerModel: Want to call onPeerUpdated. Listeners size = 1
02-09 11:55:57.167 13099 13099 D org.thaliproject.p2p.btconnectorlib.DiscoveryManager: onPeerUpdated: [24:00:BA:F9:9A:9F 2]
02-09 11:55:57.167 13099 13099 V org.thaliproject.p2p.btconnectorlib.utils.PeerModel: addOrUpdateDiscoveredPeer: Timestamp of peer [24:00:BA:F9:9A:9F 2] updated - the peer count is 2
