02-09 11:55:57.167 13099 13099 I io.jxcore.node.ConnectionHelper: onPeerUpdated: [BC:75:74:3A:BC:F8 2], device name: 'null', device address: 'null'
02-09 11:55:57.167 13099 13099 I io.jxcore.node.ConnectionHelper: onPeerUpdated: [24:00:BA:F9:9A:9F 2], device name: 'null', device address: 'null'
02-09 11:55:57.172 11683 11683 I BTConnectionReceiver: onReceive(context, Intent { act=android.bluetooth.device.action.ACL_CONNECTED flg=0x4000010 cmp=com.google.android.googlequicksearchbox/com.google.android.search.core.service.BluetoothConnectionReceiver (has extras) }, [BluetoothDevice: address=BC:75:74:3A:BC:F8, alias=null, name=Nexus 6P, majorDeviceClass=512, deviceClass=524]
02-09 11:55:57.174 11683 11683 I BluetoothClassifier: Bluetooth Device Name: Nexus 6P
02-09 11:55:57.190 13099 13153 I jxcore-log: 2017-02-09 08:55:57 - DEBUG thaliMobileNativeWrapper: 'Received peerAvailabilityChanged event from native layer [{"peerIdentifier":"BC:75:74:3A:BC:F8","generation":2,"peerAvailable":true}]'
02-09 11:55:57.190 13099 13153 I jxcore-log: 
02-09 11:55:57.190 13099 13153 I jxcore-log: 2017-02-09 08:55:57 - DEBUG thaliMobileNativeWrapper: 'Received peer availability changed event with {"peerIdentifier":"BC:75:74:3A:BC:F8","generation":2,"peerAvailable":true}'
02-09 11:55:57.190 13099 13153 I jxcore-log: 
02-09 11:55:57.191 13099 13153 I jxcore-log: 2017-02-09 08:55:57 - DEBUG thaliMobileNativeWrapper: 'Received peerAvailabilityChanged event from native layer [{"peerIdentifier":"24:00:BA:F9:9A:9F","generation":2,"peerAvailable":true}]'
02-09 11:55:57.191 13099 13153 I jxcore-log: 
02-09 11:55:57.191 13099 13153 I jxcore-log: 2017-02-09 08:55:57 - DEBUG thaliMobileNativeWrapper: 'Received peer availability changed event with {"peerIdentifier":"24:00:BA:F9:9A:9F","generation":2,"peerAvailable":true}'
02-09 11:55:57.191 13099 13153 I jxcore-log: 
02-09 11:55:57.194 13099 13153 I jxcore-log: 2017-02-09 08:55:57 - DEBUG thaliMobileNativeWrapper: 'handlePeerAvailabilityChanged - Emitting {"peerIdentifier":"BC:75:74:3A:BC:F8","peerAvailable":true,"generation":2,"portNumber":43408}'
02-09 11:55:57.194 13099 13153 I jxcore-log: 
02-09 11:55:57.195 13099 13153 I jxcore-log: 2017-02-09 08:55:57 - DEBUG thaliMobile: 'Emitting peerAvailabilityChanged from handlePeer {"peerIdentifier":"BC:75:74:3A:BC:F8","connectionType":"AndroidBluetooth","peerAvailable":true,"generation":2,"newAddressPort":false}'
02-09 11:55:57.195 13099 13153 I jxcore-log: 
02-09 11:55:57.203 13099 13153 I jxcore-log: 2017-02-09 08:55:57 - DEBUG thaliMobileNativeWrapper: 'handlePeerAvailabilityChanged - Emitting {"peerIdentifier":"24:00:BA:F9:9A:9F","peerAvailable":true,"generation":2,"portNumber":38845}'
02-09 11:55:57.203 13099 13153 I jxcore-log: 
02-09 11:55:57.204 13099 13153 I jxcore-log: 2017-02-09 08:55:57 - DEBUG thaliMobile: 'Emitting peerAvailabilityChanged from handlePeer {"peerIdentifier":"24:00:BA:F9:9A:9F","connectionType":"AndroidBluetooth","peerAvailable":true,"generation":2,"newAddressPort":false}'
02-09 11:55:57.204 13099 13153 I jxcore-log: 
02-09 11:55:57.259 13099 13153 I jxcore-log: 2017-02-09 08:55:57 - DEBUG thaliWifiInfrastructure: 'Emitting wifiPeerAvailabilityChanged {"peerIdentifier":"4a7bad7f-8549-4288-bc94-d66e4e95bc1c","generation":2,"hostAddress":"192.168.2.2","portNumber":44499}'
02-09 11:55:57.259 13099 13153 I jxcore-log: 
02-09 11:55:57.264 13099 13153 I jxcore-log: 2017-02-09 08:55:57 - DEBUG thaliReplicationPeerAction: 'Replication resumed'
02-09 11:55:57.264 13099 13153 I jxcore-log: 
02-09 11:55:57.328 13099 13153 I jxcore-log: 2017-02-09 08:55:57 - DEBUG thaliManager: 'connected pskIdentity Beacon Please for path /NotificationBeacons'
02-09 11:55:57.328 13099 13153 I jxcore-log: 
02-09 11:55:57.338 13099 13153 I jxcore-log: 2017-02-09 08:55:57 - DEBUG thaliManager: 'connected pskIdentity Beacon Please for path /NotificationBeacons'
02-09 11:55:57.338 13099 13153 I jxcore-log: 
02-09 11:55:57.441 13099 13153 I jxcore-log: 2017-02-09 08:55:57 - DEBUG thaliSendNotificationBasedOnReplication: 'We must have stopped because we are complete -{"status":"cancelled"}'
02-09 11:55:57.441 13099 13153 I jxcore-log: 
02-09 11:55:57.449 13099 13153 I jxcore-log: 2017-02-09 08:55:57 - DEBUG thaliManager: 'connected pskIdentity dTUuCRVKkTWIBFEHjGW14XadLRmCXm47qIE48c1jJqs for path /db/'
02-09 11:55:57.449 13099 13153 I jxcore-log: 
02-09 11:55:57.515 13099 13153 D io.jxcore.node.JXcoreExtension: startUpdateAdvertisingAndListening
02-09 11:55:57.517 13099 13153 I io.jxcore.node.ConnectionHelper: start: Port number: 42470, start advertisements: true
02-09 11:55:57.517 13099 13153 V io.jxcore.node.ConnectivityMonitor: start: Already started
02-09 11:55:57.517 13099 13153 I io.jxcore.node.StartStopOperationHandler: updateBeaconAdExtraInformation: New value: 2
02-09 11:55:57.517 13099 13153 I org.thaliproject.p2p.btconnectorlib.DiscoveryManagerSettings: setBeaconAdExtraInformation: 1 -> 2
02-09 11:55:57.517 13099 13153 I org.thaliproject.p2p.btconnectorlib.internal.AbstractBluetoothConnectivityAgent: clearIdentityString
02-09 11:55:57.518 13099 13153 I org.thaliproject.p2p.btconnectorlib.internal.AbstractBluetoothConnectivityAgent: verifyIdentityString: Identity string created: {"generation":2,"address":"BC:75:74:3A:BD:0F"}
02-09 11:55:57.518 13099 13153 D org.thaliproject.p2p.btconnectorlib.internal.bluetooth.BluetoothConnector: setIdentityString: {"generation":2,"address":"BC:75:74:3A:BD:0F"}
02-09 11:55:57.518 13099 13153 D org.thaliproject.p2p.btconnectorlib.DiscoveryManager: onAdvertiseScanSettingsChanged: Current thread: Thread[Thread-5726,5,main], id: 5726
02-09 11:55:57.518 13099 13153 I org.thaliproject.p2p.btconnectorlib.internal.bluetooth.le.BlePeerDiscoverer: applySettings:
02-09 11:55:57.518 13099 13153 I org.thaliproject.p2p.btconnectorlib.internal.bluetooth.le.BlePeerDiscoverer:     - Manufacturer ID: 49011
02-09 11:55:57.518 13099 13153 I org.thaliproject.p2p.btconnectorlib.internal.bluetooth.le.BlePeerDiscoverer:     - Beacon ad length and type: 533
02-09 11:55:57.518 13099 13153 I org.thaliproject.p2p.btconnectorlib.internal.bluetooth.le.BlePeerDiscoverer:     - Beacon ad extra information: 2
02-09 11:55:57.518 13099 13153 I org.thaliproject.p2p.btconnectorlib.internal.bluetooth.le.BlePeerDiscoverer:     - Advertisement data type: DO_NOT_CARE
02-09 11:55:57.518 13099 13153 I org.thaliproject.p2p.btconnectorlib.internal.bluetooth.le.BlePeerDiscoverer:     - Advertise mode: 2
02-09 11:55:57.518 13099 13153 I org.thaliproject.p2p.btconnectorlib.internal.bluetooth.le.BlePeerDiscoverer:     - Advertise TX power level: 3
02-09 11:55:57.518 13099 13153 I org.thaliproject.p2p.btconnectorlib.internal.bluetooth.le.BlePeerDiscoverer:     - Scan mode: 2
02-09 11:55:57.518 13099 13153 I org.thaliproject.p2p.btconnectorlib.internal.bluetooth.le.BlePeerDiscoverer:     - Scan report delay in milliseconds: 500
02-09 11:55:57.518 13099 13153 I org.thaliproject.p2p.btconnectorlib.internal.bluetooth.le.BlePeerDiscoverer:     - Current thread: Thread[Thread-5726,5,main], id: 5726
02-09 11:55:57.518 13099 13153 D org.thaliproject.p2p.btconnectorlib.internal.bluetooth.le.BlePeerDiscoverer: Beacon extra: 2
02-09 11:55:57.518 13099 13153 D org.thaliproject.p2p.btconnectorlib.internal.bluetooth.le.BlePeerDiscoverer: applySettings: advertiserWasStarted true Current thread: Thread[Thread-5726,5,main], id: 5726
02-09 11:55:57.519 13099 13153 D org.thaliproject.p2p.btconnectorlib.internal.bluetooth.le.BlePeerDiscoverer: applySettings: stop advertiser Current thread: Thread[Thread-5726,5,main], id: 5726
02-09 11:55:57.519 13099 13153 D org.thaliproject.p2p.btconnectorlib.internal.bluetooth.le.BleAdvertiser: stop. Current thread: Thread[Thread-5726,5,main], id: 5726
02-09 11:55:57.519 18502 18520 D BtGatt.AdvertiseManager: message : 1
02-09 11:55:57.521 18502 18520 D BtGatt.AdvertiseManager: stop advertise for client 6
02-09 11:55:57.525 18502 18518 D BtGatt.GattService: onAdvertiseInstanceDisabled() - clientIf=6, status=0
02-09 11:55:57.528 18502 18518 D BtGatt.GattService: Client app is not null!
02-09 11:55:57.529 18502 18513 D BtGatt.GattService: unregisterClient() - clientIf=6
02-09 11:55:57.530 13099 13153 D org.thaliproject.p2p.btconnectorlib.internal.bluetooth.le.BleAdvertiser: stop: Stopped
02-09 11:55:57.530 13099 13153 D org.thaliproject.p2p.btconnectorlib.internal.bluetooth.le.BleAdvertiser: setState: current  = RUNNING, new = NOT_STARTEDCurrent thread: Thread[Thread-5726,5,main], id: 5726
02-09 11:55:57.530 13099 13153 D org.thaliproject.p2p.btconnectorlib.internal.bluetooth.le.BleAdvertiser: setState: State changed from RUNNING to NOT_STARTED
02-09 11:55:57.530 13099 13153 D org.thaliproject.p2p.btconnectorlib.internal.bluetooth.le.BleAdvertiser: setState: finished Current thread: Thread[Thread-5726,5,main], id: 5726
02-09 11:55:57.530 13099 13153 D org.thaliproject.p2p.btconnectorlib.internal.bluetooth.le.BleAdvertiser: stop finished. Current thread: Thread[Thread-5726,5,main], id: 5726
02-09 11:55:57.530 13099 13153 D org.thaliproject.p2p.btconnectorlib.internal.bluetooth.le.BleAdvertiser: setAdvertiseSettings, Current thread: Thread[Thread-5726,5,main], id: 5726
02-09 11:55:57.531 13099 13153 I org.thaliproject.p2p.btconnectorlib.internal.bluetooth.le.BleAdvertiser: setAdvertiseSettings: Mode: 2, Tx power level: 3, timeout: 0, is connectable: false
02-09 11:55:57.531 13099 13153 D org.thaliproject.p2p.btconnectorlib.internal.bluetooth.le.BlePeerDiscoverer: applySettings: start advertiser Current thread: Thread[Thread-5726,5,main], id: 5726
02-09 11:55:57.531 13099 13153 D org.thaliproject.p2p.btconnectorlib.internal.bluetooth.le.BlePeerDiscoverer: startAdvertiser: Current thread: Thread[Thread-5726,5,main], id: 5726
02-09 11:55:57.531 13099 13153 D org.thaliproject.p2p.btconnectorlib.internal.bluetooth.le.BlePeerDiscoverer: stopPeerAddressHelperAdvertiser Current thread: Thread[Thread-5726,5,main], id: 5726
02-09 11:55:57.531 13099 13153 I org.thaliproject.p2p.btconnectorlib.internal.bluetooth.le.BlePeerDiscoverer: startAdvertiser: Starting...
02-09 11:55:57.531 13099 13153 D org.thaliproject.p2p.btconnectorlib.internal.bluetooth.le.BlePeerDiscoverer: createAdvertiseData: createAdvertiseDataToServiceData 
02-09 11:55:57.531 13099 13153 I org.thaliproject.p2p.btconnectorlib.internal.bluetooth.le.PeerAdvertisementFactory: createAdvertiseDataToServiceData: Service UUID: "cd8f3e87-9baf-4253-be43-1bd4e938c1ab", Bluetooth MAC address: "BC:75:74:3A:BD:0F"
02-09 11:55:57.531 13099 13153 V org.thaliproject.p2p.btconnectorlib.internal.bluetooth.le.PeerAdvertisementFactory: createAdvertiseDataToServiceData: Service data (length is 7 bytes): 02 BC 75 74 3A BD 0F
02-09 11:55:57.531 13099 13153 V org.thaliproject.p2p.btconnectorlib.internal.bluetooth.le.PeerAdvertisementFactory: createAdvertiseDataToServiceData: Created: AdvertiseData [mServiceUuids=[cd8f3e87-9baf-4253-be43-1bd4e938c1ab], mManufacturerSpecificData={}, mServiceData={cd8f3e87-9baf-4253-be43-1bd4e938c1ab=[2, -68, 117, 116, 58, -67, 15]}, mIncludeTxPowerLevel=false, mIncludeDeviceName=false]
02-09 11:55:57.531 13099 13153 I org.thaliproject.p2p.btconnectorlib.internal.bluetooth.le.BlePeerDiscoverer: createAdvertiseData: created AdvertiseData [mServiceUuids=[cd8f3e87-9baf-4253-be43-1bd4e938c1ab], mManufacturerSpecificData={}, mServiceData={cd8f3e87-9baf-4253-be43-1bd4e938c1ab=[2, -68, 117, 116, 58, -67, 15]}, mIncludeTxPowerLevel=false, mIncludeDeviceName=false]
02-09 11:55:57.531 13099 13153 D org.thaliproject.p2p.btconnectorlib.internal.bluetooth.le.BleAdvertiser: setAdvertiseData: Current thread: Thread[Thread-5726,5,main], id: 5726
02-09 11:55:57.531 13099 13153 D org.thaliproject.p2p.btconnectorlib.internal.bluetooth.le.BleAdvertiser: setAdvertiseData: AdvertiseData [mServiceUuids=[cd8f3e87-9baf-4253-be43-1bd4e938c1ab], mManufacturerSpecificData={}, mServiceData={cd8f3e87-9baf-4253-be43-1bd4e938c1ab=[2, -68, 117, 116, 58, -67, 15]}, mIncludeTxPowerLevel=false, mIncludeDeviceName=false]. Current thread: Thread[Thread-5726,5,main], id: 5726
02-09 11:55:57.531 13099 13153 D org.thaliproject.p2p.btconnectorlib.internal.bluetooth.le.BleAdvertiser: setAdvertiseData: was started = false
02-09 11:55:57.531 13099 13153 D org.thaliproject.p2p.btconnectorlib.internal.bluetooth.le.BleAdvertiser: setAdvertiseData: advertiseData = AdvertiseData [mServiceUuids=[cd8f3e87-9baf-4253-be43-1bd4e938c1ab], mManufacturerSpecificData={}, mServiceData={cd8f3e87-9baf-4253-be43-1bd4e938c1ab=[2, -68, 117, 116, 58, -67, 15]}, mIncludeTxPowerLevel=false, mIncludeDeviceName=false]
02-09 11:55:57.532 13099 13153 D org.thaliproject.p2p.btconnectorlib.internal.bluetooth.le.BleAdvertiser: setAdvertiseData finished: Current thread: Thread[Thread-5726,5,main], id: 5726
02-09 11:55:57.532 13099 13153 D org.thaliproject.p2p.btconnectorlib.internal.bluetooth.le.BleAdvertiser: start:  state = NOT_STARTEDCurrent thread: Thread[Thread-5726,5,main], id: 5726
02-09 11:55:57.532 13099 13153 I org.thaliproject.p2p.btconnectorlib.internal.bluetooth.le.BleAdvertiser: start: Starting... advertisement data = AdvertiseData [mServiceUuids=[cd8f3e87-9baf-4253-be43-1bd4e938c1ab], mManufacturerSpecificData={}, mServiceData={cd8f3e87-9baf-4253-be43-1bd4e938c1ab=[2, -68, 117, 116, 58, -67, 15]}, mIncludeTxPowerLevel=false, mIncludeDeviceName=false], Current thread: Thread[Thread-5726,5,main], id: 5726
02-09 11:55:57.534 13099 13153 D BluetoothAdapter: STATE_ON
02-09 11:55:57.538 18502 15186 D BtGatt.GattService: registerClient() - UUID=21d0e738-a67e-457a-a8f5-2a3975fa8912
02-09 11:55:57.538 18502 18518 D BtGatt.GattService: onClientRegistered() - UUID=21d0e738-a67e-457a-a8f5-2a3975fa8912, clientIf=6
02-09 11:55:57.539 13099 13111 D BluetoothLeAdvertiser: onClientRegistered() - status=0 clientIf=6
02-09 11:55:57.540 18502 18520 D BtGatt.AdvertiseManager: message : 0
02-09 11:55:57.543 18502 18520 D BtGatt.AdvertiseManager: starting multi advertising
02-09 11:55:57.545 18502 18518 D BtGatt.GattService: onAdvertiseInstanceEnabled() - clientIf=6, status=0
02-09 11:55:57.548 18502 18518 D BtGatt.GattService: onAdvertiseDataSet() - clientIf=6, status=0
02-09 11:55:57.549 13099 13153 I org.thaliproject.p2p.btconnectorlib.internal.bluetooth.le.BleAdvertiser: start: Started advertisment Current thread: Thread[Thread-5726,5,main], id: 5726
02-09 11:55:57.549 13099 13153 D org.thaliproject.p2p.btconnectorlib.internal.bluetooth.le.BleAdvertiser: setState: current  = NOT_STARTED, new = STARTINGCurrent thread: Thread[Thread-5726,5,main], id: 5726
02-09 11:55:57.549 13099 13099 D org.thaliproject.p2p.btconnectorlib.internal.bluetooth.le.BleAdvertiser: onStartSuccess : Current thread: Thread[main,5,main], id: 1
02-09 11:55:57.549 13099 13153 D org.thaliproject.p2p.btconnectorlib.internal.bluetooth.le.BleAdvertiser: setState: State changed from NOT_STARTED to STARTING
02-09 11:55:57.549 13099 13153 D org.thaliproject.p2p.btconnectorlib.internal.bluetooth.le.BleAdvertiser: setState: onIsAdvertiserStartedChanged default (no call to listener). Current thread: Thread[Thread-5726,5,main], id: 5726
02-09 11:55:57.549 13099 13153 D org.thaliproject.p2p.btconnectorlib.internal.bluetooth.le.BleAdvertiser: setState: finished Current thread: Thread[Thread-5726,5,main], id: 5726
02-09 11:55:57.549 13099 13153 I org.thaliproject.p2p.btconnectorlib.internal.bluetooth.le.BleAdvertiser: start: return, state = STARTINGCurrent thread: Thread[Thread-5726,5,main], id: 5726
02-09 11:55:57.549 13099 13153 D org.thaliproject.p2p.btconnectorlib.internal.bluetooth.le.BleAdvertiser: start returned: Current thread: Thread[Thread-5726,5,main], id: 5726
02-09 11:55:57.549 13099 13153 D org.thaliproject.p2p.btconnectorlib.internal.bluetooth.le.BlePeerDiscoverer: startAdvertiser started = true Current thread: Thread[Thread-5726,5,main], id: 5726
02-09 11:55:57.549 13099 13153 D org.thaliproject.p2p.btconnectorlib.internal.bluetooth.le.BlePeerDiscoverer: applySettings: start advertiser started = true Current thread: Thread[Thread-5726,5,main], id: 5726
02-09 11:55:57.549 13099 13153 D org.thaliproject.p2p.btconnectorlib.internal.bluetooth.le.BleScanner: applyAdditionalMarshmallowSettings
02-09 11:55:57.549 13099 13153 D org.thaliproject.p2p.btconnectorlib.internal.bluetooth.le.BlePeerDiscoverer: applySettings: scannerWasStarted true Current thread: Thread[Thread-5726,5,main], id: 5726
02-09 11:55:57.549 13099 13099 D org.thaliproject.p2p.btconnectorlib.internal.bluetooth.le.BleAdvertiser: setState: current  = STARTING, new = RUNNINGCurrent thread: Thread[main,5,main], id: 1
02-09 11:55:57.549 13099 13153 D org.thaliproject.p2p.btconnectorlib.internal.bluetooth.le.BlePeerDiscoverer: applySettings: stop scanner Current thread: Thread[Thread-5726,5,main], id: 5726
02-09 11:55:57.549 13099 13153 D org.thaliproject.p2p.btconnectorlib.internal.bluetooth.le.BleScanner: stop, Current thread: Thread[Thread-5726,5,main], id: 5726
02-09 11:55:57.549 13099 13099 D org.thaliproject.p2p.btconnectorlib.internal.bluetooth.le.BleAdvertiser: setState: State changed from STARTING to RUNNING
02-09 11:55:57.549 13099 13099 D org.thaliproject.p2p.btconnectorlib.internal.bluetooth.le.BleAdvertiser: notifyAdvertiserStateChanged: started =  true. Current thread: Thread[main,5,main], id: 1
02-09 11:55:57.549 13099 13099 D org.thaliproject.p2p.btconnectorlib.internal.bluetooth.le.BleAdvertiser: setState: finished Current thread: Thread[main,5,main], id: 1
02-09 11:55:57.550 13099 13099 I org.thaliproject.p2p.btconnectorlib.internal.bluetooth.le.BlePeerDiscoverer: onIsAdvertiserStartedChanged: trueCurrent thread: Thread[main,5,main], id: 1
02-09 11:55:57.550 13099 13153 D BluetoothAdapter: STATE_ON
02-09 11:55:57.550 13099 13099 D org.thaliproject.p2p.btconnectorlib.internal.bluetooth.le.BlePeerDiscoverer: updateState : Current thread: Thread[main,5,main], id: 1
02-09 11:55:57.550 18502 18579 D BtGatt.GattService: flushPendingBatchResults - clientIf=5, isServer=false
02-09 11:55:57.550 13099 13099 D org.thaliproject.p2p.btconnectorlib.internal.bluetooth.le.BlePeerDiscoverer: updateState: deducedStateSet: [SCANNING, ADVERTISING]
02-09 11:55:57.550 13099 13099 D org.thaliproject.p2p.btconnectorlib.internal.bluetooth.le.BlePeerDiscoverer: updateState: stateSet: [SCANNING, ADVERTISING]
02-09 11:55:57.550 13099 13153 D org.thaliproject.p2p.btconnectorlib.internal.bluetooth.le.BleScanner: stop: scan results are flushed 
02-09 11:55:57.550 13099 13099 D org.thaliproject.p2p.btconnectorlib.internal.bluetooth.le.BlePeerDiscoverer: Current thread: Thread[main,5,main], id: 1
02-09 11:55:57.550 13099 13099 D org.thaliproject.p2p.btconnectorlib.internal.bluetooth.le.BlePeerDiscoverer: update state finished. Current thread: Thread[main,5,main], id: 1
02-09 11:55:57.550 13099 13153 D BluetoothAdapter: STATE_ON
02-09 11:55:57.550 18502 18521 D BtGatt.ScanManager: flushPendingBatchResults - clientIf = 5
02-09 11:55:57.550 18502 15186 D BtGatt.GattService: stopScan() - queue size =1
02-09 11:55:57.551 18502 14690 D BtGatt.GattService: unregisterClient() - clientIf=5
02-09 11:55:57.551 13099 13153 D org.thaliproject.p2p.btconnectorlib.internal.bluetooth.le.BleScanner: stop: Stopped
02-09 11:55:57.551 13099 13153 D org.thaliproject.p2p.btconnectorlib.internal.bluetooth.le.BleScanner: set state: Current thread: Thread[Thread-5726,5,main], id: 5726
02-09 11:55:57.551 13099 13153 D org.thaliproject.p2p.btconnectorlib.internal.bluetooth.le.BleScanner: setState: State changed from RUNNING to NOT_STARTED
02-09 11:55:57.551 13099 13153 D org.thaliproject.p2p.btconnectorlib.internal.bluetooth.le.BleScanner: stop finished, Current thread: Thread[Thread-5726,5,main], id: 5726
02-09 11:55:57.551 13099 13153 I org.thaliproject.p2p.btconnectorlib.internal.bluetooth.le.BleScanner: setScanSettings: Mode: 2, report delay in milliseconds: 500, scan result type: 0
02-09 11:55:57.551 13099 13153 D org.thaliproject.p2p.btconnectorlib.internal.bluetooth.le.BlePeerDiscoverer: applySettings: start scanner Current thread: Thread[Thread-5726,5,main], id: 5726
02-09 11:55:57.551 13099 13153 D org.thaliproject.p2p.btconnectorlib.internal.bluetooth.le.BlePeerDiscoverer: startScanner: Current thread: Thread[Thread-5726,5,main], id: 5726
02-09 11:55:57.551 13099 13153 I org.thaliproject.p2p.btconnectorlib.internal.bluetooth.le.BlePeerDiscoverer: startScanner: Starting...
02-09 11:55:57.551 13099 13153 D org.thaliproject.p2p.btconnectorlib.internal.bluetooth.le.BlePeerDiscoveryUtils: createScanFilter: No service UUID, use manufacturer ID: true
02-09 11:55:57.551 13099 13153 D org.thaliproject.p2p.btconnectorlib.internal.bluetooth.le.BlePeerDiscoveryUtils: manufacturer ID: 49011
02-09 11:55:57.552 13099 13153 D org.thaliproject.p2p.btconnectorlib.internal.bluetooth.le.BlePeerDiscoveryUtils: createScanFilter: BluetoothLeScanFilter [mDeviceName=null, mDeviceAddress=null, mUuid=null, mUuidMask=null, mServiceDataUuid=null, mServiceData=null, mServiceDataMask=null, mManufacturerId=49011, mManufacturerData=null, mManufacturerDataMask=null]
02-09 11:55:57.552 13099 13153 D org.thaliproject.p2p.btconnectorlib.internal.bluetooth.le.BleScanner: start: Current thread: Thread[Thread-5726,5,main], id: 5726
02-09 11:55:57.552 13099 13153 D BluetoothAdapter: STATE_ON
02-09 11:55:57.553 18502 18518 D BtGatt.GattService: onBatchScanReports() - clientIf=5, status=0, reportType=2, numRecords=2
02-09 11:55:57.553 18502 18518 D BtGatt.ScanManager: callback done for clientIf - 5 status - 0
02-09 11:55:57.553 18502 18512 D BtGatt.GattService: registerClient() - UUID=a55cd95a-68f0-482a-a4f3-fba492405400
02-09 11:55:57.553 18502 18518 D BtGatt.GattService: current time is 6050723511188003
02-09 11:55:57.553 18502 18518 D BtGatt.GattService: Batch record : [-8, -68, 58, 116, 117, -68, 0, -128, -65, 1, 0, 29, 17, 7, -85, -63, 56, -23, -44, 27, 67, -66, 83, 66, -81, -101, -121, 62, -113, -51, 10, 22, -121, 62, 2, -68, 117, 116, 58, -68, -8, 0, -97, -102, -7, -70, 0, 36, 0, -128, -59, 2, 0, 29, 17, 7, -85, -63, 56, -23, -44, 27, 67, -66, 83, 66, -81, -101, -121, 62, -113, -51, 10, 22, -121, 62, 2, 36, 0, -70, -7, -102, -97, 0]
02-09 11:55:57.553 18502 18518 D BtGatt.GattService: ScanRecord : [17, 7, -85, -63, 56, -23, -44, 27, 67, -66, 83, 66, -81, -101, -121, 62, -113, -51, 10, 22, -121, 62, 2, -68, 117, 116, 58, -68, -8]
02-09 11:55:57.554 18502 18518 D BtGatt.GattService: ScanRecord : [17, 7, -85, -63, 56, -23, -44, 27, 67, -66, 83, 66, -81, -101, -121, 62, -113, -51, 10, 22, -121, 62, 2, 36, 0, -70, -7, -102, -97]
02-09 11:55:57.554 18502 18518 E BtGatt.ContextMap: Context not found for ID 5
02-09 11:55:57.554 18502 18518 D BtGatt.GattService: onClientRegistered() - UUID=a55cd95a-68f0-482a-a4f3-fba492405400, clientIf=5
02-09 11:55:57.554 13099 13111 D BluetoothLeScanner: onClientRegistered() - status=0 clientIf=5
02-09 11:55:57.555 18502 15186 D BtGatt.GattService: start scan with filters
02-09 11:55:57.557 18502 18518 D BtGatt.GattService: onScanFilterParamsConfigured() - clientIf=5, status=0, action=1, availableSpace=32
02-09 11:55:57.557 18502 18518 D BtGatt.ScanManager: callback done for clientIf - 5 status - 0
02-09 11:55:57.557 18502 18521 D BtGatt.ScanManager: stopping BLe Batch
02-09 11:55:57.558 13099 13153 D org.thaliproject.p2p.btconnectorlib.internal.bluetooth.le.BleScanner: start: scan started
02-09 11:55:57.558 13099 13153 D org.thaliproject.p2p.btconnectorlib.internal.bluetooth.le.BleScanner: set state: Current thread: Thread[Thread-5726,5,main], id: 5726
02-09 11:55:57.558 13099 13153 D org.thaliproject.p2p.btconnectorlib.internal.bluetooth.le.BleScanner: setState: State changed from NOT_STARTED to RUNNING
02-09 11:55:57.558 13099 13153 D org.thaliproject.p2p.btconnectorlib.internal.bluetooth.le.BleScanner: notifyScannerStateChanged: started =  true. Current thread: Thread[Thread-5726,5,main], id: 5726
02-09 11:55:57.559 13099 13153 D org.thaliproject.p2p.btconnectorlib.internal.bluetooth.le.BlePeerDiscoverer: applySettings: start scanner started = true Current thread: Thread[Thread-5726,5,main], id: 5726
02-09 11:55:57.559 13099 13153 V io.jxcore.node.StartStopOperation: isTargetState: Connectivity: RUNNING, discovery: RUNNING_BLE, is discovering: true, is advertising: true - Start operation: Should start/stop everything
02-09 11:55:57.559 13099 13153 V io.jxcore.node.StartStopOperationHandler: executeCurrentOperation: The current state already matches the desired outcome of this operation, skipping...
02-09 11:55:57.559 13099 13099 I org.thaliproject.p2p.btconnectorlib.internal.bluetooth.le.BlePeerDiscoverer: onIsScannerStartedChanged: trueCurrent thread: Thread[main,5,main], id: 1
02-09 11:55:57.559 18502 18518 D BtGatt.GattService: onBatchScanStartStopped() - clientIf=5, status=0, startStopAction=0
02-09 11:55:57.559 13099 13153 I io.jxcore.node.ConnectionHelper: start: OK
02-09 11:55:57.559 13099 13099 D org.thaliproject.p2p.btconnectorlib.internal.bluetooth.le.BlePeerDiscoverer: updateState : Current thread: Thread[main,5,main], id: 1
02-09 11:55:57.559 18502 18518 D BtGatt.ScanManager: callback done for clientIf - 5 status - 0
02-09 11:55:57.559 13099 13099 D org.thaliproject.p2p.btconnectorlib.internal.bluetooth.le.BlePeerDiscoverer: updateState: deducedStateSet: [SCANNING, ADVERTISING]
02-09 11:55:57.559 13099 13099 D org.thaliproject.p2p.btconnectorlib.internal.bluetooth.le.BlePeerDiscoverer: updateState: stateSet: [SCANNING, ADVERTISING]
02-09 11:55:57.559 18502 18521 D BtGatt.ScanManager: flushPendingBatchResults - clientIf = 5
02-09 11:55:57.559 13099 13099 D org.thaliproject.p2p.btconnectorlib.internal.bluetooth.le.BlePeerDiscoverer: Current thread: Thread[main,5,main], id: 1
02-09 11:55:57.559 13099 13099 D org.thaliproject.p2p.btconnectorlib.internal.bluetooth.le.BlePeerDiscoverer: update state finished. Current thread: Thread[main,5,main], id: 1
02-09 11:55:57.561 18502 18518 D BtGatt.GattService: onBatchScanReports() - clientIf=5, status=0, reportType=2, numRecords=0
02-09 11:55:57.561 18502 18518 D BtGatt.ScanManager: callback done for clientIf - 5 status - 0
02-09 11:55:57.563 18502 18521 D BtGatt.ScanManager: handling starting scan
02-09 11:55:57.567 18502 18518 D BtGatt.GattService: onScanFilterEnableDisabled() - clientIf=5, status=0, action=1
02-09 11:55:57.567 18502 18518 D BtGatt.ScanManager: callback done for clientIf - 5 status - 0
02-09 11:55:57.567 18502 18521 D BtGatt.ScanManager: configureFilterParamter 1500 10000 4 0
02-09 11:55:57.568 18502 18518 D BtGatt.GattService: onScanFilterParamsConfigured() - clientIf=5, status=0, action=0, availableSpace=31
02-09 11:55:57.568 18502 18518 D BtGatt.ScanManager: callback done for clientIf - 5 status - 0
02-09 11:55:57.568 18502 18521 D BtGatt.ScanManager: Starting BLE batch scan
02-09 11:55:57.569 18502 18521 D BtGatt.ScanManager: configuring batch scan storage, appIf 5
02-09 11:55:57.570 13099 13153 I jxcore-log: 2017-02-09 08:55:57 - DEBUG thaliManager: 'connected pskIdentity aLPOsHsHGId47bueY1MTTNffHrJk90J7DpAbmRceYYQ for path /db/'
02-09 11:55:57.570 13099 13153 I jxcore-log: 
02-09 11:55:57.572 18502 18518 D BtGatt.GattService: onBatchScanStorageConfigured() - clientIf=5, status=0
02-09 11:55:57.572 18502 18518 D BtGatt.ScanManager: callback done for clientIf - 5 status - 0
02-09 11:55:57.573 18502 18518 D BtGatt.GattService: onBatchScanStartStopped() - clientIf=5, status=0, startStopAction=1
02-09 11:55:57.573 18502 18518 D BtGatt.ScanManager: callback done for clientIf - 5 status - 0
02-09 11:55:57.600 13099 13153 I jxcore-log: 2017-02-09 08:55:57 - DEBUG thaliReplicationPeerAction: 'Got paused with -  '
02-09 11:55:57.600 13099 13153 I jxcore-log: 
02-09 11:55:57.617 13099 13153 I jxcore-log: 2017-02-09 08:55:57 - DEBUG thaliReplicationPeerAction: 'Got paused with -  '
02-09 11:55:57.617 13099 13153 I jxcore-log: 
02-09 11:55:57.621 13099 13153 I jxcore-log: 2017-02-09 08:55:57 - DEBUG thaliReplicationPeerAction: 'Got paused with -  '
02-09 11:55:57.621 13099 13153 I jxcore-log: 
02-09 11:55:57.625 13099 13153 I jxcore-log: 2017-02-09 08:55:57 - DEBUG thaliReplicationPeerAction: 'Got paused with -  '
02-09 11:55:57.625 13099 13153 I jxcore-log: 
02-09 11:55:57.629 13099 13153 I jxcore-log: 2017-02-09 08:55:57 - INFO nodeSSDPServerLogger: '{ address: 'http://0.0.0.0:1900' } 'SSDP listening''
02-09 11:55:57.629 13099 13153 I jxcore-log: 
02-09 11:55:57.630 13099 13153 I jxcore-log: 2017-02-09 08:55:57 - INFO nodeSSDPServerLogger: 'UDP socket bound'
02-09 11:55:57.630 13099 13153 I jxcore-log: 
02-09 11:55:57.631 13099 13153 I jxcore-log: 2017-02-09 08:55:57 - INFO nodeSSDPServerLogger: 'Socket bound'
02-09 11:55:57.631 13099 13153 I jxcore-log: 
02-09 11:55:57.638 13099 13153 I jxcore-log: 2017-02-09 08:55:57 - DEBUG thaliWifiInfrastructure: 'Emitting wifiPeerAvailabilityChanged {"peerIdentifier":"0f5b4ca1-14f2-48b4-9734-d7ba0aa3a1f6","generation":2,"hostAddress":"192.168.2.5","portNumber":49008}'
02-09 11:55:57.638 13099 13153 I jxcore-log: 
02-09 11:55:57.658 13099 13153 I jxcore-log: 2017-02-09 08:55:57 - DEBUG thaliManager: 'connected pskIdentity dTUuCRVKkTWIBFEHjGW14XadLRmCXm47qIE48c1jJqs for path /db/ThaliManagerCoordinated/_changes'
02-09 11:55:57.658 13099 13153 I jxcore-log: 
02-09 11:55:57.679 13099 13153 I jxcore-log: 2017-02-09 08:55:57 - DEBUG thaliManager: 'connected pskIdentity aLPOsHsHGId47bueY1MTTNffHrJk90J7DpAbmRceYYQ for path /db/ThaliManagerCoordinated/_changes'
02-09 11:55:57.679 13099 13153 I jxcore-log: 
02-09 11:55:57.728 13099 13153 I jxcore-log: 2017-02-09 08:55:57 - DEBUG thaliWifiInfrastructure: 'Emitting wifiPeerAvailabilityChanged {"peerIdentifier":"4a7bad7f-8549-4288-bc94-d66e4e95bc1c","generation":2,"hostAddress":"192.168.2.2","portNumber":44499}'
02-09 11:55:57.728 13099 13153 I jxcore-log: 
02-09 11:55:57.784 13099 13153 I jxcore-log: 2017-02-09 08:55:57 - DEBUG thaliManager: 'connected pskIdentity Beacon Please for path /NotificationBeacons'
02-09 11:55:57.784 13099 13153 I jxcore-log: 
02-09 11:55:57.872 13099 13153 I jxcore-log: 2017-02-09 08:55:57 - DEBUG thaliManager: 'connected pskIdentity aLPOsHsHGId47bueY1MTTNffHrJk90J7DpAbmRceYYQ for path /db/ThaliManagerCoordinated/_changes'
02-09 11:55:57.872 13099 13153 I jxcore-log: 
02-09 11:55:57.881 13099 13153 I jxcore-log: 2017-02-09 08:55:57 - DEBUG thaliManager: 'connected pskIdentity Beacon Please for path /NotificationBeacons'
02-09 11:55:57.881 13099 13153 I jxcore-log: 
02-09 11:55:57.898 13099 13153 I jxcore-log: 2017-02-09 08:55:57 - DEBUG thaliManager: 'connected pskIdentity aLPOsHsHGId47bueY1MTTNffHrJk90J7DpAbmRceYYQ for path /db/ThaliManagerCoordinated/_all_docs'
02-09 11:55:57.898 13099 13153 I jxcore-log: 
02-09 11:55:57.907 18502 18535 W bt_sdp  : process_service_search_attr_rsp
02-09 11:55:57.935 13099 13153 I jxcore-log: 2017-02-09 08:55:57 - DEBUG thaliManager: 'connected pskIdentity TziWDJmDlxM4sIELXrNTzwMdGhwSuIjiVQmW87oarNQ for path /db/'
02-09 11:55:57.935 13099 13153 I jxcore-log: 
02-09 11:55:58.061 13099 13153 I jxcore-log: 2017-02-09 08:55:58 - DEBUG thaliManager: 'connected pskIdentity dTUuCRVKkTWIBFEHjGW14XadLRmCXm47qIE48c1jJqs for path /db/ThaliManagerCoordinated/_changes'
02-09 11:55:58.061 13099 13153 I jxcore-log: 
02-09 11:55:58.067 13099 13153 I jxcore-log: 2017-02-09 08:55:58 - DEBUG thaliManager: 'connected pskIdentity dTUuCRVKkTWIBFEHjGW14XadLRmCXm47qIE48c1jJqs for path /db/ThaliManagerCoordinated/_all_docs'
02-09 11:55:58.067 13099 13153 I jxcore-log: 
02-09 11:55:58.089 13099 13153 I jxcore-log: 2017-02-09 08:55:58 - DEBUG thaliManager: 'connected pskIdentity TyDODfm1z6eD1gSC_MKfEoVWeZv3BAlQ8piiV1VxMOs for path /db/'
02-09 11:55:58.089 13099 13153 I jxcore-log: 
02-09 11:55:58.123 13099 13153 I jxcore-log: 2017-02-09 08:55:58 - DEBUG thaliManager: 'connected pskIdentity TziWDJmDlxM4sIELXrNTzwMdGhwSuIjiVQmW87oarNQ for path /db/ThaliManagerCoordinated/_changes'
02-09 11:55:58.123 13099 13153 I jxcore-log: 
02-09 11:55:58.139 13099 13153 I jxcore-log: 2017-02-09 08:55:58 - DEBUG thaliWifiInfrastructure: 'Emitting wifiPeerAvailabilityChanged {"peerIdentifier":"0f5b4ca1-14f2-48b4-9734-d7ba0aa3a1f6","generation":2,"hostAddress":"192.168.2.5","portNumber":49008}'
02-09 11:55:58.139 13099 13153 I jxcore-log: 
02-09 11:55:58.205 13099 13153 I jxcore-log: 2017-02-09 08:55:58 - DEBUG thaliManager: 'connected pskIdentity TyDODfm1z6eD1gSC_MKfEoVWeZv3BAlQ8piiV1VxMOs for path /db/ThaliManagerCoordinated/_changes'
02-09 11:55:58.205 13099 13153 I jxcore-log: 
02-09 11:55:58.225 13099 13153 I jxcore-log: 2017-02-09 08:55:58 - DEBUG thaliManager: 'connected pskIdentity aLPOsHsHGId47bueY1MTTNffHrJk90J7DpAbmRceYYQ for path /db/ThaliManagerCoordinated/_changes'
02-09 11:55:58.225 13099 13153 I jxcore-log: 
02-09 11:55:58.236 13099 13153 I jxcore-log: 2017-02-09 08:55:58 - DEBUG thaliWifiInfrastructure: 'Emitting wifiPeerAvailabilityChanged {"peerIdentifier":"4a7bad7f-8549-4288-bc94-d66e4e95bc1c","generation":2,"hostAddress":"192.168.2.2","portNumber":44499}'
02-09 11:55:58.236 13099 13153 I jxcore-log: 
02-09 11:55:58.250 13099 13153 I jxcore-log: 2017-02-09 08:55:58 - DEBUG thaliReplicationPeerAction: 'Replication resumed'
02-09 11:55:58.250 13099 13153 I jxcore-log: 
02-09 11:55:58.262 13099 13153 I jxcore-log: 2017-02-09 08:55:58 - DEBUG thaliReplicationPeerAction: 'Replication resumed'
02-09 11:55:58.262 13099 13153 I jxcore-log: 
02-09 11:55:58.336 13099 13153 I jxcore-log: 2017-02-09 08:55:58 - DEBUG thaliReplicationPeerAction: 'Replication resumed'
02-09 11:55:58.336 13099 13153 I jxcore-log: 
02-09 11:55:58.346 13099 13153 I jxcore-log: 2017-02-09 08:55:58 - DEBUG thaliReplicationPeerAction: 'Replication resumed'
02-09 11:55:58.346 13099 13153 I jxcore-log: 
02-09 11:55:58.353 13099 13153 I jxcore-log: 2017-02-09 08:55:58 - DEBUG thaliManager: 'connected pskIdentity dTUuCRVKkTWIBFEHjGW14XadLRmCXm47qIE48c1jJqs for path /db/ThaliManagerCoordinated/_changes'
02-09 11:55:58.353 13099 13153 I jxcore-log: 
02-09 11:55:58.389 13099 13153 I jxcore-log: 2017-02-09 08:55:58 - DEBUG thaliManager: 'connected pskIdentity aLPOsHsHGId47bueY1MTTNffHrJk90J7DpAbmRceYYQ for path /db/ThaliManagerCoordinated/_local/thali_BCA_f9tpFXZeFsAbo4ZmYDxEnE7n5l-O5aJYYKZbq7AFLB3fV6dEn--SOO67vDaJDYC_VRY6vDwjGMfyc1ysKYI'
02-09 11:55:58.389 13099 13153 I jxcore-log: 
02-09 11:55:58.437 13099 13153 I jxcore-log: 2017-02-09 08:55:58 - DEBUG thaliManager: 'connected pskIdentity dTUuCRVKkTWIBFEHjGW14XadLRmCXm47qIE48c1jJqs for path /db/ThaliManagerCoordinated/_local/thali_BP1aSXtL9W08L8E6Dc8tavgQ6Sw6Hs0LAbr36ioaJn2fodv_su27MSGwgKmL1HgRxLNnPSbLhoEBS3OoU4JqMAg'
02-09 11:55:58.437 13099 13153 I jxcore-log: 
02-09 11:55:58.449 13099 13153 I jxcore-log: 2017-02-09 08:55:58 - DEBUG thaliWifiInfrastructure: 'Emitting wifiPeerAvailabilityChanged {"peerIdentifier":"0f5b4ca1-14f2-48b4-9734-d7ba0aa3a1f6","generation":2,"portNumber":null,"hostAddress":null}'
02-09 11:55:58.449 13099 13153 I jxcore-log: 
02-09 11:55:58.449 13099 13153 I jxcore-log: 2017-02-09 08:55:58 - DEBUG thaliMobile: 'Emitting peerAvailabilityChanged from handlePeer {"peerIdentifier":"0f5b4ca1-14f2-48b4-9734-d7ba0aa3a1f6","connectionType":"tcp","peerAvailable":false,"generation":2,"newAddressPort":null}'
02-09 11:55:58.449 13099 13153 I jxcore-log: 
02-09 11:55:58.450 13099 13153 I jxcore-log: 2017-02-09 08:55:58 - WARN thaliNotificationClient: 'peer is not available'
02-09 11:55:58.450 13099 13153 I jxcore-log: 
02-09 11:55:58.451 13099 13153 I jxcore-log: 2017-02-09 08:55:58 - DEBUG thaliWifiInfrastructure: 'Emitting wifiPeerAvailabilityChanged {"peerIdentifier":"0f5b4ca1-14f2-48b4-9734-d7ba0aa3a1f6","generation":3,"hostAddress":"192.168.2.5","portNumber":49008}'
02-09 11:55:58.451 13099 13153 I jxcore-log: 
02-09 11:55:58.451 13099 13153 I jxcore-log: 2017-02-09 08:55:58 - DEBUG thaliMobile: 'Emitting peerAvailabilityChanged from handlePeer {"peerIdentifier":"0f5b4ca1-14f2-48b4-9734-d7ba0aa3a1f6","connectionType":"tcp","peerAvailable":true,"generation":3,"newAddressPort":false}'
02-09 11:55:58.451 13099 13153 I jxcore-log: 
02-09 11:55:58.457 13099 13153 I jxcore-log: 2017-02-09 08:55:58 - DEBUG thaliWifiInfrastructure: 'Emitting wifiPeerAvailabilityChanged {"peerIdentifier":"4a7bad7f-8549-4288-bc94-d66e4e95bc1c","generation":2,"portNumber":null,"hostAddress":null}'
02-09 11:55:58.457 13099 13153 I jxcore-log: 
02-09 11:55:58.457 13099 13153 I jxcore-log: 2017-02-09 08:55:58 - DEBUG thaliMobile: 'Emitting peerAvailabilityChanged from handlePeer {"peerIdentifier":"4a7bad7f-8549-4288-bc94-d66e4e95bc1c","connectionType":"tcp","peerAvailable":false,"generation":2,"newAddressPort":null}'
02-09 11:55:58.457 13099 13153 I jxcore-log: 
02-09 11:55:58.457 13099 13153 I jxcore-log: 2017-02-09 08:55:58 - WARN thaliNotificationClient: 'peer is not available'
02-09 11:55:58.457 13099 13153 I jxcore-log: 
02-09 11:55:58.459 13099 13153 I jxcore-log: 2017-02-09 08:55:58 - DEBUG thaliManager: 'connected pskIdentity TziWDJmDlxM4sIELXrNTzwMdGhwSuIjiVQmW87oarNQ for path /db/ThaliManagerCoordinated/_changes'
02-09 11:55:58.459 13099 13153 I jxcore-log: 
02-09 11:55:58.478 13099 13153 I jxcore-log: 2017-02-09 08:55:58 - DEBUG thaliManager: 'connected pskIdentity aLPOsHsHGId47bueY1MTTNffHrJk90J7DpAbmRceYYQ for path /db/ThaliManagerCoordinated/_local/gtVfhgr5m.Ht66MppTe4zQ%3D%3D'
02-09 11:55:58.478 13099 13153 I jxcore-log: 
02-09 11:55:58.488 13099 13153 I jxcore-log: 2017-02-09 08:55:58 - DEBUG thaliManager: 'connected pskIdentity TziWDJmDlxM4sIELXrNTzwMdGhwSuIjiVQmW87oarNQ for path /db/ThaliManagerCoordinated/_local/gtVfhgr5m.Ht66MppTe4zQ%3D%3D'
02-09 11:55:58.488 13099 13153 I jxcore-log: 
02-09 11:55:58.507 13099 13153 I jxcore-log: 2017-02-09 08:55:58 - DEBUG thaliManager: 'stopping thaliPeerPoolInterface'
02-09 11:55:58.507 13099 13153 I jxcore-log: 
02-09 11:55:58.508 13099 13153 I jxcore-log: 2017-02-09 08:55:58 - DEBUG thaliPeerAction: 'we couldn't destroy http agent explicitly'
02-09 11:55:58.508 13099 13153 I jxcore-log: 
02-09 11:55:58.510 13099 13153 I jxcore-log: 2017-02-09 08:55:58 - DEBUG thaliPeerAction: 'we couldn't destroy http agent explicitly'
02-09 11:55:58.510 13099 13153 I jxcore-log: 
02-09 11:55:58.510 13099 13153 I jxcore-log: 2017-02-09 08:55:58 - DEBUG thaliPeerAction: 'we couldn't destroy http agent explicitly'
02-09 11:55:58.510 13099 13153 I jxcore-log: 
02-09 11:55:58.511 13099 13153 I jxcore-log: 2017-02-09 08:55:58 - DEBUG thaliPeerAction: 'we couldn't destroy http agent explicitly'
02-09 11:55:58.511 13099 13153 I jxcore-log: 
02-09 11:55:58.512 13099 13153 I jxcore-log: 2017-02-09 08:55:58 - DEBUG thaliPeerAction: 'we couldn't destroy http agent explicitly'
02-09 11:55:58.512 13099 13153 I jxcore-log: 
02-09 11:55:58.514 13099 13153 I jxcore-log: 2017-02-09 08:55:58 - DEBUG thaliPeerAction: 'we couldn't destroy http agent explicitly'
02-09 11:55:58.514 13099 13153 I jxcore-log: 
02-09 11:55:58.514 13099 13153 I jxcore-log: 2017-02-09 08:55:58 - DEBUG thaliPeerAction: 'we couldn't destroy http agent explicitly'
02-09 11:55:58.514 13099 13153 I jxcore-log: 
02-09 11:55:58.515 13099 13153 I jxcore-log: 2017-02-09 08:55:58 - DEBUG thaliPeerAction: 'we couldn't destroy http agent explicitly'
02-09 11:55:58.515 13099 13153 I jxcore-log: 
02-09 11:55:58.516 13099 13153 I jxcore-log: 2017-02-09 08:55:58 - DEBUG thaliPeerAction: 'we couldn't destroy http agent explicitly'
02-09 11:55:58.516 13099 13153 I jxcore-log: 
02-09 11:55:58.516 13099 13153 I jxcore-log: 2017-02-09 08:55:58 - DEBUG thaliPeerAction: 'we couldn't destroy http agent explicitly'
02-09 11:55:58.516 13099 13153 I jxcore-log: 
02-09 11:55:58.517 13099 13153 I jxcore-log: 2017-02-09 08:55:58 - DEBUG thaliPeerAction: 'we couldn't destroy http agent explicitly'
02-09 11:55:58.517 13099 13153 I jxcore-log: 
02-09 11:55:58.550 13099 13153 I jxcore-log: 2017-02-09 08:55:58 - DEBUG thaliWifiInfrastructure: 'Emitting wifiPeerAvailabilityChanged {"peerIdentifier":"4a7bad7f-8549-4288-bc94-d66e4e95bc1c","generation":3,"hostAddress":"192.168.2.2","portNumber":44499}'
02-09 11:55:58.550 13099 13153 I jxcore-log: 
02-09 11:55:58.550 13099 13153 I jxcore-log: 2017-02-09 08:55:58 - DEBUG thaliMobile: 'Emitting peerAvailabilityChanged from handlePeer {"peerIdentifier":"4a7bad7f-8549-4288-bc94-d66e4e95bc1c","connectionType":"tcp","peerAvailable":true,"generation":3,"newAddressPort":false}'
02-09 11:55:58.550 13099 13153 I jxcore-log: 
02-09 11:55:58.551 13099 13153 I jxcore-log: 2017-02-09 08:55:58 - WARN thaliNotificationClient: '_createAndEnqueueAction: failed to enqueue an item: we ignored peer action, because we has been already stopped'
02-09 11:55:58.551 13099 13153 I jxcore-log: 
02-09 11:55:58.602 18502 18535 E bt_btm  : tBTM_SEC_DEV:0xf3d6a4c8 rs_disc_pending=1
02-09 11:55:58.602 18502 18535 W bt_btif : bta_dm_check_av:0
02-09 11:55:58.603 18502 18518 W bt_btif : btif_dm_cback : unhandled event (14)
02-09 11:55:58.605 13099 13153 I jxcore-log: 2017-02-09 08:55:58 - DEBUG thaliManager: 'connected pskIdentity TyDODfm1z6eD1gSC_MKfEoVWeZv3BAlQ8piiV1VxMOs for path /db/ThaliManagerCoordinated/_changes'
02-09 11:55:58.605 13099 13153 I jxcore-log: 
02-09 11:55:58.611 13099 13153 I jxcore-log: 2017-02-09 08:55:58 - DEBUG thaliManager: 'connected pskIdentity dTUuCRVKkTWIBFEHjGW14XadLRmCXm47qIE48c1jJqs for path /db/ThaliManagerCoordinated/_local/Orep3oSWx_aNZBAer3yyFA%3D%3D'
02-09 11:55:58.611 13099 13153 I jxcore-log: 
02-09 11:55:58.613 13099 13153 I jxcore-log: 2017-02-09 08:55:58 - DEBUG thaliManager: 'connected pskIdentity TyDODfm1z6eD1gSC_MKfEoVWeZv3BAlQ8piiV1VxMOs for path /db/ThaliManagerCoordinated/_local/Orep3oSWx_aNZBAer3yyFA%3D%3D'
02-09 11:55:58.613 13099 13153 I jxcore-log: 
02-09 11:55:58.623 13099 13153 I jxcore-log: 2017-02-09 08:55:58 - WARN thaliNotificationClient: '_createAndEnqueueAction: failed to enqueue an item: we ignored peer action, because we has been already stopped'
02-09 11:55:58.623 13099 13153 I jxcore-log: 
02-09 11:55:58.628 13099 13153 I jxcore-log: 2017-02-09 08:55:58 - WARN thaliNotificationClient: '_createAndEnqueueAction: failed to enqueue an item: we ignored peer action, because we has been already stopped'
02-09 11:55:58.628 13099 13153 I jxcore-log: 
02-09 11:55:58.662 13099 13153 I jxcore-log: 2017-02-09 08:55:58 - DEBUG thaliReplicationPeerAction: 'We called _complete with  but we are already killed and so we ignored it'
02-09 11:55:58.662 13099 13153 I jxcore-log: 
02-09 11:55:58.669 13099 13153 I jxcore-log: 2017-02-09 08:55:58 - WARN thaliNotificationClient: '_createAndEnqueueAction: failed to enqueue an item: we ignored peer action, because we has been already stopped'
02-09 11:55:58.669 13099 13153 I jxcore-log: 
02-09 11:55:58.673 13099 13153 I jxcore-log: 2017-02-09 08:55:58 - DEBUG thaliReplicationPeerAction: 'We called _complete with  but we are already killed and so we ignored it'
02-09 11:55:58.673 13099 13153 I jxcore-log: 
02-09 11:55:58.679 13099 13153 I jxcore-log: 2017-02-09 08:55:58 - WARN thaliNotificationClient: '_createAndEnqueueAction: failed to enqueue an item: we ignored peer action, because we has been already stopped'
02-09 11:55:58.679 13099 13153 I jxcore-log: 
02-09 11:55:58.693 13099 13153 I jxcore-log: 2017-02-09 08:55:58 - WARN thaliNotificationClient: '_createAndEnqueueAction: failed to enqueue an item: we ignored peer action, because we has been already stopped'
02-09 11:55:58.693 13099 13153 I jxcore-log: 
02-09 11:55:58.702 13099 13153 I jxcore-log: 2017-02-09 08:55:58 - WARN thaliNotificationClient: '_createAndEnqueueAction: failed to enqueue an item: we ignored peer action, because we has been already stopped'
02-09 11:55:58.702 13099 13153 I jxcore-log: 
02-09 11:55:58.703 13099 13153 I jxcore-log: 2017-02-09 08:55:58 - WARN thaliNotificationClient: '_createAndEnqueueAction: failed to enqueue an item: we ignored peer action, because we has been already stopped'
02-09 11:55:58.703 13099 13153 I jxcore-log: 
02-09 11:55:58.708 13099 13153 I jxcore-log: 2017-02-09 08:55:58 - DEBUG thaliManager: 'connected pskIdentity dTUuCRVKkTWIBFEHjGW14XadLRmCXm47qIE48c1jJqs for path /db/ThaliManagerCoordinated/_local/thali_BP1aSXtL9W08L8E6Dc8tavgQ6Sw6Hs0LAbr36ioaJn2fodv_su27MSGwgKmL1HgRxLNnPSbLhoEBS3OoU4JqMAg'
02-09 11:55:58.708 13099 13153 I jxcore-log: 
02-09 11:55:58.824 13099 13153 I jxcore-log: 2017-02-09 08:55:58 - DEBUG thaliReplicationPeerAction: 'We called _complete with  but we are already killed and so we ignored it'
02-09 11:55:58.824 13099 13153 I jxcore-log: 
02-09 11:55:58.844 13099 13153 I jxcore-log: 2017-02-09 08:55:58 - DEBUG thaliManager: 'connected pskIdentity TyDODfm1z6eD1gSC_MKfEoVWeZv3BAlQ8piiV1VxMOs for path /db/ThaliManagerCoordinated/_changes'
02-09 11:55:58.844 13099 13153 I jxcore-log: 
02-09 11:55:58.849 13099 13153 I jxcore-log: 2017-02-09 08:55:58 - DEBUG thaliWifiInfrastructure: 'Emitting wifiPeerAvailabilityChanged {"peerIdentifier":"0f5b4ca1-14f2-48b4-9734-d7ba0aa3a1f6","generation":3,"hostAddress":"192.168.2.5","portNumber":49008}'
02-09 11:55:58.849 13099 13153 I jxcore-log: 
02-09 11:55:58.851 13099 13153 I jxcore-log: 2017-02-09 08:55:58 - DEBUG thaliManager: 'connected pskIdentity dTUuCRVKkTWIBFEHjGW14XadLRmCXm47qIE48c1jJqs for path /db/ThaliManagerCoordinated/_local/Orep3oSWx_aNZBAer3yyFA%3D%3D'
02-09 11:55:58.851 13099 13153 I jxcore-log: 
02-09 11:55:58.858 13099 13153 I jxcore-log: 2017-02-09 08:55:58 - DEBUG thaliManager: 'connected pskIdentity TyDODfm1z6eD1gSC_MKfEoVWeZv3BAlQ8piiV1VxMOs for path /db/ThaliManagerCoordinated/_local/Orep3oSWx_aNZBAer3yyFA%3D%3D'
02-09 11:55:58.858 13099 13153 I jxcore-log: 
02-09 11:55:58.868 13099 13153 I jxcore-log: 2017-02-09 08:55:58 - DEBUG thaliReplicationPeerAction: 'We called _complete with  but we are already killed and so we ignored it'
02-09 11:55:58.868 13099 13153 I jxcore-log: 
02-09 11:55:58.869 13099 13153 I jxcore-log: 2017-02-09 08:55:58 - DEBUG thaliManager: 'stopping thaliPullReplicationFromNotification'
02-09 11:55:58.869 13099 13153 I jxcore-log: 
02-09 11:55:58.871 13099 13153 I jxcore-log: 2017-02-09 08:55:58 - DEBUG thaliManager: 'stopping thaliSendNotificationBasedOnReplication'
02-09 11:55:58.871 13099 13153 I jxcore-log: 
02-09 11:55:58.873 13099 13153 I jxcore-log: 2017-02-09 08:55:58 - DEBUG thaliSendNotificationBasedOnReplication: 'We must have stopped because we are complete -{"status":"cancelled"}'
02-09 11:55:58.873 13099 13153 I jxcore-log: 
02-09 11:55:58.874 13099 13153 I jxcore-log: 2017-02-09 08:55:58 - DEBUG thaliManager: 'stopping advertising and listening'
02-09 11:55:58.874 13099 13153 I jxcore-log: 
02-09 11:55:58.876 13099 13153 D io.jxcore.node.JXcoreExtension: stopAdvertisingAndListening
02-09 11:55:58.876 13099 13153 I io.jxcore.node.ConnectionHelper: stop: Stopping all activities and killing connections
02-09 11:55:58.876 13099 13153 V io.jxcore.node.StartStopOperation: isTargetState: Connectivity: RUNNING, discovery: RUNNING_BLE, is discovering: true, is advertising: true - Stop operation: Should start/stop everything
02-09 11:55:58.876 13099 13153 V io.jxcore.node.StartStopOperationHandler: executeCurrentOperation: Executing: Stop operation: Should start/stop everything
02-09 11:55:58.876 13099 13153 I org.thaliproject.p2p.btconnectorlib.ConnectionManager: stopListeningForIncomingConnections
02-09 11:55:58.876 13099 13153 I org.thaliproject.p2p.btconnectorlib.internal.bluetooth.BluetoothConnector: stopListeningForIncomingConnections: Stopping...
02-09 11:55:58.876 13099 13153 D org.thaliproject.p2p.btconnectorlib.internal.bluetooth.BluetoothServerThread: shutdown
02-09 11:55:58.876 13099 13153 D org.thaliproject.p2p.btconnectorlib.internal.bluetooth.BluetoothManager: release: 2 listener(s) left
02-09 11:55:58.877 13099 13153 D org.thaliproject.p2p.btconnectorlib.ConnectionManager: updateState: mShouldBeStarted :  false, mIsServerStarted:  true
02-09 11:55:58.877 13099 13153 D org.thaliproject.p2p.btconnectorlib.ConnectionManager: setState: RUNNING -> NOT_STARTED
02-09 11:55:58.877 13099 13153 I org.thaliproject.p2p.btconnectorlib.ConnectionManager: cancelAllConnectionAttempts
02-09 11:55:58.877 13099 13153 D org.thaliproject.p2p.btconnectorlib.internal.bluetooth.BluetoothConnector: cancelAllConnectionAttempts: Shutting down 2 client threads
02-09 11:55:58.877 13099 13182 V org.thaliproject.p2p.btconnectorlib.internal.bluetooth.BluetoothServerThread: closeBluetoothServerSocket: Bluetooth server socket closed
02-09 11:55:58.877 13099 13099 I io.jxcore.node.ConnectionHelper: onConnectionManagerStateChanged: NOT_STARTED
02-09 11:55:58.877 13099 13182 D org.thaliproject.p2p.btconnectorlib.internal.bluetooth.BluetoothServerThread: Exiting thread
02-09 11:55:58.877 13099 13182 I org.thaliproject.p2p.btconnectorlib.internal.bluetooth.BluetoothConnector: onServerStopped: Was explicitly stopped: true
02-09 11:55:58.879 13099 13153 I org.thaliproject.p2p.btconnectorlib.DiscoveryManager: stop: Stopping peer discovery...
02-09 11:55:58.879 13099 13153 D org.thaliproject.p2p.btconnectorlib.DiscoveryManager: stopForRestart Current thread: Thread[Thread-5726,5,main], id: 5726
02-09 11:55:58.879 13099 13153 D org.thaliproject.p2p.btconnectorlib.DiscoveryManager: stopForRestart. RUNNING_BLE
02-09 11:55:58.879 13099 13153 D org.thaliproject.p2p.btconnectorlib.internal.BluetoothMacAddressResolutionHelper: stopProvideBluetoothMacAddressMode
02-09 11:55:58.880 13099 13153 D org.thaliproject.p2p.btconnectorlib.internal.bluetooth.le.BlePeerDiscoverer: stopScannerAndAdvertiser: Current thread: Thread[Thread-5726,5,main], id: 5726
02-09 11:55:58.880 13099 13153 D org.thaliproject.p2p.btconnectorlib.internal.bluetooth.le.BlePeerDiscoverer: stopPeerAddressHelperAdvertiser Current thread: Thread[Thread-5726,5,main], id: 5726
02-09 11:55:58.880 13099 13153 D org.thaliproject.p2p.btconnectorlib.internal.bluetooth.le.BlePeerDiscoverer: stopScanner: Current thread: Thread[Thread-5726,5,main], id: 5726
