02-09 11:56:02.482  1650  1700 I jxcore-log: 
02-09 11:56:02.539  1650  1700 I jxcore-log: 2017-02-09 08:56:02 - DEBUG thaliReplicationPeerAction: 'Got paused with -  '
02-09 11:56:02.539  1650  1700 I jxcore-log: 
02-09 11:56:02.632 11651 11674 W bt_btif : bta_dm_pm_ssr conn_srvc id:26, app_id:255
02-09 11:56:02.632 11651 11674 W bt_btif : bta_dm_pm_ssr:2, lat:1200
02-09 11:56:02.634  1650  1737 I org.thaliproject.p2p.btconnectorlib.internal.bluetooth.BluetoothServerThread: Incoming connection accepted
02-09 11:56:02.638  1650  1738 D org.thaliproject.p2p.btconnectorlib.utils.BluetoothSocketIoThread: Entering thread (ID: 928)
02-09 11:56:02.636  1650  1737 D org.thaliproject.p2p.btconnectorlib.internal.bluetooth.BluetoothServerThread: Incoming connection initialized with handshake (thread ID: 928)
02-09 11:56:02.639  1650  1737 V org.thaliproject.p2p.btconnectorlib.internal.bluetooth.BluetoothServerThread: closeBluetoothServerSocket: Bluetooth server socket closed
02-09 11:56:02.643  1650  1737 W BluetoothAdapter: getBluetoothService() called with no BluetoothManagerCallback
02-09 11:56:02.649  1650  1737 I org.thaliproject.p2p.btconnectorlib.internal.bluetooth.BluetoothServerThread: Waiting for incoming connections...
02-09 11:56:02.841  1650  1700 I jxcore-log: 2017-02-09 08:56:02 - DEBUG thaliReplicationPeerAction: 'Got paused with -  '
02-09 11:56:02.841  1650  1700 I jxcore-log: 
02-09 11:56:02.898  1650  1700 I jxcore-log: 2017-02-09 08:56:02 - DEBUG thaliReplicationPeerAction: 'Got paused with -  '
02-09 11:56:02.898  1650  1700 I jxcore-log: 
02-09 11:56:02.939  1650  1700 I jxcore-log: 2017-02-09 08:56:02 - DEBUG thaliWifiInfrastructure: 'Emitting wifiPeerAvailabilityChanged {"peerIdentifier":"8f22327e-f36e-45f8-a158-debbb4347a43","generation":3,"hostAddress":"192.168.2.3","portNumber":46926}'
02-09 11:56:02.939  1650  1700 I jxcore-log: 
02-09 11:56:03.072  1650  1700 I jxcore-log: 2017-02-09 08:56:03 - DEBUG thaliWifiInfrastructure: 'Emitting wifiPeerAvailabilityChanged {"peerIdentifier":"7845c42d-6fbd-4b0f-a15c-b5ab2723b075","generation":3,"hostAddress":"192.168.2.5","portNumber":40461}'
02-09 11:56:03.072  1650  1700 I jxcore-log: 
02-09 11:56:03.165  1650  1700 I jxcore-log: 2017-02-09 08:56:03 - DEBUG thaliReplicationPeerAction: 'Got paused with -  '
02-09 11:56:03.165  1650  1700 I jxcore-log: 
02-09 11:56:03.182  1650  1700 I jxcore-log: 2017-02-09 08:56:03 - DEBUG thaliReplicationPeerAction: 'Got paused with -  '
02-09 11:56:03.182  1650  1700 I jxcore-log: 
02-09 11:56:03.275  1650  1700 I jxcore-log: 2017-02-09 08:56:03 - DEBUG thaliReplicationPeerAction: 'We called _complete with error: No activity time out  and it caused us to complete'
02-09 11:56:03.275  1650  1700 I jxcore-log: 
02-09 11:56:03.279  1650  1700 I jxcore-log: 2017-02-09 08:56:03 - DEBUG thaliPeerAction: 'we couldn't destroy http agent explicitly'
02-09 11:56:03.279  1650  1700 I jxcore-log: 
02-09 11:56:03.285  1650  1700 I jxcore-log: 2017-02-09 08:56:03 - DEBUG thaliReplicationPeerAction: 'We called _complete with  but this is a second call and so we ignored it'
02-09 11:56:03.285  1650  1700 I jxcore-log: 
02-09 11:56:03.294  1650  1700 I jxcore-log: 2017-02-09 08:56:03 - DEBUG thaliPeerPoolDefault: 'Got err   No activity time out'
02-09 11:56:03.294  1650  1700 I jxcore-log: 
02-09 11:56:03.350 11651 11674 E bt_btm  : tBTM_SEC_DEV:0xf3fc44c8 rs_disc_pending=1
02-09 11:56:03.351 11651 11674 W bt_btif : bta_dm_check_av:0
02-09 11:56:03.351 11651 11667 W bt_btif : btif_dm_cback : unhandled event (14)
02-09 11:56:03.455  1650  1700 I jxcore-log: 2017-02-09 08:56:03 - DEBUG thaliWifiInfrastructure: 'Emitting wifiPeerAvailabilityChanged {"peerIdentifier":"8f22327e-f36e-45f8-a158-debbb4347a43","generation":3,"hostAddress":"192.168.2.3","portNumber":46926}'
02-09 11:56:03.455  1650  1700 I jxcore-log: 
02-09 11:56:03.551  1650  1700 I jxcore-log: 2017-02-09 08:56:03 - DEBUG thaliReplicationPeerAction: 'We called _complete with error: No activity time out  and it caused us to complete'
02-09 11:56:03.551  1650  1700 I jxcore-log: 
02-09 11:56:03.553  1650  1700 I jxcore-log: 2017-02-09 08:56:03 - DEBUG thaliPeerAction: 'we couldn't destroy http agent explicitly'
02-09 11:56:03.553  1650  1700 I jxcore-log: 
02-09 11:56:03.556  1650  1700 I jxcore-log: 2017-02-09 08:56:03 - DEBUG thaliReplicationPeerAction: 'We called _complete with  but this is a second call and so we ignored it'
02-09 11:56:03.556  1650  1700 I jxcore-log: 
02-09 11:56:03.568  1650  1700 I jxcore-log: 2017-02-09 08:56:03 - DEBUG thaliPeerPoolDefault: 'Got err   No activity time out'
02-09 11:56:03.568  1650  1700 I jxcore-log: 
02-09 11:56:03.578  1650  1700 I jxcore-log: 2017-02-09 08:56:03 - DEBUG thaliWifiInfrastructure: 'Emitting wifiPeerAvailabilityChanged {"peerIdentifier":"7845c42d-6fbd-4b0f-a15c-b5ab2723b075","generation":3,"hostAddress":"192.168.2.5","portNumber":40461}'
02-09 11:56:03.578  1650  1700 I jxcore-log: 
02-09 11:56:03.617 11651 11674 E bt_btm  : tBTM_SEC_DEV:0xf3fc42d8 rs_disc_pending=1
02-09 11:56:03.617 11651 11674 W bt_btif : bta_dm_check_av:0
02-09 11:56:03.617 11651 11667 W bt_btif : btif_dm_cback : unhandled event (14)
02-09 11:56:03.964  1650  1700 I jxcore-log: 2017-02-09 08:56:03 - DEBUG thaliWifiInfrastructure: 'Emitting wifiPeerAvailabilityChanged {"peerIdentifier":"8f22327e-f36e-45f8-a158-debbb4347a43","generation":3,"hostAddress":"192.168.2.3","portNumber":46926}'
02-09 11:56:03.964  1650  1700 I jxcore-log: 
02-09 11:56:04.005 11651 11674 E bt_btm  : tBTM_SEC_DEV:0xf3fc44c8 rs_disc_pending=0
02-09 11:56:04.005 11651 11674 W bt_btif : bta_dm_check_av:0
02-09 11:56:04.006 11651 11667 W bt_btif : btif_dm_cback : unhandled event (14)
02-09 11:56:04.068  1650  1700 I jxcore-log: 2017-02-09 08:56:04 - DEBUG thaliWifiInfrastructure: 'Emitting wifiPeerAvailabilityChanged {"peerIdentifier":"7845c42d-6fbd-4b0f-a15c-b5ab2723b075","generation":3,"hostAddress":"192.168.2.5","portNumber":40461}'
02-09 11:56:04.068  1650  1700 I jxcore-log: 
02-09 11:56:04.093  1650  1700 I jxcore-log: 2017-02-09 08:56:04 - DEBUG thaliReplicationPeerAction: 'We called _complete with error: No activity time out  and it caused us to complete'
02-09 11:56:04.093  1650  1700 I jxcore-log: 
02-09 11:56:04.096  1650  1700 I jxcore-log: 2017-02-09 08:56:04 - DEBUG thaliPeerAction: 'we couldn't destroy http agent explicitly'
02-09 11:56:04.096  1650  1700 I jxcore-log: 
02-09 11:56:04.101  1650  1700 I jxcore-log: 2017-02-09 08:56:04 - DEBUG thaliReplicationPeerAction: 'We called _complete with  but this is a second call and so we ignored it'
02-09 11:56:04.101  1650  1700 I jxcore-log: 
02-09 11:56:04.107  1650  1700 I jxcore-log: 2017-02-09 08:56:04 - DEBUG thaliPeerPoolDefault: 'Got err   No activity time out'
02-09 11:56:04.107  1650  1700 I jxcore-log: 
02-09 11:56:04.196  1650  1700 I jxcore-log: 2017-02-09 08:56:04 - DEBUG thaliReplicationPeerAction: 'We called _complete with error: No activity time out  and it caused us to complete'
02-09 11:56:04.196  1650  1700 I jxcore-log: 
02-09 11:56:04.200  1650  1738 D org.thaliproject.p2p.btconnectorlib.internal.bluetooth.BluetoothServerThread: onBytesRead: Read 46 bytes successfully (thread ID: 928)
02-09 11:56:04.201  1650  1738 I org.thaliproject.p2p.btconnectorlib.internal.bluetooth.BluetoothServerThread: Got valid identity from [BC:75:74:3A:BD:0F 6]
02-09 11:56:04.202  1650  1738 D org.thaliproject.p2p.btconnectorlib.internal.bluetooth.BluetoothServerThread: onBytesWritten: 46 bytes successfully written (thread ID: 928)
02-09 11:56:04.202  1650  1738 D org.thaliproject.p2p.btconnectorlib.internal.bluetooth.BluetoothServerThread: onBytesWritten:  Peer props = [BC:75:74:3A:BD:0F 6]
02-09 11:56:04.202  1650  1738 D org.thaliproject.p2p.btconnectorlib.internal.bluetooth.BluetoothServerThread: removeThreadFromList: Removing thread with ID 928
02-09 11:56:04.202  1650  1738 D org.thaliproject.p2p.btconnectorlib.internal.bluetooth.BluetoothServerThread: Handshake thread disposed (thread ID: 928)
02-09 11:56:04.203  1650  1738 D org.thaliproject.p2p.btconnectorlib.internal.bluetooth.BluetoothServerThread: onIncomingConnectionConnected socket:android.bluetooth.BluetoothSocket@e72112d, properties: [BC:75:74:3A:BD:0F 6]
02-09 11:56:04.203  1650  1738 I org.thaliproject.p2p.btconnectorlib.internal.bluetooth.BluetoothConnector: onIncomingConnectionConnected: [BC:75:74:3A:BD:0F 6]
02-09 11:56:04.204  1650  1738 I org.thaliproject.p2p.btconnectorlib.internal.bluetooth.BluetoothConnector: onIncomingConnectionConnected: posted = true
02-09 11:56:04.204  1650  1738 D org.thaliproject.p2p.btconnectorlib.utils.BluetoothSocketIoThread: Exiting thread (ID: 928)
02-09 11:56:04.205  1650  1650 D org.thaliproject.p2p.btconnectorlib.internal.bluetooth.BluetoothConnector: onIncomingConnectionConnected: bluetoothSocket.isConnected() true
02-09 11:56:04.205  1650  1650 I org.thaliproject.p2p.btconnectorlib.ConnectionManager: onConnected: [BC:75:74:3A:BD:0F 6]
02-09 11:56:04.206  1650  1650 I org.thaliproject.p2p.btconnectorlib.ConnectionManager: onConnected run: [BC:75:74:3A:BD:0F 6]. Current thread: Thread[main,5,main], id: 1
02-09 11:56:04.206  1650  1650 I io.jxcore.node.ConnectionHelper: onConnected: Incoming connection to peer [BC:75:74:3A:BD:0F 6]
02-09 11:56:04.207  1650  1650 I io.jxcore.node.ConnectionHelper: onConnected: This ([BC:75:74:3A:BD:0F 6]) is a new (undiscovered) peer - add it to the model
02-09 11:56:04.207  1650  1650 V org.thaliproject.p2p.btconnectorlib.utils.PeerModel: addOrUpdateDiscoveredPeer: [BC:75:74:3A:BD:0F 6]
02-09 11:56:04.207  1650  1650 D org.thaliproject.p2p.btconnectorlib.utils.PeerModel: Want to call onPeerAdded. Listeners size = 1
02-09 11:56:04.207  1650  1650 D org.thaliproject.p2p.btconnectorlib.DiscoveryManager: onPeerAdded: [BC:75:74:3A:BD:0F 6]
02-09 11:56:04.208  1650  1650 V org.thaliproject.p2p.btconnectorlib.utils.PeerModel: addOrUpdateDiscoveredPeer: New peer, [BC:75:74:3A:BD:0F 6], added - the peer count is 1
02-09 11:56:04.210  1650  1700 I jxcore-log: 2017-02-09 08:56:04 - DEBUG thaliPeerAction: 'we couldn't destroy http agent explicitly'
02-09 11:56:04.210  1650  1700 I jxcore-log: 
02-09 11:56:04.211  1650  1650 I io.jxcore.node.ConnectionHelper: lowerBleDiscoveryPowerAndStartResetTimer: Lowering the power settings
02-09 11:56:04.212  1650  1650 I org.thaliproject.p2p.btconnectorlib.DiscoveryManagerSettings: setAdvertiseScanModeAndTxPowerLevel: Advertise mode: 2 -> 0
02-09 11:56:04.212  1650  1650 I org.thaliproject.p2p.btconnectorlib.DiscoveryManagerSettings: setAdvertiseScanModeAndTxPowerLevel: Advertise TX power level: 3 -> 1
02-09 11:56:04.212  1650  1650 I org.thaliproject.p2p.btconnectorlib.DiscoveryManagerSettings: setAdvertiseScanModeAndTxPowerLevel: Scan mode: 2 -> 0
02-09 11:56:04.213  1650  1650 D org.thaliproject.p2p.btconnectorlib.DiscoveryManager: onAdvertiseScanSettingsChanged: Current thread: Thread[main,5,main], id: 1
02-09 11:56:04.213  1650  1650 I org.thaliproject.p2p.btconnectorlib.internal.bluetooth.le.BlePeerDiscoverer: applySettings:
02-09 11:56:04.213  1650  1650 I org.thaliproject.p2p.btconnectorlib.internal.bluetooth.le.BlePeerDiscoverer:     - Manufacturer ID: 49011
02-09 11:56:04.213  1650  1650 I org.thaliproject.p2p.btconnectorlib.internal.bluetooth.le.BlePeerDiscoverer:     - Beacon ad length and type: 533
02-09 11:56:04.213  1650  1650 I org.thaliproject.p2p.btconnectorlib.internal.bluetooth.le.BlePeerDiscoverer:     - Beacon ad extra information: 6
02-09 11:56:04.213  1650  1650 I org.thaliproject.p2p.btconnectorlib.internal.bluetooth.le.BlePeerDiscoverer:     - Advertisement data type: DO_NOT_CARE
02-09 11:56:04.213  1650  1650 I org.thaliproject.p2p.btconnectorlib.internal.bluetooth.le.BlePeerDiscoverer:     - Advertise mode: 0
02-09 11:56:04.213  1650  1650 I org.thaliproject.p2p.btconnectorlib.internal.bluetooth.le.BlePeerDiscoverer:     - Advertise TX power level: 1
02-09 11:56:04.213  1650  1650 I org.thaliproject.p2p.btconnectorlib.internal.bluetooth.le.BlePeerDiscoverer:     - Scan mode: 0
02-09 11:56:04.213  1650  1650 I org.thaliproject.p2p.btconnectorlib.internal.bluetooth.le.BlePeerDiscoverer:     - Scan report delay in milliseconds: 500
02-09 11:56:04.213  1650  1650 I org.thaliproject.p2p.btconnectorlib.internal.bluetooth.le.BlePeerDiscoverer:     - Current thread: Thread[main,5,main], id: 1
02-09 11:56:04.213  1650  1650 D org.thaliproject.p2p.btconnectorlib.internal.bluetooth.le.BlePeerDiscoverer: Beacon extra: 6
02-09 11:56:04.213  1650  1700 I jxcore-log: 2017-02-09 08:56:04 - DEBUG thaliReplicationPeerAction: 'We called _complete with  but this is a second call and so we ignored it'
02-09 11:56:04.213  1650  1700 I jxcore-log: 
02-09 11:56:04.213  1650  1650 D org.thaliproject.p2p.btconnectorlib.internal.bluetooth.le.BlePeerDiscoverer: applySettings: advertiserWasStarted true Current thread: Thread[main,5,main], id: 1
02-09 11:56:04.214  1650  1650 D org.thaliproject.p2p.btconnectorlib.internal.bluetooth.le.BlePeerDiscoverer: applySettings: stop advertiser Current thread: Thread[main,5,main], id: 1
02-09 11:56:04.214  1650  1650 D org.thaliproject.p2p.btconnectorlib.internal.bluetooth.le.BleAdvertiser: stop. Current thread: Thread[main,5,main], id: 1
02-09 11:56:04.218 11651 11669 D BtGatt.AdvertiseManager: message : 1
02-09 11:56:04.219 11651 11669 D BtGatt.AdvertiseManager: stop advertise for client 6
02-09 11:56:04.221  1650  1700 I jxcore-log: 2017-02-09 08:56:04 - DEBUG thaliPeerPoolDefault: 'Got err   No activity time out'
02-09 11:56:04.221  1650  1700 I jxcore-log: 
02-09 11:56:04.222 11651 11667 D BtGatt.GattService: onAdvertiseInstanceDisabled() - clientIf=6, status=0
02-09 11:56:04.222 11651 11667 D BtGatt.GattService: Client app is not null!
02-09 11:56:04.224 11651 11703 D BtGatt.GattService: unregisterClient() - clientIf=6
02-09 11:56:04.224  1650  1650 D org.thaliproject.p2p.btconnectorlib.internal.bluetooth.le.BleAdvertiser: stop: Stopped
02-09 11:56:04.225  1650  1650 D org.thaliproject.p2p.btconnectorlib.internal.bluetooth.le.BleAdvertiser: setState: current  = RUNNING, new = NOT_STARTEDCurrent thread: Thread[main,5,main], id: 1
02-09 11:56:04.225  1650  1650 D org.thaliproject.p2p.btconnectorlib.internal.bluetooth.le.BleAdvertiser: setState: State changed from RUNNING to NOT_STARTED
02-09 11:56:04.225  1650  1650 D org.thaliproject.p2p.btconnectorlib.internal.bluetooth.le.BleAdvertiser: setState: finished Current thread: Thread[main,5,main], id: 1
02-09 11:56:04.225  1650  1650 D org.thaliproject.p2p.btconnectorlib.internal.bluetooth.le.BleAdvertiser: stop finished. Current thread: Thread[main,5,main], id: 1
02-09 11:56:04.225  1650  1650 D org.thaliproject.p2p.btconnectorlib.internal.bluetooth.le.BleAdvertiser: setAdvertiseSettings, Current thread: Thread[main,5,main], id: 1
02-09 11:56:04.225  1650  1650 I org.thaliproject.p2p.btconnectorlib.internal.bluetooth.le.BleAdvertiser: setAdvertiseSettings: Mode: 0, Tx power level: 1, timeout: 0, is connectable: false
02-09 11:56:04.225  1650  1650 D org.thaliproject.p2p.btconnectorlib.internal.bluetooth.le.BlePeerDiscoverer: applySettings: start advertiser Current thread: Thread[main,5,main], id: 1
02-09 11:56:04.225  1650  1650 D org.thaliproject.p2p.btconnectorlib.internal.bluetooth.le.BlePeerDiscoverer: startAdvertiser: Current thread: Thread[main,5,main], id: 1
02-09 11:56:04.226  1650  1650 D org.thaliproject.p2p.btconnectorlib.internal.bluetooth.le.BlePeerDiscoverer: stopPeerAddressHelperAdvertiser Current thread: Thread[main,5,main], id: 1
02-09 11:56:04.226  1650  1650 I org.thaliproject.p2p.btconnectorlib.internal.bluetooth.le.BlePeerDiscoverer: startAdvertiser: Starting...
02-09 11:56:04.226  1650  1650 D org.thaliproject.p2p.btconnectorlib.internal.bluetooth.le.BlePeerDiscoverer: createAdvertiseData: createAdvertiseDataToServiceData 
02-09 11:56:04.226  1650  1650 I org.thaliproject.p2p.btconnectorlib.internal.bluetooth.le.PeerAdvertisementFactory: createAdvertiseDataToServiceData: Service UUID: "cd8f3e87-9baf-4253-be43-1bd4e938c1ab", Bluetooth MAC address: "BC:75:74:3A:BC:F8"
02-09 11:56:04.226  1650  1650 V org.thaliproject.p2p.btconnectorlib.internal.bluetooth.le.PeerAdvertisementFactory: createAdvertiseDataToServiceData: Service data (length is 7 bytes): 06 BC 75 74 3A BC F8
02-09 11:56:04.226  1650  1650 V org.thaliproject.p2p.btconnectorlib.internal.bluetooth.le.PeerAdvertisementFactory: createAdvertiseDataToServiceData: Created: AdvertiseData [mServiceUuids=[cd8f3e87-9baf-4253-be43-1bd4e938c1ab], mManufacturerSpecificData={}, mServiceData={cd8f3e87-9baf-4253-be43-1bd4e938c1ab=[6, -68, 117, 116, 58, -68, -8]}, mIncludeTxPowerLevel=false, mIncludeDeviceName=false]
02-09 11:56:04.226  1650  1650 I org.thaliproject.p2p.btconnectorlib.internal.bluetooth.le.BlePeerDiscoverer: createAdvertiseData: created AdvertiseData [mServiceUuids=[cd8f3e87-9baf-4253-be43-1bd4e938c1ab], mManufacturerSpecificData={}, mServiceData={cd8f3e87-9baf-4253-be43-1bd4e938c1ab=[6, -68, 117, 116, 58, -68, -8]}, mIncludeTxPowerLevel=false, mIncludeDeviceName=false]
02-09 11:56:04.227  1650  1650 D org.thaliproject.p2p.btconnectorlib.internal.bluetooth.le.BleAdvertiser: setAdvertiseData: Current thread: Thread[main,5,main], id: 1
02-09 11:56:04.227  1650  1650 D org.thaliproject.p2p.btconnectorlib.internal.bluetooth.le.BleAdvertiser: setAdvertiseData: AdvertiseData [mServiceUuids=[cd8f3e87-9baf-4253-be43-1bd4e938c1ab], mManufacturerSpecificData={}, mServiceData={cd8f3e87-9baf-4253-be43-1bd4e938c1ab=[6, -68, 117, 116, 58, -68, -8]}, mIncludeTxPowerLevel=false, mIncludeDeviceName=false]. Current thread: Thread[main,5,main], id: 1
02-09 11:56:04.227  1650  1650 D org.thaliproject.p2p.btconnectorlib.internal.bluetooth.le.BleAdvertiser: setAdvertiseData: was started = false
02-09 11:56:04.227  1650  1650 D org.thaliproject.p2p.btconnectorlib.internal.bluetooth.le.BleAdvertiser: setAdvertiseData: advertiseData = AdvertiseData [mServiceUuids=[cd8f3e87-9baf-4253-be43-1bd4e938c1ab], mManufacturerSpecificData={}, mServiceData={cd8f3e87-9baf-4253-be43-1bd4e938c1ab=[6, -68, 117, 116, 58, -68, -8]}, mIncludeTxPowerLevel=false, mIncludeDeviceName=false]
02-09 11:56:04.228  1650  1650 D org.thaliproject.p2p.btconnectorlib.internal.bluetooth.le.BleAdvertiser: setAdvertiseData finished: Current thread: Thread[main,5,main], id: 1
02-09 11:56:04.228  1650  1650 D org.thaliproject.p2p.btconnectorlib.internal.bluetooth.le.BleAdvertiser: start:  state = NOT_STARTEDCurrent thread: Thread[main,5,main], id: 1
02-09 11:56:04.228  1650  1650 I org.thaliproject.p2p.btconnectorlib.internal.bluetooth.le.BleAdvertiser: start: Starting... advertisement data = AdvertiseData [mServiceUuids=[cd8f3e87-9baf-4253-be43-1bd4e938c1ab], mManufacturerSpecificData={}, mServiceData={cd8f3e87-9baf-4253-be43-1bd4e938c1ab=[6, -68, 117, 116, 58, -68, -8]}, mIncludeTxPowerLevel=false, mIncludeDeviceName=false], Current thread: Thread[main,5,main], id: 1
02-09 11:56:04.229  1650  1650 D BluetoothAdapter: STATE_ON
02-09 11:56:04.234 11651 11702 D BtGatt.GattService: registerClient() - UUID=da9d099a-6da3-4f00-9740-eaa459991adf
02-09 11:56:04.234 11651 11667 D BtGatt.GattService: onClientRegistered() - UUID=da9d099a-6da3-4f00-9740-eaa459991adf, clientIf=6
02-09 11:56:04.235  1650  1661 D BluetoothLeAdvertiser: onClientRegistered() - status=0 clientIf=6
02-09 11:56:04.236 11651 11669 D BtGatt.AdvertiseManager: message : 0
02-09 11:56:04.239 11651 11669 D BtGatt.AdvertiseManager: starting multi advertising
02-09 11:56:04.242 11651 11667 D BtGatt.GattService: onAdvertiseInstanceEnabled() - clientIf=6, status=0
02-09 11:56:04.244 11651 11667 D BtGatt.GattService: onAdvertiseDataSet() - clientIf=6, status=0
02-09 11:56:04.245  1650  1650 I org.thaliproject.p2p.btconnectorlib.internal.bluetooth.le.BleAdvertiser: start: Started advertisment Current thread: Thread[main,5,main], id: 1
02-09 11:56:04.245  1650  1650 D org.thaliproject.p2p.btconnectorlib.internal.bluetooth.le.BleAdvertiser: setState: current  = NOT_STARTED, new = STARTINGCurrent thread: Thread[main,5,main], id: 1
02-09 11:56:04.245  1650  1650 D org.thaliproject.p2p.btconnectorlib.internal.bluetooth.le.BleAdvertiser: setState: State changed from NOT_STARTED to STARTING
02-09 11:56:04.245  1650  1650 D org.thaliproject.p2p.btconnectorlib.internal.bluetooth.le.BleAdvertiser: setState: onIsAdvertiserStartedChanged default (no call to listener). Current thread: Thread[main,5,main], id: 1
02-09 11:56:04.245  1650  1650 D org.thaliproject.p2p.btconnectorlib.internal.bluetooth.le.BleAdvertiser: setState: finished Current thread: Thread[main,5,main], id: 1
02-09 11:56:04.245  1650  1650 I org.thaliproject.p2p.btconnectorlib.internal.bluetooth.le.BleAdvertiser: start: return, state = STARTINGCurrent thread: Thread[main,5,main], id: 1
02-09 11:56:04.245  1650  1650 D org.thaliproject.p2p.btconnectorlib.internal.bluetooth.le.BleAdvertiser: start returned: Current thread: Thread[main,5,main], id: 1
02-09 11:56:04.245  1650  1650 D org.thaliproject.p2p.btconnectorlib.internal.bluetooth.le.BlePeerDiscoverer: startAdvertiser started = true Current thread: Thread[main,5,main], id: 1
02-09 11:56:04.245  1650  1650 D org.thaliproject.p2p.btconnectorlib.internal.bluetooth.le.BlePeerDiscoverer: applySettings: start advertiser started = true Current thread: Thread[main,5,main], id: 1
02-09 11:56:04.245  1650  1650 D org.thaliproject.p2p.btconnectorlib.internal.bluetooth.le.BleScanner: applyAdditionalMarshmallowSettings
02-09 11:56:04.246  1650  1650 D org.thaliproject.p2p.btconnectorlib.internal.bluetooth.le.BlePeerDiscoverer: applySettings: scannerWasStarted true Current thread: Thread[main,5,main], id: 1
02-09 11:56:04.246  1650  1650 D org.thaliproject.p2p.btconnectorlib.internal.bluetooth.le.BlePeerDiscoverer: applySettings: stop scanner Current thread: Thread[main,5,main], id: 1
02-09 11:56:04.246  1650  1650 D org.thaliproject.p2p.btconnectorlib.internal.bluetooth.le.BleScanner: stop, Current thread: Thread[main,5,main], id: 1
02-09 11:56:04.248  1650  1650 D BluetoothAdapter: STATE_ON
02-09 11:56:04.248 11651 11662 D BtGatt.GattService: flushPendingBatchResults - clientIf=5, isServer=false
02-09 11:56:04.248  1650  1650 D org.thaliproject.p2p.btconnectorlib.internal.bluetooth.le.BleScanner: stop: scan results are flushed 
02-09 11:56:04.249 11651 11670 D BtGatt.ScanManager: flushPendingBatchResults - clientIf = 5
02-09 11:56:04.250  1650  1650 D BluetoothAdapter: STATE_ON
02-09 11:56:04.250 11651 11699 D BtGatt.GattService: stopScan() - queue size =1
02-09 11:56:04.251 11651 11667 D BtGatt.GattService: onBatchScanReports() - clientIf=5, status=0, reportType=2, numRecords=3
02-09 11:56:04.251 11651 11667 D BtGatt.ScanManager: callback done for clientIf - 5 status - 0
02-09 11:56:04.252 11651 11667 D BtGatt.GattService: current time is 2065321851875054
02-09 11:56:04.252 11651 11667 D BtGatt.GattService: Batch record : [15, -67, 58, 116, 117, -68, 0, -128, -59, 4, 0, 29, 17, 7, -85, -63, 56, -23, -44, 27, 67, -66, 83, 66, -81, -101, -121, 62, -113, -51, 10, 22, -121, 62, 6, -68, 117, 116, 58, -67, 15, 0, -18, 87, 111, 43, 53, 116, 1, -128, -61, 55, 0, 29, 17, 7, -85, -63, 56, -23, -44, 27, 67, -66, 83, 66, -81, -101, -121, 62, -113, -51, 10, 22, -121, 62, 7, 36, 0, -70, -7, -102, -97, 0, -97, -102, -7, -70, 0, 36, 0, -128, -62, 3, 0, 29, 17, 7, -85, -63, 56, -23, -44, 27, 67, -66, 83, 66, -81, -101, -121, 62, -113, -51, 10, 22, -121, 62, 7, 36, 0, -70, -7, -102, -97, 0]
02-09 11:56:04.252 11651 11667 D BtGatt.GattService: ScanRecord : [17, 7, -85, -63, 56, -23, -44, 27, 67, -66, 83, 66, -81, -101, -121, 62, -113, -51, 10, 22, -121, 62, 6, -68, 117, 116, 58, -67, 15]
02-09 11:56:04.252 11651 11667 D BtGatt.GattService: ScanRecord : [17, 7, -85, -63, 56, -23, -44, 27, 67, -66, 83, 66, -81, -101, -121, 62, -113, -51, 10, 22, -121, 62, 7, 36, 0, -70, -7, -102, -97]
02-09 11:56:04.252 11651 11667 D BtGatt.GattService: ScanRecord : [17, 7, -85, -63, 56, -23, -44, 27, 67, -66, 83, 66, -81, -101, -121, 62, -113, -51, 10, 22, -121, 62, 7, 36, 0, -70, -7, -102, -97]
02-09 11:56:04.253 11651 11702 D BtGatt.GattService: unregisterClient() - clientIf=5
02-09 11:56:04.253  1650  1650 D org.thaliproject.p2p.btconnectorlib.internal.bluetooth.le.BleScanner: stop: Stopped
02-09 11:56:04.253  1650  1650 D org.thaliproject.p2p.btconnectorlib.internal.bluetooth.le.BleScanner: set state: Current thread: Thread[main,5,main], id: 1
02-09 11:56:04.253  1650  1650 D org.thaliproject.p2p.btconnectorlib.internal.bluetooth.le.BleScanner: setState: State changed from RUNNING to NOT_STARTED
02-09 11:56:04.253  1650  1650 D org.thaliproject.p2p.btconnectorlib.internal.bluetooth.le.BleScanner: stop finished, Current thread: Thread[main,5,main], id: 1
02-09 11:56:04.253  1650  1650 I org.thaliproject.p2p.btconnectorlib.internal.bluetooth.le.BleScanner: setScanSettings: Mode: 0, report delay in milliseconds: 500, scan result type: 0
02-09 11:56:04.254  1650  1650 D org.thaliproject.p2p.btconnectorlib.internal.bluetooth.le.BlePeerDiscoverer: applySettings: start scanner Current thread: Thread[main,5,main], id: 1
02-09 11:56:04.254  1650  1650 D org.thaliproject.p2p.btconnectorlib.internal.bluetooth.le.BlePeerDiscoverer: startScanner: Current thread: Thread[main,5,main], id: 1
02-09 11:56:04.254  1650  1650 I org.thaliproject.p2p.btconnectorlib.internal.bluetooth.le.BlePeerDiscoverer: startScanner: Starting...
02-09 11:56:04.254  1650  1650 D org.thaliproject.p2p.btconnectorlib.internal.bluetooth.le.BlePeerDiscoveryUtils: createScanFilter: No service UUID, use manufacturer ID: true
02-09 11:56:04.254  1650  1650 D org.thaliproject.p2p.btconnectorlib.internal.bluetooth.le.BlePeerDiscoveryUtils: manufacturer ID: 49011
02-09 11:56:04.254  1650  1650 D org.thaliproject.p2p.btconnectorlib.internal.bluetooth.le.BlePeerDiscoveryUtils: createScanFilter: BluetoothLeScanFilter [mDeviceName=null, mDeviceAddress=null, mUuid=null, mUuidMask=null, mServiceDataUuid=null, mServiceData=null, mServiceDataMask=null, mManufacturerId=49011, mManufacturerData=null, mManufacturerDataMask=null]
02-09 11:56:04.254  1650  1650 D org.thaliproject.p2p.btconnectorlib.internal.bluetooth.le.BleScanner: start: Current thread: Thread[main,5,main], id: 1
02-09 11:56:04.255  1650  1650 D BluetoothAdapter: STATE_ON
02-09 11:56:04.256 11651 11667 D BtGatt.GattService: onScanFilterParamsConfigured() - clientIf=5, status=0, action=1, availableSpace=32
02-09 11:56:04.256 11651 11667 D BtGatt.ScanManager: callback done for clientIf - 5 status - 0
02-09 11:56:04.256 11651 11670 D BtGatt.ScanManager: stopping BLe Batch
02-09 11:56:04.257 11651 11667 D BtGatt.GattService: onBatchScanStartStopped() - clientIf=5, status=0, startStopAction=0
02-09 11:56:04.257 11651 11667 D BtGatt.ScanManager: callback done for clientIf - 5 status - 0
02-09 11:56:04.258 11651 11670 D BtGatt.ScanManager: flushPendingBatchResults - clientIf = 5
02-09 11:56:04.258 11651 11661 D BtGatt.GattService: registerClient() - UUID=3d2d4199-04ba-42fa-9215-981e8ab5e8e8
02-09 11:56:04.258 11651 11667 D BtGatt.GattService: onClientRegistered() - UUID=3d2d4199-04ba-42fa-9215-981e8ab5e8e8, clientIf=5
02-09 11:56:04.259  1650  1662 D BluetoothLeScanner: onClientRegistered() - status=0 clientIf=5
02-09 11:56:04.259 11651 11699 D BtGatt.GattService: start scan with filters
02-09 11:56:04.260 11651 11667 D BtGatt.GattService: onBatchScanReports() - clientIf=5, status=0, reportType=2, numRecords=0
02-09 11:56:04.260 11651 11667 D BtGatt.ScanManager: callback done for clientIf - 5 status - 0
02-09 11:56:04.262  1650  1650 D org.thaliproject.p2p.btconnectorlib.internal.bluetooth.le.BleScanner: start: scan started
02-09 11:56:04.262  1650  1650 D org.thaliproject.p2p.btconnectorlib.internal.bluetooth.le.BleScanner: set state: Current thread: Thread[main,5,main], id: 1
02-09 11:56:04.262 11651 11670 D BtGatt.ScanManager: handling starting scan
02-09 11:56:04.262  1650  1650 D org.thaliproject.p2p.btconnectorlib.internal.bluetooth.le.BleScanner: setState: State changed from NOT_STARTED to RUNNING
02-09 11:56:04.262  1650  1650 D org.thaliproject.p2p.btconnectorlib.internal.bluetooth.le.BleScanner: notifyScannerStateChanged: started =  true. Current thread: Thread[main,5,main], id: 1
02-09 11:56:04.262  1650  1650 D org.thaliproject.p2p.btconnectorlib.internal.bluetooth.le.BlePeerDiscoverer: applySettings: start scanner started = true Current thread: Thread[main,5,main], id: 1
02-09 11:56:04.263  1650  1650 I io.jxcore.node.ConnectionHelper: onConnected: Incoming socket thread, for peer [BC:75:74:3A:BD:0F 6], created successfully
02-09 11:56:04.263  1650  1650 D io.jxcore.node.ConnectionHelper: onConnected: The total number of connections is now 1
02-09 11:56:04.263  1650  1650 I io.jxcore.node.ConnectionHelper: onPeerDiscovered: [BC:75:74:3A:BD:0F 6], Bluetooth address: BC:75:74:3A:BD:0F, device name: 'null', device address: 'null'
02-09 11:56:04.263  1650  1739 D io.jxcore.node.IncomingSocketThread: Entering thread (ID: 929). Connection data  = Peer properties: [BC:75:74:3A:BD:0F 6].
02-09 11:56:04.263  1650  1739 D io.jxcore.node.IncomingSocketThread:  Is incomming connection: true.
02-09 11:56:04.263  1650  1739 D io.jxcore.node.IncomingSocketThread:  id: 1
02-09 11:56:04.263  1650  1650 D org.thaliproject.p2p.btconnectorlib.internal.bluetooth.le.BleAdvertiser: onStartSuccess : Current thread: Thread[main,5,main], id: 1
02-09 11:56:04.263  1650  1650 D org.thaliproject.p2p.btconnectorlib.internal.bluetooth.le.BleAdvertiser: setState: current  = STARTING, new = RUNNINGCurrent thread: Thread[main,5,main], id: 1
02-09 11:56:04.264  1650  1650 D org.thaliproject.p2p.btconnectorlib.internal.bluetooth.le.BleAdvertiser: setState: State changed from STARTING to RUNNING
02-09 11:56:04.264  1650  1650 D org.thaliproject.p2p.btconnectorlib.internal.bluetooth.le.BleAdvertiser: notifyAdvertiserStateChanged: started =  true. Current thread: Thread[main,5,main], id: 1
02-09 11:56:04.264  1650  1650 D org.thaliproject.p2p.btconnectorlib.internal.bluetooth.le.BleAdvertiser: setState: finished Current thread: Thread[main,5,main], id: 1
02-09 11:56:04.264  1650  1650 D org.thaliproject.p2p.btconnectorlib.internal.bluetooth.le.BleScanner: onBatchScanResults: results count  = 3. Current thread: Thread[main,5,main], id: 1
02-09 11:56:04.264  1650  1650 D org.thaliproject.p2p.btconnectorlib.internal.bluetooth.le.BlePeerDiscoverer: checkScanResult: ScanResult{mDevice=74:35:2B:6F:57:EE, mScanRecord=ScanRecord [mAdvertiseFlags=-1, mServiceUuids=[cd8f3e87-9baf-4253-be43-1bd4e938c1ab], mManufacturerSpecificData={}, mServiceData={00003e87-0000-1000-8000-00805f9b34fb=[7, 36, 0, -70, -7, -102, -97]}, mTxPowerLevel=-2147483648, mDeviceName=null], mRssi=-61, mTimestampNanos=2065319102054325}
02-09 11:56:04.264 11651 11667 D BtGatt.GattService: onScanFilterEnableDisabled() - clientIf=5, status=0, action=1
02-09 11:56:04.264  1650  1650 D org.thaliproject.p2p.btconnectorlib.internal.bluetooth.le.BlePeerDiscoverer: checkScanResult: parsedAdvertisement: [UUID = null, bluetoothMacAddress = 24:00:BA:F9:9A:9F, provideBluetoothMacAddressRequestId = nullextra info = 7]
02-09 11:56:04.264 11651 11667 D BtGatt.ScanManager: callback done for clientIf - 5 status - 0
02-09 11:56:04.264  1650  1650 V org.thaliproject.p2p.btconnectorlib.internal.bluetooth.le.BlePeerDiscoverer: checkScanResult: Resolved advertisement type: ADVERTISEMENT_PEER_PROPERTIES
02-09 11:56:04.264  1650  1700 I jxcore-log: 2017-02-09 08:56:04 - DEBUG thaliMobileNativeWrapper: 'Received peerAvailabilityChanged event from native layer [{"peerIdentifier":"BC:75:74:3A:BD:0F","generation":6,"peerAvailable":true}]'
02-09 11:56:04.264  1650  1700 I jxcore-log: 
02-09 11:56:04.264  1650  1650 D org.thaliproject.p2p.btconnectorlib.internal.bluetooth.le.PeerAdvertisementFactory: Parsed advertisment: [UUID = cd8f3e87-9baf-4253-be43-1bd4e938c1ab, bluetoothMacAddress = 24:00:BA:F9:9A:9F, provideBluetoothMacAddressRequestId = nullextra info = 7]
02-09 11:56:04.264  1650  1650 D org.thaliproject.p2p.btconnectorlib.internal.bluetooth.le.BlePeerDiscoverer: checkScanResult onPeerDiscovered [24:00:BA:F9:9A:9F 7]
02-09 11:56:04.265 11651 11670 D BtGatt.ScanManager: configureFilterParamter 1500 10000 4 0
02-09 11:56:04.265  1650  1650 D org.thaliproject.p2p.btconnectorlib.internal.bluetooth.le.BlePeerDiscoverer: checkScanResult: ScanResult{mDevice=BC:75:74:3A:BD:0F, mScanRecord=ScanRecord [mAdvertiseFlags=-1, mServiceUuids=[cd8f3e87-9baf-4253-be43-1bd4e938c1ab], mManufacturerSpecificData={}, mServiceData={00003e87-0000-1000-8000-00805f9b34fb=[6, -68, 117, 116, 58, -67, 15]}, mTxPowerLevel=-2147483648, mDeviceName=null], mRssi=-59, mTimestampNanos=2065321652054325}
02-09 11:56:04.265  1650  1650 D org.thaliproject.p2p.btconnectorlib.internal.bluetooth.le.BlePeerDiscoverer: checkScanResult: parsedAdvertisement: [UUID = null, bluetoothMacAddress = BC:75:74:3A:BD:0F, provideBluetoothMacAddressRequestId = nullextra info = 6]
02-09 11:56:04.265  1650  1650 V org.thaliproject.p2p.btconnectorlib.internal.bluetooth.le.BlePeerDiscoverer: checkScanResult: Resolved advertisement type: ADVERTISEMENT_PEER_PROPERTIES
02-09 11:56:04.265  1650  1650 D org.thaliproject.p2p.btconnectorlib.internal.bluetooth.le.PeerAdvertisementFactory: Parsed advertisment: [UUID = cd8f3e87-9baf-4253-be43-1bd4e938c1ab, bluetoothMacAddress = BC:75:74:3A:BD:0F, provideBluetoothMacAddressRequestId = nullextra info = 6]
02-09 11:56:04.265  1650  1650 D org.thaliproject.p2p.btconnectorlib.internal.bluetooth.le.BlePeerDiscoverer: checkScanResult onPeerDiscovered [BC:75:74:3A:BD:0F 6]
02-09 11:56:04.265  1650  1650 D org.thaliproject.p2p.btconnectorlib.internal.bluetooth.le.BlePeerDiscoverer: checkScanResult: ScanResult{mDevice=24:00:BA:F9:9A:9F, mScanRecord=ScanRecord [mAdvertiseFlags=-1, mServiceUuids=[cd8f3e87-9baf-4253-be43-1bd4e938c1ab], mManufacturerSpecificData={}, mServiceData={00003e87-0000-1000-8000-00805f9b34fb=[7, 36, 0, -70, -7, -102, -97]}, mTxPowerLevel=-2147483648, mDeviceName=null], mRssi=-62, mTimestampNanos=2065321702054325}
02-09 11:56:04.265  1650  1700 I jxcore-log: 2017-02-09 08:56:04 - DEBUG thaliMobileNativeWrapper: 'Received peer availability changed event with {"peerIdentifier":"BC:75:74:3A:BD:0F","generation":6,"peerAvailable":true}'
02-09 11:56:04.265  1650  1700 I jxcore-log: 
02-09 11:56:04.265  1650  1650 D org.thaliproject.p2p.btconnectorlib.internal.bluetooth.le.BlePeerDiscoverer: checkScanResult: parsedAdvertisement: [UUID = null, bluetoothMacAddress = 24:00:BA:F9:9A:9F, provideBluetoothMacAddressRequestId = nullextra info = 7]
02-09 11:56:04.266  1650  1650 V org.thaliproject.p2p.btconnectorlib.internal.bluetooth.le.BlePeerDiscoverer: checkScanResult: Resolved advertisement type: ADVERTISEMENT_PEER_PROPERTIES
02-09 11:56:04.266  1650  1650 D org.thaliproject.p2p.btconnectorlib.internal.bluetooth.le.PeerAdvertisementFactory: Parsed advertisment: [UUID = cd8f3e87-9baf-4253-be43-1bd4e938c1ab, bluetoothMacAddress = 24:00:BA:F9:9A:9F, provideBluetoothMacAddressRequestId = nullextra info = 7]
02-09 11:56:04.266  1650  1650 D org.thaliproject.p2p.btconnectorlib.internal.bluetooth.le.BlePeerDiscoverer: checkScanResult onPeerDiscovered [24:00:BA:F9:9A:9F 7]
02-09 11:56:04.266  1650  1650 I org.thaliproject.p2p.btconnectorlib.internal.bluetooth.le.BlePeerDiscoverer: onIsScannerStartedChanged: trueCurrent thread: Thread[main,5,main], id: 1
02-09 11:56:04.266  1650  1650 D org.thaliproject.p2p.btconnectorlib.internal.bluetooth.le.BlePeerDiscoverer: updateState : Current thread: Thread[main,5,main], id: 1
02-09 11:56:04.266 11651 11667 D BtGatt.GattService: onScanFilterParamsConfigured() - clientIf=5, status=0, action=0, availableSpace=31
02-09 11:56:04.266 11651 11667 D BtGatt.ScanManager: callback done for clientIf - 5 status - 0
02-09 11:56:04.266  1650  1650 D org.thaliproject.p2p.btconnectorlib.internal.bluetooth.le.BlePeerDiscoverer: updateState: deducedStateSet: [SCANNING, ADVERTISING]
02-09 11:56:04.266  1650  1650 D org.thaliproject.p2p.btconnectorlib.internal.bluetooth.le.BlePeerDiscoverer: updateState: stateSet: [SCANNING, ADVERTISING]
02-09 11:56:04.266  1650  1650 D org.thaliproject.p2p.btconnectorlib.internal.bluetooth.le.BlePeerDiscoverer: Current thread: Thread[main,5,main], id: 1
02-09 11:56:04.266 11651 11670 D BtGatt.ScanManager: Starting BLE batch scan
02-09 11:56:04.266  1650  1650 D org.thaliproject.p2p.btconnectorlib.internal.bluetooth.le.BlePeerDiscoverer: update state finished. Current thread: Thread[main,5,main], id: 1
02-09 11:56:04.266 11651 11670 D BtGatt.ScanManager: configuring batch scan storage, appIf 5
02-09 11:56:04.266  1650  1650 I org.thaliproject.p2p.btconnectorlib.internal.bluetooth.le.BlePeerDiscoverer: onIsAdvertiserStartedChanged: trueCurrent thread: Thread[main,5,main], id: 1
02-09 11:56:04.266  1650  1650 D org.thaliproject.p2p.btconnectorlib.internal.bluetooth.le.BlePeerDiscoverer: updateState : Current thread: Thread[main,5,main], id: 1
02-09 11:56:04.266  1650  1650 D org.thaliproject.p2p.btconnectorlib.internal.bluetooth.le.BlePeerDiscoverer: updateState: deducedStateSet: [SCANNING, ADVERTISING]
02-09 11:56:04.267  1650  1650 D org.thaliproject.p2p.btconnectorlib.internal.bluetooth.le.BlePeerDiscoverer: updateState: stateSet: [SCANNING, ADVERTISING]
02-09 11:56:04.267  1650  1650 D org.thaliproject.p2p.btconnectorlib.internal.bluetooth.le.BlePeerDiscoverer: Current thread: Thread[main,5,main], id: 1
02-09 11:56:04.267  1650  1650 D org.thaliproject.p2p.btconnectorlib.internal.bluetooth.le.BlePeerDiscoverer: update state finished. Current thread: Thread[main,5,main], id: 1
02-09 11:56:04.267  1650  1650 D org.thaliproject.p2p.btconnectorlib.DiscoveryManager: onPeerDiscovered: [24:00:BA:F9:9A:9F 7]
02-09 11:56:04.267  1650  1650 V org.thaliproject.p2p.btconnectorlib.utils.PeerModel: addOrUpdateDiscoveredPeer: [24:00:BA:F9:9A:9F 7]
02-09 11:56:04.267  1650  1650 D org.thaliproject.p2p.btconnectorlib.utils.PeerModel: Want to call onPeerAdded. Listeners size = 1
02-09 11:56:04.267  1650  1650 D org.thaliproject.p2p.btconnectorlib.DiscoveryManager: onPeerAdded: [24:00:BA:F9:9A:9F 7]
02-09 11:56:04.267  1650  1739 I io.jxcore.node.IncomingSocketThread: Creating TCP android... 
02-09 11:56:04.267  1650  1650 V org.thaliproject.p2p.btconnectorlib.utils.PeerModel: addOrUpdateDiscoveredPeer: New peer, [24:00:BA:F9:9A:9F 7], added - the peer count is 2
02-09 11:56:04.267  1650  1650 D org.thaliproject.p2p.btconnectorlib.DiscoveryManager: onPeerDiscovered: [BC:75:74:3A:BD:0F 6]
02-09 11:56:04.267  1650  1650 V org.thaliproject.p2p.btconnectorlib.utils.PeerModel: addOrUpdateDiscoveredPeer: [BC:75:74:3A:BD:0F 6]
02-09 11:56:04.267  1650  1739 I io.jxcore.node.IncomingSocketThread: Local host address: localhost/127.0.0.1, port: 40435
02-09 11:56:04.267  1650  1650 D org.thaliproject.p2p.btconnectorlib.utils.PeerModel: has more info: false,  extra info differs: false
02-09 11:56:04.267  1650  1650 V org.thaliproject.p2p.btconnectorlib.utils.PeerModel: addOrUpdateDiscoveredPeer: Timestamp of peer [BC:75:74:3A:BD:0F 6] updated - the peer count is 2
02-09 11:56:04.267  1650  1650 D org.thaliproject.p2p.btconnectorlib.DiscoveryManager: onPeerDiscovered: [24:00:BA:F9:9A:9F 7]
02-09 11:56:04.268  1650  1650 V org.thaliproject.p2p.btconnectorlib.utils.PeerModel: addOrUpdateDiscoveredPeer: [24:00:BA:F9:9A:9F 7]
02-09 11:56:04.268  1650  1650 D org.thaliproject.p2p.btconnectorlib.utils.PeerModel: has more info: false,  extra info differs: false
02-09 11:56:04.268  1650  1700 I jxcore-log: 2017-02-09 08:56:04 - DEBUG createPeerListener: 'creating new server for BC:75:74:3A:BD:0F'
02-09 11:56:04.268  1650  1700 I jxcore-log: 
02-09 11:56:04.268  1650  1650 V org.thaliproject.p2p.btconnectorlib.utils.PeerModel: addOrUpdateDiscoveredPeer: Timestamp of peer [24:00:BA:F9:9A:9F 7] updated - the peer count is 2
02-09 11:56:04.268  1650  1739 D io.jxcore.node.IncomingSocketThread: Setting local streams and starting stream copying threads...
02-09 11:56:04.268  1650  1650 I io.jxcore.node.ConnectionHelper: onPeerDiscovered: [24:00:BA:F9:9A:9F 7], Bluetooth address: 24:00:BA:F9:9A:9F, device name: 'null', device address: 'null'
02-09 11:56:04.268  1650  1739 I io.jxcore.node.StreamCopyingThread: setBufferSize: Setting buffer size to 4096 bytes
02-09 11:56:04.269  1650  1739 I io.jxcore.node.StreamCopyingThread: setBufferSize: Setting buffer size to 4096 bytes
02-09 11:56:04.269  1650  1739 I io.jxcore.node.IncomingSocketThread: startStreamCopyingThreads: OK (thread ID: 929)
02-09 11:56:04.269  1650  1739 D io.jxcore.node.IncomingSocketThread: Exiting thread (ID: 929). Connection data = Peer properties: [BC:75:74:3A:BD:0F 6].
02-09 11:56:04.269  1650  1739 D io.jxcore.node.IncomingSocketThread:  Is incomming connection: true.
02-09 11:56:04.269  1650  1739 D io.jxcore.node.IncomingSocketThread:  id: 1
02-09 11:56:04.270  1650  1700 I jxcore-log: 2017-02-09 08:56:04 - DEBUG createPeerListener: 'Node TCP/IP listener (server) for BC:75:74:3A:BD:0F listening on 46602'
02-09 11:56:04.270  1650  1700 I jxcore-log: 
02-09 11:56:04.270  1650  1742 D io.jxcore.node.StreamCopyingThread: Entering thread (ID: 931, name: IncomingSocketThread/Receiver). Connection data: Peer properties: [BC:75:74:3A:BD:0F 6].
02-09 11:56:04.270  1650  1742 D io.jxcore.node.StreamCopyingThread:  Is incomming connection: true.
02-09 11:56:04.270  1650  1742 D io.jxcore.node.StreamCopyingThread:  id: 1
02-09 11:56:04.272  1650  1700 I jxcore-log: 2017-02-09 08:56:04 - DEBUG thaliMobileNativeWrapper: 'handlePeerAvailabilityChanged - Emitting {"peerIdentifier":"BC:75:74:3A:BD:0F","peerAvailable":true,"generation":6,"portNumber":46602}'
02-09 11:56:04.272  1650  1700 I jxcore-log: 
02-09 11:56:04.273  1650  1700 I jxcore-log: 2017-02-09 08:56:04 - DEBUG thaliMobile: 'Emitting peerAvailabilityChanged from handlePeer {"peerIdentifier":"BC:75:74:3A:BD:0F","connectionType":"AndroidBluetooth","peerAvailable":true,"generation":6,"newAddressPort":false}'
02-09 11:56:04.273  1650  1700 I jxcore-log: 
02-09 11:56:04.278  1650  1741 D io.jxcore.node.StreamCopyingThread: Entering thread (ID: 930, name: IncomingSocketThread/Sender). Connection data: Peer properties: [BC:75:74:3A:BD:0F 6].
02-09 11:56:04.278  1650  1741 D io.jxcore.node.StreamCopyingThread:  Is incomming connection: true.
02-09 11:56:04.278  1650  1741 D io.jxcore.node.StreamCopyingThread:  id: 1
02-09 11:56:04.279 11651 11667 D BtGatt.GattService: onBatchScanStorageConfigured() - clientIf=5, status=0
02-09 11:56:04.279 11651 11667 D BtGatt.ScanManager: callback done for clientIf - 5 status - 0
02-09 11:56:04.280 11651 11667 D BtGatt.GattService: onBatchScanStartStopped() - clientIf=5, status=0, startStopAction=1
02-09 11:56:04.280 11651 11667 D BtGatt.ScanManager: callback done for clientIf - 5 status - 0
02-09 11:56:04.285  1650  1700 I jxcore-log: 2017-02-09 08:56:04 - DEBUG createNativeListener: 'incoming - incoming Android TCP/IP client connection <-> Mux - 0'
02-09 11:56:04.285  1650  1700 I jxcore-log: 
02-09 11:56:04.286  1650  1700 I jxcore-log: 2017-02-09 08:56:04 - DEBUG createNativeListener: 'Native Server - Creating Mux'
02-09 11:56:04.286  1650  1700 I jxcore-log: 
02-09 11:56:04.300  1650  1700 I jxcore-log: 2017-02-09 08:56:04 - DEBUG createPeerListener: 'Issuing callNative for BC:75:74:3A:BD:0F'
02-09 11:56:04.300  1650  1700 I jxcore-log: 
02-09 11:56:04.302  1650  1700 D io.jxcore.node.JXcoreExtension: connect: BC:75:74:3A:BD:0F
02-09 11:56:04.303  1650  1700 I io.jxcore.node.ConnectionHelper: connect: Trying to connect to peer with ID BC:75:74:3A:BD:0F
02-09 11:56:04.303  1650  1700 I io.jxcore.node.ConnectionHelper: connect: We already have an incoming connection to peer with ID BC:75:74:3A:BD:0F, but will connect anyway...
02-09 11:56:04.303  1650  1700 I org.thaliproject.p2p.btconnectorlib.ConnectionManager: connect: [BC:75:74:3A:BD:0F 6]
02-09 11:56:04.304  1650  1700 I org.thaliproject.p2p.btconnectorlib.internal.bluetooth.BluetoothConnector: connect: Trying to start connecting to Nexus 6P in address BC:75:74:3A:BD:0F
02-09 11:56:04.304  1650  1700 I org.thaliproject.p2p.btconnectorlib.internal.bluetooth.BluetoothClientThread: setInsecureRfcommSocketPortNumber: Using port -1
02-09 11:56:04.304  1650  1700 I org.thaliproject.p2p.btconnectorlib.internal.bluetooth.BluetoothClientThread: setMaxNumberOfRetries: 0
02-09 11:56:04.304  1650  1700 I org.thaliproject.p2p.btconnectorlib.ConnectionManager: onConnecting: Nexus 6P BC:75:74:3A:BD:0F
02-09 11:56:04.304  1650  1700 D org.thaliproject.p2p.btconnectorlib.internal.bluetooth.BluetoothConnector: connect: Started connecting to Nexus 6P in address BC:75:74:3A:BD:0F
02-09 11:56:04.304  1650  1700 I io.jxcore.node.ConnectionHelper: connect: Connection process successfully started (peer ID: BC:75:74:3A:BD:0F)
02-09 11:56:04.305  1650  1743 I org.thaliproject.p2p.btconnectorlib.internal.bluetooth.BluetoothClientThread: Trying to connect to peer with address BC:75:74:3A:BD:0F (thread ID: 932)
02-09 11:56:04.305  1650  1743 D org.thaliproject.p2p.btconnectorlib.internal.bluetooth.BluetoothClientThread: tryToConnect:  socketConnectSucceeded = false, mIsShuttingDown = false
02-09 11:56:04.305  1650  1743 D org.thaliproject.p2p.btconnectorlib.internal.bluetooth.BluetoothClientThread:  createSocketAndConnect: socket closed
02-09 11:56:04.305  1650  1743 D org.thaliproject.p2p.btconnectorlib.internal.bluetooth.BluetoothClientThread:  createSocketAndConnect: SYSTEM_DECIDED_INSECURE_RFCOMM_SOCKET_PORT
02-09 11:56:04.306  1650  1743 E org.thaliproject.p2p.btconnectorlib.internal.bluetooth.BluetoothClientThread:  createSocketAndConnect: connecting
02-09 11:56:04.306  1650  1743 W BluetoothAdapter: getBluetoothService() called with no BluetoothManagerCallback
02-09 11:56:04.306  1650  1700 I jxcore-log: 2017-02-09 08:56:04 - DEBUG thaliMobileNativeWrapper: 'Received peerAvailabilityChanged event from native layer [{"peerIdentifier":"24:00:BA:F9:9A:9F","generation":7,"peerAvailable":true}]'
02-09 11:56:04.306  1650  1700 I jxcore-log: 
02-09 11:56:04.307  1650  1700 I jxcore-log: 2017-02-09 08:56:04 - DEBUG thaliMobileNativeWrapper: 'Received peer availability changed event with {"peerIdentifier":"24:00:BA:F9:9A:9F","generation":7,"peerAvailable":true}'
02-09 11:56:04.307  1650  1700 I jxcore-log: 
02-09 11:56:04.309  1650  1700 I jxcore-log: 2017-02-09 08:56:04 - DEBUG createPeerListener: 'creating new server for 24:00:BA:F9:9A:9F'
02-09 11:56:04.309  1650  1700 I jxcore-log: 
02-09 11:56:04.310  1650  1700 I jxcore-log: 2017-02-09 08:56:04 - DEBUG createPeerListener: 'Node TCP/IP listener (server) for 24:00:BA:F9:9A:9F listening on 45962'
02-09 11:56:04.310  1650  1700 I jxcore-log: 
02-09 11:56:04.311  1650  1700 I jxcore-log: 2017-02-09 08:56:04 - DEBUG thaliMobileNativeWrapper: 'handlePeerAvailabilityChanged - Emitting {"peerIdentifier":"24:00:BA:F9:9A:9F","peerAvailable":true,"generation":7,"portNumber":45962}'
02-09 11:56:04.311  1650  1700 I jxcore-log: 
02-09 11:56:04.312  1650  1700 I jxcore-log: 2017-02-09 08:56:04 - DEBUG thaliMobile: 'Emitting peerAvailabilityChanged from handlePeer {"peerIdentifier":"24:00:BA:F9:9A:9F","connectionType":"AndroidBluetooth","peerAvailable":true,"generation":7,"newAddressPort":false}'
02-09 11:56:04.312  1650  1700 I jxcore-log: 
02-09 11:56:04.326  1650  1700 I jxcore-log: 2017-02-09 08:56:04 - DEBUG createPeerListener: 'Issuing callNative for 24:00:BA:F9:9A:9F'
02-09 11:56:04.326  1650  1700 I jxcore-log: 
02-09 11:56:04.329  1650  1700 D io.jxcore.node.JXcoreExtension: connect: 24:00:BA:F9:9A:9F
02-09 11:56:04.330  1650  1700 I io.jxcore.node.ConnectionHelper: connect: Trying to connect to peer with ID 24:00:BA:F9:9A:9F
02-09 11:56:04.330  1650  1700 I org.thaliproject.p2p.btconnectorlib.ConnectionManager: connect: [24:00:BA:F9:9A:9F 7]
02-09 11:56:04.331  1650  1700 I org.thaliproject.p2p.btconnectorlib.internal.bluetooth.BluetoothConnector: connect: Trying to start connecting to XYZ in address 24:00:BA:F9:9A:9F
02-09 11:56:04.331  1650  1700 I org.thaliproject.p2p.btconnectorlib.internal.bluetooth.BluetoothClientThread: setInsecureRfcommSocketPortNumber: Using port -1
02-09 11:56:04.331  1650  1700 I org.thaliproject.p2p.btconnectorlib.internal.bluetooth.BluetoothClientThread: setMaxNumberOfRetries: 0
02-09 11:56:04.331  1650  1700 I org.thaliproject.p2p.btconnectorlib.ConnectionManager: onConnecting: XYZ 24:00:BA:F9:9A:9F
02-09 11:56:04.332  1650  1700 D org.thaliproject.p2p.btconnectorlib.internal.bluetooth.BluetoothConnector: connect: Started connecting to XYZ in address 24:00:BA:F9:9A:9F
02-09 11:56:04.332  1650  1700 I io.jxcore.node.ConnectionHelper: connect: Connection process successfully started (peer ID: 24:00:BA:F9:9A:9F)
02-09 11:56:04.332  1650  1744 I org.thaliproject.p2p.btconnectorlib.internal.bluetooth.BluetoothClientThread: Trying to connect to peer with address 24:00:BA:F9:9A:9F (thread ID: 933)
02-09 11:56:04.332  1650  1744 D org.thaliproject.p2p.btconnectorlib.internal.bluetooth.BluetoothClientThread: tryToConnect:  socketConnectSucceeded = false, mIsShuttingDown = false
02-09 11:56:04.332  1650  1744 D org.thaliproject.p2p.btconnectorlib.internal.bluetooth.BluetoothClientThread:  createSocketAndConnect: socket closed
02-09 11:56:04.332  1650  1744 D org.thaliproject.p2p.btconnectorlib.internal.bluetooth.BluetoothClientThread:  createSocketAndConnect: SYSTEM_DECIDED_INSECURE_RFCOMM_SOCKET_PORT
02-09 11:56:04.333  1650  1744 E org.thaliproject.p2p.btconnectorlib.internal.bluetooth.BluetoothClientThread:  createSocketAndConnect: connecting
02-09 11:56:04.333  1650  1744 W BluetoothAdapter: getBluetoothService() called with no BluetoothManagerCallback
